>> Database Image ID: 9

/home/zhumengfan/firmware/firmwares/0f9f39688d2b1e9323355aad90f94f536dab154b.zip
>> MD5: 724dd17621012d0467f0d216d01d6a21
>> Tag: 9
>> Temp: /tmp/tmp2UiwZb
>> Status: Kernel: True, Rootfs: False, Do_Kernel: False,                 Do_Rootfs: True
>>>> Zip archive data, at least v2.0 to extract, compressed size: 20391877, uncompressed size: 20831152, name: TX-VG1530V1_20131125_Rel60227_UP.bin
>> Recursing into archive ...
	
/tmp/tmp2UiwZb/_0f9f39688d2b1e9323355aad90f94f536dab154b.zip.extracted/TX-VG1530V1_20131125_Rel60227_UP.bin
	>> MD5: 7fd9da6431e54884355bae0cdd6683f4
	>> Tag: 9
	>> Temp: /tmp/tmpvqMExv
	>> Status: Kernel: True, Rootfs: False, Do_Kernel: False,                 Do_Rootfs: True
	>>>> YAFFS filesystem
	>>>> Found Linux filesystem in /tmp/tmpvqMExv/_TX-VG1530V1_20131125_Rel60227_UP.bin.extracted/squashfs-root!
	>> Skipping: completed!
	>> Cleaning up /tmp/tmpvqMExv...
>> Skipping: completed!
>> Cleaning up /tmp/tmp2UiwZb...
./bin/busybox: armel
Traceback (most recent call last):
  File "/home/zhumengfan/firmadyne/scripts/tar2db.py", line 100, in <module>
    main()
  File "/home/zhumengfan/firmadyne/scripts/tar2db.py", line 97, in main
    process(iid, infile)
  File "/home/zhumengfan/firmadyne/scripts/tar2db.py", line 77, in process
    insertObjectToImage(iid, file2oid, links, cur)
  File "/home/zhumengfan/firmadyne/scripts/tar2db.py", line 57, in insertObjectToImage
    for x in files2oids])
psycopg2.IntegrityError: duplicate key value violates unique constraint "object_to_image_oid_iid_filename_key"
DETAIL:  Key (oid, iid, filename)=(3873, 9, /usr/bin/pgrep) already exists.

Querying database for architecture... armel
----Running----
----Copying Filesystem Tarball----
----Creating QEMU Image----
Formatting '/home/zhumengfan/firmadyne//scratch//9//image.raw', fmt=raw size=1073741824
----Creating Partition Table----

Welcome to fdisk (util-linux 2.27.1).
Changes will remain in memory only, until you decide to write them.
Be careful before using the write command.

Device does not contain a recognized partition table.
Created a new DOS disklabel with disk identifier 0xa444e1a1.

Command (m for help): Created a new DOS disklabel with disk identifier 0xd307ecac.

Command (m for help): Partition type
   p   primary (0 primary, 0 extended, 4 free)
   e   extended (container for logical partitions)
Select (default p): Partition number (1-4, default 1): First sector (2048-2097151, default 2048): Last sector, +sectors or +size{K,M,G,T,P} (2048-2097151, default 2097151): 
Created a new partition 1 of type 'Linux' and of size 1023 MiB.

Command (m for help): The partition table has been altered.
Syncing disks.

----Mounting QEMU Image----
add map loop0p1 (252:0): 0 2095104 linear 7:0 2048
----Creating Filesystem----
mke2fs 1.42.13 (17-May-2015)
Discarding device blocks:   4096/261888             done                            
Creating filesystem with 261888 4k blocks and 65536 inodes
Filesystem UUID: 79be7240-ec65-4eac-a57f-f41851a06e0a
Superblock backups stored on blocks: 
	32768, 98304, 163840, 229376

Allocating group tables: 0/8   done                            
Writing inode tables: 0/8   done                            
Writing superblocks and filesystem accounting information: 0/8   done

----Making QEMU Image Mountpoint----
----Mounting QEMU Image Partition 1----
----Extracting Filesystem Tarball----
----Creating FIRMADYNE Directories----
----Patching Filesystem (chroot)----
Creating /etc/TZ!
Creating /etc/passwd!
Warning: Recreating device nodes!
Removing /etc/scripts/sys_resetbutton!
----Setting up FIRMADYNE----
----Unmounting QEMU Image----
loop deleted : /dev/loop0
Querying database for architecture... armel
Running firmware 9: terminating after 60 secs...
qemu-system-arm: terminating on signal 2 from pid 44309 (timeout)
Inferring network...
Interfaces: [('br0', '192.168.1.1')]
Done!
[    0.000000] Booting Linux on physical CPU 0x0
[    0.000000] Linux version 4.1.17+ (vagrant@vagrant-ubuntu-trusty-64) (gcc version 5.3.0 (GCC) ) #1 Thu Feb 18 01:05:21 UTC 2016
[    0.000000] CPU: ARMv7 Processor [412fc0f1] revision 1 (ARMv7), cr=10c5387d
[    0.000000] CPU: PIPT / VIPT nonaliasing data cache, PIPT instruction cache
[    0.000000] Machine model: linux,dummy-virt
[    0.000000] debug: ignoring loglevel setting.
[    0.000000] Memory policy: Data cache writeback
[    0.000000] On node 0 totalpages: 65536
[    0.000000] free_area_init_node: node 0, pgdat c061dfe8, node_mem_map cfdf9000
[    0.000000]   Normal zone: 512 pages used for memmap
[    0.000000]   Normal zone: 0 pages reserved
[    0.000000]   Normal zone: 65536 pages, LIFO batch:15
[    0.000000] psci: probing for conduit method from DT.
[    0.000000] psci: PSCIv0.2 detected in firmware.
[    0.000000] psci: Using standard PSCI v0.2 function IDs
[    0.000000] CPU: All CPU(s) started in SVC mode.
[    0.000000] pcpu-alloc: s0 r0 d32768 u32768 alloc=1*32768
[    0.000000] pcpu-alloc: [0] 0 
[    0.000000] Built 1 zonelists in Zone order, mobility grouping on.  Total pages: 65024
[    0.000000] Kernel command line: firmadyne.syscall=1 root=/dev/vda1 console=ttyS0 nandsim.parts=64,64,64,64,64,64,64,64,64,64 rdinit=/firmadyne/preInit.sh rw debug ignore_loglevel print-fatal-signals=1 user_debug=31
[    0.000000] PID hash table entries: 1024 (order: 0, 4096 bytes)
[    0.000000] Dentry cache hash table entries: 32768 (order: 5, 131072 bytes)
[    0.000000] Inode-cache hash table entries: 16384 (order: 4, 65536 bytes)
[    0.000000] Memory: 253340K/262144K available (4297K kernel code, 170K rwdata, 1584K rodata, 180K init, 148K bss, 8804K reserved, 0K cma-reserved)
[    0.000000] Virtual kernel memory layout:
[    0.000000]     vector  : 0xffff0000 - 0xffff1000   (   4 kB)
[    0.000000]     fixmap  : 0xffc00000 - 0xfff00000   (3072 kB)
[    0.000000]     vmalloc : 0xd0800000 - 0xff000000   ( 744 MB)
[    0.000000]     lowmem  : 0xc0000000 - 0xd0000000   ( 256 MB)
[    0.000000]     modules : 0xbf000000 - 0xc0000000   (  16 MB)
[    0.000000]       .text : 0xc0008000 - 0xc05c67bc   (5882 kB)
[    0.000000]       .init : 0xc05c7000 - 0xc05f4000   ( 180 kB)
[    0.000000]       .data : 0xc05f4000 - 0xc061e840   ( 171 kB)
[    0.000000]        .bss : 0xc0621000 - 0xc06462d4   ( 149 kB)
[    0.000000] NR_IRQS:16 nr_irqs:16 16
[    0.000000] Architected cp15 timer(s) running at 62.50MHz (virt).
[    0.000000] clocksource arch_sys_counter: mask: 0xffffffffffffff max_cycles: 0x1cd42e208c, max_idle_ns: 881590405314 ns
[    0.000161] sched_clock: 56 bits at 62MHz, resolution 16ns, wraps every 4398046511096ns
[    0.000301] Switching to timer-based delay loop, resolution 16ns
[    0.004234] Console: colour dummy device 80x30
[    0.004901] Calibrating delay loop (skipped), value calculated using timer frequency.. 125.00 BogoMIPS (lpj=625000)
[    0.005150] pid_max: default: 32768 minimum: 301
[    0.006886] Mount-cache hash table entries: 1024 (order: 0, 4096 bytes)
[    0.006952] Mountpoint-cache hash table entries: 1024 (order: 0, 4096 bytes)
[    0.024171] CPU: Testing write buffer coherency: ok
[    0.035302] Setting up static identity map for 0x40008240 - 0x40008298
[    0.050870] VFP support v0.3: implementor 41 architecture 4 part 30 variant f rev 0
[    0.062828] clocksource jiffies: mask: 0xffffffff max_cycles: 0xffffffff, max_idle_ns: 19112604462750000 ns
[    0.072039] NET: Registered protocol family 16
[    0.075206] DMA: preallocated 256 KiB pool for atomic coherent allocations
[    0.079448] cpuidle: using governor ladder
[    0.079612] cpuidle: using governor menu
[    0.100373] Serial: AMBA PL011 UART driver
[    0.102588] 9000000.pl011: ttyS0 at MMIO 0x9000000 (irq = 54, base_baud = 0) is a PL011 rev1
[    0.110329] console [ttyS0] enabled
[    0.132861] vgaarb: loaded
[    0.134416] SCSI subsystem initialized
[    0.135477] usbcore: registered new interface driver usbfs
[    0.135833] usbcore: registered new interface driver hub
[    0.136155] usbcore: registered new device driver usb
[    0.145416] cfg80211: Calling CRDA to update world regulatory domain
[    0.147909] Switched to clocksource arch_sys_counter
[    0.165759] NET: Registered protocol family 2
[    0.171184] TCP established hash table entries: 2048 (order: 1, 8192 bytes)
[    0.171468] TCP bind hash table entries: 2048 (order: 1, 8192 bytes)
[    0.171777] TCP: Hash tables configured (established 2048 bind 2048)
[    0.172319] UDP hash table entries: 256 (order: 0, 4096 bytes)
[    0.172576] UDP-Lite hash table entries: 256 (order: 0, 4096 bytes)
[    0.174035] NET: Registered protocol family 1
[    0.174492] PCI: CLS 0 bytes, default 64
[    0.181819] NetWinder Floating Point Emulator V0.97 (extended precision)
[    0.184538] futex hash table entries: 256 (order: -1, 3072 bytes)
[    0.190177] squashfs: version 4.0 (2009/01/31) Phillip Lougher
[    0.191214] jffs2: version 2.2. (NAND) Â© 2001-2006 Red Hat, Inc.
[    0.191992] romfs: ROMFS MTD (C) 2007 Red Hat, Inc.
[    0.201087] Block layer SCSI generic (bsg) driver version 0.4 loaded (major 253)
[    0.201439] io scheduler noop registered
[    0.201667] io scheduler cfq registered (default)
[    0.202344] firmadyne: devfs: 1, execute: 1, procfs: 1, syscall: 1
[    0.203658] ------------[ cut here ]------------
[    0.203857] WARNING: CPU: 0 PID: 1 at /home/vagrant/firmadyne-kernel/kernel-v4.1/fs/sysfs/dir.c:31 sysfs_warn_dup+0x50/0x6c()
[    0.204085] sysfs: cannot create duplicate filename '/class/gpio'
[    0.204245] Modules linked in:
[    0.204556] CPU: 0 PID: 1 Comm: swapper Not tainted 4.1.17+ #1
[    0.204693] Hardware name: Generic DT based system
[    0.205386] [<c001c99c>] (unwind_backtrace) from [<c0019d30>] (show_stack+0x10/0x14)
[    0.205661] [<c0019d30>] (show_stack) from [<c0024ab4>] (warn_slowpath_common+0x80/0xa8)
[    0.205862] [<c0024ab4>] (warn_slowpath_common) from [<c0024b08>] (warn_slowpath_fmt+0x2c/0x3c)
[    0.206099] [<c0024b08>] (warn_slowpath_fmt) from [<c00e363c>] (sysfs_warn_dup+0x50/0x6c)
[    0.206276] [<c00e363c>] (sysfs_warn_dup) from [<c00e3714>] (sysfs_create_dir_ns+0x74/0x84)
[    0.206455] [<c00e3714>] (sysfs_create_dir_ns) from [<c018e6ac>] (kobject_add_internal+0xb8/0x2ac)
[    0.206642] [<c018e6ac>] (kobject_add_internal) from [<c018e9a8>] (kset_register+0x1c/0x44)
[    0.206819] [<c018e9a8>] (kset_register) from [<c02090b4>] (__class_register+0xa8/0x198)
[    0.206992] [<c02090b4>] (__class_register) from [<c02091e4>] (__class_create+0x40/0x70)
[    0.207164] [<c02091e4>] (__class_create) from [<c01adf68>] (register_devfs_stubs+0x314/0xbb4)
[    0.207346] [<c01adf68>] (register_devfs_stubs) from [<c05d9b08>] (init_module+0x28/0xa4)
[    0.207549] [<c05d9b08>] (init_module) from [<c0009670>] (do_one_initcall+0x104/0x1b4)
[    0.207918] [<c0009670>] (do_one_initcall) from [<c05c7d08>] (kernel_init_freeable+0xf0/0x1b0)
[    0.208110] [<c05c7d08>] (kernel_init_freeable) from [<c040f28c>] (kernel_init+0x8/0xe4)
[    0.208278] [<c040f28c>] (kernel_init) from [<c0016da8>] (ret_from_fork+0x14/0x2c)
[    0.208542] ---[ end trace 57b0b87af37b1750 ]---
[    0.208736] ------------[ cut here ]------------
[    0.208850] WARNING: CPU: 0 PID: 1 at /home/vagrant/firmadyne-kernel/kernel-v4.1/lib/kobject.c:240 kobject_add_internal+0x240/0x2ac()
[    0.209086] kobject_add_internal failed for gpio with -EEXIST, don't try to register things with the same name in the same directory.
[    0.209303] Modules linked in:
[    0.209453] CPU: 0 PID: 1 Comm: swapper Tainted: G        W       4.1.17+ #1
[    0.209591] Hardware name: Generic DT based system
[    0.209710] [<c001c99c>] (unwind_backtrace) from [<c0019d30>] (show_stack+0x10/0x14)
[    0.209874] [<c0019d30>] (show_stack) from [<c0024ab4>] (warn_slowpath_common+0x80/0xa8)
[    0.210047] [<c0024ab4>] (warn_slowpath_common) from [<c0024b08>] (warn_slowpath_fmt+0x2c/0x3c)
[    0.210227] [<c0024b08>] (warn_slowpath_fmt) from [<c018e834>] (kobject_add_internal+0x240/0x2ac)
[    0.210423] [<c018e834>] (kobject_add_internal) from [<c018e9a8>] (kset_register+0x1c/0x44)
[    0.210595] [<c018e9a8>] (kset_register) from [<c02090b4>] (__class_register+0xa8/0x198)
[    0.210765] [<c02090b4>] (__class_register) from [<c02091e4>] (__class_create+0x40/0x70)
[    0.210934] [<c02091e4>] (__class_create) from [<c01adf68>] (register_devfs_stubs+0x314/0xbb4)
[    0.211116] [<c01adf68>] (register_devfs_stubs) from [<c05d9b08>] (init_module+0x28/0xa4)
[    0.211288] [<c05d9b08>] (init_module) from [<c0009670>] (do_one_initcall+0x104/0x1b4)
[    0.211455] [<c0009670>] (do_one_initcall) from [<c05c7d08>] (kernel_init_freeable+0xf0/0x1b0)
[    0.211635] [<c05c7d08>] (kernel_init_freeable) from [<c040f28c>] (kernel_init+0x8/0xe4)
[    0.211800] [<c040f28c>] (kernel_init) from [<c0016da8>] (ret_from_fork+0x14/0x2c)
[    0.211965] ---[ end trace 57b0b87af37b1751 ]---
[    0.212128] firmadyne: Cannot create device class: gpio!
[    0.213875] firmadyne: Cannot register character device: watchdog, 0xa, 0x82!
[    0.214053] firmadyne: Cannot register character device: wdt, 0xfd, 0x0!
[    0.297004] PCI host bridge /pcie@10000000 ranges:
[    0.297749]    IO 0x3eff0000..0x3effffff -> 0x00000000
[    0.298126]   MEM 0x10000000..0x3efeffff -> 0x10000000
[    0.298258]   MEM 0x8000000000..0xffffffffff -> 0x8000000000
[    0.298921] pci-host-generic 3f000000.pcie: resource collision: [mem 0x00000000-0xffffffff] conflicts with /pl011@9000000 [mem 0x09000000-0x09000fff]
[    0.299629] pci-host-generic: probe of 3f000000.pcie failed with error -16
[    0.311229] Non-volatile memory driver v1.3
[    0.334303] brd: module loaded
[    0.344470] loop: module loaded
[    0.356994]  vda: vda1
[    0.369456] 0.flash: Found 2 x16 devices at 0x0 in 32-bit bank. Manufacturer ID 0x000000 Chip ID 0x000000
[    0.370120] Intel/Sharp Extended Query Table at 0x0031
[    0.371292] Using buffer write method
[    0.371711] erase region 0: offset=0x0,size=0x40000,blocks=256
[    0.379158] 0.flash: Found 2 x16 devices at 0x0 in 32-bit bank. Manufacturer ID 0x000000 Chip ID 0x000000
[    0.379422] Intel/Sharp Extended Query Table at 0x0031
[    0.380242] Using buffer write method
[    0.380361] erase region 0: offset=0x0,size=0x40000,blocks=256
[    0.380578] Concatenating MTD devices:
[    0.380683] (0): "0.flash"
[    0.380757] (1): "0.flash"
[    0.380825] into device "0.flash"
[    0.393425] [nandsim] warning: read_byte: unexpected data output cycle, state is STATE_READY return 0x0
[    0.393672] [nandsim] warning: read_byte: unexpected data output cycle, state is STATE_READY return 0x0
[    0.393866] [nandsim] warning: read_byte: unexpected data output cycle, state is STATE_READY return 0x0
[    0.394033] [nandsim] warning: read_byte: unexpected data output cycle, state is STATE_READY return 0x0
[    0.394218] [nandsim] warning: read_byte: unexpected data output cycle, state is STATE_READY return 0x0
[    0.394390] [nandsim] warning: read_byte: unexpected data output cycle, state is STATE_READY return 0x0
[    0.394836] nand: device found, Manufacturer ID: 0x98, Chip ID: 0x39
[    0.394985] nand: Toshiba NAND 128MiB 1,8V 8-bit
[    0.395111] nand: 128 MiB, SLC, erase size: 16 KiB, page size: 512, OOB size: 16
[    0.396012] flash size: 128 MiB
[    0.396094] page size: 512 bytes
[    0.396166] OOB area size: 16 bytes
[    0.396243] sector size: 16 KiB
[    0.396331] pages number: 262144
[    0.396404] pages per sector: 32
[    0.396478] bus width: 8
[    0.396539] bits in sector size: 14
[    0.396617] bits in page size: 9
[    0.396697] bits in OOB size: 4
[    0.396775] flash size with OOB: 135168 KiB
[    0.396905] page address bytes: 4
[    0.396984] sector address bytes: 3
[    0.397063] options: 0x42
[    0.401669] Scanning device for bad blocks
[    0.513908] firmadyne: do_execve: /firmadyne/console
[    0.514138] OFFSETS: offset of pid: 0x190 offset of comm: 0x270
[    0.514605] Creating 11 MTD partitions on "NAND 128MiB 1,8V 8-bit":
[    0.515037] 0x000000000000-0x000000100000 : "NAND simulator partition 0"
[    0.517426] 0x000000100000-0x000000200000 : "NAND simulator partition 1"
[    0.519048] 0x000000200000-0x000000300000 : "NAND simulator partition 2"
[    0.520510] 0x000000300000-0x000000400000 : "NAND simulator partition 3"
[    0.522022] 0x000000400000-0x000000500000 : "NAND simulator partition 4"
[    0.523451] 0x000000500000-0x000000600000 : "NAND simulator partition 5"
[    0.524933] 0x000000600000-0x000000700000 : "NAND simulator partition 6"
[    0.526601] 0x000000700000-0x000000800000 : "NAND simulator partition 7"
[    0.528140] 0x000000800000-0x000000900000 : "NAND simulator partition 8"
[    0.529561] 0x000000900000-0x000000a00000 : "NAND simulator partition 9"
[    0.530987] 0x000000a00000-0x000008000000 : "NAND simulator partition 10"
[    0.536686] tun: Universal TUN/TAP device driver, 1.6
[    0.536845] tun: (C) 1999-2004 Max Krasnyansky <maxk@qualcomm.com>
[    0.549098] PPP generic driver version 2.4.2
[    0.549875] PPP BSD Compression module registered
[    0.550059] PPP Deflate Compression module registered
[    0.550297] PPP MPPE Compression module registered
[    0.550433] NET: Registered protocol family 24
[    0.550750] PPTP driver version 0.8.5
[    0.552422] usbcore: registered new interface driver usb-storage
[    0.555897] rtc-pl031 9010000.pl031: rtc core: registered pl031 as rtc0
[    0.556658] hidraw: raw HID events driver (C) Jiri Kosina
[    0.557273] usbcore: registered new interface driver usbhid
[    0.557437] usbhid: USB HID core driver
[    0.558074] Netfilter messages via NETLINK v0.30.
[    0.558756] nf_conntrack version 0.5.0 (3958 buckets, 15832 max)
[    0.560189] ctnetlink v0.93: registering with nfnetlink.
[    0.561644] ipip: IPv4 over IPv4 tunneling driver
[    0.563918] gre: GRE over IPv4 demultiplexor driver
[    0.564070] ip_gre: GRE over IPv4 tunneling driver
[    0.569087] ip_tables: (C) 2000-2006 Netfilter Core Team
[    0.570882] arp_tables: (C) 2002 David S. Miller
[    0.572037] Initializing XFRM netlink socket
[    0.572570] NET: Registered protocol family 10
[    0.580184] ip6_tables: (C) 2000-2006 Netfilter Core Team
[    0.582079] sit: IPv6 over IPv4 tunneling driver
[    0.586144] NET: Registered protocol family 17
[    0.586854] bridge: automatic filtering via arp/ip/ip6tables has been deprecated. Update your scripts to load br_netfilter if you need this.
[    0.587176] Bridge firewalling registered
[    0.587347] Ebtables v2.0 registered
[    0.588819] 8021q: 802.1Q VLAN Support v1.8
[    0.589544] Registering SWP/SWPB emulation handler
[    0.592390] rtc-pl031 9010000.pl031: setting system clock to 2018-07-19 08:06:00 UTC (1531987560)
[    0.603181] EXT4-fs (vda1): couldn't mount as ext3 due to feature incompatibilities
[    0.604981] EXT4-fs (vda1): mounting ext2 file system using the ext4 subsystem
[    0.616441] EXT4-fs (vda1): mounted filesystem without journal. Opts: (null)
[    0.617724] VFS: Mounted root (ext2 filesystem) on device 254:1.
[    0.635631] Freeing unused kernel memory: 180K (c05c7000 - c05f4000)
[    0.688687] firmadyne: sys_reboot[PID: 1 (init)]: magic1:fee1dead, magic2:28121969, cmd:0
[    0.708709] firmadyne: sys_socket[PID: 54 (init)]: family:1, type:2, protocol:0
[    0.710655] firmadyne: sys_socket[PID: 54 (init)]: family:1, type:1, protocol:0
[    0.730862] firmadyne: sys_socket[PID: 55 (init)]: family:1, type:2, protocol:0
[    0.731254] firmadyne: sys_socket[PID: 55 (init)]: family:1, type:1, protocol:0
[    0.744173] firmadyne: sys_socket[PID: 56 (init)]: family:1, type:2, protocol:0
[    0.744565] firmadyne: sys_socket[PID: 56 (init)]: family:1, type:1, protocol:0
[    0.772145] firmadyne: sys_socket[PID: 57 (init)]: family:1, type:2, protocol:0
[    0.772560] firmadyne: sys_socket[PID: 57 (init)]: family:1, type:1, protocol:0
[    0.786870] firmadyne: sys_socket[PID: 58 (init)]: family:1, type:2, protocol:0
[    0.787325] firmadyne: sys_socket[PID: 58 (init)]: family:1, type:1, protocol:0
[    0.796668] firmadyne: sys_socket[PID: 58 (ifconfig)]: family:2, type:2, protocol:0
[    0.799242] firmadyne: __inet_insert_ifa[PID: 58 (ifconfig)]: device:lo ifa:0x0100007f
[    0.802571] firmadyne: __inet_insert_ifa[PID: 58 (ifconfig)]: device:lo ifa:0x0100007f
[    0.810197] firmadyne: sys_socket[PID: 59 (init)]: family:1, type:2, protocol:0
[    0.810578] firmadyne: sys_socket[PID: 59 (init)]: family:1, type:1, protocol:0
[    0.820919] firmadyne: sys_socket[PID: 59 (route)]: family:2, type:2, protocol:0
[    0.823433] firmadyne: sys_socket[PID: 60 (init)]: family:1, type:2, protocol:0
[    0.823784] firmadyne: sys_socket[PID: 60 (init)]: family:1, type:1, protocol:0
[    0.843627] firmadyne: sys_socket[PID: 61 (init)]: family:1, type:2, protocol:0
[    0.844032] firmadyne: sys_socket[PID: 61 (init)]: family:1, type:1, protocol:0
insmod...
insmod done
mount: mounting usbfs on /proc/bus/usb/ failed: No such file or directory
mount: mounting sysfs on /sys failed: Device or resource busy
data config...
/dev/mem opened.
Memory mapped at address 0xb6ff7000.
Value at address 0xF10D0050 (0xb6ff7050): 0x0
Written 0x0; readback 0x0
/dev/mem opened.
Memory mapped at address 0xb6ffc000.
Value at address 0xF10C802C (0xb6ffc02c): 0x0
Written 0x3FFFFFF; readback 0x0
/dev/mem opened.
Memory mapped at address 0xb6fe4000.
Value at address 0xF10C8030 (0xb6fe4030): 0x0
Written 0x3FFFFFF; readback 0x0
/dev/mem opened.
Memory mapped at address 0xb6f3c000.
Value at address 0xF10C8034 (0xb6f3c034): 0x0
Written 0x3FFFFFF; readback 0x0
/dev/mem opened.
Memory mapped at address 0xb6fdb000.
Value at address 0xF10C8038 (0xb6fdb038): 0x0
Written 0x3FFFFFF; readback 0x0
/dev/mem opened.
Memory mapped at address 0xb6fc5000.
Value at address 0xF10C8000 (0xb6fc5000): 0x0
Written 0x377777; readback 0x0
/etc/init.d/rcS: cd: line 108: can't cd to /sys/devices/platform/neta/gbe
/dev/mem opened.
Memory mapped at address 0xb6fb6000.
Value at address 0xF1072E34 (0xb6fb6e34): 0x0
Written 0xBCE; readback 0x0
data config done
network config...
cat: can't open '/sys/devices/platform/neta/gbe/pon_if_name': No such file or directory
[    1.297421] firmadyne: sys_socket[PID: 90 (ip)]: family:16, type:3, protocol:0
[    1.298127] firmadyne: sys_setsockopt[PID: 90 (ip)]: fd:3, level:1, optname:7
[    1.298535] firmadyne: sys_setsockopt[PID: 90 (ip)]: fd:3, level:1, optname:8
Error: either "dev" is duplicate, or "pon0" is a garbage.
START
[    2.374310] firmadyne: sys_socket[PID: 94 (voip_server)]: family:1, type:1, protocol:0
[    3.289543] cfg80211: Calling CRDA to update world regulatory domain
[    3.447082] firmadyne: sys_socket[PID: 102 (igmpd)]: family:2, type:3, protocol:2
[    3.447479] firmadyne: sys_setsockopt[PID: 102 (igmpd)]: fd:3, level:0, optname:8
[    3.448100] firmadyne: sys_setsockopt[PID: 102 (igmpd)]: fd:3, level:0, optname:4
[    3.448594] firmadyne: sys_setsockopt[PID: 102 (igmpd)]: fd:3, level:0, optname:33
[    3.448825] firmadyne: sys_setsockopt[PID: 102 (igmpd)]: fd:3, level:0, optname:34
[    3.449047] firmadyne: sys_setsockopt[PID: 102 (igmpd)]: fd:3, level:0, optname:200
[    3.449913] firmadyne: sys_socket[PID: 102 (igmpd)]: family:1, type:2, protocol:0
[    3.525001] firmadyne: sys_socket[PID: 108 (iptables)]: family:2, type:3, protocol:255
[    3.529216] firmadyne: sys_setsockopt[PID: 108 (iptables)]: fd:3, level:0, optname:64
[    3.530149] firmadyne: sys_setsockopt[PID: 108 (iptables)]: fd:3, level:0, optname:65
[    3.543177] firmadyne: sys_socket[PID: 109 (iptables)]: family:2, type:3, protocol:255
[    3.556263] firmadyne: sys_socket[PID: 110 (iptables)]: family:2, type:3, protocol:255
[    3.571409] firmadyne: sys_socket[PID: 110 (iptables)]: family:2, type:3, protocol:255
iptables v1.4.17: can't initialize iptables table `nat': Table does not exist (do you need to insmod?)
Perhaps iptables or your kernel needs to be upgraded.
[    3.599181] firmadyne: sys_socket[PID: 115 (iptables)]: family:2, type:3, protocol:255
[    3.609546] firmadyne: sys_socket[PID: 115 (iptables)]: family:2, type:3, protocol:255
iptables v1.4.17: can't initialize iptables table `nat': Table does not exist (do you need to insmod?)
Perhaps iptables or your kernel needs to be upgraded.
[    3.632064] firmadyne: sys_socket[PID: 120 (iptables)]: family:2, type:3, protocol:255
[    3.634013] firmadyne: sys_setsockopt[PID: 120 (iptables)]: fd:3, level:0, optname:64
[    3.634389] firmadyne: sys_setsockopt[PID: 120 (iptables)]: fd:3, level:0, optname:65
[    3.651653] firmadyne: sys_socket[PID: 121 (iptables)]: family:2, type:3, protocol:255
[    3.653020] firmadyne: sys_setsockopt[PID: 121 (iptables)]: fd:3, level:0, optname:64
[    3.653368] firmadyne: sys_setsockopt[PID: 121 (iptables)]: fd:3, level:0, optname:65
[    3.665556] firmadyne: sys_socket[PID: 122 (iptables)]: family:2, type:3, protocol:255
[    3.667418] firmadyne: sys_setsockopt[PID: 122 (iptables)]: fd:3, level:0, optname:64
[    3.667958] firmadyne: sys_setsockopt[PID: 122 (iptables)]: fd:3, level:0, optname:65
[    3.680415] firmadyne: sys_socket[PID: 123 (iptables)]: family:2, type:3, protocol:255
[    3.694413] firmadyne: sys_socket[PID: 123 (iptables)]: family:2, type:3, protocol:255
iptables v1.4.17: can't initialize iptables table `nat': Table does not exist (do you need to insmod?)
Perhaps iptables or your kernel needs to be upgraded.
[    3.721945] firmadyne: sys_socket[PID: 128 (iptables)]: family:2, type:3, protocol:255
[    3.727277] firmadyne: sys_socket[PID: 128 (iptables)]: family:2, type:3, protocol:255
iptables v1.4.17: can't initialize iptables table `nat': Table does not exist (do you need to insmod?)
Perhaps iptables or your kernel needs to be upgraded.
[    3.754436] firmadyne: sys_socket[PID: 133 (iptables)]: family:2, type:3, protocol:255
[    3.766173] firmadyne: sys_socket[PID: 133 (iptables)]: family:2, type:3, protocol:255
iptables v1.4.17: can't initialize iptables table `nat': Table does not exist (do you need to insmod?)
Perhaps iptables or your kernel needs to be upgraded.
[    3.816274] firmadyne: sys_socket[PID: 139 (iptables)]: family:2, type:3, protocol:255
[    3.818832] firmadyne: sys_setsockopt[PID: 139 (iptables)]: fd:3, level:0, optname:64
[    3.819397] firmadyne: sys_setsockopt[PID: 139 (iptables)]: fd:3, level:0, optname:65
[    3.831216] firmadyne: sys_socket[PID: 140 (iptables)]: family:2, type:3, protocol:255
[    3.865129] firmadyne: sys_socket[PID: 141 (iptables)]: family:2, type:3, protocol:255
[    4.684554] firmadyne: sys_socket[PID: 141 (iptables)]: family:2, type:3, protocol:255
iptables v1.4.17: can't initialize iptables table `nat': Table does not exist (do you need to insmod?)
Perhaps iptables or your kernel needs to be upgraded.
[    4.711775] firmadyne: sys_socket[PID: 146 (iptables)]: family:2, type:3, protocol:255
[    4.729565] firmadyne: sys_socket[PID: 146 (iptables)]: family:2, type:3, protocol:255
iptables v1.4.17: can't initialize iptables table `nat': Table does not exist (do you need to insmod?)
Perhaps iptables or your kernel needs to be upgraded.
[    4.753112] firmadyne: sys_socket[PID: 151 (iptables)]: family:2, type:3, protocol:255
[    4.754981] firmadyne: sys_setsockopt[PID: 151 (iptables)]: fd:3, level:0, optname:64
[    4.755370] firmadyne: sys_setsockopt[PID: 151 (iptables)]: fd:3, level:0, optname:65
[    4.767385] firmadyne: sys_socket[PID: 152 (iptables)]: family:2, type:3, protocol:255
[    4.769371] firmadyne: sys_setsockopt[PID: 152 (iptables)]: fd:3, level:0, optname:64
[    4.769711] firmadyne: sys_setsockopt[PID: 152 (iptables)]: fd:3, level:0, optname:65
[    4.781907] firmadyne: sys_socket[PID: 153 (iptables)]: family:2, type:3, protocol:255
[    4.783689] firmadyne: sys_setsockopt[PID: 153 (iptables)]: fd:3, level:0, optname:64
[    4.784027] firmadyne: sys_setsockopt[PID: 153 (iptables)]: fd:3, level:0, optname:65
[    4.796207] firmadyne: sys_socket[PID: 154 (iptables)]: family:2, type:3, protocol:255
[    4.890593] firmadyne: sys_socket[PID: 154 (iptables)]: family:2, type:3, protocol:255
iptables v1.4.17: can't initialize iptables table `nat': Table does not exist (do you need to insmod?)
Perhaps iptables or your kernel needs to be upgraded.
[    4.914067] firmadyne: sys_socket[PID: 159 (iptables)]: family:2, type:3, protocol:255
[    4.928922] firmadyne: sys_socket[PID: 159 (iptables)]: family:2, type:3, protocol:255
iptables v1.4.17: can't initialize iptables table `nat': Table does not exist (do you need to insmod?)
Perhaps iptables or your kernel needs to be upgraded.
[    4.944100] firmadyne: sys_socket[PID: 164 (iptables)]: family:2, type:3, protocol:255
[    4.958976] firmadyne: sys_socket[PID: 164 (iptables)]: family:2, type:3, protocol:255
iptables v1.4.17: can't initialize iptables table `nat': Table does not exist (do you need to insmod?)
Perhaps iptables or your kernel needs to be upgraded.
[    4.986609] firmadyne: sys_socket[PID: 169 (iptables)]: family:2, type:3, protocol:255
[    4.988001] firmadyne: sys_setsockopt[PID: 169 (iptables)]: fd:3, level:0, optname:64
[    4.988403] firmadyne: sys_setsockopt[PID: 169 (iptables)]: fd:3, level:0, optname:65
[    4.997236] firmadyne: sys_socket[PID: 170 (iptables)]: family:2, type:3, protocol:255
[    4.999314] firmadyne: sys_setsockopt[PID: 170 (iptables)]: fd:3, level:0, optname:64
[    4.999690] firmadyne: sys_setsockopt[PID: 170 (iptables)]: fd:3, level:0, optname:65
[    5.012954] firmadyne: sys_socket[PID: 171 (iptables)]: family:2, type:3, protocol:255
[    5.014944] firmadyne: sys_setsockopt[PID: 171 (iptables)]: fd:3, level:0, optname:64
[    5.015382] firmadyne: sys_setsockopt[PID: 171 (iptables)]: fd:3, level:0, optname:65
[    5.029035] firmadyne: sys_socket[PID: 172 (iptables)]: family:2, type:3, protocol:255
[    5.042414] firmadyne: sys_socket[PID: 172 (iptables)]: family:2, type:3, protocol:255
iptables v1.4.17: can't initialize iptables table `nat': Table does not exist (do you need to insmod?)
Perhaps iptables or your kernel needs to be upgraded.
[    5.070002] firmadyne: sys_socket[PID: 177 (iptables)]: family:2, type:3, protocol:255
[    5.084825] firmadyne: sys_socket[PID: 177 (iptables)]: family:2, type:3, protocol:255
iptables v1.4.17: can't initialize iptables table `nat': Table does not exist (do you need to insmod?)
Perhaps iptables or your kernel needs to be upgraded.
[    5.110381] firmadyne: sys_socket[PID: 182 (iptables)]: family:2, type:3, protocol:255
[    5.121532] firmadyne: sys_socket[PID: 182 (iptables)]: family:2, type:3, protocol:255
iptables v1.4.17: can't initialize iptables table `nat': Table does not exist (do you need to insmod?)
Perhaps iptables or your kernel needs to be upgraded.
[    5.141015] firmadyne: sys_socket[PID: 187 (iptables)]: family:2, type:3, protocol:255
[    5.142446] firmadyne: sys_setsockopt[PID: 187 (iptables)]: fd:3, level:0, optname:64
[    5.142837] firmadyne: sys_setsockopt[PID: 187 (iptables)]: fd:3, level:0, optname:65
[    5.156637] firmadyne: sys_socket[PID: 188 (iptables)]: family:2, type:3, protocol:255
[    5.159410] firmadyne: sys_setsockopt[PID: 188 (iptables)]: fd:3, level:0, optname:64
[    5.159828] firmadyne: sys_setsockopt[PID: 188 (iptables)]: fd:3, level:0, optname:65
[    5.173329] firmadyne: sys_socket[PID: 189 (iptables)]: family:2, type:3, protocol:255
[    5.175480] firmadyne: sys_setsockopt[PID: 189 (iptables)]: fd:3, level:0, optname:64
[    5.175889] firmadyne: sys_setsockopt[PID: 189 (iptables)]: fd:3, level:0, optname:65
[    5.189241] firmadyne: sys_socket[PID: 190 (iptables)]: family:2, type:3, protocol:255
[    5.191262] firmadyne: sys_setsockopt[PID: 190 (iptables)]: fd:3, level:0, optname:64
[    5.191666] firmadyne: sys_setsockopt[PID: 190 (iptables)]: fd:3, level:0, optname:65
[    5.204743] firmadyne: sys_socket[PID: 191 (iptables)]: family:2, type:3, protocol:255
[    5.206885] firmadyne: sys_setsockopt[PID: 191 (iptables)]: fd:3, level:0, optname:64
[    5.207321] firmadyne: sys_setsockopt[PID: 191 (iptables)]: fd:3, level:0, optname:65
[    5.220959] firmadyne: sys_socket[PID: 192 (iptables)]: family:2, type:3, protocol:255
[    5.223109] firmadyne: sys_setsockopt[PID: 192 (iptables)]: fd:3, level:0, optname:64
[    5.223559] firmadyne: sys_setsockopt[PID: 192 (iptables)]: fd:3, level:0, optname:65
[    5.231146] firmadyne: sys_socket[PID: 193 (iptables)]: family:2, type:3, protocol:255
[    5.231977] firmadyne: sys_setsockopt[PID: 193 (iptables)]: fd:3, level:0, optname:64
[    5.232334] firmadyne: sys_setsockopt[PID: 193 (iptables)]: fd:3, level:0, optname:65
[    5.245525] firmadyne: sys_socket[PID: 194 (iptables)]: family:2, type:3, protocol:255
[    5.262291] firmadyne: sys_setsockopt[PID: 194 (iptables)]: fd:3, level:0, optname:64
[    5.265024] firmadyne: sys_setsockopt[PID: 194 (iptables)]: fd:3, level:0, optname:65
[    5.318140] firmadyne: sys_socket[PID: 195 (iptables)]: family:2, type:3, protocol:255
[    5.320201] firmadyne: sys_setsockopt[PID: 195 (iptables)]: fd:3, level:0, optname:64
[    5.320659] firmadyne: sys_setsockopt[PID: 195 (iptables)]: fd:3, level:0, optname:65
[    5.333494] firmadyne: sys_socket[PID: 196 (iptables)]: family:2, type:3, protocol:255
[    5.335569] firmadyne: sys_setsockopt[PID: 196 (iptables)]: fd:3, level:0, optname:64
[    5.335983] firmadyne: sys_setsockopt[PID: 196 (iptables)]: fd:3, level:0, optname:65
[    5.343320] firmadyne: sys_socket[PID: 197 (iptables)]: family:2, type:3, protocol:255
[    5.344117] firmadyne: sys_setsockopt[PID: 197 (iptables)]: fd:3, level:0, optname:64
[    5.344558] firmadyne: sys_setsockopt[PID: 197 (iptables)]: fd:3, level:0, optname:65
[    5.356817] firmadyne: sys_socket[PID: 198 (iptables)]: family:2, type:3, protocol:255
[    5.359111] firmadyne: sys_setsockopt[PID: 198 (iptables)]: fd:3, level:0, optname:64
[    5.359520] firmadyne: sys_setsockopt[PID: 198 (iptables)]: fd:3, level:0, optname:65
[    5.371967] firmadyne: sys_socket[PID: 199 (iptables)]: family:2, type:3, protocol:255
[    5.374162] firmadyne: sys_setsockopt[PID: 199 (iptables)]: fd:3, level:0, optname:64
[    5.374960] firmadyne: sys_setsockopt[PID: 199 (iptables)]: fd:3, level:0, optname:65
[    5.387943] firmadyne: sys_socket[PID: 200 (iptables)]: family:2, type:3, protocol:255
[    5.390197] firmadyne: sys_setsockopt[PID: 200 (iptables)]: fd:3, level:0, optname:64
[    5.390613] firmadyne: sys_setsockopt[PID: 200 (iptables)]: fd:3, level:0, optname:65
[    5.403064] firmadyne: sys_socket[PID: 201 (iptables)]: family:2, type:3, protocol:255
[    5.405109] firmadyne: sys_setsockopt[PID: 201 (iptables)]: fd:3, level:0, optname:64
[    5.405537] firmadyne: sys_setsockopt[PID: 201 (iptables)]: fd:3, level:0, optname:65
[    5.418403] firmadyne: sys_socket[PID: 202 (iptables)]: family:2, type:3, protocol:255
[    5.420519] firmadyne: sys_setsockopt[PID: 202 (iptables)]: fd:3, level:0, optname:64
[    5.420983] firmadyne: sys_setsockopt[PID: 202 (iptables)]: fd:3, level:0, optname:65
[    5.433992] firmadyne: sys_socket[PID: 203 (iptables)]: family:2, type:3, protocol:255
[    5.436097] firmadyne: sys_setsockopt[PID: 203 (iptables)]: fd:3, level:0, optname:64
[    5.436504] firmadyne: sys_setsockopt[PID: 203 (iptables)]: fd:3, level:0, optname:65
[    5.449481] firmadyne: sys_socket[PID: 204 (iptables)]: family:2, type:3, protocol:255
[    5.451705] firmadyne: sys_setsockopt[PID: 204 (iptables)]: fd:3, level:0, optname:64
[    5.452128] firmadyne: sys_setsockopt[PID: 204 (iptables)]: fd:3, level:0, optname:65
[    5.465175] firmadyne: sys_socket[PID: 205 (iptables)]: family:2, type:3, protocol:255
[    5.467416] firmadyne: sys_setsockopt[PID: 205 (iptables)]: fd:3, level:0, optname:64
[    5.468123] firmadyne: sys_setsockopt[PID: 205 (iptables)]: fd:3, level:0, optname:65
[    5.481001] firmadyne: sys_socket[PID: 206 (iptables)]: family:2, type:3, protocol:255
[    5.483195] firmadyne: sys_setsockopt[PID: 206 (iptables)]: fd:3, level:0, optname:64
[    5.483623] firmadyne: sys_setsockopt[PID: 206 (iptables)]: fd:3, level:0, optname:65
[    5.496239] firmadyne: sys_socket[PID: 207 (iptables)]: family:2, type:3, protocol:255
[    5.517076] firmadyne: sys_socket[PID: 207 (iptables)]: family:2, type:3, protocol:255
iptables v1.4.17: can't initialize iptables table `nat': Table does not exist (do you need to insmod?)
Perhaps iptables or your kernel needs to be upgraded.
[    5.547855] firmadyne: sys_socket[PID: 212 (iptables)]: family:2, type:3, protocol:255
[    5.563681] firmadyne: sys_socket[PID: 212 (iptables)]: family:2, type:3, protocol:255
iptables v1.4.17: can't initialize iptables table `nat': Table does not exist (do you need to insmod?)
Perhaps iptables or your kernel needs to be upgraded.
[    5.591847] firmadyne: sys_socket[PID: 217 (iptables)]: family:2, type:3, protocol:255
[    5.605877] firmadyne: sys_socket[PID: 217 (iptables)]: family:2, type:3, protocol:255
iptables v1.4.17: can't initialize iptables table `nat': Table does not exist (do you need to insmod?)
Perhaps iptables or your kernel needs to be upgraded.
[    5.648311] firmadyne: sys_socket[PID: 222 (iptables)]: family:2, type:3, protocol:255
[    5.662517] firmadyne: sys_socket[PID: 222 (iptables)]: family:2, type:3, protocol:255
iptables v1.4.17: can't initialize iptables table `nat': Table does not exist (do you need to insmod?)
Perhaps iptables or your kernel needs to be upgraded.
[    5.693603] firmadyne: sys_socket[PID: 227 (iptables)]: family:2, type:3, protocol:255
[    5.701557] firmadyne: sys_socket[PID: 227 (iptables)]: family:2, type:3, protocol:255
iptables v1.4.17: can't initialize iptables table `nat': Table does not exist (do you need to insmod?)
Perhaps iptables or your kernel needs to be upgraded.
[    5.726537] firmadyne: sys_socket[PID: 232 (iptables)]: family:2, type:3, protocol:255
[    5.741059] firmadyne: sys_socket[PID: 232 (iptables)]: family:2, type:3, protocol:255
iptables v1.4.17: can't initialize iptables table `nat': Table does not exist (do you need to insmod?)
Perhaps iptables or your kernel needs to be upgraded.
[    5.769774] firmadyne: sys_socket[PID: 237 (iptables)]: family:2, type:3, protocol:255
[    5.784060] firmadyne: sys_socket[PID: 237 (iptables)]: family:2, type:3, protocol:255
iptables v1.4.17: can't initialize iptables table `nat': Table does not exist (do you need to insmod?)
Perhaps iptables or your kernel needs to be upgraded.
[    5.812366] firmadyne: sys_socket[PID: 242 (iptables)]: family:2, type:3, protocol:255
[    5.826777] firmadyne: sys_socket[PID: 242 (iptables)]: family:2, type:3, protocol:255
iptables v1.4.17: can't initialize iptables table `nat': Table does not exist (do you need to insmod?)
Perhaps iptables or your kernel needs to be upgraded.
[    5.846175] firmadyne: sys_socket[PID: 247 (iptables)]: family:2, type:3, protocol:255
[    5.860863] firmadyne: sys_socket[PID: 247 (iptables)]: family:2, type:3, protocol:255
iptables v1.4.17: can't initialize iptables table `nat': Table does not exist (do you need to insmod?)
Perhaps iptables or your kernel needs to be upgraded.
[    5.893987] firmadyne: sys_socket[PID: 252 (iptables)]: family:2, type:3, protocol:255
[    5.896274] firmadyne: sys_setsockopt[PID: 252 (iptables)]: fd:3, level:0, optname:64
[    5.896828] firmadyne: sys_setsockopt[PID: 252 (iptables)]: fd:3, level:0, optname:65
[    5.910577] firmadyne: sys_socket[PID: 253 (iptables)]: family:2, type:3, protocol:255
[    5.912410] firmadyne: sys_setsockopt[PID: 253 (iptables)]: fd:3, level:0, optname:64
[    5.912926] firmadyne: sys_setsockopt[PID: 253 (iptables)]: fd:3, level:0, optname:65
[    5.927075] firmadyne: sys_socket[PID: 254 (iptables)]: family:2, type:3, protocol:255
[    5.929309] firmadyne: sys_setsockopt[PID: 254 (iptables)]: fd:3, level:0, optname:64
[    5.929796] firmadyne: sys_setsockopt[PID: 254 (iptables)]: fd:3, level:0, optname:65
[    5.943369] firmadyne: sys_socket[PID: 255 (iptables)]: family:2, type:3, protocol:255
[    5.945113] firmadyne: sys_setsockopt[PID: 255 (iptables)]: fd:3, level:0, optname:64
[    5.945551] firmadyne: sys_setsockopt[PID: 255 (iptables)]: fd:3, level:0, optname:65
[    5.958938] firmadyne: sys_socket[PID: 256 (iptables)]: family:2, type:3, protocol:255
[    5.960252] firmadyne: sys_socket[PID: 256 (iptables)]: family:2, type:3, protocol:255
[    5.960529] firmadyne: sys_socket[PID: 256 (iptables)]: family:2, type:3, protocol:255
[    5.963277] firmadyne: sys_socket[PID: 256 (iptables)]: family:2, type:3, protocol:255
[    5.964998] firmadyne: sys_setsockopt[PID: 256 (iptables)]: fd:3, level:0, optname:64
[    5.965818] firmadyne: sys_setsockopt[PID: 256 (iptables)]: fd:3, level:0, optname:65
[    5.974051] firmadyne: sys_socket[PID: 257 (iptables)]: family:2, type:3, protocol:255
[    5.975758] firmadyne: sys_setsockopt[PID: 257 (iptables)]: fd:3, level:0, optname:64
[    5.976303] firmadyne: sys_setsockopt[PID: 257 (iptables)]: fd:3, level:0, optname:65
[    5.989373] firmadyne: sys_socket[PID: 258 (iptables)]: family:2, type:3, protocol:255
[    5.991129] firmadyne: sys_setsockopt[PID: 258 (iptables)]: fd:3, level:0, optname:64
[    5.991692] firmadyne: sys_setsockopt[PID: 258 (iptables)]: fd:3, level:0, optname:65
[    5.999122] firmadyne: sys_socket[PID: 259 (iptables)]: family:2, type:3, protocol:255
[    6.000598] firmadyne: sys_setsockopt[PID: 259 (iptables)]: fd:3, level:0, optname:64
[    6.001104] firmadyne: sys_setsockopt[PID: 259 (iptables)]: fd:3, level:0, optname:65
[    6.014279] firmadyne: sys_socket[PID: 260 (iptables)]: family:2, type:3, protocol:255
[    6.016208] firmadyne: sys_setsockopt[PID: 260 (iptables)]: fd:3, level:0, optname:64
[    6.016777] firmadyne: sys_setsockopt[PID: 260 (iptables)]: fd:3, level:0, optname:65
[    6.031237] firmadyne: sys_socket[PID: 261 (iptables)]: family:2, type:3, protocol:255
[    6.033120] firmadyne: sys_setsockopt[PID: 261 (iptables)]: fd:3, level:0, optname:64
[    6.033658] firmadyne: sys_setsockopt[PID: 261 (iptables)]: fd:3, level:0, optname:65
[    6.041384] firmadyne: sys_socket[PID: 262 (iptables)]: family:2, type:3, protocol:255
[    6.042703] firmadyne: sys_setsockopt[PID: 262 (iptables)]: fd:3, level:0, optname:64
[    6.043237] firmadyne: sys_setsockopt[PID: 262 (iptables)]: fd:3, level:0, optname:65
[    6.057047] firmadyne: sys_socket[PID: 263 (iptables)]: family:2, type:3, protocol:255
[    6.059165] firmadyne: sys_setsockopt[PID: 263 (iptables)]: fd:3, level:0, optname:64
[    6.059710] firmadyne: sys_setsockopt[PID: 263 (iptables)]: fd:3, level:0, optname:65
[    6.074047] firmadyne: sys_socket[PID: 264 (iptables)]: family:2, type:3, protocol:255
[    6.075877] firmadyne: sys_setsockopt[PID: 264 (iptables)]: fd:3, level:0, optname:64
[    6.076379] firmadyne: sys_setsockopt[PID: 264 (iptables)]: fd:3, level:0, optname:65
[    6.090203] firmadyne: sys_socket[PID: 265 (iptables)]: family:2, type:3, protocol:255
[    6.092034] firmadyne: sys_setsockopt[PID: 265 (iptables)]: fd:3, level:0, optname:64
[    6.092538] firmadyne: sys_setsockopt[PID: 265 (iptables)]: fd:3, level:0, optname:65
[    6.115651] firmadyne: sys_socket[PID: 266 (iptables)]: family:2, type:3, protocol:255
[    6.126281] firmadyne: sys_socket[PID: 266 (iptables)]: family:2, type:3, protocol:255
iptables v1.4.17: can't initialize iptables table `nat': Table does not exist (do you need to insmod?)
Perhaps iptables or your kernel needs to be upgraded.
[    6.145904] firmadyne: sys_socket[PID: 271 (iptables)]: family:2, type:3, protocol:255
[    6.160354] firmadyne: sys_socket[PID: 271 (iptables)]: family:2, type:3, protocol:255
iptables v1.4.17: can't initialize iptables table `nat': Table does not exist (do you need to insmod?)
Perhaps iptables or your kernel needs to be upgraded.
[    6.190176] firmadyne: sys_socket[PID: 276 (iptables)]: family:2, type:3, protocol:255
[    6.204465] firmadyne: sys_socket[PID: 276 (iptables)]: family:2, type:3, protocol:255
iptables v1.4.17: can't initialize iptables table `nat': Table does not exist (do you need to insmod?)
Perhaps iptables or your kernel needs to be upgraded.
[    6.233641] firmadyne: sys_socket[PID: 281 (iptables)]: family:2, type:3, protocol:255
[    6.248281] firmadyne: sys_socket[PID: 281 (iptables)]: family:2, type:3, protocol:255
iptables v1.4.17: can't initialize iptables table `nat': Table does not exist (do you need to insmod?)
Perhaps iptables or your kernel needs to be upgraded.
[    6.277829] firmadyne: sys_socket[PID: 286 (iptables)]: family:2, type:3, protocol:255
[    6.292470] firmadyne: sys_socket[PID: 286 (iptables)]: family:2, type:3, protocol:255
iptables v1.4.17: can't initialize iptables table `nat': Table does not exist (do you need to insmod?)
Perhaps iptables or your kernel needs to be upgraded.
[    6.321587] firmadyne: sys_socket[PID: 291 (iptables)]: family:2, type:3, protocol:255
[    6.335776] firmadyne: sys_socket[PID: 291 (iptables)]: family:2, type:3, protocol:255
iptables v1.4.17: can't initialize iptables table `nat': Table does not exist (do you need to insmod?)
Perhaps iptables or your kernel needs to be upgraded.
[    6.364962] firmadyne: sys_socket[PID: 296 (iptables)]: family:2, type:3, protocol:255
[    6.375365] firmadyne: sys_socket[PID: 296 (iptables)]: family:2, type:3, protocol:255
iptables v1.4.17: can't initialize iptables table `nat': Table does not exist (do you need to insmod?)network config done

Perhaps iptables or your kernel needs to be upgraded.
[    6.427496] firmadyne: sys_socket[PID: 303 (iptables)]: family:2, type:3, protocol:255
[    6.428617] firmadyne: sys_socket[PID: 302 (init)]: family:1, type:2, protocol:0
[    6.429938] firmadyne: sys_socket[PID: 302 (init)]: family:1, type:1, protocol:0
[    6.436484] firmadyne: sys_socket[PID: 304 (telnetd)]: family:10, type:1, protocol:0
[    6.438582] cfg80211: Calling CRDA to update world regulatory domain
[    6.439789] firmadyne: sys_setsockopt[PID: 304 (telnetd)]: fd:3, level:1, optname:2
[    6.453177] firmadyne: sys_socket[PID: 303 (iptables)]: family:2, type:3, protocol:255
iptables v1.4.17: can't initialize iptables table `nat': Table does not exist (do you need to insmod?)
Perhaps iptables or your kernel needs to be upgraded.
[    6.487601] firmadyne: sys_socket[PID: 309 (iptables)]: family:2, type:3, protocol:255
[    6.502022] firmadyne: sys_socket[PID: 309 (iptables)]: family:2, type:3, protocol:255
iptables v1.4.17: can't initialize iptables table `nat': Table does not exist (do you need to insmod?)
Perhaps iptables or your kernel needs to be upgraded.
[    6.530855] firmadyne: sys_socket[PID: 314 (iptables)]: family:2, type:3, protocol:255
[    6.545639] firmadyne: sys_socket[PID: 314 (iptables)]: family:2, type:3, protocol:255
iptables v1.4.17: can't initialize iptables table `nat': Table does not exist (do you need to insmod?)
Perhaps iptables or your kernel needs to be upgraded.
[    6.571958] firmadyne: sys_socket[PID: 319 (iptables)]: family:2, type:3, protocol:255

Welcome to Buildroot
buildroot login: [    6.590012] firmadyne: sys_socket[PID: 319 (iptables)]: family:2, type:3, protocol:255
iptables v1.4.17: can't initialize iptables table `nat': Table does not exist (do you need to insmod?)
Perhaps iptables or your kernel needs to be upgraded.
[    6.615499] firmadyne: sys_socket[PID: 324 (iptables)]: family:2, type:3, protocol:255
[    6.617258] firmadyne: sys_setsockopt[PID: 324 (iptables)]: fd:3, level:0, optname:64
[    6.618741] firmadyne: sys_setsockopt[PID: 324 (iptables)]: fd:3, level:0, optname:65
[    6.629035] firmadyne: sys_socket[PID: 325 (iptables)]: family:2, type:3, protocol:255
[    6.630736] firmadyne: sys_setsockopt[PID: 325 (iptables)]: fd:3, level:0, optname:64
[    6.631191] firmadyne: sys_setsockopt[PID: 325 (iptables)]: fd:3, level:0, optname:65
[    6.645459] firmadyne: sys_socket[PID: 326 (iptables)]: family:2, type:3, protocol:255
[    6.647230] firmadyne: sys_setsockopt[PID: 326 (iptables)]: fd:3, level:0, optname:64
[    6.647917] firmadyne: sys_setsockopt[PID: 326 (iptables)]: fd:3, level:0, optname:65
[    6.660942] firmadyne: sys_socket[PID: 327 (iptables)]: family:2, type:3, protocol:255
[    6.662140] firmadyne: sys_socket[PID: 327 (iptables)]: family:2, type:3, protocol:255
[    6.662421] firmadyne: sys_socket[PID: 327 (iptables)]: family:2, type:3, protocol:255
[    6.664250] firmadyne: sys_socket[PID: 327 (iptables)]: family:2, type:3, protocol:255
[    6.665867] firmadyne: sys_setsockopt[PID: 327 (iptables)]: fd:3, level:0, optname:64
[    6.666368] firmadyne: sys_setsockopt[PID: 327 (iptables)]: fd:3, level:0, optname:65
[    6.681657] firmadyne: sys_socket[PID: 328 (iptables)]: family:2, type:3, protocol:255
[    6.683484] firmadyne: sys_setsockopt[PID: 328 (iptables)]: fd:3, level:0, optname:64
[    6.683977] firmadyne: sys_setsockopt[PID: 328 (iptables)]: fd:3, level:0, optname:65
[    6.698060] firmadyne: sys_socket[PID: 329 (iptables)]: family:2, type:3, protocol:255
[    6.699970] firmadyne: sys_setsockopt[PID: 329 (iptables)]: fd:3, level:0, optname:64
[    6.700478] firmadyne: sys_setsockopt[PID: 329 (iptables)]: fd:3, level:0, optname:65
[    6.719846] firmadyne: sys_socket[PID: 330 (iptables)]: family:2, type:3, protocol:255
[    6.721251] firmadyne: sys_setsockopt[PID: 330 (iptables)]: fd:3, level:0, optname:64
[    6.721786] firmadyne: sys_setsockopt[PID: 330 (iptables)]: fd:3, level:0, optname:65
[    6.740796] firmadyne: sys_socket[PID: 331 (iptables)]: family:2, type:3, protocol:255
[    6.742353] firmadyne: sys_setsockopt[PID: 331 (iptables)]: fd:3, level:0, optname:64
[    6.742858] firmadyne: sys_setsockopt[PID: 331 (iptables)]: fd:3, level:0, optname:65
/var/tmp/dconf/rc.router: line 83: can't create /proc/net/tp_ebtables/Transrules: nonexistent directory
/var/tmp/dconf/rc.router: line 84: can't create /proc/net/tp_ebtables/Transrules: nonexistent directory
/var/tmp/dconf/rc.router: line 85: can't create /proc/net/tp_ebtables/Transrules: nonexistent directory
/var/tmp/dconf/rc.router: line 86: can't create /proc/net/tp_ebtables/Transrules: nonexistent directory
/var/tmp/dconf/rc.router: line 87: can't create /proc/net/tp_ebtables/EB_FORWARD_LAN: nonexistent directory
/var/tmp/dconf/rc.router: line 88: can't create /proc/net/tp_ebtables/EB_FORWARD_LAN: nonexistent directory
/var/tmp/dconf/rc.router: line 89: can't create /proc/net/tp_ebtables/EB_FORWARD_LAN: nonexistent directory
[    6.765124] firmadyne: sys_socket[PID: 332 (iptables)]: family:2, type:3, protocol:255
[    6.767054] firmadyne: sys_setsockopt[PID: 332 (iptables)]: fd:3, level:0, optname:64
[    6.767608] firmadyne: sys_setsockopt[PID: 332 (iptables)]: fd:3, level:0, optname:65
[    6.781403] firmadyne: sys_socket[PID: 333 (iptables)]: family:2, type:3, protocol:255
[    6.783345] firmadyne: sys_setsockopt[PID: 333 (iptables)]: fd:3, level:0, optname:64
[    6.783892] firmadyne: sys_setsockopt[PID: 333 (iptables)]: fd:3, level:0, optname:65
[    6.797631] firmadyne: sys_socket[PID: 334 (iptables)]: family:2, type:3, protocol:255
[    6.799657] firmadyne: sys_setsockopt[PID: 334 (iptables)]: fd:3, level:0, optname:64
[    6.800190] firmadyne: sys_setsockopt[PID: 334 (iptables)]: fd:3, level:0, optname:65
[    6.815602] firmadyne: sys_socket[PID: 335 (iptables)]: family:2, type:3, protocol:255
[    6.817117] firmadyne: sys_setsockopt[PID: 335 (iptables)]: fd:3, level:0, optname:64
[    6.817832] firmadyne: sys_setsockopt[PID: 335 (iptables)]: fd:3, level:0, optname:65
[ dm_readFile ] 2042:  can not open xml file /var/tmp/pc/reduced_data_model.xml!, about to open file /etc/reduced_data_model.xml
[ dm_loadCfg ] 2254:  software version is not match, in config, version = 0
[ dm_readFile ] 2042:  can not open xml file /var/tmp/pc/default_config.xml!, about to open file /etc/default_config.xml
[ parseConfigNode ] 522:  Meet unrecognized object node "X_TP_IPTVCfg", skip the node
[ parseConfigNode ] 522:  Meet unrecognized object node "X_TP_PSTN", skip the node
[ parseConfigNode ] 527:  Meet unrecognized parameter node "X_TP_PSTN", skip the node
[ parseConfigNode ] 522:  Meet unrecognized object node "OmciIot", skip the node
[ waitOmciInit ] 219:  COS wait for OMCI init...



############## omci application initialization start ##############
zxml_parse_file() of /jffs2/etc/xml_params/omci_xml_cfg_file.xml failed, No such file or directory
readOmciStartupParameters ctcVersion=1 readOmciStartupParameters xvrType=2 zxml_parse_file() of /jffs2/etc/xml_params/pon_xml_cfg_file.xml failed, No such file or directory
zxml_parse_file() of /jffs2/etc/xml_params/tpm_xml_cfg_file.xml failed, No such file or directory
readTpmStartupParameters: Skipping tx_mod, id = 1. (not GMAC0 or T-CONT)
Failed to open XML configuration file - /jffs2/etc/xml_params/tpm_xml_cfg_file.xml
Failed to open /dev/tpm
mrvl_gpon_init(135): failed to open /dev/pon
Failed to open /dev/pon
module_gponSetup: Failed to open /dev/pon

[    8.231703] firmadyne: sys_socket[PID: 339 (ifconfig)]: family:2, type:2, protocol:0
ifconfig: SIOCGIFFLAGS: No such device
[    8.281462] firmadyne: sys_socket[PID: 345 (ifconfig)]: family:2, type:2, protocol:0
[    8.290551] 8021q: adding VLAN 0 to HW filter on device eth0
[    8.314315] firmadyne: sys_socket[PID: 347 (ifconfig)]: family:2, type:2, protocol:0
[    8.315514] 8021q: adding VLAN 0 to HW filter on device eth1
[    8.334118] firmadyne: sys_socket[PID: 349 (ifconfig)]: family:2, type:2, protocol:0
[    8.335260] 8021q: adding VLAN 0 to HW filter on device eth2
[    8.357334] firmadyne: sys_socket[PID: 351 (ifconfig)]: family:2, type:2, protocol:0
[    8.358582] 8021q: adding VLAN 0 to HW filter on device eth3
[    8.375454] firmadyne: sys_socket[PID: 353 (ifconfig)]: family:2, type:2, protocol:0
omci_proc_task(147): recv_mq_id = 5
omci_recv_task(131): proc_mq_id = 6
[    8.415936] firmadyne: sys_socket[PID: 360 (omci)]: family:1, type:2, protocol:0
Failed to open /dev/tpm
In this SFU could not open I2C bus file /dev/i2c-0, No such file or directory(2)
i2cHwRegionGetI2CFuncs: Could not open I2C bus file /dev/i2c-0, No such file or directory(2)
i2cHwRegionRead: Could not open I2C bus file /dev/i2c-0, No such file or directory(2)
i2cHwRegionRead: Could not open I2C bus file /dev/i2c-0, No such file or directory(2)
i2cHwRegionRead: Could not open I2C bus file /dev/i2c-0, No such file or directory(2)
########### creating vendor specific ME.
autoCreateMacBridgePortConfigurationDataME(435): setting autoCreatedMbpcdAddedToMeDb to FALSE.
autoCreateMacBridgePortConfigurationDataME(446): auto create MBPCD for PPTH Eth UNI here.
prepareIotAttributeDb: MEs 16, totalAttribs 51, totalAttribsEnabled 3
genericMeIotValuesHandler:*** SKIPPING ME 5:0x102 not in MIB
genericMeIotValuesHandler:*** SKIPPING ME 6:0x102 not in MIB
i2cHwRegionRead: Could not open I2C bus file /dev/i2c-0, No such file or directory(2)
genericMeIotValuesHandler:*** SKIPPING ME 53:0x202 not in MIB
genericMeIotValuesHandler:*** SKIPPING ME 329:0x101 not in MIB
genericMeIotValuesHandler:*** SKIPPING ME 264:0x201 not in MIB
fullAutonomousEntityCreation succeeded
mrvl_iot_init(255): to do something here in the furture!
Failed to open /dev/pon
mrvl_app_init(102): initPonSynchronizedSignalHandler failed
################# omci application initialization done ###############

[ waitOmciInit ] 225:  OMCI init use 1 seconds!

[    9.028210] firmadyne: sys_socket[PID: 364 (cos)]: family:1, type:2, protocol:0
[    9.029443] firmadyne: sys_socket[PID: 363 (cos)]: family:1, type:2, protocol:0
[ oal_sys_getImageIndex ] 2168:  Get bootimage ...... 

[ oal_sys_getImageIndex ] 2186:  Read boot image index error. Set default value 2

[ oal_sys_getImageIndex ] 2194:  Get bootimage OK! bootimage = 1

ubiattach: error!: UBI is not present in the system
mount: mounting ubi0_0 on /boot/ failed: No such device
[ oal_sys_getAddHverFlash ] 1537:  Can not open "/boot/tagImage" for writing

[    9.165071] firmadyne: sys_socket[PID: 98 (cos)]: family:1, type:2, protocol:0
[    9.166061] random: cos urandom read with 27 bits of entropy available
api_set_pon_ver_info(246): pon version: 2013112560227
[    9.170846] firmadyne: sys_setsockopt[PID: 98 (cos)]: fd:5, level:1, optname:20
[    9.171353] firmadyne: sys_setsockopt[PID: 98 (cos)]: fd:5, level:1, optname:20
[    9.172158] firmadyne: sys_socket[PID: 98 (cos)]: family:1, type:2, protocol:0
[    9.294079] firmadyne: sys_socket[PID: 374 (cwmp)]: family:1, type:2, protocol:0
[    9.300715] firmadyne: sys_socket[PID: 374 (cwmp)]: family:2, type:1, protocol:0
[    9.301528] firmadyne: sys_setsockopt[PID: 374 (cwmp)]: fd:6, level:1, optname:2
[    9.302099] firmadyne: inet_bind[PID: 374 (cwmp)]: proto:SOCK_STREAM, port:7547
[    9.322482] firmadyne: sys_socket[PID: 374 (cwmp)]: family:1, type:2, protocol:0
[    9.357287] firmadyne: sys_socket[PID: 98 (cos)]: family:1, type:2, protocol:0
[    9.361801] firmadyne: sys_socket[PID: 379 (ntpc)]: family:1, type:2, protocol:0
[    9.364389] firmadyne: sys_socket[PID: 379 (ntpc)]: family:1, type:2, protocol:0
sendto: No such file or directory
pid 98 send 2001 error
[ oal_sys_getOldTZInfo ] 693:  Open TZ file error!
[    9.384205] firmadyne: sys_socket[PID: 379 (ntpc)]: family:2, type:2, protocol:17
[    9.384615] firmadyne: inet_bind[PID: 379 (ntpc)]: proto:SOCK_DGRAM, port:0
[    9.386563] firmadyne: sys_socket[PID: 379 (ntpc)]: family:2, type:2, protocol:17
[    9.386790] firmadyne: inet_bind[PID: 379 (ntpc)]: proto:SOCK_DGRAM, port:0
[    9.387016] firmadyne: sys_socket[PID: 379 (ntpc)]: family:2, type:2, protocol:17
[    9.387191] firmadyne: inet_bind[PID: 379 (ntpc)]: proto:SOCK_DGRAM, port:0
[    9.387438] firmadyne: sys_socket[PID: 379 (ntpc)]: family:2, type:2, protocol:17
[    9.399285] firmadyne: inet_bind[PID: 379 (ntpc)]: proto:SOCK_DGRAM, port:0
[    9.399684] firmadyne: sys_socket[PID: 379 (ntpc)]: family:2, type:2, protocol:17
[    9.399924] firmadyne: inet_bind[PID: 379 (ntpc)]: proto:SOCK_DGRAM, port:0
[    9.400160] firmadyne: sys_socket[PID: 379 (ntpc)]: family:2, type:2, protocol:17
[    9.400349] firmadyne: inet_bind[PID: 379 (ntpc)]: proto:SOCK_DGRAM, port:0
[    9.400560] firmadyne: sys_socket[PID: 379 (ntpc)]: family:2, type:2, protocol:17
[    9.400764] firmadyne: inet_bind[PID: 379 (ntpc)]: proto:SOCK_DGRAM, port:0
[    9.401003] firmadyne: sys_socket[PID: 379 (ntpc)]: family:2, type:2, protocol:17
[    9.401209] firmadyne: inet_bind[PID: 379 (ntpc)]: proto:SOCK_DGRAM, port:0
[    9.401444] firmadyne: sys_socket[PID: 379 (ntpc)]: family:2, type:2, protocol:17
[    9.401631] firmadyne: inet_bind[PID: 379 (ntpc)]: proto:SOCK_DGRAM, port:0
[    9.401867] firmadyne: sys_socket[PID: 379 (ntpc)]: family:2, type:2, protocol:17
[    9.402040] firmadyne: inet_bind[PID: 379 (ntpc)]: proto:SOCK_DGRAM, port:0
[    9.402235] firmadyne: sys_socket[PID: 379 (ntpc)]: family:2, type:2, protocol:17
[    9.402450] firmadyne: inet_bind[PID: 379 (ntpc)]: proto:SOCK_DGRAM, port:0
[    9.402658] firmadyne: sys_socket[PID: 379 (ntpc)]: family:2, type:2, protocol:17
[    9.402871] firmadyne: inet_bind[PID: 379 (ntpc)]: proto:SOCK_DGRAM, port:0
[    9.403064] firmadyne: sys_socket[PID: 379 (ntpc)]: family:2, type:2, protocol:17
[    9.403236] firmadyne: inet_bind[PID: 379 (ntpc)]: proto:SOCK_DGRAM, port:0
[    9.403473] firmadyne: sys_socket[PID: 379 (ntpc)]: family:2, type:2, protocol:17
[    9.403659] firmadyne: inet_bind[PID: 379 (ntpc)]: proto:SOCK_DGRAM, port:0
[    9.403893] firmadyne: sys_socket[PID: 379 (ntpc)]: family:2, type:2, protocol:17
[    9.404085] firmadyne: inet_bind[PID: 379 (ntpc)]: proto:SOCK_DGRAM, port:0
[    9.468683] firmadyne: sys_socket[PID: 384 (dyndns)]: family:1, type:2, protocol:0
[    9.497599] firmadyne: sys_socket[PID: 98 (cos)]: family:2, type:1, protocol:0
[    9.500077] firmadyne: sys_socket[PID: 387 (noipdns)]: family:1, type:2, protocol:0
ioctl: No such device
[    9.559747] firmadyne: sys_socket[PID: 393 (brctl)]: family:2, type:1, protocol:0
[    9.584638] firmadyne: sys_socket[PID: 394 (brctl)]: family:2, type:1, protocol:0
[    9.588976] cfg80211: Calling CRDA to update world regulatory domain
[    9.599425] firmadyne: sys_socket[PID: 395 (brctl)]: family:2, type:1, protocol:0
[    9.628222] firmadyne: sys_socket[PID: 397 (iptables)]: family:2, type:3, protocol:255
[    9.633939] firmadyne: sys_setsockopt[PID: 397 (iptables)]: fd:5, level:0, optname:64
[    9.636648] firmadyne: sys_setsockopt[PID: 397 (iptables)]: fd:5, level:0, optname:65
[    9.661316] firmadyne: sys_socket[PID: 399 (ifconfig)]: family:2, type:2, protocol:0
[    9.663026] firmadyne: __inet_insert_ifa[PID: 399 (ifconfig)]: device:br0 ifa:0x0101a8c0
[ oal_util_setProcLanAddr ] 280:  ip_conntrack module is not loaded, or we did not open the CONFIG_NF_CT_LOCAL_LIMIT_ENTRY

[    9.675053] firmadyne: sys_socket[PID: 98 (cos)]: family:1, type:2, protocol:0
[    9.677439] firmadyne: sys_setsockopt[PID: 102 (igmpd)]: fd:3, level:0, optname:42
[    9.678432] firmadyne: sys_setsockopt[PID: 102 (igmpd)]: fd:3, level:0, optname:42
[    9.678698] firmadyne: sys_setsockopt[PID: 102 (igmpd)]: fd:3, level:0, optname:202
[    9.680048] firmadyne: sys_socket[PID: 98 (cos)]: family:2, type:1, protocol:0
[    9.716356] firmadyne: sys_socket[PID: 401 (ifconfig)]: family:2, type:2, protocol:0
[    9.740192] firmadyne: sys_socket[PID: 403 (brctl)]: family:2, type:1, protocol:0
[    9.740618] firmadyne: sys_socket[PID: 403 (brctl)]: family:10, type:2, protocol:0
[    9.741804] firmadyne: br_add_if[PID: 403 (brctl)]: br:br0 dev:eth0
[    9.744070] device eth0 entered promiscuous mode
[    9.746187] br0: port 1(eth0) entered forwarding state
[    9.746968] br0: port 1(eth0) entered forwarding state
[    9.751161] firmadyne: sys_socket[PID: 98 (cos)]: family:2, type:1, protocol:0
[    9.767346] firmadyne: sys_socket[PID: 405 (ifconfig)]: family:2, type:2, protocol:0
[    9.790638] firmadyne: sys_socket[PID: 407 (brctl)]: family:2, type:1, protocol:0
[    9.791018] firmadyne: sys_socket[PID: 407 (brctl)]: family:10, type:2, protocol:0
[    9.791450] firmadyne: br_add_if[PID: 407 (brctl)]: br:br0 dev:eth1
[    9.794222] device eth1 entered promiscuous mode
[    9.794713] br0: port 2(eth1) entered forwarding state
[    9.794874] br0: port 2(eth1) entered forwarding state
[    9.797215] firmadyne: sys_socket[PID: 98 (cos)]: family:2, type:1, protocol:0
[    9.818571] firmadyne: sys_socket[PID: 409 (ifconfig)]: family:2, type:2, protocol:0
[    9.841689] firmadyne: sys_socket[PID: 411 (brctl)]: family:2, type:1, protocol:0
[    9.842075] firmadyne: sys_socket[PID: 411 (brctl)]: family:10, type:2, protocol:0
[    9.842493] firmadyne: br_add_if[PID: 411 (brctl)]: br:br0 dev:eth2
[    9.843237] device eth2 entered promiscuous mode
[    9.843575] br0: port 3(eth2) entered forwarding state
[    9.843765] br0: port 3(eth2) entered forwarding state
[    9.846141] firmadyne: sys_socket[PID: 98 (cos)]: family:2, type:1, protocol:0
[    9.864332] firmadyne: sys_socket[PID: 413 (ifconfig)]: family:2, type:2, protocol:0
[    9.887353] firmadyne: sys_socket[PID: 415 (brctl)]: family:2, type:1, protocol:0
[    9.888557] firmadyne: sys_socket[PID: 415 (brctl)]: family:10, type:2, protocol:0
[    9.889046] firmadyne: br_add_if[PID: 415 (brctl)]: br:br0 dev:eth3
[    9.889749] device eth3 entered promiscuous mode
[    9.890070] br0: port 4(eth3) entered forwarding state
[    9.890220] br0: port 4(eth3) entered forwarding state
[    9.892884] firmadyne: sys_socket[PID: 98 (cos)]: family:2, type:1, protocol:0
[    9.914576] firmadyne: sys_socket[PID: 417 (brctl)]: family:2, type:1, protocol:0
brctl: SIOCDEVPRIVATE: Operation not supported
[    9.924413] firmadyne: sys_socket[PID: 98 (cos)]: family:2, type:2, protocol:0
[   10.079629] firmadyne: sys_socket[PID: 98 (cos)]: family:2, type:2, protocol:0
*****DUT has not been calculated! Auto start art!*****
sh: can't create /proc/tplink/eth_forward: nonexistent directory
[   10.332786] firmadyne: sys_socket[PID: 480 (arping)]: family:17, type:2, protocol:0
[   10.336285] firmadyne: sys_socket[PID: 480 (arping)]: family:2, type:2, protocol:0
[   10.336586] firmadyne: sys_setsockopt[PID: 480 (arping)]: fd:7, level:1, optname:25
[   10.336947] firmadyne: sys_setsockopt[PID: 480 (arping)]: fd:7, level:1, optname:5
ARPING to 192.168.1.100 from 192.168.1.1 via br0
Sent 1 probe(s) (1 broadcast(s))
Received 0 reply (0 request(s), 0 broadcast(s))
[   11.368699] firmadyne: sys_socket[PID: 482 (tftp)]: family:2, type:2, protocol:0
[   11.369147] firmadyne: sys_setsockopt[PID: 482 (tftp)]: fd:6, level:1, optname:2
[   11.372188] nf_conntrack: automatic helper assignment is deprecated and it will be removed soon. Use the iptables CT target to attach helpers instead.
[   12.737992] cfg80211: Calling CRDA to update world regulatory domain
[   15.888128] cfg80211: Calling CRDA to update world regulatory domain
[   19.038086] cfg80211: Calling CRDA to update world regulatory domain
[   22.188121] cfg80211: Calling CRDA to update world regulatory domain
tftp: timeout
[   24.337303] firmadyne: sys_socket[PID: 484 (tftp)]: family:2, type:2, protocol:0
[   24.337832] firmadyne: sys_setsockopt[PID: 484 (tftp)]: fd:6, level:1, optname:2
[   25.337963] cfg80211: Calling CRDA to update world regulatory domain
[   28.488074] cfg80211: Calling CRDA to update world regulatory domain
[   31.638226] cfg80211: Calling CRDA to update world regulatory domain
[   34.788064] cfg80211: Exceeded CRDA call max attempts. Not calling CRDA
tftp: timeout
insmod: can't insert '/var/tmp/art.ko': No such file or directory
chmod: /var/tmp/nart.out: No such file or directory
[ oal_wlan_ath_loadDriver ] 982:  perror:1
[ rsl_initLanWlanObj ] 7454:  perror:1
sh: /var/tmp/nart.out: not found
[   37.466896] firmadyne: sys_socket[PID: 98 (cos)]: family:1, type:2, protocol:0
[   37.469895] firmadyne: sys_socket[PID: 493 (httpd)]: family:1, type:2, protocol:0
sendto: No such file or directory
pid 98 send 2030 error
[   37.478847] firmadyne: sys_socket[PID: 98 (cos)]: family:1, type:2, protocol:0
[   37.479345] firmadyne: sys_socket[PID: 98 (cos)]: family:1, type:2, protocol:0
[   37.479787] firmadyne: sys_socket[PID: 98 (cos)]: family:1, type:2, protocol:0
[   37.480178] firmadyne: sys_socket[PID: 98 (cos)]: family:1, type:2, protocol:0
[   37.480595] firmadyne: sys_socket[PID: 98 (cos)]: family:1, type:2, protocol:0
[   37.482343] firmadyne: sys_socket[PID: 493 (httpd)]: family:2, type:1, protocol:6
[   37.482702] firmadyne: sys_setsockopt[PID: 493 (httpd)]: fd:7, level:1, optname:2
[   37.482966] firmadyne: inet_bind[PID: 493 (httpd)]: proto:SOCK_STREAM, port:80
[   37.547155] firmadyne: sys_socket[PID: 98 (cos)]: family:1, type:2, protocol:0
[   37.550677] firmadyne: sys_socket[PID: 498 (dnsProxy)]: family:1, type:2, protocol:0
[   37.553425] firmadyne: sys_socket[PID: 498 (dnsProxy)]: family:1, type:2, protocol:0
sendto: No such file or directory
pid 98 send 2004 error
[   37.605103] firmadyne: sys_socket[PID: 98 (cos)]: family:2, type:1, protocol:0
[   37.639459] firmadyne: sys_socket[PID: 504 (ipsecVpn)]: family:1, type:2, protocol:0
[   37.690469] firmadyne: sys_socket[PID: 507 (dhcpd)]: family:1, type:2, protocol:0
[   37.697085] firmadyne: sys_socket[PID: 507 (dhcpd)]: family:2, type:3, protocol:255
[   37.712720] firmadyne: sys_socket[PID: 495 (upnpd)]: family:2, type:3, protocol:255
[   37.713852] firmadyne: sys_socket[PID: 495 (upnpd)]: family:1, type:2, protocol:0
[   37.714507] firmadyne: sys_socket[PID: 495 (upnpd)]: family:1, type:1, protocol:0
radvd starting
[   37.757491] firmadyne: sys_socket[PID: 510 (radvd)]: family:1, type:2, protocol:0
[   37.782017] firmadyne: sys_socket[PID: 510 (radvd)]: family:1, type:1, protocol:0
[   37.792598] firmadyne: sys_socket[PID: 510 (radvd)]: family:10, type:3, protocol:58
[   37.793181] firmadyne: sys_setsockopt[PID: 510 (radvd)]: fd:6, level:41, optname:49
[   37.793701] firmadyne: sys_setsockopt[PID: 510 (radvd)]: fd:6, level:255, optname:7
[   37.793960] firmadyne: sys_setsockopt[PID: 510 (radvd)]: fd:6, level:41, optname:16
[   37.794186] firmadyne: sys_setsockopt[PID: 510 (radvd)]: fd:6, level:41, optname:18
[   37.794434] firmadyne: sys_setsockopt[PID: 510 (radvd)]: fd:6, level:41, optname:51
[   37.794678] firmadyne: sys_setsockopt[PID: 510 (radvd)]: fd:6, level:58, optname:1
[   37.802776] firmadyne: sys_socket[PID: 495 (upnpd)]: family:2, type:1, protocol:0
[   37.803236] firmadyne: inet_bind[PID: 495 (upnpd)]: proto:SOCK_STREAM, port:1900
[   37.803976] firmadyne: sys_socket[PID: 495 (upnpd)]: family:2, type:2, protocol:0
[   37.804257] firmadyne: inet_bind[PID: 495 (upnpd)]: proto:SOCK_DGRAM, port:0
[   37.804610] firmadyne: sys_socket[PID: 495 (upnpd)]: family:2, type:2, protocol:0
[   37.804918] firmadyne: sys_setsockopt[PID: 495 (upnpd)]: fd:12, level:1, optname:2
[   37.805157] firmadyne: inet_bind[PID: 495 (upnpd)]: proto:SOCK_DGRAM, port:1900
[   37.805462] firmadyne: sys_setsockopt[PID: 495 (upnpd)]: fd:12, level:0, optname:35
[   37.805902] firmadyne: sys_setsockopt[PID: 495 (upnpd)]: fd:12, level:0, optname:32
[   37.806213] firmadyne: sys_setsockopt[PID: 495 (upnpd)]: fd:12, level:0, optname:33
[   37.806480] firmadyne: sys_setsockopt[PID: 495 (upnpd)]: fd:12, level:1, optname:6
[   37.810406] firmadyne: sys_socket[PID: 512 (iptables)]: family:2, type:3, protocol:255
iptables: Bad rule (does a matching rule exist in that chain?).
iptables cmd: iptables -D INPUT -p udp --dport 67 -j ACCEPT 
[   37.815079] firmadyne: sys_socket[PID: 507 (dhcpd)]: family:2, type:2, protocol:0
[   37.816435] firmadyne: sys_socket[PID: 507 (dhcpd)]: family:2, type:2, protocol:0
[   37.816964] firmadyne: sys_socket[PID: 507 (dhcpd)]: family:2, type:2, protocol:17
[   37.817276] firmadyne: sys_setsockopt[PID: 507 (dhcpd)]: fd:7, level:1, optname:2
[   37.817528] firmadyne: sys_setsockopt[PID: 507 (dhcpd)]: fd:7, level:1, optname:6
[   37.823729] firmadyne: sys_socket[PID: 98 (cos)]: family:1, type:2, protocol:0
Failed to open /dev/pon
Failed to open /dev/pon
mrvl_get_pon_link_state(577): mvGponGetAlarms return error!
[   37.831902] firmadyne: sys_setsockopt[PID: 98 (cos)]: fd:9, level:1, optname:20
[   37.832396] firmadyne: sys_setsockopt[PID: 98 (cos)]: fd:9, level:1, optname:20
[   37.832910] firmadyne: sys_socket[PID: 98 (cos)]: family:1, type:2, protocol:0
[   37.834364] firmadyne: sys_socket[PID: 98 (cos)]: family:1, type:2, protocol:0
Failed to open /dev/pon
Failed to open /dev/pon
mrvl_get_pon_link_state(577): mvGponGetAlarms return error!
[   37.837077] firmadyne: sys_setsockopt[PID: 507 (dhcpd)]: fd:7, level:1, optname:25
[   37.837417] firmadyne: inet_bind[PID: 507 (dhcpd)]: proto:SOCK_DGRAM, port:67
[   37.843012] firmadyne: sys_setsockopt[PID: 98 (cos)]: fd:9, level:1, optname:20
[   37.843302] firmadyne: sys_setsockopt[PID: 98 (cos)]: fd:9, level:1, optname:20
[   37.843676] firmadyne: sys_socket[PID: 98 (cos)]: family:1, type:2, protocol:0
[   37.845101] firmadyne: sys_socket[PID: 98 (cos)]: family:2, type:2, protocol:0
[   37.848174] firmadyne: sys_socket[PID: 521 (snmpd)]: family:1, type:2, protocol:0
[   37.859372] firmadyne: sys_setsockopt[PID: 510 (radvd)]: fd:6, level:41, optname:20
[   37.879499] firmadyne: sys_socket[PID: 495 (upnpd)]: family:2, type:1, protocol:0
[   37.891894] firmadyne: inet_accept[PID: 519 (upnpd)]:
[   37.951309] firmadyne: sys_socket[PID: 98 (cos)]: family:10, type:2, protocol:0
[   37.962798] firmadyne: sys_socket[PID: 495 (upnpd)]: family:2, type:2, protocol:0
[   37.963134] firmadyne: sys_setsockopt[PID: 495 (upnpd)]: fd:13, level:0, optname:32
[   37.963364] firmadyne: sys_setsockopt[PID: 495 (upnpd)]: fd:13, level:0, optname:33
[   37.963566] firmadyne: sys_setsockopt[PID: 495 (upnpd)]: fd:13, level:0, optname:34
[   37.963803] firmadyne: sys_setsockopt[PID: 495 (upnpd)]: fd:13, level:1, optname:2
[   37.998214] firmadyne: sys_socket[PID: 531 (ip)]: family:16, type:3, protocol:0
[   37.998774] firmadyne: sys_setsockopt[PID: 531 (ip)]: fd:6, level:1, optname:7
[   37.999014] firmadyne: sys_setsockopt[PID: 531 (ip)]: fd:6, level:1, optname:8
[   38.008437] firmadyne: sys_socket[PID: 531 (ip)]: family:10, type:2, protocol:0
Cannot find device "pon0"
[   38.035123] firmadyne: sys_socket[PID: 98 (cos)]: family:2, type:2, protocol:0
[   38.064154] firmadyne: sys_socket[PID: 98 (cos)]: family:2, type:2, protocol:0
[   38.073959] firmadyne: sys_socket[PID: 495 (upnpd)]: family:1, type:2, protocol:0
[   38.094331] firmadyne: sys_socket[PID: 98 (cos)]: family:2, type:2, protocol:0
[   38.121593] firmadyne: sys_socket[PID: 98 (cos)]: family:2, type:2, protocol:0
[   38.203018] firmadyne: sys_socket[PID: 98 (cos)]: family:2, type:2, protocol:0
[   38.237817] firmadyne: sys_socket[PID: 98 (cos)]: family:2, type:2, protocol:0
[   38.269551] firmadyne: sys_socket[PID: 98 (cos)]: family:2, type:2, protocol:0
[   38.303157] firmadyne: sys_socket[PID: 98 (cos)]: family:2, type:2, protocol:0
[   38.342335] firmadyne: sys_socket[PID: 98 (cos)]: family:2, type:2, protocol:0
[   38.376316] firmadyne: sys_socket[PID: 98 (cos)]: family:2, type:2, protocol:0
[   38.423854] firmadyne: sys_socket[PID: 98 (cos)]: family:2, type:2, protocol:0
[   38.457143] firmadyne: sys_socket[PID: 98 (cos)]: family:2, type:2, protocol:0
[   38.490899] firmadyne: sys_socket[PID: 98 (cos)]: family:2, type:2, protocol:0
[   38.524818] firmadyne: sys_socket[PID: 98 (cos)]: family:2, type:2, protocol:0
[   38.558084] firmadyne: sys_socket[PID: 98 (cos)]: family:2, type:2, protocol:0
[   38.581654] firmadyne: sys_socket[PID: 98 (cos)]: family:2, type:2, protocol:0
[   38.615317] firmadyne: sys_socket[PID: 98 (cos)]: family:2, type:2, protocol:0
[   38.648212] firmadyne: sys_socket[PID: 98 (cos)]: family:2, type:2, protocol:0
[   38.679742] firmadyne: sys_socket[PID: 98 (cos)]: family:2, type:2, protocol:0
[   38.703178] firmadyne: sys_socket[PID: 98 (cos)]: family:2, type:2, protocol:0
[   38.735869] firmadyne: sys_socket[PID: 98 (cos)]: family:2, type:2, protocol:0
[   38.770135] firmadyne: sys_socket[PID: 98 (cos)]: family:2, type:2, protocol:0
[   38.802252] firmadyne: sys_socket[PID: 98 (cos)]: family:2, type:2, protocol:0
[   38.834390] firmadyne: sys_socket[PID: 98 (cos)]: family:2, type:2, protocol:0
[   38.868677] firmadyne: sys_socket[PID: 98 (cos)]: family:2, type:2, protocol:0
[   38.901926] firmadyne: sys_socket[PID: 98 (cos)]: family:2, type:2, protocol:0
[   38.926266] firmadyne: sys_socket[PID: 98 (cos)]: family:2, type:2, protocol:0
[   38.959134] firmadyne: sys_socket[PID: 98 (cos)]: family:2, type:2, protocol:0
[   38.982734] firmadyne: sys_socket[PID: 98 (cos)]: family:2, type:2, protocol:0
[   39.006517] firmadyne: sys_socket[PID: 98 (cos)]: family:2, type:2, protocol:0
[   39.039111] firmadyne: sys_socket[PID: 98 (cos)]: family:2, type:2, protocol:0
[   39.071965] firmadyne: sys_socket[PID: 98 (cos)]: family:2, type:2, protocol:0
[   39.092054] firmadyne: sys_socket[PID: 98 (cos)]: family:2, type:2, protocol:0
[   39.123802] firmadyne: sys_socket[PID: 98 (cos)]: family:2, type:2, protocol:0
[   39.155364] firmadyne: sys_socket[PID: 98 (cos)]: family:2, type:2, protocol:0
[   39.178191] firmadyne: sys_socket[PID: 98 (cos)]: family:2, type:2, protocol:0
[   39.209585] firmadyne: sys_socket[PID: 98 (cos)]: family:2, type:2, protocol:0
[   39.232600] firmadyne: sys_socket[PID: 98 (cos)]: family:2, type:2, protocol:0
[   39.264096] firmadyne: sys_socket[PID: 98 (cos)]: family:2, type:2, protocol:0
[   39.287823] firmadyne: sys_socket[PID: 98 (cos)]: family:2, type:2, protocol:0
[   39.311144] firmadyne: sys_socket[PID: 98 (cos)]: family:2, type:2, protocol:0
[   39.344637] firmadyne: sys_socket[PID: 98 (cos)]: family:2, type:2, protocol:0
[   39.376304] firmadyne: sys_socket[PID: 98 (cos)]: family:2, type:2, protocol:0
[   39.407871] firmadyne: sys_socket[PID: 98 (cos)]: family:2, type:2, protocol:0
[   39.418331] firmadyne: sys_socket[PID: 379 (ntpc)]: family:2, type:2, protocol:17
[   39.418934] firmadyne: inet_bind[PID: 379 (ntpc)]: proto:SOCK_DGRAM, port:0
[   39.420766] firmadyne: sys_socket[PID: 379 (ntpc)]: family:2, type:2, protocol:17
[   39.421001] firmadyne: inet_bind[PID: 379 (ntpc)]: proto:SOCK_DGRAM, port:0
[   39.421223] firmadyne: sys_socket[PID: 379 (ntpc)]: family:2, type:2, protocol:17
[   39.421409] firmadyne: inet_bind[PID: 379 (ntpc)]: proto:SOCK_DGRAM, port:0
[   39.421619] firmadyne: sys_socket[PID: 379 (ntpc)]: family:2, type:2, protocol:17
[   39.421802] firmadyne: inet_bind[PID: 379 (ntpc)]: proto:SOCK_DGRAM, port:0
[   39.422045] firmadyne: sys_socket[PID: 379 (ntpc)]: family:2, type:2, protocol:17
[   39.422246] firmadyne: inet_bind[PID: 379 (ntpc)]: proto:SOCK_DGRAM, port:0
[   39.422454] firmadyne: sys_socket[PID: 379 (ntpc)]: family:2, type:2, protocol:17
[   39.423319] firmadyne: inet_bind[PID: 379 (ntpc)]: proto:SOCK_DGRAM, port:0
[   39.423639] firmadyne: sys_socket[PID: 379 (ntpc)]: family:2, type:2, protocol:17
[   39.423874] firmadyne: inet_bind[PID: 379 (ntpc)]: proto:SOCK_DGRAM, port:0
[   39.424075] firmadyne: sys_socket[PID: 379 (ntpc)]: family:2, type:2, protocol:17
[   39.424251] firmadyne: inet_bind[PID: 379 (ntpc)]: proto:SOCK_DGRAM, port:0
[   39.424490] firmadyne: sys_socket[PID: 379 (ntpc)]: family:2, type:2, protocol:17
[   39.424674] firmadyne: inet_bind[PID: 379 (ntpc)]: proto:SOCK_DGRAM, port:0
[   39.424940] firmadyne: sys_socket[PID: 379 (ntpc)]: family:2, type:2, protocol:17
[   39.425126] firmadyne: inet_bind[PID: 379 (ntpc)]: proto:SOCK_DGRAM, port:0
[   39.425334] firmadyne: sys_socket[PID: 379 (ntpc)]: family:2, type:2, protocol:17
[   39.425516] firmadyne: inet_bind[PID: 379 (ntpc)]: proto:SOCK_DGRAM, port:0
[   39.425723] firmadyne: sys_socket[PID: 379 (ntpc)]: family:2, type:2, protocol:17
[   39.425943] firmadyne: inet_bind[PID: 379 (ntpc)]: proto:SOCK_DGRAM, port:0
[   39.426124] firmadyne: sys_socket[PID: 379 (ntpc)]: family:2, type:2, protocol:17
[   39.426302] firmadyne: inet_bind[PID: 379 (ntpc)]: proto:SOCK_DGRAM, port:0
[   39.426538] firmadyne: sys_socket[PID: 379 (ntpc)]: family:2, type:2, protocol:17
[   39.426721] firmadyne: inet_bind[PID: 379 (ntpc)]: proto:SOCK_DGRAM, port:0
[   39.426933] firmadyne: sys_socket[PID: 379 (ntpc)]: family:2, type:2, protocol:17
[   39.427094] firmadyne: inet_bind[PID: 379 (ntpc)]: proto:SOCK_DGRAM, port:0
[   39.499725] firmadyne: sys_socket[PID: 98 (cos)]: family:2, type:2, protocol:0
[   39.525001] firmadyne: sys_socket[PID: 98 (cos)]: family:2, type:2, protocol:0
[   39.556654] firmadyne: sys_socket[PID: 98 (cos)]: family:2, type:2, protocol:0
[   39.588488] firmadyne: sys_socket[PID: 98 (cos)]: family:2, type:2, protocol:0
[   39.620109] firmadyne: sys_socket[PID: 98 (cos)]: family:2, type:2, protocol:0
[   39.651299] firmadyne: sys_socket[PID: 98 (cos)]: family:2, type:2, protocol:0
[   39.674047] firmadyne: sys_socket[PID: 98 (cos)]: family:2, type:2, protocol:0
ioctl get error: Inappropriate ioctl for device
[   39.676858] firmadyne: sys_socket[PID: 98 (cos)]: family:2, type:2, protocol:0
[   39.707813] firmadyne: sys_socket[PID: 98 (cos)]: family:2, type:2, protocol:0
[   39.730516] firmadyne: sys_socket[PID: 98 (cos)]: family:2, type:2, protocol:0
[   39.753376] firmadyne: sys_socket[PID: 98 (cos)]: family:2, type:2, protocol:0
[   39.785030] firmadyne: sys_socket[PID: 98 (cos)]: family:2, type:2, protocol:0
[   39.808079] firmadyne: sys_socket[PID: 98 (cos)]: family:2, type:2, protocol:0
[   39.830910] firmadyne: sys_socket[PID: 98 (cos)]: family:2, type:2, protocol:0
[   39.844972] firmadyne: sys_socket[PID: 98 (cos)]: family:2, type:2, protocol:0
[   39.867934] firmadyne: sys_socket[PID: 98 (cos)]: family:2, type:2, protocol:0
[   39.899040] firmadyne: sys_socket[PID: 98 (cos)]: family:2, type:2, protocol:0
[   39.930154] firmadyne: sys_socket[PID: 98 (cos)]: family:2, type:2, protocol:0
[   39.953008] firmadyne: sys_socket[PID: 98 (cos)]: family:2, type:2, protocol:0
[   39.984460] firmadyne: sys_socket[PID: 98 (cos)]: family:2, type:2, protocol:0
[   40.016527] firmadyne: sys_socket[PID: 98 (cos)]: family:2, type:2, protocol:0
[   40.039600] firmadyne: sys_socket[PID: 98 (cos)]: family:2, type:2, protocol:0
[   40.070956] firmadyne: sys_socket[PID: 98 (cos)]: family:2, type:2, protocol:0
[   40.112246] firmadyne: sys_socket[PID: 98 (cos)]: family:2, type:2, protocol:0
[   40.126955] firmadyne: sys_socket[PID: 98 (cos)]: family:2, type:2, protocol:0
[   40.150090] firmadyne: sys_socket[PID: 98 (cos)]: family:2, type:2, protocol:0
[   40.173577] firmadyne: sys_socket[PID: 98 (cos)]: family:2, type:2, protocol:0
[   40.205611] firmadyne: sys_socket[PID: 98 (cos)]: family:2, type:2, protocol:0
[   40.271940] firmadyne: sys_socket[PID: 98 (cos)]: family:2, type:2, protocol:0
[   40.326361] firmadyne: sys_socket[PID: 98 (cos)]: family:2, type:2, protocol:0
[   40.360569] firmadyne: sys_socket[PID: 98 (cos)]: family:2, type:2, protocol:0
[   40.392643] firmadyne: sys_socket[PID: 98 (cos)]: family:2, type:2, protocol:0
[   40.424475] firmadyne: sys_socket[PID: 98 (cos)]: family:2, type:2, protocol:0
[   40.456006] firmadyne: sys_socket[PID: 98 (cos)]: family:2, type:2, protocol:0
[   40.487902] firmadyne: sys_socket[PID: 98 (cos)]: family:2, type:2, protocol:0
[   40.521063] firmadyne: sys_socket[PID: 98 (cos)]: family:2, type:2, protocol:0
[   40.553305] firmadyne: sys_socket[PID: 98 (cos)]: family:2, type:2, protocol:0
[   40.576700] firmadyne: sys_socket[PID: 98 (cos)]: family:2, type:2, protocol:0
[   40.608785] firmadyne: sys_socket[PID: 98 (cos)]: family:2, type:2, protocol:0
[   40.641124] firmadyne: sys_socket[PID: 98 (cos)]: family:2, type:2, protocol:0
[   40.673702] firmadyne: sys_socket[PID: 98 (cos)]: family:2, type:2, protocol:0
[   40.706016] firmadyne: sys_socket[PID: 98 (cos)]: family:2, type:2, protocol:0
[   40.739064] firmadyne: sys_socket[PID: 98 (cos)]: family:2, type:2, protocol:0
[   40.761897] firmadyne: sys_socket[PID: 98 (cos)]: family:2, type:2, protocol:0
[   40.797537] firmadyne: sys_socket[PID: 98 (cos)]: family:2, type:2, protocol:0
[   40.822039] firmadyne: sys_socket[PID: 98 (cos)]: family:2, type:2, protocol:0
[   40.855363] firmadyne: sys_socket[PID: 98 (cos)]: family:2, type:2, protocol:0
[   40.880504] firmadyne: sys_socket[PID: 98 (cos)]: family:2, type:2, protocol:0
[   40.912306] firmadyne: sys_socket[PID: 98 (cos)]: family:2, type:2, protocol:0
[   40.944870] firmadyne: sys_socket[PID: 98 (cos)]: family:2, type:2, protocol:0
[   40.976857] firmadyne: sys_socket[PID: 98 (cos)]: family:2, type:2, protocol:0
[   41.010648] firmadyne: sys_socket[PID: 98 (cos)]: family:2, type:2, protocol:0
[   41.065100] firmadyne: sys_socket[PID: 98 (cos)]: family:2, type:2, protocol:0
[   41.103567] firmadyne: sys_socket[PID: 98 (cos)]: family:2, type:2, protocol:0
[   41.138399] firmadyne: sys_socket[PID: 98 (cos)]: family:2, type:2, protocol:0
[   41.152470] firmadyne: sys_socket[PID: 98 (cos)]: family:2, type:2, protocol:0
[   41.175979] firmadyne: sys_socket[PID: 98 (cos)]: family:2, type:2, protocol:0
[   41.191086] firmadyne: sys_socket[PID: 98 (cos)]: family:2, type:2, protocol:0
[ oal_intf_setIfMac ] 523:  ioctl: No such device
[   41.214166] firmadyne: sys_socket[PID: 98 (cos)]: family:2, type:2, protocol:0
ioctl get error: Inappropriate ioctl for device
[   41.241416] firmadyne: sys_socket[PID: 943 (ifconfig)]: family:2, type:2, protocol:0
ifconfig: SIOCGIFFLAGS: No such device
[   41.308932] firmadyne: sys_socket[PID: 949 (brctl)]: family:2, type:1, protocol:0
[   41.309609] firmadyne: sys_socket[PID: 949 (brctl)]: family:10, type:2, protocol:0
brctl: iface pon0_1: No such device
[   41.343822] firmadyne: sys_socket[PID: 98 (cos)]: family:2, type:2, protocol:0
No such device
[ oal_intf_notifyBridge ] 772:  ioctl return error!
[   41.363185] firmadyne: sys_socket[PID: 98 (cos)]: family:1, type:2, protocol:0
[   41.368571] firmadyne: sys_socket[PID: 98 (cos)]: family:1, type:2, protocol:0
Failed to open /dev/pon
Failed to open /dev/pon
mrvl_get_pon_link_state(577): mvGponGetAlarms return error!
[   41.378836] firmadyne: sys_socket[PID: 363 (cos)]: family:1, type:2, protocol:0
Failed to open /dev/pon
Failed to open /dev/pon
mrvl_get_pon_link_state(577): mvGponGetAlarms return error!
[   41.381067] firmadyne: sys_setsockopt[PID: 363 (cos)]: fd:12, level:1, optname:20
[   41.381662] firmadyne: sys_setsockopt[PID: 363 (cos)]: fd:12, level:1, optname:20
[   41.382489] firmadyne: sys_socket[PID: 363 (cos)]: family:1, type:2, protocol:0
[   41.384908] firmadyne: sys_socket[PID: 363 (cos)]: family:1, type:2, protocol:0
[   41.386033] firmadyne: sys_setsockopt[PID: 98 (cos)]: fd:10, level:1, optname:20
[   41.386270] firmadyne: sys_setsockopt[PID: 98 (cos)]: fd:10, level:1, optname:20
[   41.386637] firmadyne: sys_socket[PID: 98 (cos)]: family:1, type:2, protocol:0
[   41.413889] firmadyne: sys_socket[PID: 962 (brctl)]: family:2, type:1, protocol:0
[   41.414248] firmadyne: sys_socket[PID: 962 (brctl)]: family:10, type:2, protocol:0
brctl: iface pon0_1: No such device
[   41.504721] firmadyne: sys_socket[PID: 972 (brctl)]: family:2, type:1, protocol:0
[   41.505240] firmadyne: sys_socket[PID: 972 (brctl)]: family:10, type:2, protocol:0
brctl: iface pon0_1: No such device
[   41.746558] firmadyne: sys_socket[PID: 1007 (iptables)]: family:2, type:3, protocol:255
[   41.770766] firmadyne: sys_socket[PID: 1007 (iptables)]: family:2, type:3, protocol:255
[   41.774479] firmadyne: sys_socket[PID: 1007 (iptables)]: family:2, type:3, protocol:255
[   41.774780] firmadyne: sys_socket[PID: 1007 (iptables)]: family:2, type:3, protocol:255
[   41.788847] firmadyne: sys_socket[PID: 98 (cos)]: family:2, type:1, protocol:0
[ getPidFromPidFile ] 112:  Cann't open file: /var/run/zebra.pid.
[   41.836789] firmadyne: sys_socket[PID: 1016 (zebra)]: family:1, type:1, protocol:0
[   41.848452] firmadyne: sys_socket[PID: 1016 (zebra)]: family:16, type:3, protocol:0
[   41.850033] firmadyne: sys_socket[PID: 1016 (zebra)]: family:16, type:3, protocol:0
[ getPidFromPidFile ] 112:  Cann't open file: /var/run/ripd.pid.
[   41.872932] firmadyne: sys_socket[PID: 98 (cos)]: family:2, type:3, protocol:255
[   41.873263] firmadyne: sys_setsockopt[PID: 98 (cos)]: fd:10, level:0, optname:257
statSetsockopt: Protocol not available
[ stat_setsockopt ] 192:  257 opt error

[ rsl_initStatCfgObj ] 225:  perror:4510
[   41.907553] firmadyne: sys_socket[PID: 1028 (iptables)]: family:2, type:3, protocol:255
[   41.920487] firmadyne: sys_setsockopt[PID: 1028 (iptables)]: fd:6, level:0, optname:64
[   41.923442] firmadyne: sys_setsockopt[PID: 1028 (iptables)]: fd:6, level:0, optname:65
[   42.102963] firmadyne: sys_socket[PID: 1049 (iptables)]: family:2, type:3, protocol:255
iptables: Bad rule (does a matching rule exist in that chain?).
iptables cmd: iptables -D FORWARD_VPN_PASSTHROUGH -p udp --dport 500 -j DROP 
[   42.381779] firmadyne: sys_socket[PID: 1077 (iptables)]: family:2, type:3, protocol:255
[   42.395968] firmadyne: sys_socket[PID: 363 (cos)]: family:1, type:2, protocol:0
iptables: Bad rule (does a matching rule exist in that chain?).
iptables cmd: iptables -D FORWARD_VPN_PASSTHROUGH -p tcp --dport 1723 -j DROP 
[   42.410371] firmadyne: sys_socket[PID: 363 (cos)]: family:1, type:2, protocol:0
[   42.412100] firmadyne: sys_socket[PID: 507 (dhcpd)]: family:2, type:2, protocol:0
[   42.414532] firmadyne: sys_socket[PID: 507 (dhcpd)]: family:2, type:2, protocol:0
[   42.421051] firmadyne: sys_socket[PID: 363 (cos)]: family:1, type:2, protocol:0
[   42.425622] firmadyne: sys_socket[PID: 379 (ntpc)]: family:2, type:2, protocol:17
[   42.426105] firmadyne: inet_bind[PID: 379 (ntpc)]: proto:SOCK_DGRAM, port:0
[   42.429182] firmadyne: sys_socket[PID: 379 (ntpc)]: family:2, type:2, protocol:17
[   42.429457] firmadyne: inet_bind[PID: 379 (ntpc)]: proto:SOCK_DGRAM, port:0
[   42.429703] firmadyne: sys_socket[PID: 379 (ntpc)]: family:2, type:2, protocol:17
[   42.429913] firmadyne: inet_bind[PID: 379 (ntpc)]: proto:SOCK_DGRAM, port:0
[   42.430132] firmadyne: sys_socket[PID: 379 (ntpc)]: family:2, type:2, protocol:17
[   42.430336] firmadyne: inet_bind[PID: 379 (ntpc)]: proto:SOCK_DGRAM, port:0
[   42.430591] firmadyne: sys_socket[PID: 379 (ntpc)]: family:2, type:2, protocol:17
[   42.430788] firmadyne: inet_bind[PID: 379 (ntpc)]: proto:SOCK_DGRAM, port:0
[   42.431008] firmadyne: sys_socket[PID: 379 (ntpc)]: family:2, type:2, protocol:17
[   42.431219] firmadyne: inet_bind[PID: 379 (ntpc)]: proto:SOCK_DGRAM, port:0
[   42.431451] firmadyne: sys_socket[PID: 379 (ntpc)]: family:2, type:2, protocol:17
[   42.431645] firmadyne: inet_bind[PID: 379 (ntpc)]: proto:SOCK_DGRAM, port:0
[   42.431889] firmadyne: sys_socket[PID: 379 (ntpc)]: family:2, type:2, protocol:17
[   42.432075] firmadyne: inet_bind[PID: 379 (ntpc)]: proto:SOCK_DGRAM, port:0
[   42.432301] firmadyne: sys_socket[PID: 379 (ntpc)]: family:2, type:2, protocol:17
[   42.432493] firmadyne: inet_bind[PID: 379 (ntpc)]: proto:SOCK_DGRAM, port:0
[   42.432709] firmadyne: sys_socket[PID: 379 (ntpc)]: family:2, type:2, protocol:17
[   42.432940] firmadyne: inet_bind[PID: 379 (ntpc)]: proto:SOCK_DGRAM, port:0
[   42.433158] firmadyne: sys_socket[PID: 379 (ntpc)]: family:2, type:2, protocol:17
[   42.433381] firmadyne: inet_bind[PID: 379 (ntpc)]: proto:SOCK_DGRAM, port:0
[   42.433597] firmadyne: sys_socket[PID: 379 (ntpc)]: family:2, type:2, protocol:17
[   42.433806] firmadyne: inet_bind[PID: 379 (ntpc)]: proto:SOCK_DGRAM, port:0
[   42.434014] firmadyne: sys_socket[PID: 379 (ntpc)]: family:2, type:2, protocol:17
[   42.434200] firmadyne: inet_bind[PID: 379 (ntpc)]: proto:SOCK_DGRAM, port:0
[   42.434430] firmadyne: sys_socket[PID: 379 (ntpc)]: family:2, type:2, protocol:17
[   42.434624] firmadyne: inet_bind[PID: 379 (ntpc)]: proto:SOCK_DGRAM, port:0
[   42.434871] firmadyne: sys_socket[PID: 379 (ntpc)]: family:2, type:2, protocol:17
[   42.435058] firmadyne: inet_bind[PID: 379 (ntpc)]: proto:SOCK_DGRAM, port:0
[   42.476527] firmadyne: sys_socket[PID: 363 (cos)]: family:1, type:2, protocol:0
[   42.485610] firmadyne: sys_socket[PID: 1083 (iptables)]: family:2, type:3, protocol:255
iptables: Bad rule (does a matching rule exist in that chain?)Failed to open /dev/pon
Failed to open /dev/pon
mrvl_get_pon_link_state(577): mvGponGetAlarms return error!
[   42.497869] firmadyne: sys_setsockopt[PID: 363 (cos)]: fd:11, level:1, optname:20
[   42.498544] firmadyne: sys_setsockopt[PID: 363 (cos)]: fd:11, level:1, optname:20
[   42.499186] firmadyne: sys_socket[PID: 363 (cos)]: family:1, type:2, protocol:0
.
iptables cmd: iptables -D FORWARD_VPN_PASSTHROUGH -p udp --dport 1701 -j DROP 
[   42.719785] firmadyne: sys_socket[PID: 98 (cos)]: family:2, type:3, protocol:255
[   42.720202] firmadyne: sys_setsockopt[PID: 98 (cos)]: fd:11, level:0, optname:66
set url - setsockopt: Protocol not available
[ oal_setUrlCfgObj ] 857:  set url - setsockopt failed.
[   42.722003] firmadyne: sys_socket[PID: 98 (cos)]: family:2, type:3, protocol:255
[   42.722198] firmadyne: sys_setsockopt[PID: 98 (cos)]: fd:11, level:0, optname:66
set url - setsockopt: Protocol not available
[ oal_setUrlCfgObj ] 857:  set url - setsockopt failed.
[   42.722993] firmadyne: sys_socket[PID: 98 (cos)]: family:2, type:3, protocol:255
[   42.723184] firmadyne: sys_setsockopt[PID: 98 (cos)]: fd:11, level:0, optname:66
set url - setsockopt: Protocol not available
[ oal_setUrlCfgObj ] 857:  set url - setsockopt failed.
[   42.723885] firmadyne: sys_socket[PID: 98 (cos)]: family:2, type:3, protocol:255
[   42.724074] firmadyne: sys_setsockopt[PID: 98 (cos)]: fd:11, level:0, optname:66
set url - setsockopt: Protocol not available
[ oal_setUrlCfgObj ] 857:  set url - setsockopt failed.
[   42.724773] firmadyne: sys_socket[PID: 98 (cos)]: family:2, type:3, protocol:255
[   42.724994] firmadyne: sys_setsockopt[PID: 98 (cos)]: fd:11, level:0, optname:66
set url - setsockopt: Protocol not available
[ oal_setUrlCfgObj ] 857:  set url - setsockopt failed.
[   42.725685] firmadyne: sys_socket[PID: 98 (cos)]: family:2, type:3, protocol:255
[   42.725909] firmadyne: sys_setsockopt[PID: 98 (cos)]: fd:11, level:0, optname:66
set url - setsockopt: Protocol not available
[ oal_setUrlCfgObj ] 857:  set url - setsockopt failed.
[   42.726556] firmadyne: sys_socket[PID: 98 (cos)]: family:2, type:3, protocol:255
[   42.726757] firmadyne: sys_setsockopt[PID: 98 (cos)]: fd:11, level:0, optname:66
set url - setsockopt: Protocol not available
[ oal_setUrlCfgObj ] 857:  set url - setsockopt failed.
[   42.727441] firmadyne: sys_socket[PID: 98 (cos)]: family:2, type:3, protocol:255
[   42.728837] firmadyne: sys_socket[PID: 1101 (diagTool)]: family:1, type:2, protocol:0
[   42.731622] firmadyne: sys_setsockopt[PID: 98 (cos)]: fd:11, level:0, optname:66
set url - setsockopt: Protocol not available
[ oal_setUrlCfgObj ] 857:  set url - setsockopt failed.
[   42.732486] firmadyne: sys_socket[PID: 98 (cos)]: family:2, type:3, protocol:255
[   42.732706] firmadyne: sys_setsockopt[PID: 98 (cos)]: fd:11, level:0, optname:66
set url - setsockopt: Protocol not available
[ oal_setUrlCfgObj ] 857:  set url - setsockopt failed.
[   42.733375] firmadyne: sys_socket[PID: 98 (cos)]: family:2, type:3, protocol:255
[   42.733577] firmadyne: sys_setsockopt[PID: 98 (cos)]: fd:11, level:0, optname:66
set url - setsockopt: Protocol not available
[ oal_setUrlCfgObj ] 857:  set url - setsockopt failed.
[   42.734222] firmadyne: sys_socket[PID: 98 (cos)]: family:2, type:3, protocol:255
[   42.734424] firmadyne: sys_setsockopt[PID: 98 (cos)]: fd:11, level:0, optname:66
set url - setsockopt: Protocol not available
[ oal_setUrlCfgObj ] 857:  set url - setsockopt failed.
[   42.735072] firmadyne: sys_socket[PID: 98 (cos)]: family:2, type:3, protocol:255
[   42.735266] firmadyne: sys_setsockopt[PID: 98 (cos)]: fd:11, level:0, optname:66
set url - setsockopt: Protocol not available
[ oal_setUrlCfgObj ] 857:  set url - setsockopt failed.
[   42.735944] firmadyne: sys_socket[PID: 98 (cos)]: family:2, type:3, protocol:255
[   42.736130] firmadyne: sys_setsockopt[PID: 98 (cos)]: fd:11, level:0, optname:66
set url - setsockopt: Protocol not available
[ oal_setUrlCfgObj ] 857:  set url - setsockopt failed.
[   42.736820] firmadyne: sys_socket[PID: 98 (cos)]: family:2, type:3, protocol:255
[   42.737041] firmadyne: sys_setsockopt[PID: 98 (cos)]: fd:11, level:0, optname:66
set url - setsockopt: Protocol not available
[ oal_setUrlCfgObj ] 857:  set url - setsockopt failed.
[   42.737904] firmadyne: sys_socket[PID: 98 (cos)]: family:2, type:3, protocol:255
[   42.738116] firmadyne: sys_setsockopt[PID: 98 (cos)]: fd:11, level:0, optname:66
set url - setsockopt: Protocol not available
[ oal_setUrlCfgObj ] 857:  set url - setsockopt failed.
[   42.738788] firmadyne: sys_socket[PID: 98 (cos)]: family:2, type:3, protocol:255
[   42.739014] firmadyne: sys_setsockopt[PID: 98 (cos)]: fd:11, level:0, optname:66
set url - setsockopt: Protocol not available
[ oal_setUrlCfgObj ] 857:  set url - setsockopt failed.
[   42.739666] firmadyne: sys_socket[PID: 98 (cos)]: family:2, type:3, protocol:255
[   42.739875] firmadyne: sys_setsockopt[PID: 98 (cos)]: fd:11, level:0, optname:66
set url - setsockopt: Protocol not available
[ oal_setUrlCfgObj ] 857:  set url - setsockopt failed.
[   42.740517] firmadyne: sys_socket[PID: 98 (cos)]: family:2, type:3, protocol:255
[   42.740717] firmadyne: sys_setsockopt[PID: 98 (cos)]: fd:11, level:0, optname:66
set url - setsockopt: Protocol not available
[ oal_setUrlCfgObj ] 857:  set url - setsockopt failed.
[   42.741468] firmadyne: sys_socket[PID: 98 (cos)]: family:2, type:3, protocol:255
[   42.741681] firmadyne: sys_setsockopt[PID: 98 (cos)]: fd:11, level:0, optname:66
set url - setsockopt: Protocol not available
[ oal_setUrlCfgObj ] 857:  set url - setsockopt failed.
[   42.742349] firmadyne: sys_socket[PID: 98 (cos)]: family:2, type:3, protocol:255
[   42.742549] firmadyne: sys_setsockopt[PID: 98 (cos)]: fd:11, level:0, optname:66
set url - setsockopt: Protocol not available
[ oal_setUrlCfgObj ] 857:  set url - setsockopt failed.
[   42.743196] firmadyne: sys_socket[PID: 98 (cos)]: family:2, type:3, protocol:255
[   42.743422] firmadyne: sys_setsockopt[PID: 98 (cos)]: fd:11, level:0, optname:66
set url - setsockopt: Protocol not available
[ oal_setUrlCfgObj ] 857:  set url - setsockopt failed.
[   42.744056] firmadyne: sys_socket[PID: 98 (cos)]: family:2, type:3, protocol:255
[   42.744242] firmadyne: sys_setsockopt[PID: 98 (cos)]: fd:11, level:0, optname:66
set url - setsockopt: Protocol not available
[ oal_setUrlCfgObj ] 857:  set url - setsockopt failed.
[   42.744941] firmadyne: sys_socket[PID: 98 (cos)]: family:2, type:3, protocol:255
[   42.745158] firmadyne: sys_setsockopt[PID: 98 (cos)]: fd:11, level:0, optname:66
set url - setsockopt: Protocol not available
[ oal_setUrlCfgObj ] 857:  set url - setsockopt failed.
[   42.745854] firmadyne: sys_socket[PID: 98 (cos)]: family:2, type:3, protocol:255
[   42.746062] firmadyne: sys_setsockopt[PID: 98 (cos)]: fd:11, level:0, optname:66
set url - setsockopt: Protocol not available
[ oal_setUrlCfgObj ] 857:  set url - setsockopt failed.
[   42.746739] firmadyne: sys_socket[PID: 98 (cos)]: family:2, type:3, protocol:255
[   42.746940] firmadyne: sys_setsockopt[PID: 98 (cos)]: fd:11, level:0, optname:66
set url - setsockopt: Protocol not available
[ oal_setUrlCfgObj ] 857:  set url - setsockopt failed.
[   42.747592] firmadyne: sys_socket[PID: 98 (cos)]: family:2, type:3, protocol:255
[   42.747933] firmadyne: sys_setsockopt[PID: 98 (cos)]: fd:11, level:0, optname:66
set url - setsockopt: Protocol not available
[ oal_setUrlCfgObj ] 857:  set url - setsockopt failed.
[   42.748595] firmadyne: sys_socket[PID: 98 (cos)]: family:2, type:3, protocol:255
[   42.748797] firmadyne: sys_setsockopt[PID: 98 (cos)]: fd:11, level:0, optname:66
set url - setsockopt: Protocol not available
[ oal_setUrlCfgObj ] 857:  set url - setsockopt failed.
[   42.749453] firmadyne: sys_socket[PID: 98 (cos)]: family:2, type:3, protocol:255
[   42.749654] firmadyne: sys_setsockopt[PID: 98 (cos)]: fd:11, level:0, optname:66
set url - setsockopt: Protocol not available
[ oal_setUrlCfgObj ] 857:  set url - setsockopt failed.
[   42.750291] firmadyne: sys_socket[PID: 98 (cos)]: family:2, type:3, protocol:255
[   42.750492] firmadyne: sys_setsockopt[PID: 98 (cos)]: fd:11, level:0, optname:66
set url - setsockopt: Protocol not available
