>> Database Image ID: 63

/home/zhumengfan/firmware/firmwares/18de0cddd7399582205d884045c100f1c4b81a41.ZIP
>> MD5: a7d7fdc47e389cd6039b61a0debbc5e9
>> Tag: 63
>> Temp: /tmp/tmpNQDYGP
>> Status: Kernel: True, Rootfs: False, Do_Kernel: False,                 Do_Rootfs: True
>>>> Zip archive data, at least v1.0 to extract, name: dgs121010P_fw_100015/
>> Recursing into archive ...
	
/tmp/tmpNQDYGP/_18de0cddd7399582205d884045c100f1c4b81a41.ZIP.extracted/dgs121010P_fw_100015/DGS-1210-10P_A1_v1.00.015.hex
	>> MD5: b96397a4fb118387d4c043d811f95639
	>> Tag: 63
	>> Temp: /tmp/tmpre9QBz
	>> Status: Kernel: True, Rootfs: False, Do_Kernel: False,                 Do_Rootfs: True
	>>>> Squashfs filesystem, little endian, version 3.1, size: 4541873 bytes, 217 inodes, blocksize: 131072 bytes, created: 2010-01-07 03:27:18
	>>>> Found Linux filesystem in /tmp/tmpre9QBz/_DGS-1210-10P_A1_v1.00.015.hex.extracted/squashfs-root!
	>> Skipping: completed!
	>> Cleaning up /tmp/tmpre9QBz...
>> Skipping: completed!
>> Cleaning up /tmp/tmpNQDYGP...
./bin/busybox: armel
Querying database for architecture... armel
----Running----
----Copying Filesystem Tarball----
----Creating QEMU Image----
Formatting '/home/zhumengfan/firmadyne//scratch//63//image.raw', fmt=raw size=1073741824
----Creating Partition Table----

Welcome to fdisk (util-linux 2.27.1).
Changes will remain in memory only, until you decide to write them.
Be careful before using the write command.

Device does not contain a recognized partition table.
Created a new DOS disklabel with disk identifier 0xdfcc5f84.

Command (m for help): Created a new DOS disklabel with disk identifier 0xcda7620f.

Command (m for help): Partition type
   p   primary (0 primary, 0 extended, 4 free)
   e   extended (container for logical partitions)
Select (default p): Partition number (1-4, default 1): First sector (2048-2097151, default 2048): Last sector, +sectors or +size{K,M,G,T,P} (2048-2097151, default 2097151): 
Created a new partition 1 of type 'Linux' and of size 1023 MiB.

Command (m for help): The partition table has been altered.
Syncing disks.

----Mounting QEMU Image----
add map loop0p1 (252:0): 0 2095104 linear 7:0 2048
----Creating Filesystem----
mke2fs 1.42.13 (17-May-2015)
Discarding device blocks:   4096/261888             done                            
Creating filesystem with 261888 4k blocks and 65536 inodes
Filesystem UUID: a597894e-c228-48c0-92eb-110107e71c1e
Superblock backups stored on blocks: 
	32768, 98304, 163840, 229376

Allocating group tables: 0/8   done                            
Writing inode tables: 0/8   done                            
Writing superblocks and filesystem accounting information: 0/8   done

----Making QEMU Image Mountpoint----
----Mounting QEMU Image Partition 1----
----Extracting Filesystem Tarball----
----Creating FIRMADYNE Directories----
----Patching Filesystem (chroot)----
Creating /etc/TZ!
Creating /etc/hosts!
Warning: Recreating device nodes!
Removing /etc/scripts/sys_resetbutton!
----Setting up FIRMADYNE----
----Unmounting QEMU Image----
loop deleted : /dev/loop0
Querying database for architecture... armel
Running firmware 63: terminating after 60 secs...
qemu-system-arm: terminating on signal 2 from pid 93145 (timeout)
Inferring network...
Interfaces: []
Done!
[    0.000000] Booting Linux on physical CPU 0x0
[    0.000000] Linux version 4.1.17+ (vagrant@vagrant-ubuntu-trusty-64) (gcc version 5.3.0 (GCC) ) #1 Thu Feb 18 01:05:21 UTC 2016
[    0.000000] CPU: ARMv7 Processor [412fc0f1] revision 1 (ARMv7), cr=10c5387d
[    0.000000] CPU: PIPT / VIPT nonaliasing data cache, PIPT instruction cache
[    0.000000] Machine model: linux,dummy-virt
[    0.000000] debug: ignoring loglevel setting.
[    0.000000] Memory policy: Data cache writeback
[    0.000000] On node 0 totalpages: 65536
[    0.000000] free_area_init_node: node 0, pgdat c061dfe8, node_mem_map cfdf9000
[    0.000000]   Normal zone: 512 pages used for memmap
[    0.000000]   Normal zone: 0 pages reserved
[    0.000000]   Normal zone: 65536 pages, LIFO batch:15
[    0.000000] psci: probing for conduit method from DT.
[    0.000000] psci: PSCIv0.2 detected in firmware.
[    0.000000] psci: Using standard PSCI v0.2 function IDs
[    0.000000] CPU: All CPU(s) started in SVC mode.
[    0.000000] pcpu-alloc: s0 r0 d32768 u32768 alloc=1*32768
[    0.000000] pcpu-alloc: [0] 0 
[    0.000000] Built 1 zonelists in Zone order, mobility grouping on.  Total pages: 65024
[    0.000000] Kernel command line: firmadyne.syscall=1 root=/dev/vda1 console=ttyS0 nandsim.parts=64,64,64,64,64,64,64,64,64,64 rdinit=/firmadyne/preInit.sh rw debug ignore_loglevel print-fatal-signals=1 user_debug=31
[    0.000000] PID hash table entries: 1024 (order: 0, 4096 bytes)
[    0.000000] Dentry cache hash table entries: 32768 (order: 5, 131072 bytes)
[    0.000000] Inode-cache hash table entries: 16384 (order: 4, 65536 bytes)
[    0.000000] Memory: 253340K/262144K available (4297K kernel code, 170K rwdata, 1584K rodata, 180K init, 148K bss, 8804K reserved, 0K cma-reserved)
[    0.000000] Virtual kernel memory layout:
[    0.000000]     vector  : 0xffff0000 - 0xffff1000   (   4 kB)
[    0.000000]     fixmap  : 0xffc00000 - 0xfff00000   (3072 kB)
[    0.000000]     vmalloc : 0xd0800000 - 0xff000000   ( 744 MB)
[    0.000000]     lowmem  : 0xc0000000 - 0xd0000000   ( 256 MB)
[    0.000000]     modules : 0xbf000000 - 0xc0000000   (  16 MB)
[    0.000000]       .text : 0xc0008000 - 0xc05c67bc   (5882 kB)
[    0.000000]       .init : 0xc05c7000 - 0xc05f4000   ( 180 kB)
[    0.000000]       .data : 0xc05f4000 - 0xc061e840   ( 171 kB)
[    0.000000]        .bss : 0xc0621000 - 0xc06462d4   ( 149 kB)
[    0.000000] NR_IRQS:16 nr_irqs:16 16
[    0.000000] Architected cp15 timer(s) running at 62.50MHz (virt).
[    0.000000] clocksource arch_sys_counter: mask: 0xffffffffffffff max_cycles: 0x1cd42e208c, max_idle_ns: 881590405314 ns
[    0.000160] sched_clock: 56 bits at 62MHz, resolution 16ns, wraps every 4398046511096ns
[    0.000302] Switching to timer-based delay loop, resolution 16ns
[    0.003454] Console: colour dummy device 80x30
[    0.003804] Calibrating delay loop (skipped), value calculated using timer frequency.. 125.00 BogoMIPS (lpj=625000)
[    0.003942] pid_max: default: 32768 minimum: 301
[    2.067320] Mount-cache hash table entries: 1024 (order: 0, 4096 bytes)
[    2.067370] Mountpoint-cache hash table entries: 1024 (order: 0, 4096 bytes)
[    2.074617] CPU: Testing write buffer coherency: ok
[    2.080976] Setting up static identity map for 0x40008240 - 0x40008298
[    2.095993] VFP support v0.3: implementor 41 architecture 4 part 30 variant f rev 0
[    6.448813] clocksource jiffies: mask: 0xffffffff max_cycles: 0xffffffff, max_idle_ns: 19112604462750000 ns
[    6.458139] NET: Registered protocol family 16
[    6.461352] DMA: preallocated 256 KiB pool for atomic coherent allocations
[    6.465661] cpuidle: using governor ladder
[    6.465834] cpuidle: using governor menu
[    6.486660] Serial: AMBA PL011 UART driver
[    6.488968] 9000000.pl011: ttyS0 at MMIO 0x9000000 (irq = 54, base_baud = 0) is a PL011 rev1
[    6.496930] console [ttyS0] enabled
[   15.911824] vgaarb: loaded
[   15.913589] SCSI subsystem initialized
[   15.914668] usbcore: registered new interface driver usbfs
[   15.915038] usbcore: registered new interface driver hub
[   15.915390] usbcore: registered new device driver usb
[   15.924573] cfg80211: Calling CRDA to update world regulatory domain
[   15.926852] Switched to clocksource arch_sys_counter
[   15.944440] NET: Registered protocol family 2
[   15.949734] TCP established hash table entries: 2048 (order: 1, 8192 bytes)
[   15.949994] TCP bind hash table entries: 2048 (order: 1, 8192 bytes)
[   15.950305] TCP: Hash tables configured (established 2048 bind 2048)
[   15.950845] UDP hash table entries: 256 (order: 0, 4096 bytes)
[   15.951111] UDP-Lite hash table entries: 256 (order: 0, 4096 bytes)
[   15.952521] NET: Registered protocol family 1
[   15.952996] PCI: CLS 0 bytes, default 64
[   22.689339] NetWinder Floating Point Emulator V0.97 (extended precision)
[   22.692123] futex hash table entries: 256 (order: -1, 3072 bytes)
[   22.695299] cfg80211: Calling CRDA to update world regulatory domain
[   22.698884] squashfs: version 4.0 (2009/01/31) Phillip Lougher
[   22.699914] jffs2: version 2.2. (NAND) © 2001-2006 Red Hat, Inc.
[   22.700714] romfs: ROMFS MTD (C) 2007 Red Hat, Inc.
[   22.709880] Block layer SCSI generic (bsg) driver version 0.4 loaded (major 253)
[   22.710227] io scheduler noop registered
[   22.710459] io scheduler cfq registered (default)
[   22.711143] firmadyne: devfs: 1, execute: 1, procfs: 1, syscall: 1
[   22.712463] ------------[ cut here ]------------
[   22.712675] WARNING: CPU: 0 PID: 1 at /home/vagrant/firmadyne-kernel/kernel-v4.1/fs/sysfs/dir.c:31 sysfs_warn_dup+0x50/0x6c()
[   22.712905] sysfs: cannot create duplicate filename '/class/gpio'
[   22.713068] Modules linked in:
[   22.713385] CPU: 0 PID: 1 Comm: swapper Not tainted 4.1.17+ #1
[   22.713537] Hardware name: Generic DT based system
[   22.714223] [<c001c99c>] (unwind_backtrace) from [<c0019d30>] (show_stack+0x10/0x14)
[   22.714504] [<c0019d30>] (show_stack) from [<c0024ab4>] (warn_slowpath_common+0x80/0xa8)
[   22.714705] [<c0024ab4>] (warn_slowpath_common) from [<c0024b08>] (warn_slowpath_fmt+0x2c/0x3c)
[   22.714942] [<c0024b08>] (warn_slowpath_fmt) from [<c00e363c>] (sysfs_warn_dup+0x50/0x6c)
[   22.715122] [<c00e363c>] (sysfs_warn_dup) from [<c00e3714>] (sysfs_create_dir_ns+0x74/0x84)
[   22.715303] [<c00e3714>] (sysfs_create_dir_ns) from [<c018e6ac>] (kobject_add_internal+0xb8/0x2ac)
[   22.715491] [<c018e6ac>] (kobject_add_internal) from [<c018e9a8>] (kset_register+0x1c/0x44)
[   22.715669] [<c018e9a8>] (kset_register) from [<c02090b4>] (__class_register+0xa8/0x198)
[   22.715842] [<c02090b4>] (__class_register) from [<c02091e4>] (__class_create+0x40/0x70)
[   22.716014] [<c02091e4>] (__class_create) from [<c01adf68>] (register_devfs_stubs+0x314/0xbb4)
[   22.716195] [<c01adf68>] (register_devfs_stubs) from [<c05d9b08>] (init_module+0x28/0xa4)
[   22.716400] [<c05d9b08>] (init_module) from [<c0009670>] (do_one_initcall+0x104/0x1b4)
[   22.716596] [<c0009670>] (do_one_initcall) from [<c05c7d08>] (kernel_init_freeable+0xf0/0x1b0)
[   22.716944] [<c05c7d08>] (kernel_init_freeable) from [<c040f28c>] (kernel_init+0x8/0xe4)
[   22.717115] [<c040f28c>] (kernel_init) from [<c0016da8>] (ret_from_fork+0x14/0x2c)
[   22.717379] ---[ end trace 9303d949942e7b50 ]---
[   22.717619] ------------[ cut here ]------------
[   22.717735] WARNING: CPU: 0 PID: 1 at /home/vagrant/firmadyne-kernel/kernel-v4.1/lib/kobject.c:240 kobject_add_internal+0x240/0x2ac()
[   22.717953] kobject_add_internal failed for gpio with -EEXIST, don't try to register things with the same name in the same directory.
[   22.718166] Modules linked in:
[   22.718315] CPU: 0 PID: 1 Comm: swapper Tainted: G        W       4.1.17+ #1
[   22.718453] Hardware name: Generic DT based system
[   22.718571] [<c001c99c>] (unwind_backtrace) from [<c0019d30>] (show_stack+0x10/0x14)
[   22.718735] [<c0019d30>] (show_stack) from [<c0024ab4>] (warn_slowpath_common+0x80/0xa8)
[   22.718907] [<c0024ab4>] (warn_slowpath_common) from [<c0024b08>] (warn_slowpath_fmt+0x2c/0x3c)
[   22.719085] [<c0024b08>] (warn_slowpath_fmt) from [<c018e834>] (kobject_add_internal+0x240/0x2ac)
[   22.719277] [<c018e834>] (kobject_add_internal) from [<c018e9a8>] (kset_register+0x1c/0x44)
[   22.719448] [<c018e9a8>] (kset_register) from [<c02090b4>] (__class_register+0xa8/0x198)
[   22.719616] [<c02090b4>] (__class_register) from [<c02091e4>] (__class_create+0x40/0x70)
[   22.719784] [<c02091e4>] (__class_create) from [<c01adf68>] (register_devfs_stubs+0x314/0xbb4)
[   22.719963] [<c01adf68>] (register_devfs_stubs) from [<c05d9b08>] (init_module+0x28/0xa4)
[   22.720134] [<c05d9b08>] (init_module) from [<c0009670>] (do_one_initcall+0x104/0x1b4)
[   22.720300] [<c0009670>] (do_one_initcall) from [<c05c7d08>] (kernel_init_freeable+0xf0/0x1b0)
[   22.720476] [<c05c7d08>] (kernel_init_freeable) from [<c040f28c>] (kernel_init+0x8/0xe4)
[   22.720639] [<c040f28c>] (kernel_init) from [<c0016da8>] (ret_from_fork+0x14/0x2c)
[   22.720811] ---[ end trace 9303d949942e7b51 ]---
[   22.720979] firmadyne: Cannot create device class: gpio!
[   22.722737] firmadyne: Cannot register character device: watchdog, 0xa, 0x82!
[   22.722919] firmadyne: Cannot register character device: wdt, 0xfd, 0x0!
[   22.803957] PCI host bridge /pcie@10000000 ranges:
[   22.804543]    IO 0x3eff0000..0x3effffff -> 0x00000000
[   22.804919]   MEM 0x10000000..0x3efeffff -> 0x10000000
[   22.805056]   MEM 0x8000000000..0xffffffffff -> 0x8000000000
[   22.805734] pci-host-generic 3f000000.pcie: resource collision: [mem 0x00000000-0xffffffff] conflicts with /pl011@9000000 [mem 0x09000000-0x09000fff]
[   22.806432] pci-host-generic: probe of 3f000000.pcie failed with error -16
[   22.818307] Non-volatile memory driver v1.3
[   28.084619] cfg80211: Calling CRDA to update world regulatory domain
[   28.104132] brd: module loaded
[   32.842856] loop: module loaded
[   36.464835] cfg80211: Calling CRDA to update world regulatory domain
[   36.469651]  vda: vda1
[   36.481950] 0.flash: Found 2 x16 devices at 0x0 in 32-bit bank. Manufacturer ID 0x000000 Chip ID 0x000000
[   36.483884] Intel/Sharp Extended Query Table at 0x0031
[   36.485040] Using buffer write method
[   36.485498] erase region 0: offset=0x0,size=0x40000,blocks=256
[   36.493132] 0.flash: Found 2 x16 devices at 0x0 in 32-bit bank. Manufacturer ID 0x000000 Chip ID 0x000000
[   36.493393] Intel/Sharp Extended Query Table at 0x0031
[   36.494203] Using buffer write method
[   36.494321] erase region 0: offset=0x0,size=0x40000,blocks=256
[   36.494538] Concatenating MTD devices:
[   36.494646] (0): "0.flash"
[   36.494720] (1): "0.flash"
[   36.494787] into device "0.flash"
[   36.506088] [nandsim] warning: read_byte: unexpected data output cycle, state is STATE_READY return 0x0
[   36.506337] [nandsim] warning: read_byte: unexpected data output cycle, state is STATE_READY return 0x0
[   36.506514] [nandsim] warning: read_byte: unexpected data output cycle, state is STATE_READY return 0x0
[   36.507177] [nandsim] warning: read_byte: unexpected data output cycle, state is STATE_READY return 0x0
[   36.507364] [nandsim] warning: read_byte: unexpected data output cycle, state is STATE_READY return 0x0
[   36.507537] [nandsim] warning: read_byte: unexpected data output cycle, state is STATE_READY return 0x0
[   36.507990] nand: device found, Manufacturer ID: 0x98, Chip ID: 0x39
[   36.508141] nand: Toshiba NAND 128MiB 1,8V 8-bit
[   36.508268] nand: 128 MiB, SLC, erase size: 16 KiB, page size: 512, OOB size: 16
[   36.509208] flash size: 128 MiB
[   36.509296] page size: 512 bytes
[   36.509373] OOB area size: 16 bytes
[   36.509488] sector size: 16 KiB
[   36.509564] pages number: 262144
[   36.509638] pages per sector: 32
[   36.509713] bus width: 8
[   36.509775] bits in sector size: 14
[   36.509854] bits in page size: 9
[   36.509932] bits in OOB size: 4
[   36.510012] flash size with OOB: 135168 KiB
[   36.510103] page address bytes: 4
[   36.510179] sector address bytes: 3
[   36.510261] options: 0x42
[   40.317853] Scanning device for bad blocks
[   40.427700] cfg80211: Calling CRDA to update world regulatory domain
[   40.428888] firmadyne: do_execve: /firmadyne/console
[   40.429086] OFFSETS: offset of pid: 0x190 offset of comm: 0x270
[   40.429632] Creating 11 MTD partitions on "NAND 128MiB 1,8V 8-bit":
[   40.430058] 0x000000000000-0x000000100000 : "NAND simulator partition 0"
[   40.432287] 0x000000100000-0x000000200000 : "NAND simulator partition 1"
[   40.433781] 0x000000200000-0x000000300000 : "NAND simulator partition 2"
[   40.435202] 0x000000300000-0x000000400000 : "NAND simulator partition 3"
[   40.436799] 0x000000400000-0x000000500000 : "NAND simulator partition 4"
[   40.438212] 0x000000500000-0x000000600000 : "NAND simulator partition 5"
[   40.439605] 0x000000600000-0x000000700000 : "NAND simulator partition 6"
[   40.441193] 0x000000700000-0x000000800000 : "NAND simulator partition 7"
[   40.442548] 0x000000800000-0x000000900000 : "NAND simulator partition 8"
[   40.443916] 0x000000900000-0x000000a00000 : "NAND simulator partition 9"
[   40.445310] 0x000000a00000-0x000008000000 : "NAND simulator partition 10"
[   40.451180] tun: Universal TUN/TAP device driver, 1.6
[   40.451329] tun: (C) 1999-2004 Max Krasnyansky <maxk@qualcomm.com>
Starting firmware emulation... use Ctrl-a + x to exit
qemu-system-arm: terminating on signal 2 from pid 93291 (timeout)
[    0.000000] Booting Linux on physical CPU 0x0
[    0.000000] Linux version 4.1.17+ (vagrant@vagrant-ubuntu-trusty-64) (gcc version 5.3.0 (GCC) ) #1 Thu Feb 18 01:05:21 UTC 2016
[    0.000000] CPU: ARMv7 Processor [412fc0f1] revision 1 (ARMv7), cr=10c5387d
[    0.000000] CPU: PIPT / VIPT nonaliasing data cache, PIPT instruction cache
[    0.000000] Machine model: linux,dummy-virt
[    0.000000] debug: ignoring loglevel setting.
[    0.000000] Memory policy: Data cache writeback
[    0.000000] On node 0 totalpages: 65536
[    0.000000] free_area_init_node: node 0, pgdat c061dfe8, node_mem_map cfdf9000
[    0.000000]   Normal zone: 512 pages used for memmap
[    0.000000]   Normal zone: 0 pages reserved
[    0.000000]   Normal zone: 65536 pages, LIFO batch:15
[    0.000000] psci: probing for conduit method from DT.
[    0.000000] psci: PSCIv0.2 detected in firmware.
[    0.000000] psci: Using standard PSCI v0.2 function IDs
[    0.000000] CPU: All CPU(s) started in SVC mode.
[    0.000000] pcpu-alloc: s0 r0 d32768 u32768 alloc=1*32768
[    0.000000] pcpu-alloc: [0] 0 
[    0.000000] Built 1 zonelists in Zone order, mobility grouping on.  Total pages: 65024
[    0.000000] Kernel command line: root=/dev/vda1 console=ttyS0 nandsim.parts=64,64,64,64,64,64,64,64,64,64 rdinit=/firmadyne/preInit.sh rw debug ignore_loglevel print-fatal-signals=1 user_debug=31 firmadyne.syscall=0
[    0.000000] PID hash table entries: 1024 (order: 0, 4096 bytes)
[    0.000000] Dentry cache hash table entries: 32768 (order: 5, 131072 bytes)
[    0.000000] Inode-cache hash table entries: 16384 (order: 4, 65536 bytes)
[    0.000000] Memory: 253340K/262144K available (4297K kernel code, 170K rwdata, 1584K rodata, 180K init, 148K bss, 8804K reserved, 0K cma-reserved)
[    0.000000] Virtual kernel memory layout:
[    0.000000]     vector  : 0xffff0000 - 0xffff1000   (   4 kB)
[    0.000000]     fixmap  : 0xffc00000 - 0xfff00000   (3072 kB)
[    0.000000]     vmalloc : 0xd0800000 - 0xff000000   ( 744 MB)
[    0.000000]     lowmem  : 0xc0000000 - 0xd0000000   ( 256 MB)
[    0.000000]     modules : 0xbf000000 - 0xc0000000   (  16 MB)
[    0.000000]       .text : 0xc0008000 - 0xc05c67bc   (5882 kB)
[    0.000000]       .init : 0xc05c7000 - 0xc05f4000   ( 180 kB)
[    0.000000]       .data : 0xc05f4000 - 0xc061e840   ( 171 kB)
[    0.000000]        .bss : 0xc0621000 - 0xc06462d4   ( 149 kB)
[    0.000000] NR_IRQS:16 nr_irqs:16 16
[    0.000000] Architected cp15 timer(s) running at 62.50MHz (virt).
[    0.000000] clocksource arch_sys_counter: mask: 0xffffffffffffff max_cycles: 0x1cd42e208c, max_idle_ns: 881590405314 ns
[    0.000160] sched_clock: 56 bits at 62MHz, resolution 16ns, wraps every 4398046511096ns
[    0.000304] Switching to timer-based delay loop, resolution 16ns
[    0.003440] Console: colour dummy device 80x30
[    0.003778] Calibrating delay loop (skipped), value calculated using timer frequency.. 125.00 BogoMIPS (lpj=625000)
[    0.003917] pid_max: default: 32768 minimum: 301
[    0.004879] Mount-cache hash table entries: 1024 (order: 0, 4096 bytes)
[    0.004923] Mountpoint-cache hash table entries: 1024 (order: 0, 4096 bytes)
[    4.193383] CPU: Testing write buffer coherency: ok
[    4.199635] Setting up static identity map for 0x40008240 - 0x40008298
[    4.214773] VFP support v0.3: implementor 41 architecture 4 part 30 variant f rev 0
[    4.226661] clocksource jiffies: mask: 0xffffffff max_cycles: 0xffffffff, max_idle_ns: 19112604462750000 ns
[    5.598678] NET: Registered protocol family 16
[    5.601887] DMA: preallocated 256 KiB pool for atomic coherent allocations
[    5.606072] cpuidle: using governor ladder
[    5.606230] cpuidle: using governor menu
[    5.626891] Serial: AMBA PL011 UART driver
[    5.629100] 9000000.pl011: ttyS0 at MMIO 0x9000000 (irq = 54, base_baud = 0) is a PL011 rev1
[    5.636740] console [ttyS0] enabled
[    5.658932] vgaarb: loaded
[    8.204439] SCSI subsystem initialized
[    8.205652] usbcore: registered new interface driver usbfs
[    8.206022] usbcore: registered new interface driver hub
[    8.206363] usbcore: registered new device driver usb
[    8.215776] cfg80211: Calling CRDA to update world regulatory domain
[    8.218176] Switched to clocksource arch_sys_counter
[    8.236440] NET: Registered protocol family 2
[    8.241889] TCP established hash table entries: 2048 (order: 1, 8192 bytes)
[    8.242166] TCP bind hash table entries: 2048 (order: 1, 8192 bytes)
[    8.242470] TCP: Hash tables configured (established 2048 bind 2048)
[    8.243005] UDP hash table entries: 256 (order: 0, 4096 bytes)
[    8.243250] UDP-Lite hash table entries: 256 (order: 0, 4096 bytes)
[    8.244679] NET: Registered protocol family 1
[    8.245152] PCI: CLS 0 bytes, default 64
[    8.252460] NetWinder Floating Point Emulator V0.97 (extended precision)
[    8.255235] futex hash table entries: 256 (order: -1, 3072 bytes)
[    8.260921] squashfs: version 4.0 (2009/01/31) Phillip Lougher
[    8.262354] jffs2: version 2.2. (NAND) © 2001-2006 Red Hat, Inc.
[   16.193976] cfg80211: Calling CRDA to update world regulatory domain
[   16.194703] romfs: ROMFS MTD (C) 2007 Red Hat, Inc.
[   16.203826] Block layer SCSI generic (bsg) driver version 0.4 loaded (major 253)
[   16.204186] io scheduler noop registered
[   16.204427] io scheduler cfq registered (default)
[   16.205136] firmadyne: devfs: 1, execute: 1, procfs: 1, syscall: 0
[   16.206531] ------------[ cut here ]------------
[   16.206740] WARNING: CPU: 0 PID: 1 at /home/vagrant/firmadyne-kernel/kernel-v4.1/fs/sysfs/dir.c:31 sysfs_warn_dup+0x50/0x6c()
[   16.206971] sysfs: cannot create duplicate filename '/class/gpio'
[   16.207134] Modules linked in:
[   16.207456] CPU: 0 PID: 1 Comm: swapper Not tainted 4.1.17+ #1
[   16.207597] Hardware name: Generic DT based system
[   16.208472] [<c001c99c>] (unwind_backtrace) from [<c0019d30>] (show_stack+0x10/0x14)
[   16.208757] [<c0019d30>] (show_stack) from [<c0024ab4>] (warn_slowpath_common+0x80/0xa8)
[   16.208987] [<c0024ab4>] (warn_slowpath_common) from [<c0024b08>] (warn_slowpath_fmt+0x2c/0x3c)
[   16.209231] [<c0024b08>] (warn_slowpath_fmt) from [<c00e363c>] (sysfs_warn_dup+0x50/0x6c)
[   16.209413] [<c00e363c>] (sysfs_warn_dup) from [<c00e3714>] (sysfs_create_dir_ns+0x74/0x84)
[   16.209598] [<c00e3714>] (sysfs_create_dir_ns) from [<c018e6ac>] (kobject_add_internal+0xb8/0x2ac)
[   16.209790] [<c018e6ac>] (kobject_add_internal) from [<c018e9a8>] (kset_register+0x1c/0x44)
[   16.209971] [<c018e9a8>] (kset_register) from [<c02090b4>] (__class_register+0xa8/0x198)
[   16.210148] [<c02090b4>] (__class_register) from [<c02091e4>] (__class_create+0x40/0x70)
[   16.210322] [<c02091e4>] (__class_create) from [<c01adf68>] (register_devfs_stubs+0x314/0xbb4)
[   16.210507] [<c01adf68>] (register_devfs_stubs) from [<c05d9b08>] (init_module+0x28/0xa4)
[   16.210717] [<c05d9b08>] (init_module) from [<c0009670>] (do_one_initcall+0x104/0x1b4)
[   16.210892] [<c0009670>] (do_one_initcall) from [<c05c7d08>] (kernel_init_freeable+0xf0/0x1b0)
[   16.211080] [<c05c7d08>] (kernel_init_freeable) from [<c040f28c>] (kernel_init+0x8/0xe4)
[   16.211251] [<c040f28c>] (kernel_init) from [<c0016da8>] (ret_from_fork+0x14/0x2c)
[   16.211524] ---[ end trace d8453edd8ab8f494 ]---
[   16.211721] ------------[ cut here ]------------
[   16.211836] WARNING: CPU: 0 PID: 1 at /home/vagrant/firmadyne-kernel/kernel-v4.1/lib/kobject.c:240 kobject_add_internal+0x240/0x2ac()
[   16.212058] kobject_add_internal failed for gpio with -EEXIST, don't try to register things with the same name in the same directory.
[   16.212272] Modules linked in:
[   16.212421] CPU: 0 PID: 1 Comm: swapper Tainted: G        W       4.1.17+ #1
[   16.212559] Hardware name: Generic DT based system
[   16.212680] [<c001c99c>] (unwind_backtrace) from [<c0019d30>] (show_stack+0x10/0x14)
[   16.212848] [<c0019d30>] (show_stack) from [<c0024ab4>] (warn_slowpath_common+0x80/0xa8)
[   16.213038] [<c0024ab4>] (warn_slowpath_common) from [<c0024b08>] (warn_slowpath_fmt+0x2c/0x3c)
[   16.213223] [<c0024b08>] (warn_slowpath_fmt) from [<c018e834>] (kobject_add_internal+0x240/0x2ac)
[   16.213416] [<c018e834>] (kobject_add_internal) from [<c018e9a8>] (kset_register+0x1c/0x44)
[   16.213590] [<c018e9a8>] (kset_register) from [<c02090b4>] (__class_register+0xa8/0x198)
[   16.213760] [<c02090b4>] (__class_register) from [<c02091e4>] (__class_create+0x40/0x70)
[   16.213930] [<c02091e4>] (__class_create) from [<c01adf68>] (register_devfs_stubs+0x314/0xbb4)
[   16.214112] [<c01adf68>] (register_devfs_stubs) from [<c05d9b08>] (init_module+0x28/0xa4)
[   16.214285] [<c05d9b08>] (init_module) from [<c0009670>] (do_one_initcall+0x104/0x1b4)
[   16.214453] [<c0009670>] (do_one_initcall) from [<c05c7d08>] (kernel_init_freeable+0xf0/0x1b0)
[   16.214630] [<c05c7d08>] (kernel_init_freeable) from [<c040f28c>] (kernel_init+0x8/0xe4)
[   16.214797] [<c040f28c>] (kernel_init) from [<c0016da8>] (ret_from_fork+0x14/0x2c)
[   16.214964] ---[ end trace d8453edd8ab8f495 ]---
[   16.215130] firmadyne: Cannot create device class: gpio!
[   16.216913] firmadyne: Cannot register character device: watchdog, 0xa, 0x82!
[   16.217100] firmadyne: Cannot register character device: wdt, 0xfd, 0x0!
[   16.299492] PCI host bridge /pcie@10000000 ranges:
[   16.300068]    IO 0x3eff0000..0x3effffff -> 0x00000000
[   16.300456]   MEM 0x10000000..0x3efeffff -> 0x10000000
[   16.300588]   MEM 0x8000000000..0xffffffffff -> 0x8000000000
[   16.301317] pci-host-generic 3f000000.pcie: resource collision: [mem 0x00000000-0xffffffff] conflicts with /pl011@9000000 [mem 0x09000000-0x09000fff]
[   16.302068] pci-host-generic: probe of 3f000000.pcie failed with error -16
[   16.314057] Non-volatile memory driver v1.3
[   19.465311] cfg80211: Calling CRDA to update world regulatory domain
[   19.484335] brd: module loaded
[   19.494497] loop: module loaded
[   24.266240] cfg80211: Calling CRDA to update world regulatory domain
[   33.474403]  vda: vda1
[   33.475576] cfg80211: Calling CRDA to update world regulatory domain
[   33.487186] 0.flash: Found 2 x16 devices at 0x0 in 32-bit bank. Manufacturer ID 0x000000 Chip ID 0x000000
[   33.489251] Intel/Sharp Extended Query Table at 0x0031
[   33.490412] Using buffer write method
[   33.490851] erase region 0: offset=0x0,size=0x40000,blocks=256
[   33.498904] 0.flash: Found 2 x16 devices at 0x0 in 32-bit bank. Manufacturer ID 0x000000 Chip ID 0x000000
[   33.499187] Intel/Sharp Extended Query Table at 0x0031
[   33.499984] Using buffer write method
[   33.500103] erase region 0: offset=0x0,size=0x40000,blocks=256
[   33.500317] Concatenating MTD devices:
[   33.500425] (0): "0.flash"
[   33.500498] (1): "0.flash"
[   33.500564] into device "0.flash"
[   33.512442] [nandsim] warning: read_byte: unexpected data output cycle, state is STATE_READY return 0x0
[   33.512695] [nandsim] warning: read_byte: unexpected data output cycle, state is STATE_READY return 0x0
[   33.512888] [nandsim] warning: read_byte: unexpected data output cycle, state is STATE_READY return 0x0
[   33.513081] [nandsim] warning: read_byte: unexpected data output cycle, state is STATE_READY return 0x0
[   33.513253] [nandsim] warning: read_byte: unexpected data output cycle, state is STATE_READY return 0x0
[   33.513424] [nandsim] warning: read_byte: unexpected data output cycle, state is STATE_READY return 0x0
[   33.513852] nand: device found, Manufacturer ID: 0x98, Chip ID: 0x39
[   33.514012] nand: Toshiba NAND 128MiB 1,8V 8-bit
[   33.514151] nand: 128 MiB, SLC, erase size: 16 KiB, page size: 512, OOB size: 16
[   33.515092] flash size: 128 MiB
[   33.515177] page size: 512 bytes
[   33.515252] OOB area size: 16 bytes
[   33.515330] sector size: 16 KiB
[   33.515401] pages number: 262144
[   33.515474] pages per sector: 32
[   33.515545] bus width: 8
[   33.515609] bits in sector size: 14
[   33.515686] bits in page size: 9
[   33.515762] bits in OOB size: 4
[   33.515857] flash size with OOB: 135168 KiB
[   33.515942] page address bytes: 4
[   33.516013] sector address bytes: 3
[   33.516106] options: 0x42
[   33.520827] Scanning device for bad blocks
[   33.630321] firmadyne: do_execve: /firmadyne/console
[   33.630556] OFFSETS: offset of pid: 0x190 offset of comm: 0x270
[   33.631063] Creating 11 MTD partitions on "NAND 128MiB 1,8V 8-bit":
[   33.631480] 0x000000000000-0x000000100000 : "NAND simulator partition 0"
[   33.633804] 0x000000100000-0x000000200000 : "NAND simulator partition 1"
[   33.635312] 0x000000200000-0x000000300000 : "NAND simulator partition 2"
[   33.636741] 0x000000300000-0x000000400000 : "NAND simulator partition 3"
[   33.638445] 0x000000400000-0x000000500000 : "NAND simulator partition 4"
[   33.639886] 0x000000500000-0x000000600000 : "NAND simulator partition 5"
[   33.641398] 0x000000600000-0x000000700000 : "NAND simulator partition 6"
[   33.643085] 0x000000700000-0x000000800000 : "NAND simulator partition 7"
[   33.644458] 0x000000800000-0x000000900000 : "NAND simulator partition 8"
[   33.645879] 0x000000900000-0x000000a00000 : "NAND simulator partition 9"
[   33.647290] 0x000000a00000-0x000008000000 : "NAND simulator partition 10"
[   33.653315] tun: Universal TUN/TAP device driver, 1.6
[   33.653471] tun: (C) 1999-2004 Max Krasnyansky <maxk@qualcomm.com>
[   33.998159] PPP generic driver version 2.4.2
[   33.999009] PPP BSD Compression module registered
[   33.999179] PPP Deflate Compression module registered
[   33.999445] PPP MPPE Compression module registered
[   33.999585] NET: Registered protocol family 24
[   33.999927] PPTP driver version 0.8.5
[   34.262874] usbcore: registered new interface driver usb-storage
[   34.266438] rtc-pl031 9010000.pl031: rtc core: registered pl031 as rtc0
[   34.267228] hidraw: raw HID events driver (C) Jiri Kosina
[   34.267794] usbcore: registered new interface driver usbhid
[   34.268324] usbhid: USB HID core driver
[   34.268934] Netfilter messages via NETLINK v0.30.
[   34.269677] nf_conntrack version 0.5.0 (3958 buckets, 15832 max)
[   34.271290] ctnetlink v0.93: registering with nfnetlink.
[   34.272858] ipip: IPv4 over IPv4 tunneling driver
[   34.275288] gre: GRE over IPv4 demultiplexor driver
[   34.275460] ip_gre: GRE over IPv4 tunneling driver
[   34.280631] ip_tables: (C) 2000-2006 Netfilter Core Team
[   34.282501] arp_tables: (C) 2002 David S. Miller
[   34.283616] Initializing XFRM netlink socket
[   34.284197] NET: Registered protocol family 10
