>> Database Image ID: 105

/home/zhumengfan/firmware/firmwares/1cdd6694cec7675ae7ace06d091f93c42c4ef856.ZIP
>> MD5: fadbace33006dba69907d823164eb535
>> Tag: 105
>> Temp: /tmp/tmpwzSOdT
>> Status: Kernel: True, Rootfs: False, Do_Kernel: False,                 Do_Rootfs: True
>>>> Zip archive data, at least v2.0 to extract, compressed size: 6185772, uncompressed size: 6213600, name: dgs121016_fw_202A005.hex
>> Recursing into archive ...
	
/tmp/tmpwzSOdT/_1cdd6694cec7675ae7ace06d091f93c42c4ef856.ZIP.extracted/dgs121016_fw_202A005.hex
	>> MD5: 324da6b37ceca658eab0af54d8695688
	>> Tag: 105
	>> Temp: /tmp/tmpIbaTbs
	>> Status: Kernel: True, Rootfs: False, Do_Kernel: False,                 Do_Rootfs: True
	>>>> Squashfs filesystem, little endian, version 3.1, size: 5032432 bytes, 221 inodes, blocksize: 131072 bytes, created: 2012-05-03 04:09:27
	>>>> Found Linux filesystem in /tmp/tmpIbaTbs/_dgs121016_fw_202A005.hex.extracted/squashfs-root!
	>> Skipping: completed!
	>> Cleaning up /tmp/tmpIbaTbs...
>> Skipping: completed!
>> Cleaning up /tmp/tmpwzSOdT...
./bin/busybox: armel
Querying database for architecture... armel
----Running----
----Copying Filesystem Tarball----
----Creating QEMU Image----
Formatting '/home/zhumengfan/firmadyne//scratch//105//image.raw', fmt=raw size=1073741824
----Creating Partition Table----

Welcome to fdisk (util-linux 2.27.1).
Changes will remain in memory only, until you decide to write them.
Be careful before using the write command.

Device does not contain a recognized partition table.
Created a new DOS disklabel with disk identifier 0xd730968e.

Command (m for help): Created a new DOS disklabel with disk identifier 0x2e554cf9.

Command (m for help): Partition type
   p   primary (0 primary, 0 extended, 4 free)
   e   extended (container for logical partitions)
Select (default p): Partition number (1-4, default 1): First sector (2048-2097151, default 2048): Last sector, +sectors or +size{K,M,G,T,P} (2048-2097151, default 2097151): 
Created a new partition 1 of type 'Linux' and of size 1023 MiB.

Command (m for help): The partition table has been altered.
Syncing disks.

----Mounting QEMU Image----
add map loop0p1 (252:0): 0 2095104 linear 7:0 2048
----Creating Filesystem----
mke2fs 1.42.13 (17-May-2015)
Discarding device blocks:   4096/261888             done                            
Creating filesystem with 261888 4k blocks and 65536 inodes
Filesystem UUID: 7f703056-7dde-44ca-a0b9-03614618cb3a
Superblock backups stored on blocks: 
	32768, 98304, 163840, 229376

Allocating group tables: 0/8   done                            
Writing inode tables: 0/8   done                            
Writing superblocks and filesystem accounting information: 0/8   done

----Making QEMU Image Mountpoint----
----Mounting QEMU Image Partition 1----
----Extracting Filesystem Tarball----
----Creating FIRMADYNE Directories----
----Patching Filesystem (chroot)----
Creating /etc/TZ!
Creating /etc/hosts!
Warning: Recreating device nodes!
mkdir: can't create directory '/dev/mtd': No such file or directory
mknod: /dev/mtd/0: No such file or directory
mknod: /dev/mtd/1: No such file or directory
mknod: /dev/mtd/2: No such file or directory
mknod: /dev/mtd/3: No such file or directory
mknod: /dev/mtd/4: No such file or directory
mknod: /dev/mtd/5: No such file or directory
mknod: /dev/mtd/6: No such file or directory
mknod: /dev/mtd/7: No such file or directory
mknod: /dev/mtd/8: No such file or directory
mknod: /dev/mtd/9: No such file or directory
mknod: /dev/mtd/10: No such file or directory
Removing /etc/scripts/sys_resetbutton!
----Setting up FIRMADYNE----
----Unmounting QEMU Image----
loop deleted : /dev/loop0
Querying database for architecture... armel
Running firmware 105: terminating after 60 secs...
qemu-system-arm: terminating on signal 2 from pid 117177 (timeout)
Inferring network...
Interfaces: []
Done!
[    0.000000] Booting Linux on physical CPU 0x0
[    0.000000] Linux version 4.1.17+ (vagrant@vagrant-ubuntu-trusty-64) (gcc version 5.3.0 (GCC) ) #1 Thu Feb 18 01:05:21 UTC 2016
[    0.000000] CPU: ARMv7 Processor [412fc0f1] revision 1 (ARMv7), cr=10c5387d
[    0.000000] CPU: PIPT / VIPT nonaliasing data cache, PIPT instruction cache
[    0.000000] Machine model: linux,dummy-virt
[    0.000000] debug: ignoring loglevel setting.
[    0.000000] Memory policy: Data cache writeback
[    0.000000] On node 0 totalpages: 65536
[    0.000000] free_area_init_node: node 0, pgdat c061dfe8, node_mem_map cfdf9000
[    0.000000]   Normal zone: 512 pages used for memmap
[    0.000000]   Normal zone: 0 pages reserved
[    0.000000]   Normal zone: 65536 pages, LIFO batch:15
[    0.000000] psci: probing for conduit method from DT.
[    0.000000] psci: PSCIv0.2 detected in firmware.
[    0.000000] psci: Using standard PSCI v0.2 function IDs
[    0.000000] CPU: All CPU(s) started in SVC mode.
[    0.000000] pcpu-alloc: s0 r0 d32768 u32768 alloc=1*32768
[    0.000000] pcpu-alloc: [0] 0 
[    0.000000] Built 1 zonelists in Zone order, mobility grouping on.  Total pages: 65024
[    0.000000] Kernel command line: firmadyne.syscall=1 root=/dev/vda1 console=ttyS0 nandsim.parts=64,64,64,64,64,64,64,64,64,64 rdinit=/firmadyne/preInit.sh rw debug ignore_loglevel print-fatal-signals=1 user_debug=31
[    0.000000] PID hash table entries: 1024 (order: 0, 4096 bytes)
[    0.000000] Dentry cache hash table entries: 32768 (order: 5, 131072 bytes)
[    0.000000] Inode-cache hash table entries: 16384 (order: 4, 65536 bytes)
[    0.000000] Memory: 253340K/262144K available (4297K kernel code, 170K rwdata, 1584K rodata, 180K init, 148K bss, 8804K reserved, 0K cma-reserved)
[    0.000000] Virtual kernel memory layout:
[    0.000000]     vector  : 0xffff0000 - 0xffff1000   (   4 kB)
[    0.000000]     fixmap  : 0xffc00000 - 0xfff00000   (3072 kB)
[    0.000000]     vmalloc : 0xd0800000 - 0xff000000   ( 744 MB)
[    0.000000]     lowmem  : 0xc0000000 - 0xd0000000   ( 256 MB)
[    0.000000]     modules : 0xbf000000 - 0xc0000000   (  16 MB)
[    0.000000]       .text : 0xc0008000 - 0xc05c67bc   (5882 kB)
[    0.000000]       .init : 0xc05c7000 - 0xc05f4000   ( 180 kB)
[    0.000000]       .data : 0xc05f4000 - 0xc061e840   ( 171 kB)
[    0.000000]        .bss : 0xc0621000 - 0xc06462d4   ( 149 kB)
[    0.000000] NR_IRQS:16 nr_irqs:16 16
[    0.000000] Architected cp15 timer(s) running at 62.50MHz (virt).
[    0.000000] clocksource arch_sys_counter: mask: 0xffffffffffffff max_cycles: 0x1cd42e208c, max_idle_ns: 881590405314 ns
[    0.000163] sched_clock: 56 bits at 62MHz, resolution 16ns, wraps every 4398046511096ns
[    0.000305] Switching to timer-based delay loop, resolution 16ns
[    0.003581] Console: colour dummy device 80x30
[    0.003945] Calibrating delay loop (skipped), value calculated using timer frequency.. 125.00 BogoMIPS (lpj=625000)
[    0.004085] pid_max: default: 32768 minimum: 301
[    0.005044] Mount-cache hash table entries: 1024 (order: 0, 4096 bytes)
[    0.005083] Mountpoint-cache hash table entries: 1024 (order: 0, 4096 bytes)
[    0.014898] CPU: Testing write buffer coherency: ok
[    0.021165] Setting up static identity map for 0x40008240 - 0x40008298
[    0.035824] VFP support v0.3: implementor 41 architecture 4 part 30 variant f rev 0
[    0.776629] clocksource jiffies: mask: 0xffffffff max_cycles: 0xffffffff, max_idle_ns: 19112604462750000 ns
[    0.786054] NET: Registered protocol family 16
[    0.789245] DMA: preallocated 256 KiB pool for atomic coherent allocations
[    0.793446] cpuidle: using governor ladder
[    0.793613] cpuidle: using governor menu
[    0.814129] Serial: AMBA PL011 UART driver
[    0.816321] 9000000.pl011: ttyS0 at MMIO 0x9000000 (irq = 54, base_baud = 0) is a PL011 rev1
[    0.823575] console [ttyS0] enabled
[    3.041339] vgaarb: loaded
[    3.042970] SCSI subsystem initialized
[    3.044257] usbcore: registered new interface driver usbfs
[    3.044626] usbcore: registered new interface driver hub
[    3.044958] usbcore: registered new device driver usb
[    3.054862] cfg80211: Calling CRDA to update world regulatory domain
[    3.057524] Switched to clocksource arch_sys_counter
[    3.075827] NET: Registered protocol family 2
[    3.081518] TCP established hash table entries: 2048 (order: 1, 8192 bytes)
[    3.081820] TCP bind hash table entries: 2048 (order: 1, 8192 bytes)
[    3.082137] TCP: Hash tables configured (established 2048 bind 2048)
[    3.082707] UDP hash table entries: 256 (order: 0, 4096 bytes)
[    3.083068] UDP-Lite hash table entries: 256 (order: 0, 4096 bytes)
[    3.084648] NET: Registered protocol family 1
[    3.085115] PCI: CLS 0 bytes, default 64
[    3.092690] NetWinder Floating Point Emulator V0.97 (extended precision)
[    4.328883] futex hash table entries: 256 (order: -1, 3072 bytes)
[    4.335523] squashfs: version 4.0 (2009/01/31) Phillip Lougher
[    4.336952] jffs2: version 2.2. (NAND) © 2001-2006 Red Hat, Inc.
[    4.337942] romfs: ROMFS MTD (C) 2007 Red Hat, Inc.
[    4.346909] Block layer SCSI generic (bsg) driver version 0.4 loaded (major 253)
[    4.347491] io scheduler noop registered
[    4.347733] io scheduler cfq registered (default)
[    4.348424] firmadyne: devfs: 1, execute: 1, procfs: 1, syscall: 1
[    4.349786] ------------[ cut here ]------------
[    4.349993] WARNING: CPU: 0 PID: 1 at /home/vagrant/firmadyne-kernel/kernel-v4.1/fs/sysfs/dir.c:31 sysfs_warn_dup+0x50/0x6c()
[    4.350254] sysfs: cannot create duplicate filename '/class/gpio'
[    4.350413] Modules linked in:
[    4.350738] CPU: 0 PID: 1 Comm: swapper Not tainted 4.1.17+ #1
[    4.350878] Hardware name: Generic DT based system
[    4.351569] [<c001c99c>] (unwind_backtrace) from [<c0019d30>] (show_stack+0x10/0x14)
[    4.351844] [<c0019d30>] (show_stack) from [<c0024ab4>] (warn_slowpath_common+0x80/0xa8)
[    4.352041] [<c0024ab4>] (warn_slowpath_common) from [<c0024b08>] (warn_slowpath_fmt+0x2c/0x3c)
[    4.352273] [<c0024b08>] (warn_slowpath_fmt) from [<c00e363c>] (sysfs_warn_dup+0x50/0x6c)
[    4.352449] [<c00e363c>] (sysfs_warn_dup) from [<c00e3714>] (sysfs_create_dir_ns+0x74/0x84)
[    4.352631] [<c00e3714>] (sysfs_create_dir_ns) from [<c018e6ac>] (kobject_add_internal+0xb8/0x2ac)
[    4.352818] [<c018e6ac>] (kobject_add_internal) from [<c018e9a8>] (kset_register+0x1c/0x44)
[    4.352997] [<c018e9a8>] (kset_register) from [<c02090b4>] (__class_register+0xa8/0x198)
[    4.353171] [<c02090b4>] (__class_register) from [<c02091e4>] (__class_create+0x40/0x70)
[    4.353355] [<c02091e4>] (__class_create) from [<c01adf68>] (register_devfs_stubs+0x314/0xbb4)
[    4.353536] [<c01adf68>] (register_devfs_stubs) from [<c05d9b08>] (init_module+0x28/0xa4)
[    4.353742] [<c05d9b08>] (init_module) from [<c0009670>] (do_one_initcall+0x104/0x1b4)
[    4.353914] [<c0009670>] (do_one_initcall) from [<c05c7d08>] (kernel_init_freeable+0xf0/0x1b0)
[    4.354098] [<c05c7d08>] (kernel_init_freeable) from [<c040f28c>] (kernel_init+0x8/0xe4)
[    4.354265] [<c040f28c>] (kernel_init) from [<c0016da8>] (ret_from_fork+0x14/0x2c)
[    4.354522] ---[ end trace f569576a23964dc7 ]---
[    4.354717] ------------[ cut here ]------------
[    4.354829] WARNING: CPU: 0 PID: 1 at /home/vagrant/firmadyne-kernel/kernel-v4.1/lib/kobject.c:240 kobject_add_internal+0x240/0x2ac()
[    4.355045] kobject_add_internal failed for gpio with -EEXIST, don't try to register things with the same name in the same directory.
[    4.355256] Modules linked in:
[    4.355400] CPU: 0 PID: 1 Comm: swapper Tainted: G        W       4.1.17+ #1
[    4.355535] Hardware name: Generic DT based system
[    4.355653] [<c001c99c>] (unwind_backtrace) from [<c0019d30>] (show_stack+0x10/0x14)
[    4.355816] [<c0019d30>] (show_stack) from [<c0024ab4>] (warn_slowpath_common+0x80/0xa8)
[    4.355986] [<c0024ab4>] (warn_slowpath_common) from [<c0024b08>] (warn_slowpath_fmt+0x2c/0x3c)
[    4.356164] [<c0024b08>] (warn_slowpath_fmt) from [<c018e834>] (kobject_add_internal+0x240/0x2ac)
[    4.356356] [<c018e834>] (kobject_add_internal) from [<c018e9a8>] (kset_register+0x1c/0x44)
[    4.356527] [<c018e9a8>] (kset_register) from [<c02090b4>] (__class_register+0xa8/0x198)
[    4.356694] [<c02090b4>] (__class_register) from [<c02091e4>] (__class_create+0x40/0x70)
[    4.356861] [<c02091e4>] (__class_create) from [<c01adf68>] (register_devfs_stubs+0x314/0xbb4)
[    4.357040] [<c01adf68>] (register_devfs_stubs) from [<c05d9b08>] (init_module+0x28/0xa4)
[    4.357407] [<c05d9b08>] (init_module) from [<c0009670>] (do_one_initcall+0x104/0x1b4)
[    4.357583] [<c0009670>] (do_one_initcall) from [<c05c7d08>] (kernel_init_freeable+0xf0/0x1b0)
[    4.357760] [<c05c7d08>] (kernel_init_freeable) from [<c040f28c>] (kernel_init+0x8/0xe4)
[    4.357922] [<c040f28c>] (kernel_init) from [<c0016da8>] (ret_from_fork+0x14/0x2c)
[    4.358094] ---[ end trace f569576a23964dc8 ]---
[    4.358263] firmadyne: Cannot create device class: gpio!
[    4.360019] firmadyne: Cannot register character device: watchdog, 0xa, 0x82!
[    4.360196] firmadyne: Cannot register character device: wdt, 0xfd, 0x0!
[    4.444379] PCI host bridge /pcie@10000000 ranges:
[    4.444963]    IO 0x3eff0000..0x3effffff -> 0x00000000
[    4.445334]   MEM 0x10000000..0x3efeffff -> 0x10000000
[    4.445464]   MEM 0x8000000000..0xffffffffff -> 0x8000000000
[    4.446141] pci-host-generic 3f000000.pcie: resource collision: [mem 0x00000000-0xffffffff] conflicts with /pl011@9000000 [mem 0x09000000-0x09000fff]
[    4.446841] pci-host-generic: probe of 3f000000.pcie failed with error -16
[    4.459105] Non-volatile memory driver v1.3
[    8.238285] cfg80211: Calling CRDA to update world regulatory domain
[    8.257821] brd: module loaded
[   12.002503] loop: module loaded
[   12.481629] cfg80211: Calling CRDA to update world regulatory domain
[   12.486076]  vda: vda1
[   12.498165] 0.flash: Found 2 x16 devices at 0x0 in 32-bit bank. Manufacturer ID 0x000000 Chip ID 0x000000
[   12.498854] Intel/Sharp Extended Query Table at 0x0031
[   12.501373] Using buffer write method
[   12.501827] erase region 0: offset=0x0,size=0x40000,blocks=256
[   12.509193] 0.flash: Found 2 x16 devices at 0x0 in 32-bit bank. Manufacturer ID 0x000000 Chip ID 0x000000
[   12.509427] Intel/Sharp Extended Query Table at 0x0031
[   12.510159] Using buffer write method
[   12.510275] erase region 0: offset=0x0,size=0x40000,blocks=256
[   12.510472] Concatenating MTD devices:
[   12.510575] (0): "0.flash"
[   12.510645] (1): "0.flash"
[   12.510710] into device "0.flash"
[   12.521976] [nandsim] warning: read_byte: unexpected data output cycle, state is STATE_READY return 0x0
[   12.522194] [nandsim] warning: read_byte: unexpected data output cycle, state is STATE_READY return 0x0
[   12.522369] [nandsim] warning: read_byte: unexpected data output cycle, state is STATE_READY return 0x0
[   12.522538] [nandsim] warning: read_byte: unexpected data output cycle, state is STATE_READY return 0x0
[   12.522706] [nandsim] warning: read_byte: unexpected data output cycle, state is STATE_READY return 0x0
[   12.522875] [nandsim] warning: read_byte: unexpected data output cycle, state is STATE_READY return 0x0
[   12.523290] nand: device found, Manufacturer ID: 0x98, Chip ID: 0x39
[   12.523436] nand: Toshiba NAND 128MiB 1,8V 8-bit
[   12.523557] nand: 128 MiB, SLC, erase size: 16 KiB, page size: 512, OOB size: 16
[   12.524456] flash size: 128 MiB
[   12.524540] page size: 512 bytes
[   12.524614] OOB area size: 16 bytes
[   12.524692] sector size: 16 KiB
[   12.524763] pages number: 262144
[   12.524834] pages per sector: 32
[   12.524905] bus width: 8
[   12.524968] bits in sector size: 14
[   12.525045] bits in page size: 9
[   12.525120] bits in OOB size: 4
[   12.525195] flash size with OOB: 135168 KiB
[   12.525292] page address bytes: 4
[   12.525366] sector address bytes: 3
[   12.525442] options: 0x42
[   14.892553] Scanning device for bad blocks
[   15.000180] firmadyne: do_execve: /firmadyne/console
[   15.000409] OFFSETS: offset of pid: 0x190 offset of comm: 0x270
[   15.000913] Creating 11 MTD partitions on "NAND 128MiB 1,8V 8-bit":
[   15.001362] 0x000000000000-0x000000100000 : "NAND simulator partition 0"
[   15.003702] 0x000000100000-0x000000200000 : "NAND simulator partition 1"
[   15.005120] 0x000000200000-0x000000300000 : "NAND simulator partition 2"
[   15.006514] 0x000000300000-0x000000400000 : "NAND simulator partition 3"
[   15.008106] 0x000000400000-0x000000500000 : "NAND simulator partition 4"
[   15.009504] 0x000000500000-0x000000600000 : "NAND simulator partition 5"
[   15.010892] 0x000000600000-0x000000700000 : "NAND simulator partition 6"
[   15.012496] 0x000000700000-0x000000800000 : "NAND simulator partition 7"
[   15.013847] 0x000000800000-0x000000900000 : "NAND simulator partition 8"
[   15.015200] 0x000000900000-0x000000a00000 : "NAND simulator partition 9"
[   15.016584] 0x000000a00000-0x000008000000 : "NAND simulator partition 10"
[   15.022609] tun: Universal TUN/TAP device driver, 1.6
[   15.022770] tun: (C) 1999-2004 Max Krasnyansky <maxk@qualcomm.com>
[   19.158533] PPP generic driver version 2.4.2
[   19.159416] PPP BSD Compression module registered
[   19.159604] PPP Deflate Compression module registered
[   19.159872] PPP MPPE Compression module registered
[   19.160021] NET: Registered protocol family 24
[   19.160372] PPTP driver version 0.8.5
[   19.161324] cfg80211: Calling CRDA to update world regulatory domain
[   22.698015] cfg80211: Calling CRDA to update world regulatory domain
[   22.699051] usbcore: registered new interface driver usb-storage
[   22.702787] rtc-pl031 9010000.pl031: rtc core: registered pl031 as rtc0
[   22.703618] hidraw: raw HID events driver (C) Jiri Kosina
[   22.704161] usbcore: registered new interface driver usbhid
[   22.704292] usbhid: USB HID core driver
[   22.704829] Netfilter messages via NETLINK v0.30.
[   22.705514] nf_conntrack version 0.5.0 (3958 buckets, 15832 max)
[   22.707027] ctnetlink v0.93: registering with nfnetlink.
[   22.708684] ipip: IPv4 over IPv4 tunneling driver
[   22.710881] gre: GRE over IPv4 demultiplexor driver
[   22.711049] ip_gre: GRE over IPv4 tunneling driver
[   25.479561] ip_tables: (C) 2000-2006 Netfilter Core Team
[   25.481346] arp_tables: (C) 2002 David S. Miller
[   25.482446] Initializing XFRM netlink socket
[   25.483030] NET: Registered protocol family 10
[   25.490740] ip6_tables: (C) 2000-2006 Netfilter Core Team
[   25.492571] sit: IPv6 over IPv4 tunneling driver
[   25.496465] NET: Registered protocol family 17
[   25.497151] bridge: automatic filtering via arp/ip/ip6tables has been deprecated. Update your scripts to load br_netfilter if you need this.
[   25.497598] Bridge firewalling registered
[   25.497746] Ebtables v2.0 registered
[   25.498981] 8021q: 802.1Q VLAN Support v1.8
[   25.499685] Registering SWP/SWPB emulation handler
[   25.502541] rtc-pl031 9010000.pl031: setting system clock to 2018-07-19 11:59:28 UTC (1532001568)
[   25.513570] EXT4-fs (vda1): couldn't mount as ext3 due to feature incompatibilities
[   25.515161] EXT4-fs (vda1): mounting ext2 file system using the ext4 subsystem
[   25.526691] EXT4-fs (vda1): mounted filesystem without journal. Opts: (null)
[   25.527902] VFS: Mounted root (ext2 filesystem) on device 254:1.
[   27.453241] Freeing unused kernel memory: 180K (c05c7000 - c05f4000)
[   27.455159] cfg80211: Calling CRDA to update world regulatory domain
[   31.940547] cfg80211: Calling CRDA to update world regulatory domain
[   31.967554] firmadyne: sys_reboot[PID: 54 (init)]: magic1:fee1dead, magic2:28121969, cmd:0
[   34.041564] firmadyne: sys_socket[PID: 1 (init)]: family:1, type:2, protocol:0
[   34.053567] firmadyne: sys_socket[PID: 55 (init)]: family:1, type:2, protocol:0
[   37.907570] cfg80211: Calling CRDA to update world regulatory domain
[   43.865849] cfg80211: Calling CRDA to update world regulatory domain
[   49.504114] cfg80211: Calling CRDA to update world regulatory domain
[   49.533513] firmadyne: sys_socket[PID: 64 (telnetd)]: family:2, type:1, protocol:0
[   49.536419] firmadyne: sys_setsockopt[PID: 64 (telnetd)]: fd:3, level:1, optname:2
[   49.537437] firmadyne: inet_bind[PID: 64 (telnetd)]: proto:SOCK_STREAM, port:23
Starting firmware emulation... use Ctrl-a + x to exit
qemu-system-arm: terminating on signal 2 from pid 117327 (timeout)
[    0.000000] Booting Linux on physical CPU 0x0
[    0.000000] Linux version 4.1.17+ (vagrant@vagrant-ubuntu-trusty-64) (gcc version 5.3.0 (GCC) ) #1 Thu Feb 18 01:05:21 UTC 2016
[    0.000000] CPU: ARMv7 Processor [412fc0f1] revision 1 (ARMv7), cr=10c5387d
[    0.000000] CPU: PIPT / VIPT nonaliasing data cache, PIPT instruction cache
[    0.000000] Machine model: linux,dummy-virt
[    0.000000] debug: ignoring loglevel setting.
[    0.000000] Memory policy: Data cache writeback
[    0.000000] On node 0 totalpages: 65536
[    0.000000] free_area_init_node: node 0, pgdat c061dfe8, node_mem_map cfdf9000
[    0.000000]   Normal zone: 512 pages used for memmap
[    0.000000]   Normal zone: 0 pages reserved
[    0.000000]   Normal zone: 65536 pages, LIFO batch:15
[    0.000000] psci: probing for conduit method from DT.
[    0.000000] psci: PSCIv0.2 detected in firmware.
[    0.000000] psci: Using standard PSCI v0.2 function IDs
[    0.000000] CPU: All CPU(s) started in SVC mode.
[    0.000000] pcpu-alloc: s0 r0 d32768 u32768 alloc=1*32768
[    0.000000] pcpu-alloc: [0] 0 
[    0.000000] Built 1 zonelists in Zone order, mobility grouping on.  Total pages: 65024
[    0.000000] Kernel command line: root=/dev/vda1 console=ttyS0 nandsim.parts=64,64,64,64,64,64,64,64,64,64 rdinit=/firmadyne/preInit.sh rw debug ignore_loglevel print-fatal-signals=1 user_debug=31 firmadyne.syscall=0
[    0.000000] PID hash table entries: 1024 (order: 0, 4096 bytes)
[    0.000000] Dentry cache hash table entries: 32768 (order: 5, 131072 bytes)
[    0.000000] Inode-cache hash table entries: 16384 (order: 4, 65536 bytes)
[    0.000000] Memory: 253340K/262144K available (4297K kernel code, 170K rwdata, 1584K rodata, 180K init, 148K bss, 8804K reserved, 0K cma-reserved)
[    0.000000] Virtual kernel memory layout:
[    0.000000]     vector  : 0xffff0000 - 0xffff1000   (   4 kB)
[    0.000000]     fixmap  : 0xffc00000 - 0xfff00000   (3072 kB)
[    0.000000]     vmalloc : 0xd0800000 - 0xff000000   ( 744 MB)
[    0.000000]     lowmem  : 0xc0000000 - 0xd0000000   ( 256 MB)
[    0.000000]     modules : 0xbf000000 - 0xc0000000   (  16 MB)
[    0.000000]       .text : 0xc0008000 - 0xc05c67bc   (5882 kB)
[    0.000000]       .init : 0xc05c7000 - 0xc05f4000   ( 180 kB)
[    0.000000]       .data : 0xc05f4000 - 0xc061e840   ( 171 kB)
[    0.000000]        .bss : 0xc0621000 - 0xc06462d4   ( 149 kB)
[    0.000000] NR_IRQS:16 nr_irqs:16 16
[    0.000000] Architected cp15 timer(s) running at 62.50MHz (virt).
[    0.000000] clocksource arch_sys_counter: mask: 0xffffffffffffff max_cycles: 0x1cd42e208c, max_idle_ns: 881590405314 ns
[    0.000158] sched_clock: 56 bits at 62MHz, resolution 16ns, wraps every 4398046511096ns
[    0.000301] Switching to timer-based delay loop, resolution 16ns
[    0.003405] Console: colour dummy device 80x30
[    0.003732] Calibrating delay loop (skipped), value calculated using timer frequency.. 125.00 BogoMIPS (lpj=625000)
[    0.003865] pid_max: default: 32768 minimum: 301
[    0.004752] Mount-cache hash table entries: 1024 (order: 0, 4096 bytes)
[    0.004792] Mountpoint-cache hash table entries: 1024 (order: 0, 4096 bytes)
[    3.798870] CPU: Testing write buffer coherency: ok
[    3.805130] Setting up static identity map for 0x40008240 - 0x40008298
[    3.820021] VFP support v0.3: implementor 41 architecture 4 part 30 variant f rev 0
[    3.833311] clocksource jiffies: mask: 0xffffffff max_cycles: 0xffffffff, max_idle_ns: 19112604462750000 ns
[    3.842369] NET: Registered protocol family 16
[    3.845570] DMA: preallocated 256 KiB pool for atomic coherent allocations
[    3.849560] cpuidle: using governor ladder
[    3.849721] cpuidle: using governor menu
[    3.870233] Serial: AMBA PL011 UART driver
[    3.872409] 9000000.pl011: ttyS0 at MMIO 0x9000000 (irq = 54, base_baud = 0) is a PL011 rev1
[    3.880048] console [ttyS0] enabled
[    6.069391] vgaarb: loaded
[    6.070976] SCSI subsystem initialized
[    6.072057] usbcore: registered new interface driver usbfs
[    6.072412] usbcore: registered new interface driver hub
[    6.072760] usbcore: registered new device driver usb
[    6.082309] cfg80211: Calling CRDA to update world regulatory domain
[    6.084695] Switched to clocksource arch_sys_counter
[    6.102758] NET: Registered protocol family 2
[    6.108287] TCP established hash table entries: 2048 (order: 1, 8192 bytes)
[    6.108580] TCP bind hash table entries: 2048 (order: 1, 8192 bytes)
[    6.108886] TCP: Hash tables configured (established 2048 bind 2048)
[    6.109438] UDP hash table entries: 256 (order: 0, 4096 bytes)
[    6.109694] UDP-Lite hash table entries: 256 (order: 0, 4096 bytes)
[    6.111190] NET: Registered protocol family 1
[    6.111649] PCI: CLS 0 bytes, default 64
[    9.895989] NetWinder Floating Point Emulator V0.97 (extended precision)
[    9.898808] futex hash table entries: 256 (order: -1, 3072 bytes)
[    9.901593] cfg80211: Calling CRDA to update world regulatory domain
[    9.905227] squashfs: version 4.0 (2009/01/31) Phillip Lougher
[    9.906654] jffs2: version 2.2. (NAND) © 2001-2006 Red Hat, Inc.
[    9.907452] romfs: ROMFS MTD (C) 2007 Red Hat, Inc.
[    9.916327] Block layer SCSI generic (bsg) driver version 0.4 loaded (major 253)
[    9.916694] io scheduler noop registered
[    9.916922] io scheduler cfq registered (default)
[    9.917597] firmadyne: devfs: 1, execute: 1, procfs: 1, syscall: 0
[    9.918970] ------------[ cut here ]------------
[    9.919172] WARNING: CPU: 0 PID: 1 at /home/vagrant/firmadyne-kernel/kernel-v4.1/fs/sysfs/dir.c:31 sysfs_warn_dup+0x50/0x6c()
[    9.919399] sysfs: cannot create duplicate filename '/class/gpio'
[    9.919564] Modules linked in:
[    9.919870] CPU: 0 PID: 1 Comm: swapper Not tainted 4.1.17+ #1
[    9.920007] Hardware name: Generic DT based system
[    9.920681] [<c001c99c>] (unwind_backtrace) from [<c0019d30>] (show_stack+0x10/0x14)
[    9.920952] [<c0019d30>] (show_stack) from [<c0024ab4>] (warn_slowpath_common+0x80/0xa8)
[    9.921150] [<c0024ab4>] (warn_slowpath_common) from [<c0024b08>] (warn_slowpath_fmt+0x2c/0x3c)
[    9.921383] [<c0024b08>] (warn_slowpath_fmt) from [<c00e363c>] (sysfs_warn_dup+0x50/0x6c)
[    9.921561] [<c00e363c>] (sysfs_warn_dup) from [<c00e3714>] (sysfs_create_dir_ns+0x74/0x84)
[    9.921753] [<c00e3714>] (sysfs_create_dir_ns) from [<c018e6ac>] (kobject_add_internal+0xb8/0x2ac)
[    9.921944] [<c018e6ac>] (kobject_add_internal) from [<c018e9a8>] (kset_register+0x1c/0x44)
[    9.922122] [<c018e9a8>] (kset_register) from [<c02090b4>] (__class_register+0xa8/0x198)
[    9.922295] [<c02090b4>] (__class_register) from [<c02091e4>] (__class_create+0x40/0x70)
[    9.922467] [<c02091e4>] (__class_create) from [<c01adf68>] (register_devfs_stubs+0x314/0xbb4)
[    9.922649] [<c01adf68>] (register_devfs_stubs) from [<c05d9b08>] (init_module+0x28/0xa4)
[    9.922856] [<c05d9b08>] (init_module) from [<c0009670>] (do_one_initcall+0x104/0x1b4)
[    9.923027] [<c0009670>] (do_one_initcall) from [<c05c7d08>] (kernel_init_freeable+0xf0/0x1b0)
[    9.923212] [<c05c7d08>] (kernel_init_freeable) from [<c040f28c>] (kernel_init+0x8/0xe4)
[    9.923380] [<c040f28c>] (kernel_init) from [<c0016da8>] (ret_from_fork+0x14/0x2c)
[    9.923639] ---[ end trace e95ee3144be0660a ]---
[    9.923834] ------------[ cut here ]------------
[    9.923947] WARNING: CPU: 0 PID: 1 at /home/vagrant/firmadyne-kernel/kernel-v4.1/lib/kobject.c:240 kobject_add_internal+0x240/0x2ac()
[    9.924166] kobject_add_internal failed for gpio with -EEXIST, don't try to register things with the same name in the same directory.
[    9.924586] Modules linked in:
[    9.924753] CPU: 0 PID: 1 Comm: swapper Tainted: G        W       4.1.17+ #1
[    9.924892] Hardware name: Generic DT based system
[    9.925015] [<c001c99c>] (unwind_backtrace) from [<c0019d30>] (show_stack+0x10/0x14)
[    9.925181] [<c0019d30>] (show_stack) from [<c0024ab4>] (warn_slowpath_common+0x80/0xa8)
[    9.925352] [<c0024ab4>] (warn_slowpath_common) from [<c0024b08>] (warn_slowpath_fmt+0x2c/0x3c)
[    9.925533] [<c0024b08>] (warn_slowpath_fmt) from [<c018e834>] (kobject_add_internal+0x240/0x2ac)
[    9.925753] [<c018e834>] (kobject_add_internal) from [<c018e9a8>] (kset_register+0x1c/0x44)
[    9.925928] [<c018e9a8>] (kset_register) from [<c02090b4>] (__class_register+0xa8/0x198)
[    9.926123] [<c02090b4>] (__class_register) from [<c02091e4>] (__class_create+0x40/0x70)
[    9.926292] [<c02091e4>] (__class_create) from [<c01adf68>] (register_devfs_stubs+0x314/0xbb4)
[    9.926472] [<c01adf68>] (register_devfs_stubs) from [<c05d9b08>] (init_module+0x28/0xa4)
[    9.926676] [<c05d9b08>] (init_module) from [<c0009670>] (do_one_initcall+0x104/0x1b4)
[    9.926842] [<c0009670>] (do_one_initcall) from [<c05c7d08>] (kernel_init_freeable+0xf0/0x1b0)
[    9.927019] [<c05c7d08>] (kernel_init_freeable) from [<c040f28c>] (kernel_init+0x8/0xe4)
[    9.927183] [<c040f28c>] (kernel_init) from [<c0016da8>] (ret_from_fork+0x14/0x2c)
[    9.927352] ---[ end trace e95ee3144be0660b ]---
[    9.927517] firmadyne: Cannot create device class: gpio!
[    9.929259] firmadyne: Cannot register character device: watchdog, 0xa, 0x82!
[    9.929436] firmadyne: Cannot register character device: wdt, 0xfd, 0x0!
[   10.011995] PCI host bridge /pcie@10000000 ranges:
[   10.012571]    IO 0x3eff0000..0x3effffff -> 0x00000000
[   10.012926]   MEM 0x10000000..0x3efeffff -> 0x10000000
[   10.013055]   MEM 0x8000000000..0xffffffffff -> 0x8000000000
[   10.013726] pci-host-generic 3f000000.pcie: resource collision: [mem 0x00000000-0xffffffff] conflicts with /pl011@9000000 [mem 0x09000000-0x09000fff]
[   10.014561] pci-host-generic: probe of 3f000000.pcie failed with error -16
[   10.026279] Non-volatile memory driver v1.3
[   13.205425] cfg80211: Calling CRDA to update world regulatory domain
[   13.224490] brd: module loaded
[   16.992763] loop: module loaded
[   17.746153] cfg80211: Calling CRDA to update world regulatory domain
[   17.750536]  vda: vda1
[   17.762660] 0.flash: Found 2 x16 devices at 0x0 in 32-bit bank. Manufacturer ID 0x000000 Chip ID 0x000000
[   17.763330] Intel/Sharp Extended Query Table at 0x0031
[   17.765883] Using buffer write method
[   17.766313] erase region 0: offset=0x0,size=0x40000,blocks=256
[   17.774004] 0.flash: Found 2 x16 devices at 0x0 in 32-bit bank. Manufacturer ID 0x000000 Chip ID 0x000000
[   17.774262] Intel/Sharp Extended Query Table at 0x0031
[   17.775240] Using buffer write method
[   17.775359] erase region 0: offset=0x0,size=0x40000,blocks=256
[   17.775579] Concatenating MTD devices:
[   17.775684] (0): "0.flash"
[   17.775756] (1): "0.flash"
[   17.775853] into device "0.flash"
[   17.787527] [nandsim] warning: read_byte: unexpected data output cycle, state is STATE_READY return 0x0
[   17.787800] [nandsim] warning: read_byte: unexpected data output cycle, state is STATE_READY return 0x0
[   17.787969] [nandsim] warning: read_byte: unexpected data output cycle, state is STATE_READY return 0x0
[   17.788181] [nandsim] warning: read_byte: unexpected data output cycle, state is STATE_READY return 0x0
[   17.788351] [nandsim] warning: read_byte: unexpected data output cycle, state is STATE_READY return 0x0
[   17.788521] [nandsim] warning: read_byte: unexpected data output cycle, state is STATE_READY return 0x0
[   17.788959] nand: device found, Manufacturer ID: 0x98, Chip ID: 0x39
[   17.789104] nand: Toshiba NAND 128MiB 1,8V 8-bit
[   17.789224] nand: 128 MiB, SLC, erase size: 16 KiB, page size: 512, OOB size: 16
[   17.790133] flash size: 128 MiB
[   17.790217] page size: 512 bytes
[   17.790294] OOB area size: 16 bytes
[   17.790374] sector size: 16 KiB
[   17.790446] pages number: 262144
[   17.790518] pages per sector: 32
[   17.790590] bus width: 8
[   17.790650] bits in sector size: 14
[   17.790727] bits in page size: 9
[   17.790803] bits in OOB size: 4
[   17.790879] flash size with OOB: 135168 KiB
[   17.790968] page address bytes: 4
[   17.791044] sector address bytes: 3
[   17.791122] options: 0x42
[   19.813690] Scanning device for bad blocks
[   19.921166] firmadyne: do_execve: /firmadyne/console
[   19.921407] OFFSETS: offset of pid: 0x190 offset of comm: 0x270
[   19.921904] Creating 11 MTD partitions on "NAND 128MiB 1,8V 8-bit":
[   19.922322] 0x000000000000-0x000000100000 : "NAND simulator partition 0"
[   19.924652] 0x000000100000-0x000000200000 : "NAND simulator partition 1"
[   19.926136] 0x000000200000-0x000000300000 : "NAND simulator partition 2"
[   19.927548] 0x000000300000-0x000000400000 : "NAND simulator partition 3"
[   19.928963] 0x000000400000-0x000000500000 : "NAND simulator partition 4"
[   19.930351] 0x000000500000-0x000000600000 : "NAND simulator partition 5"
[   19.931776] 0x000000600000-0x000000700000 : "NAND simulator partition 6"
[   19.933354] 0x000000700000-0x000000800000 : "NAND simulator partition 7"
[   19.934870] 0x000000800000-0x000000900000 : "NAND simulator partition 8"
[   19.936281] 0x000000900000-0x000000a00000 : "NAND simulator partition 9"
[   19.937752] 0x000000a00000-0x000008000000 : "NAND simulator partition 10"
[   19.943458] tun: Universal TUN/TAP device driver, 1.6
[   19.943584] tun: (C) 1999-2004 Max Krasnyansky <maxk@qualcomm.com>
[   25.956263] PPP generic driver version 2.4.2
[   25.957073] PPP BSD Compression module registered
[   25.957240] PPP Deflate Compression module registered
[   25.957500] PPP MPPE Compression module registered
[   25.957636] NET: Registered protocol family 24
[   25.957987] PPTP driver version 0.8.5
[   25.958841] cfg80211: Calling CRDA to update world regulatory domain
[   26.058739] usbcore: registered new interface driver usb-storage
[   26.062348] rtc-pl031 9010000.pl031: rtc core: registered pl031 as rtc0
[   26.063165] hidraw: raw HID events driver (C) Jiri Kosina
[   26.063729] usbcore: registered new interface driver usbhid
[   26.063860] usbhid: USB HID core driver
[   26.064338] Netfilter messages via NETLINK v0.30.
[   26.065209] nf_conntrack version 0.5.0 (3958 buckets, 15832 max)
[   26.066709] ctnetlink v0.93: registering with nfnetlink.
[   26.068173] ipip: IPv4 over IPv4 tunneling driver
[   26.214631] gre: GRE over IPv4 demultiplexor driver
[   26.214832] ip_gre: GRE over IPv4 tunneling driver
[   26.219733] ip_tables: (C) 2000-2006 Netfilter Core Team
[   26.221480] arp_tables: (C) 2002 David S. Miller
[   26.222587] Initializing XFRM netlink socket
[   26.223126] NET: Registered protocol family 10
[   26.230506] ip6_tables: (C) 2000-2006 Netfilter Core Team
[   26.232271] sit: IPv6 over IPv4 tunneling driver
[   26.236456] NET: Registered protocol family 17
[   26.237152] bridge: automatic filtering via arp/ip/ip6tables has been deprecated. Update your scripts to load br_netfilter if you need this.
[   26.237494] Bridge firewalling registered
[   26.237654] Ebtables v2.0 registered
[   26.238914] 8021q: 802.1Q VLAN Support v1.8
[   26.239603] Registering SWP/SWPB emulation handler
[   26.242692] rtc-pl031 9010000.pl031: setting system clock to 2018-07-19 12:00:52 UTC (1532001652)
[   26.253583] EXT4-fs (vda1): couldn't mount as ext3 due to feature incompatibilities
[   26.255563] EXT4-fs (vda1): mounting ext2 file system using the ext4 subsystem
[   26.263664] EXT4-fs (vda1): warning: mounting unchecked fs, running e2fsck is recommended
[   26.266552] EXT4-fs (vda1): mounted filesystem without journal. Opts: (null)
[   28.402189] VFS: Mounted root (ext2 filesystem) on device 254:1.
[   28.421025] Freeing unused kernel memory: 180K (c05c7000 - c05f4000)
[   29.670694] cfg80211: Calling CRDA to update world regulatory domain
