>> Database Image ID: 85

/home/zhumengfan/firmware/firmwares/342646392ecb76f6bb22f8a88368d6340f683cc3.zip
>> MD5: 97adfe85d7ac58a945905a7fefbca2f9
>> Tag: 85
>> Temp: /tmp/tmpz5tShU
>> Status: Kernel: True, Rootfs: False, Do_Kernel: False,                 Do_Rootfs: True
>>>> Zip archive data, at least v2.0 to extract, compressed size: 24462015, uncompressed size: 24465466, name: R8000-V1.0.0.74_1.0.31.chk
>> Recursing into archive ...
	
/tmp/tmpz5tShU/_342646392ecb76f6bb22f8a88368d6340f683cc3.zip.extracted/R8000-V1.0.0.74_1.0.31.chk
	>> MD5: d64eb2f929d57bdb90624b45a25ae5c8
	>> Tag: 85
	>> Temp: /tmp/tmpBZNIMW
	>> Status: Kernel: True, Rootfs: False, Do_Kernel: False,                 Do_Rootfs: True
	>>>> Squashfs filesystem, little endian, version 4.0, compression:xz, size: 22441098 bytes, 1328 inodes, blocksize: 131072 bytes, created: 2014-07-03 06:08:04
	>>>> Found Linux filesystem in /tmp/tmpBZNIMW/_R8000-V1.0.0.74_1.0.31.chk.extracted/squashfs-root!
	>> Skipping: completed!
	>> Cleaning up /tmp/tmpBZNIMW...
>> Skipping: completed!
>> Cleaning up /tmp/tmpz5tShU...
./bin/busybox: armel
Querying database for architecture... armel
----Running----
----Copying Filesystem Tarball----
----Creating QEMU Image----
Formatting '/home/zhumengfan/firmadyne//scratch//85//image.raw', fmt=raw size=1073741824
----Creating Partition Table----

Welcome to fdisk (util-linux 2.27.1).
Changes will remain in memory only, until you decide to write them.
Be careful before using the write command.

Device does not contain a recognized partition table.
Created a new DOS disklabel with disk identifier 0x2eeaf416.

Command (m for help): Created a new DOS disklabel with disk identifier 0x9fa60635.

Command (m for help): Partition type
   p   primary (0 primary, 0 extended, 4 free)
   e   extended (container for logical partitions)
Select (default p): Partition number (1-4, default 1): First sector (2048-2097151, default 2048): Last sector, +sectors or +size{K,M,G,T,P} (2048-2097151, default 2097151): 
Created a new partition 1 of type 'Linux' and of size 1023 MiB.

Command (m for help): The partition table has been altered.
Syncing disks.

----Mounting QEMU Image----
add map loop0p1 (252:0): 0 2095104 linear 7:0 2048
----Creating Filesystem----
mke2fs 1.42.13 (17-May-2015)
Discarding device blocks:   4096/261888             done                            
Creating filesystem with 261888 4k blocks and 65536 inodes
Filesystem UUID: 79953d7f-5a1a-49ad-b83a-2af4c1c3ee49
Superblock backups stored on blocks: 
	32768, 98304, 163840, 229376

Allocating group tables: 0/8   done                            
Writing inode tables: 0/8   done                            
Writing superblocks and filesystem accounting information: 0/8   done

----Making QEMU Image Mountpoint----
----Mounting QEMU Image Partition 1----
----Extracting Filesystem Tarball----
----Creating FIRMADYNE Directories----
----Patching Filesystem (chroot)----
Creating /etc/TZ!
Creating /etc/hosts!
Creating /etc/passwd!
Warning: Recreating device nodes!
Removing /etc/scripts/sys_resetbutton!
Creating default rip_multicast!
Creating default bs_trustedip_enable!
Creating default filter_rule_tbl!
Creating default rip_enable!
----Setting up FIRMADYNE----
----Unmounting QEMU Image----
loop deleted : /dev/loop0
Querying database for architecture... armel
Running firmware 85: terminating after 60 secs...
qemu-system-arm: terminating on signal 2 from pid 104858 (timeout)
Inferring network...
Interfaces: []
Done!
[    0.000000] Booting Linux on physical CPU 0x0
[    0.000000] Linux version 4.1.17+ (vagrant@vagrant-ubuntu-trusty-64) (gcc version 5.3.0 (GCC) ) #1 Thu Feb 18 01:05:21 UTC 2016
[    0.000000] CPU: ARMv7 Processor [412fc0f1] revision 1 (ARMv7), cr=10c5387d
[    0.000000] CPU: PIPT / VIPT nonaliasing data cache, PIPT instruction cache
[    0.000000] Machine model: linux,dummy-virt
[    0.000000] debug: ignoring loglevel setting.
[    0.000000] Memory policy: Data cache writeback
[    0.000000] On node 0 totalpages: 65536
[    0.000000] free_area_init_node: node 0, pgdat c061dfe8, node_mem_map cfdf9000
[    0.000000]   Normal zone: 512 pages used for memmap
[    0.000000]   Normal zone: 0 pages reserved
[    0.000000]   Normal zone: 65536 pages, LIFO batch:15
[    0.000000] psci: probing for conduit method from DT.
[    0.000000] psci: PSCIv0.2 detected in firmware.
[    0.000000] psci: Using standard PSCI v0.2 function IDs
[    0.000000] CPU: All CPU(s) started in SVC mode.
[    0.000000] pcpu-alloc: s0 r0 d32768 u32768 alloc=1*32768
[    0.000000] pcpu-alloc: [0] 0 
[    0.000000] Built 1 zonelists in Zone order, mobility grouping on.  Total pages: 65024
[    0.000000] Kernel command line: firmadyne.syscall=1 root=/dev/vda1 console=ttyS0 nandsim.parts=64,64,64,64,64,64,64,64,64,64 rdinit=/firmadyne/preInit.sh rw debug ignore_loglevel print-fatal-signals=1 user_debug=31
[    0.000000] PID hash table entries: 1024 (order: 0, 4096 bytes)
[    0.000000] Dentry cache hash table entries: 32768 (order: 5, 131072 bytes)
[    0.000000] Inode-cache hash table entries: 16384 (order: 4, 65536 bytes)
[    0.000000] Memory: 253340K/262144K available (4297K kernel code, 170K rwdata, 1584K rodata, 180K init, 148K bss, 8804K reserved, 0K cma-reserved)
[    0.000000] Virtual kernel memory layout:
[    0.000000]     vector  : 0xffff0000 - 0xffff1000   (   4 kB)
[    0.000000]     fixmap  : 0xffc00000 - 0xfff00000   (3072 kB)
[    0.000000]     vmalloc : 0xd0800000 - 0xff000000   ( 744 MB)
[    0.000000]     lowmem  : 0xc0000000 - 0xd0000000   ( 256 MB)
[    0.000000]     modules : 0xbf000000 - 0xc0000000   (  16 MB)
[    0.000000]       .text : 0xc0008000 - 0xc05c67bc   (5882 kB)
[    0.000000]       .init : 0xc05c7000 - 0xc05f4000   ( 180 kB)
[    0.000000]       .data : 0xc05f4000 - 0xc061e840   ( 171 kB)
[    0.000000]        .bss : 0xc0621000 - 0xc06462d4   ( 149 kB)
[    0.000000] NR_IRQS:16 nr_irqs:16 16
[    0.000000] Architected cp15 timer(s) running at 62.50MHz (virt).
[    0.000000] clocksource arch_sys_counter: mask: 0xffffffffffffff max_cycles: 0x1cd42e208c, max_idle_ns: 881590405314 ns
[    0.000159] sched_clock: 56 bits at 62MHz, resolution 16ns, wraps every 4398046511096ns
[    0.000301] Switching to timer-based delay loop, resolution 16ns
[    0.003438] Console: colour dummy device 80x30
[    0.003785] Calibrating delay loop (skipped), value calculated using timer frequency.. 125.00 BogoMIPS (lpj=625000)
[    0.003921] pid_max: default: 32768 minimum: 301
[    0.004828] Mount-cache hash table entries: 1024 (order: 0, 4096 bytes)
[    0.004868] Mountpoint-cache hash table entries: 1024 (order: 0, 4096 bytes)
[    0.014202] CPU: Testing write buffer coherency: ok
[    1.955588] Setting up static identity map for 0x40008240 - 0x40008298
[    1.970842] VFP support v0.3: implementor 41 architecture 4 part 30 variant f rev 0
[    1.982687] clocksource jiffies: mask: 0xffffffff max_cycles: 0xffffffff, max_idle_ns: 19112604462750000 ns
[    1.991861] NET: Registered protocol family 16
[    2.564828] DMA: preallocated 256 KiB pool for atomic coherent allocations
[    2.568953] cpuidle: using governor ladder
[    2.569106] cpuidle: using governor menu
[    2.589734] Serial: AMBA PL011 UART driver
[    2.591952] 9000000.pl011: ttyS0 at MMIO 0x9000000 (irq = 54, base_baud = 0) is a PL011 rev1
[    2.599565] console [ttyS0] enabled
[    2.622115] vgaarb: loaded
[    2.623639] SCSI subsystem initialized
[    2.624816] usbcore: registered new interface driver usbfs
[    2.625172] usbcore: registered new interface driver hub
[    2.625483] usbcore: registered new device driver usb
[    2.791354] cfg80211: Calling CRDA to update world regulatory domain
[    2.793708] Switched to clocksource arch_sys_counter
[    2.811475] NET: Registered protocol family 2
[    2.816830] TCP established hash table entries: 2048 (order: 1, 8192 bytes)
[    2.817090] TCP bind hash table entries: 2048 (order: 1, 8192 bytes)
[    2.817395] TCP: Hash tables configured (established 2048 bind 2048)
[    2.817923] UDP hash table entries: 256 (order: 0, 4096 bytes)
[    2.818170] UDP-Lite hash table entries: 256 (order: 0, 4096 bytes)
[    2.819599] NET: Registered protocol family 1
[    2.820048] PCI: CLS 0 bytes, default 64
[    2.827227] NetWinder Floating Point Emulator V0.97 (extended precision)
[    2.829803] futex hash table entries: 256 (order: -1, 3072 bytes)
[    2.835252] squashfs: version 4.0 (2009/01/31) Phillip Lougher
[    2.836263] jffs2: version 2.2. (NAND) Â© 2001-2006 Red Hat, Inc.
[    2.837062] romfs: ROMFS MTD (C) 2007 Red Hat, Inc.
[    2.845992] Block layer SCSI generic (bsg) driver version 0.4 loaded (major 253)
[    2.846311] io scheduler noop registered
[    2.846538] io scheduler cfq registered (default)
[    2.847212] firmadyne: devfs: 1, execute: 1, procfs: 1, syscall: 1
[    2.848518] ------------[ cut here ]------------
[    2.848718] WARNING: CPU: 0 PID: 1 at /home/vagrant/firmadyne-kernel/kernel-v4.1/fs/sysfs/dir.c:31 sysfs_warn_dup+0x50/0x6c()
[    2.848946] sysfs: cannot create duplicate filename '/class/gpio'
[    2.849102] Modules linked in:
[    2.849407] CPU: 0 PID: 1 Comm: swapper Not tainted 4.1.17+ #1
[    2.849542] Hardware name: Generic DT based system
[    2.850215] [<c001c99c>] (unwind_backtrace) from [<c0019d30>] (show_stack+0x10/0x14)
[    2.850491] [<c0019d30>] (show_stack) from [<c0024ab4>] (warn_slowpath_common+0x80/0xa8)
[    2.850688] [<c0024ab4>] (warn_slowpath_common) from [<c0024b08>] (warn_slowpath_fmt+0x2c/0x3c)
[    2.850923] [<c0024b08>] (warn_slowpath_fmt) from [<c00e363c>] (sysfs_warn_dup+0x50/0x6c)
[    2.851099] [<c00e363c>] (sysfs_warn_dup) from [<c00e3714>] (sysfs_create_dir_ns+0x74/0x84)
[    2.851278] [<c00e3714>] (sysfs_create_dir_ns) from [<c018e6ac>] (kobject_add_internal+0xb8/0x2ac)
[    2.851465] [<c018e6ac>] (kobject_add_internal) from [<c018e9a8>] (kset_register+0x1c/0x44)
[    2.851650] [<c018e9a8>] (kset_register) from [<c02090b4>] (__class_register+0xa8/0x198)
[    2.851824] [<c02090b4>] (__class_register) from [<c02091e4>] (__class_create+0x40/0x70)
[    2.851995] [<c02091e4>] (__class_create) from [<c01adf68>] (register_devfs_stubs+0x314/0xbb4)
[    2.852174] [<c01adf68>] (register_devfs_stubs) from [<c05d9b08>] (init_module+0x28/0xa4)
[    2.852374] [<c05d9b08>] (init_module) from [<c0009670>] (do_one_initcall+0x104/0x1b4)
[    2.852543] [<c0009670>] (do_one_initcall) from [<c05c7d08>] (kernel_init_freeable+0xf0/0x1b0)
[    2.852728] [<c05c7d08>] (kernel_init_freeable) from [<c040f28c>] (kernel_init+0x8/0xe4)
[    2.852895] [<c040f28c>] (kernel_init) from [<c0016da8>] (ret_from_fork+0x14/0x2c)
[    2.853141] ---[ end trace 1c8c03130aaef75d ]---
[    2.853332] ------------[ cut here ]------------
[    2.853569] WARNING: CPU: 0 PID: 1 at /home/vagrant/firmadyne-kernel/kernel-v4.1/lib/kobject.c:240 kobject_add_internal+0x240/0x2ac()
[    2.853795] kobject_add_internal failed for gpio with -EEXIST, don't try to register things with the same name in the same directory.
[    2.854006] Modules linked in:
[    2.854149] CPU: 0 PID: 1 Comm: swapper Tainted: G        W       4.1.17+ #1
[    2.854285] Hardware name: Generic DT based system
[    2.854400] [<c001c99c>] (unwind_backtrace) from [<c0019d30>] (show_stack+0x10/0x14)
[    2.854563] [<c0019d30>] (show_stack) from [<c0024ab4>] (warn_slowpath_common+0x80/0xa8)
[    2.854733] [<c0024ab4>] (warn_slowpath_common) from [<c0024b08>] (warn_slowpath_fmt+0x2c/0x3c)
[    2.854911] [<c0024b08>] (warn_slowpath_fmt) from [<c018e834>] (kobject_add_internal+0x240/0x2ac)
[    2.855100] [<c018e834>] (kobject_add_internal) from [<c018e9a8>] (kset_register+0x1c/0x44)
[    2.855270] [<c018e9a8>] (kset_register) from [<c02090b4>] (__class_register+0xa8/0x198)
[    2.855438] [<c02090b4>] (__class_register) from [<c02091e4>] (__class_create+0x40/0x70)
[    2.855629] [<c02091e4>] (__class_create) from [<c01adf68>] (register_devfs_stubs+0x314/0xbb4)
[    2.855808] [<c01adf68>] (register_devfs_stubs) from [<c05d9b08>] (init_module+0x28/0xa4)
[    2.855977] [<c05d9b08>] (init_module) from [<c0009670>] (do_one_initcall+0x104/0x1b4)
[    2.856142] [<c0009670>] (do_one_initcall) from [<c05c7d08>] (kernel_init_freeable+0xf0/0x1b0)
[    2.856317] [<c05c7d08>] (kernel_init_freeable) from [<c040f28c>] (kernel_init+0x8/0xe4)
[    2.856479] [<c040f28c>] (kernel_init) from [<c0016da8>] (ret_from_fork+0x14/0x2c)
[    2.856651] ---[ end trace 1c8c03130aaef75e ]---
[    2.856809] firmadyne: Cannot create device class: gpio!
[    6.716470] firmadyne: Cannot register character device: watchdog, 0xa, 0x82!
[    6.716693] firmadyne: Cannot register character device: wdt, 0xfd, 0x0!
[    6.727871] cfg80211: Calling CRDA to update world regulatory domain
[    6.799897] PCI host bridge /pcie@10000000 ranges:
[    6.800464]    IO 0x3eff0000..0x3effffff -> 0x00000000
[    6.800825]   MEM 0x10000000..0x3efeffff -> 0x10000000
[    6.800958]   MEM 0x8000000000..0xffffffffff -> 0x8000000000
[    6.801623] pci-host-generic 3f000000.pcie: resource collision: [mem 0x00000000-0xffffffff] conflicts with /pl011@9000000 [mem 0x09000000-0x09000fff]
[    6.802324] pci-host-generic: probe of 3f000000.pcie failed with error -16
[    6.814083] Non-volatile memory driver v1.3
[    7.361405] brd: module loaded
[    7.371453] loop: module loaded
[   10.216773] cfg80211: Calling CRDA to update world regulatory domain
[   10.221280]  vda: vda1
[   10.233164] 0.flash: Found 2 x16 devices at 0x0 in 32-bit bank. Manufacturer ID 0x000000 Chip ID 0x000000
[   10.233954] Intel/Sharp Extended Query Table at 0x0031
[   10.235097] Using buffer write method
[   10.236757] erase region 0: offset=0x0,size=0x40000,blocks=256
[   10.244031] 0.flash: Found 2 x16 devices at 0x0 in 32-bit bank. Manufacturer ID 0x000000 Chip ID 0x000000
[   10.244250] Intel/Sharp Extended Query Table at 0x0031
[   10.245008] Using buffer write method
[   10.245123] erase region 0: offset=0x0,size=0x40000,blocks=256
[   10.245313] Concatenating MTD devices:
[   10.245420] (0): "0.flash"
[   10.245492] (1): "0.flash"
[   10.245557] into device "0.flash"
[   16.482770] cfg80211: Calling CRDA to update world regulatory domain
[   16.491620] [nandsim] warning: read_byte: unexpected data output cycle, state is STATE_READY return 0x0
[   16.491861] [nandsim] warning: read_byte: unexpected data output cycle, state is STATE_READY return 0x0
[   16.492037] [nandsim] warning: read_byte: unexpected data output cycle, state is STATE_READY return 0x0
[   16.492207] [nandsim] warning: read_byte: unexpected data output cycle, state is STATE_READY return 0x0
[   16.492377] [nandsim] warning: read_byte: unexpected data output cycle, state is STATE_READY return 0x0
[   16.492546] [nandsim] warning: read_byte: unexpected data output cycle, state is STATE_READY return 0x0
[   16.492966] nand: device found, Manufacturer ID: 0x98, Chip ID: 0x39
[   16.493114] nand: Toshiba NAND 128MiB 1,8V 8-bit
[   16.493235] nand: 128 MiB, SLC, erase size: 16 KiB, page size: 512, OOB size: 16
[   16.494310] flash size: 128 MiB
[   16.494401] page size: 512 bytes
[   16.494476] OOB area size: 16 bytes
[   16.494555] sector size: 16 KiB
[   16.494630] pages number: 262144
[   16.494703] pages per sector: 32
[   16.494774] bus width: 8
[   16.494850] bits in sector size: 14
[   16.494923] bits in page size: 9
[   16.494996] bits in OOB size: 4
[   16.495088] flash size with OOB: 135168 KiB
[   16.495175] page address bytes: 4
[   16.495248] sector address bytes: 3
[   16.495325] options: 0x42
[   21.215045] Scanning device for bad blocks
[   21.328707] cfg80211: Calling CRDA to update world regulatory domain
[   21.330052] firmadyne: do_execve: /firmadyne/console
[   21.330240] OFFSETS: offset of pid: 0x190 offset of comm: 0x270
[   21.330751] Creating 11 MTD partitions on "NAND 128MiB 1,8V 8-bit":
[   21.331166] 0x000000000000-0x000000100000 : "NAND simulator partition 0"
[   21.333618] 0x000000100000-0x000000200000 : "NAND simulator partition 1"
[   21.335058] 0x000000200000-0x000000300000 : "NAND simulator partition 2"
[   21.336468] 0x000000300000-0x000000400000 : "NAND simulator partition 3"
[   21.337925] 0x000000400000-0x000000500000 : "NAND simulator partition 4"
[   21.339316] 0x000000500000-0x000000600000 : "NAND simulator partition 5"
[   21.340738] 0x000000600000-0x000000700000 : "NAND simulator partition 6"
[   21.342357] 0x000000700000-0x000000800000 : "NAND simulator partition 7"
[   21.343926] 0x000000800000-0x000000900000 : "NAND simulator partition 8"
[   21.345325] 0x000000900000-0x000000a00000 : "NAND simulator partition 9"
[   21.346726] 0x000000a00000-0x000008000000 : "NAND simulator partition 10"
[   21.352475] tun: Universal TUN/TAP device driver, 1.6
[   21.352625] tun: (C) 1999-2004 Max Krasnyansky <maxk@qualcomm.com>
[   23.074193] PPP generic driver version 2.4.2
[   23.074980] PPP BSD Compression module registered
[   23.075149] PPP Deflate Compression module registered
[   23.075405] PPP MPPE Compression module registered
[   23.075544] NET: Registered protocol family 24
[   23.075885] PPTP driver version 0.8.5
[   25.968517] cfg80211: Calling CRDA to update world regulatory domain
[   25.969598] usbcore: registered new interface driver usb-storage
[   25.973145] rtc-pl031 9010000.pl031: rtc core: registered pl031 as rtc0
[   25.974016] hidraw: raw HID events driver (C) Jiri Kosina
[   25.974577] usbcore: registered new interface driver usbhid
[   25.974709] usbhid: USB HID core driver
[   25.975190] Netfilter messages via NETLINK v0.30.
[   25.975869] nf_conntrack version 0.5.0 (3958 buckets, 15832 max)
[   25.977347] ctnetlink v0.93: registering with nfnetlink.
[   25.978823] ipip: IPv4 over IPv4 tunneling driver
[   25.980957] gre: GRE over IPv4 demultiplexor driver
[   25.981122] ip_gre: GRE over IPv4 tunneling driver
[   25.985889] ip_tables: (C) 2000-2006 Netfilter Core Team
[   25.987629] arp_tables: (C) 2002 David S. Miller
[   26.007868] Initializing XFRM netlink socket
[   26.008447] NET: Registered protocol family 10
[   26.016157] ip6_tables: (C) 2000-2006 Netfilter Core Team
[   26.017963] sit: IPv6 over IPv4 tunneling driver
[   26.021900] NET: Registered protocol family 17
[   26.022595] bridge: automatic filtering via arp/ip/ip6tables has been deprecated. Update your scripts to load br_netfilter if you need this.
[   26.022941] Bridge firewalling registered
[   26.023103] Ebtables v2.0 registered
[   28.994461] 8021q: 802.1Q VLAN Support v1.8
[   28.995211] Registering SWP/SWPB emulation handler
[   28.998227] rtc-pl031 9010000.pl031: setting system clock to 2018-07-19 11:16:34 UTC (1531998994)
[   29.009492] EXT4-fs (vda1): couldn't mount as ext3 due to feature incompatibilities
[   29.011130] EXT4-fs (vda1): mounting ext2 file system using the ext4 subsystem
[   29.023653] EXT4-fs (vda1): mounted filesystem without journal. Opts: (null)
[   29.024789] VFS: Mounted root (ext2 filesystem) on device 254:1.
[   29.043280] Freeing unused kernel memory: 180K (c05c7000 - c05f4000)
[   32.410564] cfg80211: Calling CRDA to update world regulatory domain
[   32.696274] random: init urandom read with 3 bits of entropy available
nvram_get_buf: time_zone
sem_lock: Triggering NVRAM initialization!
nvram_init: Initializing NVRAM...
sem_get: Key: 41018004
nvram_init: Unable to touch Ralink PID file: /var/run/nvramd.pid!
sem_get: Key: 410c0019
nvram_set_default_builtin: Setting built-in default values!
nvram_set: console_loglevel = "7"
sem_get: Key: 410c0019
sem_get: Key: 410c0019
nvram_set: restore_defaults = "1"
sem_get: Key: 410c0019
sem_get: Key: 410c0019
nvram_set: sku_name = ""
sem_get: Key: 410c0019
sem_get: Key: 410c0019
nvram_set: wla_wlanstate = ""
sem_get: Key: 410c0019
sem_get: Key: 410c0019
nvram_set: lan_if = "br0"
sem_get: Key: 410c0019
sem_get: Key: 410c0019
nvram_set: lan_ipaddr = "192.168.0.50"
sem_get: Key: 410c0019
sem_get: Key: 410c0019
nvram_set: lan_bipaddr = "192.168.0.255"
sem_get: Key: 410c0019
sem_get: Key: 410c0019
nvram_set: lan_netmask = "255.255.255.0"
sem_get: Key: 410c0019
sem_get: Key: 410c0019
nvram_set: time_zone = "EST5EDT"
sem_get: Key: 410c0019
sem_get: Key: 410c0019
nvram_set: wan_hwaddr_def = "01:23:45:67:89:ab"
sem_get: Key: 410c0019
sem_get: Key: 410c0019
nvram_set: wan_ifname = "eth0"
sem_get: Key: 410c0019
sem_get: Key: 410c0019
nvram_set: lan_ifnames = "eth1 eth2 eth3 eth4"
sem_get: Key: 410c0019
sem_get: Key: 410c0019
nvram_set: ethConver = "1"
sem_get: Key: 410c0019
sem_get: Key: 410c0019
nvram_set: lan_proto = "dhcp"
sem_get: Key: 410c0019
sem_get: Key: 410c0019
nvram_set: wan_ipaddr = "0.0.0.0"
sem_get: Key: 410c0019
sem_get: Key: 410c0019
nvram_set: wan_netmask = "255.255.255.0"
sem_get: Key: 410c0019
sem_get: Key: 410c0019
nvram_set: wanif = "eth0"
sem_get: Key: 410c0019
sem_get: Key: 410c0019
nvram_set: time_zone_x = "0"
sem_get: Key: 410c0019
sem_get: Key: 410c0019
nvram_set: rip_multicast = "0"
sem_get: Key: 410c0019
sem_get: Key: 410c0019
nvram_set: bs_trustedip_enable = "0"
sem_get: Key: 410c0019
sem_get: Key: 410c0019
nvram_set_default: Loading built-in default values = 1!
nvram_set_default: Checking for symbol "router_defaults"...
nvram_set: os_name = ""
sem_get: Key: 410c0019
sem_get: Key: 410c0019
nvram_set: os_version = ""
sem_get: Key: 410c0019
sem_get: Key: 410c0019
nvram_set: os_date = "Jul  3 2014"
sem_get: Key: 410c0019
sem_get: Key: 410c0019
nvram_set: wl_version = "3.90.23.0"
sem_get: Key: 410c0019
sem_get: Key: 410c0019
nvram_set: board_id = ""
sem_get: Key: 410c0019
sem_get: Key: 410c0019
nvram_set: timer_interval = "3600"
sem_get: Key: 410c0019
sem_get: Key: 410c0019
nvram_set: ntp_server = "192.5.41.40 192.5.41.41 133.100.9.2"
sem_get: Key: 410c0019
sem_get: Key: 410c0019
nvram_set: ntp_update_interval = "86400"
sem_get: Key: 410c0019
sem_get: Key: 410c0019
nvram_set: time_zone = "0"
sem_get: Key: 410c0019
sem_get: Key: 410c0019
nvram_set: log_level = "0"
sem_get: Key: 410c0019
sem_get: Key: 410c0019
nvram_set: upnp_enable = "1"
sem_get: Key: 410c0019
sem_get: Key: 410c0019
nvram_set: ezc_enable = "0"
sem_get: Key: 410c0019
sem_get: Key: 410c0019
nvram_set: ezc_version = "2"
sem_get: Key: 410c0019
sem_get: Key: 410c0019
nvram_set: is_default = "1"
sem_get: Key: 410c0019
sem_get: Key: 410c0019
nvram_set: os_server = ""
sem_get: Key: 410c0019
sem_get: Key: 410c0019
nvram_set: stats_server = ""
sem_get: Key: 410c0019
sem_get: Key: 410c0019
nvram_set: console_loglevel = "1"
sem_get: Key: 410c0019
sem_get: Key: 410c0019
nvram_set: router_disable = "0"
sem_get: Key: 410c0019
sem_get: Key: 410c0019
nvram_set: ure_disable = "1"
sem_get: Key: 410c0019
sem_get: Key: 410c0019
nvram_set: fw_disable = "0"
sem_get: Key: 410c0019
sem_get: Key: 410c0019
nvram_set: log_ipaddr = ""
sem_get: Key: 410c0019
sem_get: Key: 410c0019
nvram_set: wl0_ifname = "eth1"
sem_get: Key: 410c0019
sem_get: Key: 410c0019
nvram_set: wl1_ifname = "eth2"
sem_get: Key: 410c0019
sem_get: Key: 410c0019
nvram_set: wl2_ifname = "eth3"
sem_get: Key: 410c0019
sem_get: Key: 410c0019
nvram_set: lan_ifname = "br0"
sem_get: Key: 410c0019
sem_get: Key: 410c0019
nvram_set: lan_ifnames = "vlan1 eth1 eth2"
sem_get: Key: 410c0019
sem_get: Key: 410c0019
nvram_set: lan_hwnames = ""
sem_get: Key: 410c0019
sem_get: Key: 410c0019
nvram_set: lan_hwaddr = ""
sem_get: Key: 410c0019
sem_get: Key: 410c0019
nvram_set: lan_ipaddr = "192.168.1.1"
sem_get: Key: 410c0019
sem_get: Key: 410c0019
nvram_set: lan_netmask = "255.255.255.0"
sem_get: Key: 410c0019
sem_get: Key: 410c0019
nvram_set: lan_proto = "dhcp"
sem_get: Key: 410c0019
sem_get: Key: 410c0019
nvram_set: lan_wins = ""
sem_get: Key: 410c0019
sem_get: Key: 410c0019
nvram_set: lan_domain = ""
sem_get: Key: 410c0019
sem_get: Key: 410c0019
nvram_set: lan_lease = "86400"
sem_get: Key: 410c0019
sem_get: Key: 410c0019
nvram_set: lan_stp = "1"
sem_get: Key: 410c0019
sem_get: Key: 410c0019
nvram_set: lan_route = ""
sem_get: Key: 410c0019
sem_get: Key: 410c0019
nvram_set: dlna_enable = "1"
sem_get: Key: 410c0019
sem_get: Key: 410c0019
nvram_set: tivo_enable = "1"
sem_get: Key: 410c0019
sem_get: Key: 410c0019
nvram_set: dlna_auto_ip = "0"
sem_get: Key: 410c0019
sem_get: Key: 410c0019
nvram_set: auto_ip_backup = "0"
sem_get: Key: 410c0019
sem_get: Key: 410c0019
nvram_set: tmp_lan_proto = "null"
sem_get: Key: 410c0019
sem_get: Key: 410c0019
nvram_set: tmp_lan_netmask = "0.0.0.0"
sem_get: Key: 410c0019
sem_get: Key: 410c0019
nvram_set: tmp_lan_ipaddr = "0.0.0.0"
sem_get: Key: 410c0019
sem_get: Key: 410c0019
nvram_set: tmp_rip_enable = "null"
sem_get: Key: 410c0019
sem_get: Key: 410c0019
nvram_set: iserver_enable = "0"
sem_get: Key: 410c0019
sem_get: Key: 410c0019
nvram_set: lan1_ifname = "br1"
sem_get: Key: 410c0019
sem_get: Key: 410c0019
nvram_set: lan1_ifnames = ""
sem_get: Key: 410c0019
sem_get: Key: 410c0019
nvram_set: lan1_hwnames = ""
sem_get: Key: 410c0019
sem_get: Key: 410c0019
nvram_set: lan1_hwaddr = ""
sem_get: Key: 410c0019
sem_get: Key: 410c0019
nvram_set: lan1_dhcp = "0"
sem_get: Key: 410c0019
sem_get: Key: 410c0019
nvram_set: lan1_ipaddr = "192.168.2.1"
sem_get: Key: 410c0019
sem_get: Key: 410c0019
nvram_set: lan1_netmask = "255.255.255.0"
sem_get: Key: 410c0019
sem_get: Key: 410c0019
nvram_set: lan1_gateway = "192.168.2.1"
sem_get: Key: 410c0019
sem_get: Key: 410c0019
nvram_set: lan1_proto = "dhcp"
sem_get: Key: 410c0019
sem_get: Key: 410c0019
nvram_set: lan1_wins = ""
sem_get: Key: 410c0019
sem_get: Key: 410c0019
nvram_set: lan1_domain = ""
sem_get: Key: 410c0019
sem_get: Key: 410c0019
nvram_set: lan1_lease = "86400"
sem_get: Key: 410c0019
sem_get: Key: 410c0019
nvram_set: lan1_stp = "1"
sem_get: Key: 410c0019
sem_get: Key: 410c0019
nvram_set: lan1_route = ""
sem_get: Key: 410c0019
sem_get: Key: 410c0019
nvram_set: enable_fbwifi = "0"
sem_get: Key: 410c0019
sem_get: Key: 410c0019
nvram_set: fbwifi_config = "0"
sem_get: Key: 410c0019
sem_get: Key: 410c0019
nvram_set: fbwifi_gwid = "0"
sem_get: Key: 410c0019
sem_get: Key: 410c0019
nvram_set: wan_ifname = "eth0"
sem_get: Key: 410c0019
sem_get: Key: 410c0019
nvram_set: wan_ifnames = "eth0 "
sem_get: Key: 410c0019
sem_get: Key: 410c0019
nvram_set: channel_mode = "Default"
sem_get: Key: 410c0019
sem_get: Key: 410c0019
nvram_set: wifi_test = "1"
sem_get: Key: 410c0019
sem_get: Key: 410c0019
nvram_set: wan_hwname = ""
sem_get: Key: 410c0019
sem_get: Key: 410c0019
nvram_set: wan_hwaddr = ""
sem_get: Key: 410c0019
sem_get: Key: 410c0019
nvram_set: wan_proto = "dhcp"
sem_get: Key: 410c0019
sem_get: Key: 410c0019
nvram_set: wan_ipaddr = "0.0.0.0"
sem_get: Key: 410c0019
sem_get: Key: 410c0019
nvram_set: wan_netmask = "0.0.0.0"
sem_get: Key: 410c0019
sem_get: Key: 410c0019
nvram_set: wan_gateway = "0.0.0.0"
sem_get: Key: 410c0019
sem_get: Key: 410c0019
nvram_set: wan_dns = ""
sem_get: Key: 410c0019
sem_get: Key: 410c0019
nvram_set: wan_wins = ""
sem_get: Key: 410c0019
sem_get: Key: 410c0019
nvram_set: wan_hostname = ""
sem_get: Key: 410c0019
sem_get: Key: 410c0019
nvram_set: wan_domain = ""
sem_get: Key: 410c0019
sem_get: Key: 410c0019
nvram_set: wan_lease = "86400"
sem_get: Key: 410c0019
sem_get: Key: 410c0019
nvram_set: static_route = ""
sem_get: Key: 410c0019
sem_get: Key: 410c0019
nvram_set: pppoe_ifname = "ppp0"
sem_get: Key: 410c0019
sem_get: Key: 410c0019
nvram_set: pppoe_username = "guest"
sem_get: Key: 410c0019
sem_get: Key: 410c0019
nvram_set: pppoe_passwd = ""
sem_get: Key: 410c0019
sem_get: Key: 410c0019
nvram_set: pppoe_idletime = "300"
sem_get: Key: 410c0019
sem_get: Key: 410c0019
nvram_set: pppoe_keepalive = "1"
sem_get: Key: 410c0019
sem_get: Key: 410c0019
nvram_set: pppoe_dod = "1"
sem_get: Key: 410c0019
sem_get: Key: 410c0019
nvram_set: pppoe_mru = "1492"
sem_get: Key: 410c0019
sem_get: Key: 410c0019
nvram_set: pppoe_mtu = "1492"
sem_get: Key: 410c0019
sem_get: Key: 410c0019
nvram_set: pppoe_servicename = ""
sem_get: Key: 410c0019
sem_get: Key: 410c0019
nvram_set: pppoe_acname = ""
sem_get: Key: 410c0019
sem_get: Key: 410c0019
nvram_set: pppoe_localip = "0.0.0.0"
sem_get: Key: 410c0019
sem_get: Key: 410c0019
nvram_set: pppoe_echo_interval = "30"
sem_get: Key: 410c0019
sem_get: Key: 410c0019
nvram_set: pppoe_max_echo_fail = "3"
sem_get: Key: 410c0019
sem_get: Key: 410c0019
nvram_set: pppoe_session_id = "0"
sem_get: Key: 410c0019
sem_get: Key: 410c0019
nvram_set: pppoe_server_mac = ""
sem_get: Key: 410c0019
sem_get: Key: 410c0019
nvram_set: pppoe_tmp_username = "guest"
sem_get: Key: 410c0019
sem_get: Key: 410c0019
nvram_set: pppoe_tmp_passwd = ""
sem_get: Key: 410c0019
sem_get: Key: 410c0019
nvram_set: pppoe_tmp_servicename = ""
sem_get: Key: 410c0019
sem_get: Key: 410c0019
nvram_set: pppoe_tmp_mtu = "1454"
sem_get: Key: 410c0019
sem_get: Key: 410c0019
nvram_set: pppoe_tmp_idletime = "300"
sem_get: Key: 410c0019
sem_get: Key: 410c0019
nvram_set: pppoe_tmp_localip = "0.0.0.0"
sem_get: Key: 410c0019
sem_get: Key: 410c0019
nvram_set: pppoe_wan_dns1 = ""
sem_get: Key: 410c0019
sem_get: Key: 410c0019
nvram_set: pppoe_wan_dns_sel = "0"
sem_get: Key: 410c0019
sem_get: Key: 410c0019
nvram_set: pppoe2_ifname = "ppp1"
sem_get: Key: 410c0019
sem_get: Key: 410c0019
nvram_set: pppoe2_east_username = "guest@flets"
sem_get: Key: 410c0019
sem_get: Key: 410c0019
nvram_set: pppoe2_east_passwd = "guest"
sem_get: Key: 410c0019
sem_get: Key: 410c0019
nvram_set: pppoe2_west_username = "flets@flets"
sem_get: Key: 410c0019
sem_get: Key: 410c0019
nvram_set: pppoe2_west_passwd = "flets"
sem_get: Key: 410c0019
sem_get: Key: 410c0019
nvram_set: pppoe2_username = "guest"
sem_get: Key: 410c0019
sem_get: Key: 410c0019
nvram_set: pppoe2_passwd = ""
sem_get: Key: 410c0019
sem_get: Key: 410c0019
nvram_set: pppoe2_authtype = "0"
sem_get: Key: 410c0019
sem_get: Key: 410c0019
nvram_set: pppoe2_acname = ""
sem_get: Key: 410c0019
sem_get: Key: 410c0019
nvram_set: pppoe2_servicename = ""
sem_get: Key: 410c0019
sem_get: Key: 410c0019
nvram_set: pppoe2_idletime = "300"
sem_get: Key: 410c0019
sem_get: Key: 410c0019
nvram_set: pppoe2_keepalive = "0"
sem_get: Key: 410c0019
sem_get: Key: 410c0019
nvram_set: pppoe2_localip = "0.0.0.0"
sem_get: Key: 410c0019
sem_get: Key: 410c0019
nvram_set: pppoe_flet_sel = "fletdisable"
sem_get: Key: 410c0019
sem_get: Key: 410c0019
nvram_set: pppoe_flet_type = "0"
sem_get: Key: 410c0019
sem_get: Key: 410c0019
nvram_set: pppoe_policy_num = "0"
sem_get: Key: 410c0019
sem_get: Key: 410c0019
nvram_set: pppoe2_mru = "1454"
sem_get: Key: 410c0019
sem_get: Key: 410c0019
nvram_set: pppoe2_mtu = "1454"
sem_get: Key: 410c0019
sem_get: Key: 410c0019
nvram_set: pppoe2_demand = "0"
sem_get: Key: 410c0019
sem_get: Key: 410c0019
nvram_set: pppoe2_dod = "0"
sem_get: Key: 410c0019
sem_get: Key: 410c0019
nvram_set: pppoe2_session_id = "0"
sem_get: Key: 410c0019
sem_get: Key: 410c0019
nvram_set: pppoe2_server_mac = ""
sem_get: Key: 410c0019
sem_get: Key: 410c0019
nvram_set: pppoe_flet_keyword = "flets"
sem_get: Key: 410c0019
sem_get: Key: 410c0019
nvram_set: pppoe2_dns_server = ""
sem_get: Key: 410c0019
sem_get: Key: 410c0019
nvram_set: pppoe2_schedule_enable = "0"
sem_get: Key: 410c0019
sem_get: Key: 410c0019
nvram_set: pppoe2_schedule_config = "127:0:0:23:59"
sem_get: Key: 410c0019
sem_get: Key: 410c0019
nvram_set: pppoe2_fw_bks_block_type = "0"
sem_get: Key: 410c0019
sem_get: Key: 410c0019
nvram_set: pppoe2_blk_srv_tbl = ""
sem_get: Key: 410c0019
sem_get: Key: 410c0019
nvram_set: pppoe2_all_service_tbl = ""
sem_get: Key: 410c0019
sem_get: Key: 410c0019
nvram_set: pppoe2_filter_rule_tbl = ""
sem_get: Key: 410c0019
sem_get: Key: 410c0019
nvram_set: pppoe2_flag_Smin = "0"
sem_get: Key: 410c0019
sem_get: Key: 410c0019
nvram_set: pppoe2_flag_Emin = "0"
sem_get: Key: 410c0019
sem_get: Key: 410c0019
nvram_set: pppoe2_bs_enable = "0"
sem_get: Key: 410c0019
sem_get: Key: 410c0019
nvram_set: pppoe2_bs_keyword = ""
sem_get: Key: 410c0019
sem_get: Key: 410c0019
nvram_set: pppoe2_bs_keywords = ""
sem_get: Key: 410c0019
sem_get: Key: 410c0019
nvram_set: pppoe2_bs_enable_temp = "0"
sem_get: Key: 410c0019
sem_get: Key: 410c0019
nvram_set: pppoe2_bs_keywords_temp = ""
sem_get: Key: 410c0019
sem_get: Key: 410c0019
nvram_set: pppoe2_tmp1 = ""
sem_get: Key: 410c0019
sem_get: Key: 410c0019
nvram_set: pppoe2_tmp2 = ""
sem_get: Key: 410c0019
sem_get: Key: 410c0019
nvram_set: pppoe2_tmp3 = ""
sem_get: Key: 410c0019
sem_get: Key: 410c0019
nvram_set: pppoe2_temp_type = "4"
sem_get: Key: 410c0019
sem_get: Key: 410c0019
nvram_set: runtest = "0"
sem_get: Key: 410c0019
sem_get: Key: 410c0019
nvram_set: wan2_ipaddr = "0.0.0.0"
sem_get: Key: 410c0019
sem_get: Key: 410c0019
nvram_set: wan2_netmask = "0.0.0.0"
sem_get: Key: 410c0019
sem_get: Key: 410c0019
nvram_set: wan2_gateway = "0.0.0.0"
sem_get: Key: 410c0019
sem_get: Key: 410c0019
nvram_set: wan2_dns_sel = "0"
sem_get: Key: 410c0019
sem_get: Key: 410c0019
nvram_set: wan2_dns = ""
sem_get: Key: 410c0019
sem_get: Key: 410c0019
nvram_set: wan2_ipaddr_old = "0.0.0.0"
sem_get: Key: 410c0019
sem_get: Key: 410c0019
nvram_set: wan2_dns1 = ""
sem_get: Key: 410c0019
sem_get: Key: 410c0019
nvram_set: wan_desc = ""
sem_get: Key: 410c0019
sem_get: Key: 410c0019
nvram_set: wan_route = ""
sem_get: Key: 410c0019
sem_get: Key: 410c0019
nvram_set: wan_primary = "0"
sem_get: Key: 410c0019
sem_get: Key: 410c0019
nvram_set: wan_unit = "0"
sem_get: Key: 410c0019
sem_get: Key: 410c0019
nvram_set: dhcp_mode = "manual"
sem_get: Key: 410c0019
sem_get: Key: 410c0019
nvram_set: dhcp_start = "192.168.1.2"
sem_get: Key: 410c0019
sem_get: Key: 410c0019
nvram_set: dhcp_end = "192.168.1.254"
sem_get: Key: 410c0019
sem_get: Key: 410c0019
nvram_set: dhcp_domain = ""
sem_get: Key: 410c0019
sem_get: Key: 410c0019
nvram_set: dhcp_wins = ""
sem_get: Key: 410c0019
sem_get: Key: 410c0019
nvram_set: dhcp_resrv_ip = ""
sem_get: Key: 410c0019
sem_get: Key: 410c0019
nvram_set: dhcp_resrv_mac = ""
sem_get: Key: 410c0019
sem_get: Key: 410c0019
nvram_set: http_username = "admin"
sem_get: Key: 410c0019
sem_get: Key: 410c0019
nvram_set: http_passwd = "password"
sem_get: Key: 410c0019
sem_get: Key: 410c0019
nvram_set: http_wanport = ""
sem_get: Key: 410c0019
sem_get: Key: 410c0019
nvram_set: http_lanport = "80"
sem_get: Key: 410c0019
sem_get: Key: 410c0019
nvram_set: dual_band = "1"
sem_get: Key: 410c0019
sem_get: Key: 410c0019
nvram_set: wlan_acl_enable = "0"
sem_get: Key: 410c0019
sem_get: Key: 410c0019
nvram_set: wlan_acl_num = "64"
sem_get: Key: 410c0019
sem_get: Key: 410c0019
nvram_set: wlan_acl_dev0 = ""
sem_get: Key: 410c0019
sem_get: Key: 410c0019
nvram_set: wlan_acl_dev1 = ""
sem_get: Key: 410c0019
sem_get: Key: 410c0019
nvram_set: wlan_acl_dev2 = ""
sem_get: Key: 410c0019
sem_get: Key: 410c0019
nvram_set: wlan_acl_dev3 = ""
sem_get: Key: 410c0019
sem_get: Key: 410c0019
nvram_set: wlan_acl_dev4 = ""
sem_get: Key: 410c0019
sem_get: Key: 410c0019
nvram_set: wlan_acl_dev5 = ""
sem_get: Key: 410c0019
sem_get: Key: 410c0019
nvram_set: wlan_acl_dev6 = ""
sem_get: Key: 410c0019
sem_get: Key: 410c0019
nvram_set: wlan_acl_dev7 = ""
sem_get: Key: 410c0019
sem_get: Key: 410c0019
nvram_set: wlan_acl_dev8 = ""
sem_get: Key: 410c0019
sem_get: Key: 410c0019
nvram_set: wlan_acl_dev9 = ""
sem_get: Key: 410c0019
sem_get: Key: 410c0019
nvram_set: wlan_acl_dev10 = ""
sem_get: Key: 410c0019
sem_get: Key: 410c0019
nvram_set: wlan_acl_dev11 = ""
sem_get: Key: 410c0019
sem_get: Key: 410c0019
nvram_set: wlan_acl_dev12 = ""
sem_get: Key: 410c0019
sem_get: Key: 410c0019
nvram_set: wlan_acl_dev13 = ""
sem_get: Key: 410c0019
sem_get: Key: 410c0019
nvram_set: wlan_acl_dev14 = ""
sem_get: Key: 410c0019
sem_get: Key: 410c0019
nvram_set: wlan_acl_dev15 = ""
sem_get: Key: 410c0019
sem_get: Key: 410c0019
nvram_set: wlan_acl_dev16 = ""
sem_get: Key: 410c0019
sem_get: Key: 410c0019
nvram_set: wlan_acl_dev17 = ""
sem_get: Key: 410c0019
sem_get: Key: 410c0019
nvram_set: wlan_acl_dev18 = ""
sem_get: Key: 410c0019
sem_get: Key: 410c0019
nvram_set: wlan_acl_dev19 = ""
sem_get: Key: 410c0019
sem_get: Key: 410c0019
nvram_set: wlan_acl_dev20 = ""
sem_get: Key: 410c0019
sem_get: Key: 410c0019
nvram_set: wlan_acl_dev21 = ""
sem_get: Key: 410c0019
sem_get: Key: 410c0019
nvram_set: wlan_acl_dev22 = ""
sem_get: Key: 410c0019
sem_get: Key: 410c0019
nvram_set: wlan_acl_dev23 = ""
sem_get: Key: 410c0019
sem_get: Key: 410c0019
nvram_set: wlan_acl_dev24 = ""
sem_get: Key: 410c0019
sem_get: Key: 410c0019
nvram_set: wlan_acl_dev25 = ""
sem_get: Key: 410c0019
sem_get: Key: 410c0019
nvram_set: wlan_acl_dev26 = ""
sem_get: Key: 410c0019
sem_get: Key: 410c0019
nvram_set: wlan_acl_dev27 = ""
sem_get: Key: 410c0019
sem_get: Key: 410c0019
nvram_set: wlan_acl_dev28 = ""
sem_get: Key: 410c0019
sem_get: Key: 410c0019
nvram_set: wlan_acl_dev29 = ""
sem_get: Key: 410c0019
sem_get: Key: 410c0019
nvram_set: wlan_acl_dev30 = ""
sem_get: Key: 410c0019
sem_get: Key: 410c0019
nvram_set: wlan_acl_dev31 = ""
sem_get: Key: 410c0019
sem_get: Key: 410c0019
nvram_set: wlan_acl_dev32 = ""
sem_get: Key: 410c0019
sem_get: Key: 410c0019
nvram_set: wlan_acl_dev33 = ""
sem_get: Key: 410c0019
sem_get: Key: 410c0019
nvram_set: wlan_acl_dev34 = ""
sem_get: Key: 410c0019
sem_get: Key: 410c0019
nvram_set: wlan_acl_dev35 = ""
sem_get: Key: 410c0019
sem_get: Key: 410c0019
nvram_set: wlan_acl_dev36 = ""
sem_get: Key: 410c0019
sem_get: Key: 410c0019
nvram_set: wlan_acl_dev37 = ""
sem_get: Key: 410c0019
sem_get: Key: 410c0019
nvram_set: wlan_acl_dev38 = ""
sem_get: Key: 410c0019
sem_get: Key: 410c0019
nvram_set: wlan_acl_dev39 = ""
sem_get: Key: 410c0019
sem_get: Key: 410c0019
nvram_set: wlan_acl_dev40 = ""
sem_get: Key: 410c0019
sem_get: Key: 410c0019
nvram_set: wlan_acl_dev41 = ""
sem_get: Key: 410c0019
sem_get: Key: 410c0019
nvram_set: wlan_acl_dev42 = ""
sem_get: Key: 410c0019
sem_get: Key: 410c0019
nvram_set: wlan_acl_dev43 = ""
sem_get: Key: 410c0019
sem_get: Key: 410c0019
nvram_set: wlan_acl_dev44 = ""
sem_get: Key: 410c0019
sem_get: Key: 410c0019
nvram_set: wlan_acl_dev45 = ""
sem_get: Key: 410c0019
sem_get: Key: 410c0019
nvram_set: wlan_acl_dev46 = ""
sem_get: Key: 410c0019
sem_get: Key: 410c0019
nvram_set: wlan_acl_dev47 = ""
sem_get: Key: 410c0019
sem_get: Key: 410c0019
nvram_set: wlan_acl_dev48 = ""
sem_get: Key: 410c0019
sem_get: Key: 410c0019
nvram_set: wlan_acl_dev49 = ""
sem_get: Key: 410c0019
sem_get: Key: 410c0019
nvram_set: wlan_acl_dev50 = ""
sem_get: Key: 410c0019
sem_get: Key: 410c0019
nvram_set: wlan_acl_dev51 = ""
sem_get: Key: 410c0019
sem_get: Key: 410c0019
nvram_set: wlan_acl_dev52 = ""
sem_get: Key: 410c0019
sem_get: Key: 410c0019
nvram_set: wlan_acl_dev53 = ""
sem_get: Key: 410c0019
sem_get: Key: 410c0019
nvram_set: wlan_acl_dev54 = ""
sem_get: Key: 410c0019
sem_get: Key: 410c0019
nvram_set: wlan_acl_dev55 = ""
sem_get: Key: 410c0019
sem_get: Key: 410c0019
nvram_set: wlan_acl_dev56 = ""
sem_get: Key: 410c0019
sem_get: Key: 410c0019
nvram_set: wlan_acl_dev57 = ""
sem_get: Key: 410c0019
sem_get: Key: 410c0019
nvram_set: wlan_acl_dev58 = ""
sem_get: Key: 410c0019
sem_get: Key: 410c0019
nvram_set: wlan_acl_dev59 = ""
sem_get: Key: 410c0019
sem_get: Key: 410c0019
nvram_set: wlan_acl_dev60 = ""
sem_get: Key: 410c0019
sem_get: Key: 410c0019
nvram_set: wlan_acl_dev61 = ""
sem_get: Key: 410c0019
sem_get: Key: 410c0019
nvram_set: wlan_acl_dev62 = ""
sem_get: Key: 410c0019
sem_get: Key: 410c0019
nvram_set: wlan_acl_dev63 = ""
sem_get: Key: 410c0019
sem_get: Key: 410c0019
nvram_set: wlan_acl_mac0 = ""
sem_get: Key: 410c0019
sem_get: Key: 410c0019
nvram_set: wlan_acl_mac1 = ""
sem_get: Key: 410c0019
sem_get: Key: 410c0019
nvram_set: wlan_acl_mac2 = ""
sem_get: Key: 410c0019
sem_get: Key: 410c0019
nvram_set: wlan_acl_mac3 = ""
sem_get: Key: 410c0019
sem_get: Key: 410c0019
nvram_set: wlan_acl_mac4 = ""
sem_get: Key: 410c0019
sem_get: Key: 410c0019
nvram_set: wlan_acl_mac5 = ""
sem_get: Key: 410c0019
sem_get: Key: 410c0019
nvram_set: wlan_acl_mac6 = ""
sem_get: Key: 410c0019
sem_get: Key: 410c0019
nvram_set: wlan_acl_mac7 = ""
sem_get: Key: 410c0019
sem_get: Key: 410c0019
nvram_set: wlan_acl_mac8 = ""
sem_get: Key: 410c0019
sem_get: Key: 410c0019
nvram_set: wlan_acl_mac9 = ""
sem_get: Key: 410c0019
sem_get: Key: 410c0019
nvram_set: wlan_acl_mac10 = ""
sem_get: Key: 410c0019
sem_get: Key: 410c0019
nvram_set: wlan_acl_mac11[   32.997611] random: nonblocking pool is initialized
 = ""
sem_get: Key: 410c0019
sem_get: Key: 410c0019
nvram_set: wlan_acl_mac12 = ""
sem_get: Key: 410c0019
sem_get: Key: 410c0019
nvram_set: wlan_acl_mac13 = ""
sem_get: Key: 410c0019
sem_get: Key: 410c0019
nvram_set: wlan_acl_mac14 = ""
sem_get: Key: 410c0019
sem_get: Key: 410c0019
nvram_set: wlan_acl_mac15 = ""
sem_get: Key: 410c0019
sem_get: Key: 410c0019
nvram_set: wlan_acl_mac16 = ""
sem_get: Key: 410c0019
sem_get: Key: 410c0019
nvram_set: wlan_acl_mac17 = ""
sem_get: Key: 410c0019
sem_get: Key: 410c0019
nvram_set: wlan_acl_mac18 = ""
sem_get: Key: 410c0019
sem_get: Key: 410c0019
nvram_set: wlan_acl_mac19 = ""
sem_get: Key: 410c0019
sem_get: Key: 410c0019
nvram_set: wlan_acl_mac20 = ""
sem_get: Key: 410c0019
sem_get: Key: 410c0019
nvram_set: wlan_acl_mac21 = ""
sem_get: Key: 410c0019
sem_get: Key: 410c0019
nvram_set: wlan_acl_mac22 = ""
sem_get: Key: 410c0019
sem_get: Key: 410c0019
nvram_set: wlan_acl_mac23 = ""
sem_get: Key: 410c0019
sem_get: Key: 410c0019
nvram_set: wlan_acl_mac24 = ""
sem_get: Key: 410c0019
sem_get: Key: 410c0019
nvram_set: wlan_acl_mac25 = ""
sem_get: Key: 410c0019
sem_get: Key: 410c0019
nvram_set: wlan_acl_mac26 = ""
sem_get: Key: 410c0019
sem_get: Key: 410c0019
nvram_set: wlan_acl_mac27 = ""
sem_get: Key: 410c0019
sem_get: Key: 410c0019
nvram_set: wlan_acl_mac28 = ""
sem_get: Key: 410c0019
sem_get: Key: 410c0019
nvram_set: wlan_acl_mac29 = ""
sem_get: Key: 410c0019
sem_get: Key: 410c0019
nvram_set: wlan_acl_mac30 = ""
sem_get: Key: 410c0019
sem_get: Key: 410c0019
nvram_set: wlan_acl_mac31 = ""
sem_get: Key: 410c0019
sem_get: Key: 410c0019
nvram_set: wlan_acl_mac32 = ""
sem_get: Key: 410c0019
sem_get: Key: 410c0019
nvram_set: wlan_acl_mac33 = ""
sem_get: Key: 410c0019
sem_get: Key: 410c0019
nvram_set: wlan_acl_mac34 = ""
sem_get: Key: 410c0019
sem_get: Key: 410c0019
nvram_set: wlan_acl_mac35 = ""
sem_get: Key: 410c0019
sem_get: Key: 410c0019
nvram_set: wlan_acl_mac36 = ""
sem_get: Key: 410c0019
sem_get: Key: 410c0019
nvram_set: wlan_acl_mac37 = ""
sem_get: Key: 410c0019
sem_get: Key: 410c0019
nvram_set: wlan_acl_mac38 = ""
sem_get: Key: 410c0019
sem_get: Key: 410c0019
nvram_set: wlan_acl_mac39 = ""
sem_get: Key: 410c0019
sem_get: Key: 410c0019
nvram_set: wlan_acl_mac40 = ""
sem_get: Key: 410c0019
sem_get: Key: 410c0019
nvram_set: wlan_acl_mac41 = ""
sem_get: Key: 410c0019
sem_get: Key: 410c0019
nvram_set: wlan_acl_mac42 = ""
sem_get: Key: 410c0019
sem_get: Key: 410c0019
nvram_set: wlan_acl_mac43 = ""
sem_get: Key: 410c0019
sem_get: Key: 410c0019
nvram_set: wlan_acl_mac44 = ""
sem_get: Key: 410c0019
sem_get: Key: 410c0019
nvram_set: wlan_acl_mac45 = ""
sem_get: Key: 410c0019
sem_get: Key: 410c0019
nvram_set: wlan_acl_mac46 = ""
sem_get: Key: 410c0019
sem_get: Key: 410c0019
nvram_set: wlan_acl_mac47 = ""
sem_get: Key: 410c0019
sem_get: Key: 410c0019
nvram_set: wlan_acl_mac48 = ""
sem_get: Key: 410c0019
sem_get: Key: 410c0019
nvram_set: wlan_acl_mac49 = ""
sem_get: Key: 410c0019
sem_get: Key: 410c0019
nvram_set: wlan_acl_mac50 = ""
sem_get: Key: 410c0019
sem_get: Key: 410c0019
nvram_set: wlan_acl_mac51 = ""
sem_get: Key: 410c0019
sem_get: Key: 410c0019
nvram_set: wlan_acl_mac52 = ""
sem_get: Key: 410c0019
sem_get: Key: 410c0019
nvram_set: wlan_acl_mac53 = ""
sem_get: Key: 410c0019
sem_get: Key: 410c0019
nvram_set: wlan_acl_mac54 = ""
sem_get: Key: 410c0019
sem_get: Key: 410c0019
nvram_set: wlan_acl_mac55 = ""
sem_get: Key: 410c0019
sem_get: Key: 410c0019
nvram_set: wlan_acl_mac56 = ""
sem_get: Key: 410c0019
sem_get: Key: 410c0019
nvram_set: wlan_acl_mac57 = ""
sem_get: Key: 410c0019
sem_get: Key: 410c0019
nvram_set: wlan_acl_mac58 = ""
sem_get: Key: 410c0019
sem_get: Key: 410c0019
nvram_set: wlan_acl_mac59 = ""
sem_get: Key: 410c0019
sem_get: Key: 410c0019
nvram_set: wlan_acl_mac60 = ""
sem_get: Key: 410c0019
sem_get: Key: 410c0019
nvram_set: wlan_acl_mac61 = ""
sem_get: Key: 410c0019
sem_get: Key: 410c0019
nvram_set: wlan_acl_mac62 = ""
sem_get: Key: 410c0019
sem_get: Key: 410c0019
nvram_set: wlan_acl_mac63 = ""
sem_get: Key: 410c0019
sem_get: Key: 410c0019
nvram_set: wla_temp_setting = "0"
sem_get: Key: 410c0019
sem_get: Key: 410c0019
nvram_set: wla_ssid = "NETGEAR"
sem_get: Key: 410c0019
sem_get: Key: 410c0019
nvram_set: wla_temp_ssid = "NETGEAR"
sem_get: Key: 410c0019
sem_get: Key: 410c0019
nvram_set: wl_5g_bandsteering = "0"
sem_get: Key: 410c0019
sem_get: Key: 410c0019
nvram_set: wlh_ssid = "NETGEAR-5G-2"
sem_get: Key: 410c0019
sem_get: Key: 410c0019
nvram_set: wlh_band = "2.4G"
sem_get: Key: 410c0019
sem_get: Key: 410c0019
nvram_set: wlh_temp_ssid = "NETGEAR-5G-2"
sem_get: Key: 410c0019
sem_get: Key: 410c0019
nvram_set: wlh_temp_band = "5G"
sem_get: Key: 410c0019
sem_get: Key: 410c0019
nvram_set: wlg_ssid = "NETGEAR-5G-1"
sem_get: Key: 410c0019
sem_get: Key: 410c0019
nvram_set: wlg_band = "2.4G"
sem_get: Key: 410c0019
sem_get: Key: 410c0019
nvram_set: wlg_temp_ssid = "NETGEAR-5G-1"
sem_get: Key: 410c0019
sem_get: Key: 410c0019
nvram_set: wlg_temp_band = "5G"
sem_get: Key: 410c0019
sem_get: Key: 410c0019
nvram_set: wla_region = "5"
sem_get: Key: 410c0019
sem_get: Key: 410c0019
nvram_set: wla_temp_region = "5"
sem_get: Key: 410c0019
sem_get: Key: 410c0019
nvram_set: wla_autochannel = "enable"
sem_get: Key: 410c0019
sem_get: Key: 410c0019
nvram_set: wla_channel = "0"
sem_get: Key: 410c0019
sem_get: Key: 410c0019
nvram_set: wlg_channel = "44"
sem_get: Key: 410c0019
sem_get: Key: 410c0019
nvram_set: wlh_channel = "136"
sem_get: Key: 410c0019
sem_get: Key: 410c0019
nvram_set: wla_mode = "300Mbps"
sem_get: Key: 410c0019
sem_get: Key: 410c0019
nvram_set: wlg_mode = "HT80"
sem_get: Key: 410c0019
sem_get: Key: 410c0019
nvram_set: wlh_mode = "HT80"
sem_get: Key: 410c0019
sem_get: Key: 410c0019
nvram_set: wla_secu_type = "None"
sem_get: Key: 410c0019
sem_get: Key: 410c0019
nvram_set: wla_auth_type = "automatic"
sem_get: Key: 410c0019
sem_get: Key: 410c0019
nvram_set: wla_wlanstate = "Enable"
sem_get: Key: 410c0019
sem_get: Key: 410c0019
nvram_set: wlg_secu_type = "None"
sem_get: Key: 410c0019
sem_get: Key: 410c0019
nvram_set: wlg_wlanstate = "Enable"
sem_get: Key: 410c0019
sem_get: Key: 410c0019
nvram_set: wlg_auth_type = "automatic"
sem_get: Key: 410c0019
sem_get: Key: 410c0019
nvram_set: wlg_txbf = "1"
sem_get: Key: 410c0019
sem_get: Key: 410c0019
nvram_set: wlh_secu_type = "None"
sem_get: Key: 410c0019
sem_get: Key: 410c0019
nvram_set: wlh_wlanstate = "Enable"
sem_get: Key: 410c0019
sem_get: Key: 410c0019
nvram_set: wlh_auth_type = "automatic"
sem_get: Key: 410c0019
sem_get: Key: 410c0019
nvram_set: wlh_txbf = "1"
sem_get: Key: 410c0019
sem_get: Key: 410c0019
nvram_set: wl1_stbc_tx = "auto"
sem_get: Key: 410c0019
sem_get: Key: 410c0019
nvram_set: wl1_txbf_bfr_cap = "1"
sem_get: Key: 410c0019
sem_get: Key: 410c0019
nvram_set: wl1_txbf_bfe_cap = "1"
sem_get: Key: 410c0019
sem_get: Key: 410c0019
nvram_set: wl2_stbc_tx = "auto"
sem_get: Key: 410c0019
sem_get: Key: 410c0019
nvram_set: wl2_txbf_bfr_cap = "1"
sem_get: Key: 410c0019
sem_get: Key: 410c0019
nvram_set: wl2_txbf_bfe_cap = "1"
sem_get: Key: 410c0019
sem_get: Key: 410c0019
nvram_set: wl0_stbc_tx = "auto"
sem_get: Key: 410c0019
sem_get: Key: 410c0019
nvram_set: wl0_txbf_bfr_cap = "1"
sem_get: Key: 410c0019
sem_get: Key: 410c0019
nvram_set: wl0_txbf_bfe_cap = "1"
sem_get: Key: 410c0019
sem_get: Key: 410c0019
nvram_set: wl_txq_thresh = "1024"
sem_get: Key: 410c0019
sem_get: Key: 410c0019
nvram_set: et_txq_thresh = "1024"
sem_get: Key: 410c0019
sem_get: Key: 410c0019
nvram_set: wl_mbss_skipctf = "1"
sem_get: Key: 410c0019
sem_get: Key: 410c0019
nvram_set: wla_temp_channel = "0"
sem_get: Key: 410c0019
sem_get: Key: 410c0019
nvram_set: wla_temp_mode = "145Mbps"
sem_get: Key: 410c0019
sem_get: Key: 410c0019
nvram_set: wla_temp_enable = "enable_ap"
sem_get: Key: 410c0019
sem_get: Key: 410c0019
nvram_set: wla_temp_secu_type = "None"
sem_get: Key: 410c0019
sem_get: Key: 410c0019
nvram_set: wla_temp_broadcast = "ssid_24G_bc"
sem_get: Key: 410c0019
sem_get: Key: 410c0019
nvram_set: wlg_temp_channel = "36"
sem_get: Key: 410c0019
sem_get: Key: 410c0019
nvram_set: wlg_temp_mode = "300Mbps"
sem_get: Key: 410c0019
sem_get: Key: 410c0019
nvram_set: wlg_broadcast = "ssid_5G_bc"
sem_get: Key: 410c0019
sem_get: Key: 410c0019
nvram_set: wlg_temp_broadcast = "ssid_5G_bc"
sem_get: Key: 410c0019
sem_get: Key: 410c0019
nvram_set: wlg_temp_secu_type = "None"
sem_get: Key: 410c0019
sem_get: Key: 410c0019
nvram_set: wlh_temp_channel = "36"
sem_get: Key: 410c0019
sem_get: Key: 410c0019
nvram_set: wlh_temp_mode = "300Mbps"
sem_get: Key: 410c0019
sem_get: Key: 410c0019
nvram_set: wlh_broadcast = "ssid_5G_bc"
sem_get: Key: 410c0019
sem_get: Key: 410c0019
nvram_set: wlh_temp_broadcast = "ssid_5G_bc"
sem_get: Key: 410c0019
sem_get: Key: 410c0019
nvram_set: wlh_temp_secu_type = "None"
sem_get: Key: 410c0019
sem_get: Key: 410c0019
nvram_set: ce_dfs_ch_enable = "0"
sem_get: Key: 410c0019
sem_get: Key: 410c0019
nvram_set: fcc_dfs_ch_enable = "0"
sem_get: Key: 410c0019
sem_get: Key: 410c0019
nvram_set: telec_dfs_ch_enable = "0"
sem_get: Key: 410c0019
sem_get: Key: 410c0019
nvram_set: wla_wep_length = "0"
sem_get: Key: 410c0019
sem_get: Key: 410c0019
nvram_set: wla_defaKey = "0"
sem_get: Key: 410c0019
sem_get: Key: 410c0019
nvram_set: wla_key1 = ""
sem_get: Key: 410c0019
sem_get: Key: 410c0019
nvram_set: wla_key2 = ""
sem_get: Key: 410c0019
sem_get: Key: 410c0019
nvram_set: wla_key3 = ""
sem_get: Key: 410c0019
sem_get: Key: 410c0019
nvram_set: wla_key4 = ""
sem_get: Key: 410c0019
sem_get: Key: 410c0019
nvram_set: wla_passphrase = ""
sem_get: Key: 410c0019
sem_get: Key: 410c0019
nvram_set: wlg_wep_length = "0"
sem_get: Key: 410c0019
sem_get: Key: 410c0019
nvram_set: wlg_defaKey = "0"
sem_get: Key: 410c0019
sem_get: Key: 410c0019
nvram_set: wlg_key1 = ""
sem_get: Key: 410c0019
sem_get: Key: 410c0019
nvram_set: wlg_key2 = ""
sem_get: Key: 410c0019
sem_get: Key: 410c0019
nvram_set: wlg_key3 = ""
sem_get: Key: 410c0019
sem_get: Key: 410c0019
nvram_set: wlg_key4 = ""
sem_get: Key: 410c0019
sem_get: Key: 410c0019
nvram_set: wlg_passphrase = ""
sem_get: Key: 410c0019
sem_get: Key: 410c0019
nvram_set: wlh_wep_length = "0"
sem_get: Key: 410c0019
sem_get: Key: 410c0019
nvram_set: wlh_defaKey = "0"
sem_get: Key: 410c0019
sem_get: Key: 410c0019
nvram_set: wlh_key1 = ""
sem_get: Key: 410c0019
sem_get: Key: 410c0019
nvram_set: wlh_key2 = ""
sem_get: Key: 410c0019
sem_get: Key: 410c0019
nvram_set: wlh_key3 = ""
sem_get: Key: 410c0019
sem_get: Key: 410c0019
nvram_set: wlh_key4 = ""
sem_get: Key: 410c0019
sem_get: Key: 410c0019
nvram_set: wlh_passphrase = ""
sem_get: Key: 410c0019
sem_get: Key: 410c0019
nvram_set: wla_temp_defaKey = "0"
sem_get: Key: 410c0019
sem_get: Key: 410c0019
nvram_set: wla_temp_key1 = ""
sem_get: Key: 410c0019
sem_get: Key: 410c0019
nvram_set: wla_temp_key2 = ""
sem_get: Key: 410c0019
sem_get: Key: 410c0019
nvram_set: wla_temp_key3 = ""
sem_get: Key: 410c0019
sem_get: Key: 410c0019
nvram_set: wla_temp_key4 = ""
sem_get: Key: 410c0019
sem_get: Key: 410c0019
nvram_set: wla_temp_passphrase = ""
sem_get: Key: 410c0019
sem_get: Key: 410c0019
nvram_set: wla_rts = "2347"
sem_get: Key: 410c0019
sem_get: Key: 410c0019
nvram_set: wla_frag = "2346"
sem_get: Key: 410c0019
sem_get: Key: 410c0019
nvram_set: wlg_rts = "2347"
sem_get: Key: 410c0019
sem_get: Key: 410c0019
nvram_set: wlg_frag = "2346"
sem_get: Key: 410c0019
sem_get: Key: 410c0019
nvram_set: wlg_temp_defaKey = "0"
sem_get: Key: 410c0019
sem_get: Key: 410c0019
nvram_set: wlg_temp_key1 = ""
sem_get: Key: 410c0019
sem_get: Key: 410c0019
nvram_set: wlg_temp_key2 = ""
sem_get: Key: 410c0019
sem_get: Key: 410c0019
nvram_set: wlg_temp_key3 = ""
sem_get: Key: 410c0019
sem_get: Key: 410c0019
nvram_set: wlg_temp_key4 = ""
sem_get: Key: 410c0019
sem_get: Key: 410c0019
nvram_set: wlg_temp_passphrase = ""
sem_get: Key: 410c0019
sem_get: Key: 410c0019
nvram_set: wlh_rts = "2347"
sem_get: Key: 410c0019
sem_get: Key: 410c0019
nvram_set: wlh_frag = "2346"
sem_get: Key: 410c0019
sem_get: Key: 410c0019
nvram_set: wlh_temp_defaKey = "0"
sem_get: Key: 410c0019
sem_get: Key: 410c0019
nvram_set: wlh_temp_key1 = ""
sem_get: Key: 410c0019
sem_get: Key: 410c0019
nvram_set: wlh_temp_key2 = ""
sem_get: Key: 410c0019
sem_get: Key: 410c0019
nvram_set: wlh_temp_key3 = ""
sem_get: Key: 410c0019
sem_get: Key: 410c0019
nvram_set: wlh_temp_key4 = ""
sem_get: Key: 410c0019
sem_get: Key: 410c0019
nvram_set: wlh_temp_passphrase = ""
sem_get: Key: 410c0019
sem_get: Key: 410c0019
nvram_set: wla_preamble = "long"
sem_get: Key: 410c0019
sem_get: Key: 410c0019
nvram_set: wlg_preamble = "long"
sem_get: Key: 410c0019
sem_get: Key: 410c0019
nvram_set: wlh_preamble = "long"
sem_get: Key: 410c0019
sem_get: Key: 410c0019
nvram_set: wl_wme_2g = "1"
sem_get: Key: 410c0019
sem_get: Key: 410c0019
nvram_set: wl_wme_5g = "1"
sem_get: Key: 410c0019
sem_get: Key: 410c0019
nvram_set: wl_wme_5g_2 = "1"
sem_get: Key: 410c0019
sem_get: Key: 410c0019
nvram_set: wla_onoff = "Disable"
sem_get: Key: 410c0019
sem_get: Key: 410c0019
nvram_set: wlg_onoff = "Disable"
sem_get: Key: 410c0019
sem_get: Key: 410c0019
nvram_set: wlh_onoff = "Disable"
sem_get: Key: 410c0019
sem_get: Key: 410c0019
nvram_set: sche_tmp_set = "0"
sem_get: Key: 410c0019
sem_get: Key: 410c0019
nvram_set: wifi_sche_off = "Enable"
sem_get: Key: 410c0019
sem_get: Key: 410c0019
nvram_set: wla_ap_isolate = "0"
sem_get: Key: 410c0019
sem_get: Key: 410c0019
nvram_set: wlg_ap_isolate = "0"
sem_get: Key: 410c0019
sem_get: Key: 410c0019
nvram_set: wlh_ap_isolate = "0"
sem_get: Key: 410c0019
sem_get: Key: 410c0019
nvram_set: auto_conn_24hr = "Disable"
sem_get: Key: 410c0019
sem_get: Key: 410c0019
nvram_set: auto_conn_time = "0"
sem_get: Key: 410c0019
sem_get: Key: 410c0019
nvram_set: wla_en_secu_type = "WPA-AUTO"
sem_get: Key: 410c0019
sem_get: Key: 410c0019
nvram_set: wla_wpa_gtk_rekey = "3600"
sem_get: Key: 410c0019
sem_get: Key: 410c0019
nvram_set: wla_radius_secret = ""
sem_get: Key: 410c0019
sem_get: Key: 410c0019
nvram_set: wla_radius_port = "1812"
sem_get: Key: 410c0019
sem_get: Key: 410c0019
nvram_set: wla_radius_ip = "0.0.0.0"
sem_get: Key: 410c0019
sem_get: Key: 410c0019
nvram_set: wlg_en_secu_type = "WPA-AUTO"
sem_get: Key: 410c0019
sem_get: Key: 410c0019
nvram_set: wlg_wpa_gtk_rekey = "3600"
sem_get: Key: 410c0019
sem_get: Key: 410c0019
nvram_set: wlg_radius_secret = ""
sem_get: Key: 410c0019
sem_get: Key: 410c0019
nvram_set: wlg_radius_port = "1812"
sem_get: Key: 410c0019
sem_get: Key: 410c0019
nvram_set: wlg_radius_ip = "0.0.0.0"
sem_get: Key: 410c0019
sem_get: Key: 410c0019
nvram_set: wlh_en_secu_type = "WPA-AUTO"
sem_get: Key: 410c0019
sem_get: Key: 410c0019
nvram_set: wlh_wpa_gtk_rekey = "3600"
sem_get: Key: 410c0019
sem_get: Key: 410c0019
nvram_set: wlh_radius_secret = ""
sem_get: Key: 410c0019
sem_get: Key: 410c0019
nvram_set: wlh_radius_port = "1812"
sem_get: Key: 410c0019
sem_get: Key: 410c0019
nvram_set: wlh_radius_ip = "0.0.0.0"
sem_get: Key: 410c0019
sem_get: Key: 410c0019
nvram_set: wla_sec_profile_enable_2 = "0"
sem_get: Key: 410c0019
sem_get: Key: 410c0019
nvram_set: wla_temp_sec_profile_enable_2 = ""
sem_get: Key: 410c0019
sem_get: Key: 410c0019
nvram_set: wla_ssid_2 = "NETGEAR-Guest"
sem_get: Key: 410c0019
sem_get: Key: 410c0019
nvram_set: wla_temp_ssid_2 = ""
sem_get: Key: 410c0019
sem_get: Key: 410c0019
nvram_set: wla_secu_type_2 = "None"
sem_get: Key: 410c0019
sem_get: Key: 410c0019
nvram_set: wla_temp_secu_type_2 = ""
sem_get: Key: 410c0019
sem_get: Key: 410c0019
nvram_set: wla_auth_type_2 = "automatic"
sem_get: Key: 410c0019
sem_get: Key: 410c0019
nvram_set: wla_wep_length_2 = "0"
sem_get: Key: 410c0019
sem_get: Key: 410c0019
nvram_set: wla_defaKey_2 = "0"
sem_get: Key: 410c0019
sem_get: Key: 410c0019
nvram_set: wla_key1_2 = ""
sem_get: Key: 410c0019
sem_get: Key: 410c0019
nvram_set: wla_key2_2 = ""
sem_get: Key: 410c0019
sem_get: Key: 410c0019
nvram_set: wla_key3_2 = ""
sem_get: Key: 410c0019
sem_get: Key: 410c0019
nvram_set: wla_key4_2 = ""
sem_get: Key: 410c0019
sem_get: Key: 410c0019
nvram_set: wla_passphrase_2 = ""
sem_get: Key: 410c0019
sem_get: Key: 410c0019
nvram_set: wla_wmm_advert_2 = "1"
sem_get: Key: 410c0019
sem_get: Key: 410c0019
nvram_set: wla_ssid_bc_2 = "1"
sem_get: Key: 410c0019
sem_get: Key: 410c0019
nvram_set: wla_temp_ssid_bc_2 = ""
sem_get: Key: 410c0019
sem_get: Key: 410c0019
nvram_set: wla_allow_access_2 = "0"
sem_get: Key: 410c0019
sem_get: Key: 410c0019
nvram_set: wla_temp_allow_access_2 = ""
sem_get: Key: 410c0019
sem_get: Key: 410c0019
nvram_set: wla_allow_see_access_2 = "0"
sem_get: Key: 410c0019
sem_get: Key: 410c0019
nvram_set: wla_temp_allow_see_access_2 = ""
sem_get: Key: 410c0019
sem_get: Key: 410c0019
nvram_set: wlg_sec_profile_enable_2 = "0"
sem_get: Key: 410c0019
sem_get: Key: 410c0019
nvram_set: wlg_temp_sec_profile_enable_2 = ""
sem_get: Key: 410c0019
sem_get: Key: 410c0019
nvram_set: wlg_ssid_2 = "NETGEAR-5G-Guest"
sem_get: Key: 410c0019
sem_get: Key: 410c0019
nvram_set: wlh_ssid_2 = "NETGEAR-5G-2-Guest"
sem_get: Key: 410c0019
sem_get: Key: 410c0019
nvram_set: wlg_temp_ssid_2 = ""
sem_get: Key: 410c0019
sem_get: Key: 410c0019
nvram_set: wlg_secu_type_2 = "None"
sem_get: Key: 410c0019
sem_get: Key: 410c0019
nvram_set: wlg_temp_secu_type_2 = ""
sem_get: Key: 410c0019
sem_get: Key: 410c0019
nvram_set: wlg_auth_type_2 = "automatic"
sem_get: Key: 410c0019
sem_get: Key: 410c0019
nvram_set: wlg_wep_length_2 = "0"
sem_get: Key: 410c0019
sem_get: Key: 410c0019
nvram_set: wlg_defaKey_2 = "0"
sem_get: Key: 410c0019
sem_get: Key: 410c0019
nvram_set: wlg_key1_2 = ""
sem_get: Key: 410c0019
sem_get: Key: 410c0019
nvram_set: wlg_key2_2 = ""
sem_get: Key: 410c0019
sem_get: Key: 410c0019
nvram_set: wlg_key3_2 = ""
sem_get: Key: 410c0019
sem_get: Key: 410c0019
nvram_set: wlg_key4_2 = ""
sem_get: Key: 410c0019
sem_get: Key: 410c0019
nvram_set: wlg_passphrase_2 = ""
sem_get: Key: 410c0019
sem_get: Key: 410c0019
nvram_set: wlg_wmm_advert_2 = "1"
sem_get: Key: 410c0019
sem_get: Key: 410c0019
nvram_set: wlg_ssid_bc_2 = "1"
sem_get: Key: 410c0019
sem_get: Key: 410c0019
nvram_set: wlg_temp_ssid_bc_2 = ""
sem_get: Key: 410c0019
sem_get: Key: 410c0019
nvram_set: wlg_allow_access_2 = "0"
sem_get: Key: 410c0019
sem_get: Key: 410c0019
nvram_set: wlg_temp_allow_access_2 = ""
sem_get: Key: 410c0019
sem_get: Key: 410c0019
nvram_set: wlg_allow_see_access_2 = "0"
sem_get: Key: 410c0019
sem_get: Key: 410c0019
nvram_set: wlg_temp_allow_see_access_2 = ""
sem_get: Key: 410c0019
sem_get: Key: 410c0019
nvram_set: wlh_temp_ssid_2 = ""
sem_get: Key: 410c0019
sem_get: Key: 410c0019
nvram_set: wlh_secu_type_2 = "None"
sem_get: Key: 410c0019
sem_get: Key: 410c0019
nvram_set: wlh_temp_secu_type_2 = ""
sem_get: Key: 410c0019
sem_get: Key: 410c0019
nvram_set: wlh_auth_type_2 = "automatic"
sem_get: Key: 410c0019
sem_get: Key: 410c0019
nvram_set: wlh_wep_length_2 = "0"
sem_get: Key: 410c0019
sem_get: Key: 410c0019
nvram_set: wlh_defaKey_2 = "0"
sem_get: Key: 410c0019
sem_get: Key: 410c0019
nvram_set: wlh_key1_2 = ""
sem_get: Key: 410c0019
sem_get: Key: 410c0019
nvram_set: wlh_key2_2 = ""
sem_get: Key: 410c0019
sem_get: Key: 410c0019
nvram_set: wlh_key3_2 = ""
sem_get: Key: 410c0019
sem_get: Key: 410c0019
nvram_set: wlh_key4_2 = ""
sem_get: Key: 410c0019
sem_get: Key: 410c0019
nvram_set: wlh_passphrase_2 = ""
sem_get: Key: 410c0019
sem_get: Key: 410c0019
nvram_set: wlh_wmm_advert_2 = "1"
sem_get: Key: 410c0019
sem_get: Key: 410c0019
nvram_set: wlh_ssid_bc_2 = "1"
sem_get: Key: 410c0019
sem_get: Key: 410c0019
nvram_set: wlh_temp_ssid_bc_2 = ""
sem_get: Key: 410c0019
sem_get: Key: 410c0019
nvram_set: wlh_allow_access_2 = "0"
sem_get: Key: 410c0019
sem_get: Key: 410c0019
nvram_set: wlh_temp_allow_access_2 = ""
sem_get: Key: 410c0019
sem_get: Key: 410c0019
nvram_set: wlh_allow_see_access_2 = "0"
sem_get: Key: 410c0019
sem_get: Key: 410c0019
nvram_set: wlh_temp_allow_see_access_2 = ""
sem_get: Key: 410c0019
sem_get: Key: 410c0019
nvram_set: wla_sec_profile_enable_3 = "0"
sem_get: Key: 410c0019
sem_get: Key: 410c0019
nvram_set: wla_temp_sec_profile_enable_3 = ""
sem_get: Key: 410c0019
sem_get: Key: 410c0019
nvram_set: wla_ssid_3 = ""
sem_get: Key: 410c0019
sem_get: Key: 410c0019
nvram_set: wla_temp_ssid_3 = ""
sem_get: Key: 410c0019
sem_get: Key: 410c0019
nvram_set: wla_secu_type_3 = "None"
sem_get: Key: 410c0019
sem_get: Key: 410c0019
nvram_set: wla_temp_secu_type_3 = ""
sem_get: Key: 410c0019
sem_get: Key: 410c0019
nvram_set: wla_auth_type_3 = "automatic"
sem_get: Key: 410c0019
sem_get: Key: 410c0019
nvram_set: wla_wep_length_3 = "0"
sem_get: Key: 410c0019
sem_get: Key: 410c0019
nvram_set: wla_defaKey_3 = "0"
sem_get: Key: 410c0019
sem_get: Key: 410c0019
nvram_set: wla_key1_3 = ""
sem_get: Key: 410c0019
sem_get: Key: 410c0019
nvram_set: wla_key2_3 = ""
sem_get: Key: 410c0019
sem_get: Key: 410c0019
nvram_set: wla_key3_3 = ""
sem_get: Key: 410c0019
sem_get: Key: 410c0019
nvram_set: wla_key4_3 = ""
sem_get: Key: 410c0019
sem_get: Key: 410c0019
nvram_set: wla_passphrase_3 = ""
sem_get: Key: 410c0019
sem_get: Key: 410c0019
nvram_set: wla_wmm_advert_3 = "1"
sem_get: Key: 410c0019
sem_get: Key: 410c0019
nvram_set: wla_ssid_bc_3 = "1"
sem_get: Key: 410c0019
sem_get: Key: 410c0019
nvram_set: wla_temp_ssid_bc_3 = ""
sem_get: Key: 410c0019
sem_get: Key: 410c0019
nvram_set: wla_allow_access_3 = "0"
sem_get: Key: 410c0019
sem_get: Key: 410c0019
nvram_set: wla_temp_allow_access_3 = ""
sem_get: Key: 410c0019
sem_get: Key: 410c0019
nvram_set: wla_sec_profile_enable_4 = "0"
sem_get: Key: 410c0019
sem_get: Key: 410c0019
nvram_set: wla_temp_sec_profile_enable_4 = ""
sem_get: Key: 410c0019
sem_get: Key: 410c0019
nvram_set: wla_ssid_4 = ""
sem_get: Key: 410c0019
sem_get: Key: 410c0019
nvram_set: wla_temp_ssid_4 = ""
sem_get: Key: 410c0019
sem_get: Key: 410c0019
nvram_set: wla_secu_type_4 = "None"
sem_get: Key: 410c0019
sem_get: Key: 410c0019
nvram_set: wla_temp_secu_type_4 = ""
sem_get: Key: 410c0019
sem_get: Key: 410c0019
nvram_set: wla_auth_type_4 = "automatic"
sem_get: Key: 410c0019
sem_get: Key: 410c0019
nvram_set: wla_wep_length_4 = "0"
sem_get: Key: 410c0019
sem_get: Key: 410c0019
nvram_set: wla_defaKey_4 = "0"
sem_get: Key: 410c0019
sem_get: Key: 410c0019
nvram_set: wla_key1_4 = ""
sem_get: Key: 410c0019
sem_get: Key: 410c0019
nvram_set: wla_key2_4 = ""
sem_get: Key: 410c0019
sem_get: Key: 410c0019
nvram_set: wla_key3_4 = ""
sem_get: Key: 410c0019
sem_get: Key: 410c0019
nvram_set: wla_key4_4 = ""
sem_get: Key: 410c0019
sem_get: Key: 410c0019
nvram_set: wla_passphrase_4 = ""
sem_get: Key: 410c0019
sem_get: Key: 410c0019
nvram_set: wla_wmm_advert_4 = "1"
sem_get: Key: 410c0019
sem_get: Key: 410c0019
nvram_set: wla_ssid_bc_4 = "1"
sem_get: Key: 410c0019
sem_get: Key: 410c0019
nvram_set: wla_temp_ssid_bc_4 = ""
sem_get: Key: 410c0019
sem_get: Key: 410c0019
nvram_set: wla_allow_access_4 = "0"
sem_get: Key: 410c0019
sem_get: Key: 410c0019
nvram_set: wla_temp_allow_access_4 = ""
sem_get: Key: 410c0019
sem_get: Key: 410c0019
nvram_set: ctf_disable = "0"
sem_get: Key: 410c0019
sem_get: Key: 410c0019
nvram_set: acosnat_ctf_disable = "0"
sem_get: Key: 410c0019
Starting firmware emulation... use Ctrl-a + x to exit
qemu-system-arm: terminating on signal 2 from pid 105004 (timeout)
[    0.000000] Booting Linux on physical CPU 0x0
[    0.000000] Linux version 4.1.17+ (vagrant@vagrant-ubuntu-trusty-64) (gcc version 5.3.0 (GCC) ) #1 Thu Feb 18 01:05:21 UTC 2016
[    0.000000] CPU: ARMv7 Processor [412fc0f1] revision 1 (ARMv7), cr=10c5387d
[    0.000000] CPU: PIPT / VIPT nonaliasing data cache, PIPT instruction cache
[    0.000000] Machine model: linux,dummy-virt
[    0.000000] debug: ignoring loglevel setting.
[    0.000000] Memory policy: Data cache writeback
[    0.000000] On node 0 totalpages: 65536
[    0.000000] free_area_init_node: node 0, pgdat c061dfe8, node_mem_map cfdf9000
[    0.000000]   Normal zone: 512 pages used for memmap
[    0.000000]   Normal zone: 0 pages reserved
[    0.000000]   Normal zone: 65536 pages, LIFO batch:15
[    0.000000] psci: probing for conduit method from DT.
[    0.000000] psci: PSCIv0.2 detected in firmware.
[    0.000000] psci: Using standard PSCI v0.2 function IDs
[    0.000000] CPU: All CPU(s) started in SVC mode.
[    0.000000] pcpu-alloc: s0 r0 d32768 u32768 alloc=1*32768
[    0.000000] pcpu-alloc: [0] 0 
[    0.000000] Built 1 zonelists in Zone order, mobility grouping on.  Total pages: 65024
[    0.000000] Kernel command line: root=/dev/vda1 console=ttyS0 nandsim.parts=64,64,64,64,64,64,64,64,64,64 rdinit=/firmadyne/preInit.sh rw debug ignore_loglevel print-fatal-signals=1 user_debug=31 firmadyne.syscall=0
[    0.000000] PID hash table entries: 1024 (order: 0, 4096 bytes)
[    0.000000] Dentry cache hash table entries: 32768 (order: 5, 131072 bytes)
[    0.000000] Inode-cache hash table entries: 16384 (order: 4, 65536 bytes)
[    0.000000] Memory: 253340K/262144K available (4297K kernel code, 170K rwdata, 1584K rodata, 180K init, 148K bss, 8804K reserved, 0K cma-reserved)
[    0.000000] Virtual kernel memory layout:
[    0.000000]     vector  : 0xffff0000 - 0xffff1000   (   4 kB)
[    0.000000]     fixmap  : 0xffc00000 - 0xfff00000   (3072 kB)
[    0.000000]     vmalloc : 0xd0800000 - 0xff000000   ( 744 MB)
[    0.000000]     lowmem  : 0xc0000000 - 0xd0000000   ( 256 MB)
[    0.000000]     modules : 0xbf000000 - 0xc0000000   (  16 MB)
[    0.000000]       .text : 0xc0008000 - 0xc05c67bc   (5882 kB)
[    0.000000]       .init : 0xc05c7000 - 0xc05f4000   ( 180 kB)
[    0.000000]       .data : 0xc05f4000 - 0xc061e840   ( 171 kB)
[    0.000000]        .bss : 0xc0621000 - 0xc06462d4   ( 149 kB)
[    0.000000] NR_IRQS:16 nr_irqs:16 16
[    0.000000] Architected cp15 timer(s) running at 62.50MHz (virt).
[    0.000000] clocksource arch_sys_counter: mask: 0xffffffffffffff max_cycles: 0x1cd42e208c, max_idle_ns: 881590405314 ns
[    0.000162] sched_clock: 56 bits at 62MHz, resolution 16ns, wraps every 4398046511096ns
[    0.000310] Switching to timer-based delay loop, resolution 16ns
[    0.003473] Console: colour dummy device 80x30
[    0.003811] Calibrating delay loop (skipped), value calculated using timer frequency.. 125.00 BogoMIPS (lpj=625000)
[    0.003948] pid_max: default: 32768 minimum: 301
[    0.004874] Mount-cache hash table entries: 1024 (order: 0, 4096 bytes)
[    0.004915] Mountpoint-cache hash table entries: 1024 (order: 0, 4096 bytes)
[    0.028896] CPU: Testing write buffer coherency: ok
[    0.035335] Setting up static identity map for 0x40008240 - 0x40008298
[    0.050351] VFP support v0.3: implementor 41 architecture 4 part 30 variant f rev 0
[    1.290267] clocksource jiffies: mask: 0xffffffff max_cycles: 0xffffffff, max_idle_ns: 19112604462750000 ns
[    1.299656] NET: Registered protocol family 16
[    1.302918] DMA: preallocated 256 KiB pool for atomic coherent allocations
[    1.306988] cpuidle: using governor ladder
[    1.307143] cpuidle: using governor menu
[    1.327493] Serial: AMBA PL011 UART driver
[    1.329680] 9000000.pl011: ttyS0 at MMIO 0x9000000 (irq = 54, base_baud = 0) is a PL011 rev1
[    1.337299] console [ttyS0] enabled
[    5.110099] vgaarb: loaded
[    5.111817] SCSI subsystem initialized
[    5.112976] usbcore: registered new interface driver usbfs
[    5.113364] usbcore: registered new interface driver hub
[    5.113720] usbcore: registered new device driver usb
[    5.123552] cfg80211: Calling CRDA to update world regulatory domain
[    5.126290] Switched to clocksource arch_sys_counter
[    5.144808] NET: Registered protocol family 2
[    5.150550] TCP established hash table entries: 2048 (order: 1, 8192 bytes)
[    5.150842] TCP bind hash table entries: 2048 (order: 1, 8192 bytes)
[    5.151151] TCP: Hash tables configured (established 2048 bind 2048)
[    5.151718] UDP hash table entries: 256 (order: 0, 4096 bytes)
[    5.151969] UDP-Lite hash table entries: 256 (order: 0, 4096 bytes)
[    5.153465] NET: Registered protocol family 1
[    5.153937] PCI: CLS 0 bytes, default 64
[    5.161504] NetWinder Floating Point Emulator V0.97 (extended precision)
[    5.164288] futex hash table entries: 256 (order: -1, 3072 bytes)
[    8.947908] cfg80211: Calling CRDA to update world regulatory domain
[    8.950813] squashfs: version 4.0 (2009/01/31) Phillip Lougher
[    8.951822] jffs2: version 2.2. (NAND) Â© 2001-2006 Red Hat, Inc.
[    8.952634] romfs: ROMFS MTD (C) 2007 Red Hat, Inc.
[    8.961230] Block layer SCSI generic (bsg) driver version 0.4 loaded (major 253)
[    8.961559] io scheduler noop registered
[    8.961788] io scheduler cfq registered (default)
[    8.962456] firmadyne: devfs: 1, execute: 1, procfs: 1, syscall: 0
[    8.963775] ------------[ cut here ]------------
[    8.963979] WARNING: CPU: 0 PID: 1 at /home/vagrant/firmadyne-kernel/kernel-v4.1/fs/sysfs/dir.c:31 sysfs_warn_dup+0x50/0x6c()
[    8.964209] sysfs: cannot create duplicate filename '/class/gpio'
[    8.964370] Modules linked in:
[    8.964681] CPU: 0 PID: 1 Comm: swapper Not tainted 4.1.17+ #1
[    8.964819] Hardware name: Generic DT based system
[    8.965496] [<c001c99c>] (unwind_backtrace) from [<c0019d30>] (show_stack+0x10/0x14)
[    8.965779] [<c0019d30>] (show_stack) from [<c0024ab4>] (warn_slowpath_common+0x80/0xa8)
[    8.966094] [<c0024ab4>] (warn_slowpath_common) from [<c0024b08>] (warn_slowpath_fmt+0x2c/0x3c)
[    8.966343] [<c0024b08>] (warn_slowpath_fmt) from [<c00e363c>] (sysfs_warn_dup+0x50/0x6c)
[    8.966524] [<c00e363c>] (sysfs_warn_dup) from [<c00e3714>] (sysfs_create_dir_ns+0x74/0x84)
[    8.966707] [<c00e3714>] (sysfs_create_dir_ns) from [<c018e6ac>] (kobject_add_internal+0xb8/0x2ac)
[    8.966897] [<c018e6ac>] (kobject_add_internal) from [<c018e9a8>] (kset_register+0x1c/0x44)
[    8.967076] [<c018e9a8>] (kset_register) from [<c02090b4>] (__class_register+0xa8/0x198)
[    8.967251] [<c02090b4>] (__class_register) from [<c02091e4>] (__class_create+0x40/0x70)
[    8.967425] [<c02091e4>] (__class_create) from [<c01adf68>] (register_devfs_stubs+0x314/0xbb4)
[    8.967607] [<c01adf68>] (register_devfs_stubs) from [<c05d9b08>] (init_module+0x28/0xa4)
[    8.967815] [<c05d9b08>] (init_module) from [<c0009670>] (do_one_initcall+0x104/0x1b4)
[    8.967989] [<c0009670>] (do_one_initcall) from [<c05c7d08>] (kernel_init_freeable+0xf0/0x1b0)
[    8.968174] [<c05c7d08>] (kernel_init_freeable) from [<c040f28c>] (kernel_init+0x8/0xe4)
[    8.968343] [<c040f28c>] (kernel_init) from [<c0016da8>] (ret_from_fork+0x14/0x2c)
[    8.968597] ---[ end trace 77d39be2b8aff97c ]---
[    8.968794] ------------[ cut here ]------------
[    8.968907] WARNING: CPU: 0 PID: 1 at /home/vagrant/firmadyne-kernel/kernel-v4.1/lib/kobject.c:240 kobject_add_internal+0x240/0x2ac()
[    8.969126] kobject_add_internal failed for gpio with -EEXIST, don't try to register things with the same name in the same directory.
[    8.969340] Modules linked in:
[    8.969481] CPU: 0 PID: 1 Comm: swapper Tainted: G        W       4.1.17+ #1
[    8.969634] Hardware name: Generic DT based system
[    8.969753] [<c001c99c>] (unwind_backtrace) from [<c0019d30>] (show_stack+0x10/0x14)
[    8.969918] [<c0019d30>] (show_stack) from [<c0024ab4>] (warn_slowpath_common+0x80/0xa8)
[    8.970089] [<c0024ab4>] (warn_slowpath_common) from [<c0024b08>] (warn_slowpath_fmt+0x2c/0x3c)
[    8.970270] [<c0024b08>] (warn_slowpath_fmt) from [<c018e834>] (kobject_add_internal+0x240/0x2ac)
[    8.970462] [<c018e834>] (kobject_add_internal) from [<c018e9a8>] (kset_register+0x1c/0x44)
[    8.970634] [<c018e9a8>] (kset_register) from [<c02090b4>] (__class_register+0xa8/0x198)
[    8.970802] [<c02090b4>] (__class_register) from [<c02091e4>] (__class_create+0x40/0x70)
[    8.970970] [<c02091e4>] (__class_create) from [<c01adf68>] (register_devfs_stubs+0x314/0xbb4)
[    8.971150] [<c01adf68>] (register_devfs_stubs) from [<c05d9b08>] (init_module+0x28/0xa4)
[    8.971322] [<c05d9b08>] (init_module) from [<c0009670>] (do_one_initcall+0x104/0x1b4)
[    8.971488] [<c0009670>] (do_one_initcall) from [<c05c7d08>] (kernel_init_freeable+0xf0/0x1b0)
[    8.971664] [<c05c7d08>] (kernel_init_freeable) from [<c040f28c>] (kernel_init+0x8/0xe4)
[    8.971827] [<c040f28c>] (kernel_init) from [<c0016da8>] (ret_from_fork+0x14/0x2c)
[    8.971991] ---[ end trace 77d39be2b8aff97d ]---
[    8.972152] firmadyne: Cannot create device class: gpio!
[    8.973808] firmadyne: Cannot register character device: watchdog, 0xa, 0x82!
[    8.973986] firmadyne: Cannot register character device: wdt, 0xfd, 0x0!
[    9.054100] PCI host bridge /pcie@10000000 ranges:
[    9.054669]    IO 0x3eff0000..0x3effffff -> 0x00000000
[    9.055032]   MEM 0x10000000..0x3efeffff -> 0x10000000
[    9.055162]   MEM 0x8000000000..0xffffffffff -> 0x8000000000
[    9.055847] pci-host-generic 3f000000.pcie: resource collision: [mem 0x00000000-0xffffffff] conflicts with /pl011@9000000 [mem 0x09000000-0x09000fff]
[    9.056677] pci-host-generic: probe of 3f000000.pcie failed with error -16
[    9.068245] Non-volatile memory driver v1.3
[   10.776126] brd: module loaded
[   10.786338] loop: module loaded
[   21.176549] cfg80211: Calling CRDA to update world regulatory domain
[   21.181378]  vda: vda1
[   21.194924] 0.flash: Found 2 x16 devices at 0x0 in 32-bit bank. Manufacturer ID 0x000000 Chip ID 0x000000
[   21.195617] Intel/Sharp Extended Query Table at 0x0031
[   21.196951] Using buffer write method
[   21.197380] erase region 0: offset=0x0,size=0x40000,blocks=256
[   21.204857] 0.flash: Found 2 x16 devices at 0x0 in 32-bit bank. Manufacturer ID 0x000000 Chip ID 0x000000
[   21.205127] Intel/Sharp Extended Query Table at 0x0031
[   21.205941] Using buffer write method
[   21.206241] erase region 0: offset=0x0,size=0x40000,blocks=256
[   21.206468] Concatenating MTD devices:
[   21.206574] (0): "0.flash"
[   21.206646] (1): "0.flash"
[   21.206712] into device "0.flash"
[   21.218288] [nandsim] warning: read_byte: unexpected data output cycle, state is STATE_READY return 0x0
[   21.218537] [nandsim] warning: read_byte: unexpected data output cycle, state is STATE_READY return 0x0
[   21.218716] [nandsim] warning: read_byte: unexpected data output cycle, state is STATE_READY return 0x0
[   21.218888] [nandsim] warning: read_byte: unexpected data output cycle, state is STATE_READY return 0x0
[   21.219060] [nandsim] warning: read_byte: unexpected data output cycle, state is STATE_READY return 0x0
[   21.219230] [nandsim] warning: read_byte: unexpected data output cycle, state is STATE_READY return 0x0
[   21.219651] nand: device found, Manufacturer ID: 0x98, Chip ID: 0x39
[   21.219803] nand: Toshiba NAND 128MiB 1,8V 8-bit
[   21.219927] nand: 128 MiB, SLC, erase size: 16 KiB, page size: 512, OOB size: 16
[   21.220853] flash size: 128 MiB
[   21.220956] page size: 512 bytes
[   21.221046] OOB area size: 16 bytes
[   21.221125] sector size: 16 KiB
[   21.221197] pages number: 262144
[   21.221270] pages per sector: 32
[   21.221345] bus width: 8
[   21.221407] bits in sector size: 14
[   21.221484] bits in page size: 9
[   21.221570] bits in OOB size: 4
[   21.221648] flash size with OOB: 135168 KiB
[   21.221737] page address bytes: 4
[   21.221811] sector address bytes: 3
[   21.221890] options: 0x42
[   26.188508] Scanning device for bad blocks
[   26.296305] cfg80211: Calling CRDA to update world regulatory domain
[   26.297569] firmadyne: do_execve: /firmadyne/console
[   26.297774] OFFSETS: offset of pid: 0x190 offset of comm: 0x270
[   26.298260] Creating 11 MTD partitions on "NAND 128MiB 1,8V 8-bit":
[   26.298677] 0x000000000000-0x000000100000 : "NAND simulator partition 0"
[   26.300958] 0x000000100000-0x000000200000 : "NAND simulator partition 1"
[   26.302369] 0x000000200000-0x000000300000 : "NAND simulator partition 2"
[   26.303735] 0x000000300000-0x000000400000 : "NAND simulator partition 3"
[   26.305148] 0x000000400000-0x000000500000 : "NAND simulator partition 4"
[   26.306743] 0x000000500000-0x000000600000 : "NAND simulator partition 5"
[   26.308162] 0x000000600000-0x000000700000 : "NAND simulator partition 6"
[   26.309805] 0x000000700000-0x000000800000 : "NAND simulator partition 7"
[   26.311165] 0x000000800000-0x000000900000 : "NAND simulator partition 8"
[   26.312536] 0x000000900000-0x000000a00000 : "NAND simulator partition 9"
[   26.313941] 0x000000a00000-0x000008000000 : "NAND simulator partition 10"
[   26.319753] tun: Universal TUN/TAP device driver, 1.6
[   26.319900] tun: (C) 1999-2004 Max Krasnyansky <maxk@qualcomm.com>
