>> Database Image ID: 38

/home/zhumengfan/firmware/firmwares/3816f67f990e44c52ea0b13026e9660fe2b9bef9.img
>> MD5: bb1f0f5432c9d7fd1fdc23738f5d94a0
>> Tag: 38
>> Temp: /tmp/tmpEQF8nH
>> Status: Kernel: True, Rootfs: False, Do_Kernel: False,                 Do_Rootfs: True
>>>> Squashfs filesystem, little endian, version 4.0, compression:xz, size: 12442471 bytes, 3158 inodes, blocksize: 131072 bytes, created: 2014-05-21 22:38:47
>>>> Found Linux filesystem in /tmp/tmpEQF8nH/_3816f67f990e44c52ea0b13026e9660fe2b9bef9.img.extracted/squashfs-root!
>> Skipping: completed!
>> Cleaning up /tmp/tmpEQF8nH...
./bin/busybox: armel
Querying database for architecture... armel
----Running----
----Copying Filesystem Tarball----
----Creating QEMU Image----
Formatting '/home/zhumengfan/firmadyne//scratch//38//image.raw', fmt=raw size=1073741824
----Creating Partition Table----

Welcome to fdisk (util-linux 2.27.1).
Changes will remain in memory only, until you decide to write them.
Be careful before using the write command.

Device does not contain a recognized partition table.
Created a new DOS disklabel with disk identifier 0x4a09245b.

Command (m for help): Created a new DOS disklabel with disk identifier 0x7b9354de.

Command (m for help): Partition type
   p   primary (0 primary, 0 extended, 4 free)
   e   extended (container for logical partitions)
Select (default p): Partition number (1-4, default 1): First sector (2048-2097151, default 2048): Last sector, +sectors or +size{K,M,G,T,P} (2048-2097151, default 2097151): 
Created a new partition 1 of type 'Linux' and of size 1023 MiB.

Command (m for help): The partition table has been altered.
Syncing disks.

----Mounting QEMU Image----
add map loop0p1 (252:0): 0 2095104 linear 7:0 2048
----Creating Filesystem----
mke2fs 1.42.13 (17-May-2015)
Discarding device blocks:   4096/261888             done                            
Creating filesystem with 261888 4k blocks and 65536 inodes
Filesystem UUID: 2076899e-87df-4514-b4e8-242e2f9296da
Superblock backups stored on blocks: 
	32768, 98304, 163840, 229376

Allocating group tables: 0/8   done                            
Writing inode tables: 0/8   done                            
Writing superblocks and filesystem accounting information: 0/8   done

----Making QEMU Image Mountpoint----
----Mounting QEMU Image Partition 1----
----Extracting Filesystem Tarball----
----Creating FIRMADYNE Directories----
----Patching Filesystem (chroot)----
Creating /etc/TZ!
Creating /etc/hosts!
Creating /etc/passwd!
Warning: Recreating device nodes!
Removing /etc/scripts/sys_resetbutton!
----Setting up FIRMADYNE----
----Unmounting QEMU Image----
loop deleted : /dev/loop0
Querying database for architecture... armel
Running firmware 38: terminating after 60 secs...
qemu-system-arm: terminating on signal 2 from pid 80117 (timeout)
Inferring network...
Interfaces: []
Done!
[    0.000000] Booting Linux on physical CPU 0x0
[    0.000000] Linux version 4.1.17+ (vagrant@vagrant-ubuntu-trusty-64) (gcc version 5.3.0 (GCC) ) #1 Thu Feb 18 01:05:21 UTC 2016
[    0.000000] CPU: ARMv7 Processor [412fc0f1] revision 1 (ARMv7), cr=10c5387d
[    0.000000] CPU: PIPT / VIPT nonaliasing data cache, PIPT instruction cache
[    0.000000] Machine model: linux,dummy-virt
[    0.000000] debug: ignoring loglevel setting.
[    0.000000] Memory policy: Data cache writeback
[    0.000000] On node 0 totalpages: 65536
[    0.000000] free_area_init_node: node 0, pgdat c061dfe8, node_mem_map cfdf9000
[    0.000000]   Normal zone: 512 pages used for memmap
[    0.000000]   Normal zone: 0 pages reserved
[    0.000000]   Normal zone: 65536 pages, LIFO batch:15
[    0.000000] psci: probing for conduit method from DT.
[    0.000000] psci: PSCIv0.2 detected in firmware.
[    0.000000] psci: Using standard PSCI v0.2 function IDs
[    0.000000] CPU: All CPU(s) started in SVC mode.
[    0.000000] pcpu-alloc: s0 r0 d32768 u32768 alloc=1*32768
[    0.000000] pcpu-alloc: [0] 0 
[    0.000000] Built 1 zonelists in Zone order, mobility grouping on.  Total pages: 65024
[    0.000000] Kernel command line: firmadyne.syscall=1 root=/dev/vda1 console=ttyS0 nandsim.parts=64,64,64,64,64,64,64,64,64,64 rdinit=/firmadyne/preInit.sh rw debug ignore_loglevel print-fatal-signals=1 user_debug=31
[    0.000000] PID hash table entries: 1024 (order: 0, 4096 bytes)
[    0.000000] Dentry cache hash table entries: 32768 (order: 5, 131072 bytes)
[    0.000000] Inode-cache hash table entries: 16384 (order: 4, 65536 bytes)
[    0.000000] Memory: 253340K/262144K available (4297K kernel code, 170K rwdata, 1584K rodata, 180K init, 148K bss, 8804K reserved, 0K cma-reserved)
[    0.000000] Virtual kernel memory layout:
[    0.000000]     vector  : 0xffff0000 - 0xffff1000   (   4 kB)
[    0.000000]     fixmap  : 0xffc00000 - 0xfff00000   (3072 kB)
[    0.000000]     vmalloc : 0xd0800000 - 0xff000000   ( 744 MB)
[    0.000000]     lowmem  : 0xc0000000 - 0xd0000000   ( 256 MB)
[    0.000000]     modules : 0xbf000000 - 0xc0000000   (  16 MB)
[    0.000000]       .text : 0xc0008000 - 0xc05c67bc   (5882 kB)
[    0.000000]       .init : 0xc05c7000 - 0xc05f4000   ( 180 kB)
[    0.000000]       .data : 0xc05f4000 - 0xc061e840   ( 171 kB)
[    0.000000]        .bss : 0xc0621000 - 0xc06462d4   ( 149 kB)
[    0.000000] NR_IRQS:16 nr_irqs:16 16
[    0.000000] Architected cp15 timer(s) running at 62.50MHz (virt).
[    0.000000] clocksource arch_sys_counter: mask: 0xffffffffffffff max_cycles: 0x1cd42e208c, max_idle_ns: 881590405314 ns
[    0.000161] sched_clock: 56 bits at 62MHz, resolution 16ns, wraps every 4398046511096ns
[    0.000310] Switching to timer-based delay loop, resolution 16ns
[    0.003498] Console: colour dummy device 80x30
[    0.003841] Calibrating delay loop (skipped), value calculated using timer frequency.. 125.00 BogoMIPS (lpj=625000)
[    0.003983] pid_max: default: 32768 minimum: 301
[    0.004923] Mount-cache hash table entries: 1024 (order: 0, 4096 bytes)
[    0.004962] Mountpoint-cache hash table entries: 1024 (order: 0, 4096 bytes)
[    0.756632] CPU: Testing write buffer coherency: ok
[    0.763540] Setting up static identity map for 0x40008240 - 0x40008298
[    0.779571] VFP support v0.3: implementor 41 architecture 4 part 30 variant f rev 0
[    0.792129] clocksource jiffies: mask: 0xffffffff max_cycles: 0xffffffff, max_idle_ns: 19112604462750000 ns
[    1.090949] NET: Registered protocol family 16
[    1.094405] DMA: preallocated 256 KiB pool for atomic coherent allocations
[    1.098624] cpuidle: using governor ladder
[    1.098786] cpuidle: using governor menu
[    1.119483] Serial: AMBA PL011 UART driver
[    1.121896] 9000000.pl011: ttyS0 at MMIO 0x9000000 (irq = 54, base_baud = 0) is a PL011 rev1
[    1.129614] console [ttyS0] enabled
[    2.091088] vgaarb: loaded
[    2.092787] SCSI subsystem initialized
[    2.093981] usbcore: registered new interface driver usbfs
[    2.094357] usbcore: registered new interface driver hub
[    2.094712] usbcore: registered new device driver usb
[    2.104438] cfg80211: Calling CRDA to update world regulatory domain
[    2.107049] Switched to clocksource arch_sys_counter
[    2.124814] NET: Registered protocol family 2
[    2.131074] TCP established hash table entries: 2048 (order: 1, 8192 bytes)
[    2.131390] TCP bind hash table entries: 2048 (order: 1, 8192 bytes)
[    2.131697] TCP: Hash tables configured (established 2048 bind 2048)
[    2.132289] UDP hash table entries: 256 (order: 0, 4096 bytes)
[    2.132534] UDP-Lite hash table entries: 256 (order: 0, 4096 bytes)
[    2.134021] NET: Registered protocol family 1
[    2.134505] PCI: CLS 0 bytes, default 64
[    2.142557] NetWinder Floating Point Emulator V0.97 (extended precision)
[    2.145494] futex hash table entries: 256 (order: -1, 3072 bytes)
[    2.898080] squashfs: version 4.0 (2009/01/31) Phillip Lougher
[    2.899209] jffs2: version 2.2. (NAND) Â© 2001-2006 Red Hat, Inc.
[    2.900034] romfs: ROMFS MTD (C) 2007 Red Hat, Inc.
[    2.909081] Block layer SCSI generic (bsg) driver version 0.4 loaded (major 253)
[    2.909460] io scheduler noop registered
[    2.909734] io scheduler cfq registered (default)
[    2.910424] firmadyne: devfs: 1, execute: 1, procfs: 1, syscall: 1
[    2.911817] ------------[ cut here ]------------
[    2.912025] WARNING: CPU: 0 PID: 1 at /home/vagrant/firmadyne-kernel/kernel-v4.1/fs/sysfs/dir.c:31 sysfs_warn_dup+0x50/0x6c()
[    2.912289] sysfs: cannot create duplicate filename '/class/gpio'
[    2.912482] Modules linked in:
[    2.912803] CPU: 0 PID: 1 Comm: swapper Not tainted 4.1.17+ #1
[    2.912942] Hardware name: Generic DT based system
[    2.913702] [<c001c99c>] (unwind_backtrace) from [<c0019d30>] (show_stack+0x10/0x14)
[    2.913991] [<c0019d30>] (show_stack) from [<c0024ab4>] (warn_slowpath_common+0x80/0xa8)
[    2.914188] [<c0024ab4>] (warn_slowpath_common) from [<c0024b08>] (warn_slowpath_fmt+0x2c/0x3c)
[    2.914420] [<c0024b08>] (warn_slowpath_fmt) from [<c00e363c>] (sysfs_warn_dup+0x50/0x6c)
[    2.914608] [<c00e363c>] (sysfs_warn_dup) from [<c00e3714>] (sysfs_create_dir_ns+0x74/0x84)
[    2.914799] [<c00e3714>] (sysfs_create_dir_ns) from [<c018e6ac>] (kobject_add_internal+0xb8/0x2ac)
[    2.914993] [<c018e6ac>] (kobject_add_internal) from [<c018e9a8>] (kset_register+0x1c/0x44)
[    2.915175] [<c018e9a8>] (kset_register) from [<c02090b4>] (__class_register+0xa8/0x198)
[    2.915366] [<c02090b4>] (__class_register) from [<c02091e4>] (__class_create+0x40/0x70)
[    2.915541] [<c02091e4>] (__class_create) from [<c01adf68>] (register_devfs_stubs+0x314/0xbb4)
[    2.915721] [<c01adf68>] (register_devfs_stubs) from [<c05d9b08>] (init_module+0x28/0xa4)
[    2.915924] [<c05d9b08>] (init_module) from [<c0009670>] (do_one_initcall+0x104/0x1b4)
[    2.916096] [<c0009670>] (do_one_initcall) from [<c05c7d08>] (kernel_init_freeable+0xf0/0x1b0)
[    2.916296] [<c05c7d08>] (kernel_init_freeable) from [<c040f28c>] (kernel_init+0x8/0xe4)
[    2.916471] [<c040f28c>] (kernel_init) from [<c0016da8>] (ret_from_fork+0x14/0x2c)
[    2.916729] ---[ end trace 7780cc4c10c5872d ]---
[    2.917043] ------------[ cut here ]------------
[    2.917165] WARNING: CPU: 0 PID: 1 at /home/vagrant/firmadyne-kernel/kernel-v4.1/lib/kobject.c:240 kobject_add_internal+0x240/0x2ac()
[    2.917396] kobject_add_internal failed for gpio with -EEXIST, don't try to register things with the same name in the same directory.
[    2.917607] Modules linked in:
[    2.917752] CPU: 0 PID: 1 Comm: swapper Tainted: G        W       4.1.17+ #1
[    2.917888] Hardware name: Generic DT based system
[    2.918004] [<c001c99c>] (unwind_backtrace) from [<c0019d30>] (show_stack+0x10/0x14)
[    2.918167] [<c0019d30>] (show_stack) from [<c0024ab4>] (warn_slowpath_common+0x80/0xa8)
[    2.918337] [<c0024ab4>] (warn_slowpath_common) from [<c0024b08>] (warn_slowpath_fmt+0x2c/0x3c)
[    2.918514] [<c0024b08>] (warn_slowpath_fmt) from [<c018e834>] (kobject_add_internal+0x240/0x2ac)
[    2.918703] [<c018e834>] (kobject_add_internal) from [<c018e9a8>] (kset_register+0x1c/0x44)
[    2.918873] [<c018e9a8>] (kset_register) from [<c02090b4>] (__class_register+0xa8/0x198)
[    2.919039] [<c02090b4>] (__class_register) from [<c02091e4>] (__class_create+0x40/0x70)
[    2.919205] [<c02091e4>] (__class_create) from [<c01adf68>] (register_devfs_stubs+0x314/0xbb4)
[    2.919383] [<c01adf68>] (register_devfs_stubs) from [<c05d9b08>] (init_module+0x28/0xa4)
[    2.919552] [<c05d9b08>] (init_module) from [<c0009670>] (do_one_initcall+0x104/0x1b4)
[    2.919716] [<c0009670>] (do_one_initcall) from [<c05c7d08>] (kernel_init_freeable+0xf0/0x1b0)
[    2.919889] [<c05c7d08>] (kernel_init_freeable) from [<c040f28c>] (kernel_init+0x8/0xe4)
[    2.920050] [<c040f28c>] (kernel_init) from [<c0016da8>] (ret_from_fork+0x14/0x2c)
[    2.920211] ---[ end trace 7780cc4c10c5872e ]---
[    2.920370] firmadyne: Cannot create device class: gpio!
[    2.922041] firmadyne: Cannot register character device: watchdog, 0xa, 0x82!
[    2.922216] firmadyne: Cannot register character device: wdt, 0xfd, 0x0!
[    3.003628] PCI host bridge /pcie@10000000 ranges:
[    3.004217]    IO 0x3eff0000..0x3effffff -> 0x00000000
[    3.004588]   MEM 0x10000000..0x3efeffff -> 0x10000000
[    3.004718]   MEM 0x8000000000..0xffffffffff -> 0x8000000000
[    3.005444] pci-host-generic 3f000000.pcie: resource collision: [mem 0x00000000-0xffffffff] conflicts with /pl011@9000000 [mem 0x09000000-0x09000fff]
[    3.006167] pci-host-generic: probe of 3f000000.pcie failed with error -16
[    3.018525] Non-volatile memory driver v1.3
[    4.313080] brd: module loaded
[    4.323176] loop: module loaded
[    5.973813] cfg80211: Calling CRDA to update world regulatory domain
[    5.999736]  vda: vda1
[    6.012804] 0.flash: Found 2 x16 devices at 0x0 in 32-bit bank. Manufacturer ID 0x000000 Chip ID 0x000000
[    6.013521] Intel/Sharp Extended Query Table at 0x0031
[    6.014694] Using buffer write method
[    6.015146] erase region 0: offset=0x0,size=0x40000,blocks=256
[    6.022827] 0.flash: Found 2 x16 devices at 0x0 in 32-bit bank. Manufacturer ID 0x000000 Chip ID 0x000000
[    6.023098] Intel/Sharp Extended Query Table at 0x0031
[    6.023897] Using buffer write method
[    6.024006] erase region 0: offset=0x0,size=0x40000,blocks=256
[    6.024212] Concatenating MTD devices:
[    6.024345] (0): "0.flash"
[    6.025765] (1): "0.flash"
[    6.025835] into device "0.flash"
[    6.038083] [nandsim] warning: read_byte: unexpected data output cycle, state is STATE_READY return 0x0
[    6.038348] [nandsim] warning: read_byte: unexpected data output cycle, state is STATE_READY return 0x0
[    6.038525] [nandsim] warning: read_byte: unexpected data output cycle, state is STATE_READY return 0x0
[    6.038695] [nandsim] warning: read_byte: unexpected data output cycle, state is STATE_READY return 0x0
[    6.038864] [nandsim] warning: read_byte: unexpected data output cycle, state is STATE_READY return 0x0
[    6.039032] [nandsim] warning: read_byte: unexpected data output cycle, state is STATE_READY return 0x0
[    6.039513] nand: device found, Manufacturer ID: 0x98, Chip ID: 0x39
[    6.039661] nand: Toshiba NAND 128MiB 1,8V 8-bit
[    6.039799] nand: 128 MiB, SLC, erase size: 16 KiB, page size: 512, OOB size: 16
[    6.040710] flash size: 128 MiB
[    6.040811] page size: 512 bytes
[    6.040882] OOB area size: 16 bytes
[    6.040971] sector size: 16 KiB
[    6.041037] pages number: 262144
[    6.041102] pages per sector: 32
[    6.041199] bus width: 8
[    6.041266] bits in sector size: 14
[    6.041342] bits in page size: 9
[    6.041416] bits in OOB size: 4
[    6.041492] flash size with OOB: 135168 KiB
[    6.041578] page address bytes: 4
[    6.041649] sector address bytes: 3
[    6.041755] options: 0x42
[    6.298232] Scanning device for bad blocks
[    6.446559] firmadyne: do_execve: /firmadyne/console
[    6.446835] OFFSETS: offset of pid: 0x190 offset of comm: 0x270
[    6.447414] Creating 11 MTD partitions on "NAND 128MiB 1,8V 8-bit":
[    6.447952] 0x000000000000-0x000000100000 : "NAND simulator partition 0"
[    6.451387] 0x000000100000-0x000000200000 : "NAND simulator partition 1"
[    6.452786] 0x000000200000-0x000000300000 : "NAND simulator partition 2"
[    6.454481] 0x000000300000-0x000000400000 : "NAND simulator partition 3"
[    6.457055] 0x000000400000-0x000000500000 : "NAND simulator partition 4"
[    6.458470] 0x000000500000-0x000000600000 : "NAND simulator partition 5"
[    6.459862] 0x000000600000-0x000000700000 : "NAND simulator partition 6"
[    6.461476] 0x000000700000-0x000000800000 : "NAND simulator partition 7"
[    6.462818] 0x000000800000-0x000000900000 : "NAND simulator partition 8"
[    6.464168] 0x000000900000-0x000000a00000 : "NAND simulator partition 9"
[    6.465722] 0x000000a00000-0x000008000000 : "NAND simulator partition 10"
[    6.473689] tun: Universal TUN/TAP device driver, 1.6
[    6.473822] tun: (C) 1999-2004 Max Krasnyansky <maxk@qualcomm.com>
[    8.697561] PPP generic driver version 2.4.2
[    8.698389] PPP BSD Compression module registered
[    8.698581] PPP Deflate Compression module registered
[    8.698827] PPP MPPE Compression module registered
[    8.698966] NET: Registered protocol family 24
[    8.699307] PPTP driver version 0.8.5
[    8.889871] usbcore: registered new interface driver usb-storage
[    8.893539] rtc-pl031 9010000.pl031: rtc core: registered pl031 as rtc0
[    8.894385] hidraw: raw HID events driver (C) Jiri Kosina
[    8.894987] usbcore: registered new interface driver usbhid
[    8.895122] usbhid: USB HID core driver
[    8.895603] Netfilter messages via NETLINK v0.30.
[    8.896285] nf_conntrack version 0.5.0 (3958 buckets, 15832 max)
[    8.898057] ctnetlink v0.93: registering with nfnetlink.
[    8.899568] ipip: IPv4 over IPv4 tunneling driver
[    8.901879] gre: GRE over IPv4 demultiplexor driver
[    8.902058] ip_gre: GRE over IPv4 tunneling driver
[    8.907124] ip_tables: (C) 2000-2006 Netfilter Core Team
[    8.956210] arp_tables: (C) 2002 David S. Miller
[    8.957474] Initializing XFRM netlink socket
[    8.958043] NET: Registered protocol family 10
[    8.965326] ip6_tables: (C) 2000-2006 Netfilter Core Team
[    8.967397] sit: IPv6 over IPv4 tunneling driver
[    8.971435] NET: Registered protocol family 17
[    8.972127] bridge: automatic filtering via arp/ip/ip6tables has been deprecated. Update your scripts to load br_netfilter if you need this.
[    8.972475] Bridge firewalling registered
[    8.972621] Ebtables v2.0 registered
[    8.973895] 8021q: 802.1Q VLAN Support v1.8
[    8.974563] Registering SWP/SWPB emulation handler
[    8.977707] rtc-pl031 9010000.pl031: setting system clock to 2018-07-19 09:52:11 UTC (1531993931)
[    8.988640] EXT4-fs (vda1): couldn't mount as ext3 due to feature incompatibilities
[    8.991041] EXT4-fs (vda1): mounting ext2 file system using the ext4 subsystem
[    9.002775] EXT4-fs (vda1): mounted filesystem without journal. Opts: (null)
[    9.003969] VFS: Mounted root (ext2 filesystem) on device 254:1.
[    9.022837] Freeing unused kernel memory: 180K (c05c7000 - c05f4000)
[    9.095112] random: init urandom read with 2 bits of entropy available
[    9.105367] firmadyne: sys_reboot[PID: 1 (init)]: magic1:fee1dead, magic2:28121969, cmd:0
[    9.110706] firmadyne: sys_socket[PID: 1 (init)]: family:1, type:2, protocol:0
[    9.156042] cfg80211: Calling CRDA to update world regulatory domain
[    9.156427] firmadyne: sys_socket[PID: 1 (init)]: family:1, type:1, protocol:0
[    9.172692] firmadyne: sys_socket[PID: 54 (init)]: family:1, type:2, protocol:0
[    9.173086] firmadyne: sys_socket[PID: 54 (init)]: family:1, type:1, protocol:0
*********************************************************************************
              _        _  __    _    __ _____ __   __ _____
             | |      | ||  \  | |  / // ____]\ \ / // ____]TM
             | |      | ||   \ | | / /| (___   \ V /| (____
             | |      | || |\ \| |\ \  \____ \  \ /  \____ \
             | |_____ | || | \   | \ \  ____) | | |   ____) |
             |_______||_||_|  \__|  \_\[____ /  |_|  [_____/

 (c) 2013 Belkin International, Inc. and/or its affiliates. All rights reserved.
 Booting f70 (firmware version 1.1.42.161129) 
*********************************************************************************
[utopia][init] System Initialization
[utopia][init] Creating /proc
[utopia][init] Creating /sys
[utopia][init] Creating /dev
[utopia][init] Creating /tmp
[utopia][init] Allocating 40M for /tmp
[   12.297909] cfg80211: Calling CRDA to update world regulatory domain
[utopia][init] Prepairing /dev/pts
[utopia][init] Setting /tmp and /var permissions
[utopia][init] Starting udev..
[   14.376015] firmadyne: sys_socket[PID: 90 (udevd)]: family:1, type:2, protocol:0
[   14.376980] firmadyne: sys_setsockopt[PID: 90 (udevd)]: fd:4, level:1, optname:16
[   14.377485] firmadyne: sys_socket[PID: 90 (udevd)]: family:16, type:2, protocol:15
[   14.377883] firmadyne: sys_setsockopt[PID: 90 (udevd)]: fd:5, level:1, optname:33
[   15.447052] cfg80211: Calling CRDA to update world regulatory domain
[   17.633029] EXT4-fs (vda1): re-mounted. Opts: (null)
[   17.678791] firmadyne: sys_socket[PID: 305 (syslogd)]: family:1, type:2, protocol:0
[   17.696042] firmadyne: sys_socket[PID: 307 (klogd)]: family:1, type:2, protocol:0
[   18.074193] firmadyne: sys_socket[PID: 309 (ip)]: family:16, type:3, protocol:0
[   18.074736] firmadyne: sys_setsockopt[PID: 309 (ip)]: fd:3, level:1, optname:7
[   18.075047] firmadyne: sys_setsockopt[PID: 309 (ip)]: fd:3, level:1, optname:8
[   18.083800] firmadyne: __inet_insert_ifa[PID: 309 (ip)]: device:lo ifa:0x0100007f
[   18.103223] firmadyne: sys_socket[PID: 310 (ip)]: family:16, type:3, protocol:0
[   18.103586] firmadyne: sys_setsockopt[PID: 310 (ip)]: fd:3, level:1, optname:7
[   18.103784] firmadyne: sys_setsockopt[PID: 310 (ip)]: fd:3, level:1, optname:8
[   18.109567] firmadyne: __inet_insert_ifa[PID: 310 (ip)]: device:lo ifa:0x0100007f
[   18.136506] firmadyne: sys_socket[PID: 311 (ip)]: family:16, type:3, protocol:0
[   18.138013] firmadyne: sys_setsockopt[PID: 311 (ip)]: fd:3, level:1, optname:7
[   18.138236] firmadyne: sys_setsockopt[PID: 311 (ip)]: fd:3, level:1, optname:8
[   18.144612] firmadyne: sys_socket[PID: 312 (init)]: family:1, type:2, protocol:0
[   18.674455] cfg80211: Calling CRDA to update world regulatory domain
mount: mounting memory on /cgroup failed: No such device
[utopia][init] Cannot find syscfg partition, assuming /dev/mtd6
nvram_get_buf: nvram_factory_reset
sem_lock: Triggering NVRAM initialization!
nvram_init: Initializing NVRAM...
sem_get: Key: 410120ac
sem_get: Key: 410f0436
nvram_set_default_builtin: Setting built-in default values!
nvram_set: console_loglevel = "7"
sem_get: Key: 410f0436
sem_get: Key: 410f0436
nvram_set: restore_defaults = "1"
sem_get: Key: 410f0436
sem_get: Key: 410f0436
nvram_set: sku_name = ""
sem_get: Key: 410f0436
sem_get: Key: 410f0436
nvram_set: wla_wlanstate = ""
sem_get: Key: 410f0436
sem_get: Key: 410f0436
nvram_set: lan_if = "br0"
sem_get: Key: 410f0436
sem_get: Key: 410f0436
nvram_set: lan_ipaddr = "192.168.0.50"
sem_get: Key: 410f0436
sem_get: Key: 410f0436
nvram_set: lan_bipaddr = "192.168.0.255"
sem_get: Key: 410f0436
sem_get: Key: 410f0436
nvram_set: lan_netmask = "255.255.255.0"
sem_get: Key: 410f0436
sem_get: Key: 410f0436
nvram_set: time_zone = "EST5EDT"
sem_get: Key: 410f0436
sem_get: Key: 410f0436
nvram_set: wan_hwaddr_def = "01:23:45:67:89:ab"
sem_get: Key: 410f0436
sem_get: Key: 410f0436
nvram_set: wan_ifname = "eth0"
sem_get: Key: 410f0436
sem_get: Key: 410f0436
nvram_set: lan_ifnames = "eth1 eth2 eth3 eth4"
sem_get: Key: 410f0436
sem_get: Key: 410f0436
nvram_set: ethConver = "1"
sem_get: Key: 410f0436
sem_get: Key: 410f0436
nvram_set: lan_proto = "dhcp"
sem_get: Key: 410f0436
sem_get: Key: 410f0436
nvram_set: wan_ipaddr = "0.0.0.0"
sem_get: Key: 410f0436
sem_get: Key: 410f0436
nvram_set: wan_netmask = "255.255.255.0"
sem_get: Key: 410f0436
sem_get: Key: 410f0436
nvram_set: wanif = "eth0"
sem_get: Key: 410f0436
sem_get: Key: 410f0436
nvram_set: time_zone_x = "0"
sem_get: Key: 410f0436
sem_get: Key: 410f0436
nvram_set: rip_multicast = "0"
sem_get: Key: 410f0436
sem_get: Key: 410f0436
nvram_set: bs_trustedip_enable = "0"
sem_get: Key: 410f0436
sem_get: Key: 410f0436
nvram_set_default: Loading built-in default values = 1!
nvram_set_default: Checking for symbol "router_defaults"...
nvram_set_default: Checking for symbol "Nvrams"...
nvram_set: lan_ifname = "br0"
sem_get: Key: 410f0436
sem_get: Key: 410f0436
nvram_set: lan_ifnames = "vlan1 eth1 eth2 wl0.2"
sem_get: Key: 410f0436
sem_get: Key: 410f0436
nvram_set: lan_hwnames = ""
sem_get: Key: 410f0436
sem_get: Key: 410f0436
nvram_set: wl0_ifname = "eth1"
sem_get: Key: 410f0436
sem_get: Key: 410f0436
nvram_set: wl1_ifname = "eth2"
sem_get: Key: 410f0436
sem_get: Key: 410f0436
nvram_set: #wl0_hwaddr = "$NEW_ETH1_HWADDR"
sem_get: Key: 410f0436
sem_get: Key: 410f0436
nvram_set: #wl1_hwaddr = "$NEW_ETH2_HWADDR"
sem_get: Key: 410f0436
sem_get: Key: 410f0436
nvram_set: landevs = "vlan1 wl0 wl1"
sem_get: Key: 410f0436
sem_get: Key: 410f0436
nvram_set: lan1_hwnames = ""
sem_get: Key: 410f0436
sem_get: Key: 410f0436
nvram_set: vlan1_ifname = ""
sem_get: Key: 410f0436
sem_get: Key: 410f0436
nvram_set: vlan1hwname = "et0"
sem_get: Key: 410f0436
sem_get: Key: 410f0436
nvram_set: br0_ifnames = "vlan1 eth1 eth2 wl0.2"
sem_get: Key: 410f0436
sem_get: Key: 410f0436
nvram_set: #lan_ipaddr = ""
sem_get: Key: 410f0436
sem_get: Key: 410f0436
nvram_set: #lan_netmask = ""
sem_get: Key: 410f0436
sem_get: Key: 410f0436
nvram_set: lan1_ifname = "br1"
sem_get: Key: 410f0436
sem_get: Key: 410f0436
nvram_set: lan1_ifnames = "wl0.1"
sem_get: Key: 410f0436
sem_get: Key: 410f0436
nvram_set: lan1_hwnames = ""
sem_get: Key: 410f0436
sem_get: Key: 410f0436
nvram_set: lan1_hwaddr = "00:00:00:00:00:00"
sem_get: Key: 410f0436
sem_get: Key: 410f0436
nvram_set: wl0.1_macmode = "disabled"
sem_get: Key: 410f0436
sem_get: Key: 410f0436
nvram_set: #wl0.1_bss_enabled = "1"
sem_get: Key: 410f0436
sem_get: Key: 410f0436
nvram_set: wl0.1_bss_maxassoc = "52"
sem_get: Key: 410f0436
sem_get: Key: 410f0436
nvram_set: wl0.1_mode = "ap"
sem_get: Key: 410f0436
sem_get: Key: 410f0436
nvram_set: wl0.1_ifname = "wl0.1"
sem_get: Key: 410f0436
sem_get: Key: 410f0436
nvram_set: wl1.1_ifname = "wl1.1"
sem_get: Key: 410f0436
sem_get: Key: 410f0436
nvram_set: wl0_vifs = "wl0.1 wl0.2"
sem_get: Key: 410f0436
sem_get: Key: 410f0436
nvram_set: wl_bss_enabled = "1"
sem_get: Key: 410f0436
sem_get: Key: 410f0436
nvram_set: #wl0.2_macmode = "disabled"
sem_get: Key: 410f0436
sem_get: Key: 410f0436
nvram_set: #wl0.2_bss_enabled = "1"
sem_get: Key: 410f0436
sem_get: Key: 410f0436
nvram_set: wl0.2_bss_maxassoc = "52"
sem_get: Key: 410f0436
sem_get: Key: 410f0436
nvram_set: wl0.2_mode = "ap"
sem_get: Key: 410f0436
sem_get: Key: 410f0436
nvram_set: wl0.2_ifname = "wl0.2"
sem_get: Key: 410f0436
sem_get: Key: 410f0436
nvram_set: #wl0.2_ssid = "TC_VAP_TEST"
sem_get: Key: 410f0436
sem_get: Key: 410f0436
nvram_set: wl0.2_closed = "0"
sem_get: Key: 410f0436
sem_get: Key: 410f0436
nvram_set: wan_ifname = "vlan2"
sem_get: Key: 410f0436
sem_get: Key: 410f0436
nvram_set: wan_ifnames = "vlan2"
sem_get: Key: 410f0436
sem_get: Key: 410f0436
nvram_set: wan_hwnames = ""
sem_get: Key: 410f0436
sem_get: Key: 410f0436
nvram_set: wan_hwaddr = ""
sem_get: Key: 410f0436
sem_get: Key: 410f0436
nvram_set: wandevs = "vlan2"
sem_get: Key: 410f0436
sem_get: Key: 410f0436
nvram_set: vlan2hwname = "et0"
sem_get: Key: 410f0436
sem_get: Key: 410f0436
nvram_set: wan0_primary = "1"
sem_get: Key: 410f0436
sem_get: Key: 410f0436
nvram_set: wl0_bss_enabled = "1"
sem_get: Key: 410f0436
sem_get: Key: 410f0436
nvram_set: wl1_bss_enabled = "1"
sem_get: Key: 410f0436
sem_get: Key: 410f0436
nvram_set: wl0_mode = "ap"
sem_get: Key: 410f0436
sem_get: Key: 410f0436
nvram_set: wl1_mode = "ap"
sem_get: Key: 410f0436
sem_get: Key: 410f0436
nvram_set: wl0_radio = "1"
sem_get: Key: 410f0436
sem_get: Key: 410f0436
nvram_set: wl1_radio = "1"
sem_get: Key: 410f0436
sem_get: Key: 410f0436
nvram_set: wl0_unit = "0"
sem_get: Key: 410f0436
sem_get: Key: 410f0436
nvram_set: wl1_unit = "1"
sem_get: Key: 410f0436
sem_get: Key: 410f0436
nvram_set: wl0_akm = ""
sem_get: Key: 410f0436
sem_get: Key: 410f0436
nvram_set: wl0_wpa_psk = ""
sem_get: Key: 410f0436
sem_get: Key: 410f0436
nvram_set: wl0_crypto = ""
sem_get: Key: 410f0436
sem_get: Key: 410f0436
nvram_set: wl1_akm = ""
sem_get: Key: 410f0436
sem_get: Key: 410f0436
nvram_set: wl1_wpa_psk = ""
sem_get: Key: 410f0436
sem_get: Key: 410f0436
nvram_set: wl1_crypto = ""
sem_get: Key: 410f0436
sem_get: Key: 410f0436
nvram_set: wl0_auth = "0"
sem_get: Key: 410f0436
sem_get: Key: 410f0436
nvram_set: wl1_auth = "0"
sem_get: Key: 410f0436
sem_get: Key: 410f0436
nvram_set: wl0_ssid = ""
sem_get: Key: 410f0436
sem_get: Key: 410f0436
nvram_set: wl1_ssid = ""
sem_get: Key: 410f0436
sem_get: Key: 410f0436
nvram_set: wl0_ap_isolation = "0"
sem_get: Key: 410f0436
sem_get: Key: 410f0436
nvram_set: wl1_ap_isolation = "0"
sem_get: Key: 410f0436
sem_get: Key: 410f0436
nvram_set: wl0_preauth = "1"
sem_get: Key: 410f0436
sem_get: Key: 410f0436
nvram_set: wl1_preauth = "1"
sem_get: Key: 410f0436
sem_get: Key: 410f0436
nvram_set: wl0_reg_mode = "off"
sem_get: Key: 410f0436
sem_get: Key: 410f0436
nvram_set: wl1_reg_mode = "off"
sem_get: Key: 410f0436
sem_get: Key: 410f0436
nvram_set: wl0_auth_mode = "none"
sem_get: Key: 410f0436
sem_get: Key: 410f0436
nvram_set: wl1_auth_mode = "none"
sem_get: Key: 410f0436
sem_get: Key: 410f0436
nvram_set: #wps_uuid = """"
sem_get: Key: 410f0436
sem_get: Key: 410f0436
nvram_set: wps_version2 = "enabled"
sem_get: Key: 410f0436
sem_get: Key: 410f0436
nvram_set: wps_aplockdown_cap = "1"
sem_get: Key: 410f0436
sem_get: Key: 410f0436
nvram_set: wps_config_method = "0x268c"
sem_get: Key: 410f0436
sem_get: Key: 410f0436
nvram_set: #wps_config_method = ""
sem_get: Key: 410f0436
sem_get: Key: 410f0436
nvram_set: wl_wps_mode = "enabled"
sem_get: Key: 410f0436
sem_get: Key: 410f0436
nvram_set: wps_mode = "enabled"
sem_get: Key: 410f0436
sem_get: Key: 410f0436
nvram_set: wl_wps_config_state = "0"
sem_get: Key: 410f0436
sem_get: Key: 410f0436
nvram_set: wps_mfstring = "Linksys LLC"
sem_get: Key: 410f0436
sem_get: Key: 410f0436
nvram_set: wps_device_name = "F70 AP"
sem_get: Key: 410f0436
sem_get: Key: 410f0436
nvram_set: wl_wps_reg = "enabled"
sem_get: Key: 410f0436
sem_get: Key: 410f0436
nvram_set: wps_sta_pin = "00000000"
sem_get: Key: 410f0436
sem_get: Key: 410f0436
nvram_set: wps_modelnum = "123456"
sem_get: Key: 410f0436
sem_get: Key: 410f0436
nvram_set: wps_timeout_enable = "0"
sem_get: Key: 410f0436
sem_get: Key: 410f0436
nvram_set: wps_wer_mode = "allow"
sem_get: Key: 410f0436
sem_get: Key: 410f0436
nvram_set: lan_wps_oob = "enabled"
sem_get: Key: 410f0436
sem_get: Key: 410f0436
nvram_set: lan_wps_reg = "enabled"
sem_get: Key: 410f0436
sem_get: Key: 410f0436
nvram_set: lan1_wps_oob = "enabled"
sem_get: Key: 410f0436
sem_get: Key: 410f0436
nvram_set: lan1_wps_reg = "disabled"
sem_get: Key: 410f0436
sem_get: Key: 410f0436
nvram_set: wl1_wps_akm = "psk2"
sem_get: Key: 410f0436
sem_get: Key: 410f0436
nvram_set: wl1_wps_crypto = "aes"
sem_get: Key: 410f0436
sem_get: Key: 410f0436
nvram_set: wsc_ie = "enabled"
sem_get: Key: 410f0436
sem_get: Key: 410f0436
nvram_set: wl0_wsc_mode = "enabled"
sem_get: Key: 410f0436
sem_get: Key: 410f0436
nvram_set: wl1_wsc_mode = "enabled"
sem_get: Key: 410f0436
sem_get: Key: 410f0436
nvram_set: wps_config_state_24g = "0"
sem_get: Key: 410f0436
sem_get: Key: 410f0436
nvram_set: wps_config_state_5g = "0"
sem_get: Key: 410f0436
sem_get: Key: 410f0436
nvram_set: wps_addER = "0"
sem_get: Key: 410f0436
sem_get: Key: 410f0436
nvram_set: wps_mixedmode = "0"
sem_get: Key: 410f0436
sem_get: Key: 410f0436
nvram_set: wps_random_ssid_prefix = "Linksys_WPS_"
sem_get: Key: 410f0436
sem_get: Key: 410f0436
nvram_set: wsc_enable = "1"
sem_get: Key: 410f0436
sem_get: Key: 410f0436
nvram_set: wl0_wsc_mode = "enabled"
sem_get: Key: 410f0436
sem_get: Key: 410f0436
nvram_set: wl1_wsc_mode = "enabled"
sem_get: Key: 410f0436
sem_get: Key: 410f0436
nvram_set: wsc_config_method = "pin"
sem_get: Key: 410f0436
sem_get: Key: 410f0436
nvram_set: wsc_security_auto = "1"
sem_get: Key: 410f0436
sem_get: Key: 410f0436
nvram_set: wsc_ap_role = "proxy"
sem_get: Key: 410f0436
sem_get: Key: 410f0436
nvram_set: wl_radio_pwrsave_level = "0"
sem_get: Key: 410f0436
sem_get: Key: 410f0436
nvram_set: wl0_radio_pwrsave_level = "0"
sem_get: Key: 410f0436
sem_get: Key: 410f0436
nvram_set: wl1_radio_pwrsave_level = "0"
sem_get: Key: 410f0436
sem_get: Key: 410f0436
nvram_set: wps_lock_forever_cnt = "8"
sem_get: Key: 410f0436
sem_get: Key: 410f0436
nvram_set: wl0_wps_mode = "enabled"
sem_get: Key: 410f0436
sem_get: Key: 410f0436
nvram_set: wl1_wps_mode = "enabled"
sem_get: Key: 410f0436
sem_get: Key: 410f0436
nvram_set: wl0_wps_config_state = "0"
sem_get: Key: 410f0436
sem_get: Key: 410f0436
nvram_set: wl1_wps_config_state = "0"
sem_get: Key: 410f0436
sem_get: Key: 410f0436
nvram_set: wl0_wps_reg = "enabled"
sem_get: Key: 410f0436
sem_get: Key: 410f0436
nvram_set: wl1_wps_reg = "enabled"
sem_get: Key: 410f0436
sem_get: Key: 410f0436
nvram_set: upnp_enable = "1"
sem_get: Key: 410f0436
sem_get: Key: 410f0436
nvram_set: wps_proc_mac = ""
sem_get: Key: 410f0436
sem_get: Key: 410f0436
nvram_set: wl0_macmode = "disabled"
sem_get: Key: 410f0436
sem_get: Key: 410f0436
nvram_set: wl1_macmode = "disabled"
sem_get: Key: 410f0436
sem_get: Key: 410f0436
nvram_set: wl0_wep = "disabled"
sem_get: Key: 410f0436
sem_get: Key: 410f0436
nvram_set: wl1_wep = "disabled"
sem_get: Key: 410f0436
sem_get: Key: 410f0436
nvram_set: #wl1_nmode = "-1"
sem_get: Key: 410f0436
sem_get: Key: 410f0436
nvram_set: #wl0_nmode = "-1"
sem_get: Key: 410f0436
sem_get: Key: 410f0436
nvram_set: #gpio14 = "wps_button"
sem_get: Key: 410f0436
sem_get: Key: 410f0436
nvram_set: #gpio15 = "wps_led"
sem_get: Key: 410f0436
sem_get: Key: 410f0436
nvram_set: #wps_currentband = ""
sem_get: Key: 410f0436
sem_get: Key: 410f0436
nvram_set: #wps_led_assertlvl = "0"
sem_get: Key: 410f0436
sem_get: Key: 410f0436
nvram_set: #gpio2 = "wps_led"
sem_get: Key: 410f0436
sem_get: Key: 410f0436
nvram_set: cisco_default = "1"
sem_get: Key: 410f0436
sem_get: Key: 410f0436
nvram_set_default: Loading from default configuration file: /etc/system_nvram_defaults = 1!
nvram_set_default_image: Copying overrides from defaults folder!
sem_get: Key: 410f0436
cp: cannot stat '/firmadyne/libnvram.override/*': No such file or directory
sem_get: Key: 410f0436
sem_get: Key: 410f0436
sem_get: Key: 410f0436
nvram_get_buf: Unable to open key: /firmadyne/libnvram/nvram_factory_reset!
[   19.526772] firmadyne: sys_socket[PID: 332 (nvram_factory_r)]: family:1, type:2, protocol:0
[   19.685504] firmadyne: sys_socket[PID: 332 (nvram_factory_r)]: family:1, type:1, protocol:0
INFO: nvram factory_reset detected, necessary syscfg factory_reset now performed.
nvram_set: nvram_factory_reset = "true"
sem_get: Key: 410f0436
sem_get: Key: 410f0436
sem_get: Key: 410f0436
sem_get: Key: 410f0436
[   19.701451] firmadyne: sys_socket[PID: 342 (sysevent)]: family:1, type:1, protocol:0
[   19.778472] firmadyne: sys_socket[PID: 344 (sysevent)]: family:1, type:1, protocol:0
[   19.810990] firmadyne: sys_socket[PID: 346 (syscfg_create)]: family:1, type:2, protocol:0
[   19.819018] firmadyne: sys_socket[PID: 348 (sysevent)]: family:1, type:1, protocol:0
[utopia][init] Using persistent syscfg data from /var/config/syscfg
[utopia][init] Starting system logging
[   19.853260] firmadyne: sys_socket[PID: 349 (sysevent)]: family:1, type:1, protocol:0
[   20.031465] firmadyne: sys_socket[PID: 353 (utctx_cmd)]: family:1, type:2, protocol:0
[utopia][init] Starting sysevent subsystem
[   20.143828] firmadyne: sys_socket[PID: 357 (syslogd)]: family:1, type:2, protocol:0
[   20.178096] firmadyne: sys_socket[PID: 358 (syseventd)]: family:1, type:2, protocol:0
[utopia][init] Setting any unset system values to default
[   20.187507] firmadyne: sys_socket[PID: 307 (klogd)]: family:1, type:2, protocol:0
[   20.197561] syseventd (359): /proc/359/oom_adj is deprecated, please use /proc/359/oom_score_adj instead.
[   20.199878] firmadyne: sys_socket[PID: 359 (syseventd)]: family:10, type:1, protocol:0
[   20.200976] firmadyne: sys_setsockopt[PID: 359 (syseventd)]: fd:10, level:1, optname:2
[   20.202577] firmadyne: sys_socket[PID: 359 (syseventd)]: family:1, type:1, protocol:0
nvram_get_buf: cisco_default
sem_lock: Already initialized!
sem_get: Key: 410f0436
sem_get: Key: 410f0436
nvram_get_buf: = "1"
nvram_get_buf: watchdog
sem_get: Key: 410f0436
sem_get: Key: 410f0436
nvram_get_buf: Unable to open key: /firmadyne/libnvram/watchdog!
nvram_set: watchdog = "3000"
sem_get: Key: 410f0436
sem_get: Key: 410f0436
sem_get: Key: 410f0436
sem_get: Key: 410f0436
[   20.338347] firmadyne: sys_socket[PID: 363 (apply_system_de)]: family:1, type:1, protocol:0
[   20.344448] firmadyne: sys_socket[PID: 363 (apply_system_de)]: family:1, type:2, protocol:0
[   20.346548] firmadyne: sys_socket[PID: 364 (syseventd_fork_)]: family:1, type:2, protocol:0
nvram_get_buf: uuid_key
sem_lock: Already initialized!
sem_get: Key: 410f0436
sem_get: Key: 410f0436
nvram_get_buf: Unable to open key: /firmadyne/libnvram/uuid_key!
nvram_get_buf: serial_number
sem_lock: Already initialized!
sem_get: Key: 410f0436
sem_get: Key: 410f0436
nvram_get_buf: Unable to open key: /firmadyne/libnvram/serial_number!
nvram_get_buf: hw_revision
sem_lock: Already initialized!
sem_get: Key: 410f0436
sem_get: Key: 410f0436
nvram_get_buf: Unable to open key: /firmadyne/libnvram/hw_revision!
nvram_get_buf: cert_region
sem_lock: Already initialized!
sem_get: Key: 410f0436
sem_get: Key: 410f0436
nvram_get_buf: Unable to open key: /firmadyne/libnvram/cert_region!
nvram_get_buf: modelNumber
sem_lock: Already initialized!
sem_get: Key: 410f0436
sem_get: Key: 410f0436
nvram_get_buf: Unable to open key: /firmadyne/libnvram/modelNumber!
nvram_get_buf: hw_mac_addr
sem_lock: Already initialized!
sem_get: Key: 410f0436
sem_get: Key: 410f0436
nvram_get_buf: Unable to open key: /firmadyne/libnvram/hw_mac_addr!
nvram_get_buf: tc_ssid
sem_lock: Already initialized!
sem_get: Key: 410f0436
sem_get: Key: 410f0436
nvram_get_buf: Unable to open key: /firmadyne/libnvram/tc_ssid!
nvram_get_buf: tc_passphrase
sem_lock: Already initialized!
sem_get: Key: 410f0436
sem_get: Key: 410f0436
nvram_get_buf: Unable to open key: /firmadyne/libnvram/tc_passphrase!
nvram_get_buf: ccode
sem_lock: Already initialized!
sem_get: Key: 410f0436
sem_get: Key: 410f0436
nvram_get_buf: Unable to open key: /firmadyne/libnvram/ccode!
nvram_get_buf: regrev
sem_lock: Already initialized!
sem_get: Key: 410f0436
sem_get: Key: 410f0436
nvram_get_buf: Unable to open key: /firmadyne/libnvram/regrev!
nvram_get_buf: default_ssid
sem_lock: Already initialized!
sem_get: Key: 410f0436
sem_get: Key: 410f0436
nvram_get_buf: Unable to open key: /firmadyne/libnvram/default_ssid!
nvram_get_buf: serial_number
sem_lock: Already initialized!
sem_get: Key: 410f0436
sem_get: Key: 410f0436
nvram_get_buf: Unable to open key: /firmadyne/libnvram/serial_number!
nvram_set: default_ssid = "Linksys"
sem_lock: Already initialized!
sem_get: Key: 410f0436
sem_get: Key: 410f0436
nvram_get_buf: default_passphrase
sem_lock: Already initialized!
sem_get: Key: 410f0436
sem_get: Key: 410f0436
nvram_get_buf: Unable to open key: /firmadyne/libnvram/default_passphrase!
nvram_get_buf: tc_passphrase
sem_lock: Already initialized!
sem_get: Key: 410f0436
sem_get: Key: 410f0436
nvram_get_buf: Unable to open key: /firmadyne/libnvram/tc_passphrase!
nvram_set: default_passphrase = ""
sem_lock: Already initialized!
sem_get: Key: 410f0436
sem_get: Key: 410f0436
Please check switch mac address
nvram_get_buf: wps_device_pin
sem_lock: Already initialized!
sem_get: Key: 410f0436
sem_get: Key: 410f0436
nvram_get_buf: Unable to open key: /firmadyne/libnvram/wps_device_pin!
[   21.124559] firmadyne: sys_socket[PID: 363 (apply_system_de)]: family:2, type:2, protocol:0
nvram_get_buf: modelNumber
sem_lock: Already initialized!
sem_get: Key: 410f0436
sem_get: Key: 410f0436
nvram_get_buf: Unable to open key: /firmadyne/libnvram/modelNumber!
[utopia][init] committing default syscfg values
[   21.290905] firmadyne: sys_socket[PID: 416 (switch_config)]: family:1, type:2, protocol:0
nvram_get_buf: vlan1hwname
sem_lock: Already initialized!
sem_get: Key: 410f0436
sem_get: Key: 410f0436
nvram_get_buf: = "et0"
nvram_get_buf: vlan1ports
sem_get: Key: 410f0436
sem_get: Key: 410f0436
nvram_get_buf: Unable to open key: /firmadyne/libnvram/vlan1ports!
nvram_set: vlan1ports = "1 2 3 4 5*"
sem_get: Key: 410f0436
sem_get: Key: 410f0436
nvram_get_buf: vlan2hwname
sem_get: Key: 410f0436
sem_get: Key: 410f0436
nvram_get_buf: = "et0"
nvram_get_buf: vlan2ports
sem_get: Key: 410f0436
sem_get: Key: 410f0436
nvram_get_buf: Unable to open key: /firmadyne/libnvram/vlan2ports!
nvram_set: vlan2ports = "0 5"
sem_get: Key: 410f0436
sem_get: Key: 410f0436
nvram_get_buf: vlan3hwname
sem_get: Key: 410f0436
sem_get: Key: 410f0436
nvram_get_buf: Unable to open key: /firmadyne/libnvram/vlan3hwname!
nvram_get_buf: vlan3ports
sem_get: Key: 410f0436
sem_get: Key: 410f0436
nvram_get_buf: Unable to open key: /firmadyne/libnvram/vlan3ports!
nvram_get_buf: vlan4hwname
sem_get: Key: 410f0436
sem_get: Key: 410f0436
nvram_get_buf: Unable to open key: /firmadyne/libnvram/vlan4hwname!
nvram_get_buf: vlan4ports
sem_get: Key: 410f0436
sem_get: Key: 410f0436
nvram_get_buf: Unable to open key: /firmadyne/libnvram/vlan4ports!
nvram_get_buf: vlan5hwname
sem_get: Key: 410f0436
sem_get: Key: 410f0436
nvram_get_buf: Unable to open key: /firmadyne/libnvram/vlan5hwname!
nvram_get_buf: vlan5ports
sem_get: Key: 410f0436
sem_get: Key: 410f0436
nvram_get_buf: Unable to open key: /firmadyne/libnvram/vlan5ports!
nvram_get_buf: vlan6hwname
sem_get: Key: 410f0436
sem_get: Key: 410f0436
nvram_get_buf: Unable to open key: /firmadyne/libnvram/vlan6hwname!
nvram_get_buf: vlan6ports
sem_get: Key: 410f0436
sem_get: Key: 410f0436
nvram_get_buf: Unable to open key: /firmadyne/libnvram/vlan6ports!
nvram_get_buf: vlan7hwname
sem_get: Key: 410f0436
sem_get: Key: 410f0436
nvram_get_buf: Unable to open key: /firmadyne/libnvram/vlan7hwname!
nvram_get_buf: vlan7ports
sem_get: Key: 410f0436
sem_get: Key: 410f0436
nvram_get_buf: Unable to open key: /firmadyne/libnvram/vlan7ports!
nvram_get_buf: vlan8hwname
sem_get: Key: 410f0436
sem_get: Key: 410f0436
nvram_get_buf: Unable to open key: /firmadyne/libnvram/vlan8hwname!
nvram_get_buf: vlan8ports
sem_get: Key: 410f0436
sem_get: Key: 410f0436
nvram_get_buf: Unable to open key: /firmadyne/libnvram/vlan8ports!
nvram_get_buf: vlan9hwname
sem_get: Key: 410f0436
sem_get: Key: 410f0436
nvram_get_buf: Unable to open key: /firmadyne/libnvram/vlan9hwname!
nvram_get_buf: vlan9ports
sem_get: Key: 410f0436
sem_get: Key: 410f0436
nvram_get_buf: Unable to open key: /firmadyne/libnvram/vlan9ports!
nvram_get_buf: vlan10hwname
sem_get: Key: 410f0436
sem_get: Key: 410f0436
nvram_get_buf: Unable to open key: /firmadyne/libnvram/vlan10hwname!
nvram_get_buf: vlan10ports
sem_get: Key: 410f0436
sem_get: Key: 410f0436
nvram_get_buf: Unable to open key: /firmadyne/libnvram/vlan10ports!
nvram_get_buf: vlan11hwname
sem_get: Key: 410f0436
sem_get: Key: 410f0436
nvram_get_buf: Unable to open key: /firmadyne/libnvram/vlan11hwname!
nvram_get_buf: vlan11ports
sem_get: Key: 410f0436
sem_get: Key: 410f0436
nvram_get_buf: Unable to open key: /firmadyne/libnvram/vlan11ports!
nvram_get_buf: vlan12hwname
sem_get: Key: 410f0436
sem_get: Key: 410f0436
nvram_get_buf: Unable to open key: /firmadyne/libnvram/vlan12hwname!
nvram_get_buf: vlan12ports
sem_get: Key: 410f0436
sem_get: Key: 410f0436
nvram_get_buf: Unable to open key: /firmadyne/libnvram/vlan12ports!
nvram_get_buf: vlan13hwname
sem_get: Key: 410f0436
sem_get: Key: 410f0436
nvram_get_buf: Unable to open key: /firmadyne/libnvram/vlan13hwname!
nvram_get_buf: vlan13ports
sem_get: Key: 410f0436
sem_get: Key: 410f0436
nvram_get_buf: Unable to open key: /firmadyne/libnvram/vlan13ports!
nvram_get_buf: vlan14hwname
sem_get: Key: 410f0436
sem_get: Key: 410f0436
nvram_get_buf: Unable to open key: /firmadyne/libnvram/vlan14hwname!
nvram_get_buf: vlan14ports
sem_get: Key: 410f0436
sem_get: Key: 410f0436
nvram_get_buf: Unable to open key: /firmadyne/libnvram/vlan14ports!
nvram_get_buf: vlan15hwname
sem_get: Key: 410f0436
sem_get: Key: 410f0436
nvram_get_buf: Unable to open key: /firmadyne/libnvram/vlan15hwname!
nvram_get_buf: vlan15ports
sem_get: Key: 410f0436
sem_get: Key: 410f0436
nvram_get_buf: Unable to open key: /firmadyne/libnvram/vlan15ports!
nvram_get_buf: vlan16hwname
sem_get: Key: 410f0436
sem_get: Key: 410f0436
nvram_get_buf: Unable to open key: /firmadyne/libnvram/vlan16hwname!
nvram_get_buf: vlan16ports
sem_get: Key: 410f0436
sem_get: Key: 410f0436
nvram_get_buf: Unable to open key: /firmadyne/libnvram/vlan16ports!
nvram_get_buf: wandevs
sem_get: Key: 410f0436
sem_get: Key: 410f0436
nvram_get_buf: = "vlan2"
nvram_get_buf: wan_ifname
sem_get: Key: 410f0436
sem_get: Key: 410f0436
nvram_get_buf: = "vlan2"
nvram_get_buf: wan_ifnames
sem_get: Key: 410f0436
sem_get: Key: 410f0436
nvram_get_buf: = "vlan2"
nvram_get_buf: wan0_ifname
sem_get: Key: 410f0436
sem_get: Key: 410f0436
nvram_get_buf: Unable to open key: /firmadyne/libnvram/wan0_ifname!
nvram_set: wan0_ifname = "vlan2"
sem_get: Key: 410f0436
sem_get: Key: 410f0436
nvram_get_buf: wan0_ifnames
sem_get: Key: 410f0436
sem_get: Key: 410f0436
nvram_get_buf: Unable to open key: /firmadyne/libnvram/wan0_ifnames!
nvram_set: wan0_ifnames = "vlan2"
sem_get: Key: 410f0436
sem_get: Key: 410f0436
sem_get: Key: 410f0436
sem_get: Key: 410f0436
[utopia][init] Late loading usb drivers
inserting ctf.ko
insmod: can't insert '/lib/modules/4.1.17+//ctf.ko': No such file or directory
insmod: can't insert '/lib/modules/4.1.17+//et.ko': No such file or directory
insmod: can't insert '/lib/modules/4.1.17+//emf.ko': No such file or directory
[   22.072796] cfg80211: Calling CRDA to update world regulatory domain
insmod: can't insert '/lib/modules/4.1.17+//igs.ko': No such file or directory
insmod: can't insert '/lib/modules/4.1.17+//wl.ko': No such file or directory
[   22.148297] firmadyne: sys_socket[PID: 425 (et)]: family:2, type:2, protocol:0
et interface not found
[   22.195769] firmadyne: sys_socket[PID: 427 (ifconfig)]: family:2, type:2, protocol:0
nvram_get_buf: lan_hwaddr
sem_lock: Already initialized!
sem_get: Key: 410f0436
sem_get: Key: 410f0436
nvram_get_buf: Unable to open key: /firmadyne/libnvram/lan_hwaddr!
[   22.282710] firmadyne: sys_socket[PID: 432 (utctx_cmd)]: family:1, type:2, protocol:0
[   22.304745] firmadyne: sys_socket[PID: 433 (ip)]: family:16, type:3, protocol:0
[   22.305340] firmadyne: sys_setsockopt[PID: 433 (ip)]: fd:3, level:1, optname:7
[   22.305637] firmadyne: sys_setsockopt[PID: 433 (ip)]: fd:3, level:1, optname:8
[   22.321552] 8021q: adding VLAN 0 to HW filter on device eth0
[   22.345435] firmadyne: sys_socket[PID: 434 (vconfig)]: family:2, type:1, protocol:0
[   22.363432] firmadyne: sys_socket[PID: 435 (vconfig)]: family:2, type:1, protocol:0
[   22.364910] firmadyne: register_vlan_dev[PID: 435 (vconfig)]: dev:vlan2 vlan_id:2
[   22.398268] firmadyne: sys_socket[PID: 438 (vconfig)]: family:2, type:1, protocol:0
[   22.414685] firmadyne: sys_socket[PID: 439 (vconfig)]: family:2, type:1, protocol:0
[   22.430789] firmadyne: sys_socket[PID: 440 (vconfig)]: family:2, type:1, protocol:0
[   22.447553] firmadyne: sys_socket[PID: 441 (vconfig)]: family:2, type:1, protocol:0
[   22.463938] firmadyne: sys_socket[PID: 442 (vconfig)]: family:2, type:1, protocol:0
[   22.480258] firmadyne: sys_socket[PID: 443 (vconfig)]: family:2, type:1, protocol:0
[   22.495099] firmadyne: sys_socket[PID: 444 (vconfig)]: family:2, type:1, protocol:0
[   22.511360] firmadyne: sys_socket[PID: 445 (vconfig)]: family:2, type:1, protocol:0
[   22.526798] firmadyne: sys_socket[PID: 446 (ip)]: family:16, type:3, protocol:0
[   22.528001] firmadyne: sys_setsockopt[PID: 446 (ip)]: fd:3, level:1, optname:7
[   22.528232] firmadyne: sys_setsockopt[PID: 446 (ip)]: fd:3, level:1, optname:8
[   22.542468] firmadyne: sys_socket[PID: 447 (ip)]: family:16, type:3, protocol:0
[   22.542809] firmadyne: sys_setsockopt[PID: 447 (ip)]: fd:3, level:1, optname:7
[   22.543006] firmadyne: sys_setsockopt[PID: 447 (ip)]: fd:3, level:1, optname:8
[   22.559162] firmadyne: sys_socket[PID: 448 (syscfg)]: family:1, type:2, protocol:0
[   22.577434] firmadyne: sys_socket[PID: 449 (syscfg)]: family:1, type:2, protocol:0
[   22.593833] firmadyne: sys_socket[PID: 450 (ip)]: family:16, type:3, protocol:0
[   22.594182] firmadyne: sys_setsockopt[PID: 450 (ip)]: fd:3, level:1, optname:7
[   22.594385] firmadyne: sys_setsockopt[PID: 450 (ip)]: fd:3, level:1, optname:8
[   22.616184] firmadyne: sys_socket[PID: 451 (ip)]: family:16, type:3, protocol:0
[   22.616534] firmadyne: sys_setsockopt[PID: 451 (ip)]: fd:3, level:1, optname:7
[   22.616747] firmadyne: sys_setsockopt[PID: 451 (ip)]: fd:3, level:1, optname:8
Command line is not complete. Try option "help"
[   22.635265] firmadyne: sys_socket[PID: 452 (sysevent)]: family:1, type:1, protocol:0
[   22.655777] firmadyne: sys_socket[PID: 453 (ip)]: family:16, type:3, protocol:0
[   22.656135] firmadyne: sys_setsockopt[PID: 453 (ip)]: fd:3, level:1, optname:7
[   22.656337] firmadyne: sys_setsockopt[PID: 453 (ip)]: fd:3, level:1, optname:8
[   22.670640] firmadyne: sys_socket[PID: 454 (vconfig)]: family:2, type:1, protocol:0
[   22.687411] firmadyne: sys_socket[PID: 455 (vconfig)]: family:2, type:1, protocol:0
[   22.687838] firmadyne: register_vlan_dev[PID: 455 (vconfig)]: dev:vlan1 vlan_id:1
[   22.713431] firmadyne: sys_socket[PID: 457 (vconfig)]: family:2, type:1, protocol:0
[   22.723106] firmadyne: sys_socket[PID: 459 (vconfig)]: family:2, type:1, protocol:0
[   22.735019] firmadyne: sys_socket[PID: 460 (vconfig)]: family:2, type:1, protocol:0
[   22.749547] firmadyne: sys_socket[PID: 461 (vconfig)]: family:2, type:1, protocol:0
[   22.765178] firmadyne: sys_socket[PID: 462 (vconfig)]: family:2, type:1, protocol:0
[   22.781424] firmadyne: sys_socket[PID: 463 (vconfig)]: family:2, type:1, protocol:0
[   22.797823] firmadyne: sys_socket[PID: 464 (vconfig)]: family:2, type:1, protocol:0
[   22.813983] firmadyne: sys_socket[PID: 465 (vconfig)]: family:2, type:1, protocol:0
[   22.828408] firmadyne: sys_socket[PID: 466 (ip)]: family:16, type:3, protocol:0
[   22.828757] firmadyne: sys_setsockopt[PID: 466 (ip)]: fd:3, level:1, optname:7
[   22.828959] firmadyne: sys_setsockopt[PID: 466 (ip)]: fd:3, level:1, optname:8
[   22.846560] firmadyne: sys_socket[PID: 467 (ip)]: family:16, type:3, protocol:0
[   22.847852] firmadyne: sys_setsockopt[PID: 467 (ip)]: fd:3, level:1, optname:7
[   22.848088] firmadyne: sys_setsockopt[PID: 467 (ip)]: fd:3, level:1, optname:8
[   22.868040] firmadyne: sys_socket[PID: 468 (syscfg)]: family:1, type:2, protocol:0
[   22.948047] firmadyne: sys_socket[PID: 469 (syscfg)]: family:1, type:2, protocol:0
[   22.970449] firmadyne: sys_socket[PID: 470 (ip)]: family:16, type:3, protocol:0
[   22.971033] firmadyne: sys_setsockopt[PID: 470 (ip)]: fd:3, level:1, optname:7
[   22.971495] firmadyne: sys_setsockopt[PID: 470 (ip)]: fd:3, level:1, optname:8
[   23.006582] firmadyne: sys_socket[PID: 471 (ip)]: family:16, type:3, protocol:0
[   23.009095] firmadyne: sys_setsockopt[PID: 471 (ip)]: fd:3, level:1, optname:7
[   23.009355] firmadyne: sys_setsockopt[PID: 471 (ip)]: fd:3, level:1, optname:8
Command line is not complete. Try option "help"
[   23.032064] firmadyne: sys_socket[PID: 472 (sysevent)]: family:1, type:1, protocol:0
[   23.072969] firmadyne: sys_socket[PID: 473 (sysevent)]: family:1, type:1, protocol:0
checking for interactive script start up...
nvram_get_buf: cisco_interactive_startup
sem_lock: Already initialized!
sem_get: Key: 410f0436
sem_get: Key: 410f0436
nvram_get_buf: Unable to open key: /firmadyne/libnvram/cisco_interactive_startup!
[   23.226559] firmadyne: sys_socket[PID: 480 (sysevent)]: family:1, type:1, protocol:0
0xb000000 0x1000000
[   23.268794] firmadyne: sys_socket[PID: 482 (sysevent)]: family:1, type:1, protocol:0
[   23.275506] firmadyne: sys_socket[PID: 478 (01_init)]: family:1, type:2, protocol:0
[   23.333829] firmadyne: sys_socket[PID: 485 (syscfg)]: family:1, type:2, protocol:0
[   23.351966] firmadyne: sys_socket[PID: 486 (syscfg)]: family:1, type:2, protocol:0
nvram_get_buf: hw_mac_addr
sem_lock: Already initialized!
sem_get: Key: 410f0436
sem_get: Key: 410f0436
nvram_get_buf: Unable to open key: /firmadyne/libnvram/hw_mac_addr!
[   23.485858] firmadyne: sys_socket[PID: 496 (syscfg)]: family:1, type:2, protocol:0
Usage: syscfg [show | set [ns] name value | get [ns] name | unset [ns] name | 
       setenncrypt [ns] name value | getencrypt [ns] name | 
       ismatch [ns] name value | commit]
[   23.503648] firmadyne: sys_socket[PID: 497 (syscfg)]: family:1, type:2, protocol:0
Warning : No device serial number found in configuration database
TODO : Create real serial number in 01_init.sh
[   23.525828] firmadyne: sys_socket[PID: 498 (syscfg)]: family:1, type:2, protocol:0
[   23.567659] firmadyne: sys_socket[PID: 502 (syscfg)]: family:1, type:2, protocol:0
[   23.585068] firmadyne: sys_socket[PID: 503 (syscfg)]: family:1, type:2, protocol:0
[   23.601990] firmadyne: sys_socket[PID: 504 (syscfg)]: family:1, type:2, protocol:0
[   23.708917] firmadyne: sys_socket[PID: 505 (syscfg)]: family:1, type:2, protocol:0
[   23.878471] firmadyne: sys_socket[PID: 519 (sysevent)]: family:1, type:1, protocol:0
0xc000000 0x1000000
[   23.904290] firmadyne: sys_socket[PID: 520 (sysevent)]: family:1, type:1, protocol:0
[   24.033810] firmadyne: sys_socket[PID: 532 (sysevent)]: family:1, type:1, protocol:0
0xd000000 0x1000000
[   24.055434] firmadyne: sys_socket[PID: 533 (sysevent)]: family:1, type:1, protocol:0
[   24.181715] firmadyne: sys_socket[PID: 545 (sysevent)]: family:1, type:1, protocol:0
0xe000000 0x1000000
[   24.206657] firmadyne: sys_socket[PID: 546 (sysevent)]: family:1, type:1, protocol:0
[   24.324119] firmadyne: sys_socket[PID: 558 (sysevent)]: family:1, type:1, protocol:0
0xf000000 0x1000000
[   24.340178] firmadyne: sys_socket[PID: 559 (sysevent)]: family:1, type:1, protocol:0
[   24.458445] firmadyne: sys_socket[PID: 571 (sysevent)]: family:1, type:1, protocol:0
0x10000000 0x1000000[   24.463003] random: nonblocking pool is initialized

[   24.481328] firmadyne: sys_socket[PID: 572 (sysevent)]: family:1, type:1, protocol:0
[   24.597020] firmadyne: sys_socket[PID: 584 (sysevent)]: family:1, type:1, protocol:0
0x11000000 0x1000000
[   24.621030] firmadyne: sys_socket[PID: 585 (sysevent)]: family:1, type:1, protocol:0
[   24.738358] firmadyne: sys_socket[PID: 597 (sysevent)]: family:1, type:1, protocol:0
0x12000000 0x1000000
[   24.758597] firmadyne: sys_socket[PID: 598 (sysevent)]: family:1, type:1, protocol:0
[   24.874912] firmadyne: sys_socket[PID: 610 (sysevent)]: family:1, type:1, protocol:0
0x13000000 0x1000000
[   24.895561] firmadyne: sys_socket[PID: 611 (sysevent)]: family:1, type:1, protocol:0
[   24.998521] firmadyne: sys_socket[PID: 623 (sysevent)]: family:1, type:1, protocol:0
0x14000000 0x1000000
[   25.023339] firmadyne: sys_socket[PID: 624 (sysevent)]: family:1, type:1, protocol:0
[   25.197384] firmadyne: sys_socket[PID: 636 (sysevent)]: family:1, type:1, protocol:0
[   25.218356] cfg80211: Calling CRDA to update world regulatory domain
0x15000000 0x1000000
[   25.267662] firmadyne: sys_socket[PID: 638 (sysevent)]: family:1, type:1, protocol:0
[   25.399829] firmadyne: sys_socket[PID: 650 (sysevent)]: family:1, type:1, protocol:0
0x16000000 0x1000000
[   25.424002] firmadyne: sys_socket[PID: 651 (sysevent)]: family:1, type:1, protocol:0
[   25.551947] firmadyne: sys_socket[PID: 663 (sysevent)]: family:1, type:1, protocol:0
0x17000000 0x1000000
[   25.576154] firmadyne: sys_socket[PID: 664 (sysevent)]: family:1, type:1, protocol:0
[   25.694105] firmadyne: sys_socket[PID: 676 (sysevent)]: family:1, type:1, protocol:0
0x18000000 0x1000000
[   25.718694] firmadyne: sys_socket[PID: 677 (sysevent)]: family:1, type:1, protocol:0
[   25.767560] firmadyne: sys_socket[PID: 679 (01_phylink)]: family:1, type:1, protocol:0
[   25.819955] firmadyne: sys_socket[PID: 681 (01_system)]: family:1, type:1, protocol:0
[   25.870777] firmadyne: sys_socket[PID: 683 (02_bridge)]: family:1, type:1, protocol:0
[   25.920338] firmadyne: sys_socket[PID: 685 (sysevent)]: family:1, type:1, protocol:0
[   25.965306] firmadyne: sys_socket[PID: 687 (02_forwarding)]: family:1, type:1, protocol:0
[   26.018522] firmadyne: sys_socket[PID: 689 (02_interface)]: family:1, type:1, protocol:0
[   26.033506] firmadyne: sys_socket[PID: 689 (02_interface)]: family:1, type:2, protocol:0
[   26.037966] firmadyne: sys_socket[PID: 689 (02_interface)]: family:1, type:1, protocol:0
[   26.048832] firmadyne: sys_socket[PID: 689 (02_interface)]: family:1, type:1, protocol:0
[   26.059914] firmadyne: sys_socket[PID: 689 (02_interface)]: family:1, type:1, protocol:0
[   26.070685] firmadyne: sys_socket[PID: 689 (02_interface)]: family:1, type:1, protocol:0
[   26.117445] firmadyne: sys_socket[PID: 691 (02_lan)]: family:1, type:1, protocol:0
[   26.167402] firmadyne: sys_socket[PID: 693 (sysevent)]: family:1, type:1, protocol:0
[   26.199219] firmadyne: sys_socket[PID: 695 (sysevent)]: family:1, type:1, protocol:0
[   26.236528] firmadyne: sys_socket[PID: 697 (sysevent)]: family:1, type:1, protocol:0
[   26.278981] firmadyne: sys_socket[PID: 699 (02_lan_ipv6)]: family:1, type:1, protocol:0
[   26.353063] firmadyne: sys_socket[PID: 701 (02_syslog)]: family:1, type:1, protocol:0
[   26.386292] firmadyne: sys_socket[PID: 703 (sysevent)]: family:1, type:1, protocol:0
[   26.429746] firmadyne: sys_socket[PID: 705 (02_wan)]: family:1, type:1, protocol:0
[   26.480567] firmadyne: sys_socket[PID: 707 (sysevent)]: family:1, type:1, protocol:0
[   26.519625] firmadyne: sys_socket[PID: 709 (sysevent)]: family:1, type:1, protocol:0
[   26.559235] firmadyne: sys_socket[PID: 711 (02_wifi)]: family:1, type:1, protocol:0
[   26.594543] firmadyne: sys_socket[PID: 711 (02_wifi)]: family:1, type:1, protocol:0
[   26.605809] firmadyne: sys_socket[PID: 711 (02_wifi)]: family:1, type:1, protocol:0
[   26.617038] firmadyne: sys_socket[PID: 711 (02_wifi)]: family:1, type:1, protocol:0
[   26.656779] firmadyne: sys_socket[PID: 713 (02_wifi_sta)]: family:1, type:1, protocol:0
[   26.724944] firmadyne: sys_socket[PID: 715 (03_auto_detect)]: family:1, type:1, protocol:0
[   26.779692] firmadyne: sys_socket[PID: 717 (03_usb)]: family:1, type:1, protocol:0
[   26.833060] firmadyne: sys_socket[PID: 719 (03_wan_ipv6)]: family:1, type:1, protocol:0
[   26.884215] firmadyne: sys_socket[PID: 721 (sysevent)]: family:1, type:1, protocol:0
[   26.920374] firmadyne: sys_socket[PID: 723 (sysevent)]: family:1, type:1, protocol:0
[   26.957827] firmadyne: sys_socket[PID: 725 (05_wl_mac_filte)]: family:1, type:1, protocol:0
[   27.009037] firmadyne: sys_socket[PID: 727 (10_bridge_firew)]: family:1, type:1, protocol:0
[   27.074106] firmadyne: sys_socket[PID: 729 (10_firewall)]: family:1, type:1, protocol:0
[   27.136232] firmadyne: sys_socket[PID: 731 (10_ipv6_firewal)]: family:1, type:1, protocol:0
[   27.204043] firmadyne: sys_socket[PID: 733 (10_mcastproxy)]: family:1, type:1, protocol:0
[   27.281271] firmadyne: sys_socket[PID: 735 (10_ntpclient)]: family:1, type:1, protocol:0
[   27.340672] firmadyne: sys_socket[PID: 737 (15_ddnsclient)]: family:1, type:1, protocol:0
[   27.400838] firmadyne: sys_socket[PID: 739 (15_dhcp_server)]: family:1, type:1, protocol:0
[   27.612431] firmadyne: sys_socket[PID: 742 (sysevent)]: family:1, type:1, protocol:0
[   27.670874] firmadyne: sys_socket[PID: 745 (sysevent)]: family:1, type:1, protocol:0
[   27.694190] firmadyne: sys_socket[PID: 746 (sysevent)]: family:1, type:1, protocol:0
[   27.745147] firmadyne: sys_socket[PID: 748 (15_dhcpv6_clien)]: family:1, type:1, protocol:0
[   27.876603] firmadyne: sys_socket[PID: 750 (15_dhcpv6_serve)]: family:1, type:1, protocol:0
[   27.989552] firmadyne: sys_socket[PID: 752 (15_dnsforwarder)]: family:1, type:1, protocol:0
[   28.041353] firmadyne: sys_socket[PID: 754 (15_http_server)]: family:1, type:1, protocol:0
[   28.126255] firmadyne: sys_socket[PID: 757 (sysevent)]: family:1, type:1, protocol:0
[   28.172360] firmadyne: sys_socket[PID: 759 (sysevent)]: family:1, type:1, protocol:0
[   28.215030] firmadyne: sys_socket[PID: 761 (sysevent)]: family:1, type:1, protocol:0
[   28.238490] firmadyne: sys_socket[PID: 762 (sysevent)]: family:1, type:1, protocol:0
[   28.282395] firmadyne: sys_socket[PID: 764 (15_igd)]: family:1, type:1, protocol:0
[   28.338348] firmadyne: sys_socket[PID: 766 (15_ipv6_ra)]: family:1, type:1, protocol:0
[   28.368357] cfg80211: Calling CRDA to update world regulatory domain
[   28.427374] firmadyne: sys_socket[PID: 769 (15_qos)]: family:1, type:1, protocol:0
[   28.514616] firmadyne: sys_socket[PID: 771 (15_ssh_server)]: family:1, type:1, protocol:0
[   28.572571] firmadyne: sys_socket[PID: 773 (20_routing)]: family:1, type:1, protocol:0
[   28.650946] firmadyne: sys_socket[PID: 775 (sysevent)]: family:1, type:1, protocol:0
[   28.696639] firmadyne: sys_socket[PID: 777 (25_crond)]: family:1, type:1, protocol:0
[   28.811296] firmadyne: sys_socket[PID: 782 (logger)]: family:1, type:2, protocol:0
[   28.832634] firmadyne: sys_socket[PID: 783 (syscfg)]: family:1, type:2, protocol:0
[   28.897321] firmadyne: sys_socket[PID: 785 (syscfg)]: family:1, type:2, protocol:0
[   28.919444] firmadyne: sys_socket[PID: 786 (sysevent)]: family:1, type:1, protocol:0
[   28.939158] firmadyne: sys_socket[PID: 787 (syscfg)]: family:1, type:2, protocol:0
[   28.980783] firmadyne: sys_socket[PID: 789 (ip)]: family:16, type:3, protocol:0
[   28.981394] firmadyne: sys_setsockopt[PID: 789 (ip)]: fd:3, level:1, optname:7
[   28.981827] firmadyne: sys_setsockopt[PID: 789 (ip)]: fd:3, level:1, optname:8
[   29.465605] firmadyne: sys_socket[PID: 823 (crond)]: family:1, type:2, protocol:0
[   29.488031] firmadyne: sys_socket[PID: 824 (sysevent)]: family:1, type:1, protocol:0
[   29.524663] firmadyne: sys_socket[PID: 826 (sysevent)]: family:1, type:1, protocol:0
[   29.564873] firmadyne: sys_socket[PID: 828 (25_nfqrecv)]: family:1, type:1, protocol:0
[   29.630211] firmadyne: sys_socket[PID: 831 (sysevent)]: family:1, type:1, protocol:0
[   29.671020] firmadyne: sys_socket[PID: 833 (sysevent)]: family:1, type:1, protocol:0
[   29.695450] firmadyne: sys_socket[PID: 834 (sysevent)]: family:1, type:1, protocol:0
[   29.733997] firmadyne: sys_socket[PID: 836 (sysevent)]: family:1, type:1, protocol:0
[   29.757818] firmadyne: sys_socket[PID: 837 (sysevent)]: family:1, type:1, protocol:0
[   29.792336] firmadyne: sys_socket[PID: 839 (27_lltd)]: family:1, type:1, protocol:0
[   29.891326] firmadyne: sys_socket[PID: 843 (sysevent)]: family:1, type:1, protocol:0
[   29.917144] firmadyne: sys_socket[PID: 844 (sysevent)]: family:1, type:1, protocol:0
[   29.938828] firmadyne: sys_socket[PID: 845 (sysevent)]: family:1, type:1, protocol:0
[   29.955750] firmadyne: sys_socket[PID: 846 (sysevent)]: family:1, type:1, protocol:0
[   29.979374] firmadyne: sys_socket[PID: 847 (sysevent)]: family:1, type:1, protocol:0
[   30.262556] firmadyne: sys_socket[PID: 867 (sysevent)]: family:1, type:1, protocol:0
[   30.309684] firmadyne: sys_socket[PID: 868 (sysevent)]: family:1, type:1, protocol:0
[   30.336971] firmadyne: sys_socket[PID: 869 (sysevent)]: family:1, type:1, protocol:0
[   30.362067] firmadyne: sys_socket[PID: 870 (sysevent)]: family:1, type:1, protocol:0
[   30.404555] firmadyne: sys_socket[PID: 872 (logger)]: family:1, type:2, protocol:0
[   30.620479] firmadyne: sys_socket[PID: 892 (sysevent)]: family:1, type:1, protocol:0
[   30.645258] firmadyne: sys_socket[PID: 893 (sysevent)]: family:1, type:1, protocol:0
[   30.670497] firmadyne: sys_socket[PID: 894 (sysevent)]: family:1, type:1, protocol:0
[   30.693973] firmadyne: sys_socket[PID: 895 (sysevent)]: family:1, type:1, protocol:0
[   30.732990] firmadyne: sys_socket[PID: 897 (logger)]: family:1, type:2, protocol:0
[   30.952848] firmadyne: sys_socket[PID: 917 (sysevent)]: family:1, type:1, protocol:0
[   30.979026] firmadyne: sys_socket[PID: 918 (sysevent)]: family:1, type:1, protocol:0
[   31.004409] firmadyne: sys_socket[PID: 919 (sysevent)]: family:1, type:1, protocol:0
[   31.029900] firmadyne: sys_socket[PID: 920 (sysevent)]: family:1, type:1, protocol:0
[   31.068705] firmadyne: sys_socket[PID: 922 (logger)]: family:1, type:2, protocol:0
[   31.280823] firmadyne: sys_socket[PID: 942 (sysevent)]: family:1, type:1, protocol:0
[   31.344763] firmadyne: sys_socket[PID: 947 (sysevent)]: family:1, type:1, protocol:0
[   31.369519] firmadyne: sys_socket[PID: 948 (sysevent)]: family:1, type:1, protocol:0
[   31.393616] firmadyne: sys_socket[PID: 949 (sysevent)]: family:1, type:1, protocol:0
[   31.428752] firmadyne: sys_socket[PID: 951 (logger)]: family:1, type:2, protocol:0
[   31.517745] cfg80211: Calling CRDA to update world regulatory domain
[   31.657165] firmadyne: sys_socket[PID: 972 (sysevent)]: family:1, type:1, protocol:0
[   31.724093] firmadyne: sys_socket[PID: 978 (sysevent)]: family:1, type:1, protocol:0
[   31.776109] firmadyne: sys_socket[PID: 983 (sysevent)]: family:1, type:1, protocol:0
[   31.801192] firmadyne: sys_socket[PID: 984 (sysevent)]: family:1, type:1, protocol:0
[   31.836541] firmadyne: sys_socket[PID: 986 (sysevent)]: family:1, type:1, protocol:0
[   31.858647] firmadyne: sys_socket[PID: 987 (sysevent)]: family:1, type:1, protocol:0
[   31.896940] firmadyne: sys_socket[PID: 989 (logger)]: family:1, type:2, protocol:0
[   32.116234] firmadyne: sys_socket[PID: 1010 (30_file_sharing)]: family:1, type:1, protocol:0
[   32.210051] firmadyne: sys_socket[PID: 1012 (30_guest_access)]: family:1, type:1, protocol:0
[   32.276098] firmadyne: sys_socket[PID: 1015 (sysevent)]: family:1, type:1, protocol:0
[   32.323977] firmadyne: sys_socket[PID: 1017 (sysevent)]: family:1, type:1, protocol:0
[   32.420755] firmadyne: sys_socket[PID: 1018 (sysevent)]: family:1, type:1, protocol:0
[   32.445195] firmadyne: sys_socket[PID: 1019 (sysevent)]: family:1, type:1, protocol:0
[   32.489750] firmadyne: sys_socket[PID: 1021 (sysevent)]: family:1, type:1, protocol:0
[   32.513501] firmadyne: sys_socket[PID: 1022 (sysevent)]: family:1, type:1, protocol:0
[   32.573412] firmadyne: sys_socket[PID: 1024 (30_mediaserver)]: family:1, type:1, protocol:0
[   32.631665] firmadyne: sys_socket[PID: 1026 (30_smbd)]: family:1, type:1, protocol:0
[   32.683806] firmadyne: sys_socket[PID: 1028 (30_vsftpd)]: family:1, type:1, protocol:0
[   32.736659] firmadyne: sys_socket[PID: 1030 (32_autofwup)]: family:1, type:1, protocol:0
[   32.838965] firmadyne: sys_socket[PID: 1033 (sysevent)]: family:1, type:1, protocol:0
[   32.921468] firmadyne: sys_socket[PID: 1035 (sysevent)]: family:1, type:1, protocol:0
[   32.992432] firmadyne: sys_socket[PID: 1037 (syscfg)]: family:1, type:2, protocol:0
[   33.004610] firmadyne: sys_socket[PID: 1036 (sysevent)]: family:1, type:1, protocol:0
[   33.085042] firmadyne: sys_socket[PID: 1040 (syscfg)]: family:1, type:2, protocol:0
[   33.113702] firmadyne: sys_socket[PID: 1039 (sysevent)]: family:1, type:1, protocol:0
[   33.186352] firmadyne: sys_socket[PID: 1042 (syscfg)]: family:1, type:2, protocol:0
[   33.212385] firmadyne: sys_socket[PID: 1043 (sysevent)]: family:1, type:1, protocol:0
[   33.271777] firmadyne: sys_socket[PID: 1045 (syscfg)]: family:1, type:2, protocol:0
[   33.278199] firmadyne: sys_socket[PID: 1046 (syscfg)]: family:1, type:2, protocol:0
[   33.358982] firmadyne: sys_socket[PID: 1047 (syscfg)]: family:1, type:2, protocol:0
[   33.414598] firmadyne: sys_socket[PID: 1052 (syscfg)]: family:1, type:2, protocol:0
[   33.488770] firmadyne: sys_socket[PID: 1056 (syscfg)]: family:1, type:2, protocol:0
[   33.545038] firmadyne: sys_socket[PID: 1058 (syscfg)]: family:1, type:2, protocol:0
[   33.636169] firmadyne: sys_socket[PID: 1060 (syscfg)]: family:1, type:2, protocol:0
[   33.776642] firmadyne: sys_socket[PID: 1064 (syscfg)]: family:1, type:2, protocol:0
[   33.806660] firmadyne: sys_socket[PID: 1065 (sysevent)]: family:1, type:1, protocol:0
[   33.864373] firmadyne: sys_socket[PID: 1067 (syscfg)]: family:1, type:2, protocol:0
nvram_get_buf: bootpartition
sem_lock: Already initialized!
sem_get: Key: 410f0436
sem_get: Key: 410f0436
nvram_get_buf: Unable to open key: /firmadyne/libnvram/bootpartition!
sh: 1: unknown operand
[   33.911642] firmadyne: sys_socket[PID: 1069 (syscfg)]: family:1, type:2, protocol:0
[   33.972640] firmadyne: sys_socket[PID: 1073 (syscfg)]: family:1, type:2, protocol:0
[   33.986751] firmadyne: sys_socket[PID: 1074 (syscfg)]: family:1, type:2, protocol:0
[   34.004671] firmadyne: sys_socket[PID: 1075 (syscfg)]: family:1, type:2, protocol:0
[   34.112586] firmadyne: sys_socket[PID: 1079 (sysevent)]: family:1, type:1, protocol:0
[   34.229886] firmadyne: sys_socket[PID: 1085 (logger)]: family:1, type:2, protocol:0
[   34.271548] firmadyne: sys_socket[PID: 1087 (33_mdnsd)]: family:1, type:1, protocol:0
[   34.330088] firmadyne: sys_socket[PID: 1089 (35_sip_alg)]: family:1, type:1, protocol:0
[   34.385548] firmadyne: sys_socket[PID: 1091 (36_ctf)]: family:1, type:1, protocol:0
[   34.509341] firmadyne: sys_socket[PID: 1093 (40_6rd_nud)]: family:1, type:1, protocol:0
[   34.562660] firmadyne: sys_socket[PID: 1095 (41_conntrack)]: family:1, type:1, protocol:0
[   34.619771] firmadyne: sys_socket[PID: 1097 (50_stunnel)]: family:1, type:1, protocol:0
[   34.667810] cfg80211: Calling CRDA to update world regulatory domain
[   34.710874] firmadyne: sys_socket[PID: 1101 (sysevent)]: family:1, type:1, protocol:0
[   34.747264] firmadyne: sys_socket[PID: 1103 (sysevent)]: family:1, type:1, protocol:0
[   34.772104] firmadyne: sys_socket[PID: 1104 (sysevent)]: family:1, type:1, protocol:0
[   34.797095] firmadyne: sys_socket[PID: 1105 (sysevent)]: family:1, type:1, protocol:0
[   34.821050] firmadyne: sys_socket[PID: 1106 (sysevent)]: family:1, type:1, protocol:0
[   34.864132] firmadyne: sys_socket[PID: 1108 (sysevent)]: family:1, type:1, protocol:0
[   34.884233] firmadyne: sys_socket[PID: 1109 (sysevent)]: family:1, type:1, protocol:0
[   34.955546] firmadyne: sys_socket[PID: 1112 (sysevent)]: family:1, type:1, protocol:0
[   34.972562] firmadyne: sys_socket[PID: 1113 (sysevent)]: family:1, type:1, protocol:0
[   34.990975] firmadyne: sys_socket[PID: 1114 (sysevent)]: family:1, type:1, protocol:0
[   35.009648] firmadyne: sys_socket[PID: 1115 (sysevent)]: family:1, type:1, protocol:0
[   35.034256] firmadyne: sys_socket[PID: 1116 (sysevent)]: family:1, type:1, protocol:0
[   35.228713] firmadyne: sys_socket[PID: 1136 (sysevent)]: family:1, type:1, protocol:0
[   35.246595] firmadyne: sys_socket[PID: 1137 (sysevent)]: family:1, type:1, protocol:0
[   35.263184] firmadyne: sys_socket[PID: 1138 (sysevent)]: family:1, type:1, protocol:0
[   35.295266] firmadyne: sys_socket[PID: 1139 (sysevent)]: family:1, type:1, protocol:0
[   35.407439] firmadyne: sys_socket[PID: 1141 (logger)]: family:1, type:2, protocol:0
[   35.631434] firmadyne: sys_socket[PID: 1161 (sysevent)]: family:1, type:1, protocol:0
[   35.657012] firmadyne: sys_socket[PID: 1162 (sysevent)]: family:1, type:1, protocol:0
[   35.683335] firmadyne: sys_socket[PID: 1163 (sysevent)]: family:1, type:1, protocol:0
[   35.705917] firmadyne: sys_socket[PID: 1164 (sysevent)]: family:1, type:1, protocol:0
[   35.742854] firmadyne: sys_socket[PID: 1166 (logger)]: family:1, type:2, protocol:0
[   35.952154] firmadyne: sys_socket[PID: 1186 (sysevent)]: family:1, type:1, protocol:0
[   35.980484] firmadyne: sys_socket[PID: 1187 (sysevent)]: family:1, type:1, protocol:0
[   36.006424] firmadyne: sys_socket[PID: 1188 (sysevent)]: family:1, type:1, protocol:0
[   36.031152] firmadyne: sys_socket[PID: 1189 (sysevent)]: family:1, type:1, protocol:0
[   36.070847] firmadyne: sys_socket[PID: 1191 (logger)]: family:1, type:2, protocol:0
[   36.260682] firmadyne: sys_socket[PID: 1211 (sysevent)]: family:1, type:1, protocol:0
[   36.324682] firmadyne: sys_socket[PID: 1216 (sysevent)]: family:1, type:1, protocol:0
[   36.347438] firmadyne: sys_socket[PID: 1217 (sysevent)]: family:1, type:1, protocol:0
[   36.370685] firmadyne: sys_socket[PID: 1218 (sysevent)]: family:1, type:1, protocol:0
[   36.410466] firmadyne: sys_socket[PID: 1220 (logger)]: family:1, type:2, protocol:0
[   36.652207] firmadyne: sys_socket[PID: 1241 (70_devidentd)]: family:1, type:1, protocol:0
[   36.764125] firmadyne: sys_socket[PID: 1244 (sysevent)]: family:1, type:1, protocol:0
[   36.808702] firmadyne: sys_socket[PID: 1246 (sysevent)]: family:1, type:1, protocol:0
[   36.832283] firmadyne: sys_socket[PID: 1247 (sysevent)]: family:1, type:1, protocol:0
[   36.858223] firmadyne: sys_socket[PID: 1248 (sysevent)]: family:1, type:1, protocol:0
[   36.882528] firmadyne: sys_socket[PID: 1249 (sysevent)]: family:1, type:1, protocol:0
[   36.905897] firmadyne: sys_socket[PID: 1250 (sysevent)]: family:1, type:1, protocol:0
[   36.949638] firmadyne: sys_socket[PID: 1252 (sysevent)]: family:1, type:1, protocol:0
[   36.973938] firmadyne: sys_socket[PID: 1253 (sysevent)]: family:1, type:1, protocol:0
[   37.017237] firmadyne: sys_socket[PID: 1255 (71_glsm)]: family:1, type:1, protocol:0
[   37.073559] firmadyne: sys_socket[PID: 1257 (75_jnap_side_ef)]: family:1, type:1, protocol:0
[   37.154319] firmadyne: sys_socket[PID: 1259 (80_redirector)]: family:1, type:1, protocol:0
[   37.218925] firmadyne: sys_socket[PID: 1261 (80_xrac)]: family:1, type:1, protocol:0
[   37.288328] firmadyne: sys_socket[PID: 1263 (90_guardian)]: family:1, type:1, protocol:0
[   37.362237] firmadyne: sys_socket[PID: 1266 (sysevent)]: family:1, type:1, protocol:0
[   37.388402] firmadyne: sys_socket[PID: 1267 (sysevent)]: family:1, type:1, protocol:0
[   37.410502] firmadyne: sys_socket[PID: 1268 (sysevent)]: family:1, type:1, protocol:0
[   37.436443] firmadyne: sys_socket[PID: 1269 (sysevent)]: family:1, type:1, protocol:0
[   37.453289] firmadyne: sys_socket[PID: 1270 (sysevent)]: family:1, type:1, protocol:0
[   37.644708] firmadyne: sys_socket[PID: 1290 (sysevent)]: family:1, type:1, protocol:0
[   37.662723] firmadyne: sys_socket[PID: 1291 (sysevent)]: family:1, type:1, protocol:0
[   37.688580] firmadyne: sys_socket[PID: 1292 (sysevent)]: family:1, type:1, protocol:0
[   37.726403] firmadyne: sys_socket[PID: 1293 (sysevent)]: family:1, type:1, protocol:0
[   37.818383] cfg80211: Exceeded CRDA call max attempts. Not calling CRDA
[   37.841558] firmadyne: sys_socket[PID: 1295 (logger)]: family:1, type:2, protocol:0
[   38.070405] firmadyne: sys_socket[PID: 1315 (sysevent)]: family:1, type:1, protocol:0
[   38.096487] firmadyne: sys_socket[PID: 1316 (sysevent)]: family:1, type:1, protocol:0
[   38.123779] firmadyne: sys_socket[PID: 1317 (sysevent)]: family:1, type:1, protocol:0
[   38.148661] firmadyne: sys_socket[PID: 1318 (sysevent)]: family:1, type:1, protocol:0
[   38.190602] firmadyne: sys_socket[PID: 1320 (logger)]: family:1, type:2, protocol:0
[   38.413849] firmadyne: sys_socket[PID: 1340 (sysevent)]: family:1, type:1, protocol:0
[   38.439788] firmadyne: sys_socket[PID: 1341 (sysevent)]: family:1, type:1, protocol:0
[   38.461427] firmadyne: sys_socket[PID: 1342 (sysevent)]: family:1, type:1, protocol:0
[   38.486157] firmadyne: sys_socket[PID: 1343 (sysevent)]: family:1, type:1, protocol:0
[   38.526631] firmadyne: sys_socket[PID: 1345 (logger)]: family:1, type:2, protocol:0
[   38.723947] firmadyne: sys_socket[PID: 1365 (sysevent)]: family:1, type:1, protocol:0
[   38.790852] firmadyne: sys_socket[PID: 1370 (sysevent)]: family:1, type:1, protocol:0
[   38.816603] firmadyne: sys_socket[PID: 1371 (sysevent)]: family:1, type:1, protocol:0
[   38.832756] firmadyne: sys_socket[PID: 1372 (sysevent)]: family:1, type:1, protocol:0
[   38.848038] firmadyne: sys_socket[PID: 1373 (sysevent)]: family:1, type:1, protocol:0
[   38.888607] firmadyne: sys_socket[PID: 1375 (logger)]: family:1, type:2, protocol:0
[   39.094799] firmadyne: sys_socket[PID: 1395 (sysevent)]: family:1, type:1, protocol:0
[   39.195454] firmadyne: sys_socket[PID: 1401 (sysevent)]: family:1, type:1, protocol:0
[   39.264020] firmadyne: sys_socket[PID: 1406 (sysevent)]: family:1, type:1, protocol:0
[   39.289248] firmadyne: sys_socket[PID: 1407 (sysevent)]: family:1, type:1, protocol:0
[   39.314201] firmadyne: sys_socket[PID: 1408 (sysevent)]: family:1, type:1, protocol:0
[   39.358528] firmadyne: sys_socket[PID: 1410 (sysevent)]: family:1, type:1, protocol:0
[   39.383733] firmadyne: sys_socket[PID: 1411 (sysevent)]: family:1, type:1, protocol:0
[   39.424769] firmadyne: sys_socket[PID: 1413 (logger)]: family:1, type:2, protocol:0
[   39.656042] firmadyne: sys_socket[PID: 1434 (91_wifi_log_cou)]: family:1, type:1, protocol:0
nvram_set: partialboots = "1"
sem_lock: Already initialized!
sem_get: Key: 410f0436
sem_get: Key: 410f0436
sem_lock: Already initialized!
sem_get: Key: 410f0436
sem_get: Key: 410f0436
[   39.828381] firmadyne: sys_socket[PID: 1441 (init)]: family:1, type:2, protocol:0
[   39.837924] firmadyne: sys_socket[PID: 1442 (init)]: family:1, type:2, protocol:0
[   39.890758] firmadyne: sys_socket[PID: 1443 (sysevent)]: family:1, type:1, protocol:0
[   40.173269] firmadyne: sys_socket[PID: 1445 (sysevent)]: family:1, type:1, protocol:0
[   40.238958] firmadyne: sys_socket[PID: 1446 (logger)]: family:1, type:2, protocol:0
[   40.299241] firmadyne: sys_socket[PID: 1447 (sysevent)]: family:1, type:1, protocol:0
[   40.395983] firmadyne: sys_socket[PID: 1449 (logger)]: family:1, type:2, protocol:0
[   40.452710] firmadyne: sys_socket[PID: 1450 (sysevent)]: family:1, type:1, protocol:0
[   40.509536] firmadyne: sys_socket[PID: 1451 (sysevent)]: family:1, type:1, protocol:0
[   40.573737] firmadyne: sys_socket[PID: 1452 (utctx_cmd)]: family:1, type:2, protocol:0
Sat Jul 28 17:10:00 EDT 2012
[   40.688734] firmadyne: sys_socket[PID: 1454 (sysevent)]: family:1, type:1, protocol:0
[   40.839873] firmadyne: sys_socket[PID: 1456 (sysevent)]: family:1, type:1, protocol:0

(none) login: [   40.958356] firmadyne: sys_socket[PID: 1459 (syscfg)]: family:1, type:2, protocol:0
[   41.091419] firmadyne: sys_socket[PID: 1460 (utctx_cmd)]: family:1, type:2, protocol:0
[   41.172191] firmadyne: sys_socket[PID: 1462 (sysevent)]: family:1, type:1, protocol:0
[   41.177965] firmadyne: sys_socket[PID: 1461 (sysevent)]: family:1, type:1, protocol:0
[   41.395478] firmadyne: sys_socket[PID: 1464 (logger)]: family:1, type:2, protocol:0
[   41.477303] firmadyne: sys_socket[PID: 1466 (sysevent)]: family:1, type:1, protocol:0
[   41.603320] firmadyne: sys_socket[PID: 1469 (et)]: family:2, type:2, protocol:0
[   41.635340] firmadyne: sys_socket[PID: 1467 (logger)]: family:1, type:2, protocol:0
[   41.686287] firmadyne: sys_socket[PID: 1468 (sysevent)]: family:1, type:1, protocol:0
et interface not found
[   41.814953] firmadyne: sys_socket[PID: 1472 (et)]: family:2, type:2, protocol:0
[   41.872959] firmadyne: sys_socket[PID: 1471 (logger)]: family:1, type:2, protocol:0
et interface not found
[   42.124370] firmadyne: sys_socket[PID: 1475 (logger)]: family:1, type:2, protocol:0
[   42.158724] firmadyne: sys_socket[PID: 1477 (logger)]: family:1, type:2, protocol:0
[   42.269032] firmadyne: sys_socket[PID: 1478 (sysevent)]: family:1, type:1, protocol:0
[   42.422434] firmadyne: sys_socket[PID: 1480 (sysevent)]: family:1, type:1, protocol:0
[   42.576128] firmadyne: sys_socket[PID: 1481 (utctx_cmd)]: family:1, type:2, protocol:0
[   42.725050] firmadyne: sys_socket[PID: 1483 (sysevent)]: family:1, type:1, protocol:0
[   42.831380] firmadyne: sys_socket[PID: 1485 (linkmgr)]: family:1, type:1, protocol:0
[   42.862570] firmadyne: sys_socket[PID: 1485 (linkmgr)]: family:1, type:2, protocol:0
[   42.903460] firmadyne: sys_socket[PID: 1486 (sysevent)]: family:1, type:1, protocol:0
[   42.983573] firmadyne: sys_socket[PID: 1487 (logger)]: family:1, type:2, protocol:0
[   43.040940] firmadyne: sys_socket[PID: 1488 (sysevent)]: family:1, type:1, protocol:0
[   43.087164] firmadyne: sys_socket[PID: 1489 (sysevent)]: family:1, type:1, protocol:0
[   43.186399] firmadyne: sys_socket[PID: 1493 (brctl)]: family:1, type:1, protocol:0
[   43.453287] firmadyne: sys_socket[PID: 1497 (logger)]: family:1, type:2, protocol:0
[   43.565908] firmadyne: sys_socket[PID: 1499 (sysevent)]: family:1, type:1, protocol:0
[   43.637648] firmadyne: sys_socket[PID: 1500 (logger)]: family:1, type:2, protocol:0
[   43.707780] firmadyne: sys_socket[PID: 1502 (sysevent)]: family:1, type:1, protocol:0
[   43.768870] firmadyne: sys_socket[PID: 1503 (utctx_cmd)]: family:1, type:2, protocol:0
[   43.979043] firmadyne: sys_socket[PID: 1505 (syscfg)]: family:1, type:2, protocol:0
[   44.089313] firmadyne: sys_socket[PID: 1506 (logger)]: family:1, type:2, protocol:0
[   44.219277] firmadyne: sys_socket[PID: 1507 (sysevent)]: family:1, type:1, protocol:0
[   44.343679] firmadyne: sys_socket[PID: 1508 (sysevent)]: family:1, type:1, protocol:0
[   44.632499] firmadyne: sys_socket[PID: 1512 (sysevent)]: family:1, type:1, protocol:0
[   44.723651] firmadyne: sys_socket[PID: 1513 (logger)]: family:1, type:2, protocol:0
[   44.883118] firmadyne: sys_socket[PID: 1514 (syscfg)]: family:1, type:2, protocol:0
[   45.023165] firmadyne: sys_socket[PID: 1515 (logger)]: family:1, type:2, protocol:0
[   45.039986] firmadyne: sys_socket[PID: 1485 (linkmgr)]: family:2, type:2, protocol:0
[   45.135197] firmadyne: sys_socket[PID: 1517 (logger)]: family:1, type:2, protocol:0
[   45.200300] firmadyne: sys_socket[PID: 1518 (sysevent)]: family:1, type:1, protocol:0
[   45.336777] firmadyne: sys_socket[PID: 1521 (syscfg)]: family:1, type:2, protocol:0
[   45.541611] firmadyne: sys_socket[PID: 1519 (sysevent)]: family:1, type:1, protocol:0
[   45.613703] firmadyne: sys_socket[PID: 1522 (logger)]: family:1, type:2, protocol:0
[   45.769478] firmadyne: sys_socket[PID: 1526 (sysevent)]: family:1, type:1, protocol:0
[   45.778392] firmadyne: sys_socket[PID: 1525 (logger)]: family:1, type:2, protocol:0
[   45.779858] firmadyne: sys_socket[PID: 1524 (utctx_cmd)]: family:1, type:2, protocol:0
[   45.819347] firmadyne: sys_socket[PID: 1527 (sysevent)]: family:1, type:1, protocol:0
[   45.895458] firmadyne: sys_socket[PID: 1529 (syscfg)]: family:1, type:2, protocol:0
[   45.916373] firmadyne: sys_socket[PID: 1528 (syscfg)]: family:1, type:2, protocol:0
[   46.180968] firmadyne: sys_socket[PID: 1532 (ipv6_firewall)]: family:1, type:2, protocol:0
[   46.214914] firmadyne: sys_socket[PID: 1531 (ipv4_firewall)]: family:1, type:2, protocol:0
[   46.221832] firmadyne: sys_socket[PID: 1534 (sysevent)]: family:1, type:1, protocol:0
[   46.260411] firmadyne: sys_socket[PID: 1530 (bridge_firewall)]: family:1, type:2, protocol:0
[   46.379613] firmadyne: sys_socket[PID: 1530 (bridge_firewall)]: family:1, type:1, protocol:0
[   46.427681] firmadyne: sys_socket[PID: 1532 (ipv6_firewall)]: family:1, type:1, protocol:0
[   46.475863] firmadyne: sys_socket[PID: 1531 (ipv4_firewall)]: family:1, type:1, protocol:0
[   46.542806] firmadyne: sys_socket[PID: 1538 (utctx_cmd)]: family:1, type:2, protocol:0
[   46.575206] firmadyne: sys_socket[PID: 1537 (logger)]: family:1, type:2, protocol:0
[   46.892610] firmadyne: sys_socket[PID: 1539 (logger)]: family:1, type:2, protocol:0
[   47.014409] firmadyne: sys_socket[PID: 1540 (logger)]: family:1, type:2, protocol:0
[   47.055526] firmadyne: sys_socket[PID: 1485 (linkmgr)]: family:2, type:2, protocol:0
[   47.255313] firmadyne: sys_socket[PID: 1544 (sysevent)]: family:1, type:1, protocol:0
[   47.383266] firmadyne: sys_socket[PID: 1545 (utctx_cmd)]: family:1, type:2, protocol:0
[   47.569857] firmadyne: sys_socket[PID: 1546 (sysevent)]: family:1, type:1, protocol:0
[   47.682106] firmadyne: sys_socket[PID: 1547 (sysevent)]: family:1, type:1, protocol:0
[   47.905585] firmadyne: sys_socket[PID: 1551 (sysevent)]: family:1, type:1, protocol:0
[   47.960566] firmadyne: sys_socket[PID: 1554 (sysevent)]: family:1, type:1, protocol:0
[   48.015999] firmadyne: sys_socket[PID: 1550 (ip6tables-resto)]: family:10, type:3, protocol:255
[   48.273026] firmadyne: sys_setsockopt[PID: 1550 (ip6tables-resto)]: fd:3, level:41, optname:64
[   48.275771] firmadyne: sys_setsockopt[PID: 1550 (ip6tables-resto)]: fd:3, level:41, optname:65
[   48.357506] firmadyne: sys_socket[PID: 1550 (ip6tables-resto)]: family:10, type:3, protocol:255
[   48.511693] firmadyne: sys_socket[PID: 1562 (sysevent)]: family:1, type:1, protocol:0
[   48.730998] firmadyne: sys_socket[PID: 1567 (logger)]: family:1, type:2, protocol:0
[   48.812467] firmadyne: sys_socket[PID: 1570 (utctx_cmd)]: family:1, type:2, protocol:0
[   49.160503] firmadyne: sys_socket[PID: 1485 (linkmgr)]: family:2, type:2, protocol:0
[   49.271390] firmadyne: sys_socket[PID: 1578 (logger)]: family:1, type:2, protocol:0
[   49.345999] firmadyne: sys_socket[PID: 1579 (sysevent)]: family:1, type:1, protocol:0
[   49.624003] firmadyne: sys_socket[PID: 1586 (sysevent)]: family:1, type:1, protocol:0
[   49.644531] firmadyne: sys_socket[PID: 1542 (ebtables)]: family:2, type:3, protocol:2
[   49.711807] firmadyne: sys_socket[PID: 1590 (syscfg)]: family:1, type:2, protocol:0
[   49.734113] firmadyne: sys_socket[PID: 1587 (iptables-restor)]: family:2, type:3, protocol:255
[   49.760667] firmadyne: sys_setsockopt[PID: 1542 (ebtables)]: fd:3, level:0, optname:128
[   49.874543] firmadyne: sys_socket[PID: 1591 (sysevent)]: family:1, type:1, protocol:0
[   49.931644] firmadyne: sys_setsockopt[PID: 1587 (iptables-restor)]: fd:3, level:0, optname:64
[   49.946466] firmadyne: sys_setsockopt[PID: 1587 (iptables-restor)]: fd:3, level:0, optname:65
[   49.965184] firmadyne: sys_socket[PID: 1587 (iptables-restor)]: family:2, type:3, protocol:255
[   49.986068] firmadyne: sys_setsockopt[PID: 1587 (iptables-restor)]: fd:3, level:0, optname:64
[   49.986547] firmadyne: sys_setsockopt[PID: 1587 (iptables-restor)]: fd:3, level:0, optname:65
[   50.048179] firmadyne: sys_socket[PID: 1587 (iptables-restor)]: family:2, type:3, protocol:255
[   50.062584] firmadyne: sys_socket[PID: 1596 (sysevent)]: family:1, type:1, protocol:0
[   50.152306] firmadyne: sys_socket[PID: 1599 (syscfg)]: family:1, type:2, protocol:0
[   50.170674] firmadyne: sys_setsockopt[PID: 1550 (ip6tables-resto)]: fd:3, level:41, optname:64
[   51.162249] firmadyne: sys_socket[PID: 1485 (linkmgr)]: family:2, type:2, protocol:0
[   51.164670] firmadyne: sys_socket[PID: 1600 (syscfg)]: family:1, type:2, protocol:0
[   51.236026] firmadyne: sys_socket[PID: 1587 (iptables-restor)]: family:2, type:3, protocol:255
[   51.422298] firmadyne: sys_socket[PID: 1608 (syscfg)]: family:1, type:2, protocol:0
[   51.529935] firmadyne: sys_socket[PID: 1603 (ebtables)]: family:2, type:3, protocol:2
[   51.532164] firmadyne: sys_setsockopt[PID: 1603 (ebtables)]: fd:3, level:0, optname:128
[   51.553383] firmadyne: sys_socket[PID: 1612 (syscfg)]: family:1, type:2, protocol:0
[   51.684097] firmadyne: sys_socket[PID: 1609 (utctx_cmd)]: family:1, type:2, protocol:0
[   51.700404] firmadyne: sys_socket[PID: 1611 (brctl)]: family:1, type:1, protocol:0
[   51.746121] firmadyne: sys_socket[PID: 1604 (sysevent)]: family:1, type:1, protocol:0
[   51.834137] firmadyne: sys_socket[PID: 1614 (syscfg)]: family:1, type:2, protocol:0
[   51.936174] firmadyne: sys_socket[PID: 1617 (syscfg)]: family:1, type:2, protocol:0
[   52.190113] firmadyne: sys_socket[PID: 1616 (brctl)]: family:1, type:1, protocol:0
[   52.354090] firmadyne: sys_socket[PID: 1620 (syscfg)]: family:1, type:2, protocol:0
[   52.420036] firmadyne: sys_socket[PID: 1618 (sysevent)]: family:1, type:1, protocol:0
[   52.431744] firmadyne: sys_socket[PID: 1619 (utctx_cmd)]: family:1, type:2, protocol:0
[   52.445572] firmadyne: sys_socket[PID: 1621 (sysevent)]: family:1, type:1, protocol:0
[   52.614057] firmadyne: sys_socket[PID: 1623 (syscfg)]: family:1, type:2, protocol:0
[   52.632162] firmadyne: sys_socket[PID: 1615 (ebtables)]: family:2, type:3, protocol:2
[   52.634360] firmadyne: sys_setsockopt[PID: 1615 (ebtables)]: fd:3, level:0, optname:128
[   52.753973] firmadyne: sys_socket[PID: 1624 (sysevent)]: family:1, type:1, protocol:0
[   52.994506] firmadyne: sys_socket[PID: 1629 (ip)]: family:16, type:3, protocol:0
[   52.996903] firmadyne: sys_setsockopt[PID: 1629 (ip)]: fd:3, level:1, optname:7
[   53.017819] firmadyne: sys_setsockopt[PID: 1629 (ip)]: fd:3, level:1, optname:8
[   53.089531] firmadyne: sys_socket[PID: 1628 (syscfg)]: family:1, type:2, protocol:0
[   53.146064] firmadyne: sys_socket[PID: 1630 (logger)]: family:1, type:2, protocol:0
[   53.164027] firmadyne: sys_socket[PID: 1485 (linkmgr)]: family:2, type:2, protocol:0
[   53.413974] firmadyne: sys_socket[PID: 1634 (ip)]: family:16, type:3, protocol:0
[   53.414318] firmadyne: sys_setsockopt[PID: 1634 (ip)]: fd:3, level:1, optname:7
[   53.414543] firmadyne: sys_setsockopt[PID: 1634 (ip)]: fd:3, level:1, optname:8
[   53.463695] firmadyne: sys_socket[PID: 1631 (sysevent)]: family:1, type:1, protocol:0
[   53.555589] firmadyne: sys_socket[PID: 1632 (syscfg)]: family:1, type:2, protocol:0
[   53.636184] firmadyne: sys_socket[PID: 1636 (brctl)]: family:1, type:1, protocol:0
[   53.636646] firmadyne: sys_socket[PID: 1636 (brctl)]: family:10, type:2, protocol:0
[   53.771968] firmadyne: br_add_if[PID: 1636 (brctl)]: br:br0 dev:vlan1
[   53.775888] device vlan1 entered promiscuous mode
[   53.776132] device eth0 entered promiscuous mode
[   53.812325] firmadyne: sys_socket[PID: 1637 (syscfg)]: family:1, type:2, protocol:0
[   53.843633] firmadyne: sys_socket[PID: 1633 (ebtables)]: family:2, type:3, protocol:2
[   53.949964] firmadyne: sys_socket[PID: 1635 (sysevent)]: family:1, type:1, protocol:0
[   53.982481] firmadyne: sys_setsockopt[PID: 1633 (ebtables)]: fd:3, level:0, optname:128
[   53.983735] firmadyne: sys_setsockopt[PID: 1633 (ebtables)]: fd:3, level:0, optname:129
[   54.165550] firmadyne: sys_socket[PID: 1639 (syscfg)]: family:1, type:2, protocol:0
[   54.169574] firmadyne: sys_socket[PID: 1638 (sysevent)]: family:1, type:1, protocol:0
[   54.468353] firmadyne: sys_socket[PID: 1644 (syscfg)]: family:1, type:2, protocol:0
[   54.490997] firmadyne: sys_socket[PID: 1640 (sysevent)]: family:1, type:1, protocol:0
[   54.516425] firmadyne: sys_socket[PID: 1645 (sysevent)]: family:1, type:1, protocol:0
[   54.541044] firmadyne: sys_socket[PID: 1643 (logger)]: family:1, type:2, protocol:0
[   54.690087] firmadyne: sys_socket[PID: 1641 (sysevent)]: family:1, type:1, protocol:0
[   54.903962] firmadyne: sys_socket[PID: 1647 (syscfg)]: family:1, type:2, protocol:0
[   54.998091] firmadyne: sys_socket[PID: 1649 (syscfg)]: family:1, type:2, protocol:0
[   55.165861] firmadyne: sys_socket[PID: 1485 (linkmgr)]: family:2, type:2, protocol:0
[   55.180535] firmadyne: sys_socket[PID: 1646 (ebtables)]: family:2, type:3, protocol:2
[   55.196929] firmadyne: sys_socket[PID: 1653 (syscfg)]: family:1, type:2, protocol:0
[   55.233112] firmadyne: sys_socket[PID: 1648 (sysevent)]: family:1, type:1, protocol:0
[   55.281251] firmadyne: sys_setsockopt[PID: 1646 (ebtables)]: fd:3, level:0, optname:128
[   55.282305] firmadyne: sys_setsockopt[PID: 1646 (ebtables)]: fd:3, level:0, optname:129
[   55.306611] firmadyne: sys_socket[PID: 1655 (syscfg)]: family:1, type:2, protocol:0
[   55.321685] firmadyne: sys_socket[PID: 1652 (sysevent)]: family:1, type:1, protocol:0
[   55.469562] firmadyne: sys_socket[PID: 1651 (logger)]: family:1, type:2, protocol:0
[   55.583873] firmadyne: sys_socket[PID: 1658 (sysevent)]: family:1, type:1, protocol:0
[   55.740034] firmadyne: sys_socket[PID: 1659 (utctx_cmd)]: family:1, type:2, protocol:0
[   56.004109] firmadyne: sys_socket[PID: 1660 (syscfg)]: family:1, type:2, protocol:0
[   56.175869] firmadyne: sys_socket[PID: 1664 (sysevent)]: family:1, type:1, protocol:0
[   56.187573] firmadyne: sys_socket[PID: 1657 (syscfg)]: family:1, type:2, protocol:0
[   56.229387] firmadyne: sys_socket[PID: 1663 (sysevent)]: family:1, type:1, protocol:0
[   56.394183] firmadyne: sys_socket[PID: 1668 (syscfg)]: family:1, type:2, protocol:0
[   56.429688] firmadyne: sys_socket[PID: 1665 (syscfg)]: family:1, type:2, protocol:0
[   56.705661] firmadyne: sys_socket[PID: 1669 (sysevent)]: family:1, type:1, protocol:0
[   56.931146] firmadyne: sys_socket[PID: 1661 (ebtables)]: family:2, type:3, protocol:2
[   56.942170] firmadyne: sys_socket[PID: 1666 (utctx_cmd)]: family:1, type:2, protocol:0
[   57.081038] firmadyne: sys_setsockopt[PID: 1661 (ebtables)]: fd:3, level:0, optname:128
[   57.083583] firmadyne: sys_setsockopt[PID: 1661 (ebtables)]: fd:3, level:0, optname:129
[   57.107959] firmadyne: sys_socket[PID: 1673 (syscfg)]: family:1, type:2, protocol:0
[   57.168908] firmadyne: sys_socket[PID: 1485 (linkmgr)]: family:2, type:2, protocol:0
[   57.193799] firmadyne: sys_socket[PID: 1672 (logger)]: family:1, type:2, protocol:0
[   57.495548] firmadyne: sys_socket[PID: 1678 (sysevent)]: family:1, type:1, protocol:0
[   57.504157] firmadyne: sys_socket[PID: 1676 (syscfg)]: family:1, type:2, protocol:0
[   57.773956] firmadyne: sys_socket[PID: 1680 (sysevent)]: family:1, type:1, protocol:0
[   57.902536] firmadyne: sys_socket[PID: 1677 (logger)]: family:1, type:2, protocol:0
[   58.036651] firmadyne: sys_socket[PID: 1682 (syscfg)]: family:1, type:2, protocol:0
[   58.066006] firmadyne: sys_socket[PID: 1684 (sysevent)]: family:1, type:1, protocol:0
[   58.116229] firmadyne: sys_socket[PID: 1683 (syscfg)]: family:1, type:2, protocol:0
[   58.361893] firmadyne: sys_socket[PID: 1687 (syscfg)]: family:1, type:2, protocol:0
Starting firmware emulation... use Ctrl-a + x to exit
qemu-system-arm: terminating on signal 2 from pid 80266 (timeout)
[    0.000000] Booting Linux on physical CPU 0x0
[    0.000000] Linux version 4.1.17+ (vagrant@vagrant-ubuntu-trusty-64) (gcc version 5.3.0 (GCC) ) #1 Thu Feb 18 01:05:21 UTC 2016
[    0.000000] CPU: ARMv7 Processor [412fc0f1] revision 1 (ARMv7), cr=10c5387d
[    0.000000] CPU: PIPT / VIPT nonaliasing data cache, PIPT instruction cache
[    0.000000] Machine model: linux,dummy-virt
[    0.000000] debug: ignoring loglevel setting.
[    0.000000] Memory policy: Data cache writeback
[    0.000000] On node 0 totalpages: 65536
[    0.000000] free_area_init_node: node 0, pgdat c061dfe8, node_mem_map cfdf9000
[    0.000000]   Normal zone: 512 pages used for memmap
[    0.000000]   Normal zone: 0 pages reserved
[    0.000000]   Normal zone: 65536 pages, LIFO batch:15
[    0.000000] psci: probing for conduit method from DT.
[    0.000000] psci: PSCIv0.2 detected in firmware.
[    0.000000] psci: Using standard PSCI v0.2 function IDs
[    0.000000] CPU: All CPU(s) started in SVC mode.
[    0.000000] pcpu-alloc: s0 r0 d32768 u32768 alloc=1*32768
[    0.000000] pcpu-alloc: [0] 0 
[    0.000000] Built 1 zonelists in Zone order, mobility grouping on.  Total pages: 65024
[    0.000000] Kernel command line: root=/dev/vda1 console=ttyS0 nandsim.parts=64,64,64,64,64,64,64,64,64,64 rdinit=/firmadyne/preInit.sh rw debug ignore_loglevel print-fatal-signals=1 user_debug=31 firmadyne.syscall=0
[    0.000000] PID hash table entries: 1024 (order: 0, 4096 bytes)
[    0.000000] Dentry cache hash table entries: 32768 (order: 5, 131072 bytes)
[    0.000000] Inode-cache hash table entries: 16384 (order: 4, 65536 bytes)
[    0.000000] Memory: 253340K/262144K available (4297K kernel code, 170K rwdata, 1584K rodata, 180K init, 148K bss, 8804K reserved, 0K cma-reserved)
[    0.000000] Virtual kernel memory layout:
[    0.000000]     vector  : 0xffff0000 - 0xffff1000   (   4 kB)
[    0.000000]     fixmap  : 0xffc00000 - 0xfff00000   (3072 kB)
[    0.000000]     vmalloc : 0xd0800000 - 0xff000000   ( 744 MB)
[    0.000000]     lowmem  : 0xc0000000 - 0xd0000000   ( 256 MB)
[    0.000000]     modules : 0xbf000000 - 0xc0000000   (  16 MB)
[    0.000000]       .text : 0xc0008000 - 0xc05c67bc   (5882 kB)
[    0.000000]       .init : 0xc05c7000 - 0xc05f4000   ( 180 kB)
[    0.000000]       .data : 0xc05f4000 - 0xc061e840   ( 171 kB)
[    0.000000]        .bss : 0xc0621000 - 0xc06462d4   ( 149 kB)
[    0.000000] NR_IRQS:16 nr_irqs:16 16
[    0.000000] Architected cp15 timer(s) running at 62.50MHz (virt).
[    0.000000] clocksource arch_sys_counter: mask: 0xffffffffffffff max_cycles: 0x1cd42e208c, max_idle_ns: 881590405314 ns
[    0.000158] sched_clock: 56 bits at 62MHz, resolution 16ns, wraps every 4398046511096ns
[    0.000303] Switching to timer-based delay loop, resolution 16ns
[    0.003478] Console: colour dummy device 80x30
[    0.003814] Calibrating delay loop (skipped), value calculated using timer frequency.. 125.00 BogoMIPS (lpj=625000)
[    0.003951] pid_max: default: 32768 minimum: 301
[    0.004853] Mount-cache hash table entries: 1024 (order: 0, 4096 bytes)
[    0.004908] Mountpoint-cache hash table entries: 1024 (order: 0, 4096 bytes)
[    0.015531] CPU: Testing write buffer coherency: ok
[    1.057944] Setting up static identity map for 0x40008240 - 0x40008298
[    1.074005] VFP support v0.3: implementor 41 architecture 4 part 30 variant f rev 0
[    1.086639] clocksource jiffies: mask: 0xffffffff max_cycles: 0xffffffff, max_idle_ns: 19112604462750000 ns
[    1.334035] NET: Registered protocol family 16
[    1.337302] DMA: preallocated 256 KiB pool for atomic coherent allocations
[    1.341637] cpuidle: using governor ladder
[    1.341812] cpuidle: using governor menu
[    1.362907] Serial: AMBA PL011 UART driver
[    1.365248] 9000000.pl011: ttyS0 at MMIO 0x9000000 (irq = 54, base_baud = 0) is a PL011 rev1
[    1.373012] console [ttyS0] enabled
[    1.396224] vgaarb: loaded
[    1.397777] SCSI subsystem initialized
[    1.398855] usbcore: registered new interface driver usbfs
[    1.399234] usbcore: registered new interface driver hub
[    1.399573] usbcore: registered new device driver usb
[    1.436988] cfg80211: Calling CRDA to update world regulatory domain
[    1.439313] Switched to clocksource arch_sys_counter
[    1.457329] NET: Registered protocol family 2
[    1.462769] TCP established hash table entries: 2048 (order: 1, 8192 bytes)
[    1.463046] TCP bind hash table entries: 2048 (order: 1, 8192 bytes)
[    1.463352] TCP: Hash tables configured (established 2048 bind 2048)
[    1.463898] UDP hash table entries: 256 (order: 0, 4096 bytes)
[    1.464148] UDP-Lite hash table entries: 256 (order: 0, 4096 bytes)
[    1.465653] NET: Registered protocol family 1
