>> Database Image ID: 86

/home/zhumengfan/firmware/firmwares/39bb3653716d9bc91bbebd2d7d3b49ffeabdbb2a.ZIP
>> MD5: 7873c78d0280e7d04854fd575874600e
>> Tag: 86
>> Temp: /tmp/tmpICdpiZ
>> Status: Kernel: True, Rootfs: False, Do_Kernel: False,                 Do_Rootfs: True
>>>> Zip archive data, at least v2.0 to extract, compressed size: 13089093, uncompressed size: 13136020, name: DIR880A1_FW101b09_e6ck.bin
>> Recursing into archive ...
	
/tmp/tmpICdpiZ/_39bb3653716d9bc91bbebd2d7d3b49ffeabdbb2a.ZIP.extracted/DIR880A1_FW101b09_e6ck.bin
	>> MD5: 3e62978872803f7a07bcc3843b5a867b
	>> Tag: 86
	>> Temp: /tmp/tmpUdsevK
	>> Status: Kernel: True, Rootfs: False, Do_Kernel: False,                 Do_Rootfs: True
	>>>> Squashfs filesystem, little endian, version 4.0, compression:xz, size: 11299050 bytes, 2517 inodes, blocksize: 131072 bytes, created: 2014-06-12 12:31:17
	>>>> Found Linux filesystem in /tmp/tmpUdsevK/_DIR880A1_FW101b09_e6ck.bin.extracted/squashfs-root!
	>> Skipping: completed!
	>> Cleaning up /tmp/tmpUdsevK...
>> Skipping: completed!
>> Cleaning up /tmp/tmpICdpiZ...
./bin/busybox: armel
Querying database for architecture... armel
----Running----
----Copying Filesystem Tarball----
----Creating QEMU Image----
Formatting '/home/zhumengfan/firmadyne//scratch//86//image.raw', fmt=raw size=1073741824
----Creating Partition Table----

Welcome to fdisk (util-linux 2.27.1).
Changes will remain in memory only, until you decide to write them.
Be careful before using the write command.

Device does not contain a recognized partition table.
Created a new DOS disklabel with disk identifier 0x0b44d9ca.

Command (m for help): Created a new DOS disklabel with disk identifier 0xc3893fbc.

Command (m for help): Partition type
   p   primary (0 primary, 0 extended, 4 free)
   e   extended (container for logical partitions)
Select (default p): Partition number (1-4, default 1): First sector (2048-2097151, default 2048): Last sector, +sectors or +size{K,M,G,T,P} (2048-2097151, default 2097151): 
Created a new partition 1 of type 'Linux' and of size 1023 MiB.

Command (m for help): The partition table has been altered.
Syncing disks.

----Mounting QEMU Image----
add map loop0p1 (252:0): 0 2095104 linear 7:0 2048
----Creating Filesystem----
mke2fs 1.42.13 (17-May-2015)
Discarding device blocks:   4096/261888             done                            
Creating filesystem with 261888 4k blocks and 65536 inodes
Filesystem UUID: 73a6cdfb-fde6-458c-bfc1-4d019ac589d6
Superblock backups stored on blocks: 
	32768, 98304, 163840, 229376

Allocating group tables: 0/8   done                            
Writing inode tables: 0/8   done                            
Writing superblocks and filesystem accounting information: 0/8   done

----Making QEMU Image Mountpoint----
----Mounting QEMU Image Partition 1----
----Extracting Filesystem Tarball----
----Creating FIRMADYNE Directories----
----Patching Filesystem (chroot)----
Creating /etc/TZ!
Creating /etc/hosts!
Creating /etc/passwd!
Warning: Recreating device nodes!
Removing /etc/scripts/sys_resetbutton!
----Setting up FIRMADYNE----
----Unmounting QEMU Image----
loop deleted : /dev/loop0
Querying database for architecture... armel
Running firmware 86: terminating after 60 secs...
qemu-system-arm: terminating on signal 2 from pid 105606 (timeout)
Inferring network...
Interfaces: []
Done!
Starting firmware emulation... use Ctrl-a + x to exit
qemu-system-arm: terminating on signal 2 from pid 105746 (timeout)
[    0.000000] Booting Linux on physical CPU 0x0
[    0.000000] Linux version 4.1.17+ (vagrant@vagrant-ubuntu-trusty-64) (gcc version 5.3.0 (GCC) ) #1 Thu Feb 18 01:05:21 UTC 2016
[    0.000000] CPU: ARMv7 Processor [412fc0f1] revision 1 (ARMv7), cr=10c5387d
[    0.000000] CPU: PIPT / VIPT nonaliasing data cache, PIPT instruction cache
[    0.000000] Machine model: linux,dummy-virt
[    0.000000] debug: ignoring loglevel setting.
[    0.000000] Memory policy: Data cache writeback
[    0.000000] On node 0 totalpages: 65536
[    0.000000] free_area_init_node: node 0, pgdat c061dfe8, node_mem_map cfdf9000
[    0.000000]   Normal zone: 512 pages used for memmap
[    0.000000]   Normal zone: 0 pages reserved
[    0.000000]   Normal zone: 65536 pages, LIFO batch:15
[    0.000000] psci: probing for conduit method from DT.
[    0.000000] psci: PSCIv0.2 detected in firmware.
[    0.000000] psci: Using standard PSCI v0.2 function IDs
[    0.000000] CPU: All CPU(s) started in SVC mode.
[    0.000000] pcpu-alloc: s0 r0 d32768 u32768 alloc=1*32768
[    0.000000] pcpu-alloc: [0] 0 
[    0.000000] Built 1 zonelists in Zone order, mobility grouping on.  Total pages: 65024
[    0.000000] Kernel command line: root=/dev/vda1 console=ttyS0 nandsim.parts=64,64,64,64,64,64,64,64,64,64 rdinit=/firmadyne/preInit.sh rw debug ignore_loglevel print-fatal-signals=1 user_debug=31 firmadyne.syscall=0
[    0.000000] PID hash table entries: 1024 (order: 0, 4096 bytes)
[    0.000000] Dentry cache hash table entries: 32768 (order: 5, 131072 bytes)
[    0.000000] Inode-cache hash table entries: 16384 (order: 4, 65536 bytes)
[    0.000000] Memory: 253340K/262144K available (4297K kernel code, 170K rwdata, 1584K rodata, 180K init, 148K bss, 8804K reserved, 0K cma-reserved)
[    0.000000] Virtual kernel memory layout:
[    0.000000]     vector  : 0xffff0000 - 0xffff1000   (   4 kB)
[    0.000000]     fixmap  : 0xffc00000 - 0xfff00000   (3072 kB)
[    0.000000]     vmalloc : 0xd0800000 - 0xff000000   ( 744 MB)
[    0.000000]     lowmem  : 0xc0000000 - 0xd0000000   ( 256 MB)
[    0.000000]     modules : 0xbf000000 - 0xc0000000   (  16 MB)
[    0.000000]       .text : 0xc0008000 - 0xc05c67bc   (5882 kB)
[    0.000000]       .init : 0xc05c7000 - 0xc05f4000   ( 180 kB)
[    0.000000]       .data : 0xc05f4000 - 0xc061e840   ( 171 kB)
[    0.000000]        .bss : 0xc0621000 - 0xc06462d4   ( 149 kB)
[    0.000000] NR_IRQS:16 nr_irqs:16 16
[    0.000000] Architected cp15 timer(s) running at 62.50MHz (virt).
[    0.000000] clocksource arch_sys_counter: mask: 0xffffffffffffff max_cycles: 0x1cd42e208c, max_idle_ns: 881590405314 ns
[    0.000167] sched_clock: 56 bits at 62MHz, resolution 16ns, wraps every 4398046511096ns
[    0.000317] Switching to timer-based delay loop, resolution 16ns
[    0.003469] Console: colour dummy device 80x30
[    0.003811] Calibrating delay loop (skipped), value calculated using timer frequency.. 125.00 BogoMIPS (lpj=625000)
[    0.003953] pid_max: default: 32768 minimum: 301
[    0.004876] Mount-cache hash table entries: 1024 (order: 0, 4096 bytes)
[    0.004925] Mountpoint-cache hash table entries: 1024 (order: 0, 4096 bytes)
[    0.014346] CPU: Testing write buffer coherency: ok
[    0.020768] Setting up static identity map for 0x40008240 - 0x40008298
[    6.104176] VFP support v0.3: implementor 41 architecture 4 part 30 variant f rev 0
[    6.116231] clocksource jiffies: mask: 0xffffffff max_cycles: 0xffffffff, max_idle_ns: 19112604462750000 ns
[    6.125349] NET: Registered protocol family 16
[    6.128599] DMA: preallocated 256 KiB pool for atomic coherent allocations
[    6.132627] cpuidle: using governor ladder
[    6.132785] cpuidle: using governor menu
[    8.645062] Serial: AMBA PL011 UART driver
[    8.647269] 9000000.pl011: ttyS0 at MMIO 0x9000000 (irq = 54, base_baud = 0) is a PL011 rev1
[    8.654496] console [ttyS0] enabled
[    8.677304] vgaarb: loaded
[    8.678831] SCSI subsystem initialized
[    8.679937] usbcore: registered new interface driver usbfs
[    8.680298] usbcore: registered new interface driver hub
[    8.680615] usbcore: registered new device driver usb
[    8.689718] cfg80211: Calling CRDA to update world regulatory domain
[    8.691975] Switched to clocksource arch_sys_counter
[    8.976667] NET: Registered protocol family 2
[    8.981884] TCP established hash table entries: 2048 (order: 1, 8192 bytes)
[    8.982145] TCP bind hash table entries: 2048 (order: 1, 8192 bytes)
[    8.982454] TCP: Hash tables configured (established 2048 bind 2048)
[    8.982981] UDP hash table entries: 256 (order: 0, 4096 bytes)
[    8.983224] UDP-Lite hash table entries: 256 (order: 0, 4096 bytes)
[    8.984642] NET: Registered protocol family 1
[    8.985086] PCI: CLS 0 bytes, default 64
[    8.992309] NetWinder Floating Point Emulator V0.97 (extended precision)
[    8.994908] futex hash table entries: 256 (order: -1, 3072 bytes)
[    9.000181] squashfs: version 4.0 (2009/01/31) Phillip Lougher
[    9.001175] jffs2: version 2.2. (NAND) Â© 2001-2006 Red Hat, Inc.
[    9.002109] romfs: ROMFS MTD (C) 2007 Red Hat, Inc.
[    9.010822] Block layer SCSI generic (bsg) driver version 0.4 loaded (major 253)
[    9.011136] io scheduler noop registered
[    9.011364] io scheduler cfq registered (default)
[    9.012146] firmadyne: devfs: 1, execute: 1, procfs: 1, syscall: 0
[    9.013446] ------------[ cut here ]------------
[    9.013644] WARNING: CPU: 0 PID: 1 at /home/vagrant/firmadyne-kernel/kernel-v4.1/fs/sysfs/dir.c:31 sysfs_warn_dup+0x50/0x6c()
[    9.013869] sysfs: cannot create duplicate filename '/class/gpio'
[    9.014026] Modules linked in:
[    9.014330] CPU: 0 PID: 1 Comm: swapper Not tainted 4.1.17+ #1
[    9.014466] Hardware name: Generic DT based system
[    9.015138] [<c001c99c>] (unwind_backtrace) from [<c0019d30>] (show_stack+0x10/0x14)
[    9.015409] [<c0019d30>] (show_stack) from [<c0024ab4>] (warn_slowpath_common+0x80/0xa8)
[    9.015605] [<c0024ab4>] (warn_slowpath_common) from [<c0024b08>] (warn_slowpath_fmt+0x2c/0x3c)
[    9.015838] [<c0024b08>] (warn_slowpath_fmt) from [<c00e363c>] (sysfs_warn_dup+0x50/0x6c)
[    9.016016] [<c00e363c>] (sysfs_warn_dup) from [<c00e3714>] (sysfs_create_dir_ns+0x74/0x84)
[    9.016205] [<c00e3714>] (sysfs_create_dir_ns) from [<c018e6ac>] (kobject_add_internal+0xb8/0x2ac)
[    9.016393] [<c018e6ac>] (kobject_add_internal) from [<c018e9a8>] (kset_register+0x1c/0x44)
[    9.016571] [<c018e9a8>] (kset_register) from [<c02090b4>] (__class_register+0xa8/0x198)
[    9.016746] [<c02090b4>] (__class_register) from [<c02091e4>] (__class_create+0x40/0x70)
[    9.016918] [<c02091e4>] (__class_create) from [<c01adf68>] (register_devfs_stubs+0x314/0xbb4)
[    9.017097] [<c01adf68>] (register_devfs_stubs) from [<c05d9b08>] (init_module+0x28/0xa4)
[    9.017296] [<c05d9b08>] (init_module) from [<c0009670>] (do_one_initcall+0x104/0x1b4)
[    9.017466] [<c0009670>] (do_one_initcall) from [<c05c7d08>] (kernel_init_freeable+0xf0/0x1b0)
[    9.017650] [<c05c7d08>] (kernel_init_freeable) from [<c040f28c>] (kernel_init+0x8/0xe4)
[    9.017818] [<c040f28c>] (kernel_init) from [<c0016da8>] (ret_from_fork+0x14/0x2c)
[    9.018061] ---[ end trace fa0da33cdf835351 ]---
[    9.018253] ------------[ cut here ]------------
[    9.018363] WARNING: CPU: 0 PID: 1 at /home/vagrant/firmadyne-kernel/kernel-v4.1/lib/kobject.c:240 kobject_add_internal+0x240/0x2ac()
[    9.018579] kobject_add_internal failed for gpio with -EEXIST, don't try to register things with the same name in the same directory.
[    9.018790] Modules linked in:
[    9.018926] CPU: 0 PID: 1 Comm: swapper Tainted: G        W       4.1.17+ #1
[    9.019061] Hardware name: Generic DT based system
[    9.019177] [<c001c99c>] (unwind_backtrace) from [<c0019d30>] (show_stack+0x10/0x14)
[    9.019341] [<c0019d30>] (show_stack) from [<c0024ab4>] (warn_slowpath_common+0x80/0xa8)
[    9.019512] [<c0024ab4>] (warn_slowpath_common) from [<c0024b08>] (warn_slowpath_fmt+0x2c/0x3c)
[    9.019691] [<c0024b08>] (warn_slowpath_fmt) from [<c018e834>] (kobject_add_internal+0x240/0x2ac)
[    9.019882] [<c018e834>] (kobject_add_internal) from [<c018e9a8>] (kset_register+0x1c/0x44)
[    9.020061] [<c018e9a8>] (kset_register) from [<c02090b4>] (__class_register+0xa8/0x198)
[    9.020229] [<c02090b4>] (__class_register) from [<c02091e4>] (__class_create+0x40/0x70)
[    9.020397] [<c02091e4>] (__class_create) from [<c01adf68>] (register_devfs_stubs+0x314/0xbb4)
[    9.020576] [<c01adf68>] (register_devfs_stubs) from [<c05d9b08>] (init_module+0x28/0xa4)
[    9.020745] [<c05d9b08>] (init_module) from [<c0009670>] (do_one_initcall+0x104/0x1b4)
[    9.020912] [<c0009670>] (do_one_initcall) from [<c05c7d08>] (kernel_init_freeable+0xf0/0x1b0)
[    9.021087] [<c05c7d08>] (kernel_init_freeable) from [<c040f28c>] (kernel_init+0x8/0xe4)
[    9.021251] [<c040f28c>] (kernel_init) from [<c0016da8>] (ret_from_fork+0x14/0x2c)
[    9.021414] ---[ end trace fa0da33cdf835352 ]---
[    9.021570] firmadyne: Cannot create device class: gpio!
[    9.023335] firmadyne: Cannot register character device: watchdog, 0xa, 0x82!
[    9.023515] firmadyne: Cannot register character device: wdt, 0xfd, 0x0!
[    9.103728] PCI host bridge /pcie@10000000 ranges:
[    9.104308]    IO 0x3eff0000..0x3effffff -> 0x00000000
[    9.104704]   MEM 0x10000000..0x3efeffff -> 0x10000000
[    9.104834]   MEM 0x8000000000..0xffffffffff -> 0x8000000000
[   13.470089] pci-host-generic 3f000000.pcie: resource collision: [mem 0x00000000-0xffffffff] conflicts with /pl011@9000000 [mem 0x09000000-0x09000fff]
[   13.472192] pci-host-generic: probe of 3f000000.pcie failed with error -16
[   13.484641] Non-volatile memory driver v1.3
[   14.954733] cfg80211: Calling CRDA to update world regulatory domain
[   14.974395] brd: module loaded
[   14.984622] loop: module loaded
[   16.702502]  vda: vda1
[   16.714648] 0.flash: Found 2 x16 devices at 0x0 in 32-bit bank. Manufacturer ID 0x000000 Chip ID 0x000000
[   16.715297] Intel/Sharp Extended Query Table at 0x0031
[   16.716478] Using buffer write method
[   16.718139] erase region 0: offset=0x0,size=0x40000,blocks=256
[   16.725661] 0.flash: Found 2 x16 devices at 0x0 in 32-bit bank. Manufacturer ID 0x000000 Chip ID 0x000000
[   16.725894] Intel/Sharp Extended Query Table at 0x0031
[   16.726667] Using buffer write method
[   16.726780] erase region 0: offset=0x0,size=0x40000,blocks=256
[   16.726988] Concatenating MTD devices:
[   16.727092] (0): "0.flash"
[   16.727167] (1): "0.flash"
[   16.727234] into device "0.flash"
[   17.220953] [nandsim] warning: read_byte: unexpected data output cycle, state is STATE_READY return 0x0
[   17.221201] [nandsim] warning: read_byte: unexpected data output cycle, state is STATE_READY return 0x0
[   17.221378] [nandsim] warning: read_byte: unexpected data output cycle, state is STATE_READY return 0x0
[   17.221549] [nandsim] warning: read_byte: unexpected data output cycle, state is STATE_READY return 0x0
[   17.221802] [nandsim] warning: read_byte: unexpected data output cycle, state is STATE_READY return 0x0
[   17.221984] [nandsim] warning: read_byte: unexpected data output cycle, state is STATE_READY return 0x0
[   17.222413] nand: device found, Manufacturer ID: 0x98, Chip ID: 0x39
[   17.222560] nand: Toshiba NAND 128MiB 1,8V 8-bit
[   17.222682] nand: 128 MiB, SLC, erase size: 16 KiB, page size: 512, OOB size: 16
[   17.223600] flash size: 128 MiB
[   17.223685] page size: 512 bytes
[   17.223759] OOB area size: 16 bytes
[   17.223840] sector size: 16 KiB
[   17.223912] pages number: 262144
[   17.223984] pages per sector: 32
[   17.224087] bus width: 8
[   17.224149] bits in sector size: 14
[   17.224224] bits in page size: 9
[   17.224299] bits in OOB size: 4
[   17.224391] flash size with OOB: 135168 KiB
[   17.224475] page address bytes: 4
[   17.224566] sector address bytes: 3
[   17.224644] options: 0x42
[   18.996207] Scanning device for bad blocks
[   19.103719] cfg80211: Calling CRDA to update world regulatory domain
[   19.104755] firmadyne: do_execve: /firmadyne/console
[   19.104945] OFFSETS: offset of pid: 0x190 offset of comm: 0x270
[   19.105421] Creating 11 MTD partitions on "NAND 128MiB 1,8V 8-bit":
[   19.105827] 0x000000000000-0x000000100000 : "NAND simulator partition 0"
[   19.108023] 0x000000100000-0x000000200000 : "NAND simulator partition 1"
[   19.109430] 0x000000200000-0x000000300000 : "NAND simulator partition 2"
[   19.110835] 0x000000300000-0x000000400000 : "NAND simulator partition 3"
[   19.112442] 0x000000400000-0x000000500000 : "NAND simulator partition 4"
[   19.113914] 0x000000500000-0x000000600000 : "NAND simulator partition 5"
[   19.115327] 0x000000600000-0x000000700000 : "NAND simulator partition 6"
[   19.116935] 0x000000700000-0x000000800000 : "NAND simulator partition 7"
[   19.118311] 0x000000800000-0x000000900000 : "NAND simulator partition 8"
[   19.119707] 0x000000900000-0x000000a00000 : "NAND simulator partition 9"
[   19.121146] 0x000000a00000-0x000008000000 : "NAND simulator partition 10"
[   19.126808] tun: Universal TUN/TAP device driver, 1.6
[   19.126939] tun: (C) 1999-2004 Max Krasnyansky <maxk@qualcomm.com>
[   26.085696] PPP generic driver version 2.4.2
[   26.086545] PPP BSD Compression module registered
[   26.086717] PPP Deflate Compression module registered
[   26.086983] PPP MPPE Compression module registered
[   26.087120] NET: Registered protocol family 24
[   26.087467] PPTP driver version 0.8.5
[   26.088446] cfg80211: Calling CRDA to update world regulatory domain
