>> Database Image ID: 128

/home/zhumengfan/firmware/firmwares/50319fa9ab28351f90adc1f77f7ca0208d0833ec.ZIP
>> MD5: 04ad3a071b3045e4071d661102c2bf13
>> Tag: 128
>> Temp: /tmp/tmpznAaJy
>> Status: Kernel: True, Rootfs: False, Do_Kernel: False,                 Do_Rootfs: True
>>>> Zip archive data, at least v2.0 to extract, compressed size: 7934194, uncompressed size: 7965024, name: R1.10.005/DGS-1500-28 FW R1.10.005.hex
>> Recursing into archive ...
	
/tmp/tmpznAaJy/_50319fa9ab28351f90adc1f77f7ca0208d0833ec.ZIP.extracted/R1.10.005/DGS-1500-28 FW R1.10.005.hex
	>> MD5: b58199279d08477b305bee0b645c0300
	>> Tag: 128
	>> Temp: /tmp/tmpICeYjF
	>> Status: Kernel: True, Rootfs: False, Do_Kernel: False,                 Do_Rootfs: True
	>>>> Squashfs filesystem, little endian, version 3.1, size: 6684266 bytes, 216 inodes, blocksize: 131072 bytes, created: 2012-03-09 10:55:42
	>>>> Found Linux filesystem in /tmp/tmpICeYjF/_DGS-1500-28 FW R1.10.005.hex.extracted/squashfs-root!
	>> Skipping: completed!
	>> Cleaning up /tmp/tmpICeYjF...
>> Skipping: completed!
>> Cleaning up /tmp/tmpznAaJy...
./bin/busybox: armel
Querying database for architecture... armel
----Running----
----Copying Filesystem Tarball----
----Creating QEMU Image----
Formatting '/home/zhumengfan/firmadyne//scratch//128//image.raw', fmt=raw size=1073741824
----Creating Partition Table----

Welcome to fdisk (util-linux 2.27.1).
Changes will remain in memory only, until you decide to write them.
Be careful before using the write command.

Device does not contain a recognized partition table.
Created a new DOS disklabel with disk identifier 0x81140c53.

Command (m for help): Created a new DOS disklabel with disk identifier 0x7b8ca989.

Command (m for help): Partition type
   p   primary (0 primary, 0 extended, 4 free)
   e   extended (container for logical partitions)
Select (default p): Partition number (1-4, default 1): First sector (2048-2097151, default 2048): Last sector, +sectors or +size{K,M,G,T,P} (2048-2097151, default 2097151): 
Created a new partition 1 of type 'Linux' and of size 1023 MiB.

Command (m for help): The partition table has been altered.
Syncing disks.

----Mounting QEMU Image----
add map loop0p1 (252:0): 0 2095104 linear 7:0 2048
----Creating Filesystem----
mke2fs 1.42.13 (17-May-2015)
Discarding device blocks:   4096/261888             done                            
Creating filesystem with 261888 4k blocks and 65536 inodes
Filesystem UUID: 74e34d5e-2cdc-4c9a-831b-2fd705be4309
Superblock backups stored on blocks: 
	32768, 98304, 163840, 229376

Allocating group tables: 0/8   done                            
Writing inode tables: 0/8   done                            
Writing superblocks and filesystem accounting information: 0/8   done

----Making QEMU Image Mountpoint----
----Mounting QEMU Image Partition 1----
----Extracting Filesystem Tarball----
----Creating FIRMADYNE Directories----
----Patching Filesystem (chroot)----
Creating /etc/TZ!
Creating /etc/hosts!
Warning: Recreating device nodes!
mkdir: can't create directory '/dev/mtd': No such file or directory
mknod: /dev/mtd/0: No such file or directory
mknod: /dev/mtd/1: No such file or directory
mknod: /dev/mtd/2: No such file or directory
mknod: /dev/mtd/3: No such file or directory
mknod: /dev/mtd/4: No such file or directory
mknod: /dev/mtd/5: No such file or directory
mknod: /dev/mtd/6: No such file or directory
mknod: /dev/mtd/7: No such file or directory
mknod: /dev/mtd/8: No such file or directory
mknod: /dev/mtd/9: No such file or directory
mknod: /dev/mtd/10: No such file or directory
Removing /etc/scripts/sys_resetbutton!
----Setting up FIRMADYNE----
----Unmounting QEMU Image----
loop deleted : /dev/loop0
Querying database for architecture... armel
Running firmware 128: terminating after 60 secs...
qemu-system-arm: terminating on signal 2 from pid 130424 (timeout)
Inferring network...
Interfaces: []
Done!
[    0.000000] Booting Linux on physical CPU 0x0
[    0.000000] Linux version 4.1.17+ (vagrant@vagrant-ubuntu-trusty-64) (gcc version 5.3.0 (GCC) ) #1 Thu Feb 18 01:05:21 UTC 2016
[    0.000000] CPU: ARMv7 Processor [412fc0f1] revision 1 (ARMv7), cr=10c5387d
[    0.000000] CPU: PIPT / VIPT nonaliasing data cache, PIPT instruction cache
[    0.000000] Machine model: linux,dummy-virt
[    0.000000] debug: ignoring loglevel setting.
[    0.000000] Memory policy: Data cache writeback
[    0.000000] On node 0 totalpages: 65536
[    0.000000] free_area_init_node: node 0, pgdat c061dfe8, node_mem_map cfdf9000
[    0.000000]   Normal zone: 512 pages used for memmap
[    0.000000]   Normal zone: 0 pages reserved
[    0.000000]   Normal zone: 65536 pages, LIFO batch:15
[    0.000000] psci: probing for conduit method from DT.
[    0.000000] psci: PSCIv0.2 detected in firmware.
[    0.000000] psci: Using standard PSCI v0.2 function IDs
[    0.000000] CPU: All CPU(s) started in SVC mode.
[    0.000000] pcpu-alloc: s0 r0 d32768 u32768 alloc=1*32768
[    0.000000] pcpu-alloc: [0] 0 
[    0.000000] Built 1 zonelists in Zone order, mobility grouping on.  Total pages: 65024
[    0.000000] Kernel command line: firmadyne.syscall=1 root=/dev/vda1 console=ttyS0 nandsim.parts=64,64,64,64,64,64,64,64,64,64 rdinit=/firmadyne/preInit.sh rw debug ignore_loglevel print-fatal-signals=1 user_debug=31
[    0.000000] PID hash table entries: 1024 (order: 0, 4096 bytes)
[    0.000000] Dentry cache hash table entries: 32768 (order: 5, 131072 bytes)
[    0.000000] Inode-cache hash table entries: 16384 (order: 4, 65536 bytes)
[    0.000000] Memory: 253340K/262144K available (4297K kernel code, 170K rwdata, 1584K rodata, 180K init, 148K bss, 8804K reserved, 0K cma-reserved)
[    0.000000] Virtual kernel memory layout:
[    0.000000]     vector  : 0xffff0000 - 0xffff1000   (   4 kB)
[    0.000000]     fixmap  : 0xffc00000 - 0xfff00000   (3072 kB)
[    0.000000]     vmalloc : 0xd0800000 - 0xff000000   ( 744 MB)
[    0.000000]     lowmem  : 0xc0000000 - 0xd0000000   ( 256 MB)
[    0.000000]     modules : 0xbf000000 - 0xc0000000   (  16 MB)
[    0.000000]       .text : 0xc0008000 - 0xc05c67bc   (5882 kB)
[    0.000000]       .init : 0xc05c7000 - 0xc05f4000   ( 180 kB)
[    0.000000]       .data : 0xc05f4000 - 0xc061e840   ( 171 kB)
[    0.000000]        .bss : 0xc0621000 - 0xc06462d4   ( 149 kB)
[    0.000000] NR_IRQS:16 nr_irqs:16 16
[    0.000000] Architected cp15 timer(s) running at 62.50MHz (virt).
[    0.000000] clocksource arch_sys_counter: mask: 0xffffffffffffff max_cycles: 0x1cd42e208c, max_idle_ns: 881590405314 ns
[    0.000160] sched_clock: 56 bits at 62MHz, resolution 16ns, wraps every 4398046511096ns
[    0.000305] Switching to timer-based delay loop, resolution 16ns
[    0.003474] Console: colour dummy device 80x30
[    0.003813] Calibrating delay loop (skipped), value calculated using timer frequency.. 125.00 BogoMIPS (lpj=625000)
[    0.003948] pid_max: default: 32768 minimum: 301
[    0.004881] Mount-cache hash table entries: 1024 (order: 0, 4096 bytes)
[    0.004919] Mountpoint-cache hash table entries: 1024 (order: 0, 4096 bytes)
[    0.015973] CPU: Testing write buffer coherency: ok
[    0.022386] Setting up static identity map for 0x40008240 - 0x40008298
[    0.037397] VFP support v0.3: implementor 41 architecture 4 part 30 variant f rev 0
[    1.505142] clocksource jiffies: mask: 0xffffffff max_cycles: 0xffffffff, max_idle_ns: 19112604462750000 ns
[    1.514623] NET: Registered protocol family 16
[    1.518054] DMA: preallocated 256 KiB pool for atomic coherent allocations
[    1.522253] cpuidle: using governor ladder
[    1.522417] cpuidle: using governor menu
[    1.978010] Serial: AMBA PL011 UART driver
[    1.980269] 9000000.pl011: ttyS0 at MMIO 0x9000000 (irq = 54, base_baud = 0) is a PL011 rev1
[    1.987946] console [ttyS0] enabled
[    2.010773] vgaarb: loaded
[    2.012345] SCSI subsystem initialized
[    2.013458] usbcore: registered new interface driver usbfs
[    2.013833] usbcore: registered new interface driver hub
[    2.014158] usbcore: registered new device driver usb
[    2.023729] cfg80211: Calling CRDA to update world regulatory domain
[    2.026237] Switched to clocksource arch_sys_counter
[    2.044537] NET: Registered protocol family 2
[    4.094105] TCP established hash table entries: 2048 (order: 1, 8192 bytes)
[    4.094444] TCP bind hash table entries: 2048 (order: 1, 8192 bytes)
[    4.094762] TCP: Hash tables configured (established 2048 bind 2048)
[    4.095405] UDP hash table entries: 256 (order: 0, 4096 bytes)
[    4.095659] UDP-Lite hash table entries: 256 (order: 0, 4096 bytes)
[    4.097430] NET: Registered protocol family 1
[    4.097904] PCI: CLS 0 bytes, default 64
[    4.105254] NetWinder Floating Point Emulator V0.97 (extended precision)
[    4.108172] futex hash table entries: 256 (order: -1, 3072 bytes)
[    4.113708] squashfs: version 4.0 (2009/01/31) Phillip Lougher
[    4.114746] jffs2: version 2.2. (NAND) © 2001-2006 Red Hat, Inc.
[    4.115534] romfs: ROMFS MTD (C) 2007 Red Hat, Inc.
[    4.124608] Block layer SCSI generic (bsg) driver version 0.4 loaded (major 253)
[    4.124968] io scheduler noop registered
[    4.125208] io scheduler cfq registered (default)
[    4.125883] firmadyne: devfs: 1, execute: 1, procfs: 1, syscall: 1
[    4.127373] ------------[ cut here ]------------
[    4.127581] WARNING: CPU: 0 PID: 1 at /home/vagrant/firmadyne-kernel/kernel-v4.1/fs/sysfs/dir.c:31 sysfs_warn_dup+0x50/0x6c()
[    4.127810] sysfs: cannot create duplicate filename '/class/gpio'
[    4.127990] Modules linked in:
[    4.128307] CPU: 0 PID: 1 Comm: swapper Not tainted 4.1.17+ #1
[    4.128449] Hardware name: Generic DT based system
[    4.129186] [<c001c99c>] (unwind_backtrace) from [<c0019d30>] (show_stack+0x10/0x14)
[    4.129461] [<c0019d30>] (show_stack) from [<c0024ab4>] (warn_slowpath_common+0x80/0xa8)
[    4.129660] [<c0024ab4>] (warn_slowpath_common) from [<c0024b08>] (warn_slowpath_fmt+0x2c/0x3c)
[    4.129894] [<c0024b08>] (warn_slowpath_fmt) from [<c00e363c>] (sysfs_warn_dup+0x50/0x6c)
[    4.130080] [<c00e363c>] (sysfs_warn_dup) from [<c00e3714>] (sysfs_create_dir_ns+0x74/0x84)
[    4.130261] [<c00e3714>] (sysfs_create_dir_ns) from [<c018e6ac>] (kobject_add_internal+0xb8/0x2ac)
[    4.130447] [<c018e6ac>] (kobject_add_internal) from [<c018e9a8>] (kset_register+0x1c/0x44)
[    4.130625] [<c018e9a8>] (kset_register) from [<c02090b4>] (__class_register+0xa8/0x198)
[    4.130798] [<c02090b4>] (__class_register) from [<c02091e4>] (__class_create+0x40/0x70)
[    4.130970] [<c02091e4>] (__class_create) from [<c01adf68>] (register_devfs_stubs+0x314/0xbb4)
[    4.131157] [<c01adf68>] (register_devfs_stubs) from [<c05d9b08>] (init_module+0x28/0xa4)
[    4.131368] [<c05d9b08>] (init_module) from [<c0009670>] (do_one_initcall+0x104/0x1b4)
[    4.131540] [<c0009670>] (do_one_initcall) from [<c05c7d08>] (kernel_init_freeable+0xf0/0x1b0)
[    4.131724] [<c05c7d08>] (kernel_init_freeable) from [<c040f28c>] (kernel_init+0x8/0xe4)
[    4.131903] [<c040f28c>] (kernel_init) from [<c0016da8>] (ret_from_fork+0x14/0x2c)
[    4.132177] ---[ end trace 37d476a4c06656d5 ]---
[    4.132375] ------------[ cut here ]------------
[    4.132488] WARNING: CPU: 0 PID: 1 at /home/vagrant/firmadyne-kernel/kernel-v4.1/lib/kobject.c:240 kobject_add_internal+0x240/0x2ac()
[    4.132705] kobject_add_internal failed for gpio with -EEXIST, don't try to register things with the same name in the same directory.
[    4.132917] Modules linked in:
[    4.133089] CPU: 0 PID: 1 Comm: swapper Tainted: G        W       4.1.17+ #1
[    4.133228] Hardware name: Generic DT based system
[    4.133346] [<c001c99c>] (unwind_backtrace) from [<c0019d30>] (show_stack+0x10/0x14)
[    4.133511] [<c0019d30>] (show_stack) from [<c0024ab4>] (warn_slowpath_common+0x80/0xa8)
[    4.133681] [<c0024ab4>] (warn_slowpath_common) from [<c0024b08>] (warn_slowpath_fmt+0x2c/0x3c)
[    4.133860] [<c0024b08>] (warn_slowpath_fmt) from [<c018e834>] (kobject_add_internal+0x240/0x2ac)
[    4.134052] [<c018e834>] (kobject_add_internal) from [<c018e9a8>] (kset_register+0x1c/0x44)
[    4.134222] [<c018e9a8>] (kset_register) from [<c02090b4>] (__class_register+0xa8/0x198)
[    4.134388] [<c02090b4>] (__class_register) from [<c02091e4>] (__class_create+0x40/0x70)
[    4.134555] [<c02091e4>] (__class_create) from [<c01adf68>] (register_devfs_stubs+0x314/0xbb4)
[    4.134732] [<c01adf68>] (register_devfs_stubs) from [<c05d9b08>] (init_module+0x28/0xa4)
[    4.134900] [<c05d9b08>] (init_module) from [<c0009670>] (do_one_initcall+0x104/0x1b4)
[    4.135064] [<c0009670>] (do_one_initcall) from [<c05c7d08>] (kernel_init_freeable+0xf0/0x1b0)
[    4.135238] [<c05c7d08>] (kernel_init_freeable) from [<c040f28c>] (kernel_init+0x8/0xe4)
[    4.135400] [<c040f28c>] (kernel_init) from [<c0016da8>] (ret_from_fork+0x14/0x2c)
[    4.135562] ---[ end trace 37d476a4c06656d6 ]---
[    4.135724] firmadyne: Cannot create device class: gpio!
[    4.137587] firmadyne: Cannot register character device: watchdog, 0xa, 0x82!
[    4.137766] firmadyne: Cannot register character device: wdt, 0xfd, 0x0!
[    4.219749] PCI host bridge /pcie@10000000 ranges:
[    4.220317]    IO 0x3eff0000..0x3effffff -> 0x00000000
[    4.220675]   MEM 0x10000000..0x3efeffff -> 0x10000000
[    4.220806]   MEM 0x8000000000..0xffffffffff -> 0x8000000000
[    4.221493] pci-host-generic 3f000000.pcie: resource collision: [mem 0x00000000-0xffffffff] conflicts with /pl011@9000000 [mem 0x09000000-0x09000fff]
[    4.222201] pci-host-generic: probe of 3f000000.pcie failed with error -16
[    4.233716] Non-volatile memory driver v1.3
[    5.554468] cfg80211: Calling CRDA to update world regulatory domain
[    7.581945] brd: module loaded
[    7.592035] loop: module loaded
[    9.589394] cfg80211: Calling CRDA to update world regulatory domain
[    9.594039]  vda: vda1
[    9.606107] 0.flash: Found 2 x16 devices at 0x0 in 32-bit bank. Manufacturer ID 0x000000 Chip ID 0x000000
[    9.606765] Intel/Sharp Extended Query Table at 0x0031
[    9.609156] Using buffer write method
[    9.609582] erase region 0: offset=0x0,size=0x40000,blocks=256
[    9.616963] 0.flash: Found 2 x16 devices at 0x0 in 32-bit bank. Manufacturer ID 0x000000 Chip ID 0x000000
[    9.617210] Intel/Sharp Extended Query Table at 0x0031
[    9.617968] Using buffer write method
[    9.618083] erase region 0: offset=0x0,size=0x40000,blocks=256
[    9.618292] Concatenating MTD devices:
[    9.618398] (0): "0.flash"
[    9.618470] (1): "0.flash"
[    9.618538] into device "0.flash"
[    9.629670] [nandsim] warning: read_byte: unexpected data output cycle, state is STATE_READY return 0x0
[    9.629896] [nandsim] warning: read_byte: unexpected data output cycle, state is STATE_READY return 0x0
[    9.630071] [nandsim] warning: read_byte: unexpected data output cycle, state is STATE_READY return 0x0
[    9.630240] [nandsim] warning: read_byte: unexpected data output cycle, state is STATE_READY return 0x0
[    9.630408] [nandsim] warning: read_byte: unexpected data output cycle, state is STATE_READY return 0x0
[    9.630575] [nandsim] warning: read_byte: unexpected data output cycle, state is STATE_READY return 0x0
[    9.630990] nand: device found, Manufacturer ID: 0x98, Chip ID: 0x39
[    9.631137] nand: Toshiba NAND 128MiB 1,8V 8-bit
[    9.631258] nand: 128 MiB, SLC, erase size: 16 KiB, page size: 512, OOB size: 16
[    9.632147] flash size: 128 MiB
[    9.632231] page size: 512 bytes
[    9.632307] OOB area size: 16 bytes
[    9.632388] sector size: 16 KiB
[    9.632462] pages number: 262144
[    9.632534] pages per sector: 32
[    9.632607] bus width: 8
[    9.632668] bits in sector size: 14
[    9.632744] bits in page size: 9
[    9.632820] bits in OOB size: 4
[    9.632897] flash size with OOB: 135168 KiB
[    9.632986] page address bytes: 4
[    9.633069] sector address bytes: 3
[    9.633151] options: 0x42
[   11.604252] Scanning device for bad blocks
[   11.710845] firmadyne: do_execve: /firmadyne/console
[   11.711075] OFFSETS: offset of pid: 0x190 offset of comm: 0x270
[   11.711560] Creating 11 MTD partitions on "NAND 128MiB 1,8V 8-bit":
[   11.711980] 0x000000000000-0x000000100000 : "NAND simulator partition 0"
[   11.714271] 0x000000100000-0x000000200000 : "NAND simulator partition 1"
[   11.715680] 0x000000200000-0x000000300000 : "NAND simulator partition 2"
[   11.717321] 0x000000300000-0x000000400000 : "NAND simulator partition 3"
[   11.718822] 0x000000400000-0x000000500000 : "NAND simulator partition 4"
[   11.720185] 0x000000500000-0x000000600000 : "NAND simulator partition 5"
[   11.721580] 0x000000600000-0x000000700000 : "NAND simulator partition 6"
[   11.723279] 0x000000700000-0x000000800000 : "NAND simulator partition 7"
[   11.724722] 0x000000800000-0x000000900000 : "NAND simulator partition 8"
[   11.726294] 0x000000900000-0x000000a00000 : "NAND simulator partition 9"
[   11.727688] 0x000000a00000-0x000008000000 : "NAND simulator partition 10"
[   11.733390] tun: Universal TUN/TAP device driver, 1.6
[   11.733538] tun: (C) 1999-2004 Max Krasnyansky <maxk@qualcomm.com>
[   15.970544] PPP generic driver version 2.4.2
[   15.971398] PPP BSD Compression module registered
[   15.971589] PPP Deflate Compression module registered
[   15.971841] PPP MPPE Compression module registered
[   15.971976] NET: Registered protocol family 24
[   15.972318] PPTP driver version 0.8.5
[   15.973256] cfg80211: Calling CRDA to update world regulatory domain
[   15.977780] usbcore: registered new interface driver usb-storage
[   15.981337] rtc-pl031 9010000.pl031: rtc core: registered pl031 as rtc0
[   15.982126] hidraw: raw HID events driver (C) Jiri Kosina
[   15.982698] usbcore: registered new interface driver usbhid
[   15.982831] usbhid: USB HID core driver
[   15.983322] Netfilter messages via NETLINK v0.30.
[   15.984017] nf_conntrack version 0.5.0 (3958 buckets, 15832 max)
[   15.985557] ctnetlink v0.93: registering with nfnetlink.
[   15.987210] ipip: IPv4 over IPv4 tunneling driver
[   15.989404] gre: GRE over IPv4 demultiplexor driver
[   15.989569] ip_gre: GRE over IPv4 tunneling driver
[   15.994264] ip_tables: (C) 2000-2006 Netfilter Core Team
[   15.996161] arp_tables: (C) 2002 David S. Miller
[   15.997287] Initializing XFRM netlink socket
[   15.997824] NET: Registered protocol family 10
[   16.005006] ip6_tables: (C) 2000-2006 Netfilter Core Team
[   16.006979] sit: IPv6 over IPv4 tunneling driver
[   16.010919] NET: Registered protocol family 17
[   16.011614] bridge: automatic filtering via arp/ip/ip6tables has been deprecated. Update your scripts to load br_netfilter if you need this.
[   16.011960] Bridge firewalling registered
[   16.012104] Ebtables v2.0 registered
[   16.013343] 8021q: 802.1Q VLAN Support v1.8
[   16.014001] Registering SWP/SWPB emulation handler
[   16.017000] rtc-pl031 9010000.pl031: setting system clock to 2018-07-19 12:48:13 UTC (1532004493)
[   18.046753] EXT4-fs (vda1): couldn't mount as ext3 due to feature incompatibilities
[   18.048483] EXT4-fs (vda1): mounting ext2 file system using the ext4 subsystem
[   18.060599] EXT4-fs (vda1): mounted filesystem without journal. Opts: (null)
[   18.061785] VFS: Mounted root (ext2 filesystem) on device 254:1.
[   18.080484] Freeing unused kernel memory: 180K (c05c7000 - c05f4000)
[   19.478218] cfg80211: Calling CRDA to update world regulatory domain
[   21.525624] firmadyne: sys_reboot[PID: 54 (init)]: magic1:fee1dead, magic2:28121969, cmd:0
[   23.533821] cfg80211: Calling CRDA to update world regulatory domain
[   23.543484] firmadyne: sys_socket[PID: 1 (init)]: family:1, type:2, protocol:0
[   23.554834] firmadyne: sys_socket[PID: 55 (init)]: family:1, type:2, protocol:0
[   27.255651] cfg80211: Calling CRDA to update world regulatory domain
[   31.302920] cfg80211: Calling CRDA to update world regulatory domain
[   33.344017] firmadyne: sys_socket[PID: 64 (telnetd)]: family:2, type:1, protocol:0
[   33.347049] firmadyne: sys_setsockopt[PID: 64 (telnetd)]: fd:3, level:1, optname:2
[   33.347885] firmadyne: inet_bind[PID: 64 (telnetd)]: proto:SOCK_STREAM, port:23
[   35.322043] cfg80211: Calling CRDA to update world regulatory domain
Using /lib/modules/mvKernelExt.ko
insmod: kernel-module version mismatch
	/lib/modules/mvKernelExt.ko was compiled for kernel version 
	while this kernel is version 4.1.17+.
[   38.466335] cfg80211: Calling CRDA to update world regulatory domain
Using /lib/modules/mvPpDrv.ko
insmod: kernel-module version mismatch
	/lib/modules/mvPpDrv.ko was compiled for kernel version 
	while this kernel is version 4.1.17+.
Fri May 23 14:32:00 UTC 2008
[   40.927962] firmadyne: sys_socket[PID: 72 (ifconfig)]: family:2, type:2, protocol:0
[   40.929920] firmadyne: __inet_insert_ifa[PID: 72 (ifconfig)]: device:lo ifa:0x0100007f
[   40.934800] firmadyne: __inet_insert_ifa[PID: 72 (ifconfig)]: device:lo ifa:0x0100007f
Starting firmware emulation... use Ctrl-a + x to exit
qemu-system-arm: terminating on signal 2 from pid 130571 (timeout)
[    0.000000] Booting Linux on physical CPU 0x0
[    0.000000] Linux version 4.1.17+ (vagrant@vagrant-ubuntu-trusty-64) (gcc version 5.3.0 (GCC) ) #1 Thu Feb 18 01:05:21 UTC 2016
[    0.000000] CPU: ARMv7 Processor [412fc0f1] revision 1 (ARMv7), cr=10c5387d
[    0.000000] CPU: PIPT / VIPT nonaliasing data cache, PIPT instruction cache
[    0.000000] Machine model: linux,dummy-virt
[    0.000000] debug: ignoring loglevel setting.
[    0.000000] Memory policy: Data cache writeback
[    0.000000] On node 0 totalpages: 65536
[    0.000000] free_area_init_node: node 0, pgdat c061dfe8, node_mem_map cfdf9000
[    0.000000]   Normal zone: 512 pages used for memmap
[    0.000000]   Normal zone: 0 pages reserved
[    0.000000]   Normal zone: 65536 pages, LIFO batch:15
[    0.000000] psci: probing for conduit method from DT.
[    0.000000] psci: PSCIv0.2 detected in firmware.
[    0.000000] psci: Using standard PSCI v0.2 function IDs
[    0.000000] CPU: All CPU(s) started in SVC mode.
[    0.000000] pcpu-alloc: s0 r0 d32768 u32768 alloc=1*32768
[    0.000000] pcpu-alloc: [0] 0 
[    0.000000] Built 1 zonelists in Zone order, mobility grouping on.  Total pages: 65024
[    0.000000] Kernel command line: root=/dev/vda1 console=ttyS0 nandsim.parts=64,64,64,64,64,64,64,64,64,64 rdinit=/firmadyne/preInit.sh rw debug ignore_loglevel print-fatal-signals=1 user_debug=31 firmadyne.syscall=0
[    0.000000] PID hash table entries: 1024 (order: 0, 4096 bytes)
[    0.000000] Dentry cache hash table entries: 32768 (order: 5, 131072 bytes)
[    0.000000] Inode-cache hash table entries: 16384 (order: 4, 65536 bytes)
[    0.000000] Memory: 253340K/262144K available (4297K kernel code, 170K rwdata, 1584K rodata, 180K init, 148K bss, 8804K reserved, 0K cma-reserved)
[    0.000000] Virtual kernel memory layout:
[    0.000000]     vector  : 0xffff0000 - 0xffff1000   (   4 kB)
[    0.000000]     fixmap  : 0xffc00000 - 0xfff00000   (3072 kB)
[    0.000000]     vmalloc : 0xd0800000 - 0xff000000   ( 744 MB)
[    0.000000]     lowmem  : 0xc0000000 - 0xd0000000   ( 256 MB)
[    0.000000]     modules : 0xbf000000 - 0xc0000000   (  16 MB)
[    0.000000]       .text : 0xc0008000 - 0xc05c67bc   (5882 kB)
[    0.000000]       .init : 0xc05c7000 - 0xc05f4000   ( 180 kB)
[    0.000000]       .data : 0xc05f4000 - 0xc061e840   ( 171 kB)
[    0.000000]        .bss : 0xc0621000 - 0xc06462d4   ( 149 kB)
[    0.000000] NR_IRQS:16 nr_irqs:16 16
[    0.000000] Architected cp15 timer(s) running at 62.50MHz (virt).
[    0.000000] clocksource arch_sys_counter: mask: 0xffffffffffffff max_cycles: 0x1cd42e208c, max_idle_ns: 881590405314 ns
[    0.000162] sched_clock: 56 bits at 62MHz, resolution 16ns, wraps every 4398046511096ns
[    0.000307] Switching to timer-based delay loop, resolution 16ns
[    0.003478] Console: colour dummy device 80x30
[    0.003815] Calibrating delay loop (skipped), value calculated using timer frequency.. 125.00 BogoMIPS (lpj=625000)
[    0.003951] pid_max: default: 32768 minimum: 301
[    0.004874] Mount-cache hash table entries: 1024 (order: 0, 4096 bytes)
[    0.004917] Mountpoint-cache hash table entries: 1024 (order: 0, 4096 bytes)
[    1.980969] CPU: Testing write buffer coherency: ok
[    1.987221] Setting up static identity map for 0x40008240 - 0x40008298
[    2.002440] VFP support v0.3: implementor 41 architecture 4 part 30 variant f rev 0
[    2.014522] clocksource jiffies: mask: 0xffffffff max_cycles: 0xffffffff, max_idle_ns: 19112604462750000 ns
[    3.953875] NET: Registered protocol family 16
[    3.957289] DMA: preallocated 256 KiB pool for atomic coherent allocations
[    3.961467] cpuidle: using governor ladder
[    3.961633] cpuidle: using governor menu
[    3.982862] Serial: AMBA PL011 UART driver
[    3.985041] 9000000.pl011: ttyS0 at MMIO 0x9000000 (irq = 54, base_baud = 0) is a PL011 rev1
[    3.992979] console [ttyS0] enabled
[    5.962083] vgaarb: loaded
[    5.963700] SCSI subsystem initialized
[    5.964786] usbcore: registered new interface driver usbfs
[    5.965144] usbcore: registered new interface driver hub
[    5.965481] usbcore: registered new device driver usb
[    5.974773] cfg80211: Calling CRDA to update world regulatory domain
[    5.977061] Switched to clocksource arch_sys_counter
[    5.994761] NET: Registered protocol family 2
[    6.000149] TCP established hash table entries: 2048 (order: 1, 8192 bytes)
[    6.000408] TCP bind hash table entries: 2048 (order: 1, 8192 bytes)
[    6.000713] TCP: Hash tables configured (established 2048 bind 2048)
[    6.001239] UDP hash table entries: 256 (order: 0, 4096 bytes)
[    6.001487] UDP-Lite hash table entries: 256 (order: 0, 4096 bytes)
[    6.002910] NET: Registered protocol family 1
[    6.003356] PCI: CLS 0 bytes, default 64
[    6.010871] NetWinder Floating Point Emulator V0.97 (extended precision)
[    6.013449] futex hash table entries: 256 (order: -1, 3072 bytes)
[    6.018879] squashfs: version 4.0 (2009/01/31) Phillip Lougher
[    7.999830] jffs2: version 2.2. (NAND) © 2001-2006 Red Hat, Inc.
[    8.000787] romfs: ROMFS MTD (C) 2007 Red Hat, Inc.
[    8.010475] Block layer SCSI generic (bsg) driver version 0.4 loaded (major 253)
[    8.010825] io scheduler noop registered
[    8.011057] io scheduler cfq registered (default)
[    8.011737] firmadyne: devfs: 1, execute: 1, procfs: 1, syscall: 0
[    8.013101] ------------[ cut here ]------------
[    8.013306] WARNING: CPU: 0 PID: 1 at /home/vagrant/firmadyne-kernel/kernel-v4.1/fs/sysfs/dir.c:31 sysfs_warn_dup+0x50/0x6c()
[    8.013538] sysfs: cannot create duplicate filename '/class/gpio'
[    8.013718] Modules linked in:
[    8.014044] CPU: 0 PID: 1 Comm: swapper Not tainted 4.1.17+ #1
[    8.014184] Hardware name: Generic DT based system
[    8.014882] [<c001c99c>] (unwind_backtrace) from [<c0019d30>] (show_stack+0x10/0x14)
[    8.015161] [<c0019d30>] (show_stack) from [<c0024ab4>] (warn_slowpath_common+0x80/0xa8)
[    8.015363] [<c0024ab4>] (warn_slowpath_common) from [<c0024b08>] (warn_slowpath_fmt+0x2c/0x3c)
[    8.015606] [<c0024b08>] (warn_slowpath_fmt) from [<c00e363c>] (sysfs_warn_dup+0x50/0x6c)
[    8.015788] [<c00e363c>] (sysfs_warn_dup) from [<c00e3714>] (sysfs_create_dir_ns+0x74/0x84)
[    8.015972] [<c00e3714>] (sysfs_create_dir_ns) from [<c018e6ac>] (kobject_add_internal+0xb8/0x2ac)
[    8.016161] [<c018e6ac>] (kobject_add_internal) from [<c018e9a8>] (kset_register+0x1c/0x44)
[    8.016340] [<c018e9a8>] (kset_register) from [<c02090b4>] (__class_register+0xa8/0x198)
[    8.016517] [<c02090b4>] (__class_register) from [<c02091e4>] (__class_create+0x40/0x70)
[    8.016690] [<c02091e4>] (__class_create) from [<c01adf68>] (register_devfs_stubs+0x314/0xbb4)
[    8.017072] [<c01adf68>] (register_devfs_stubs) from [<c05d9b08>] (init_module+0x28/0xa4)
[    8.017297] [<c05d9b08>] (init_module) from [<c0009670>] (do_one_initcall+0x104/0x1b4)
[    8.017475] [<c0009670>] (do_one_initcall) from [<c05c7d08>] (kernel_init_freeable+0xf0/0x1b0)
[    8.017690] [<c05c7d08>] (kernel_init_freeable) from [<c040f28c>] (kernel_init+0x8/0xe4)
[    8.017861] [<c040f28c>] (kernel_init) from [<c0016da8>] (ret_from_fork+0x14/0x2c)
[    8.018134] ---[ end trace 31a4fb14831aee7a ]---
[    8.018338] ------------[ cut here ]------------
[    8.018452] WARNING: CPU: 0 PID: 1 at /home/vagrant/firmadyne-kernel/kernel-v4.1/lib/kobject.c:240 kobject_add_internal+0x240/0x2ac()
[    8.018673] kobject_add_internal failed for gpio with -EEXIST, don't try to register things with the same name in the same directory.
[    8.018887] Modules linked in:
[    8.019033] CPU: 0 PID: 1 Comm: swapper Tainted: G        W       4.1.17+ #1
[    8.019173] Hardware name: Generic DT based system
[    8.019293] [<c001c99c>] (unwind_backtrace) from [<c0019d30>] (show_stack+0x10/0x14)
[    8.019460] [<c0019d30>] (show_stack) from [<c0024ab4>] (warn_slowpath_common+0x80/0xa8)
[    8.019633] [<c0024ab4>] (warn_slowpath_common) from [<c0024b08>] (warn_slowpath_fmt+0x2c/0x3c)
[    8.019815] [<c0024b08>] (warn_slowpath_fmt) from [<c018e834>] (kobject_add_internal+0x240/0x2ac)
[    8.020009] [<c018e834>] (kobject_add_internal) from [<c018e9a8>] (kset_register+0x1c/0x44)
[    8.020183] [<c018e9a8>] (kset_register) from [<c02090b4>] (__class_register+0xa8/0x198)
[    8.020353] [<c02090b4>] (__class_register) from [<c02091e4>] (__class_create+0x40/0x70)
[    8.020522] [<c02091e4>] (__class_create) from [<c01adf68>] (register_devfs_stubs+0x314/0xbb4)
[    8.020702] [<c01adf68>] (register_devfs_stubs) from [<c05d9b08>] (init_module+0x28/0xa4)
[    8.020874] [<c05d9b08>] (init_module) from [<c0009670>] (do_one_initcall+0x104/0x1b4)
[    8.021042] [<c0009670>] (do_one_initcall) from [<c05c7d08>] (kernel_init_freeable+0xf0/0x1b0)
[    8.021219] [<c05c7d08>] (kernel_init_freeable) from [<c040f28c>] (kernel_init+0x8/0xe4)
[    8.021384] [<c040f28c>] (kernel_init) from [<c0016da8>] (ret_from_fork+0x14/0x2c)
[    8.021553] ---[ end trace 31a4fb14831aee7b ]---
[    8.021731] firmadyne: Cannot create device class: gpio!
[    8.023478] firmadyne: Cannot register character device: watchdog, 0xa, 0x82!
[    8.023660] firmadyne: Cannot register character device: wdt, 0xfd, 0x0!
[    8.105121] PCI host bridge /pcie@10000000 ranges:
[    8.105718]    IO 0x3eff0000..0x3effffff -> 0x00000000
[    8.106087]   MEM 0x10000000..0x3efeffff -> 0x10000000
[    8.106220]   MEM 0x8000000000..0xffffffffff -> 0x8000000000
[    8.106913] pci-host-generic 3f000000.pcie: resource collision: [mem 0x00000000-0xffffffff] conflicts with /pl011@9000000 [mem 0x09000000-0x09000fff]
[    8.107762] pci-host-generic: probe of 3f000000.pcie failed with error -16
[    8.119672] Non-volatile memory driver v1.3
[   10.088685] cfg80211: Calling CRDA to update world regulatory domain
[   10.108670] brd: module loaded
[   10.119176] loop: module loaded
[   13.880521]  vda: vda1
[   13.881585] cfg80211: Calling CRDA to update world regulatory domain
[   13.893279] 0.flash: Found 2 x16 devices at 0x0 in 32-bit bank. Manufacturer ID 0x000000 Chip ID 0x000000
[   13.893984] Intel/Sharp Extended Query Table at 0x0031
[   13.895132] Using buffer write method
[   13.896958] erase region 0: offset=0x0,size=0x40000,blocks=256
[   13.904451] 0.flash: Found 2 x16 devices at 0x0 in 32-bit bank. Manufacturer ID 0x000000 Chip ID 0x000000
[   13.904710] Intel/Sharp Extended Query Table at 0x0031
[   13.905505] Using buffer write method
[   13.905649] erase region 0: offset=0x0,size=0x40000,blocks=256
[   13.905869] Concatenating MTD devices:
[   13.905978] (0): "0.flash"
[   13.906051] (1): "0.flash"
[   13.906117] into device "0.flash"
[   13.917654] [nandsim] warning: read_byte: unexpected data output cycle, state is STATE_READY return 0x0
[   13.917896] [nandsim] warning: read_byte: unexpected data output cycle, state is STATE_READY return 0x0
[   13.918075] [nandsim] warning: read_byte: unexpected data output cycle, state is STATE_READY return 0x0
[   13.918248] [nandsim] warning: read_byte: unexpected data output cycle, state is STATE_READY return 0x0
[   13.918421] [nandsim] warning: read_byte: unexpected data output cycle, state is STATE_READY return 0x0
[   13.918592] [nandsim] warning: read_byte: unexpected data output cycle, state is STATE_READY return 0x0
[   13.919014] nand: device found, Manufacturer ID: 0x98, Chip ID: 0x39
[   13.919161] nand: Toshiba NAND 128MiB 1,8V 8-bit
[   13.919282] nand: 128 MiB, SLC, erase size: 16 KiB, page size: 512, OOB size: 16
[   13.920183] flash size: 128 MiB
[   13.920271] page size: 512 bytes
[   13.920347] OOB area size: 16 bytes
[   13.920427] sector size: 16 KiB
[   13.920499] pages number: 262144
[   13.920571] pages per sector: 32
[   13.920644] bus width: 8
[   13.920705] bits in sector size: 14
[   13.920782] bits in page size: 9
[   13.920858] bits in OOB size: 4
[   13.920935] flash size with OOB: 135168 KiB
[   13.921027] page address bytes: 4
[   13.921102] sector address bytes: 3
[   13.921181] options: 0x42
[   14.807164] Scanning device for bad blocks
[   14.917075] firmadyne: do_execve: /firmadyne/console
[   14.917290] OFFSETS: offset of pid: 0x190 offset of comm: 0x270
[   14.917803] Creating 11 MTD partitions on "NAND 128MiB 1,8V 8-bit":
[   14.918223] 0x000000000000-0x000000100000 : "NAND simulator partition 0"
[   14.920418] 0x000000100000-0x000000200000 : "NAND simulator partition 1"
[   14.921841] 0x000000200000-0x000000300000 : "NAND simulator partition 2"
[   14.923259] 0x000000300000-0x000000400000 : "NAND simulator partition 3"
[   14.924692] 0x000000400000-0x000000500000 : "NAND simulator partition 4"
[   14.926092] 0x000000500000-0x000000600000 : "NAND simulator partition 5"
[   14.927681] 0x000000600000-0x000000700000 : "NAND simulator partition 6"
[   14.929308] 0x000000700000-0x000000800000 : "NAND simulator partition 7"
[   14.930752] 0x000000800000-0x000000900000 : "NAND simulator partition 8"
[   14.932122] 0x000000900000-0x000000a00000 : "NAND simulator partition 9"
[   14.933492] 0x000000a00000-0x000008000000 : "NAND simulator partition 10"
[   14.939289] tun: Universal TUN/TAP device driver, 1.6
[   14.939430] tun: (C) 1999-2004 Max Krasnyansky <maxk@qualcomm.com>
[   15.260024] PPP generic driver version 2.4.2
[   15.260799] PPP BSD Compression module registered
[   15.260984] PPP Deflate Compression module registered
[   15.261228] PPP MPPE Compression module registered
[   15.261369] NET: Registered protocol family 24
[   15.261721] PPTP driver version 0.8.5
[   17.182351] cfg80211: Calling CRDA to update world regulatory domain
[   17.183474] usbcore: registered new interface driver usb-storage
[   17.187305] rtc-pl031 9010000.pl031: rtc core: registered pl031 as rtc0
[   17.188120] hidraw: raw HID events driver (C) Jiri Kosina
[   17.188682] usbcore: registered new interface driver usbhid
[   17.188815] usbhid: USB HID core driver
[   17.189320] Netfilter messages via NETLINK v0.30.
[   17.190031] nf_conntrack version 0.5.0 (3958 buckets, 15832 max)
[   17.191527] ctnetlink v0.93: registering with nfnetlink.
[   17.192998] ipip: IPv4 over IPv4 tunneling driver
[   17.195224] gre: GRE over IPv4 demultiplexor driver
[   17.195393] ip_gre: GRE over IPv4 tunneling driver
[   17.200265] ip_tables: (C) 2000-2006 Netfilter Core Team
[   17.202026] arp_tables: (C) 2002 David S. Miller
[   17.203107] Initializing XFRM netlink socket
[   17.203650] NET: Registered protocol family 10
[   18.201293] ip6_tables: (C) 2000-2006 Netfilter Core Team
[   18.203114] sit: IPv6 over IPv4 tunneling driver
[   18.207263] NET: Registered protocol family 17
[   18.207959] bridge: automatic filtering via arp/ip/ip6tables has been deprecated. Update your scripts to load br_netfilter if you need this.
[   18.208309] Bridge firewalling registered
[   18.208456] Ebtables v2.0 registered
[   18.209705] 8021q: 802.1Q VLAN Support v1.8
[   18.210378] Registering SWP/SWPB emulation handler
[   18.213241] rtc-pl031 9010000.pl031: setting system clock to 2018-07-19 12:49:20 UTC (1532004560)
[   18.224090] EXT4-fs (vda1): couldn't mount as ext3 due to feature incompatibilities
[   18.225942] EXT4-fs (vda1): mounting ext2 file system using the ext4 subsystem
[   18.234481] EXT4-fs (vda1): warning: mounting unchecked fs, running e2fsck is recommended
[   18.237563] EXT4-fs (vda1): mounted filesystem without journal. Opts: (null)
[   18.238733] VFS: Mounted root (ext2 filesystem) on device 254:1.
[   18.257764] Freeing unused kernel memory: 180K (c05c7000 - c05f4000)
[   21.414128] cfg80211: Calling CRDA to update world regulatory domain
[   23.380232] firmadyne: sys_reboot[PID: 54 (init)]: magic1:fee1dead, magic2:28121969, cmd:0
[   25.423729] cfg80211: Calling CRDA to update world regulatory domain
[   28.653589] cfg80211: Calling CRDA to update world regulatory domain
[   32.667477] cfg80211: Calling CRDA to update world regulatory domain
[   36.695394] cfg80211: Calling CRDA to update world regulatory domain
Using /lib/modules/mvKernelExt.ko
