>> Database Image ID: 91

/home/zhumengfan/firmware/firmwares/643a34447e756ca6ef642b578fc179553b60019c.zip
>> MD5: ee3f491518b307697bd287b5bb16d8c1
>> Tag: 91
>> Temp: /tmp/tmpowqysR
>> Status: Kernel: True, Rootfs: False, Do_Kernel: False,                 Do_Rootfs: True
>>>> Zip archive data, at least v2.0 to extract, compressed size: 24485092, uncompressed size: 24490042, name: R8000-V1.0.0.100_1.0.44.chk
>> Recursing into archive ...
	
/tmp/tmpowqysR/_643a34447e756ca6ef642b578fc179553b60019c.zip.extracted/R8000-V1.0.0.100_1.0.44.chk
	>> MD5: cb9f95d1a797a59382f5601b43844b64
	>> Tag: 91
	>> Temp: /tmp/tmp37DJnp
	>> Status: Kernel: True, Rootfs: False, Do_Kernel: False,                 Do_Rootfs: True
	>>>> Squashfs filesystem, little endian, version 4.0, compression:xz, size: 22464422 bytes, 1328 inodes, blocksize: 131072 bytes, created: 2014-07-24 04:04:00
	>>>> Found Linux filesystem in /tmp/tmp37DJnp/_R8000-V1.0.0.100_1.0.44.chk.extracted/squashfs-root!
	>> Skipping: completed!
	>> Cleaning up /tmp/tmp37DJnp...
>> Skipping: completed!
>> Cleaning up /tmp/tmpowqysR...
./bin/busybox: armel
Querying database for architecture... armel
----Running----
----Copying Filesystem Tarball----
----Creating QEMU Image----
Formatting '/home/zhumengfan/firmadyne//scratch//91//image.raw', fmt=raw size=1073741824
----Creating Partition Table----

Welcome to fdisk (util-linux 2.27.1).
Changes will remain in memory only, until you decide to write them.
Be careful before using the write command.

Device does not contain a recognized partition table.
Created a new DOS disklabel with disk identifier 0x3654a118.

Command (m for help): Created a new DOS disklabel with disk identifier 0xa3173f1a.

Command (m for help): Partition type
   p   primary (0 primary, 0 extended, 4 free)
   e   extended (container for logical partitions)
Select (default p): Partition number (1-4, default 1): First sector (2048-2097151, default 2048): Last sector, +sectors or +size{K,M,G,T,P} (2048-2097151, default 2097151): 
Created a new partition 1 of type 'Linux' and of size 1023 MiB.

Command (m for help): The partition table has been altered.
Syncing disks.

----Mounting QEMU Image----
add map loop0p1 (252:0): 0 2095104 linear 7:0 2048
----Creating Filesystem----
mke2fs 1.42.13 (17-May-2015)
Discarding device blocks:   4096/261888             done                            
Creating filesystem with 261888 4k blocks and 65536 inodes
Filesystem UUID: 9e4636a9-e82c-4bea-8d5d-003229b99b34
Superblock backups stored on blocks: 
	32768, 98304, 163840, 229376

Allocating group tables: 0/8   done                            
Writing inode tables: 0/8   done                            
Writing superblocks and filesystem accounting information: 0/8   done

----Making QEMU Image Mountpoint----
----Mounting QEMU Image Partition 1----
----Extracting Filesystem Tarball----
----Creating FIRMADYNE Directories----
----Patching Filesystem (chroot)----
Creating /etc/TZ!
Creating /etc/hosts!
Creating /etc/passwd!
Warning: Recreating device nodes!
Removing /etc/scripts/sys_resetbutton!
Creating default rip_multicast!
Creating default bs_trustedip_enable!
Creating default filter_rule_tbl!
Creating default rip_enable!
----Setting up FIRMADYNE----
----Unmounting QEMU Image----
loop deleted : /dev/loop0
Querying database for architecture... armel
Running firmware 91: terminating after 60 secs...
qemu-system-arm: terminating on signal 2 from pid 108712 (timeout)
Inferring network...
Interfaces: []
Done!
[    0.000000] Booting Linux on physical CPU 0x0
[    0.000000] Linux version 4.1.17+ (vagrant@vagrant-ubuntu-trusty-64) (gcc version 5.3.0 (GCC) ) #1 Thu Feb 18 01:05:21 UTC 2016
[    0.000000] CPU: ARMv7 Processor [412fc0f1] revision 1 (ARMv7), cr=10c5387d
[    0.000000] CPU: PIPT / VIPT nonaliasing data cache, PIPT instruction cache
[    0.000000] Machine model: linux,dummy-virt
[    0.000000] debug: ignoring loglevel setting.
[    0.000000] Memory policy: Data cache writeback
[    0.000000] On node 0 totalpages: 65536
[    0.000000] free_area_init_node: node 0, pgdat c061dfe8, node_mem_map cfdf9000
[    0.000000]   Normal zone: 512 pages used for memmap
[    0.000000]   Normal zone: 0 pages reserved
[    0.000000]   Normal zone: 65536 pages, LIFO batch:15
[    0.000000] psci: probing for conduit method from DT.
[    0.000000] psci: PSCIv0.2 detected in firmware.
[    0.000000] psci: Using standard PSCI v0.2 function IDs
[    0.000000] CPU: All CPU(s) started in SVC mode.
[    0.000000] pcpu-alloc: s0 r0 d32768 u32768 alloc=1*32768
[    0.000000] pcpu-alloc: [0] 0 
[    0.000000] Built 1 zonelists in Zone order, mobility grouping on.  Total pages: 65024
[    0.000000] Kernel command line: firmadyne.syscall=1 root=/dev/vda1 console=ttyS0 nandsim.parts=64,64,64,64,64,64,64,64,64,64 rdinit=/firmadyne/preInit.sh rw debug ignore_loglevel print-fatal-signals=1 user_debug=31
[    0.000000] PID hash table entries: 1024 (order: 0, 4096 bytes)
[    0.000000] Dentry cache hash table entries: 32768 (order: 5, 131072 bytes)
[    0.000000] Inode-cache hash table entries: 16384 (order: 4, 65536 bytes)
[    0.000000] Memory: 253340K/262144K available (4297K kernel code, 170K rwdata, 1584K rodata, 180K init, 148K bss, 8804K reserved, 0K cma-reserved)
[    0.000000] Virtual kernel memory layout:
[    0.000000]     vector  : 0xffff0000 - 0xffff1000   (   4 kB)
[    0.000000]     fixmap  : 0xffc00000 - 0xfff00000   (3072 kB)
[    0.000000]     vmalloc : 0xd0800000 - 0xff000000   ( 744 MB)
[    0.000000]     lowmem  : 0xc0000000 - 0xd0000000   ( 256 MB)
[    0.000000]     modules : 0xbf000000 - 0xc0000000   (  16 MB)
[    0.000000]       .text : 0xc0008000 - 0xc05c67bc   (5882 kB)
[    0.000000]       .init : 0xc05c7000 - 0xc05f4000   ( 180 kB)
[    0.000000]       .data : 0xc05f4000 - 0xc061e840   ( 171 kB)
[    0.000000]        .bss : 0xc0621000 - 0xc06462d4   ( 149 kB)
[    0.000000] NR_IRQS:16 nr_irqs:16 16
[    0.000000] Architected cp15 timer(s) running at 62.50MHz (virt).
[    0.000000] clocksource arch_sys_counter: mask: 0xffffffffffffff max_cycles: 0x1cd42e208c, max_idle_ns: 881590405314 ns
[    0.000158] sched_clock: 56 bits at 62MHz, resolution 16ns, wraps every 4398046511096ns
[    0.000300] Switching to timer-based delay loop, resolution 16ns
[    0.003443] Console: colour dummy device 80x30
[    0.003783] Calibrating delay loop (skipped), value calculated using timer frequency.. 125.00 BogoMIPS (lpj=625000)
[    0.003915] pid_max: default: 32768 minimum: 301
[    0.004833] Mount-cache hash table entries: 1024 (order: 0, 4096 bytes)
[    0.004873] Mountpoint-cache hash table entries: 1024 (order: 0, 4096 bytes)
[    0.014292] CPU: Testing write buffer coherency: ok
[    0.020819] Setting up static identity map for 0x40008240 - 0x40008298
[    5.549548] VFP support v0.3: implementor 41 architecture 4 part 30 variant f rev 0
[    5.561609] clocksource jiffies: mask: 0xffffffff max_cycles: 0xffffffff, max_idle_ns: 19112604462750000 ns
[    5.570840] NET: Registered protocol family 16
[    5.573986] DMA: preallocated 256 KiB pool for atomic coherent allocations
[    5.578146] cpuidle: using governor ladder
[    5.578301] cpuidle: using governor menu
[    9.054397] Serial: AMBA PL011 UART driver
[    9.056669] 9000000.pl011: ttyS0 at MMIO 0x9000000 (irq = 54, base_baud = 0) is a PL011 rev1
[    9.064325] console [ttyS0] enabled
[    9.087138] vgaarb: loaded
[    9.088899] SCSI subsystem initialized
[    9.089973] usbcore: registered new interface driver usbfs
[    9.090328] usbcore: registered new interface driver hub
[    9.090655] usbcore: registered new device driver usb
[    9.100047] cfg80211: Calling CRDA to update world regulatory domain
[    9.102397] Switched to clocksource arch_sys_counter
[    9.120295] NET: Registered protocol family 2
[   13.028842] TCP established hash table entries: 2048 (order: 1, 8192 bytes)
[   13.029135] TCP bind hash table entries: 2048 (order: 1, 8192 bytes)
[   13.029442] TCP: Hash tables configured (established 2048 bind 2048)
[   13.029990] UDP hash table entries: 256 (order: 0, 4096 bytes)
[   13.030233] UDP-Lite hash table entries: 256 (order: 0, 4096 bytes)
[   13.031670] NET: Registered protocol family 1
[   13.032277] PCI: CLS 0 bytes, default 64
[   13.039487] NetWinder Floating Point Emulator V0.97 (extended precision)
[   13.042239] futex hash table entries: 256 (order: -1, 3072 bytes)
[   13.045335] cfg80211: Calling CRDA to update world regulatory domain
[   13.048623] squashfs: version 4.0 (2009/01/31) Phillip Lougher
[   13.049615] jffs2: version 2.2. (NAND) © 2001-2006 Red Hat, Inc.
[   13.050391] romfs: ROMFS MTD (C) 2007 Red Hat, Inc.
[   13.059178] Block layer SCSI generic (bsg) driver version 0.4 loaded (major 253)
[   13.059497] io scheduler noop registered
[   13.059722] io scheduler cfq registered (default)
[   13.060391] firmadyne: devfs: 1, execute: 1, procfs: 1, syscall: 1
[   13.061688] ------------[ cut here ]------------
[   13.061902] WARNING: CPU: 0 PID: 1 at /home/vagrant/firmadyne-kernel/kernel-v4.1/fs/sysfs/dir.c:31 sysfs_warn_dup+0x50/0x6c()
[   13.062266] sysfs: cannot create duplicate filename '/class/gpio'
[   13.062443] Modules linked in:
[   13.062771] CPU: 0 PID: 1 Comm: swapper Not tainted 4.1.17+ #1
[   13.062904] Hardware name: Generic DT based system
[   13.063581] [<c001c99c>] (unwind_backtrace) from [<c0019d30>] (show_stack+0x10/0x14)
[   13.063854] [<c0019d30>] (show_stack) from [<c0024ab4>] (warn_slowpath_common+0x80/0xa8)
[   13.064050] [<c0024ab4>] (warn_slowpath_common) from [<c0024b08>] (warn_slowpath_fmt+0x2c/0x3c)
[   13.064286] [<c0024b08>] (warn_slowpath_fmt) from [<c00e363c>] (sysfs_warn_dup+0x50/0x6c)
[   13.064464] [<c00e363c>] (sysfs_warn_dup) from [<c00e3714>] (sysfs_create_dir_ns+0x74/0x84)
[   13.064645] [<c00e3714>] (sysfs_create_dir_ns) from [<c018e6ac>] (kobject_add_internal+0xb8/0x2ac)
[   13.064846] [<c018e6ac>] (kobject_add_internal) from [<c018e9a8>] (kset_register+0x1c/0x44)
[   13.065025] [<c018e9a8>] (kset_register) from [<c02090b4>] (__class_register+0xa8/0x198)
[   13.065197] [<c02090b4>] (__class_register) from [<c02091e4>] (__class_create+0x40/0x70)
[   13.065369] [<c02091e4>] (__class_create) from [<c01adf68>] (register_devfs_stubs+0x314/0xbb4)
[   13.065549] [<c01adf68>] (register_devfs_stubs) from [<c05d9b08>] (init_module+0x28/0xa4)
[   13.065752] [<c05d9b08>] (init_module) from [<c0009670>] (do_one_initcall+0x104/0x1b4)
[   13.065924] [<c0009670>] (do_one_initcall) from [<c05c7d08>] (kernel_init_freeable+0xf0/0x1b0)
[   13.066108] [<c05c7d08>] (kernel_init_freeable) from [<c040f28c>] (kernel_init+0x8/0xe4)
[   13.066275] [<c040f28c>] (kernel_init) from [<c0016da8>] (ret_from_fork+0x14/0x2c)
[   13.066521] ---[ end trace e982d4fb0e602000 ]---
[   13.066726] ------------[ cut here ]------------
[   13.066847] WARNING: CPU: 0 PID: 1 at /home/vagrant/firmadyne-kernel/kernel-v4.1/lib/kobject.c:240 kobject_add_internal+0x240/0x2ac()
[   13.067048] kobject_add_internal failed for gpio with -EEXIST, don't try to register things with the same name in the same directory.
[   13.067285] Modules linked in:
[   13.067422] CPU: 0 PID: 1 Comm: swapper Tainted: G        W       4.1.17+ #1
[   13.067557] Hardware name: Generic DT based system
[   13.067672] [<c001c99c>] (unwind_backtrace) from [<c0019d30>] (show_stack+0x10/0x14)
[   13.067852] [<c0019d30>] (show_stack) from [<c0024ab4>] (warn_slowpath_common+0x80/0xa8)
[   13.068037] [<c0024ab4>] (warn_slowpath_common) from [<c0024b08>] (warn_slowpath_fmt+0x2c/0x3c)
[   13.068216] [<c0024b08>] (warn_slowpath_fmt) from [<c018e834>] (kobject_add_internal+0x240/0x2ac)
[   13.068405] [<c018e834>] (kobject_add_internal) from [<c018e9a8>] (kset_register+0x1c/0x44)
[   13.068575] [<c018e9a8>] (kset_register) from [<c02090b4>] (__class_register+0xa8/0x198)
[   13.068741] [<c02090b4>] (__class_register) from [<c02091e4>] (__class_create+0x40/0x70)
[   13.068915] [<c02091e4>] (__class_create) from [<c01adf68>] (register_devfs_stubs+0x314/0xbb4)
[   13.069094] [<c01adf68>] (register_devfs_stubs) from [<c05d9b08>] (init_module+0x28/0xa4)
[   13.069263] [<c05d9b08>] (init_module) from [<c0009670>] (do_one_initcall+0x104/0x1b4)
[   13.069428] [<c0009670>] (do_one_initcall) from [<c05c7d08>] (kernel_init_freeable+0xf0/0x1b0)
[   13.069602] [<c05c7d08>] (kernel_init_freeable) from [<c040f28c>] (kernel_init+0x8/0xe4)
[   13.069764] [<c040f28c>] (kernel_init) from [<c0016da8>] (ret_from_fork+0x14/0x2c)
[   13.069926] ---[ end trace e982d4fb0e602001 ]---
[   13.070085] firmadyne: Cannot create device class: gpio!
[   13.071713] firmadyne: Cannot register character device: watchdog, 0xa, 0x82!
[   13.071886] firmadyne: Cannot register character device: wdt, 0xfd, 0x0!
[   13.151841] PCI host bridge /pcie@10000000 ranges:
[   13.152507]    IO 0x3eff0000..0x3effffff -> 0x00000000
[   13.152885]   MEM 0x10000000..0x3efeffff -> 0x10000000
[   13.153017]   MEM 0x8000000000..0xffffffffff -> 0x8000000000
[   13.153675] pci-host-generic 3f000000.pcie: resource collision: [mem 0x00000000-0xffffffff] conflicts with /pl011@9000000 [mem 0x09000000-0x09000fff]
[   13.154375] pci-host-generic: probe of 3f000000.pcie failed with error -16
[   15.752748] Non-volatile memory driver v1.3
[   21.247303] cfg80211: Calling CRDA to update world regulatory domain
[   21.267064] brd: module loaded
[   21.277351] loop: module loaded
Starting firmware emulation... use Ctrl-a + x to exit
qemu-system-arm: terminating on signal 2 from pid 108855 (timeout)
[    0.000000] Booting Linux on physical CPU 0x0
[    0.000000] Linux version 4.1.17+ (vagrant@vagrant-ubuntu-trusty-64) (gcc version 5.3.0 (GCC) ) #1 Thu Feb 18 01:05:21 UTC 2016
[    0.000000] CPU: ARMv7 Processor [412fc0f1] revision 1 (ARMv7), cr=10c5387d
[    0.000000] CPU: PIPT / VIPT nonaliasing data cache, PIPT instruction cache
[    0.000000] Machine model: linux,dummy-virt
[    0.000000] debug: ignoring loglevel setting.
[    0.000000] Memory policy: Data cache writeback
[    0.000000] On node 0 totalpages: 65536
[    0.000000] free_area_init_node: node 0, pgdat c061dfe8, node_mem_map cfdf9000
[    0.000000]   Normal zone: 512 pages used for memmap
[    0.000000]   Normal zone: 0 pages reserved
[    0.000000]   Normal zone: 65536 pages, LIFO batch:15
[    0.000000] psci: probing for conduit method from DT.
[    0.000000] psci: PSCIv0.2 detected in firmware.
[    0.000000] psci: Using standard PSCI v0.2 function IDs
[    0.000000] CPU: All CPU(s) started in SVC mode.
[    0.000000] pcpu-alloc: s0 r0 d32768 u32768 alloc=1*32768
[    0.000000] pcpu-alloc: [0] 0 
[    0.000000] Built 1 zonelists in Zone order, mobility grouping on.  Total pages: 65024
[    0.000000] Kernel command line: root=/dev/vda1 console=ttyS0 nandsim.parts=64,64,64,64,64,64,64,64,64,64 rdinit=/firmadyne/preInit.sh rw debug ignore_loglevel print-fatal-signals=1 user_debug=31 firmadyne.syscall=0
[    0.000000] PID hash table entries: 1024 (order: 0, 4096 bytes)
[    0.000000] Dentry cache hash table entries: 32768 (order: 5, 131072 bytes)
[    0.000000] Inode-cache hash table entries: 16384 (order: 4, 65536 bytes)
[    0.000000] Memory: 253340K/262144K available (4297K kernel code, 170K rwdata, 1584K rodata, 180K init, 148K bss, 8804K reserved, 0K cma-reserved)
[    0.000000] Virtual kernel memory layout:
[    0.000000]     vector  : 0xffff0000 - 0xffff1000   (   4 kB)
[    0.000000]     fixmap  : 0xffc00000 - 0xfff00000   (3072 kB)
[    0.000000]     vmalloc : 0xd0800000 - 0xff000000   ( 744 MB)
[    0.000000]     lowmem  : 0xc0000000 - 0xd0000000   ( 256 MB)
[    0.000000]     modules : 0xbf000000 - 0xc0000000   (  16 MB)
[    0.000000]       .text : 0xc0008000 - 0xc05c67bc   (5882 kB)
[    0.000000]       .init : 0xc05c7000 - 0xc05f4000   ( 180 kB)
[    0.000000]       .data : 0xc05f4000 - 0xc061e840   ( 171 kB)
[    0.000000]        .bss : 0xc0621000 - 0xc06462d4   ( 149 kB)
[    0.000000] NR_IRQS:16 nr_irqs:16 16
[    0.000000] Architected cp15 timer(s) running at 62.50MHz (virt).
[    0.000000] clocksource arch_sys_counter: mask: 0xffffffffffffff max_cycles: 0x1cd42e208c, max_idle_ns: 881590405314 ns
[    0.000169] sched_clock: 56 bits at 62MHz, resolution 16ns, wraps every 4398046511096ns
[    0.000315] Switching to timer-based delay loop, resolution 16ns
[    0.003529] Console: colour dummy device 80x30
[    0.003873] Calibrating delay loop (skipped), value calculated using timer frequency.. 125.00 BogoMIPS (lpj=625000)
[    0.004010] pid_max: default: 32768 minimum: 301
[    0.004962] Mount-cache hash table entries: 1024 (order: 0, 4096 bytes)
[    0.005005] Mountpoint-cache hash table entries: 1024 (order: 0, 4096 bytes)
[    0.014757] CPU: Testing write buffer coherency: ok
[    2.810630] Setting up static identity map for 0x40008240 - 0x40008298
[    2.826324] VFP support v0.3: implementor 41 architecture 4 part 30 variant f rev 0
[    2.838660] clocksource jiffies: mask: 0xffffffff max_cycles: 0xffffffff, max_idle_ns: 19112604462750000 ns
[    5.020328] NET: Registered protocol family 16
[    5.023676] DMA: preallocated 256 KiB pool for atomic coherent allocations
[    5.028128] cpuidle: using governor ladder
[    5.028305] cpuidle: using governor menu
[    5.049571] Serial: AMBA PL011 UART driver
[    5.051836] 9000000.pl011: ttyS0 at MMIO 0x9000000 (irq = 54, base_baud = 0) is a PL011 rev1
[    5.059897] console [ttyS0] enabled
[    5.082727] vgaarb: loaded
[    5.084270] SCSI subsystem initialized
[    5.085360] usbcore: registered new interface driver usbfs
[    5.085722] usbcore: registered new interface driver hub
[    5.086052] usbcore: registered new device driver usb
[    9.422400] cfg80211: Calling CRDA to update world regulatory domain
[    9.424844] Switched to clocksource arch_sys_counter
[    9.442882] NET: Registered protocol family 2
[    9.448414] TCP established hash table entries: 2048 (order: 1, 8192 bytes)
[    9.448682] TCP bind hash table entries: 2048 (order: 1, 8192 bytes)
[    9.448998] TCP: Hash tables configured (established 2048 bind 2048)
[    9.449551] UDP hash table entries: 256 (order: 0, 4096 bytes)
[    9.449806] UDP-Lite hash table entries: 256 (order: 0, 4096 bytes)
[    9.451257] NET: Registered protocol family 1
[    9.451721] PCI: CLS 0 bytes, default 64
[    9.459379] NetWinder Floating Point Emulator V0.97 (extended precision)
[    9.462181] futex hash table entries: 256 (order: -1, 3072 bytes)
[    9.467864] squashfs: version 4.0 (2009/01/31) Phillip Lougher
[    9.468910] jffs2: version 2.2. (NAND) © 2001-2006 Red Hat, Inc.
[    9.469722] romfs: ROMFS MTD (C) 2007 Red Hat, Inc.
[   12.782641] Block layer SCSI generic (bsg) driver version 0.4 loaded (major 253)
[   12.783010] io scheduler noop registered
[   12.783245] io scheduler cfq registered (default)
[   12.783961] firmadyne: devfs: 1, execute: 1, procfs: 1, syscall: 0
[   12.786079] ------------[ cut here ]------------
[   12.786318] WARNING: CPU: 0 PID: 1 at /home/vagrant/firmadyne-kernel/kernel-v4.1/fs/sysfs/dir.c:31 sysfs_warn_dup+0x50/0x6c()
[   12.786557] sysfs: cannot create duplicate filename '/class/gpio'
[   12.786724] Modules linked in:
[   12.787066] CPU: 0 PID: 1 Comm: swapper Not tainted 4.1.17+ #1
[   12.787209] Hardware name: Generic DT based system
[   12.787919] [<c001c99c>] (unwind_backtrace) from [<c0019d30>] (show_stack+0x10/0x14)
[   12.788205] [<c0019d30>] (show_stack) from [<c0024ab4>] (warn_slowpath_common+0x80/0xa8)
[   12.788410] [<c0024ab4>] (warn_slowpath_common) from [<c0024b08>] (warn_slowpath_fmt+0x2c/0x3c)
[   12.788657] [<c0024b08>] (warn_slowpath_fmt) from [<c00e363c>] (sysfs_warn_dup+0x50/0x6c)
[   12.788844] [<c00e363c>] (sysfs_warn_dup) from [<c00e3714>] (sysfs_create_dir_ns+0x74/0x84)
[   12.789035] [<c00e3714>] (sysfs_create_dir_ns) from [<c018e6ac>] (kobject_add_internal+0xb8/0x2ac)
[   12.789231] [<c018e6ac>] (kobject_add_internal) from [<c018e9a8>] (kset_register+0x1c/0x44)
[   12.789438] [<c018e9a8>] (kset_register) from [<c02090b4>] (__class_register+0xa8/0x198)
[   12.789621] [<c02090b4>] (__class_register) from [<c02091e4>] (__class_create+0x40/0x70)
[   12.789801] [<c02091e4>] (__class_create) from [<c01adf68>] (register_devfs_stubs+0x314/0xbb4)
[   12.789993] [<c01adf68>] (register_devfs_stubs) from [<c05d9b08>] (init_module+0x28/0xa4)
[   12.790213] [<c05d9b08>] (init_module) from [<c0009670>] (do_one_initcall+0x104/0x1b4)
[   12.790393] [<c0009670>] (do_one_initcall) from [<c05c7d08>] (kernel_init_freeable+0xf0/0x1b0)
[   12.790586] [<c05c7d08>] (kernel_init_freeable) from [<c040f28c>] (kernel_init+0x8/0xe4)
[   12.790762] [<c040f28c>] (kernel_init) from [<c0016da8>] (ret_from_fork+0x14/0x2c)
[   12.791035] ---[ end trace cbf4ecc18a7b039c ]---
[   12.791254] ------------[ cut here ]------------
[   12.791373] WARNING: CPU: 0 PID: 1 at /home/vagrant/firmadyne-kernel/kernel-v4.1/lib/kobject.c:240 kobject_add_internal+0x240/0x2ac()
[   12.791602] kobject_add_internal failed for gpio with -EEXIST, don't try to register things with the same name in the same directory.
[   12.791826] Modules linked in:
[   12.791978] CPU: 0 PID: 1 Comm: swapper Tainted: G        W       4.1.17+ #1
[   12.792121] Hardware name: Generic DT based system
[   12.792248] [<c001c99c>] (unwind_backtrace) from [<c0019d30>] (show_stack+0x10/0x14)
[   12.792420] [<c0019d30>] (show_stack) from [<c0024ab4>] (warn_slowpath_common+0x80/0xa8)
[   12.792600] [<c0024ab4>] (warn_slowpath_common) from [<c0024b08>] (warn_slowpath_fmt+0x2c/0x3c)
[   12.792788] [<c0024b08>] (warn_slowpath_fmt) from [<c018e834>] (kobject_add_internal+0x240/0x2ac)
[   12.792990] [<c018e834>] (kobject_add_internal) from [<c018e9a8>] (kset_register+0x1c/0x44)
[   12.793169] [<c018e9a8>] (kset_register) from [<c02090b4>] (__class_register+0xa8/0x198)
[   12.793355] [<c02090b4>] (__class_register) from [<c02091e4>] (__class_create+0x40/0x70)
[   12.793531] [<c02091e4>] (__class_create) from [<c01adf68>] (register_devfs_stubs+0x314/0xbb4)
[   12.793722] [<c01adf68>] (register_devfs_stubs) from [<c05d9b08>] (init_module+0x28/0xa4)
[   12.793903] [<c05d9b08>] (init_module) from [<c0009670>] (do_one_initcall+0x104/0x1b4)
[   12.794077] [<c0009670>] (do_one_initcall) from [<c05c7d08>] (kernel_init_freeable+0xf0/0x1b0)
[   12.794263] [<c05c7d08>] (kernel_init_freeable) from [<c040f28c>] (kernel_init+0x8/0xe4)
[   12.794435] [<c040f28c>] (kernel_init) from [<c0016da8>] (ret_from_fork+0x14/0x2c)
[   12.794810] ---[ end trace cbf4ecc18a7b039d ]---
[   12.794998] firmadyne: Cannot create device class: gpio!
[   12.796763] firmadyne: Cannot register character device: watchdog, 0xa, 0x82!
[   12.796951] firmadyne: Cannot register character device: wdt, 0xfd, 0x0!
[   12.807673] cfg80211: Calling CRDA to update world regulatory domain
[   12.880371] PCI host bridge /pcie@10000000 ranges:
[   12.880983]    IO 0x3eff0000..0x3effffff -> 0x00000000
[   12.881381]   MEM 0x10000000..0x3efeffff -> 0x10000000
[   12.881518]   MEM 0x8000000000..0xffffffffff -> 0x8000000000
[   12.882218] pci-host-generic 3f000000.pcie: resource collision: [mem 0x00000000-0xffffffff] conflicts with /pl011@9000000 [mem 0x09000000-0x09000fff]
[   12.882952] pci-host-generic: probe of 3f000000.pcie failed with error -16
[   12.895244] Non-volatile memory driver v1.3
[   14.692486] brd: module loaded
[   14.702740] loop: module loaded
