>> Database Image ID: 25

/home/zhumengfan/firmware/firmwares/756d8ea6359cd4609fbd0ba662a57eb65b1d1c0a.ZIP
>> MD5: 01612adab3695293a110d88efb2b61a1
>> Tag: 25
>> Temp: /tmp/tmpKUUZnp
>> Status: Kernel: True, Rootfs: False, Do_Kernel: False,                 Do_Rootfs: True
>>>> Zip archive data, at least v2.0 to extract, compressed size: 12351511, uncompressed size: 12812464, name: DGS-1210-52-C1-4-00-025-ALL.hex
>> Recursing into archive ...
	
/tmp/tmpKUUZnp/_756d8ea6359cd4609fbd0ba662a57eb65b1d1c0a.ZIP.extracted/DGS-1210-52-C1-4-00-025-ALL.hex
	>> MD5: 813c3e5f3d98fe640673893252ddf3a1
	>> Tag: 25
	>> Temp: /tmp/tmpKNOSKd
	>> Status: Kernel: True, Rootfs: False, Do_Kernel: False,                 Do_Rootfs: True
	>>>> Squashfs filesystem, little endian, version 4.0, compression:xz, size: 10687510 bytes, 744 inodes, blocksize: 131072 bytes, created: 2013-11-07 11:15:26
	>>>> Found Linux filesystem in /tmp/tmpKNOSKd/_DGS-1210-52-C1-4-00-025-ALL.hex.extracted/squashfs-root!
	>> Skipping: completed!
	>> Cleaning up /tmp/tmpKNOSKd...
>> Skipping: completed!
>> Cleaning up /tmp/tmpKUUZnp...
./bin/busybox: armel
Querying database for architecture... armel
----Running----
----Copying Filesystem Tarball----
----Creating QEMU Image----
Formatting '/home/zhumengfan/firmadyne//scratch//25//image.raw', fmt=raw size=1073741824
----Creating Partition Table----

Welcome to fdisk (util-linux 2.27.1).
Changes will remain in memory only, until you decide to write them.
Be careful before using the write command.

Device does not contain a recognized partition table.
Created a new DOS disklabel with disk identifier 0x0c35cf63.

Command (m for help): Created a new DOS disklabel with disk identifier 0x52794661.

Command (m for help): Partition type
   p   primary (0 primary, 0 extended, 4 free)
   e   extended (container for logical partitions)
Select (default p): Partition number (1-4, default 1): First sector (2048-2097151, default 2048): Last sector, +sectors or +size{K,M,G,T,P} (2048-2097151, default 2097151): 
Created a new partition 1 of type 'Linux' and of size 1023 MiB.

Command (m for help): The partition table has been altered.
Syncing disks.

----Mounting QEMU Image----
add map loop0p1 (252:0): 0 2095104 linear 7:0 2048
----Creating Filesystem----
mke2fs 1.42.13 (17-May-2015)
Discarding device blocks:   4096/261888             done                            
Creating filesystem with 261888 4k blocks and 65536 inodes
Filesystem UUID: e8a08617-4e9c-4731-b166-b246c175adc5
Superblock backups stored on blocks: 
	32768, 98304, 163840, 229376

Allocating group tables: 0/8   done                            
Writing inode tables: 0/8   done                            
Writing superblocks and filesystem accounting information: 0/8   done

----Making QEMU Image Mountpoint----
----Mounting QEMU Image Partition 1----
----Extracting Filesystem Tarball----
----Creating FIRMADYNE Directories----
----Patching Filesystem (chroot)----
Creating /etc/TZ!
Warning: Recreating device nodes!
Removing /etc/scripts/sys_resetbutton!
----Setting up FIRMADYNE----
----Unmounting QEMU Image----
loop deleted : /dev/loop0
Querying database for architecture... armel
Running firmware 25: terminating after 60 secs...
qemu-system-arm: terminating on signal 2 from pid 64119 (timeout)
Inferring network...
Interfaces: []
Done!
[    0.000000] Booting Linux on physical CPU 0x0
[    0.000000] Linux version 4.1.17+ (vagrant@vagrant-ubuntu-trusty-64) (gcc version 5.3.0 (GCC) ) #1 Thu Feb 18 01:05:21 UTC 2016
[    0.000000] CPU: ARMv7 Processor [412fc0f1] revision 1 (ARMv7), cr=10c5387d
[    0.000000] CPU: PIPT / VIPT nonaliasing data cache, PIPT instruction cache
[    0.000000] Machine model: linux,dummy-virt
[    0.000000] debug: ignoring loglevel setting.
[    0.000000] Memory policy: Data cache writeback
[    0.000000] On node 0 totalpages: 65536
[    0.000000] free_area_init_node: node 0, pgdat c061dfe8, node_mem_map cfdf9000
[    0.000000]   Normal zone: 512 pages used for memmap
[    0.000000]   Normal zone: 0 pages reserved
[    0.000000]   Normal zone: 65536 pages, LIFO batch:15
[    0.000000] psci: probing for conduit method from DT.
[    0.000000] psci: PSCIv0.2 detected in firmware.
[    0.000000] psci: Using standard PSCI v0.2 function IDs
[    0.000000] CPU: All CPU(s) started in SVC mode.
[    0.000000] pcpu-alloc: s0 r0 d32768 u32768 alloc=1*32768
[    0.000000] pcpu-alloc: [0] 0 
[    0.000000] Built 1 zonelists in Zone order, mobility grouping on.  Total pages: 65024
[    0.000000] Kernel command line: firmadyne.syscall=1 root=/dev/vda1 console=ttyS0 nandsim.parts=64,64,64,64,64,64,64,64,64,64 rdinit=/firmadyne/preInit.sh rw debug ignore_loglevel print-fatal-signals=1 user_debug=31
[    0.000000] PID hash table entries: 1024 (order: 0, 4096 bytes)
[    0.000000] Dentry cache hash table entries: 32768 (order: 5, 131072 bytes)
[    0.000000] Inode-cache hash table entries: 16384 (order: 4, 65536 bytes)
[    0.000000] Memory: 253340K/262144K available (4297K kernel code, 170K rwdata, 1584K rodata, 180K init, 148K bss, 8804K reserved, 0K cma-reserved)
[    0.000000] Virtual kernel memory layout:
[    0.000000]     vector  : 0xffff0000 - 0xffff1000   (   4 kB)
[    0.000000]     fixmap  : 0xffc00000 - 0xfff00000   (3072 kB)
[    0.000000]     vmalloc : 0xd0800000 - 0xff000000   ( 744 MB)
[    0.000000]     lowmem  : 0xc0000000 - 0xd0000000   ( 256 MB)
[    0.000000]     modules : 0xbf000000 - 0xc0000000   (  16 MB)
[    0.000000]       .text : 0xc0008000 - 0xc05c67bc   (5882 kB)
[    0.000000]       .init : 0xc05c7000 - 0xc05f4000   ( 180 kB)
[    0.000000]       .data : 0xc05f4000 - 0xc061e840   ( 171 kB)
[    0.000000]        .bss : 0xc0621000 - 0xc06462d4   ( 149 kB)
[    0.000000] NR_IRQS:16 nr_irqs:16 16
[    0.000000] Architected cp15 timer(s) running at 62.50MHz (virt).
[    0.000000] clocksource arch_sys_counter: mask: 0xffffffffffffff max_cycles: 0x1cd42e208c, max_idle_ns: 881590405314 ns
[    0.000175] sched_clock: 56 bits at 62MHz, resolution 16ns, wraps every 4398046511096ns
[    0.000320] Switching to timer-based delay loop, resolution 16ns
[    0.003485] Console: colour dummy device 80x30
[    0.003810] Calibrating delay loop (skipped), value calculated using timer frequency.. 125.00 BogoMIPS (lpj=625000)
[    0.003939] pid_max: default: 32768 minimum: 301
[    0.004825] Mount-cache hash table entries: 1024 (order: 0, 4096 bytes)
[    0.004862] Mountpoint-cache hash table entries: 1024 (order: 0, 4096 bytes)
[    0.014282] CPU: Testing write buffer coherency: ok
[    0.098664] Setting up static identity map for 0x40008240 - 0x40008298
[    0.114199] VFP support v0.3: implementor 41 architecture 4 part 30 variant f rev 0
[    0.127842] clocksource jiffies: mask: 0xffffffff max_cycles: 0xffffffff, max_idle_ns: 19112604462750000 ns
[    0.204825] NET: Registered protocol family 16
[    0.208056] DMA: preallocated 256 KiB pool for atomic coherent allocations
[    0.212395] cpuidle: using governor ladder
[    0.212587] cpuidle: using governor menu
[    0.233735] Serial: AMBA PL011 UART driver
[    0.235913] 9000000.pl011: ttyS0 at MMIO 0x9000000 (irq = 54, base_baud = 0) is a PL011 rev1
[    0.243997] console [ttyS0] enabled
[    0.267007] vgaarb: loaded
[    0.268519] SCSI subsystem initialized
[    0.269570] usbcore: registered new interface driver usbfs
[    0.269923] usbcore: registered new interface driver hub
[    0.270256] usbcore: registered new device driver usb
[    0.327560] cfg80211: Calling CRDA to update world regulatory domain
[    0.330122] Switched to clocksource arch_sys_counter
[    0.348480] NET: Registered protocol family 2
[    0.353882] TCP established hash table entries: 2048 (order: 1, 8192 bytes)
[    0.354165] TCP bind hash table entries: 2048 (order: 1, 8192 bytes)
[    0.354473] TCP: Hash tables configured (established 2048 bind 2048)
[    0.355014] UDP hash table entries: 256 (order: 0, 4096 bytes)
[    0.355261] UDP-Lite hash table entries: 256 (order: 0, 4096 bytes)
[    0.356757] NET: Registered protocol family 1
[    0.357208] PCI: CLS 0 bytes, default 64
[    0.364897] NetWinder Floating Point Emulator V0.97 (extended precision)
[    0.367618] futex hash table entries: 256 (order: -1, 3072 bytes)
[    0.373303] squashfs: version 4.0 (2009/01/31) Phillip Lougher
[    0.374353] jffs2: version 2.2. (NAND) © 2001-2006 Red Hat, Inc.
[    0.375139] romfs: ROMFS MTD (C) 2007 Red Hat, Inc.
[    0.432218] Block layer SCSI generic (bsg) driver version 0.4 loaded (major 253)
[    0.432625] io scheduler noop registered
[    0.432881] io scheduler cfq registered (default)
[    0.433614] firmadyne: devfs: 1, execute: 1, procfs: 1, syscall: 1
[    0.434994] ------------[ cut here ]------------
[    0.435216] WARNING: CPU: 0 PID: 1 at /home/vagrant/firmadyne-kernel/kernel-v4.1/fs/sysfs/dir.c:31 sysfs_warn_dup+0x50/0x6c()
[    0.435443] sysfs: cannot create duplicate filename '/class/gpio'
[    0.435611] Modules linked in:
[    0.435947] CPU: 0 PID: 1 Comm: swapper Not tainted 4.1.17+ #1
[    0.436090] Hardware name: Generic DT based system
[    0.436801] [<c001c99c>] (unwind_backtrace) from [<c0019d30>] (show_stack+0x10/0x14)
[    0.437079] [<c0019d30>] (show_stack) from [<c0024ab4>] (warn_slowpath_common+0x80/0xa8)
[    0.437304] [<c0024ab4>] (warn_slowpath_common) from [<c0024b08>] (warn_slowpath_fmt+0x2c/0x3c)
[    0.437574] [<c0024b08>] (warn_slowpath_fmt) from [<c00e363c>] (sysfs_warn_dup+0x50/0x6c)
[    0.437810] [<c00e363c>] (sysfs_warn_dup) from [<c00e3714>] (sysfs_create_dir_ns+0x74/0x84)
[    0.437997] [<c00e3714>] (sysfs_create_dir_ns) from [<c018e6ac>] (kobject_add_internal+0xb8/0x2ac)
[    0.438220] [<c018e6ac>] (kobject_add_internal) from [<c018e9a8>] (kset_register+0x1c/0x44)
[    0.438397] [<c018e9a8>] (kset_register) from [<c02090b4>] (__class_register+0xa8/0x198)
[    0.438607] [<c02090b4>] (__class_register) from [<c02091e4>] (__class_create+0x40/0x70)
[    0.438826] [<c02091e4>] (__class_create) from [<c01adf68>] (register_devfs_stubs+0x314/0xbb4)
[    0.439013] [<c01adf68>] (register_devfs_stubs) from [<c05d9b08>] (init_module+0x28/0xa4)
[    0.439224] [<c05d9b08>] (init_module) from [<c0009670>] (do_one_initcall+0x104/0x1b4)
[    0.439401] [<c0009670>] (do_one_initcall) from [<c05c7d08>] (kernel_init_freeable+0xf0/0x1b0)
[    0.439590] [<c05c7d08>] (kernel_init_freeable) from [<c040f28c>] (kernel_init+0x8/0xe4)
[    0.439954] [<c040f28c>] (kernel_init) from [<c0016da8>] (ret_from_fork+0x14/0x2c)
[    0.440232] ---[ end trace 0f428ae922585c0a ]---
[    0.440431] ------------[ cut here ]------------
[    0.440563] WARNING: CPU: 0 PID: 1 at /home/vagrant/firmadyne-kernel/kernel-v4.1/lib/kobject.c:240 kobject_add_internal+0x240/0x2ac()
[    0.440799] kobject_add_internal failed for gpio with -EEXIST, don't try to register things with the same name in the same directory.
[    0.441019] Modules linked in:
[    0.441163] CPU: 0 PID: 1 Comm: swapper Tainted: G        W       4.1.17+ #1
[    0.441305] Hardware name: Generic DT based system
[    0.441447] [<c001c99c>] (unwind_backtrace) from [<c0019d30>] (show_stack+0x10/0x14)
[    0.441617] [<c0019d30>] (show_stack) from [<c0024ab4>] (warn_slowpath_common+0x80/0xa8)
[    0.441794] [<c0024ab4>] (warn_slowpath_common) from [<c0024b08>] (warn_slowpath_fmt+0x2c/0x3c)
[    0.441980] [<c0024b08>] (warn_slowpath_fmt) from [<c018e834>] (kobject_add_internal+0x240/0x2ac)
[    0.442181] [<c018e834>] (kobject_add_internal) from [<c018e9a8>] (kset_register+0x1c/0x44)
[    0.442358] [<c018e9a8>] (kset_register) from [<c02090b4>] (__class_register+0xa8/0x198)
[    0.442531] [<c02090b4>] (__class_register) from [<c02091e4>] (__class_create+0x40/0x70)
[    0.442703] [<c02091e4>] (__class_create) from [<c01adf68>] (register_devfs_stubs+0x314/0xbb4)
[    0.442888] [<c01adf68>] (register_devfs_stubs) from [<c05d9b08>] (init_module+0x28/0xa4)
[    0.443063] [<c05d9b08>] (init_module) from [<c0009670>] (do_one_initcall+0x104/0x1b4)
[    0.443264] [<c0009670>] (do_one_initcall) from [<c05c7d08>] (kernel_init_freeable+0xf0/0x1b0)
[    0.443432] [<c05c7d08>] (kernel_init_freeable) from [<c040f28c>] (kernel_init+0x8/0xe4)
[    0.443589] [<c040f28c>] (kernel_init) from [<c0016da8>] (ret_from_fork+0x14/0x2c)
[    0.443765] ---[ end trace 0f428ae922585c0b ]---
[    0.443946] firmadyne: Cannot create device class: gpio!
[    0.445799] firmadyne: Cannot register character device: watchdog, 0xa, 0x82!
[    0.445983] firmadyne: Cannot register character device: wdt, 0xfd, 0x0!
[    0.531555] PCI host bridge /pcie@10000000 ranges:
[    0.532143]    IO 0x3eff0000..0x3effffff -> 0x00000000
[    0.532497]   MEM 0x10000000..0x3efeffff -> 0x10000000
[    0.532629]   MEM 0x8000000000..0xffffffffff -> 0x8000000000
[    0.533386] pci-host-generic 3f000000.pcie: resource collision: [mem 0x00000000-0xffffffff] conflicts with /pl011@9000000 [mem 0x09000000-0x09000fff]
[    0.534121] pci-host-generic: probe of 3f000000.pcie failed with error -16
[    0.545898] Non-volatile memory driver v1.3
[    1.224332] brd: module loaded
[    1.234695] loop: module loaded
[    1.301711]  vda: vda1
[    1.313818] 0.flash: Found 2 x16 devices at 0x0 in 32-bit bank. Manufacturer ID 0x000000 Chip ID 0x000000
[    1.314523] Intel/Sharp Extended Query Table at 0x0031
[    1.402568] Using buffer write method
[    1.403093] erase region 0: offset=0x0,size=0x40000,blocks=256
[    1.411097] 0.flash: Found 2 x16 devices at 0x0 in 32-bit bank. Manufacturer ID 0x000000 Chip ID 0x000000
[    1.411504] Intel/Sharp Extended Query Table at 0x0031
[    1.412551] Using buffer write method
[    1.412718] erase region 0: offset=0x0,size=0x40000,blocks=256
[    1.412950] Concatenating MTD devices:
[    1.413058] (0): "0.flash"
[    1.413138] (1): "0.flash"
[    1.413223] into device "0.flash"
[    1.426380] [nandsim] warning: read_byte: unexpected data output cycle, state is STATE_READY return 0x0
[    1.426728] [nandsim] warning: read_byte: unexpected data output cycle, state is STATE_READY return 0x0
[    1.427020] [nandsim] warning: read_byte: unexpected data output cycle, state is STATE_READY return 0x0
[    1.427302] [nandsim] warning: read_byte: unexpected data output cycle, state is STATE_READY return 0x0
[    1.427571] [nandsim] warning: read_byte: unexpected data output cycle, state is STATE_READY return 0x0
[    1.427845] [nandsim] warning: read_byte: unexpected data output cycle, state is STATE_READY return 0x0
[    1.428469] nand: device found, Manufacturer ID: 0x98, Chip ID: 0x39
[    1.428624] nand: Toshiba NAND 128MiB 1,8V 8-bit
[    1.428750] nand: 128 MiB, SLC, erase size: 16 KiB, page size: 512, OOB size: 16
[    1.429696] flash size: 128 MiB
[    1.429982] page size: 512 bytes
[    1.430070] OOB area size: 16 bytes
[    1.430153] sector size: 16 KiB
[    1.430229] pages number: 262144
[    1.430305] pages per sector: 32
[    1.430379] bus width: 8
[    1.430441] bits in sector size: 14
[    1.430535] bits in page size: 9
[    1.430629] bits in OOB size: 4
[    1.430708] flash size with OOB: 135168 KiB
[    1.430831] page address bytes: 4
[    1.430909] sector address bytes: 3
[    1.430989] options: 0x42
[    1.449273] Scanning device for bad blocks
[    1.567492] firmadyne: do_execve: /firmadyne/console
[    1.567714] OFFSETS: offset of pid: 0x190 offset of comm: 0x270
[    1.568293] Creating 11 MTD partitions on "NAND 128MiB 1,8V 8-bit":
[    1.568711] 0x000000000000-0x000000100000 : "NAND simulator partition 0"
[    1.571315] 0x000000100000-0x000000200000 : "NAND simulator partition 1"
[    1.572817] 0x000000200000-0x000000300000 : "NAND simulator partition 2"
[    1.574328] 0x000000300000-0x000000400000 : "NAND simulator partition 3"
[    1.575864] 0x000000400000-0x000000500000 : "NAND simulator partition 4"
[    1.577361] 0x000000500000-0x000000600000 : "NAND simulator partition 5"
[    1.578872] 0x000000600000-0x000000700000 : "NAND simulator partition 6"
[    1.580748] 0x000000700000-0x000000800000 : "NAND simulator partition 7"
[    1.582212] 0x000000800000-0x000000900000 : "NAND simulator partition 8"
[    1.583639] 0x000000900000-0x000000a00000 : "NAND simulator partition 9"
[    1.585123] 0x000000a00000-0x000008000000 : "NAND simulator partition 10"
[    1.591415] tun: Universal TUN/TAP device driver, 1.6
[    1.591564] tun: (C) 1999-2004 Max Krasnyansky <maxk@qualcomm.com>
[    1.719969] PPP generic driver version 2.4.2
[    1.720833] PPP BSD Compression module registered
[    1.721021] PPP Deflate Compression module registered
[    1.721284] PPP MPPE Compression module registered
[    1.721463] NET: Registered protocol family 24
[    1.721883] PPTP driver version 0.8.5
[    1.774299] usbcore: registered new interface driver usb-storage
[    1.777982] rtc-pl031 9010000.pl031: rtc core: registered pl031 as rtc0
[    1.778753] hidraw: raw HID events driver (C) Jiri Kosina
[    1.779367] usbcore: registered new interface driver usbhid
[    1.779493] usbhid: USB HID core driver
[    1.780136] Netfilter messages via NETLINK v0.30.
[    1.780852] nf_conntrack version 0.5.0 (3958 buckets, 15832 max)
[    1.782463] ctnetlink v0.93: registering with nfnetlink.
[    1.784015] ipip: IPv4 over IPv4 tunneling driver
[    1.786322] gre: GRE over IPv4 demultiplexor driver
[    1.786497] ip_gre: GRE over IPv4 tunneling driver
[    1.791467] ip_tables: (C) 2000-2006 Netfilter Core Team
[    1.793298] arp_tables: (C) 2002 David S. Miller
[    1.794447] Initializing XFRM netlink socket
[    1.795010] NET: Registered protocol family 10
[    1.802536] ip6_tables: (C) 2000-2006 Netfilter Core Team
[    1.804336] sit: IPv6 over IPv4 tunneling driver
[    1.885597] NET: Registered protocol family 17
[    1.886302] bridge: automatic filtering via arp/ip/ip6tables has been deprecated. Update your scripts to load br_netfilter if you need this.
[    1.886687] Bridge firewalling registered
[    1.886849] Ebtables v2.0 registered
[    1.888133] 8021q: 802.1Q VLAN Support v1.8
[    1.888813] Registering SWP/SWPB emulation handler
[    1.891892] rtc-pl031 9010000.pl031: setting system clock to 2018-07-19 08:40:30 UTC (1531989630)
[    1.903195] EXT4-fs (vda1): couldn't mount as ext3 due to feature incompatibilities
[    1.904896] EXT4-fs (vda1): mounting ext2 file system using the ext4 subsystem
[    1.916840] EXT4-fs (vda1): mounted filesystem without journal. Opts: (null)
[    1.917987] VFS: Mounted root (ext2 filesystem) on device 254:1.
[    1.936550] Freeing unused kernel memory: 180K (c05c7000 - c05f4000)
[    2.156850] firmadyne: sys_reboot[PID: 1 (init)]: magic1:fee1dead, magic2:28121969, cmd:0
[    2.200069] firmadyne: sys_socket[PID: 54 (init)]: family:1, type:2, protocol:0
[    2.214030] firmadyne: sys_socket[PID: 54 (init)]: family:1, type:1, protocol:0
[    2.242515] firmadyne: sys_socket[PID: 55 (init)]: family:1, type:2, protocol:0
[    2.242942] firmadyne: sys_socket[PID: 55 (init)]: family:1, type:1, protocol:0
[    2.262884] EXT4-fs (vda1): re-mounted. Opts: (null)
[    2.266161] firmadyne: sys_socket[PID: 56 (init)]: family:1, type:2, protocol:0
[    2.266552] firmadyne: sys_socket[PID: 56 (init)]: family:1, type:1, protocol:0
[    2.375548] firmadyne: sys_socket[PID: 57 (init)]: family:1, type:2, protocol:0
[    2.375977] firmadyne: sys_socket[PID: 57 (init)]: family:1, type:1, protocol:0
[    2.389514] firmadyne: sys_socket[PID: 58 (init)]: family:1, type:2, protocol:0
[    2.390115] firmadyne: sys_socket[PID: 58 (init)]: family:1, type:1, protocol:0
[    2.416354] firmadyne: sys_socket[PID: 59 (init)]: family:1, type:2, protocol:0
[    2.416766] firmadyne: sys_socket[PID: 59 (init)]: family:1, type:1, protocol:0
[    2.475544] firmadyne: sys_socket[PID: 60 (init)]: family:1, type:2, protocol:0
[    2.476018] firmadyne: sys_socket[PID: 60 (init)]: family:1, type:1, protocol:0

 [ERROR]: Failed to read PROM board id from Command Line
[SINGLE_IMG Error]:Cm_Single_IMG_board_info_by_series_init #184

 [ERROR]: Failed to open NVRAM 

 Writing /mnt/issnvram.txt with default values 


 [ERROR]: Failed to read default Switch Mac Address from Command Line
[    3.684392] cfg80211: Calling CRDA to update world regulatory domain
open /dev/linux-user-bde: : No such device or address
SAL Initialization failed
 Starting logging: [    4.119300] firmadyne: sys_socket[PID: 84 (syslogd)]: family:1, type:2, protocol:0
OK
[    4.154927] firmadyne: sys_socket[PID: 86 (klogd)]: family:1, type:2, protocol:0
Initializing random number generator... [    4.493763] random: dd urandom read with 7 bits of entropy available
done.
Starting network...
[    4.638423] firmadyne: sys_socket[PID: 97 (ip)]: family:16, type:3, protocol:0
[    4.698512] firmadyne: sys_socket[PID: 97 (ip)]: family:2, type:2, protocol:0
[    4.701784] firmadyne: __inet_insert_ifa[PID: 97 (ip)]: device:lo ifa:0x0100007f
[    4.729751] firmadyne: sys_socket[PID: 99 (ip)]: family:2, type:2, protocol:0
[    4.732346] firmadyne: __inet_insert_ifa[PID: 99 (ip)]: device:lo ifa:0x0100007f
[    4.822671] firmadyne: sys_socket[PID: 102 (init)]: family:1, type:2, protocol:0
[    5.248834] firmadyne: sys_socket[PID: 103 (init)]: family:1, type:2, protocol:0

Welcome to Broadcom Linux
iProc login: [    6.831027] cfg80211: Calling CRDA to update world regulatory domain
[    9.981282] cfg80211: Calling CRDA to update world regulatory domain
[   13.131427] cfg80211: Calling CRDA to update world regulatory domain
[   16.280391] cfg80211: Calling CRDA to update world regulatory domain
[   19.431253] cfg80211: Calling CRDA to update world regulatory domain
[   22.581566] cfg80211: Calling CRDA to update world regulatory domain
[   25.730724] cfg80211: Calling CRDA to update world regulatory domain
[   28.880931] cfg80211: Calling CRDA to update world regulatory domain
[   32.030364] cfg80211: Calling CRDA to update world regulatory domain
[   35.180309] cfg80211: Exceeded CRDA call max attempts. Not calling CRDA
Starting firmware emulation... use Ctrl-a + x to exit
qemu-system-arm: terminating on signal 2 from pid 64293 (timeout)
[    0.000000] Booting Linux on physical CPU 0x0
[    0.000000] Linux version 4.1.17+ (vagrant@vagrant-ubuntu-trusty-64) (gcc version 5.3.0 (GCC) ) #1 Thu Feb 18 01:05:21 UTC 2016
[    0.000000] CPU: ARMv7 Processor [412fc0f1] revision 1 (ARMv7), cr=10c5387d
[    0.000000] CPU: PIPT / VIPT nonaliasing data cache, PIPT instruction cache
[    0.000000] Machine model: linux,dummy-virt
[    0.000000] debug: ignoring loglevel setting.
[    0.000000] Memory policy: Data cache writeback
[    0.000000] On node 0 totalpages: 65536
[    0.000000] free_area_init_node: node 0, pgdat c061dfe8, node_mem_map cfdf9000
[    0.000000]   Normal zone: 512 pages used for memmap
[    0.000000]   Normal zone: 0 pages reserved
[    0.000000]   Normal zone: 65536 pages, LIFO batch:15
[    0.000000] psci: probing for conduit method from DT.
[    0.000000] psci: PSCIv0.2 detected in firmware.
[    0.000000] psci: Using standard PSCI v0.2 function IDs
[    0.000000] CPU: All CPU(s) started in SVC mode.
[    0.000000] pcpu-alloc: s0 r0 d32768 u32768 alloc=1*32768
[    0.000000] pcpu-alloc: [0] 0 
[    0.000000] Built 1 zonelists in Zone order, mobility grouping on.  Total pages: 65024
[    0.000000] Kernel command line: root=/dev/vda1 console=ttyS0 nandsim.parts=64,64,64,64,64,64,64,64,64,64 rdinit=/firmadyne/preInit.sh rw debug ignore_loglevel print-fatal-signals=1 user_debug=31 firmadyne.syscall=0
[    0.000000] PID hash table entries: 1024 (order: 0, 4096 bytes)
[    0.000000] Dentry cache hash table entries: 32768 (order: 5, 131072 bytes)
[    0.000000] Inode-cache hash table entries: 16384 (order: 4, 65536 bytes)
[    0.000000] Memory: 253340K/262144K available (4297K kernel code, 170K rwdata, 1584K rodata, 180K init, 148K bss, 8804K reserved, 0K cma-reserved)
[    0.000000] Virtual kernel memory layout:
[    0.000000]     vector  : 0xffff0000 - 0xffff1000   (   4 kB)
[    0.000000]     fixmap  : 0xffc00000 - 0xfff00000   (3072 kB)
[    0.000000]     vmalloc : 0xd0800000 - 0xff000000   ( 744 MB)
[    0.000000]     lowmem  : 0xc0000000 - 0xd0000000   ( 256 MB)
[    0.000000]     modules : 0xbf000000 - 0xc0000000   (  16 MB)
[    0.000000]       .text : 0xc0008000 - 0xc05c67bc   (5882 kB)
[    0.000000]       .init : 0xc05c7000 - 0xc05f4000   ( 180 kB)
[    0.000000]       .data : 0xc05f4000 - 0xc061e840   ( 171 kB)
[    0.000000]        .bss : 0xc0621000 - 0xc06462d4   ( 149 kB)
[    0.000000] NR_IRQS:16 nr_irqs:16 16
[    0.000000] Architected cp15 timer(s) running at 62.50MHz (virt).
[    0.000000] clocksource arch_sys_counter: mask: 0xffffffffffffff max_cycles: 0x1cd42e208c, max_idle_ns: 881590405314 ns
[    0.000161] sched_clock: 56 bits at 62MHz, resolution 16ns, wraps every 4398046511096ns
[    0.000306] Switching to timer-based delay loop, resolution 16ns
[    0.003474] Console: colour dummy device 80x30
[    0.003820] Calibrating delay loop (skipped), value calculated using timer frequency.. 125.00 BogoMIPS (lpj=625000)
[    0.003954] pid_max: default: 32768 minimum: 301
[    0.004872] Mount-cache hash table entries: 1024 (order: 0, 4096 bytes)
[    0.004912] Mountpoint-cache hash table entries: 1024 (order: 0, 4096 bytes)
[    0.015701] CPU: Testing write buffer coherency: ok
[    0.022215] Setting up static identity map for 0x40008240 - 0x40008298
[    0.283391] VFP support v0.3: implementor 41 architecture 4 part 30 variant f rev 0
[    0.295262] clocksource jiffies: mask: 0xffffffff max_cycles: 0xffffffff, max_idle_ns: 19112604462750000 ns
[    0.304613] NET: Registered protocol family 16
[    0.307868] DMA: preallocated 256 KiB pool for atomic coherent allocations
[    0.311931] cpuidle: using governor ladder
[    0.312085] cpuidle: using governor menu
[    0.600548] Serial: AMBA PL011 UART driver
[    0.603043] 9000000.pl011: ttyS0 at MMIO 0x9000000 (irq = 54, base_baud = 0) is a PL011 rev1
[    0.610469] console [ttyS0] enabled
[    0.632689] vgaarb: loaded
[    0.634208] SCSI subsystem initialized
[    0.635267] usbcore: registered new interface driver usbfs
[    0.635628] usbcore: registered new interface driver hub
[    0.635949] usbcore: registered new device driver usb
[    0.644922] cfg80211: Calling CRDA to update world regulatory domain
[    0.647178] Switched to clocksource arch_sys_counter
[    0.917254] NET: Registered protocol family 2
[    0.922248] TCP established hash table entries: 2048 (order: 1, 8192 bytes)
[    0.922514] TCP bind hash table entries: 2048 (order: 1, 8192 bytes)
[    0.922825] TCP: Hash tables configured (established 2048 bind 2048)
[    0.923359] UDP hash table entries: 256 (order: 0, 4096 bytes)
[    0.923611] UDP-Lite hash table entries: 256 (order: 0, 4096 bytes)
[    0.925023] NET: Registered protocol family 1
[    0.925474] PCI: CLS 0 bytes, default 64
[    0.932700] NetWinder Floating Point Emulator V0.97 (extended precision)
[    0.935306] futex hash table entries: 256 (order: -1, 3072 bytes)
[    0.940726] squashfs: version 4.0 (2009/01/31) Phillip Lougher
[    0.941725] jffs2: version 2.2. (NAND) © 2001-2006 Red Hat, Inc.
[    0.942523] romfs: ROMFS MTD (C) 2007 Red Hat, Inc.
[    0.951461] Block layer SCSI generic (bsg) driver version 0.4 loaded (major 253)
[    0.951808] io scheduler noop registered
[    0.952040] io scheduler cfq registered (default)
[    0.952715] firmadyne: devfs: 1, execute: 1, procfs: 1, syscall: 0
[    0.954026] ------------[ cut here ]------------
[    0.954231] WARNING: CPU: 0 PID: 1 at /home/vagrant/firmadyne-kernel/kernel-v4.1/fs/sysfs/dir.c:31 sysfs_warn_dup+0x50/0x6c()
[    0.954467] sysfs: cannot create duplicate filename '/class/gpio'
[    0.954631] Modules linked in:
[    0.954948] CPU: 0 PID: 1 Comm: swapper Not tainted 4.1.17+ #1
[    0.955089] Hardware name: Generic DT based system
[    0.955778] [<c001c99c>] (unwind_backtrace) from [<c0019d30>] (show_stack+0x10/0x14)
[    0.956057] [<c0019d30>] (show_stack) from [<c0024ab4>] (warn_slowpath_common+0x80/0xa8)
[    0.956262] [<c0024ab4>] (warn_slowpath_common) from [<c0024b08>] (warn_slowpath_fmt+0x2c/0x3c)
[    0.956507] [<c0024b08>] (warn_slowpath_fmt) from [<c00e363c>] (sysfs_warn_dup+0x50/0x6c)
[    0.956692] [<c00e363c>] (sysfs_warn_dup) from [<c00e3714>] (sysfs_create_dir_ns+0x74/0x84)
[    0.957023] [<c00e3714>] (sysfs_create_dir_ns) from [<c018e6ac>] (kobject_add_internal+0xb8/0x2ac)
[    0.957226] [<c018e6ac>] (kobject_add_internal) from [<c018e9a8>] (kset_register+0x1c/0x44)
[    0.957415] [<c018e9a8>] (kset_register) from [<c02090b4>] (__class_register+0xa8/0x198)
[    0.957596] [<c02090b4>] (__class_register) from [<c02091e4>] (__class_create+0x40/0x70)
[    0.957772] [<c02091e4>] (__class_create) from [<c01adf68>] (register_devfs_stubs+0x314/0xbb4)
[    0.957979] [<c01adf68>] (register_devfs_stubs) from [<c05d9b08>] (init_module+0x28/0xa4)
[    0.958194] [<c05d9b08>] (init_module) from [<c0009670>] (do_one_initcall+0x104/0x1b4)
[    0.958372] [<c0009670>] (do_one_initcall) from [<c05c7d08>] (kernel_init_freeable+0xf0/0x1b0)
[    0.958562] [<c05c7d08>] (kernel_init_freeable) from [<c040f28c>] (kernel_init+0x8/0xe4)
[    0.958734] [<c040f28c>] (kernel_init) from [<c0016da8>] (ret_from_fork+0x14/0x2c)
[    0.959000] ---[ end trace 664d5e61ab8a22e6 ]---
[    0.959202] ------------[ cut here ]------------
[    0.959319] WARNING: CPU: 0 PID: 1 at /home/vagrant/firmadyne-kernel/kernel-v4.1/lib/kobject.c:240 kobject_add_internal+0x240/0x2ac()
[    0.959551] kobject_add_internal failed for gpio with -EEXIST, don't try to register things with the same name in the same directory.
[    0.959770] Modules linked in:
[    0.959911] CPU: 0 PID: 1 Comm: swapper Tainted: G        W       4.1.17+ #1
[    0.960053] Hardware name: Generic DT based system
[    0.960173] [<c001c99c>] (unwind_backtrace) from [<c0019d30>] (show_stack+0x10/0x14)
[    0.960342] [<c0019d30>] (show_stack) from [<c0024ab4>] (warn_slowpath_common+0x80/0xa8)
[    0.960517] [<c0024ab4>] (warn_slowpath_common) from [<c0024b08>] (warn_slowpath_fmt+0x2c/0x3c)
[    0.960702] [<c0024b08>] (warn_slowpath_fmt) from [<c018e834>] (kobject_add_internal+0x240/0x2ac)
[    0.960899] [<c018e834>] (kobject_add_internal) from [<c018e9a8>] (kset_register+0x1c/0x44)
[    0.961075] [<c018e9a8>] (kset_register) from [<c02090b4>] (__class_register+0xa8/0x198)
[    0.961248] [<c02090b4>] (__class_register) from [<c02091e4>] (__class_create+0x40/0x70)
[    0.961420] [<c02091e4>] (__class_create) from [<c01adf68>] (register_devfs_stubs+0x314/0xbb4)
[    0.961604] [<c01adf68>] (register_devfs_stubs) from [<c05d9b08>] (init_module+0x28/0xa4)
[    0.961779] [<c05d9b08>] (init_module) from [<c0009670>] (do_one_initcall+0x104/0x1b4)
[    0.961949] [<c0009670>] (do_one_initcall) from [<c05c7d08>] (kernel_init_freeable+0xf0/0x1b0)
[    0.962138] [<c05c7d08>] (kernel_init_freeable) from [<c040f28c>] (kernel_init+0x8/0xe4)
[    0.962306] [<c040f28c>] (kernel_init) from [<c0016da8>] (ret_from_fork+0x14/0x2c)
[    0.962478] ---[ end trace 664d5e61ab8a22e7 ]---
[    0.962640] firmadyne: Cannot create device class: gpio!
[    0.964303] firmadyne: Cannot register character device: watchdog, 0xa, 0x82!
[    0.964488] firmadyne: Cannot register character device: wdt, 0xfd, 0x0!
[    1.046124] PCI host bridge /pcie@10000000 ranges:
[    1.046700]    IO 0x3eff0000..0x3effffff -> 0x00000000
[    1.047229]   MEM 0x10000000..0x3efeffff -> 0x10000000
[    1.047372]   MEM 0x8000000000..0xffffffffff -> 0x8000000000
[    1.048055] pci-host-generic 3f000000.pcie: resource collision: [mem 0x00000000-0xffffffff] conflicts with /pl011@9000000 [mem 0x09000000-0x09000fff]
[    1.332998] pci-host-generic: probe of 3f000000.pcie failed with error -16
[    1.345002] Non-volatile memory driver v1.3
[    1.615051] brd: module loaded
[    1.625067] loop: module loaded
[    1.900680]  vda: vda1
[    1.912422] 0.flash: Found 2 x16 devices at 0x0 in 32-bit bank. Manufacturer ID 0x000000 Chip ID 0x000000
[    1.913061] Intel/Sharp Extended Query Table at 0x0031
[    1.914277] Using buffer write method
[    1.914698] erase region 0: offset=0x0,size=0x40000,blocks=256
[    1.921749] 0.flash: Found 2 x16 devices at 0x0 in 32-bit bank. Manufacturer ID 0x000000 Chip ID 0x000000
[    1.921986] Intel/Sharp Extended Query Table at 0x0031
[    1.922720] Using buffer write method
[    1.922835] erase region 0: offset=0x0,size=0x40000,blocks=256
[    1.923032] Concatenating MTD devices:
[    1.923139] (0): "0.flash"
[    1.923216] (1): "0.flash"
[    1.923285] into device "0.flash"
[    1.935550] [nandsim] warning: read_byte: unexpected data output cycle, state is STATE_READY return 0x0
[    1.935777] [nandsim] warning: read_byte: unexpected data output cycle, state is STATE_READY return 0x0
[    1.935960] [nandsim] warning: read_byte: unexpected data output cycle, state is STATE_READY return 0x0
[    1.936137] [nandsim] warning: read_byte: unexpected data output cycle, state is STATE_READY return 0x0
[    1.936312] [nandsim] warning: read_byte: unexpected data output cycle, state is STATE_READY return 0x0
[    1.936488] [nandsim] warning: read_byte: unexpected data output cycle, state is STATE_READY return 0x0
[    1.937360] nand: device found, Manufacturer ID: 0x98, Chip ID: 0x39
[    1.937523] nand: Toshiba NAND 128MiB 1,8V 8-bit
[    1.937651] nand: 128 MiB, SLC, erase size: 16 KiB, page size: 512, OOB size: 16
[    1.938604] flash size: 128 MiB
[    1.938694] page size: 512 bytes
[    1.938772] OOB area size: 16 bytes
[    1.938853] sector size: 16 KiB
[    1.938927] pages number: 262144
[    1.939002] pages per sector: 32
[    1.939076] bus width: 8
[    1.939142] bits in sector size: 14
[    1.939221] bits in page size: 9
[    1.939299] bits in OOB size: 4
[    1.939378] flash size with OOB: 135168 KiB
[    1.939469] page address bytes: 4
[    1.939546] sector address bytes: 3
[    1.939625] options: 0x42
[    2.199076] Scanning device for bad blocks
[    2.441061] firmadyne: do_execve: /firmadyne/console
[    2.441281] OFFSETS: offset of pid: 0x190 offset of comm: 0x270
[    2.441766] Creating 11 MTD partitions on "NAND 128MiB 1,8V 8-bit":
[    2.442189] 0x000000000000-0x000000100000 : "NAND simulator partition 0"
[    2.444404] 0x000000100000-0x000000200000 : "NAND simulator partition 1"
[    2.445792] 0x000000200000-0x000000300000 : "NAND simulator partition 2"
[    2.447297] 0x000000300000-0x000000400000 : "NAND simulator partition 3"
[    2.448722] 0x000000400000-0x000000500000 : "NAND simulator partition 4"
[    2.450113] 0x000000500000-0x000000600000 : "NAND simulator partition 5"
[    2.451508] 0x000000600000-0x000000700000 : "NAND simulator partition 6"
[    2.453076] 0x000000700000-0x000000800000 : "NAND simulator partition 7"
[    2.454428] 0x000000800000-0x000000900000 : "NAND simulator partition 8"
[    2.455785] 0x000000900000-0x000000a00000 : "NAND simulator partition 9"
[    2.457286] 0x000000a00000-0x000008000000 : "NAND simulator partition 10"
[    2.462907] tun: Universal TUN/TAP device driver, 1.6
[    2.463037] tun: (C) 1999-2004 Max Krasnyansky <maxk@qualcomm.com>
[    2.877601] PPP generic driver version 2.4.2
[    2.878384] PPP BSD Compression module registered
[    2.878574] PPP Deflate Compression module registered
[    2.878814] PPP MPPE Compression module registered
[    2.878952] NET: Registered protocol family 24
[    2.879275] PPTP driver version 0.8.5
[    3.146081] usbcore: registered new interface driver usb-storage
[    3.149643] rtc-pl031 9010000.pl031: rtc core: registered pl031 as rtc0
[    3.150414] hidraw: raw HID events driver (C) Jiri Kosina
[    3.150964] usbcore: registered new interface driver usbhid
[    3.151098] usbhid: USB HID core driver
[    3.151569] Netfilter messages via NETLINK v0.30.
[    3.152228] nf_conntrack version 0.5.0 (3958 buckets, 15832 max)
[    3.153699] ctnetlink v0.93: registering with nfnetlink.
[    3.155142] ipip: IPv4 over IPv4 tunneling driver
[    3.157407] gre: GRE over IPv4 demultiplexor driver
[    3.157578] ip_gre: GRE over IPv4 tunneling driver
[    3.162158] ip_tables: (C) 2000-2006 Netfilter Core Team
[    3.163877] arp_tables: (C) 2002 David S. Miller
[    3.164947] Initializing XFRM netlink socket
[    3.165455] NET: Registered protocol family 10
[    3.172662] ip6_tables: (C) 2000-2006 Netfilter Core Team
[    3.174393] sit: IPv6 over IPv4 tunneling driver
[    3.178257] NET: Registered protocol family 17
[    3.178924] bridge: automatic filtering via arp/ip/ip6tables has been deprecated. Update your scripts to load br_netfilter if you need this.
[    3.179276] Bridge firewalling registered
[    3.179422] Ebtables v2.0 registered
[    3.180625] 8021q: 802.1Q VLAN Support v1.8
[    3.181266] Registering SWP/SWPB emulation handler
[    3.184003] rtc-pl031 9010000.pl031: setting system clock to 2018-07-19 08:41:34 UTC (1531989694)
[    3.464185] EXT4-fs (vda1): couldn't mount as ext3 due to feature incompatibilities
[    3.465905] EXT4-fs (vda1): mounting ext2 file system using the ext4 subsystem
[    3.474657] EXT4-fs (vda1): warning: mounting unchecked fs, running e2fsck is recommended
[    3.477559] EXT4-fs (vda1): mounted filesystem without journal. Opts: (null)
[    3.478654] VFS: Mounted root (ext2 filesystem) on device 254:1.
[    3.497154] Freeing unused kernel memory: 180K (c05c7000 - c05f4000)
[    3.735145] firmadyne: sys_reboot[PID: 1 (init)]: magic1:fee1dead, magic2:28121969, cmd:0
[    4.022930] cfg80211: Calling CRDA to update world regulatory domain
[    4.049502] EXT4-fs (vda1): re-mounted. Opts: (null)
mknod: /dev/linux-kernel-bde: File exists
mknod: /dev/linux-user-bde: File exists

 [ERROR]: Failed to read PROM board id from Command Line
[SINGLE_IMG Error]:Cm_Single_IMG_board_info_by_series_init #184

 [ERROR]: Failed to open NVRAM 

 Writing /mnt/issnvram.txt with default values 


 [ERROR]: Failed to read default Switch Mac Address from Command Line
[    7.182491] cfg80211: Calling CRDA to update world regulatory domain
open /dev/linux-user-bde: : No such device or address
SAL Initialization failed
 Starting logging: OK
Initializing random number generator... [    8.940945] random: dd urandom read with 9 bits of entropy available
done.
Starting network...
ifup: interface lo already configured

Welcome to Broadcom Linux
iProc login: [   10.327682] cfg80211: Calling CRDA to update world regulatory domain
[   13.478451] cfg80211: Calling CRDA to update world regulatory domain
[   16.627606] cfg80211: Calling CRDA to update world regulatory domain
[   19.777476] cfg80211: Calling CRDA to update world regulatory domain
[   22.928794] cfg80211: Calling CRDA to update world regulatory domain
[   26.078000] cfg80211: Calling CRDA to update world regulatory domain
[   29.227555] cfg80211: Calling CRDA to update world regulatory domain
[   32.378469] cfg80211: Calling CRDA to update world regulatory domain
[   35.528885] cfg80211: Exceeded CRDA call max attempts. Not calling CRDA
