>> Database Image ID: 98

/home/zhumengfan/firmware/firmwares/7a955d33d318d6e283808424680b3569ddd50e55.ZIP
>> MD5: ce6d4ea83ef9b7710f8684fc1df1ce5d
>> Tag: 98
>> Temp: /tmp/tmplMeJ36
>> Status: Kernel: True, Rootfs: False, Do_Kernel: False,                 Do_Rootfs: True
>>>> Zip archive data, at least v2.0 to extract, compressed size: 691598, uncompressed size: 850215, name: DGS-1210-28P_REVC_RELEASENOTES_4.00.064_EN_WW.PDF
>> Recursing into archive ...
	
/tmp/tmplMeJ36/_7a955d33d318d6e283808424680b3569ddd50e55.ZIP.extracted/DGS-1210-28P-C1-4-00-064.hex
	>> MD5: f9b879796903d10fafe8a43c1d6d908e
	>> Tag: 98
	>> Temp: /tmp/tmprg8KY6
	>> Status: Kernel: True, Rootfs: False, Do_Kernel: False,                 Do_Rootfs: True
	>>>> Squashfs filesystem, little endian, version 4.0, compression:xz, size: 10732698 bytes, 746 inodes, blocksize: 131072 bytes, created: 2015-02-02 09:33:19
	>>>> Found Linux filesystem in /tmp/tmprg8KY6/_DGS-1210-28P-C1-4-00-064.hex.extracted/squashfs-root!
	>> Skipping: completed!
	>> Cleaning up /tmp/tmprg8KY6...
>> Skipping: completed!
>> Cleaning up /tmp/tmplMeJ36...
./bin/busybox: armel
Querying database for architecture... armel
----Running----
----Copying Filesystem Tarball----
----Creating QEMU Image----
Formatting '/home/zhumengfan/firmadyne//scratch//98//image.raw', fmt=raw size=1073741824
----Creating Partition Table----

Welcome to fdisk (util-linux 2.27.1).
Changes will remain in memory only, until you decide to write them.
Be careful before using the write command.

Device does not contain a recognized partition table.
Created a new DOS disklabel with disk identifier 0x37beb0ed.

Command (m for help): Created a new DOS disklabel with disk identifier 0x2f84a47a.

Command (m for help): Partition type
   p   primary (0 primary, 0 extended, 4 free)
   e   extended (container for logical partitions)
Select (default p): Partition number (1-4, default 1): First sector (2048-2097151, default 2048): Last sector, +sectors or +size{K,M,G,T,P} (2048-2097151, default 2097151): 
Created a new partition 1 of type 'Linux' and of size 1023 MiB.

Command (m for help): The partition table has been altered.
Syncing disks.

----Mounting QEMU Image----
add map loop0p1 (252:0): 0 2095104 linear 7:0 2048
----Creating Filesystem----
mke2fs 1.42.13 (17-May-2015)
Discarding device blocks:   4096/261888             done                            
Creating filesystem with 261888 4k blocks and 65536 inodes
Filesystem UUID: c196ddc7-d621-4e91-b27e-101ba2d54c91
Superblock backups stored on blocks: 
	32768, 98304, 163840, 229376

Allocating group tables: 0/8   done                            
Writing inode tables: 0/8   done                            
Writing superblocks and filesystem accounting information: 0/8   done

----Making QEMU Image Mountpoint----
----Mounting QEMU Image Partition 1----
----Extracting Filesystem Tarball----
----Creating FIRMADYNE Directories----
----Patching Filesystem (chroot)----
Creating /etc/TZ!
Warning: Recreating device nodes!
Removing /etc/scripts/sys_resetbutton!
----Setting up FIRMADYNE----
----Unmounting QEMU Image----
loop deleted : /dev/loop0
Querying database for architecture... armel
Running firmware 98: terminating after 60 secs...
qemu-system-arm: terminating on signal 2 from pid 114199 (timeout)
Inferring network...
Interfaces: []
Done!
[    0.000000] Booting Linux on physical CPU 0x0
[    0.000000] Linux version 4.1.17+ (vagrant@vagrant-ubuntu-trusty-64) (gcc version 5.3.0 (GCC) ) #1 Thu Feb 18 01:05:21 UTC 2016
[    0.000000] CPU: ARMv7 Processor [412fc0f1] revision 1 (ARMv7), cr=10c5387d
[    0.000000] CPU: PIPT / VIPT nonaliasing data cache, PIPT instruction cache
[    0.000000] Machine model: linux,dummy-virt
[    0.000000] debug: ignoring loglevel setting.
[    0.000000] Memory policy: Data cache writeback
[    0.000000] On node 0 totalpages: 65536
[    0.000000] free_area_init_node: node 0, pgdat c061dfe8, node_mem_map cfdf9000
[    0.000000]   Normal zone: 512 pages used for memmap
[    0.000000]   Normal zone: 0 pages reserved
[    0.000000]   Normal zone: 65536 pages, LIFO batch:15
[    0.000000] psci: probing for conduit method from DT.
[    0.000000] psci: PSCIv0.2 detected in firmware.
[    0.000000] psci: Using standard PSCI v0.2 function IDs
[    0.000000] CPU: All CPU(s) started in SVC mode.
[    0.000000] pcpu-alloc: s0 r0 d32768 u32768 alloc=1*32768
[    0.000000] pcpu-alloc: [0] 0 
[    0.000000] Built 1 zonelists in Zone order, mobility grouping on.  Total pages: 65024
[    0.000000] Kernel command line: firmadyne.syscall=1 root=/dev/vda1 console=ttyS0 nandsim.parts=64,64,64,64,64,64,64,64,64,64 rdinit=/firmadyne/preInit.sh rw debug ignore_loglevel print-fatal-signals=1 user_debug=31
[    0.000000] PID hash table entries: 1024 (order: 0, 4096 bytes)
[    0.000000] Dentry cache hash table entries: 32768 (order: 5, 131072 bytes)
[    0.000000] Inode-cache hash table entries: 16384 (order: 4, 65536 bytes)
[    0.000000] Memory: 253340K/262144K available (4297K kernel code, 170K rwdata, 1584K rodata, 180K init, 148K bss, 8804K reserved, 0K cma-reserved)
[    0.000000] Virtual kernel memory layout:
[    0.000000]     vector  : 0xffff0000 - 0xffff1000   (   4 kB)
[    0.000000]     fixmap  : 0xffc00000 - 0xfff00000   (3072 kB)
[    0.000000]     vmalloc : 0xd0800000 - 0xff000000   ( 744 MB)
[    0.000000]     lowmem  : 0xc0000000 - 0xd0000000   ( 256 MB)
[    0.000000]     modules : 0xbf000000 - 0xc0000000   (  16 MB)
[    0.000000]       .text : 0xc0008000 - 0xc05c67bc   (5882 kB)
[    0.000000]       .init : 0xc05c7000 - 0xc05f4000   ( 180 kB)
[    0.000000]       .data : 0xc05f4000 - 0xc061e840   ( 171 kB)
[    0.000000]        .bss : 0xc0621000 - 0xc06462d4   ( 149 kB)
[    0.000000] NR_IRQS:16 nr_irqs:16 16
[    0.000000] Architected cp15 timer(s) running at 62.50MHz (virt).
[    0.000000] clocksource arch_sys_counter: mask: 0xffffffffffffff max_cycles: 0x1cd42e208c, max_idle_ns: 881590405314 ns
[    0.000159] sched_clock: 56 bits at 62MHz, resolution 16ns, wraps every 4398046511096ns
[    0.000302] Switching to timer-based delay loop, resolution 16ns
[    3.169074] Console: colour dummy device 80x30
[    3.169450] Calibrating delay loop (skipped), value calculated using timer frequency.. 125.00 BogoMIPS (lpj=625000)
[    3.169591] pid_max: default: 32768 minimum: 301
[    3.170512] Mount-cache hash table entries: 1024 (order: 0, 4096 bytes)
[    3.170552] Mountpoint-cache hash table entries: 1024 (order: 0, 4096 bytes)
[    3.177867] CPU: Testing write buffer coherency: ok
[    3.183912] Setting up static identity map for 0x40008240 - 0x40008298
[    3.198767] VFP support v0.3: implementor 41 architecture 4 part 30 variant f rev 0
[    7.494171] clocksource jiffies: mask: 0xffffffff max_cycles: 0xffffffff, max_idle_ns: 19112604462750000 ns
[    7.503690] NET: Registered protocol family 16
[    7.506954] DMA: preallocated 256 KiB pool for atomic coherent allocations
[    7.511369] cpuidle: using governor ladder
[    7.511536] cpuidle: using governor menu
[    7.532723] Serial: AMBA PL011 UART driver
[    7.534947] 9000000.pl011: ttyS0 at MMIO 0x9000000 (irq = 54, base_baud = 0) is a PL011 rev1
[    8.788162] console [ttyS0] enabled
[    8.811472] vgaarb: loaded
[    8.813307] SCSI subsystem initialized
[    8.814423] usbcore: registered new interface driver usbfs
[    8.814784] usbcore: registered new interface driver hub
[    8.815106] usbcore: registered new device driver usb
[    8.824290] cfg80211: Calling CRDA to update world regulatory domain
[    8.826556] Switched to clocksource arch_sys_counter
[    8.844812] NET: Registered protocol family 2
[    8.850109] TCP established hash table entries: 2048 (order: 1, 8192 bytes)
[    8.850368] TCP bind hash table entries: 2048 (order: 1, 8192 bytes)
[    8.850671] TCP: Hash tables configured (established 2048 bind 2048)
[    8.851193] UDP hash table entries: 256 (order: 0, 4096 bytes)
[    8.851436] UDP-Lite hash table entries: 256 (order: 0, 4096 bytes)
[    8.852852] NET: Registered protocol family 1
[    8.853303] PCI: CLS 0 bytes, default 64
[    9.641561] NetWinder Floating Point Emulator V0.97 (extended precision)
[    9.644316] futex hash table entries: 256 (order: -1, 3072 bytes)
[    9.649828] squashfs: version 4.0 (2009/01/31) Phillip Lougher
[    9.650834] jffs2: version 2.2. (NAND) © 2001-2006 Red Hat, Inc.
[    9.651636] romfs: ROMFS MTD (C) 2007 Red Hat, Inc.
[    9.660643] Block layer SCSI generic (bsg) driver version 0.4 loaded (major 253)
[    9.660958] io scheduler noop registered
[    9.661197] io scheduler cfq registered (default)
[    9.661859] firmadyne: devfs: 1, execute: 1, procfs: 1, syscall: 1
[    9.663210] ------------[ cut here ]------------
[    9.663410] WARNING: CPU: 0 PID: 1 at /home/vagrant/firmadyne-kernel/kernel-v4.1/fs/sysfs/dir.c:31 sysfs_warn_dup+0x50/0x6c()
[    9.663636] sysfs: cannot create duplicate filename '/class/gpio'
[    9.663794] Modules linked in:
[    9.664098] CPU: 0 PID: 1 Comm: swapper Not tainted 4.1.17+ #1
[    9.664236] Hardware name: Generic DT based system
[    9.664941] [<c001c99c>] (unwind_backtrace) from [<c0019d30>] (show_stack+0x10/0x14)
[    9.665250] [<c0019d30>] (show_stack) from [<c0024ab4>] (warn_slowpath_common+0x80/0xa8)
[    9.665448] [<c0024ab4>] (warn_slowpath_common) from [<c0024b08>] (warn_slowpath_fmt+0x2c/0x3c)
[    9.665680] [<c0024b08>] (warn_slowpath_fmt) from [<c00e363c>] (sysfs_warn_dup+0x50/0x6c)
[    9.665856] [<c00e363c>] (sysfs_warn_dup) from [<c00e3714>] (sysfs_create_dir_ns+0x74/0x84)
[    9.666047] [<c00e3714>] (sysfs_create_dir_ns) from [<c018e6ac>] (kobject_add_internal+0xb8/0x2ac)
[    9.666262] [<c018e6ac>] (kobject_add_internal) from [<c018e9a8>] (kset_register+0x1c/0x44)
[    9.666552] [<c018e9a8>] (kset_register) from [<c02090b4>] (__class_register+0xa8/0x198)
[    9.666729] [<c02090b4>] (__class_register) from [<c02091e4>] (__class_create+0x40/0x70)
[    9.666902] [<c02091e4>] (__class_create) from [<c01adf68>] (register_devfs_stubs+0x314/0xbb4)
[    9.667093] [<c01adf68>] (register_devfs_stubs) from [<c05d9b08>] (init_module+0x28/0xa4)
[    9.667316] [<c05d9b08>] (init_module) from [<c0009670>] (do_one_initcall+0x104/0x1b4)
[    9.667488] [<c0009670>] (do_one_initcall) from [<c05c7d08>] (kernel_init_freeable+0xf0/0x1b0)
[    9.667672] [<c05c7d08>] (kernel_init_freeable) from [<c040f28c>] (kernel_init+0x8/0xe4)
[    9.667840] [<c040f28c>] (kernel_init) from [<c0016da8>] (ret_from_fork+0x14/0x2c)
[    9.668088] ---[ end trace f8da9eb87554301a ]---
[    9.668279] ------------[ cut here ]------------
[    9.668391] WARNING: CPU: 0 PID: 1 at /home/vagrant/firmadyne-kernel/kernel-v4.1/lib/kobject.c:240 kobject_add_internal+0x240/0x2ac()
[    9.668606] kobject_add_internal failed for gpio with -EEXIST, don't try to register things with the same name in the same directory.
[    9.668816] Modules linked in:
[    9.668956] CPU: 0 PID: 1 Comm: swapper Tainted: G        W       4.1.17+ #1
[    9.669091] Hardware name: Generic DT based system
[    9.669223] [<c001c99c>] (unwind_backtrace) from [<c0019d30>] (show_stack+0x10/0x14)
[    9.669386] [<c0019d30>] (show_stack) from [<c0024ab4>] (warn_slowpath_common+0x80/0xa8)
[    9.669557] [<c0024ab4>] (warn_slowpath_common) from [<c0024b08>] (warn_slowpath_fmt+0x2c/0x3c)
[    9.669735] [<c0024b08>] (warn_slowpath_fmt) from [<c018e834>] (kobject_add_internal+0x240/0x2ac)
[    9.669925] [<c018e834>] (kobject_add_internal) from [<c018e9a8>] (kset_register+0x1c/0x44)
[    9.670096] [<c018e9a8>] (kset_register) from [<c02090b4>] (__class_register+0xa8/0x198)
[    9.670264] [<c02090b4>] (__class_register) from [<c02091e4>] (__class_create+0x40/0x70)
[    9.670431] [<c02091e4>] (__class_create) from [<c01adf68>] (register_devfs_stubs+0x314/0xbb4)
[    9.670609] [<c01adf68>] (register_devfs_stubs) from [<c05d9b08>] (init_module+0x28/0xa4)
[    9.670778] [<c05d9b08>] (init_module) from [<c0009670>] (do_one_initcall+0x104/0x1b4)
[    9.670944] [<c0009670>] (do_one_initcall) from [<c05c7d08>] (kernel_init_freeable+0xf0/0x1b0)
[    9.671119] [<c05c7d08>] (kernel_init_freeable) from [<c040f28c>] (kernel_init+0x8/0xe4)
[    9.671282] [<c040f28c>] (kernel_init) from [<c0016da8>] (ret_from_fork+0x14/0x2c)
[    9.671445] ---[ end trace f8da9eb87554301b ]---
[    9.671604] firmadyne: Cannot create device class: gpio!
[    9.673308] firmadyne: Cannot register character device: watchdog, 0xa, 0x82!
[    9.673485] firmadyne: Cannot register character device: wdt, 0xfd, 0x0!
[    9.755372] PCI host bridge /pcie@10000000 ranges:
[    9.755969]    IO 0x3eff0000..0x3effffff -> 0x00000000
[    9.756412]   MEM 0x10000000..0x3efeffff -> 0x10000000
[    9.756550]   MEM 0x8000000000..0xffffffffff -> 0x8000000000
[    9.757224] pci-host-generic 3f000000.pcie: resource collision: [mem 0x00000000-0xffffffff] conflicts with /pl011@9000000 [mem 0x09000000-0x09000fff]
[    9.757989] pci-host-generic: probe of 3f000000.pcie failed with error -16
[    9.770077] Non-volatile memory driver v1.3
[   13.152758] cfg80211: Calling CRDA to update world regulatory domain
[   13.769822] brd: module loaded
[   13.780224] loop: module loaded
[   14.273163]  vda: vda1
[   14.284995] 0.flash: Found 2 x16 devices at 0x0 in 32-bit bank. Manufacturer ID 0x000000 Chip ID 0x000000
[   14.285623] Intel/Sharp Extended Query Table at 0x0031
[   14.286917] Using buffer write method
[   14.287343] erase region 0: offset=0x0,size=0x40000,blocks=256
[   14.294335] 0.flash: Found 2 x16 devices at 0x0 in 32-bit bank. Manufacturer ID 0x000000 Chip ID 0x000000
[   14.294560] Intel/Sharp Extended Query Table at 0x0031
[   14.295329] Using buffer write method
[   14.295441] erase region 0: offset=0x0,size=0x40000,blocks=256
[   14.295635] Concatenating MTD devices:
[   14.295741] (0): "0.flash"
[   14.295814] (1): "0.flash"
[   14.295879] into device "0.flash"
[   14.308701] [nandsim] warning: read_byte: unexpected data output cycle, state is STATE_READY return 0x0
[   14.308928] [nandsim] warning: read_byte: unexpected data output cycle, state is STATE_READY return 0x0
[   14.309102] [nandsim] warning: read_byte: unexpected data output cycle, state is STATE_READY return 0x0
[   14.309284] [nandsim] warning: read_byte: unexpected data output cycle, state is STATE_READY return 0x0
[   14.309454] [nandsim] warning: read_byte: unexpected data output cycle, state is STATE_READY return 0x0
[   14.309621] [nandsim] warning: read_byte: unexpected data output cycle, state is STATE_READY return 0x0
[   14.310041] nand: device found, Manufacturer ID: 0x98, Chip ID: 0x39
[   14.310185] nand: Toshiba NAND 128MiB 1,8V 8-bit
[   14.310307] nand: 128 MiB, SLC, erase size: 16 KiB, page size: 512, OOB size: 16
[   14.311193] flash size: 128 MiB
[   14.311277] page size: 512 bytes
[   14.311350] OOB area size: 16 bytes
[   14.311427] sector size: 16 KiB
[   14.311497] pages number: 262144
[   14.311567] pages per sector: 32
[   14.311637] bus width: 8
[   14.311697] bits in sector size: 14
[   14.311771] bits in page size: 9
[   14.311849] bits in OOB size: 4
[   14.311926] flash size with OOB: 135168 KiB
[   14.312014] page address bytes: 4
[   14.312086] sector address bytes: 3
[   14.312162] options: 0x42
[   14.477204] Scanning device for bad blocks
[   14.588923] firmadyne: do_execve: /firmadyne/console
[   14.589180] OFFSETS: offset of pid: 0x190 offset of comm: 0x270
[   14.589700] Creating 11 MTD partitions on "NAND 128MiB 1,8V 8-bit":
[   14.590141] 0x000000000000-0x000000100000 : "NAND simulator partition 0"
[   14.592491] 0x000000100000-0x000000200000 : "NAND simulator partition 1"
[   14.594060] 0x000000200000-0x000000300000 : "NAND simulator partition 2"
[   14.595495] 0x000000300000-0x000000400000 : "NAND simulator partition 3"
[   14.597162] 0x000000400000-0x000000500000 : "NAND simulator partition 4"
[   14.598636] 0x000000500000-0x000000600000 : "NAND simulator partition 5"
[   14.600175] 0x000000600000-0x000000700000 : "NAND simulator partition 6"
[   14.601831] 0x000000700000-0x000000800000 : "NAND simulator partition 7"
[   14.603258] 0x000000800000-0x000000900000 : "NAND simulator partition 8"
[   14.604749] 0x000000900000-0x000000a00000 : "NAND simulator partition 9"
[   14.606420] 0x000000a00000-0x000008000000 : "NAND simulator partition 10"
[   14.612288] tun: Universal TUN/TAP device driver, 1.6
[   14.612404] tun: (C) 1999-2004 Max Krasnyansky <maxk@qualcomm.com>
[   17.159078] PPP generic driver version 2.4.2
[   17.159934] PPP BSD Compression module registered
[   17.160120] PPP Deflate Compression module registered
[   17.160372] PPP MPPE Compression module registered
[   17.160508] NET: Registered protocol family 24
[   17.160839] PPTP driver version 0.8.5
[   17.161882] cfg80211: Calling CRDA to update world regulatory domain
[   18.159225] usbcore: registered new interface driver usb-storage
[   18.162823] rtc-pl031 9010000.pl031: rtc core: registered pl031 as rtc0
[   18.163653] hidraw: raw HID events driver (C) Jiri Kosina
[   18.164242] usbcore: registered new interface driver usbhid
[   18.164389] usbhid: USB HID core driver
[   18.164904] Netfilter messages via NETLINK v0.30.
[   20.314531] nf_conntrack version 0.5.0 (3958 buckets, 15832 max)
[   20.316137] ctnetlink v0.93: registering with nfnetlink.
[   20.317766] ipip: IPv4 over IPv4 tunneling driver
[   20.320073] gre: GRE over IPv4 demultiplexor driver
[   20.320247] ip_gre: GRE over IPv4 tunneling driver
[   20.324926] ip_tables: (C) 2000-2006 Netfilter Core Team
[   20.326837] arp_tables: (C) 2002 David S. Miller
[   20.327918] Initializing XFRM netlink socket
[   20.328456] NET: Registered protocol family 10
[   20.331802] cfg80211: Calling CRDA to update world regulatory domain
[   20.336062] ip6_tables: (C) 2000-2006 Netfilter Core Team
[   20.337996] sit: IPv6 over IPv4 tunneling driver
[   20.341876] NET: Registered protocol family 17
[   20.342557] bridge: automatic filtering via arp/ip/ip6tables has been deprecated. Update your scripts to load br_netfilter if you need this.
[   20.342903] Bridge firewalling registered
[   20.343046] Ebtables v2.0 registered
[   20.344273] 8021q: 802.1Q VLAN Support v1.8
[   20.344938] Registering SWP/SWPB emulation handler
[   20.348007] rtc-pl031 9010000.pl031: setting system clock to 2018-07-19 11:49:38 UTC (1532000978)
[   20.358826] EXT4-fs (vda1): couldn't mount as ext3 due to feature incompatibilities
[   20.360891] EXT4-fs (vda1): mounting ext2 file system using the ext4 subsystem
[   20.533195] EXT4-fs (vda1): mounted filesystem without journal. Opts: (null)
[   20.534368] VFS: Mounted root (ext2 filesystem) on device 254:1.
[   20.553277] Freeing unused kernel memory: 180K (c05c7000 - c05f4000)
[   24.073436] cfg80211: Calling CRDA to update world regulatory domain
[   24.077447] firmadyne: sys_reboot[PID: 1 (init)]: magic1:fee1dead, magic2:28121969, cmd:0
[   24.096827] firmadyne: sys_socket[PID: 54 (init)]: family:1, type:2, protocol:0
[   24.098925] firmadyne: sys_socket[PID: 54 (init)]: family:1, type:1, protocol:0
[   24.128700] firmadyne: sys_socket[PID: 55 (init)]: family:1, type:2, protocol:0
[   24.129073] firmadyne: sys_socket[PID: 55 (init)]: family:1, type:1, protocol:0
[   26.295570] EXT4-fs (vda1): re-mounted. Opts: (null)
[   26.298476] firmadyne: sys_socket[PID: 56 (init)]: family:1, type:2, protocol:0
[   26.298910] firmadyne: sys_socket[PID: 56 (init)]: family:1, type:1, protocol:0
[   26.320187] firmadyne: sys_socket[PID: 57 (init)]: family:1, type:2, protocol:0
[   26.320574] firmadyne: sys_socket[PID: 57 (init)]: family:1, type:1, protocol:0
[   30.022344] cfg80211: Calling CRDA to update world regulatory domain
[   30.028462] firmadyne: sys_socket[PID: 58 (init)]: family:1, type:2, protocol:0
[   30.028867] firmadyne: sys_socket[PID: 58 (init)]: family:1, type:1, protocol:0
[   30.049866] firmadyne: sys_socket[PID: 59 (init)]: family:1, type:2, protocol:0
[   30.050192] firmadyne: sys_socket[PID: 59 (init)]: family:1, type:1, protocol:0
[   30.064848] firmadyne: sys_socket[PID: 60 (init)]: family:1, type:2, protocol:0
[   30.065260] firmadyne: sys_socket[PID: 60 (init)]: family:1, type:1, protocol:0
[   33.478520] cfg80211: Calling CRDA to update world regulatory domain
Starting firmware emulation... use Ctrl-a + x to exit
qemu-system-arm: terminating on signal 2 from pid 114350 (timeout)
[    0.000000] Booting Linux on physical CPU 0x0
[    0.000000] Linux version 4.1.17+ (vagrant@vagrant-ubuntu-trusty-64) (gcc version 5.3.0 (GCC) ) #1 Thu Feb 18 01:05:21 UTC 2016
[    0.000000] CPU: ARMv7 Processor [412fc0f1] revision 1 (ARMv7), cr=10c5387d
[    0.000000] CPU: PIPT / VIPT nonaliasing data cache, PIPT instruction cache
[    0.000000] Machine model: linux,dummy-virt
[    0.000000] debug: ignoring loglevel setting.
[    0.000000] Memory policy: Data cache writeback
[    0.000000] On node 0 totalpages: 65536
[    0.000000] free_area_init_node: node 0, pgdat c061dfe8, node_mem_map cfdf9000
[    0.000000]   Normal zone: 512 pages used for memmap
[    0.000000]   Normal zone: 0 pages reserved
[    0.000000]   Normal zone: 65536 pages, LIFO batch:15
[    0.000000] psci: probing for conduit method from DT.
[    0.000000] psci: PSCIv0.2 detected in firmware.
[    0.000000] psci: Using standard PSCI v0.2 function IDs
[    0.000000] CPU: All CPU(s) started in SVC mode.
[    0.000000] pcpu-alloc: s0 r0 d32768 u32768 alloc=1*32768
[    0.000000] pcpu-alloc: [0] 0 
[    0.000000] Built 1 zonelists in Zone order, mobility grouping on.  Total pages: 65024
[    0.000000] Kernel command line: root=/dev/vda1 console=ttyS0 nandsim.parts=64,64,64,64,64,64,64,64,64,64 rdinit=/firmadyne/preInit.sh rw debug ignore_loglevel print-fatal-signals=1 user_debug=31 firmadyne.syscall=0
[    0.000000] PID hash table entries: 1024 (order: 0, 4096 bytes)
[    0.000000] Dentry cache hash table entries: 32768 (order: 5, 131072 bytes)
[    0.000000] Inode-cache hash table entries: 16384 (order: 4, 65536 bytes)
[    0.000000] Memory: 253340K/262144K available (4297K kernel code, 170K rwdata, 1584K rodata, 180K init, 148K bss, 8804K reserved, 0K cma-reserved)
[    0.000000] Virtual kernel memory layout:
[    0.000000]     vector  : 0xffff0000 - 0xffff1000   (   4 kB)
[    0.000000]     fixmap  : 0xffc00000 - 0xfff00000   (3072 kB)
[    0.000000]     vmalloc : 0xd0800000 - 0xff000000   ( 744 MB)
[    0.000000]     lowmem  : 0xc0000000 - 0xd0000000   ( 256 MB)
[    0.000000]     modules : 0xbf000000 - 0xc0000000   (  16 MB)
[    0.000000]       .text : 0xc0008000 - 0xc05c67bc   (5882 kB)
[    0.000000]       .init : 0xc05c7000 - 0xc05f4000   ( 180 kB)
[    0.000000]       .data : 0xc05f4000 - 0xc061e840   ( 171 kB)
[    0.000000]        .bss : 0xc0621000 - 0xc06462d4   ( 149 kB)
[    0.000000] NR_IRQS:16 nr_irqs:16 16
[    0.000000] Architected cp15 timer(s) running at 62.50MHz (virt).
[    0.000000] clocksource arch_sys_counter: mask: 0xffffffffffffff max_cycles: 0x1cd42e208c, max_idle_ns: 881590405314 ns
[    0.000163] sched_clock: 56 bits at 62MHz, resolution 16ns, wraps every 4398046511096ns
[    0.000313] Switching to timer-based delay loop, resolution 16ns
[    0.003479] Console: colour dummy device 80x30
[    0.003826] Calibrating delay loop (skipped), value calculated using timer frequency.. 125.00 BogoMIPS (lpj=625000)
[    0.003971] pid_max: default: 32768 minimum: 301
[    0.004922] Mount-cache hash table entries: 1024 (order: 0, 4096 bytes)
[    0.004968] Mountpoint-cache hash table entries: 1024 (order: 0, 4096 bytes)
[    0.014517] CPU: Testing write buffer coherency: ok
[    0.020966] Setting up static identity map for 0x40008240 - 0x40008298
[    0.802408] VFP support v0.3: implementor 41 architecture 4 part 30 variant f rev 0
[    0.811855] clocksource jiffies: mask: 0xffffffff max_cycles: 0xffffffff, max_idle_ns: 19112604462750000 ns
[    0.823852] NET: Registered protocol family 16
[    0.827273] DMA: preallocated 256 KiB pool for atomic coherent allocations
[    0.831561] cpuidle: using governor ladder
[    0.831731] cpuidle: using governor menu
[    3.030358] Serial: AMBA PL011 UART driver
[    3.032575] 9000000.pl011: ttyS0 at MMIO 0x9000000 (irq = 54, base_baud = 0) is a PL011 rev1
[    3.040369] console [ttyS0] enabled
[    3.063235] vgaarb: loaded
[    3.064773] SCSI subsystem initialized
[    3.065982] usbcore: registered new interface driver usbfs
[    3.066340] usbcore: registered new interface driver hub
[    3.066685] usbcore: registered new device driver usb
[    3.076178] cfg80211: Calling CRDA to update world regulatory domain
[    3.078508] Switched to clocksource arch_sys_counter
[    3.967880] NET: Registered protocol family 2
[    3.973228] TCP established hash table entries: 2048 (order: 1, 8192 bytes)
[    3.973520] TCP bind hash table entries: 2048 (order: 1, 8192 bytes)
[    3.973837] TCP: Hash tables configured (established 2048 bind 2048)
[    3.974391] UDP hash table entries: 256 (order: 0, 4096 bytes)
[    3.974638] UDP-Lite hash table entries: 256 (order: 0, 4096 bytes)
[    3.976097] NET: Registered protocol family 1
[    3.976556] PCI: CLS 0 bytes, default 64
[    3.983982] NetWinder Floating Point Emulator V0.97 (extended precision)
[    3.986713] futex hash table entries: 256 (order: -1, 3072 bytes)
[    3.992325] squashfs: version 4.0 (2009/01/31) Phillip Lougher
[    3.993376] jffs2: version 2.2. (NAND) © 2001-2006 Red Hat, Inc.
[    3.994198] romfs: ROMFS MTD (C) 2007 Red Hat, Inc.
[    4.003422] Block layer SCSI generic (bsg) driver version 0.4 loaded (major 253)
[    4.003794] io scheduler noop registered
[    4.004023] io scheduler cfq registered (default)
[    4.004702] firmadyne: devfs: 1, execute: 1, procfs: 1, syscall: 0
[    4.006038] ------------[ cut here ]------------
[    4.006245] WARNING: CPU: 0 PID: 1 at /home/vagrant/firmadyne-kernel/kernel-v4.1/fs/sysfs/dir.c:31 sysfs_warn_dup+0x50/0x6c()
[    4.006477] sysfs: cannot create duplicate filename '/class/gpio'
[    4.006644] Modules linked in:
[    4.006960] CPU: 0 PID: 1 Comm: swapper Not tainted 4.1.17+ #1
[    4.007099] Hardware name: Generic DT based system
[    4.007791] [<c001c99c>] (unwind_backtrace) from [<c0019d30>] (show_stack+0x10/0x14)
[    4.008067] [<c0019d30>] (show_stack) from [<c0024ab4>] (warn_slowpath_common+0x80/0xa8)
[    4.008455] [<c0024ab4>] (warn_slowpath_common) from [<c0024b08>] (warn_slowpath_fmt+0x2c/0x3c)
[    4.008707] [<c0024b08>] (warn_slowpath_fmt) from [<c00e363c>] (sysfs_warn_dup+0x50/0x6c)
[    4.008891] [<c00e363c>] (sysfs_warn_dup) from [<c00e3714>] (sysfs_create_dir_ns+0x74/0x84)
[    4.009076] [<c00e3714>] (sysfs_create_dir_ns) from [<c018e6ac>] (kobject_add_internal+0xb8/0x2ac)
[    4.009268] [<c018e6ac>] (kobject_add_internal) from [<c018e9a8>] (kset_register+0x1c/0x44)
[    4.009451] [<c018e9a8>] (kset_register) from [<c02090b4>] (__class_register+0xa8/0x198)
[    4.009667] [<c02090b4>] (__class_register) from [<c02091e4>] (__class_create+0x40/0x70)
[    4.009858] [<c02091e4>] (__class_create) from [<c01adf68>] (register_devfs_stubs+0x314/0xbb4)
[    4.010059] [<c01adf68>] (register_devfs_stubs) from [<c05d9b08>] (init_module+0x28/0xa4)
[    4.010267] [<c05d9b08>] (init_module) from [<c0009670>] (do_one_initcall+0x104/0x1b4)
[    4.010442] [<c0009670>] (do_one_initcall) from [<c05c7d08>] (kernel_init_freeable+0xf0/0x1b0)
[    4.010643] [<c05c7d08>] (kernel_init_freeable) from [<c040f28c>] (kernel_init+0x8/0xe4)
[    4.010808] [<c040f28c>] (kernel_init) from [<c0016da8>] (ret_from_fork+0x14/0x2c)
[    4.011081] ---[ end trace f5d4084219322c8c ]---
[    4.011281] ------------[ cut here ]------------
[    4.011397] WARNING: CPU: 0 PID: 1 at /home/vagrant/firmadyne-kernel/kernel-v4.1/lib/kobject.c:240 kobject_add_internal+0x240/0x2ac()
[    4.011621] kobject_add_internal failed for gpio with -EEXIST, don't try to register things with the same name in the same directory.
[    4.011850] Modules linked in:
[    4.012011] CPU: 0 PID: 1 Comm: swapper Tainted: G        W       4.1.17+ #1
[    4.012152] Hardware name: Generic DT based system
[    4.012272] [<c001c99c>] (unwind_backtrace) from [<c0019d30>] (show_stack+0x10/0x14)
[    4.012440] [<c0019d30>] (show_stack) from [<c0024ab4>] (warn_slowpath_common+0x80/0xa8)
[    4.012615] [<c0024ab4>] (warn_slowpath_common) from [<c0024b08>] (warn_slowpath_fmt+0x2c/0x3c)
[    4.012813] [<c0024b08>] (warn_slowpath_fmt) from [<c018e834>] (kobject_add_internal+0x240/0x2ac)
[    4.013023] [<c018e834>] (kobject_add_internal) from [<c018e9a8>] (kset_register+0x1c/0x44)
[    4.013201] [<c018e9a8>] (kset_register) from [<c02090b4>] (__class_register+0xa8/0x198)
[    4.013373] [<c02090b4>] (__class_register) from [<c02091e4>] (__class_create+0x40/0x70)
[    4.013562] [<c02091e4>] (__class_create) from [<c01adf68>] (register_devfs_stubs+0x314/0xbb4)
[    4.013748] [<c01adf68>] (register_devfs_stubs) from [<c05d9b08>] (init_module+0x28/0xa4)
[    4.013954] [<c05d9b08>] (init_module) from [<c0009670>] (do_one_initcall+0x104/0x1b4)
[    4.014124] [<c0009670>] (do_one_initcall) from [<c05c7d08>] (kernel_init_freeable+0xf0/0x1b0)
[    4.014305] [<c05c7d08>] (kernel_init_freeable) from [<c040f28c>] (kernel_init+0x8/0xe4)
[    4.014472] [<c040f28c>] (kernel_init) from [<c0016da8>] (ret_from_fork+0x14/0x2c)
[    4.014643] ---[ end trace f5d4084219322c8d ]---
[    4.014811] firmadyne: Cannot create device class: gpio!
[    4.016562] firmadyne: Cannot register character device: watchdog, 0xa, 0x82!
[    4.016746] firmadyne: Cannot register character device: wdt, 0xfd, 0x0!
[    4.098352] PCI host bridge /pcie@10000000 ranges:
[    4.098924]    IO 0x3eff0000..0x3effffff -> 0x00000000
[    4.099286]   MEM 0x10000000..0x3efeffff -> 0x10000000
[    5.661717]   MEM 0x8000000000..0xffffffffff -> 0x8000000000
[    5.662513] pci-host-generic 3f000000.pcie: resource collision: [mem 0x00000000-0xffffffff] conflicts with /pl011@9000000 [mem 0x09000000-0x09000fff]
[    5.663249] pci-host-generic: probe of 3f000000.pcie failed with error -16
[    5.674916] Non-volatile memory driver v1.3
[    9.114576] cfg80211: Calling CRDA to update world regulatory domain
[    9.133929] brd: module loaded
[    9.144177] loop: module loaded
[   13.385570] cfg80211: Calling CRDA to update world regulatory domain
[   13.390150]  vda: vda1
[   13.402237] 0.flash: Found 2 x16 devices at 0x0 in 32-bit bank. Manufacturer ID 0x000000 Chip ID 0x000000
[   13.402902] Intel/Sharp Extended Query Table at 0x0031
[   13.405273] Using buffer write method
[   13.405704] erase region 0: offset=0x0,size=0x40000,blocks=256
[   13.413123] 0.flash: Found 2 x16 devices at 0x0 in 32-bit bank. Manufacturer ID 0x000000 Chip ID 0x000000
[   13.413387] Intel/Sharp Extended Query Table at 0x0031
[   13.414189] Using buffer write method
[   13.414314] erase region 0: offset=0x0,size=0x40000,blocks=256
[   13.414536] Concatenating MTD devices:
[   13.414643] (0): "0.flash"
[   13.414717] (1): "0.flash"
[   13.414784] into device "0.flash"
[   15.209929] [nandsim] warning: read_byte: unexpected data output cycle, state is STATE_READY return 0x0
[   15.210181] [nandsim] warning: read_byte: unexpected data output cycle, state is STATE_READY return 0x0
[   15.210362] [nandsim] warning: read_byte: unexpected data output cycle, state is STATE_READY return 0x0
[   15.210537] [nandsim] warning: read_byte: unexpected data output cycle, state is STATE_READY return 0x0
[   15.210711] [nandsim] warning: read_byte: unexpected data output cycle, state is STATE_READY return 0x0
[   15.210885] [nandsim] warning: read_byte: unexpected data output cycle, state is STATE_READY return 0x0
[   15.211313] nand: device found, Manufacturer ID: 0x98, Chip ID: 0x39
[   15.211463] nand: Toshiba NAND 128MiB 1,8V 8-bit
[   15.211589] nand: 128 MiB, SLC, erase size: 16 KiB, page size: 512, OOB size: 16
[   15.212531] flash size: 128 MiB
[   15.212618] page size: 512 bytes
[   15.212695] OOB area size: 16 bytes
[   15.212779] sector size: 16 KiB
[   15.212854] pages number: 262144
[   15.212929] pages per sector: 32
[   15.213003] bus width: 8
[   15.213066] bits in sector size: 14
[   15.213144] bits in page size: 9
[   15.213222] bits in OOB size: 4
[   15.213301] flash size with OOB: 135168 KiB
[   15.213392] page address bytes: 4
[   15.213474] sector address bytes: 3
[   15.213560] options: 0x42
[   16.974211] Scanning device for bad blocks
[   17.085944] cfg80211: Calling CRDA to update world regulatory domain
[   17.087024] firmadyne: do_execve: /firmadyne/console
[   17.087223] OFFSETS: offset of pid: 0x190 offset of comm: 0x270
[   17.087697] Creating 11 MTD partitions on "NAND 128MiB 1,8V 8-bit":
[   17.088118] 0x000000000000-0x000000100000 : "NAND simulator partition 0"
[   17.090444] 0x000000100000-0x000000200000 : "NAND simulator partition 1"
[   17.091892] 0x000000200000-0x000000300000 : "NAND simulator partition 2"
[   17.093334] 0x000000300000-0x000000400000 : "NAND simulator partition 3"
[   17.094761] 0x000000400000-0x000000500000 : "NAND simulator partition 4"
[   17.096141] 0x000000500000-0x000000600000 : "NAND simulator partition 5"
[   17.097553] 0x000000600000-0x000000700000 : "NAND simulator partition 6"
[   17.099286] 0x000000700000-0x000000800000 : "NAND simulator partition 7"
[   17.100681] 0x000000800000-0x000000900000 : "NAND simulator partition 8"
[   17.102610] 0x000000900000-0x000000a00000 : "NAND simulator partition 9"
[   17.104124] 0x000000a00000-0x000008000000 : "NAND simulator partition 10"
[   17.109869] tun: Universal TUN/TAP device driver, 1.6
[   17.110014] tun: (C) 1999-2004 Max Krasnyansky <maxk@qualcomm.com>
[   21.063010] PPP generic driver version 2.4.2
[   21.063817] PPP BSD Compression module registered
[   21.063985] PPP Deflate Compression module registered
[   21.064254] PPP MPPE Compression module registered
[   21.064395] NET: Registered protocol family 24
[   21.064730] PPTP driver version 0.8.5
[   21.065614] cfg80211: Calling CRDA to update world regulatory domain
[   23.315363] usbcore: registered new interface driver usb-storage
[   23.319101] rtc-pl031 9010000.pl031: rtc core: registered pl031 as rtc0
[   23.319882] hidraw: raw HID events driver (C) Jiri Kosina
[   23.320448] usbcore: registered new interface driver usbhid
[   23.320584] usbhid: USB HID core driver
[   23.321097] Netfilter messages via NETLINK v0.30.
[   23.321801] nf_conntrack version 0.5.0 (3958 buckets, 15832 max)
[   23.323275] ctnetlink v0.93: registering with nfnetlink.
[   23.324734] ipip: IPv4 over IPv4 tunneling driver
[   23.326908] gre: GRE over IPv4 demultiplexor driver
[   23.327074] ip_gre: GRE over IPv4 tunneling driver
[   23.331863] ip_tables: (C) 2000-2006 Netfilter Core Team
[   23.333588] arp_tables: (C) 2002 David S. Miller
[   23.334665] Initializing XFRM netlink socket
[   23.335185] NET: Registered protocol family 10
[   23.342532] ip6_tables: (C) 2000-2006 Netfilter Core Team
[   23.344268] sit: IPv6 over IPv4 tunneling driver
[   23.348045] NET: Registered protocol family 17
[   23.348831] bridge: automatic filtering via arp/ip/ip6tables has been deprecated. Update your scripts to load br_netfilter if you need this.
[   23.349182] Bridge firewalling registered
[   23.349331] Ebtables v2.0 registered
[   23.350561] 8021q: 802.1Q VLAN Support v1.8
[   23.351219] Registering SWP/SWPB emulation handler
[   23.354019] rtc-pl031 9010000.pl031: setting system clock to 2018-07-19 11:50:54 UTC (1532001054)
[   25.196613] cfg80211: Calling CRDA to update world regulatory domain
[   25.197503] EXT4-fs (vda1): couldn't mount as ext3 due to feature incompatibilities
[   25.199543] EXT4-fs (vda1): mounting ext2 file system using the ext4 subsystem
[   25.208681] EXT4-fs (vda1): warning: mounting unchecked fs, running e2fsck is recommended
[   25.211666] EXT4-fs (vda1): mounted filesystem without journal. Opts: (null)
[   25.212794] VFS: Mounted root (ext2 filesystem) on device 254:1.
[   25.231623] Freeing unused kernel memory: 180K (c05c7000 - c05f4000)
[   25.561227] firmadyne: sys_reboot[PID: 1 (init)]: magic1:fee1dead, magic2:28121969, cmd:0
