>> Database Image ID: 116

/home/zhumengfan/firmware/firmwares/8563a81fd9074d0bf84b4172b9e446acab6328c1.ZIP
>> MD5: b091e3e3189f2c1c0031b3663240da7d
>> Tag: 116
>> Temp: /tmp/tmpauNKRx
>> Status: Kernel: True, Rootfs: False, Do_Kernel: False,                 Do_Rootfs: True
>>>> Zip archive data, at least v2.0 to extract, compressed size: 8325779, uncompressed size: 8362400, name: DGS-1210-52_REVB_FIRMWARE_3.10.013.HEX
>> Recursing into archive ...
	
/tmp/tmpauNKRx/_8563a81fd9074d0bf84b4172b9e446acab6328c1.ZIP.extracted/DGS-1210-52_REVB_FIRMWARE_3.10.013.HEX
	>> MD5: 6ad097d4661ccdd513ac7e7334e23681
	>> Tag: 116
	>> Temp: /tmp/tmpUYGcVG
	>> Status: Kernel: True, Rootfs: False, Do_Kernel: False,                 Do_Rootfs: True
	>>>> Squashfs filesystem, little endian, version 3.1, size: 7077922 bytes, 212 inodes, blocksize: 131072 bytes, created: 2012-10-01 07:07:37
	>>>> Found Linux filesystem in /tmp/tmpUYGcVG/_DGS-1210-52_REVB_FIRMWARE_3.10.013.HEX.extracted/squashfs-root!
	>> Skipping: completed!
	>> Cleaning up /tmp/tmpUYGcVG...
>> Skipping: completed!
>> Cleaning up /tmp/tmpauNKRx...
./bin/busybox: armel
Querying database for architecture... armel
----Running----
----Copying Filesystem Tarball----
----Creating QEMU Image----
Formatting '/home/zhumengfan/firmadyne//scratch//116//image.raw', fmt=raw size=1073741824
----Creating Partition Table----

Welcome to fdisk (util-linux 2.27.1).
Changes will remain in memory only, until you decide to write them.
Be careful before using the write command.

Device does not contain a recognized partition table.
Created a new DOS disklabel with disk identifier 0xa0b4b27e.

Command (m for help): Created a new DOS disklabel with disk identifier 0x2bd2bb0b.

Command (m for help): Partition type
   p   primary (0 primary, 0 extended, 4 free)
   e   extended (container for logical partitions)
Select (default p): Partition number (1-4, default 1): First sector (2048-2097151, default 2048): Last sector, +sectors or +size{K,M,G,T,P} (2048-2097151, default 2097151): 
Created a new partition 1 of type 'Linux' and of size 1023 MiB.

Command (m for help): The partition table has been altered.
Syncing disks.

----Mounting QEMU Image----
add map loop0p1 (252:0): 0 2095104 linear 7:0 2048
----Creating Filesystem----
mke2fs 1.42.13 (17-May-2015)
Discarding device blocks:   4096/261888             done                            
Creating filesystem with 261888 4k blocks and 65536 inodes
Filesystem UUID: 11260584-32a9-4cfc-84bf-29fc37b29d45
Superblock backups stored on blocks: 
	32768, 98304, 163840, 229376

Allocating group tables: 0/8   done                            
Writing inode tables: 0/8   done                            
Writing superblocks and filesystem accounting information: 0/8   done

----Making QEMU Image Mountpoint----
----Mounting QEMU Image Partition 1----
----Extracting Filesystem Tarball----
----Creating FIRMADYNE Directories----
----Patching Filesystem (chroot)----
Creating /etc/TZ!
Creating /etc/hosts!
Warning: Recreating device nodes!
Removing /etc/scripts/sys_resetbutton!
----Setting up FIRMADYNE----
----Unmounting QEMU Image----
loop deleted : /dev/loop0
Querying database for architecture... armel
Running firmware 116: terminating after 60 secs...
qemu-system-arm: terminating on signal 2 from pid 123761 (timeout)
Inferring network...
Interfaces: []
Done!
[    0.000000] Booting Linux on physical CPU 0x0
[    0.000000] Linux version 4.1.17+ (vagrant@vagrant-ubuntu-trusty-64) (gcc version 5.3.0 (GCC) ) #1 Thu Feb 18 01:05:21 UTC 2016
[    0.000000] CPU: ARMv7 Processor [412fc0f1] revision 1 (ARMv7), cr=10c5387d
[    0.000000] CPU: PIPT / VIPT nonaliasing data cache, PIPT instruction cache
[    0.000000] Machine model: linux,dummy-virt
[    0.000000] debug: ignoring loglevel setting.
[    0.000000] Memory policy: Data cache writeback
[    0.000000] On node 0 totalpages: 65536
[    0.000000] free_area_init_node: node 0, pgdat c061dfe8, node_mem_map cfdf9000
[    0.000000]   Normal zone: 512 pages used for memmap
[    0.000000]   Normal zone: 0 pages reserved
[    0.000000]   Normal zone: 65536 pages, LIFO batch:15
[    0.000000] psci: probing for conduit method from DT.
[    0.000000] psci: PSCIv0.2 detected in firmware.
[    0.000000] psci: Using standard PSCI v0.2 function IDs
[    0.000000] CPU: All CPU(s) started in SVC mode.
[    0.000000] pcpu-alloc: s0 r0 d32768 u32768 alloc=1*32768
[    0.000000] pcpu-alloc: [0] 0 
[    0.000000] Built 1 zonelists in Zone order, mobility grouping on.  Total pages: 65024
[    0.000000] Kernel command line: firmadyne.syscall=1 root=/dev/vda1 console=ttyS0 nandsim.parts=64,64,64,64,64,64,64,64,64,64 rdinit=/firmadyne/preInit.sh rw debug ignore_loglevel print-fatal-signals=1 user_debug=31
[    0.000000] PID hash table entries: 1024 (order: 0, 4096 bytes)
[    0.000000] Dentry cache hash table entries: 32768 (order: 5, 131072 bytes)
[    0.000000] Inode-cache hash table entries: 16384 (order: 4, 65536 bytes)
[    0.000000] Memory: 253340K/262144K available (4297K kernel code, 170K rwdata, 1584K rodata, 180K init, 148K bss, 8804K reserved, 0K cma-reserved)
[    0.000000] Virtual kernel memory layout:
[    0.000000]     vector  : 0xffff0000 - 0xffff1000   (   4 kB)
[    0.000000]     fixmap  : 0xffc00000 - 0xfff00000   (3072 kB)
[    0.000000]     vmalloc : 0xd0800000 - 0xff000000   ( 744 MB)
[    0.000000]     lowmem  : 0xc0000000 - 0xd0000000   ( 256 MB)
[    0.000000]     modules : 0xbf000000 - 0xc0000000   (  16 MB)
[    0.000000]       .text : 0xc0008000 - 0xc05c67bc   (5882 kB)
[    0.000000]       .init : 0xc05c7000 - 0xc05f4000   ( 180 kB)
[    0.000000]       .data : 0xc05f4000 - 0xc061e840   ( 171 kB)
[    0.000000]        .bss : 0xc0621000 - 0xc06462d4   ( 149 kB)
[    0.000000] NR_IRQS:16 nr_irqs:16 16
[    0.000000] Architected cp15 timer(s) running at 62.50MHz (virt).
[    0.000000] clocksource arch_sys_counter: mask: 0xffffffffffffff max_cycles: 0x1cd42e208c, max_idle_ns: 881590405314 ns
[    0.000162] sched_clock: 56 bits at 62MHz, resolution 16ns, wraps every 4398046511096ns
[    0.000305] Switching to timer-based delay loop, resolution 16ns
[    0.003391] Console: colour dummy device 80x30
[    0.015667] Calibrating delay loop (skipped), value calculated using timer frequency.. 125.00 BogoMIPS (lpj=625000)
[    0.015806] pid_max: default: 32768 minimum: 301
[    0.016706] Mount-cache hash table entries: 1024 (order: 0, 4096 bytes)
[    0.016744] Mountpoint-cache hash table entries: 1024 (order: 0, 4096 bytes)
[    0.023924] CPU: Testing write buffer coherency: ok
[    0.030144] Setting up static identity map for 0x40008240 - 0x40008298
[    0.045087] VFP support v0.3: implementor 41 architecture 4 part 30 variant f rev 0
[    0.059886] clocksource jiffies: mask: 0xffffffff max_cycles: 0xffffffff, max_idle_ns: 19112604462750000 ns
[    0.069116] NET: Registered protocol family 16
[    0.072341] DMA: preallocated 256 KiB pool for atomic coherent allocations
[    0.076606] cpuidle: using governor ladder
[    0.076790] cpuidle: using governor menu
[    0.097941] Serial: AMBA PL011 UART driver
[    0.100418] 9000000.pl011: ttyS0 at MMIO 0x9000000 (irq = 54, base_baud = 0) is a PL011 rev1
[    0.108288] console [ttyS0] enabled
[    0.133509] vgaarb: loaded
[    0.135097] SCSI subsystem initialized
[    0.136209] usbcore: registered new interface driver usbfs
[    0.136584] usbcore: registered new interface driver hub
[    0.136894] usbcore: registered new device driver usb
[    0.146124] cfg80211: Calling CRDA to update world regulatory domain
[    0.148430] Switched to clocksource arch_sys_counter
[    0.166279] NET: Registered protocol family 2
[    0.171585] TCP established hash table entries: 2048 (order: 1, 8192 bytes)
[    0.171847] TCP bind hash table entries: 2048 (order: 1, 8192 bytes)
[    0.172157] TCP: Hash tables configured (established 2048 bind 2048)
[    0.172684] UDP hash table entries: 256 (order: 0, 4096 bytes)
[    0.172938] UDP-Lite hash table entries: 256 (order: 0, 4096 bytes)
[    0.174352] NET: Registered protocol family 1
[    0.174796] PCI: CLS 0 bytes, default 64
[    0.708549] NetWinder Floating Point Emulator V0.97 (extended precision)
[    0.711321] futex hash table entries: 256 (order: -1, 3072 bytes)
[    0.716706] squashfs: version 4.0 (2009/01/31) Phillip Lougher
[    0.717749] jffs2: version 2.2. (NAND) © 2001-2006 Red Hat, Inc.
[    0.718695] romfs: ROMFS MTD (C) 2007 Red Hat, Inc.
[    0.727495] Block layer SCSI generic (bsg) driver version 0.4 loaded (major 253)
[    0.727822] io scheduler noop registered
[    0.728058] io scheduler cfq registered (default)
[    0.728915] firmadyne: devfs: 1, execute: 1, procfs: 1, syscall: 1
[    0.730229] ------------[ cut here ]------------
[    0.730430] WARNING: CPU: 0 PID: 1 at /home/vagrant/firmadyne-kernel/kernel-v4.1/fs/sysfs/dir.c:31 sysfs_warn_dup+0x50/0x6c()
[    0.730669] sysfs: cannot create duplicate filename '/class/gpio'
[    0.730832] Modules linked in:
[    0.731153] CPU: 0 PID: 1 Comm: swapper Not tainted 4.1.17+ #1
[    0.731295] Hardware name: Generic DT based system
[    0.731968] [<c001c99c>] (unwind_backtrace) from [<c0019d30>] (show_stack+0x10/0x14)
[    0.732248] [<c0019d30>] (show_stack) from [<c0024ab4>] (warn_slowpath_common+0x80/0xa8)
[    0.732452] [<c0024ab4>] (warn_slowpath_common) from [<c0024b08>] (warn_slowpath_fmt+0x2c/0x3c)
[    0.732695] [<c0024b08>] (warn_slowpath_fmt) from [<c00e363c>] (sysfs_warn_dup+0x50/0x6c)
[    0.732879] [<c00e363c>] (sysfs_warn_dup) from [<c00e3714>] (sysfs_create_dir_ns+0x74/0x84)
[    0.733064] [<c00e3714>] (sysfs_create_dir_ns) from [<c018e6ac>] (kobject_add_internal+0xb8/0x2ac)
[    0.733257] [<c018e6ac>] (kobject_add_internal) from [<c018e9a8>] (kset_register+0x1c/0x44)
[    0.733440] [<c018e9a8>] (kset_register) from [<c02090b4>] (__class_register+0xa8/0x198)
[    0.733624] [<c02090b4>] (__class_register) from [<c02091e4>] (__class_create+0x40/0x70)
[    0.733804] [<c02091e4>] (__class_create) from [<c01adf68>] (register_devfs_stubs+0x314/0xbb4)
[    0.733991] [<c01adf68>] (register_devfs_stubs) from [<c05d9b08>] (init_module+0x28/0xa4)
[    0.734198] [<c05d9b08>] (init_module) from [<c0009670>] (do_one_initcall+0x104/0x1b4)
[    0.734375] [<c0009670>] (do_one_initcall) from [<c05c7d08>] (kernel_init_freeable+0xf0/0x1b0)
[    0.734564] [<c05c7d08>] (kernel_init_freeable) from [<c040f28c>] (kernel_init+0x8/0xe4)
[    0.734736] [<c040f28c>] (kernel_init) from [<c0016da8>] (ret_from_fork+0x14/0x2c)
[    0.734992] ---[ end trace 7f7fc9b52b45e84c ]---
[    0.735190] ------------[ cut here ]------------
[    0.735307] WARNING: CPU: 0 PID: 1 at /home/vagrant/firmadyne-kernel/kernel-v4.1/lib/kobject.c:240 kobject_add_internal+0x240/0x2ac()
[    0.735533] kobject_add_internal failed for gpio with -EEXIST, don't try to register things with the same name in the same directory.
[    0.735754] Modules linked in:
[    0.735892] CPU: 0 PID: 1 Comm: swapper Tainted: G        W       4.1.17+ #1
[    0.736033] Hardware name: Generic DT based system
[    0.736154] [<c001c99c>] (unwind_backtrace) from [<c0019d30>] (show_stack+0x10/0x14)
[    0.736323] [<c0019d30>] (show_stack) from [<c0024ab4>] (warn_slowpath_common+0x80/0xa8)
[    0.736501] [<c0024ab4>] (warn_slowpath_common) from [<c0024b08>] (warn_slowpath_fmt+0x2c/0x3c)
[    0.736686] [<c0024b08>] (warn_slowpath_fmt) from [<c018e834>] (kobject_add_internal+0x240/0x2ac)
[    0.736887] [<c018e834>] (kobject_add_internal) from [<c018e9a8>] (kset_register+0x1c/0x44)
[    0.737064] [<c018e9a8>] (kset_register) from [<c02090b4>] (__class_register+0xa8/0x198)
[    0.737237] [<c02090b4>] (__class_register) from [<c02091e4>] (__class_create+0x40/0x70)
[    0.737410] [<c02091e4>] (__class_create) from [<c01adf68>] (register_devfs_stubs+0x314/0xbb4)
[    0.737595] [<c01adf68>] (register_devfs_stubs) from [<c05d9b08>] (init_module+0x28/0xa4)
[    0.737777] [<c05d9b08>] (init_module) from [<c0009670>] (do_one_initcall+0x104/0x1b4)
[    0.737948] [<c0009670>] (do_one_initcall) from [<c05c7d08>] (kernel_init_freeable+0xf0/0x1b0)
[    0.738233] [<c05c7d08>] (kernel_init_freeable) from [<c040f28c>] (kernel_init+0x8/0xe4)
[    0.738412] [<c040f28c>] (kernel_init) from [<c0016da8>] (ret_from_fork+0x14/0x2c)
[    0.738585] ---[ end trace 7f7fc9b52b45e84d ]---
[    0.738751] firmadyne: Cannot create device class: gpio!
[    0.740425] firmadyne: Cannot register character device: watchdog, 0xa, 0x82!
[    0.740607] firmadyne: Cannot register character device: wdt, 0xfd, 0x0!
[    0.821319] PCI host bridge /pcie@10000000 ranges:
[    0.821892]    IO 0x3eff0000..0x3effffff -> 0x00000000
[    0.822255]   MEM 0x10000000..0x3efeffff -> 0x10000000
[    0.822393]   MEM 0x8000000000..0xffffffffff -> 0x8000000000
[    0.823063] pci-host-generic 3f000000.pcie: resource collision: [mem 0x00000000-0xffffffff] conflicts with /pl011@9000000 [mem 0x09000000-0x09000fff]
[    0.823766] pci-host-generic: probe of 3f000000.pcie failed with error -16
[    0.835067] Non-volatile memory driver v1.3
[    3.440758] cfg80211: Calling CRDA to update world regulatory domain
[    3.459979] brd: module loaded
[    6.151231] loop: module loaded
[    8.792494] cfg80211: Calling CRDA to update world regulatory domain
[    8.797178]  vda: vda1
[    8.809572] 0.flash: Found 2 x16 devices at 0x0 in 32-bit bank. Manufacturer ID 0x000000 Chip ID 0x000000
[    8.811511] Intel/Sharp Extended Query Table at 0x0031
[    8.812723] Using buffer write method
[    8.813144] erase region 0: offset=0x0,size=0x40000,blocks=256
[    8.820695] 0.flash: Found 2 x16 devices at 0x0 in 32-bit bank. Manufacturer ID 0x000000 Chip ID 0x000000
[    8.820964] Intel/Sharp Extended Query Table at 0x0031
[    8.821792] Using buffer write method
[    8.821919] erase region 0: offset=0x0,size=0x40000,blocks=256
[    8.822140] Concatenating MTD devices:
[    8.822248] (0): "0.flash"
[    8.822322] (1): "0.flash"
[    8.822390] into device "0.flash"
[    8.833652] [nandsim] warning: read_byte: unexpected data output cycle, state is STATE_READY return 0x0
[    8.833904] [nandsim] warning: read_byte: unexpected data output cycle, state is STATE_READY return 0x0
[    8.834088] [nandsim] warning: read_byte: unexpected data output cycle, state is STATE_READY return 0x0
[    8.834266] [nandsim] warning: read_byte: unexpected data output cycle, state is STATE_READY return 0x0
[    8.834442] [nandsim] warning: read_byte: unexpected data output cycle, state is STATE_READY return 0x0
[    8.834618] [nandsim] warning: read_byte: unexpected data output cycle, state is STATE_READY return 0x0
[    8.835040] nand: device found, Manufacturer ID: 0x98, Chip ID: 0x39
[    8.835192] nand: Toshiba NAND 128MiB 1,8V 8-bit
[    8.835321] nand: 128 MiB, SLC, erase size: 16 KiB, page size: 512, OOB size: 16
[    8.836238] flash size: 128 MiB
[    8.836326] page size: 512 bytes
[    8.836404] OOB area size: 16 bytes
[    8.836486] sector size: 16 KiB
[    8.836560] pages number: 262144
[    8.836635] pages per sector: 32
[    8.836710] bus width: 8
[    8.836773] bits in sector size: 14
[    8.836855] bits in page size: 9
[    8.836934] bits in OOB size: 4
[    8.837013] flash size with OOB: 135168 KiB
[    8.837105] page address bytes: 4
[    8.837181] sector address bytes: 3
[    8.837262] options: 0x42
[   11.496352] Scanning device for bad blocks
[   11.602827] firmadyne: do_execve: /firmadyne/console
[   11.603050] OFFSETS: offset of pid: 0x190 offset of comm: 0x270
[   11.603542] Creating 11 MTD partitions on "NAND 128MiB 1,8V 8-bit":
[   11.603959] 0x000000000000-0x000000100000 : "NAND simulator partition 0"
[   11.606203] 0x000000100000-0x000000200000 : "NAND simulator partition 1"
[   11.607599] 0x000000200000-0x000000300000 : "NAND simulator partition 2"
[   11.609094] 0x000000300000-0x000000400000 : "NAND simulator partition 3"
[   11.610528] 0x000000400000-0x000000500000 : "NAND simulator partition 4"
[   11.611914] 0x000000500000-0x000000600000 : "NAND simulator partition 5"
[   11.613307] 0x000000600000-0x000000700000 : "NAND simulator partition 6"
[   11.614886] 0x000000700000-0x000000800000 : "NAND simulator partition 7"
[   11.616230] 0x000000800000-0x000000900000 : "NAND simulator partition 8"
[   11.617590] 0x000000900000-0x000000a00000 : "NAND simulator partition 9"
[   11.619097] 0x000000a00000-0x000008000000 : "NAND simulator partition 10"
[   11.624596] tun: Universal TUN/TAP device driver, 1.6
[   11.624729] tun: (C) 1999-2004 Max Krasnyansky <maxk@qualcomm.com>
[   15.500640] PPP generic driver version 2.4.2
[   15.501490] PPP BSD Compression module registered
[   15.501705] PPP Deflate Compression module registered
[   15.501960] PPP MPPE Compression module registered
[   15.502104] NET: Registered protocol family 24
[   15.502432] PPTP driver version 0.8.5
[   15.503484] cfg80211: Calling CRDA to update world regulatory domain
[   16.957861] usbcore: registered new interface driver usb-storage
[   16.961577] rtc-pl031 9010000.pl031: rtc core: registered pl031 as rtc0
[   16.962375] hidraw: raw HID events driver (C) Jiri Kosina
[   16.962935] usbcore: registered new interface driver usbhid
[   16.963074] usbhid: USB HID core driver
[   16.963570] Netfilter messages via NETLINK v0.30.
[   16.964248] nf_conntrack version 0.5.0 (3958 buckets, 15832 max)
[   17.882197] ctnetlink v0.93: registering with nfnetlink.
[   17.883770] ipip: IPv4 over IPv4 tunneling driver
[   17.886065] gre: GRE over IPv4 demultiplexor driver
[   17.886247] ip_gre: GRE over IPv4 tunneling driver
[   17.891084] ip_tables: (C) 2000-2006 Netfilter Core Team
[   17.892816] arp_tables: (C) 2002 David S. Miller
[   17.893904] Initializing XFRM netlink socket
[   17.894451] NET: Registered protocol family 10
[   17.901773] ip6_tables: (C) 2000-2006 Netfilter Core Team
[   17.903521] sit: IPv6 over IPv4 tunneling driver
[   17.907292] NET: Registered protocol family 17
[   17.907955] bridge: automatic filtering via arp/ip/ip6tables has been deprecated. Update your scripts to load br_netfilter if you need this.
[   17.908436] Bridge firewalling registered
[   17.908594] Ebtables v2.0 registered
[   17.909838] 8021q: 802.1Q VLAN Support v1.8
[   17.910506] Registering SWP/SWPB emulation handler
[   17.913314] rtc-pl031 9010000.pl031: setting system clock to 2018-07-19 12:24:21 UTC (1532003061)
[   17.924003] EXT4-fs (vda1): couldn't mount as ext3 due to feature incompatibilities
[   17.925730] EXT4-fs (vda1): mounting ext2 file system using the ext4 subsystem
[   19.638666] cfg80211: Calling CRDA to update world regulatory domain
[   19.639495] EXT4-fs (vda1): mounted filesystem without journal. Opts: (null)
[   19.640602] VFS: Mounted root (ext2 filesystem) on device 254:1.
[   19.659039] Freeing unused kernel memory: 180K (c05c7000 - c05f4000)
[   22.256539] firmadyne: sys_reboot[PID: 54 (init)]: magic1:fee1dead, magic2:28121969, cmd:0
[   22.278594] firmadyne: sys_socket[PID: 1 (init)]: family:1, type:2, protocol:0
[   23.615559] cfg80211: Calling CRDA to update world regulatory domain
[   23.627616] firmadyne: sys_socket[PID: 55 (init)]: family:1, type:2, protocol:0
[   28.388364] cfg80211: Calling CRDA to update world regulatory domain
[   33.742041] cfg80211: Calling CRDA to update world regulatory domain
[   35.112226] firmadyne: sys_socket[PID: 64 (telnetd)]: family:2, type:1, protocol:0
[   35.115116] firmadyne: sys_setsockopt[PID: 64 (telnetd)]: fd:3, level:1, optname:2
[   35.115979] firmadyne: inet_bind[PID: 64 (telnetd)]: proto:SOCK_STREAM, port:23
[   37.748616] cfg80211: Calling CRDA to update world regulatory domain
Using /lib/modules/mvKernelExt.ko
Starting firmware emulation... use Ctrl-a + x to exit
qemu-system-arm: terminating on signal 2 from pid 123914 (timeout)
[    0.000000] Booting Linux on physical CPU 0x0
[    0.000000] Linux version 4.1.17+ (vagrant@vagrant-ubuntu-trusty-64) (gcc version 5.3.0 (GCC) ) #1 Thu Feb 18 01:05:21 UTC 2016
[    0.000000] CPU: ARMv7 Processor [412fc0f1] revision 1 (ARMv7), cr=10c5387d
[    0.000000] CPU: PIPT / VIPT nonaliasing data cache, PIPT instruction cache
[    0.000000] Machine model: linux,dummy-virt
[    0.000000] debug: ignoring loglevel setting.
[    0.000000] Memory policy: Data cache writeback
[    0.000000] On node 0 totalpages: 65536
[    0.000000] free_area_init_node: node 0, pgdat c061dfe8, node_mem_map cfdf9000
[    0.000000]   Normal zone: 512 pages used for memmap
[    0.000000]   Normal zone: 0 pages reserved
[    0.000000]   Normal zone: 65536 pages, LIFO batch:15
[    0.000000] psci: probing for conduit method from DT.
[    0.000000] psci: PSCIv0.2 detected in firmware.
[    0.000000] psci: Using standard PSCI v0.2 function IDs
[    0.000000] CPU: All CPU(s) started in SVC mode.
[    0.000000] pcpu-alloc: s0 r0 d32768 u32768 alloc=1*32768
[    0.000000] pcpu-alloc: [0] 0 
[    0.000000] Built 1 zonelists in Zone order, mobility grouping on.  Total pages: 65024
[    0.000000] Kernel command line: root=/dev/vda1 console=ttyS0 nandsim.parts=64,64,64,64,64,64,64,64,64,64 rdinit=/firmadyne/preInit.sh rw debug ignore_loglevel print-fatal-signals=1 user_debug=31 firmadyne.syscall=0
[    0.000000] PID hash table entries: 1024 (order: 0, 4096 bytes)
[    0.000000] Dentry cache hash table entries: 32768 (order: 5, 131072 bytes)
[    0.000000] Inode-cache hash table entries: 16384 (order: 4, 65536 bytes)
[    0.000000] Memory: 253340K/262144K available (4297K kernel code, 170K rwdata, 1584K rodata, 180K init, 148K bss, 8804K reserved, 0K cma-reserved)
[    0.000000] Virtual kernel memory layout:
[    0.000000]     vector  : 0xffff0000 - 0xffff1000   (   4 kB)
[    0.000000]     fixmap  : 0xffc00000 - 0xfff00000   (3072 kB)
[    0.000000]     vmalloc : 0xd0800000 - 0xff000000   ( 744 MB)
[    0.000000]     lowmem  : 0xc0000000 - 0xd0000000   ( 256 MB)
[    0.000000]     modules : 0xbf000000 - 0xc0000000   (  16 MB)
[    0.000000]       .text : 0xc0008000 - 0xc05c67bc   (5882 kB)
[    0.000000]       .init : 0xc05c7000 - 0xc05f4000   ( 180 kB)
[    0.000000]       .data : 0xc05f4000 - 0xc061e840   ( 171 kB)
[    0.000000]        .bss : 0xc0621000 - 0xc06462d4   ( 149 kB)
[    0.000000] NR_IRQS:16 nr_irqs:16 16
[    0.000000] Architected cp15 timer(s) running at 62.50MHz (virt).
[    0.000000] clocksource arch_sys_counter: mask: 0xffffffffffffff max_cycles: 0x1cd42e208c, max_idle_ns: 881590405314 ns
[    0.000160] sched_clock: 56 bits at 62MHz, resolution 16ns, wraps every 4398046511096ns
[    0.000305] Switching to timer-based delay loop, resolution 16ns
[    0.003461] Console: colour dummy device 80x30
[    0.003801] Calibrating delay loop (skipped), value calculated using timer frequency.. 125.00 BogoMIPS (lpj=625000)
[    0.003941] pid_max: default: 32768 minimum: 301
[    0.004872] Mount-cache hash table entries: 1024 (order: 0, 4096 bytes)
[    0.004916] Mountpoint-cache hash table entries: 1024 (order: 0, 4096 bytes)
[    0.014420] CPU: Testing write buffer coherency: ok
[    0.020967] Setting up static identity map for 0x40008240 - 0x40008298
[    2.622934] VFP support v0.3: implementor 41 architecture 4 part 30 variant f rev 0
[    2.635082] clocksource jiffies: mask: 0xffffffff max_cycles: 0xffffffff, max_idle_ns: 19112604462750000 ns
[    2.644477] NET: Registered protocol family 16
[    2.647734] DMA: preallocated 256 KiB pool for atomic coherent allocations
[    3.951087] cpuidle: using governor ladder
[    3.951269] cpuidle: using governor menu
[    3.973018] Serial: AMBA PL011 UART driver
[    3.975274] 9000000.pl011: ttyS0 at MMIO 0x9000000 (irq = 54, base_baud = 0) is a PL011 rev1
[    3.982991] console [ttyS0] enabled
[    4.006769] vgaarb: loaded
[    4.008328] SCSI subsystem initialized
[    4.009458] usbcore: registered new interface driver usbfs
[    4.009828] usbcore: registered new interface driver hub
[    4.010170] usbcore: registered new device driver usb
[    4.019607] cfg80211: Calling CRDA to update world regulatory domain
[    5.266614] Switched to clocksource arch_sys_counter
[    5.285871] NET: Registered protocol family 2
[    5.291008] TCP established hash table entries: 2048 (order: 1, 8192 bytes)
[    5.291265] TCP bind hash table entries: 2048 (order: 1, 8192 bytes)
[    5.291573] TCP: Hash tables configured (established 2048 bind 2048)
[    5.292224] UDP hash table entries: 256 (order: 0, 4096 bytes)
[    5.292485] UDP-Lite hash table entries: 256 (order: 0, 4096 bytes)
[    5.293912] NET: Registered protocol family 1
[    5.294363] PCI: CLS 0 bytes, default 64
[    5.301502] NetWinder Floating Point Emulator V0.97 (extended precision)
[    5.304305] futex hash table entries: 256 (order: -1, 3072 bytes)
[    5.309898] squashfs: version 4.0 (2009/01/31) Phillip Lougher
[    5.310902] jffs2: version 2.2. (NAND) © 2001-2006 Red Hat, Inc.
[    5.311695] romfs: ROMFS MTD (C) 2007 Red Hat, Inc.
[    5.320664] Block layer SCSI generic (bsg) driver version 0.4 loaded (major 253)
[    5.321033] io scheduler noop registered
[    5.321277] io scheduler cfq registered (default)
[    5.322123] firmadyne: devfs: 1, execute: 1, procfs: 1, syscall: 0
[    5.323626] ------------[ cut here ]------------
[    5.323877] WARNING: CPU: 0 PID: 1 at /home/vagrant/firmadyne-kernel/kernel-v4.1/fs/sysfs/dir.c:31 sysfs_warn_dup+0x50/0x6c()
[    5.324097] sysfs: cannot create duplicate filename '/class/gpio'
[    5.324278] Modules linked in:
[    5.324606] CPU: 0 PID: 1 Comm: swapper Not tainted 4.1.17+ #1
[    5.324810] Hardware name: Generic DT based system
[    5.325501] [<c001c99c>] (unwind_backtrace) from [<c0019d30>] (show_stack+0x10/0x14)
[    5.325782] [<c0019d30>] (show_stack) from [<c0024ab4>] (warn_slowpath_common+0x80/0xa8)
[    5.325980] [<c0024ab4>] (warn_slowpath_common) from [<c0024b08>] (warn_slowpath_fmt+0x2c/0x3c)
[    5.326217] [<c0024b08>] (warn_slowpath_fmt) from [<c00e363c>] (sysfs_warn_dup+0x50/0x6c)
[    5.326397] [<c00e363c>] (sysfs_warn_dup) from [<c00e3714>] (sysfs_create_dir_ns+0x74/0x84)
[    5.326579] [<c00e3714>] (sysfs_create_dir_ns) from [<c018e6ac>] (kobject_add_internal+0xb8/0x2ac)
[    5.326768] [<c018e6ac>] (kobject_add_internal) from [<c018e9a8>] (kset_register+0x1c/0x44)
[    5.326947] [<c018e9a8>] (kset_register) from [<c02090b4>] (__class_register+0xa8/0x198)
[    5.327122] [<c02090b4>] (__class_register) from [<c02091e4>] (__class_create+0x40/0x70)
[    5.327295] [<c02091e4>] (__class_create) from [<c01adf68>] (register_devfs_stubs+0x314/0xbb4)
[    5.327477] [<c01adf68>] (register_devfs_stubs) from [<c05d9b08>] (init_module+0x28/0xa4)
[    5.327678] [<c05d9b08>] (init_module) from [<c0009670>] (do_one_initcall+0x104/0x1b4)
[    5.327850] [<c0009670>] (do_one_initcall) from [<c05c7d08>] (kernel_init_freeable+0xf0/0x1b0)
[    5.328037] [<c05c7d08>] (kernel_init_freeable) from [<c040f28c>] (kernel_init+0x8/0xe4)
[    5.328206] [<c040f28c>] (kernel_init) from [<c0016da8>] (ret_from_fork+0x14/0x2c)
[    5.328459] ---[ end trace 1cb6e66a94485c24 ]---
[    5.328655] ------------[ cut here ]------------
[    5.328769] WARNING: CPU: 0 PID: 1 at /home/vagrant/firmadyne-kernel/kernel-v4.1/lib/kobject.c:240 kobject_add_internal+0x240/0x2ac()
[    5.328994] kobject_add_internal failed for gpio with -EEXIST, don't try to register things with the same name in the same directory.
[    5.329208] Modules linked in:
[    5.329346] CPU: 0 PID: 1 Comm: swapper Tainted: G        W       4.1.17+ #1
[    5.329483] Hardware name: Generic DT based system
[    5.329600] [<c001c99c>] (unwind_backtrace) from [<c0019d30>] (show_stack+0x10/0x14)
[    5.329766] [<c0019d30>] (show_stack) from [<c0024ab4>] (warn_slowpath_common+0x80/0xa8)
[    5.329938] [<c0024ab4>] (warn_slowpath_common) from [<c0024b08>] (warn_slowpath_fmt+0x2c/0x3c)
[    5.330119] [<c0024b08>] (warn_slowpath_fmt) from [<c018e834>] (kobject_add_internal+0x240/0x2ac)
[    5.330312] [<c018e834>] (kobject_add_internal) from [<c018e9a8>] (kset_register+0x1c/0x44)
[    5.330485] [<c018e9a8>] (kset_register) from [<c02090b4>] (__class_register+0xa8/0x198)
[    5.330653] [<c02090b4>] (__class_register) from [<c02091e4>] (__class_create+0x40/0x70)
[    5.330821] [<c02091e4>] (__class_create) from [<c01adf68>] (register_devfs_stubs+0x314/0xbb4)
[    5.331001] [<c01adf68>] (register_devfs_stubs) from [<c05d9b08>] (init_module+0x28/0xa4)
[    5.331171] [<c05d9b08>] (init_module) from [<c0009670>] (do_one_initcall+0x104/0x1b4)
[    5.331338] [<c0009670>] (do_one_initcall) from [<c05c7d08>] (kernel_init_freeable+0xf0/0x1b0)
[    5.331513] [<c05c7d08>] (kernel_init_freeable) from [<c040f28c>] (kernel_init+0x8/0xe4)
[    5.331677] [<c040f28c>] (kernel_init) from [<c0016da8>] (ret_from_fork+0x14/0x2c)
[    5.331841] ---[ end trace 1cb6e66a94485c25 ]---
[    5.332158] firmadyne: Cannot create device class: gpio!
[    5.333969] firmadyne: Cannot register character device: watchdog, 0xa, 0x82!
[    5.334151] firmadyne: Cannot register character device: wdt, 0xfd, 0x0!
[    8.099110] cfg80211: Calling CRDA to update world regulatory domain
[    8.111746] PCI host bridge /pcie@10000000 ranges:
[    8.112513]    IO 0x3eff0000..0x3effffff -> 0x00000000
[    8.112920]   MEM 0x10000000..0x3efeffff -> 0x10000000
[    8.113054]   MEM 0x8000000000..0xffffffffff -> 0x8000000000
[    8.113738] pci-host-generic 3f000000.pcie: resource collision: [mem 0x00000000-0xffffffff] conflicts with /pl011@9000000 [mem 0x09000000-0x09000fff]
[    8.114475] pci-host-generic: probe of 3f000000.pcie failed with error -16
[    8.126950] Non-volatile memory driver v1.3
[   10.944557] brd: module loaded
[   10.955421] loop: module loaded
[   13.590951] cfg80211: Calling CRDA to update world regulatory domain
[   13.595635]  vda: vda1
[   13.608011] 0.flash: Found 2 x16 devices at 0x0 in 32-bit bank. Manufacturer ID 0x000000 Chip ID 0x000000
[   13.608704] Intel/Sharp Extended Query Table at 0x0031
[   13.611120] Using buffer write method
[   13.611555] erase region 0: offset=0x0,size=0x40000,blocks=256
[   13.619077] 0.flash: Found 2 x16 devices at 0x0 in 32-bit bank. Manufacturer ID 0x000000 Chip ID 0x000000
[   13.619341] Intel/Sharp Extended Query Table at 0x0031
[   13.620135] Using buffer write method
[   13.620258] erase region 0: offset=0x0,size=0x40000,blocks=256
[   13.620479] Concatenating MTD devices:
[   13.620585] (0): "0.flash"
[   13.620658] (1): "0.flash"
[   13.620722] into device "0.flash"
[   15.452122] [nandsim] warning: read_byte: unexpected data output cycle, state is STATE_READY return 0x0
[   15.452372] [nandsim] warning: read_byte: unexpected data output cycle, state is STATE_READY return 0x0
[   15.452549] [nandsim] warning: read_byte: unexpected data output cycle, state is STATE_READY return 0x0
[   15.452720] [nandsim] warning: read_byte: unexpected data output cycle, state is STATE_READY return 0x0
[   15.452921] [nandsim] warning: read_byte: unexpected data output cycle, state is STATE_READY return 0x0
[   15.453092] [nandsim] warning: read_byte: unexpected data output cycle, state is STATE_READY return 0x0
[   15.453516] nand: device found, Manufacturer ID: 0x98, Chip ID: 0x39
[   15.453668] nand: Toshiba NAND 128MiB 1,8V 8-bit
[   15.453793] nand: 128 MiB, SLC, erase size: 16 KiB, page size: 512, OOB size: 16
[   15.454723] flash size: 128 MiB
[   15.454811] page size: 512 bytes
[   15.454886] OOB area size: 16 bytes
[   15.454964] sector size: 16 KiB
[   15.455035] pages number: 262144
[   15.455107] pages per sector: 32
[   15.455181] bus width: 8
[   15.455252] bits in sector size: 14
[   15.455330] bits in page size: 9
[   15.455406] bits in OOB size: 4
[   15.455482] flash size with OOB: 135168 KiB
[   15.455570] page address bytes: 4
[   15.455643] sector address bytes: 3
[   15.455720] options: 0x42
[   17.291634] Scanning device for bad blocks
[   17.400126] cfg80211: Calling CRDA to update world regulatory domain
[   17.401317] firmadyne: do_execve: /firmadyne/console
[   17.401522] OFFSETS: offset of pid: 0x190 offset of comm: 0x270
[   17.402157] Creating 11 MTD partitions on "NAND 128MiB 1,8V 8-bit":
[   17.402591] 0x000000000000-0x000000100000 : "NAND simulator partition 0"
[   17.404950] 0x000000100000-0x000000200000 : "NAND simulator partition 1"
[   17.406519] 0x000000200000-0x000000300000 : "NAND simulator partition 2"
[   17.407982] 0x000000300000-0x000000400000 : "NAND simulator partition 3"
[   17.409554] 0x000000400000-0x000000500000 : "NAND simulator partition 4"
[   17.411046] 0x000000500000-0x000000600000 : "NAND simulator partition 5"
[   17.412776] 0x000000600000-0x000000700000 : "NAND simulator partition 6"
[   17.414544] 0x000000700000-0x000000800000 : "NAND simulator partition 7"
[   17.416007] 0x000000800000-0x000000900000 : "NAND simulator partition 8"
[   17.417937] 0x000000900000-0x000000a00000 : "NAND simulator partition 9"
[   17.419490] 0x000000a00000-0x000008000000 : "NAND simulator partition 10"
[   17.425525] tun: Universal TUN/TAP device driver, 1.6
[   17.425682] tun: (C) 1999-2004 Max Krasnyansky <maxk@qualcomm.com>
[   22.677283] PPP generic driver version 2.4.2
[   22.678118] PPP BSD Compression module registered
[   22.678303] PPP Deflate Compression module registered
[   22.678566] PPP MPPE Compression module registered
[   22.678704] NET: Registered protocol family 24
[   22.679057] PPTP driver version 0.8.5
[   22.679918] cfg80211: Calling CRDA to update world regulatory domain
[   24.657872] usbcore: registered new interface driver usb-storage
[   24.661557] rtc-pl031 9010000.pl031: rtc core: registered pl031 as rtc0
[   24.662501] hidraw: raw HID events driver (C) Jiri Kosina
[   24.663074] usbcore: registered new interface driver usbhid
[   24.663208] usbhid: USB HID core driver
[   24.663695] Netfilter messages via NETLINK v0.30.
[   24.664375] nf_conntrack version 0.5.0 (3958 buckets, 15832 max)
[   24.665857] ctnetlink v0.93: registering with nfnetlink.
[   24.667326] ipip: IPv4 over IPv4 tunneling driver
[   24.669512] gre: GRE over IPv4 demultiplexor driver
[   24.669694] ip_gre: GRE over IPv4 tunneling driver
[   24.674507] ip_tables: (C) 2000-2006 Netfilter Core Team
[   24.676235] arp_tables: (C) 2002 David S. Miller
[   24.677372] Initializing XFRM netlink socket
[   24.677880] NET: Registered protocol family 10
[   24.685644] ip6_tables: (C) 2000-2006 Netfilter Core Team
[   24.687376] sit: IPv6 over IPv4 tunneling driver
[   24.691233] NET: Registered protocol family 17
[   24.691912] bridge: automatic filtering via arp/ip/ip6tables has been deprecated. Update your scripts to load br_netfilter if you need this.
[   24.692353] Bridge firewalling registered
[   24.692499] Ebtables v2.0 registered
[   24.693717] 8021q: 802.1Q VLAN Support v1.8
[   24.694375] Registering SWP/SWPB emulation handler
[   24.697209] rtc-pl031 9010000.pl031: setting system clock to 2018-07-19 12:25:36 UTC (1532003136)
[   26.175187] cfg80211: Calling CRDA to update world regulatory domain
[   26.184450] EXT4-fs (vda1): couldn't mount as ext3 due to feature incompatibilities
[   26.186165] EXT4-fs (vda1): mounting ext2 file system using the ext4 subsystem
[   26.195243] EXT4-fs (vda1): warning: mounting unchecked fs, running e2fsck is recommended
[   26.198252] EXT4-fs (vda1): mounted filesystem without journal. Opts: (null)
[   26.199402] VFS: Mounted root (ext2 filesystem) on device 254:1.
[   26.218034] Freeing unused kernel memory: 180K (c05c7000 - c05f4000)
[   29.891260] cfg80211: Calling CRDA to update world regulatory domain
[   29.932878] firmadyne: sys_reboot[PID: 54 (init)]: magic1:fee1dead, magic2:28121969, cmd:0
[   33.593361] cfg80211: Calling CRDA to update world regulatory domain
