>> Database Image ID: 90

/home/zhumengfan/firmware/firmwares/8572c0e6c04e30be8ba7018904fa4975b87c9f02.ZIP
>> MD5: ae2db56aa5c3b27bf8d553306fd1c252
>> Tag: 90
>> Temp: /tmp/tmppgq_e5
>> Status: Kernel: True, Rootfs: False, Do_Kernel: False,                 Do_Rootfs: True
>>>> Zip archive data, at least v2.0 to extract, compressed size: 7995585, uncompressed size: 8026448, name: R1.10.005/DGS-1500-28P FW R1.10.005.hex
>> Recursing into archive ...
	
/tmp/tmppgq_e5/_8572c0e6c04e30be8ba7018904fa4975b87c9f02.ZIP.extracted/R1.10.005/DGS-1500-28P FW R1.10.005.hex
	>> MD5: c7ab062e7a3d377b813468d5a1dbae6c
	>> Tag: 90
	>> Temp: /tmp/tmper3xz9
	>> Status: Kernel: True, Rootfs: False, Do_Kernel: False,                 Do_Rootfs: True
	>>>> Squashfs filesystem, little endian, version 3.1, size: 6744876 bytes, 216 inodes, blocksize: 131072 bytes, created: 2012-03-09 11:12:32
	>>>> Found Linux filesystem in /tmp/tmper3xz9/_DGS-1500-28P FW R1.10.005.hex.extracted/squashfs-root!
	>> Skipping: completed!
	>> Cleaning up /tmp/tmper3xz9...
>> Skipping: completed!
>> Cleaning up /tmp/tmppgq_e5...
./bin/busybox: armel
Querying database for architecture... armel
----Running----
----Copying Filesystem Tarball----
----Creating QEMU Image----
Formatting '/home/zhumengfan/firmadyne//scratch//90//image.raw', fmt=raw size=1073741824
----Creating Partition Table----

Welcome to fdisk (util-linux 2.27.1).
Changes will remain in memory only, until you decide to write them.
Be careful before using the write command.

Device does not contain a recognized partition table.
Created a new DOS disklabel with disk identifier 0x337ca4ea.

Command (m for help): Created a new DOS disklabel with disk identifier 0xa9c19c2b.

Command (m for help): Partition type
   p   primary (0 primary, 0 extended, 4 free)
   e   extended (container for logical partitions)
Select (default p): Partition number (1-4, default 1): First sector (2048-2097151, default 2048): Last sector, +sectors or +size{K,M,G,T,P} (2048-2097151, default 2097151): 
Created a new partition 1 of type 'Linux' and of size 1023 MiB.

Command (m for help): The partition table has been altered.
Syncing disks.

----Mounting QEMU Image----
add map loop0p1 (252:0): 0 2095104 linear 7:0 2048
----Creating Filesystem----
mke2fs 1.42.13 (17-May-2015)
Discarding device blocks:   4096/261888             done                            
Creating filesystem with 261888 4k blocks and 65536 inodes
Filesystem UUID: 54cf2762-2073-445f-a11f-943905ef68e2
Superblock backups stored on blocks: 
	32768, 98304, 163840, 229376

Allocating group tables: 0/8   done                            
Writing inode tables: 0/8   done                            
Writing superblocks and filesystem accounting information: 0/8   done

----Making QEMU Image Mountpoint----
----Mounting QEMU Image Partition 1----
----Extracting Filesystem Tarball----
----Creating FIRMADYNE Directories----
----Patching Filesystem (chroot)----
Creating /etc/TZ!
Creating /etc/hosts!
Warning: Recreating device nodes!
mkdir: can't create directory '/dev/mtd': No such file or directory
mknod: /dev/mtd/0: No such file or directory
mknod: /dev/mtd/1: No such file or directory
mknod: /dev/mtd/2: No such file or directory
mknod: /dev/mtd/3: No such file or directory
mknod: /dev/mtd/4: No such file or directory
mknod: /dev/mtd/5: No such file or directory
mknod: /dev/mtd/6: No such file or directory
mknod: /dev/mtd/7: No such file or directory
mknod: /dev/mtd/8: No such file or directory
mknod: /dev/mtd/9: No such file or directory
mknod: /dev/mtd/10: No such file or directory
Removing /etc/scripts/sys_resetbutton!
----Setting up FIRMADYNE----
----Unmounting QEMU Image----
loop deleted : /dev/loop0
Querying database for architecture... armel
Running firmware 90: terminating after 60 secs...
qemu-system-arm: terminating on signal 2 from pid 107931 (timeout)
Inferring network...
Interfaces: []
Done!
[    0.000000] Booting Linux on physical CPU 0x0
[    0.000000] Linux version 4.1.17+ (vagrant@vagrant-ubuntu-trusty-64) (gcc version 5.3.0 (GCC) ) #1 Thu Feb 18 01:05:21 UTC 2016
[    0.000000] CPU: ARMv7 Processor [412fc0f1] revision 1 (ARMv7), cr=10c5387d
[    0.000000] CPU: PIPT / VIPT nonaliasing data cache, PIPT instruction cache
[    0.000000] Machine model: linux,dummy-virt
[    0.000000] debug: ignoring loglevel setting.
[    0.000000] Memory policy: Data cache writeback
[    0.000000] On node 0 totalpages: 65536
[    0.000000] free_area_init_node: node 0, pgdat c061dfe8, node_mem_map cfdf9000
[    0.000000]   Normal zone: 512 pages used for memmap
[    0.000000]   Normal zone: 0 pages reserved
[    0.000000]   Normal zone: 65536 pages, LIFO batch:15
[    0.000000] psci: probing for conduit method from DT.
[    0.000000] psci: PSCIv0.2 detected in firmware.
[    0.000000] psci: Using standard PSCI v0.2 function IDs
[    0.000000] CPU: All CPU(s) started in SVC mode.
[    0.000000] pcpu-alloc: s0 r0 d32768 u32768 alloc=1*32768
[    0.000000] pcpu-alloc: [0] 0 
[    0.000000] Built 1 zonelists in Zone order, mobility grouping on.  Total pages: 65024
[    0.000000] Kernel command line: firmadyne.syscall=1 root=/dev/vda1 console=ttyS0 nandsim.parts=64,64,64,64,64,64,64,64,64,64 rdinit=/firmadyne/preInit.sh rw debug ignore_loglevel print-fatal-signals=1 user_debug=31
[    0.000000] PID hash table entries: 1024 (order: 0, 4096 bytes)
[    0.000000] Dentry cache hash table entries: 32768 (order: 5, 131072 bytes)
[    0.000000] Inode-cache hash table entries: 16384 (order: 4, 65536 bytes)
[    0.000000] Memory: 253340K/262144K available (4297K kernel code, 170K rwdata, 1584K rodata, 180K init, 148K bss, 8804K reserved, 0K cma-reserved)
[    0.000000] Virtual kernel memory layout:
[    0.000000]     vector  : 0xffff0000 - 0xffff1000   (   4 kB)
[    0.000000]     fixmap  : 0xffc00000 - 0xfff00000   (3072 kB)
[    0.000000]     vmalloc : 0xd0800000 - 0xff000000   ( 744 MB)
[    0.000000]     lowmem  : 0xc0000000 - 0xd0000000   ( 256 MB)
[    0.000000]     modules : 0xbf000000 - 0xc0000000   (  16 MB)
[    0.000000]       .text : 0xc0008000 - 0xc05c67bc   (5882 kB)
[    0.000000]       .init : 0xc05c7000 - 0xc05f4000   ( 180 kB)
[    0.000000]       .data : 0xc05f4000 - 0xc061e840   ( 171 kB)
[    0.000000]        .bss : 0xc0621000 - 0xc06462d4   ( 149 kB)
[    0.000000] NR_IRQS:16 nr_irqs:16 16
[    0.000000] Architected cp15 timer(s) running at 62.50MHz (virt).
[    0.000000] clocksource arch_sys_counter: mask: 0xffffffffffffff max_cycles: 0x1cd42e208c, max_idle_ns: 881590405314 ns
[    0.000159] sched_clock: 56 bits at 62MHz, resolution 16ns, wraps every 4398046511096ns
[    0.000303] Switching to timer-based delay loop, resolution 16ns
[    0.003407] Console: colour dummy device 80x30
[    0.003744] Calibrating delay loop (skipped), value calculated using timer frequency.. 125.00 BogoMIPS (lpj=625000)
[    0.003881] pid_max: default: 32768 minimum: 301
[    0.004781] Mount-cache hash table entries: 1024 (order: 0, 4096 bytes)
[    0.004822] Mountpoint-cache hash table entries: 1024 (order: 0, 4096 bytes)
[    0.014075] CPU: Testing write buffer coherency: ok
[    5.672780] Setting up static identity map for 0x40008240 - 0x40008298
[    5.688039] VFP support v0.3: implementor 41 architecture 4 part 30 variant f rev 0
[    5.699822] clocksource jiffies: mask: 0xffffffff max_cycles: 0xffffffff, max_idle_ns: 19112604462750000 ns
[    5.708896] NET: Registered protocol family 16
[    8.218130] DMA: preallocated 256 KiB pool for atomic coherent allocations
[    8.222496] cpuidle: using governor ladder
[    8.222664] cpuidle: using governor menu
[    8.244161] Serial: AMBA PL011 UART driver
[    8.246422] 9000000.pl011: ttyS0 at MMIO 0x9000000 (irq = 54, base_baud = 0) is a PL011 rev1
[    8.254151] console [ttyS0] enabled
[    8.277450] vgaarb: loaded
[    8.279198] SCSI subsystem initialized
[    8.280321] usbcore: registered new interface driver usbfs
[    8.280687] usbcore: registered new interface driver hub
[    8.281024] usbcore: registered new device driver usb
[   12.034876] cfg80211: Calling CRDA to update world regulatory domain
[   12.037983] Switched to clocksource arch_sys_counter
[   12.058586] NET: Registered protocol family 2
[   12.064038] TCP established hash table entries: 2048 (order: 1, 8192 bytes)
[   12.064492] TCP bind hash table entries: 2048 (order: 1, 8192 bytes)
[   12.065004] TCP: Hash tables configured (established 2048 bind 2048)
[   12.065599] UDP hash table entries: 256 (order: 0, 4096 bytes)
[   12.065847] UDP-Lite hash table entries: 256 (order: 0, 4096 bytes)
[   12.067345] NET: Registered protocol family 1
[   12.067986] PCI: CLS 0 bytes, default 64
[   12.075247] NetWinder Floating Point Emulator V0.97 (extended precision)
[   12.078437] futex hash table entries: 256 (order: -1, 3072 bytes)
[   12.085362] squashfs: version 4.0 (2009/01/31) Phillip Lougher
[   12.086012] jffs2: version 2.2. (NAND) © 2001-2006 Red Hat, Inc.
[   12.086808] romfs: ROMFS MTD (C) 2007 Red Hat, Inc.
[   12.096760] Block layer SCSI generic (bsg) driver version 0.4 loaded (major 253)
[   12.097106] io scheduler noop registered
[   12.097335] io scheduler cfq registered (default)
[   12.098229] firmadyne: devfs: 1, execute: 1, procfs: 1, syscall: 1
[   12.099677] ------------[ cut here ]------------
[   12.099892] WARNING: CPU: 0 PID: 1 at /home/vagrant/firmadyne-kernel/kernel-v4.1/fs/sysfs/dir.c:31 sysfs_warn_dup+0x50/0x6c()
[   12.100120] sysfs: cannot create duplicate filename '/class/gpio'
[   12.100278] Modules linked in:
[   12.100592] CPU: 0 PID: 1 Comm: swapper Not tainted 4.1.17+ #1
[   12.100731] Hardware name: Generic DT based system
[   12.101441] [<c001c99c>] (unwind_backtrace) from [<c0019d30>] (show_stack+0x10/0x14)
[   12.101722] [<c0019d30>] (show_stack) from [<c0024ab4>] (warn_slowpath_common+0x80/0xa8)
[   12.101926] [<c0024ab4>] (warn_slowpath_common) from [<c0024b08>] (warn_slowpath_fmt+0x2c/0x3c)
[   12.102166] [<c0024b08>] (warn_slowpath_fmt) from [<c00e363c>] (sysfs_warn_dup+0x50/0x6c)
[   12.102345] [<c00e363c>] (sysfs_warn_dup) from [<c00e3714>] (sysfs_create_dir_ns+0x74/0x84)
[   12.102529] [<c00e3714>] (sysfs_create_dir_ns) from [<c018e6ac>] (kobject_add_internal+0xb8/0x2ac)
[   12.102716] [<c018e6ac>] (kobject_add_internal) from [<c018e9a8>] (kset_register+0x1c/0x44)
[   12.102895] [<c018e9a8>] (kset_register) from [<c02090b4>] (__class_register+0xa8/0x198)
[   12.103071] [<c02090b4>] (__class_register) from [<c02091e4>] (__class_create+0x40/0x70)
[   12.103246] [<c02091e4>] (__class_create) from [<c01adf68>] (register_devfs_stubs+0x314/0xbb4)
[   12.103432] [<c01adf68>] (register_devfs_stubs) from [<c05d9b08>] (init_module+0x28/0xa4)
[   12.103662] [<c05d9b08>] (init_module) from [<c0009670>] (do_one_initcall+0x104/0x1b4)
[   12.103840] [<c0009670>] (do_one_initcall) from [<c05c7d08>] (kernel_init_freeable+0xf0/0x1b0)
[   12.104028] [<c05c7d08>] (kernel_init_freeable) from [<c040f28c>] (kernel_init+0x8/0xe4)
[   12.104197] [<c040f28c>] (kernel_init) from [<c0016da8>] (ret_from_fork+0x14/0x2c)
[   12.104474] ---[ end trace 27c093ee7ac70207 ]---
[   12.104681] ------------[ cut here ]------------
[   12.104802] WARNING: CPU: 0 PID: 1 at /home/vagrant/firmadyne-kernel/kernel-v4.1/lib/kobject.c:240 kobject_add_internal+0x240/0x2ac()
[   12.105020] kobject_add_internal failed for gpio with -EEXIST, don't try to register things with the same name in the same directory.
[   12.105233] Modules linked in:
[   12.105400] CPU: 0 PID: 1 Comm: swapper Tainted: G        W       4.1.17+ #1
[   12.105539] Hardware name: Generic DT based system
[   12.105668] [<c001c99c>] (unwind_backtrace) from [<c0019d30>] (show_stack+0x10/0x14)
[   12.105838] [<c0019d30>] (show_stack) from [<c0024ab4>] (warn_slowpath_common+0x80/0xa8)
[   12.106011] [<c0024ab4>] (warn_slowpath_common) from [<c0024b08>] (warn_slowpath_fmt+0x2c/0x3c)
[   12.106194] [<c0024b08>] (warn_slowpath_fmt) from [<c018e834>] (kobject_add_internal+0x240/0x2ac)
[   12.106396] [<c018e834>] (kobject_add_internal) from [<c018e9a8>] (kset_register+0x1c/0x44)
[   12.106571] [<c018e9a8>] (kset_register) from [<c02090b4>] (__class_register+0xa8/0x198)
[   12.106743] [<c02090b4>] (__class_register) from [<c02091e4>] (__class_create+0x40/0x70)
[   12.106919] [<c02091e4>] (__class_create) from [<c01adf68>] (register_devfs_stubs+0x314/0xbb4)
[   12.107105] [<c01adf68>] (register_devfs_stubs) from [<c05d9b08>] (init_module+0x28/0xa4)
[   12.107284] [<c05d9b08>] (init_module) from [<c0009670>] (do_one_initcall+0x104/0x1b4)
[   12.107460] [<c0009670>] (do_one_initcall) from [<c05c7d08>] (kernel_init_freeable+0xf0/0x1b0)
[   12.107679] [<c05c7d08>] (kernel_init_freeable) from [<c040f28c>] (kernel_init+0x8/0xe4)
[   12.108017] [<c040f28c>] (kernel_init) from [<c0016da8>] (ret_from_fork+0x14/0x2c)
[   12.108215] ---[ end trace 27c093ee7ac70208 ]---
[   12.108396] firmadyne: Cannot create device class: gpio!
[   12.110636] firmadyne: Cannot register character device: watchdog, 0xa, 0x82!
[   12.110974] firmadyne: Cannot register character device: wdt, 0xfd, 0x0!
Starting firmware emulation... use Ctrl-a + x to exit
qemu-system-arm: terminating on signal 2 from pid 108082 (timeout)
[    0.000000] Booting Linux on physical CPU 0x0
[    0.000000] Linux version 4.1.17+ (vagrant@vagrant-ubuntu-trusty-64) (gcc version 5.3.0 (GCC) ) #1 Thu Feb 18 01:05:21 UTC 2016
[    0.000000] CPU: ARMv7 Processor [412fc0f1] revision 1 (ARMv7), cr=10c5387d
[    0.000000] CPU: PIPT / VIPT nonaliasing data cache, PIPT instruction cache
[    0.000000] Machine model: linux,dummy-virt
[    0.000000] debug: ignoring loglevel setting.
[    0.000000] Memory policy: Data cache writeback
[    0.000000] On node 0 totalpages: 65536
[    0.000000] free_area_init_node: node 0, pgdat c061dfe8, node_mem_map cfdf9000
[    0.000000]   Normal zone: 512 pages used for memmap
[    0.000000]   Normal zone: 0 pages reserved
[    0.000000]   Normal zone: 65536 pages, LIFO batch:15
[    0.000000] psci: probing for conduit method from DT.
[    0.000000] psci: PSCIv0.2 detected in firmware.
[    0.000000] psci: Using standard PSCI v0.2 function IDs
[    0.000000] CPU: All CPU(s) started in SVC mode.
[    0.000000] pcpu-alloc: s0 r0 d32768 u32768 alloc=1*32768
[    0.000000] pcpu-alloc: [0] 0 
[    0.000000] Built 1 zonelists in Zone order, mobility grouping on.  Total pages: 65024
[    0.000000] Kernel command line: root=/dev/vda1 console=ttyS0 nandsim.parts=64,64,64,64,64,64,64,64,64,64 rdinit=/firmadyne/preInit.sh rw debug ignore_loglevel print-fatal-signals=1 user_debug=31 firmadyne.syscall=0
[    0.000000] PID hash table entries: 1024 (order: 0, 4096 bytes)
[    0.000000] Dentry cache hash table entries: 32768 (order: 5, 131072 bytes)
[    0.000000] Inode-cache hash table entries: 16384 (order: 4, 65536 bytes)
[    0.000000] Memory: 253340K/262144K available (4297K kernel code, 170K rwdata, 1584K rodata, 180K init, 148K bss, 8804K reserved, 0K cma-reserved)
[    0.000000] Virtual kernel memory layout:
[    0.000000]     vector  : 0xffff0000 - 0xffff1000   (   4 kB)
[    0.000000]     fixmap  : 0xffc00000 - 0xfff00000   (3072 kB)
[    0.000000]     vmalloc : 0xd0800000 - 0xff000000   ( 744 MB)
[    0.000000]     lowmem  : 0xc0000000 - 0xd0000000   ( 256 MB)
[    0.000000]     modules : 0xbf000000 - 0xc0000000   (  16 MB)
[    0.000000]       .text : 0xc0008000 - 0xc05c67bc   (5882 kB)
[    0.000000]       .init : 0xc05c7000 - 0xc05f4000   ( 180 kB)
[    0.000000]       .data : 0xc05f4000 - 0xc061e840   ( 171 kB)
[    0.000000]        .bss : 0xc0621000 - 0xc06462d4   ( 149 kB)
[    0.000000] NR_IRQS:16 nr_irqs:16 16
[    0.000000] Architected cp15 timer(s) running at 62.50MHz (virt).
[    0.000000] clocksource arch_sys_counter: mask: 0xffffffffffffff max_cycles: 0x1cd42e208c, max_idle_ns: 881590405314 ns
[    0.000159] sched_clock: 56 bits at 62MHz, resolution 16ns, wraps every 4398046511096ns
[    0.000301] Switching to timer-based delay loop, resolution 16ns
[    0.003484] Console: colour dummy device 80x30
[    0.003858] Calibrating delay loop (skipped), value calculated using timer frequency.. 125.00 BogoMIPS (lpj=625000)
[    0.003984] pid_max: default: 32768 minimum: 301
[    0.004951] Mount-cache hash table entries: 1024 (order: 0, 4096 bytes)
[    0.004990] Mountpoint-cache hash table entries: 1024 (order: 0, 4096 bytes)
[    3.193315] CPU: Testing write buffer coherency: ok
[    3.199827] Setting up static identity map for 0x40008240 - 0x40008298
[    3.214602] VFP support v0.3: implementor 41 architecture 4 part 30 variant f rev 0
[    4.092018] clocksource jiffies: mask: 0xffffffff max_cycles: 0xffffffff, max_idle_ns: 19112604462750000 ns
[    4.101424] NET: Registered protocol family 16
[    4.104628] DMA: preallocated 256 KiB pool for atomic coherent allocations
[    4.108690] cpuidle: using governor ladder
[    4.108848] cpuidle: using governor menu
[    4.129529] Serial: AMBA PL011 UART driver
[    4.132058] 9000000.pl011: ttyS0 at MMIO 0x9000000 (irq = 54, base_baud = 0) is a PL011 rev1
[    4.139452] console [ttyS0] enabled
[    8.829595] vgaarb: loaded
[    8.831536] SCSI subsystem initialized
[    8.832687] usbcore: registered new interface driver usbfs
[    8.833241] usbcore: registered new interface driver hub
[    8.833591] usbcore: registered new device driver usb
[    8.843358] cfg80211: Calling CRDA to update world regulatory domain
[    8.845881] Switched to clocksource arch_sys_counter
[    8.864168] NET: Registered protocol family 2
[    8.869768] TCP established hash table entries: 2048 (order: 1, 8192 bytes)
[    8.870076] TCP bind hash table entries: 2048 (order: 1, 8192 bytes)
[    8.870388] TCP: Hash tables configured (established 2048 bind 2048)
[    8.870940] UDP hash table entries: 256 (order: 0, 4096 bytes)
[    8.871188] UDP-Lite hash table entries: 256 (order: 0, 4096 bytes)
[    8.872682] NET: Registered protocol family 1
[    8.873145] PCI: CLS 0 bytes, default 64
[    8.880957] NetWinder Floating Point Emulator V0.97 (extended precision)
[    8.883700] futex hash table entries: 256 (order: -1, 3072 bytes)
[    9.778596] squashfs: version 4.0 (2009/01/31) Phillip Lougher
[    9.780059] jffs2: version 2.2. (NAND) © 2001-2006 Red Hat, Inc.
[    9.780903] romfs: ROMFS MTD (C) 2007 Red Hat, Inc.
[    9.790085] Block layer SCSI generic (bsg) driver version 0.4 loaded (major 253)
[    9.790443] io scheduler noop registered
[    9.790736] io scheduler cfq registered (default)
[    9.791410] firmadyne: devfs: 1, execute: 1, procfs: 1, syscall: 0
[    9.793050] ------------[ cut here ]------------
[    9.793356] WARNING: CPU: 0 PID: 1 at /home/vagrant/firmadyne-kernel/kernel-v4.1/fs/sysfs/dir.c:31 sysfs_warn_dup+0x50/0x6c()
[    9.793685] sysfs: cannot create duplicate filename '/class/gpio'
[    9.793851] Modules linked in:
[    9.794193] CPU: 0 PID: 1 Comm: swapper Not tainted 4.1.17+ #1
[    9.794336] Hardware name: Generic DT based system
[    9.795389] [<c001c99c>] (unwind_backtrace) from [<c0019d30>] (show_stack+0x10/0x14)
[    9.795966] [<c0019d30>] (show_stack) from [<c0024ab4>] (warn_slowpath_common+0x80/0xa8)
[    9.796175] [<c0024ab4>] (warn_slowpath_common) from [<c0024b08>] (warn_slowpath_fmt+0x2c/0x3c)
[    9.796418] [<c0024b08>] (warn_slowpath_fmt) from [<c00e363c>] (sysfs_warn_dup+0x50/0x6c)
[    9.796636] [<c00e363c>] (sysfs_warn_dup) from [<c00e3714>] (sysfs_create_dir_ns+0x74/0x84)
[    9.796822] [<c00e3714>] (sysfs_create_dir_ns) from [<c018e6ac>] (kobject_add_internal+0xb8/0x2ac)
[    9.797012] [<c018e6ac>] (kobject_add_internal) from [<c018e9a8>] (kset_register+0x1c/0x44)
[    9.797193] [<c018e9a8>] (kset_register) from [<c02090b4>] (__class_register+0xa8/0x198)
[    9.797370] [<c02090b4>] (__class_register) from [<c02091e4>] (__class_create+0x40/0x70)
[    9.797581] [<c02091e4>] (__class_create) from [<c01adf68>] (register_devfs_stubs+0x314/0xbb4)
[    9.797767] [<c01adf68>] (register_devfs_stubs) from [<c05d9b08>] (init_module+0x28/0xa4)
[    9.798008] [<c05d9b08>] (init_module) from [<c0009670>] (do_one_initcall+0x104/0x1b4)
[    9.798183] [<c0009670>] (do_one_initcall) from [<c05c7d08>] (kernel_init_freeable+0xf0/0x1b0)
[    9.798371] [<c05c7d08>] (kernel_init_freeable) from [<c040f28c>] (kernel_init+0x8/0xe4)
[    9.798563] [<c040f28c>] (kernel_init) from [<c0016da8>] (ret_from_fork+0x14/0x2c)
[    9.798835] ---[ end trace 8479055505e5eda8 ]---
[    9.799038] ------------[ cut here ]------------
[    9.799154] WARNING: CPU: 0 PID: 1 at /home/vagrant/firmadyne-kernel/kernel-v4.1/lib/kobject.c:240 kobject_add_internal+0x240/0x2ac()
[    9.799374] kobject_add_internal failed for gpio with -EEXIST, don't try to register things with the same name in the same directory.
[    9.799621] Modules linked in:
[    9.799775] CPU: 0 PID: 1 Comm: swapper Tainted: G        W       4.1.17+ #1
[    9.799914] Hardware name: Generic DT based system
[    9.800038] [<c001c99c>] (unwind_backtrace) from [<c0019d30>] (show_stack+0x10/0x14)
[    9.800204] [<c0019d30>] (show_stack) from [<c0024ab4>] (warn_slowpath_common+0x80/0xa8)
[    9.800376] [<c0024ab4>] (warn_slowpath_common) from [<c0024b08>] (warn_slowpath_fmt+0x2c/0x3c)
[    9.800597] [<c0024b08>] (warn_slowpath_fmt) from [<c018e834>] (kobject_add_internal+0x240/0x2ac)
[    9.800792] [<c018e834>] (kobject_add_internal) from [<c018e9a8>] (kset_register+0x1c/0x44)
[    9.800984] [<c018e9a8>] (kset_register) from [<c02090b4>] (__class_register+0xa8/0x198)
[    9.801168] [<c02090b4>] (__class_register) from [<c02091e4>] (__class_create+0x40/0x70)
[    9.801370] [<c02091e4>] (__class_create) from [<c01adf68>] (register_devfs_stubs+0x314/0xbb4)
[    9.801586] [<c01adf68>] (register_devfs_stubs) from [<c05d9b08>] (init_module+0x28/0xa4)
[    9.801761] [<c05d9b08>] (init_module) from [<c0009670>] (do_one_initcall+0x104/0x1b4)
[    9.801966] [<c0009670>] (do_one_initcall) from [<c05c7d08>] (kernel_init_freeable+0xf0/0x1b0)
[    9.802156] [<c05c7d08>] (kernel_init_freeable) from [<c040f28c>] (kernel_init+0x8/0xe4)
[    9.802321] [<c040f28c>] (kernel_init) from [<c0016da8>] (ret_from_fork+0x14/0x2c)
[    9.802517] ---[ end trace 8479055505e5eda9 ]---
[    9.802692] firmadyne: Cannot create device class: gpio!
[    9.804588] firmadyne: Cannot register character device: watchdog, 0xa, 0x82!
[    9.804771] firmadyne: Cannot register character device: wdt, 0xfd, 0x0!
[    9.891746] PCI host bridge /pcie@10000000 ranges:
[    9.892330]    IO 0x3eff0000..0x3effffff -> 0x00000000
[    9.892698]   MEM 0x10000000..0x3efeffff -> 0x10000000
[    9.892830]   MEM 0x8000000000..0xffffffffff -> 0x8000000000
[    9.893510] pci-host-generic 3f000000.pcie: resource collision: [mem 0x00000000-0xffffffff] conflicts with /pl011@9000000 [mem 0x09000000-0x09000fff]
[    9.894241] pci-host-generic: probe of 3f000000.pcie failed with error -16
[    9.906268] Non-volatile memory driver v1.3
[   11.128407] brd: module loaded
[   11.138702] loop: module loaded
[   15.153308] cfg80211: Calling CRDA to update world regulatory domain
[   15.157894]  vda: vda1
[   15.169987] 0.flash: Found 2 x16 devices at 0x0 in 32-bit bank. Manufacturer ID 0x000000 Chip ID 0x000000
[   15.170643] Intel/Sharp Extended Query Table at 0x0031
[   15.171790] Using buffer write method
[   15.173443] erase region 0: offset=0x0,size=0x40000,blocks=256
[   15.180951] 0.flash: Found 2 x16 devices at 0x0 in 32-bit bank. Manufacturer ID 0x000000 Chip ID 0x000000
[   15.181202] Intel/Sharp Extended Query Table at 0x0031
[   15.182000] Using buffer write method
[   15.182118] erase region 0: offset=0x0,size=0x40000,blocks=256
[   15.182333] Concatenating MTD devices:
[   15.182439] (0): "0.flash"
[   15.182513] (1): "0.flash"
[   15.182580] into device "0.flash"
[   15.193597] [nandsim] warning: read_byte: unexpected data output cycle, state is STATE_READY return 0x0
[   15.193831] [nandsim] warning: read_byte: unexpected data output cycle, state is STATE_READY return 0x0
[   15.194018] [nandsim] warning: read_byte: unexpected data output cycle, state is STATE_READY return 0x0
[   15.194191] [nandsim] warning: read_byte: unexpected data output cycle, state is STATE_READY return 0x0
[   15.194364] [nandsim] warning: read_byte: unexpected data output cycle, state is STATE_READY return 0x0
[   15.194536] [nandsim] warning: read_byte: unexpected data output cycle, state is STATE_READY return 0x0
[   15.194954] nand: device found, Manufacturer ID: 0x98, Chip ID: 0x39
[   15.195103] nand: Toshiba NAND 128MiB 1,8V 8-bit
[   15.195226] nand: 128 MiB, SLC, erase size: 16 KiB, page size: 512, OOB size: 16
[   15.196467] flash size: 128 MiB
[   15.196557] page size: 512 bytes
[   15.196637] OOB area size: 16 bytes
[   15.196718] sector size: 16 KiB
[   15.196792] pages number: 262144
[   15.196864] pages per sector: 32
[   15.196936] bus width: 8
[   15.196997] bits in sector size: 14
[   15.197074] bits in page size: 9
[   15.197150] bits in OOB size: 4
[   15.197227] flash size with OOB: 135168 KiB
[   15.197316] page address bytes: 4
[   15.197392] sector address bytes: 3
[   15.197471] options: 0x42
[   19.671754] Scanning device for bad blocks
[   19.784083] cfg80211: Calling CRDA to update world regulatory domain
[   19.785302] firmadyne: do_execve: /firmadyne/console
[   19.785495] OFFSETS: offset of pid: 0x190 offset of comm: 0x270
[   19.786096] Creating 11 MTD partitions on "NAND 128MiB 1,8V 8-bit":
[   19.786520] 0x000000000000-0x000000100000 : "NAND simulator partition 0"
[   19.788791] 0x000000100000-0x000000200000 : "NAND simulator partition 1"
[   19.790209] 0x000000200000-0x000000300000 : "NAND simulator partition 2"
[   19.791609] 0x000000300000-0x000000400000 : "NAND simulator partition 3"
[   19.793028] 0x000000400000-0x000000500000 : "NAND simulator partition 4"
[   19.794428] 0x000000500000-0x000000600000 : "NAND simulator partition 5"
[   19.796002] 0x000000600000-0x000000700000 : "NAND simulator partition 6"
[   19.797641] 0x000000700000-0x000000800000 : "NAND simulator partition 7"
[   19.799019] 0x000000800000-0x000000900000 : "NAND simulator partition 8"
[   19.800460] 0x000000900000-0x000000a00000 : "NAND simulator partition 9"
[   19.801981] 0x000000a00000-0x000008000000 : "NAND simulator partition 10"
[   19.807886] tun: Universal TUN/TAP device driver, 1.6
[   19.808035] tun: (C) 1999-2004 Max Krasnyansky <maxk@qualcomm.com>
