>> Database Image ID: 107

/home/zhumengfan/firmware/firmwares/86b829bf794eb239be48026adc42e84cae46c87d.ZIP
>> MD5: 605d1ff5d0ed80e56733719b310d5074
>> Tag: 107
>> Temp: /tmp/tmpdtpufi
>> Status: Kernel: True, Rootfs: False, Do_Kernel: False,                 Do_Rootfs: True
>>>> Zip archive data, at least v2.0 to extract, compressed size: 10818078, uncompressed size: 10879120, name: dir868L_firmware_100.bin
>> Recursing into archive ...
	
/tmp/tmpdtpufi/_86b829bf794eb239be48026adc42e84cae46c87d.ZIP.extracted/dir868L_firmware_100.bin
	>> MD5: e27f1353d341992f517cb346fff33d84
	>> Tag: 107
	>> Temp: /tmp/tmpFJgWIS
	>> Status: Kernel: True, Rootfs: False, Do_Kernel: False,                 Do_Rootfs: True
	>>>> Squashfs filesystem, little endian, version 4.0, compression:xz, size: 9107828 bytes, 2450 inodes, blocksize: 131072 bytes, created: 2013-02-07 02:35:56
	>>>> Found Linux filesystem in /tmp/tmpFJgWIS/_dir868L_firmware_100.bin.extracted/squashfs-root!
	>> Skipping: completed!
	>> Cleaning up /tmp/tmpFJgWIS...
>> Skipping: completed!
>> Cleaning up /tmp/tmpdtpufi...
./bin/busybox: armel
Querying database for architecture... armel
----Running----
----Copying Filesystem Tarball----
----Creating QEMU Image----
Formatting '/home/zhumengfan/firmadyne//scratch//107//image.raw', fmt=raw size=1073741824
----Creating Partition Table----

Welcome to fdisk (util-linux 2.27.1).
Changes will remain in memory only, until you decide to write them.
Be careful before using the write command.

Device does not contain a recognized partition table.
Created a new DOS disklabel with disk identifier 0x0bda3c42.

Command (m for help): Created a new DOS disklabel with disk identifier 0xd64a933d.

Command (m for help): Partition type
   p   primary (0 primary, 0 extended, 4 free)
   e   extended (container for logical partitions)
Select (default p): Partition number (1-4, default 1): First sector (2048-2097151, default 2048): Last sector, +sectors or +size{K,M,G,T,P} (2048-2097151, default 2097151): 
Created a new partition 1 of type 'Linux' and of size 1023 MiB.

Command (m for help): The partition table has been altered.
Syncing disks.

----Mounting QEMU Image----
add map loop0p1 (252:0): 0 2095104 linear 7:0 2048
----Creating Filesystem----
mke2fs 1.42.13 (17-May-2015)
Discarding device blocks:   4096/261888             done                            
Creating filesystem with 261888 4k blocks and 65536 inodes
Filesystem UUID: 56b6b66f-691b-471c-8545-da1993e0a60f
Superblock backups stored on blocks: 
	32768, 98304, 163840, 229376

Allocating group tables: 0/8   done                            
Writing inode tables: 0/8   done                            
Writing superblocks and filesystem accounting information: 0/8   done

----Making QEMU Image Mountpoint----
----Mounting QEMU Image Partition 1----
----Extracting Filesystem Tarball----
----Creating FIRMADYNE Directories----
----Patching Filesystem (chroot)----
Creating /etc/TZ!
Creating /etc/hosts!
Creating /etc/passwd!
Warning: Recreating device nodes!
Removing /etc/scripts/sys_resetbutton!
----Setting up FIRMADYNE----
----Unmounting QEMU Image----
loop deleted : /dev/loop0
Querying database for architecture... armel
Running firmware 107: terminating after 60 secs...
qemu-system-arm: terminating on signal 2 from pid 118768 (timeout)
Inferring network...
Interfaces: []
Done!
[    0.000000] Booting Linux on physical CPU 0x0
[    0.000000] Linux version 4.1.17+ (vagrant@vagrant-ubuntu-trusty-64) (gcc version 5.3.0 (GCC) ) #1 Thu Feb 18 01:05:21 UTC 2016
[    0.000000] CPU: ARMv7 Processor [412fc0f1] revision 1 (ARMv7), cr=10c5387d
[    0.000000] CPU: PIPT / VIPT nonaliasing data cache, PIPT instruction cache
[    0.000000] Machine model: linux,dummy-virt
[    0.000000] debug: ignoring loglevel setting.
[    0.000000] Memory policy: Data cache writeback
[    0.000000] On node 0 totalpages: 65536
[    0.000000] free_area_init_node: node 0, pgdat c061dfe8, node_mem_map cfdf9000
[    0.000000]   Normal zone: 512 pages used for memmap
[    0.000000]   Normal zone: 0 pages reserved
[    0.000000]   Normal zone: 65536 pages, LIFO batch:15
[    0.000000] psci: probing for conduit method from DT.
[    0.000000] psci: PSCIv0.2 detected in firmware.
[    0.000000] psci: Using standard PSCI v0.2 function IDs
[    0.000000] CPU: All CPU(s) started in SVC mode.
[    0.000000] pcpu-alloc: s0 r0 d32768 u32768 alloc=1*32768
[    0.000000] pcpu-alloc: [0] 0 
[    0.000000] Built 1 zonelists in Zone order, mobility grouping on.  Total pages: 65024
[    0.000000] Kernel command line: firmadyne.syscall=1 root=/dev/vda1 console=ttyS0 nandsim.parts=64,64,64,64,64,64,64,64,64,64 rdinit=/firmadyne/preInit.sh rw debug ignore_loglevel print-fatal-signals=1 user_debug=31
[    0.000000] PID hash table entries: 1024 (order: 0, 4096 bytes)
[    0.000000] Dentry cache hash table entries: 32768 (order: 5, 131072 bytes)
[    0.000000] Inode-cache hash table entries: 16384 (order: 4, 65536 bytes)
[    0.000000] Memory: 253340K/262144K available (4297K kernel code, 170K rwdata, 1584K rodata, 180K init, 148K bss, 8804K reserved, 0K cma-reserved)
[    0.000000] Virtual kernel memory layout:
[    0.000000]     vector  : 0xffff0000 - 0xffff1000   (   4 kB)
[    0.000000]     fixmap  : 0xffc00000 - 0xfff00000   (3072 kB)
[    0.000000]     vmalloc : 0xd0800000 - 0xff000000   ( 744 MB)
[    0.000000]     lowmem  : 0xc0000000 - 0xd0000000   ( 256 MB)
[    0.000000]     modules : 0xbf000000 - 0xc0000000   (  16 MB)
[    0.000000]       .text : 0xc0008000 - 0xc05c67bc   (5882 kB)
[    0.000000]       .init : 0xc05c7000 - 0xc05f4000   ( 180 kB)
[    0.000000]       .data : 0xc05f4000 - 0xc061e840   ( 171 kB)
[    0.000000]        .bss : 0xc0621000 - 0xc06462d4   ( 149 kB)
[    0.000000] NR_IRQS:16 nr_irqs:16 16
[    0.000000] Architected cp15 timer(s) running at 62.50MHz (virt).
[    0.000000] clocksource arch_sys_counter: mask: 0xffffffffffffff max_cycles: 0x1cd42e208c, max_idle_ns: 881590405314 ns
[    0.000163] sched_clock: 56 bits at 62MHz, resolution 16ns, wraps every 4398046511096ns
[    0.000308] Switching to timer-based delay loop, resolution 16ns
[    0.003510] Console: colour dummy device 80x30
[    0.003858] Calibrating delay loop (skipped), value calculated using timer frequency.. 125.00 BogoMIPS (lpj=625000)
[    0.003997] pid_max: default: 32768 minimum: 301
[    0.004930] Mount-cache hash table entries: 1024 (order: 0, 4096 bytes)
[    0.004969] Mountpoint-cache hash table entries: 1024 (order: 0, 4096 bytes)
[    1.734293] CPU: Testing write buffer coherency: ok
[    1.740776] Setting up static identity map for 0x40008240 - 0x40008298
[    1.756186] VFP support v0.3: implementor 41 architecture 4 part 30 variant f rev 0
[    2.043850] clocksource jiffies: mask: 0xffffffff max_cycles: 0xffffffff, max_idle_ns: 19112604462750000 ns
[    2.053187] NET: Registered protocol family 16
[    2.056397] DMA: preallocated 256 KiB pool for atomic coherent allocations
[    2.060475] cpuidle: using governor ladder
[    2.060630] cpuidle: using governor menu
[    2.081549] Serial: AMBA PL011 UART driver
[    2.084131] 9000000.pl011: ttyS0 at MMIO 0x9000000 (irq = 54, base_baud = 0) is a PL011 rev1
[    2.091554] console [ttyS0] enabled
[    5.549229] vgaarb: loaded
[    5.550850] SCSI subsystem initialized
[    5.551951] usbcore: registered new interface driver usbfs
[    5.552313] usbcore: registered new interface driver hub
[    5.552824] usbcore: registered new device driver usb
[    5.562189] cfg80211: Calling CRDA to update world regulatory domain
[    5.564792] Switched to clocksource arch_sys_counter
[    5.582993] NET: Registered protocol family 2
[    5.588619] TCP established hash table entries: 2048 (order: 1, 8192 bytes)
[    5.588895] TCP bind hash table entries: 2048 (order: 1, 8192 bytes)
[    5.589205] TCP: Hash tables configured (established 2048 bind 2048)
[    5.589753] UDP hash table entries: 256 (order: 0, 4096 bytes)
[    5.590019] UDP-Lite hash table entries: 256 (order: 0, 4096 bytes)
[    5.591478] NET: Registered protocol family 1
[    5.591938] PCI: CLS 0 bytes, default 64
[    5.599435] NetWinder Floating Point Emulator V0.97 (extended precision)
[    5.602195] futex hash table entries: 256 (order: -1, 3072 bytes)
[    8.869431] cfg80211: Calling CRDA to update world regulatory domain
[    8.873275] squashfs: version 4.0 (2009/01/31) Phillip Lougher
[    8.874996] jffs2: version 2.2. (NAND) © 2001-2006 Red Hat, Inc.
[    8.875837] romfs: ROMFS MTD (C) 2007 Red Hat, Inc.
[    8.885146] Block layer SCSI generic (bsg) driver version 0.4 loaded (major 253)
[    8.885510] io scheduler noop registered
[    8.885747] io scheduler cfq registered (default)
[    8.886469] firmadyne: devfs: 1, execute: 1, procfs: 1, syscall: 1
[    8.887850] ------------[ cut here ]------------
[    8.888059] WARNING: CPU: 0 PID: 1 at /home/vagrant/firmadyne-kernel/kernel-v4.1/fs/sysfs/dir.c:31 sysfs_warn_dup+0x50/0x6c()
[    8.888292] sysfs: cannot create duplicate filename '/class/gpio'
[    8.888463] Modules linked in:
[    8.888798] CPU: 0 PID: 1 Comm: swapper Not tainted 4.1.17+ #1
[    8.888938] Hardware name: Generic DT based system
[    8.889640] [<c001c99c>] (unwind_backtrace) from [<c0019d30>] (show_stack+0x10/0x14)
[    8.889945] [<c0019d30>] (show_stack) from [<c0024ab4>] (warn_slowpath_common+0x80/0xa8)
[    8.890147] [<c0024ab4>] (warn_slowpath_common) from [<c0024b08>] (warn_slowpath_fmt+0x2c/0x3c)
[    8.890387] [<c0024b08>] (warn_slowpath_fmt) from [<c00e363c>] (sysfs_warn_dup+0x50/0x6c)
[    8.890568] [<c00e363c>] (sysfs_warn_dup) from [<c00e3714>] (sysfs_create_dir_ns+0x74/0x84)
[    8.890750] [<c00e3714>] (sysfs_create_dir_ns) from [<c018e6ac>] (kobject_add_internal+0xb8/0x2ac)
[    8.890940] [<c018e6ac>] (kobject_add_internal) from [<c018e9a8>] (kset_register+0x1c/0x44)
[    8.891118] [<c018e9a8>] (kset_register) from [<c02090b4>] (__class_register+0xa8/0x198)
[    8.891293] [<c02090b4>] (__class_register) from [<c02091e4>] (__class_create+0x40/0x70)
[    8.891465] [<c02091e4>] (__class_create) from [<c01adf68>] (register_devfs_stubs+0x314/0xbb4)
[    8.891647] [<c01adf68>] (register_devfs_stubs) from [<c05d9b08>] (init_module+0x28/0xa4)
[    8.891860] [<c05d9b08>] (init_module) from [<c0009670>] (do_one_initcall+0x104/0x1b4)
[    8.892033] [<c0009670>] (do_one_initcall) from [<c05c7d08>] (kernel_init_freeable+0xf0/0x1b0)
[    8.892220] [<c05c7d08>] (kernel_init_freeable) from [<c040f28c>] (kernel_init+0x8/0xe4)
[    8.892389] [<c040f28c>] (kernel_init) from [<c0016da8>] (ret_from_fork+0x14/0x2c)
[    8.892672] ---[ end trace 313613d920a90399 ]---
[    8.892880] ------------[ cut here ]------------
[    8.892995] WARNING: CPU: 0 PID: 1 at /home/vagrant/firmadyne-kernel/kernel-v4.1/lib/kobject.c:240 kobject_add_internal+0x240/0x2ac()
[    8.893216] kobject_add_internal failed for gpio with -EEXIST, don't try to register things with the same name in the same directory.
[    8.893430] Modules linked in:
[    8.893579] CPU: 0 PID: 1 Comm: swapper Tainted: G        W       4.1.17+ #1
[    8.893717] Hardware name: Generic DT based system
[    8.893862] [<c001c99c>] (unwind_backtrace) from [<c0019d30>] (show_stack+0x10/0x14)
[    8.894029] [<c0019d30>] (show_stack) from [<c0024ab4>] (warn_slowpath_common+0x80/0xa8)
[    8.894200] [<c0024ab4>] (warn_slowpath_common) from [<c0024b08>] (warn_slowpath_fmt+0x2c/0x3c)
[    8.894381] [<c0024b08>] (warn_slowpath_fmt) from [<c018e834>] (kobject_add_internal+0x240/0x2ac)
[    8.894767] [<c018e834>] (kobject_add_internal) from [<c018e9a8>] (kset_register+0x1c/0x44)
[    8.895135] [<c018e9a8>] (kset_register) from [<c02090b4>] (__class_register+0xa8/0x198)
[    8.895308] [<c02090b4>] (__class_register) from [<c02091e4>] (__class_create+0x40/0x70)
[    8.895478] [<c02091e4>] (__class_create) from [<c01adf68>] (register_devfs_stubs+0x314/0xbb4)
[    8.895660] [<c01adf68>] (register_devfs_stubs) from [<c05d9b08>] (init_module+0x28/0xa4)
[    8.895832] [<c05d9b08>] (init_module) from [<c0009670>] (do_one_initcall+0x104/0x1b4)
[    8.896000] [<c0009670>] (do_one_initcall) from [<c05c7d08>] (kernel_init_freeable+0xf0/0x1b0)
[    8.896178] [<c05c7d08>] (kernel_init_freeable) from [<c040f28c>] (kernel_init+0x8/0xe4)
[    8.896343] [<c040f28c>] (kernel_init) from [<c0016da8>] (ret_from_fork+0x14/0x2c)
[    8.896532] ---[ end trace 313613d920a9039a ]---
[    8.896712] firmadyne: Cannot create device class: gpio!
[    8.898533] firmadyne: Cannot register character device: watchdog, 0xa, 0x82!
[    8.898722] firmadyne: Cannot register character device: wdt, 0xfd, 0x0!
[    8.981322] PCI host bridge /pcie@10000000 ranges:
[    8.981949]    IO 0x3eff0000..0x3effffff -> 0x00000000
[    8.982321]   MEM 0x10000000..0x3efeffff -> 0x10000000
[    8.982453]   MEM 0x8000000000..0xffffffffff -> 0x8000000000
[    8.983132] pci-host-generic 3f000000.pcie: resource collision: [mem 0x00000000-0xffffffff] conflicts with /pl011@9000000 [mem 0x09000000-0x09000fff]
[    8.983846] pci-host-generic: probe of 3f000000.pcie failed with error -16
[    8.995848] Non-volatile memory driver v1.3
[   11.515759] brd: module loaded
[   11.526087] loop: module loaded
[   18.353869] cfg80211: Calling CRDA to update world regulatory domain
[   18.358699]  vda: vda1
[   18.371458] 0.flash: Found 2 x16 devices at 0x0 in 32-bit bank. Manufacturer ID 0x000000 Chip ID 0x000000
[   18.372137] Intel/Sharp Extended Query Table at 0x0031
[   18.374757] Using buffer write method
[   18.375209] erase region 0: offset=0x0,size=0x40000,blocks=256
[   18.383007] 0.flash: Found 2 x16 devices at 0x0 in 32-bit bank. Manufacturer ID 0x000000 Chip ID 0x000000
[   18.383272] Intel/Sharp Extended Query Table at 0x0031
[   18.384074] Using buffer write method
[   18.384193] erase region 0: offset=0x0,size=0x40000,blocks=256
[   18.384418] Concatenating MTD devices:
[   18.384720] (0): "0.flash"
[   18.384805] (1): "0.flash"
[   18.384874] into device "0.flash"
[   18.396496] [nandsim] warning: read_byte: unexpected data output cycle, state is STATE_READY return 0x0
[   18.396737] [nandsim] warning: read_byte: unexpected data output cycle, state is STATE_READY return 0x0
[   18.396914] [nandsim] warning: read_byte: unexpected data output cycle, state is STATE_READY return 0x0
[   18.397085] [nandsim] warning: read_byte: unexpected data output cycle, state is STATE_READY return 0x0
[   18.397255] [nandsim] warning: read_byte: unexpected data output cycle, state is STATE_READY return 0x0
[   18.397425] [nandsim] warning: read_byte: unexpected data output cycle, state is STATE_READY return 0x0
[   18.397882] nand: device found, Manufacturer ID: 0x98, Chip ID: 0x39
[   18.398033] nand: Toshiba NAND 128MiB 1,8V 8-bit
[   18.398155] nand: 128 MiB, SLC, erase size: 16 KiB, page size: 512, OOB size: 16
[   18.399078] flash size: 128 MiB
[   18.399167] page size: 512 bytes
[   18.399243] OOB area size: 16 bytes
[   18.399322] sector size: 16 KiB
[   18.399395] pages number: 262144
[   18.399467] pages per sector: 32
[   18.399539] bus width: 8
[   18.399601] bits in sector size: 14
[   18.399678] bits in page size: 9
[   18.399754] bits in OOB size: 4
[   18.399831] flash size with OOB: 135168 KiB
[   18.399923] page address bytes: 4
[   18.399998] sector address bytes: 3
[   18.400076] options: 0x42
[   21.194063] Scanning device for bad blocks
[   21.303480] firmadyne: do_execve: /firmadyne/console
[   21.303747] OFFSETS: offset of pid: 0x190 offset of comm: 0x270
[   21.304293] Creating 11 MTD partitions on "NAND 128MiB 1,8V 8-bit":
[   21.304866] 0x000000000000-0x000000100000 : "NAND simulator partition 0"
[   21.307302] 0x000000100000-0x000000200000 : "NAND simulator partition 1"
[   21.308794] 0x000000200000-0x000000300000 : "NAND simulator partition 2"
[   21.310286] 0x000000300000-0x000000400000 : "NAND simulator partition 3"
[   21.311782] 0x000000400000-0x000000500000 : "NAND simulator partition 4"
[   21.313254] 0x000000500000-0x000000600000 : "NAND simulator partition 5"
[   21.314832] 0x000000600000-0x000000700000 : "NAND simulator partition 6"
[   21.316496] 0x000000700000-0x000000800000 : "NAND simulator partition 7"
[   21.317938] 0x000000800000-0x000000900000 : "NAND simulator partition 8"
[   21.319399] 0x000000900000-0x000000a00000 : "NAND simulator partition 9"
[   21.320883] 0x000000a00000-0x000008000000 : "NAND simulator partition 10"
[   21.326681] tun: Universal TUN/TAP device driver, 1.6
[   21.326818] tun: (C) 1999-2004 Max Krasnyansky <maxk@qualcomm.com>
[   26.765846] PPP generic driver version 2.4.2
[   26.766691] PPP BSD Compression module registered
[   26.766870] PPP Deflate Compression module registered
[   26.767136] PPP MPPE Compression module registered
[   26.767277] NET: Registered protocol family 24
[   26.767627] PPTP driver version 0.8.5
[   26.768624] cfg80211: Calling CRDA to update world regulatory domain
[   29.872042] usbcore: registered new interface driver usb-storage
[   29.875894] rtc-pl031 9010000.pl031: rtc core: registered pl031 as rtc0
[   29.876710] hidraw: raw HID events driver (C) Jiri Kosina
[   29.877284] usbcore: registered new interface driver usbhid
[   29.877418] usbhid: USB HID core driver
[   29.877931] Netfilter messages via NETLINK v0.30.
[   29.878619] nf_conntrack version 0.5.0 (3958 buckets, 15832 max)
[   29.880115] ctnetlink v0.93: registering with nfnetlink.
[   29.881595] ipip: IPv4 over IPv4 tunneling driver
[   29.883846] gre: GRE over IPv4 demultiplexor driver
[   29.884026] ip_gre: GRE over IPv4 tunneling driver
Starting firmware emulation... use Ctrl-a + x to exit
qemu-system-arm: terminating on signal 2 from pid 118925 (timeout)
[    0.000000] Booting Linux on physical CPU 0x0
[    0.000000] Linux version 4.1.17+ (vagrant@vagrant-ubuntu-trusty-64) (gcc version 5.3.0 (GCC) ) #1 Thu Feb 18 01:05:21 UTC 2016
[    0.000000] CPU: ARMv7 Processor [412fc0f1] revision 1 (ARMv7), cr=10c5387d
[    0.000000] CPU: PIPT / VIPT nonaliasing data cache, PIPT instruction cache
[    0.000000] Machine model: linux,dummy-virt
[    0.000000] debug: ignoring loglevel setting.
[    0.000000] Memory policy: Data cache writeback
[    0.000000] On node 0 totalpages: 65536
[    0.000000] free_area_init_node: node 0, pgdat c061dfe8, node_mem_map cfdf9000
[    0.000000]   Normal zone: 512 pages used for memmap
[    0.000000]   Normal zone: 0 pages reserved
[    0.000000]   Normal zone: 65536 pages, LIFO batch:15
[    0.000000] psci: probing for conduit method from DT.
[    0.000000] psci: PSCIv0.2 detected in firmware.
[    0.000000] psci: Using standard PSCI v0.2 function IDs
[    0.000000] CPU: All CPU(s) started in SVC mode.
[    0.000000] pcpu-alloc: s0 r0 d32768 u32768 alloc=1*32768
[    0.000000] pcpu-alloc: [0] 0 
[    0.000000] Built 1 zonelists in Zone order, mobility grouping on.  Total pages: 65024
[    0.000000] Kernel command line: root=/dev/vda1 console=ttyS0 nandsim.parts=64,64,64,64,64,64,64,64,64,64 rdinit=/firmadyne/preInit.sh rw debug ignore_loglevel print-fatal-signals=1 user_debug=31 firmadyne.syscall=0
[    0.000000] PID hash table entries: 1024 (order: 0, 4096 bytes)
[    0.000000] Dentry cache hash table entries: 32768 (order: 5, 131072 bytes)
[    0.000000] Inode-cache hash table entries: 16384 (order: 4, 65536 bytes)
[    0.000000] Memory: 253340K/262144K available (4297K kernel code, 170K rwdata, 1584K rodata, 180K init, 148K bss, 8804K reserved, 0K cma-reserved)
[    0.000000] Virtual kernel memory layout:
[    0.000000]     vector  : 0xffff0000 - 0xffff1000   (   4 kB)
[    0.000000]     fixmap  : 0xffc00000 - 0xfff00000   (3072 kB)
[    0.000000]     vmalloc : 0xd0800000 - 0xff000000   ( 744 MB)
[    0.000000]     lowmem  : 0xc0000000 - 0xd0000000   ( 256 MB)
[    0.000000]     modules : 0xbf000000 - 0xc0000000   (  16 MB)
[    0.000000]       .text : 0xc0008000 - 0xc05c67bc   (5882 kB)
[    0.000000]       .init : 0xc05c7000 - 0xc05f4000   ( 180 kB)
[    0.000000]       .data : 0xc05f4000 - 0xc061e840   ( 171 kB)
[    0.000000]        .bss : 0xc0621000 - 0xc06462d4   ( 149 kB)
[    0.000000] NR_IRQS:16 nr_irqs:16 16
[    0.000000] Architected cp15 timer(s) running at 62.50MHz (virt).
[    0.000000] clocksource arch_sys_counter: mask: 0xffffffffffffff max_cycles: 0x1cd42e208c, max_idle_ns: 881590405314 ns
[    0.000161] sched_clock: 56 bits at 62MHz, resolution 16ns, wraps every 4398046511096ns
[    0.000310] Switching to timer-based delay loop, resolution 16ns
[    0.003495] Console: colour dummy device 80x30
[    0.003840] Calibrating delay loop (skipped), value calculated using timer frequency.. 125.00 BogoMIPS (lpj=625000)
[    0.003976] pid_max: default: 32768 minimum: 301
[    0.004902] Mount-cache hash table entries: 1024 (order: 0, 4096 bytes)
[    0.004942] Mountpoint-cache hash table entries: 1024 (order: 0, 4096 bytes)
[    0.014450] CPU: Testing write buffer coherency: ok
[    1.086986] Setting up static identity map for 0x40008240 - 0x40008298
[    1.102149] VFP support v0.3: implementor 41 architecture 4 part 30 variant f rev 0
[    1.114311] clocksource jiffies: mask: 0xffffffff max_cycles: 0xffffffff, max_idle_ns: 19112604462750000 ns
[    1.123664] NET: Registered protocol family 16
[    4.553153] DMA: preallocated 256 KiB pool for atomic coherent allocations
[    4.557478] cpuidle: using governor ladder
[    4.557638] cpuidle: using governor menu
[    4.578369] Serial: AMBA PL011 UART driver
[    4.580600] 9000000.pl011: ttyS0 at MMIO 0x9000000 (irq = 54, base_baud = 0) is a PL011 rev1
[    4.588326] console [ttyS0] enabled
[    4.610656] vgaarb: loaded
[    4.612175] SCSI subsystem initialized
[    4.613360] usbcore: registered new interface driver usbfs
[    4.613718] usbcore: registered new interface driver hub
[    4.614032] usbcore: registered new device driver usb
[    6.203390] Switched to clocksource arch_sys_counter
[    6.221362] NET: Registered protocol family 2
[    6.226988] TCP established hash table entries: 2048 (order: 1, 8192 bytes)
[    6.227276] TCP bind hash table entries: 2048 (order: 1, 8192 bytes)
[    6.227583] TCP: Hash tables configured (established 2048 bind 2048)
[    6.228128] UDP hash table entries: 256 (order: 0, 4096 bytes)
[    6.228385] UDP-Lite hash table entries: 256 (order: 0, 4096 bytes)
[    6.229863] NET: Registered protocol family 1
[    6.230337] PCI: CLS 0 bytes, default 64
[    6.237733] NetWinder Floating Point Emulator V0.97 (extended precision)
[    6.240438] futex hash table entries: 256 (order: -1, 3072 bytes)
[    6.246041] squashfs: version 4.0 (2009/01/31) Phillip Lougher
[    6.246658] jffs2: version 2.2. (NAND) © 2001-2006 Red Hat, Inc.
[    6.247449] romfs: ROMFS MTD (C) 2007 Red Hat, Inc.
[    6.256717] Block layer SCSI generic (bsg) driver version 0.4 loaded (major 253)
[    6.257067] io scheduler noop registered
[    6.257326] io scheduler cfq registered (default)
[    6.258010] firmadyne: devfs: 1, execute: 1, procfs: 1, syscall: 0
[    6.259311] ------------[ cut here ]------------
[    6.259510] WARNING: CPU: 0 PID: 1 at /home/vagrant/firmadyne-kernel/kernel-v4.1/fs/sysfs/dir.c:31 sysfs_warn_dup+0x50/0x6c()
[    6.259743] sysfs: cannot create duplicate filename '/class/gpio'
[    6.259903] Modules linked in:
[    6.260217] CPU: 0 PID: 1 Comm: swapper Not tainted 4.1.17+ #1
[    6.260354] Hardware name: Generic DT based system
[    6.261035] [<c001c99c>] (unwind_backtrace) from [<c0019d30>] (show_stack+0x10/0x14)
[    6.261323] [<c0019d30>] (show_stack) from [<c0024ab4>] (warn_slowpath_common+0x80/0xa8)
[    6.261523] [<c0024ab4>] (warn_slowpath_common) from [<c0024b08>] (warn_slowpath_fmt+0x2c/0x3c)
[    6.261767] [<c0024b08>] (warn_slowpath_fmt) from [<c00e363c>] (sysfs_warn_dup+0x50/0x6c)
[    6.261948] [<c00e363c>] (sysfs_warn_dup) from [<c00e3714>] (sysfs_create_dir_ns+0x74/0x84)
[    6.262130] [<c00e3714>] (sysfs_create_dir_ns) from [<c018e6ac>] (kobject_add_internal+0xb8/0x2ac)
[    6.262319] [<c018e6ac>] (kobject_add_internal) from [<c018e9a8>] (kset_register+0x1c/0x44)
[    6.262499] [<c018e9a8>] (kset_register) from [<c02090b4>] (__class_register+0xa8/0x198)
[    6.262677] [<c02090b4>] (__class_register) from [<c02091e4>] (__class_create+0x40/0x70)
[    6.262852] [<c02091e4>] (__class_create) from [<c01adf68>] (register_devfs_stubs+0x314/0xbb4)
[    6.263037] [<c01adf68>] (register_devfs_stubs) from [<c05d9b08>] (init_module+0x28/0xa4)
[    6.263444] [<c05d9b08>] (init_module) from [<c0009670>] (do_one_initcall+0x104/0x1b4)
[    6.263627] [<c0009670>] (do_one_initcall) from [<c05c7d08>] (kernel_init_freeable+0xf0/0x1b0)
[    6.263816] [<c05c7d08>] (kernel_init_freeable) from [<c040f28c>] (kernel_init+0x8/0xe4)
[    6.263986] [<c040f28c>] (kernel_init) from [<c0016da8>] (ret_from_fork+0x14/0x2c)
[    6.264247] ---[ end trace 4a1b8ab11b1eee51 ]---
[    6.264449] ------------[ cut here ]------------
[    6.264563] WARNING: CPU: 0 PID: 1 at /home/vagrant/firmadyne-kernel/kernel-v4.1/lib/kobject.c:240 kobject_add_internal+0x240/0x2ac()
[    6.264784] kobject_add_internal failed for gpio with -EEXIST, don't try to register things with the same name in the same directory.
[    6.264998] Modules linked in:
[    6.265152] CPU: 0 PID: 1 Comm: swapper Tainted: G        W       4.1.17+ #1
[    6.265291] Hardware name: Generic DT based system
[    6.265411] [<c001c99c>] (unwind_backtrace) from [<c0019d30>] (show_stack+0x10/0x14)
[    6.265578] [<c0019d30>] (show_stack) from [<c0024ab4>] (warn_slowpath_common+0x80/0xa8)
[    6.265752] [<c0024ab4>] (warn_slowpath_common) from [<c0024b08>] (warn_slowpath_fmt+0x2c/0x3c)
[    6.265935] [<c0024b08>] (warn_slowpath_fmt) from [<c018e834>] (kobject_add_internal+0x240/0x2ac)
[    6.266117] [<c018e834>] (kobject_add_internal) from [<c018e9a8>] (kset_register+0x1c/0x44)
[    6.266302] [<c018e9a8>] (kset_register) from [<c02090b4>] (__class_register+0xa8/0x198)
[    6.266473] [<c02090b4>] (__class_register) from [<c02091e4>] (__class_create+0x40/0x70)
[    6.266643] [<c02091e4>] (__class_create) from [<c01adf68>] (register_devfs_stubs+0x314/0xbb4)
[    6.266825] [<c01adf68>] (register_devfs_stubs) from [<c05d9b08>] (init_module+0x28/0xa4)
[    6.266998] [<c05d9b08>] (init_module) from [<c0009670>] (do_one_initcall+0x104/0x1b4)
[    6.267167] [<c0009670>] (do_one_initcall) from [<c05c7d08>] (kernel_init_freeable+0xf0/0x1b0)
[    6.267352] [<c05c7d08>] (kernel_init_freeable) from [<c040f28c>] (kernel_init+0x8/0xe4)
[    6.267517] [<c040f28c>] (kernel_init) from [<c0016da8>] (ret_from_fork+0x14/0x2c)
[    6.267686] ---[ end trace 4a1b8ab11b1eee52 ]---
[    6.267854] firmadyne: Cannot create device class: gpio!
[    6.269636] firmadyne: Cannot register character device: watchdog, 0xa, 0x82!
[    6.269816] firmadyne: Cannot register character device: wdt, 0xfd, 0x0!
[    8.031111] cfg80211: Calling CRDA to update world regulatory domain
[    8.103357] PCI host bridge /pcie@10000000 ranges:
[    8.103934]    IO 0x3eff0000..0x3effffff -> 0x00000000
[    8.104302]   MEM 0x10000000..0x3efeffff -> 0x10000000
[    8.104432]   MEM 0x8000000000..0xffffffffff -> 0x8000000000
[    8.105101] pci-host-generic 3f000000.pcie: resource collision: [mem 0x00000000-0xffffffff] conflicts with /pl011@9000000 [mem 0x09000000-0x09000fff]
[    8.105845] pci-host-generic: probe of 3f000000.pcie failed with error -16
[    8.117329] Non-volatile memory driver v1.3
[   11.570446] cfg80211: Calling CRDA to update world regulatory domain
[   11.589542] brd: module loaded
[   11.599581] loop: module loaded
[   15.121870] cfg80211: Calling CRDA to update world regulatory domain
[   15.126531]  vda: vda1
[   15.139090] 0.flash: Found 2 x16 devices at 0x0 in 32-bit bank. Manufacturer ID 0x000000 Chip ID 0x000000
[   15.139751] Intel/Sharp Extended Query Table at 0x0031
[   15.142174] Using buffer write method
[   15.142606] erase region 0: offset=0x0,size=0x40000,blocks=256
[   15.150604] 0.flash: Found 2 x16 devices at 0x0 in 32-bit bank. Manufacturer ID 0x000000 Chip ID 0x000000
[   15.150864] Intel/Sharp Extended Query Table at 0x0031
[   15.151679] Using buffer write method
[   15.151801] erase region 0: offset=0x0,size=0x40000,blocks=256
[   15.152023] Concatenating MTD devices:
[   15.152128] (0): "0.flash"
[   15.152201] (1): "0.flash"
[   15.152268] into device "0.flash"
[   16.102269] [nandsim] warning: read_byte: unexpected data output cycle, state is STATE_READY return 0x0
[   16.102508] [nandsim] warning: read_byte: unexpected data output cycle, state is STATE_READY return 0x0
[   16.102687] [nandsim] warning: read_byte: unexpected data output cycle, state is STATE_READY return 0x0
[   16.102861] [nandsim] warning: read_byte: unexpected data output cycle, state is STATE_READY return 0x0
[   16.103034] [nandsim] warning: read_byte: unexpected data output cycle, state is STATE_READY return 0x0
[   16.103323] [nandsim] warning: read_byte: unexpected data output cycle, state is STATE_READY return 0x0
[   16.103778] nand: device found, Manufacturer ID: 0x98, Chip ID: 0x39
[   16.103934] nand: Toshiba NAND 128MiB 1,8V 8-bit
[   16.104057] nand: 128 MiB, SLC, erase size: 16 KiB, page size: 512, OOB size: 16
[   16.104956] flash size: 128 MiB
[   16.105044] page size: 512 bytes
[   16.105133] OOB area size: 16 bytes
[   16.105214] sector size: 16 KiB
[   16.105288] pages number: 262144
[   16.105361] pages per sector: 32
[   16.105435] bus width: 8
[   16.105497] bits in sector size: 14
[   16.105575] bits in page size: 9
[   16.105652] bits in OOB size: 4
[   16.105730] flash size with OOB: 135168 KiB
[   16.105823] page address bytes: 4
[   16.105898] sector address bytes: 3
[   16.105977] options: 0x42
[   19.554043] Scanning device for bad blocks
[   19.661304] cfg80211: Calling CRDA to update world regulatory domain
[   19.685014] firmadyne: do_execve: /firmadyne/console
[   19.685273] OFFSETS: offset of pid: 0x190 offset of comm: 0x270
[   19.685794] Creating 11 MTD partitions on "NAND 128MiB 1,8V 8-bit":
[   19.686213] 0x000000000000-0x000000100000 : "NAND simulator partition 0"
[   19.688498] 0x000000100000-0x000000200000 : "NAND simulator partition 1"
[   19.690181] 0x000000200000-0x000000300000 : "NAND simulator partition 2"
[   19.691853] 0x000000300000-0x000000400000 : "NAND simulator partition 3"
[   19.693562] 0x000000400000-0x000000500000 : "NAND simulator partition 4"
[   19.695072] 0x000000500000-0x000000600000 : "NAND simulator partition 5"
[   19.696544] 0x000000600000-0x000000700000 : "NAND simulator partition 6"
[   19.698250] 0x000000700000-0x000000800000 : "NAND simulator partition 7"
[   19.699681] 0x000000800000-0x000000900000 : "NAND simulator partition 8"
[   19.701913] 0x000000900000-0x000000a00000 : "NAND simulator partition 9"
[   19.703522] 0x000000a00000-0x000008000000 : "NAND simulator partition 10"
[   19.709479] tun: Universal TUN/TAP device driver, 1.6
[   19.709675] tun: (C) 1999-2004 Max Krasnyansky <maxk@qualcomm.com>
[   24.257534] PPP generic driver version 2.4.2
[   24.258411] PPP BSD Compression module registered
[   24.258586] PPP Deflate Compression module registered
[   24.258858] PPP MPPE Compression module registered
[   24.259002] NET: Registered protocol family 24
[   24.259354] PPTP driver version 0.8.5
[   24.260249] cfg80211: Calling CRDA to update world regulatory domain
[   27.704024] cfg80211: Calling CRDA to update world regulatory domain
[   27.705050] usbcore: registered new interface driver usb-storage
[   27.708566] rtc-pl031 9010000.pl031: rtc core: registered pl031 as rtc0
[   27.709343] hidraw: raw HID events driver (C) Jiri Kosina
[   27.709897] usbcore: registered new interface driver usbhid
[   27.710033] usbhid: USB HID core driver
[   27.710524] Netfilter messages via NETLINK v0.30.
[   27.711193] nf_conntrack version 0.5.0 (3958 buckets, 15832 max)
[   27.712660] ctnetlink v0.93: registering with nfnetlink.
[   27.714384] ipip: IPv4 over IPv4 tunneling driver
[   27.716567] gre: GRE over IPv4 demultiplexor driver
[   27.716735] ip_gre: GRE over IPv4 tunneling driver
[   27.721416] ip_tables: (C) 2000-2006 Netfilter Core Team
[   27.723268] arp_tables: (C) 2002 David S. Miller
[   27.724366] Initializing XFRM netlink socket
[   27.724888] NET: Registered protocol family 10
[   27.732131] ip6_tables: (C) 2000-2006 Netfilter Core Team
[   27.734056] sit: IPv6 over IPv4 tunneling driver
[   27.737892] NET: Registered protocol family 17
[   27.738557] bridge: automatic filtering via arp/ip/ip6tables has been deprecated. Update your scripts to load br_netfilter if you need this.
[   27.738911] Bridge firewalling registered
[   27.739056] Ebtables v2.0 registered
[   30.898054] cfg80211: Calling CRDA to update world regulatory domain
[   30.898611] 8021q: 802.1Q VLAN Support v1.8
[   30.899301] Registering SWP/SWPB emulation handler
[   30.902187] rtc-pl031 9010000.pl031: setting system clock to 2018-07-19 12:07:00 UTC (1532002020)
[   30.914086] EXT4-fs (vda1): couldn't mount as ext3 due to feature incompatibilities
[   30.915720] EXT4-fs (vda1): mounting ext2 file system using the ext4 subsystem
[   30.927226] EXT4-fs (vda1): mounted filesystem without journal. Opts: (null)
[   30.928322] VFS: Mounted root (ext2 filesystem) on device 254:1.
[   30.947316] Freeing unused kernel memory: 180K (c05c7000 - c05f4000)
