>> Database Image ID: 66

/home/zhumengfan/firmware/firmwares/87f8738473bfd9197baf55139133e5812f0e1485.ZIP
>> MD5: 8891dca7163dcd2e088c41d9bd4946a2
>> Tag: 66
>> Temp: /tmp/tmp5RH_gV
>> Status: Kernel: True, Rootfs: False, Do_Kernel: False,                 Do_Rootfs: True
>>>> Zip archive data, at least v1.0 to extract, name: dir665_fw_100NA/
>> Recursing into archive ...
	
/tmp/tmp5RH_gV/_87f8738473bfd9197baf55139133e5812f0e1485.ZIP.extracted/dir665_fw_100NA/dir665_fw_100NA.bin
	>> MD5: 0379a3b198f9994690ae973f8254f08c
	>> Tag: 66
	>> Temp: /tmp/tmphGvHRu
	>> Status: Kernel: True, Rootfs: False, Do_Kernel: False,                 Do_Rootfs: True
	>>>> Squashfs filesystem, little endian, version 4.0, compression:gzip, size: 4775333 bytes, 640 inodes, blocksize: 131072 bytes, created: 2010-02-12 02:38:42
	>>>> Found Linux filesystem in /tmp/tmphGvHRu/_dir665_fw_100NA.bin.extracted/squashfs-root!
	>> Skipping: completed!
	>> Cleaning up /tmp/tmphGvHRu...
>> Skipping: completed!
>> Cleaning up /tmp/tmp5RH_gV...
./bin/busybox: armel
Querying database for architecture... armel
----Running----
----Copying Filesystem Tarball----
----Creating QEMU Image----
Formatting '/home/zhumengfan/firmadyne//scratch//66//image.raw', fmt=raw size=1073741824
----Creating Partition Table----

Welcome to fdisk (util-linux 2.27.1).
Changes will remain in memory only, until you decide to write them.
Be careful before using the write command.

Device does not contain a recognized partition table.
Created a new DOS disklabel with disk identifier 0xa2c0a971.

Command (m for help): Created a new DOS disklabel with disk identifier 0x98928b8f.

Command (m for help): Partition type
   p   primary (0 primary, 0 extended, 4 free)
   e   extended (container for logical partitions)
Select (default p): Partition number (1-4, default 1): First sector (2048-2097151, default 2048): Last sector, +sectors or +size{K,M,G,T,P} (2048-2097151, default 2097151): 
Created a new partition 1 of type 'Linux' and of size 1023 MiB.

Command (m for help): The partition table has been altered.
Syncing disks.

----Mounting QEMU Image----
add map loop0p1 (252:0): 0 2095104 linear 7:0 2048
----Creating Filesystem----
mke2fs 1.42.13 (17-May-2015)
Discarding device blocks:   4096/261888             done                            
Creating filesystem with 261888 4k blocks and 65536 inodes
Filesystem UUID: f48f6d6d-2888-4cf0-a4e4-10649aa0c9ae
Superblock backups stored on blocks: 
	32768, 98304, 163840, 229376

Allocating group tables: 0/8   done                            
Writing inode tables: 0/8   done                            
Writing superblocks and filesystem accounting information: 0/8   done

----Making QEMU Image Mountpoint----
----Mounting QEMU Image Partition 1----
----Extracting Filesystem Tarball----
----Creating FIRMADYNE Directories----
----Patching Filesystem (chroot)----
Creating /etc/TZ!
Warning: Recreating device nodes!
Removing /etc/scripts/sys_resetbutton!
----Setting up FIRMADYNE----
----Unmounting QEMU Image----
loop deleted : /dev/loop0
Querying database for architecture... armel
Running firmware 66: terminating after 60 secs...
qemu-system-arm: terminating on signal 2 from pid 94739 (timeout)
Inferring network...
Interfaces: []
Done!
[    0.000000] Booting Linux on physical CPU 0x0
[    0.000000] Linux version 4.1.17+ (vagrant@vagrant-ubuntu-trusty-64) (gcc version 5.3.0 (GCC) ) #1 Thu Feb 18 01:05:21 UTC 2016
[    0.000000] CPU: ARMv7 Processor [412fc0f1] revision 1 (ARMv7), cr=10c5387d
[    0.000000] CPU: PIPT / VIPT nonaliasing data cache, PIPT instruction cache
[    0.000000] Machine model: linux,dummy-virt
[    0.000000] debug: ignoring loglevel setting.
[    0.000000] Memory policy: Data cache writeback
[    0.000000] On node 0 totalpages: 65536
[    0.000000] free_area_init_node: node 0, pgdat c061dfe8, node_mem_map cfdf9000
[    0.000000]   Normal zone: 512 pages used for memmap
[    0.000000]   Normal zone: 0 pages reserved
[    0.000000]   Normal zone: 65536 pages, LIFO batch:15
[    0.000000] psci: probing for conduit method from DT.
[    0.000000] psci: PSCIv0.2 detected in firmware.
[    0.000000] psci: Using standard PSCI v0.2 function IDs
[    0.000000] CPU: All CPU(s) started in SVC mode.
[    0.000000] pcpu-alloc: s0 r0 d32768 u32768 alloc=1*32768
[    0.000000] pcpu-alloc: [0] 0 
[    0.000000] Built 1 zonelists in Zone order, mobility grouping on.  Total pages: 65024
[    0.000000] Kernel command line: firmadyne.syscall=1 root=/dev/vda1 console=ttyS0 nandsim.parts=64,64,64,64,64,64,64,64,64,64 rdinit=/firmadyne/preInit.sh rw debug ignore_loglevel print-fatal-signals=1 user_debug=31
[    0.000000] PID hash table entries: 1024 (order: 0, 4096 bytes)
[    0.000000] Dentry cache hash table entries: 32768 (order: 5, 131072 bytes)
[    0.000000] Inode-cache hash table entries: 16384 (order: 4, 65536 bytes)
[    0.000000] Memory: 253340K/262144K available (4297K kernel code, 170K rwdata, 1584K rodata, 180K init, 148K bss, 8804K reserved, 0K cma-reserved)
[    0.000000] Virtual kernel memory layout:
[    0.000000]     vector  : 0xffff0000 - 0xffff1000   (   4 kB)
[    0.000000]     fixmap  : 0xffc00000 - 0xfff00000   (3072 kB)
[    0.000000]     vmalloc : 0xd0800000 - 0xff000000   ( 744 MB)
[    0.000000]     lowmem  : 0xc0000000 - 0xd0000000   ( 256 MB)
[    0.000000]     modules : 0xbf000000 - 0xc0000000   (  16 MB)
[    0.000000]       .text : 0xc0008000 - 0xc05c67bc   (5882 kB)
[    0.000000]       .init : 0xc05c7000 - 0xc05f4000   ( 180 kB)
[    0.000000]       .data : 0xc05f4000 - 0xc061e840   ( 171 kB)
[    0.000000]        .bss : 0xc0621000 - 0xc06462d4   ( 149 kB)
[    0.000000] NR_IRQS:16 nr_irqs:16 16
[    0.000000] Architected cp15 timer(s) running at 62.50MHz (virt).
[    0.000000] clocksource arch_sys_counter: mask: 0xffffffffffffff max_cycles: 0x1cd42e208c, max_idle_ns: 881590405314 ns
[    0.000196] sched_clock: 56 bits at 62MHz, resolution 16ns, wraps every 4398046511096ns
[    0.000350] Switching to timer-based delay loop, resolution 16ns
[    0.003581] Console: colour dummy device 80x30
[    0.003942] Calibrating delay loop (skipped), value calculated using timer frequency.. 125.00 BogoMIPS (lpj=625000)
[    0.004079] pid_max: default: 32768 minimum: 301
[    0.004982] Mount-cache hash table entries: 1024 (order: 0, 4096 bytes)
[    0.005021] Mountpoint-cache hash table entries: 1024 (order: 0, 4096 bytes)
[    0.014282] CPU: Testing write buffer coherency: ok
[    0.020742] Setting up static identity map for 0x40008240 - 0x40008298
[    1.175661] VFP support v0.3: implementor 41 architecture 4 part 30 variant f rev 0
[    1.187789] clocksource jiffies: mask: 0xffffffff max_cycles: 0xffffffff, max_idle_ns: 19112604462750000 ns
[    1.196850] NET: Registered protocol family 16
[    1.200243] DMA: preallocated 256 KiB pool for atomic coherent allocations
[    1.204365] cpuidle: using governor ladder
[    1.204530] cpuidle: using governor menu
[    2.589853] Serial: AMBA PL011 UART driver
[    2.592096] 9000000.pl011: ttyS0 at MMIO 0x9000000 (irq = 54, base_baud = 0) is a PL011 rev1
[    2.599735] console [ttyS0] enabled
[    2.622773] vgaarb: loaded
[    2.624348] SCSI subsystem initialized
[    2.625537] usbcore: registered new interface driver usbfs
[    2.625890] usbcore: registered new interface driver hub
[    2.626203] usbcore: registered new device driver usb
[    2.635451] cfg80211: Calling CRDA to update world regulatory domain
[    2.637824] Switched to clocksource arch_sys_counter
[    2.656227] NET: Registered protocol family 2
[    3.388353] TCP established hash table entries: 2048 (order: 1, 8192 bytes)
[    3.388640] TCP bind hash table entries: 2048 (order: 1, 8192 bytes)
[    3.388949] TCP: Hash tables configured (established 2048 bind 2048)
[    3.389523] UDP hash table entries: 256 (order: 0, 4096 bytes)
[    3.389769] UDP-Lite hash table entries: 256 (order: 0, 4096 bytes)
[    3.391237] NET: Registered protocol family 1
[    3.391700] PCI: CLS 0 bytes, default 64
[    3.399060] NetWinder Floating Point Emulator V0.97 (extended precision)
[    3.401705] futex hash table entries: 256 (order: -1, 3072 bytes)
[    3.407120] squashfs: version 4.0 (2009/01/31) Phillip Lougher
[    3.408644] jffs2: version 2.2. (NAND) © 2001-2006 Red Hat, Inc.
[    3.409453] romfs: ROMFS MTD (C) 2007 Red Hat, Inc.
[    3.418073] Block layer SCSI generic (bsg) driver version 0.4 loaded (major 253)
[    3.418432] io scheduler noop registered
[    3.418675] io scheduler cfq registered (default)
[    3.419350] firmadyne: devfs: 1, execute: 1, procfs: 1, syscall: 1
[    3.420627] ------------[ cut here ]------------
[    3.420825] WARNING: CPU: 0 PID: 1 at /home/vagrant/firmadyne-kernel/kernel-v4.1/fs/sysfs/dir.c:31 sysfs_warn_dup+0x50/0x6c()
[    3.421051] sysfs: cannot create duplicate filename '/class/gpio'
[    3.421209] Modules linked in:
[    3.421517] CPU: 0 PID: 1 Comm: swapper Not tainted 4.1.17+ #1
[    3.421656] Hardware name: Generic DT based system
[    3.422340] [<c001c99c>] (unwind_backtrace) from [<c0019d30>] (show_stack+0x10/0x14)
[    3.422614] [<c0019d30>] (show_stack) from [<c0024ab4>] (warn_slowpath_common+0x80/0xa8)
[    3.422812] [<c0024ab4>] (warn_slowpath_common) from [<c0024b08>] (warn_slowpath_fmt+0x2c/0x3c)
[    3.423044] [<c0024b08>] (warn_slowpath_fmt) from [<c00e363c>] (sysfs_warn_dup+0x50/0x6c)
[    3.423221] [<c00e363c>] (sysfs_warn_dup) from [<c00e3714>] (sysfs_create_dir_ns+0x74/0x84)
[    3.423400] [<c00e3714>] (sysfs_create_dir_ns) from [<c018e6ac>] (kobject_add_internal+0xb8/0x2ac)
[    3.423587] [<c018e6ac>] (kobject_add_internal) from [<c018e9a8>] (kset_register+0x1c/0x44)
[    3.423763] [<c018e9a8>] (kset_register) from [<c02090b4>] (__class_register+0xa8/0x198)
[    3.423936] [<c02090b4>] (__class_register) from [<c02091e4>] (__class_create+0x40/0x70)
[    3.424106] [<c02091e4>] (__class_create) from [<c01adf68>] (register_devfs_stubs+0x314/0xbb4)
[    3.424285] [<c01adf68>] (register_devfs_stubs) from [<c05d9b08>] (init_module+0x28/0xa4)
[    3.424485] [<c05d9b08>] (init_module) from [<c0009670>] (do_one_initcall+0x104/0x1b4)
[    3.424655] [<c0009670>] (do_one_initcall) from [<c05c7d08>] (kernel_init_freeable+0xf0/0x1b0)
[    3.424838] [<c05c7d08>] (kernel_init_freeable) from [<c040f28c>] (kernel_init+0x8/0xe4)
[    3.425004] [<c040f28c>] (kernel_init) from [<c0016da8>] (ret_from_fork+0x14/0x2c)
[    3.425278] ---[ end trace 566373e475d30da7 ]---
[    3.425498] ------------[ cut here ]------------
[    3.425608] WARNING: CPU: 0 PID: 1 at /home/vagrant/firmadyne-kernel/kernel-v4.1/lib/kobject.c:240 kobject_add_internal+0x240/0x2ac()
[    3.425852] kobject_add_internal failed for gpio with -EEXIST, don't try to register things with the same name in the same directory.
[    3.426061] Modules linked in:
[    3.426225] CPU: 0 PID: 1 Comm: swapper Tainted: G        W       4.1.17+ #1
[    3.426383] Hardware name: Generic DT based system
[    3.426500] [<c001c99c>] (unwind_backtrace) from [<c0019d30>] (show_stack+0x10/0x14)
[    3.426663] [<c0019d30>] (show_stack) from [<c0024ab4>] (warn_slowpath_common+0x80/0xa8)
[    3.426832] [<c0024ab4>] (warn_slowpath_common) from [<c0024b08>] (warn_slowpath_fmt+0x2c/0x3c)
[    3.427010] [<c0024b08>] (warn_slowpath_fmt) from [<c018e834>] (kobject_add_internal+0x240/0x2ac)
[    3.427200] [<c018e834>] (kobject_add_internal) from [<c018e9a8>] (kset_register+0x1c/0x44)
[    3.427371] [<c018e9a8>] (kset_register) from [<c02090b4>] (__class_register+0xa8/0x198)
[    3.427554] [<c02090b4>] (__class_register) from [<c02091e4>] (__class_create+0x40/0x70)
[    3.427834] [<c02091e4>] (__class_create) from [<c01adf68>] (register_devfs_stubs+0x314/0xbb4)
[    3.428017] [<c01adf68>] (register_devfs_stubs) from [<c05d9b08>] (init_module+0x28/0xa4)
[    3.428188] [<c05d9b08>] (init_module) from [<c0009670>] (do_one_initcall+0x104/0x1b4)
[    3.428354] [<c0009670>] (do_one_initcall) from [<c05c7d08>] (kernel_init_freeable+0xf0/0x1b0)
[    3.428529] [<c05c7d08>] (kernel_init_freeable) from [<c040f28c>] (kernel_init+0x8/0xe4)
[    3.428691] [<c040f28c>] (kernel_init) from [<c0016da8>] (ret_from_fork+0x14/0x2c)
[    3.428857] ---[ end trace 566373e475d30da8 ]---
[    3.429019] firmadyne: Cannot create device class: gpio!
[    3.430721] firmadyne: Cannot register character device: watchdog, 0xa, 0x82!
[    3.430896] firmadyne: Cannot register character device: wdt, 0xfd, 0x0!
[    3.511891] PCI host bridge /pcie@10000000 ranges:
[    3.512473]    IO 0x3eff0000..0x3effffff -> 0x00000000
[    3.512832]   MEM 0x10000000..0x3efeffff -> 0x10000000
[    3.512960]   MEM 0x8000000000..0xffffffffff -> 0x8000000000
[    3.513619] pci-host-generic 3f000000.pcie: resource collision: [mem 0x00000000-0xffffffff] conflicts with /pl011@9000000 [mem 0x09000000-0x09000fff]
[    3.514329] pci-host-generic: probe of 3f000000.pcie failed with error -16
[    3.525909] Non-volatile memory driver v1.3
[   19.145529] cfg80211: Calling CRDA to update world regulatory domain
[   19.165703] brd: module loaded
[   19.176167] loop: module loaded
[   22.750859] cfg80211: Calling CRDA to update world regulatory domain
[   22.755325]  vda: vda1
[   22.767807] 0.flash: Found 2 x16 devices at 0x0 in 32-bit bank. Manufacturer ID 0x000000 Chip ID 0x000000
[   22.768466] Intel/Sharp Extended Query Table at 0x0031
[   22.770892] Using buffer write method
[   22.771322] erase region 0: offset=0x0,size=0x40000,blocks=256
[   22.778998] 0.flash: Found 2 x16 devices at 0x0 in 32-bit bank. Manufacturer ID 0x000000 Chip ID 0x000000
[   22.779251] Intel/Sharp Extended Query Table at 0x0031
[   22.780040] Using buffer write method
[   22.780161] erase region 0: offset=0x0,size=0x40000,blocks=256
[   22.780374] Concatenating MTD devices:
[   22.780478] (0): "0.flash"
[   22.780553] (1): "0.flash"
[   22.780619] into device "0.flash"
[   22.791834] [nandsim] warning: read_byte: unexpected data output cycle, state is STATE_READY return 0x0
[   22.792072] [nandsim] warning: read_byte: unexpected data output cycle, state is STATE_READY return 0x0
[   22.792246] [nandsim] warning: read_byte: unexpected data output cycle, state is STATE_READY return 0x0
[   22.792416] [nandsim] warning: read_byte: unexpected data output cycle, state is STATE_READY return 0x0
[   22.792585] [nandsim] warning: read_byte: unexpected data output cycle, state is STATE_READY return 0x0
[   22.792754] [nandsim] warning: read_byte: unexpected data output cycle, state is STATE_READY return 0x0
[   22.793176] nand: device found, Manufacturer ID: 0x98, Chip ID: 0x39
[   22.793321] nand: Toshiba NAND 128MiB 1,8V 8-bit
[   22.793440] nand: 128 MiB, SLC, erase size: 16 KiB, page size: 512, OOB size: 16
[   22.794345] flash size: 128 MiB
[   22.794431] page size: 512 bytes
[   22.794505] OOB area size: 16 bytes
[   22.794586] sector size: 16 KiB
[   22.794658] pages number: 262144
[   22.794730] pages per sector: 32
[   22.794801] bus width: 8
[   22.794862] bits in sector size: 14
[   22.794937] bits in page size: 9
[   22.795012] bits in OOB size: 4
[   22.795088] flash size with OOB: 135168 KiB
[   22.795176] page address bytes: 4
[   22.795249] sector address bytes: 3
[   22.795328] options: 0x42
Starting firmware emulation... use Ctrl-a + x to exit
qemu-system-arm: terminating on signal 2 from pid 94890 (timeout)
[    0.000000] Booting Linux on physical CPU 0x0
[    0.000000] Linux version 4.1.17+ (vagrant@vagrant-ubuntu-trusty-64) (gcc version 5.3.0 (GCC) ) #1 Thu Feb 18 01:05:21 UTC 2016
[    0.000000] CPU: ARMv7 Processor [412fc0f1] revision 1 (ARMv7), cr=10c5387d
[    0.000000] CPU: PIPT / VIPT nonaliasing data cache, PIPT instruction cache
[    0.000000] Machine model: linux,dummy-virt
[    0.000000] debug: ignoring loglevel setting.
[    0.000000] Memory policy: Data cache writeback
[    0.000000] On node 0 totalpages: 65536
[    0.000000] free_area_init_node: node 0, pgdat c061dfe8, node_mem_map cfdf9000
[    0.000000]   Normal zone: 512 pages used for memmap
[    0.000000]   Normal zone: 0 pages reserved
[    0.000000]   Normal zone: 65536 pages, LIFO batch:15
[    0.000000] psci: probing for conduit method from DT.
[    0.000000] psci: PSCIv0.2 detected in firmware.
[    0.000000] psci: Using standard PSCI v0.2 function IDs
[    0.000000] CPU: All CPU(s) started in SVC mode.
[    0.000000] pcpu-alloc: s0 r0 d32768 u32768 alloc=1*32768
[    0.000000] pcpu-alloc: [0] 0 
[    0.000000] Built 1 zonelists in Zone order, mobility grouping on.  Total pages: 65024
[    0.000000] Kernel command line: root=/dev/vda1 console=ttyS0 nandsim.parts=64,64,64,64,64,64,64,64,64,64 rdinit=/firmadyne/preInit.sh rw debug ignore_loglevel print-fatal-signals=1 user_debug=31 firmadyne.syscall=0
[    0.000000] PID hash table entries: 1024 (order: 0, 4096 bytes)
[    0.000000] Dentry cache hash table entries: 32768 (order: 5, 131072 bytes)
[    0.000000] Inode-cache hash table entries: 16384 (order: 4, 65536 bytes)
[    0.000000] Memory: 253340K/262144K available (4297K kernel code, 170K rwdata, 1584K rodata, 180K init, 148K bss, 8804K reserved, 0K cma-reserved)
[    0.000000] Virtual kernel memory layout:
[    0.000000]     vector  : 0xffff0000 - 0xffff1000   (   4 kB)
[    0.000000]     fixmap  : 0xffc00000 - 0xfff00000   (3072 kB)
[    0.000000]     vmalloc : 0xd0800000 - 0xff000000   ( 744 MB)
[    0.000000]     lowmem  : 0xc0000000 - 0xd0000000   ( 256 MB)
[    0.000000]     modules : 0xbf000000 - 0xc0000000   (  16 MB)
[    0.000000]       .text : 0xc0008000 - 0xc05c67bc   (5882 kB)
[    0.000000]       .init : 0xc05c7000 - 0xc05f4000   ( 180 kB)
[    0.000000]       .data : 0xc05f4000 - 0xc061e840   ( 171 kB)
[    0.000000]        .bss : 0xc0621000 - 0xc06462d4   ( 149 kB)
[    0.000000] NR_IRQS:16 nr_irqs:16 16
[    0.000000] Architected cp15 timer(s) running at 62.50MHz (virt).
[    0.000000] clocksource arch_sys_counter: mask: 0xffffffffffffff max_cycles: 0x1cd42e208c, max_idle_ns: 881590405314 ns
[    0.000166] sched_clock: 56 bits at 62MHz, resolution 16ns, wraps every 4398046511096ns
[    0.000317] Switching to timer-based delay loop, resolution 16ns
[    0.003505] Console: colour dummy device 80x30
[    0.003847] Calibrating delay loop (skipped), value calculated using timer frequency.. 125.00 BogoMIPS (lpj=625000)
[    0.003992] pid_max: default: 32768 minimum: 301
[    0.004945] Mount-cache hash table entries: 1024 (order: 0, 4096 bytes)
[    0.004989] Mountpoint-cache hash table entries: 1024 (order: 0, 4096 bytes)
[    0.015756] CPU: Testing write buffer coherency: ok
[    0.022342] Setting up static identity map for 0x40008240 - 0x40008298
[    1.187409] VFP support v0.3: implementor 41 architecture 4 part 30 variant f rev 0
[    1.199593] clocksource jiffies: mask: 0xffffffff max_cycles: 0xffffffff, max_idle_ns: 19112604462750000 ns
[    1.208982] NET: Registered protocol family 16
[    1.212188] DMA: preallocated 256 KiB pool for atomic coherent allocations
[    1.216600] cpuidle: using governor ladder
[    1.216763] cpuidle: using governor menu
[    2.157960] Serial: AMBA PL011 UART driver
[    2.160241] 9000000.pl011: ttyS0 at MMIO 0x9000000 (irq = 54, base_baud = 0) is a PL011 rev1
[    2.167867] console [ttyS0] enabled
[    2.192043] vgaarb: loaded
[    2.193661] SCSI subsystem initialized
[    2.194781] usbcore: registered new interface driver usbfs
[    2.195143] usbcore: registered new interface driver hub
[    2.195471] usbcore: registered new device driver usb
[    2.204980] cfg80211: Calling CRDA to update world regulatory domain
[    2.207315] Switched to clocksource arch_sys_counter
[    2.225674] NET: Registered protocol family 2
[    9.136580] TCP established hash table entries: 2048 (order: 1, 8192 bytes)
[    9.136880] TCP bind hash table entries: 2048 (order: 1, 8192 bytes)
[    9.137395] TCP: Hash tables configured (established 2048 bind 2048)
[    9.137984] UDP hash table entries: 256 (order: 0, 4096 bytes)
[    9.138364] UDP-Lite hash table entries: 256 (order: 0, 4096 bytes)
[    9.139968] NET: Registered protocol family 1
[    9.140478] PCI: CLS 0 bytes, default 64
[    9.148300] NetWinder Floating Point Emulator V0.97 (extended precision)
[    9.151551] futex hash table entries: 256 (order: -1, 3072 bytes)
[    9.155129] cfg80211: Calling CRDA to update world regulatory domain
[    9.159137] squashfs: version 4.0 (2009/01/31) Phillip Lougher
[    9.160604] jffs2: version 2.2. (NAND) © 2001-2006 Red Hat, Inc.
[    9.161447] romfs: ROMFS MTD (C) 2007 Red Hat, Inc.
[    9.170640] Block layer SCSI generic (bsg) driver version 0.4 loaded (major 253)
[    9.171020] io scheduler noop registered
[    9.171282] io scheduler cfq registered (default)
[    9.171997] firmadyne: devfs: 1, execute: 1, procfs: 1, syscall: 0
[    9.173503] ------------[ cut here ]------------
[    9.173710] WARNING: CPU: 0 PID: 1 at /home/vagrant/firmadyne-kernel/kernel-v4.1/fs/sysfs/dir.c:31 sysfs_warn_dup+0x50/0x6c()
[    9.173989] sysfs: cannot create duplicate filename '/class/gpio'
[    9.174172] Modules linked in:
[    9.174511] CPU: 0 PID: 1 Comm: swapper Not tainted 4.1.17+ #1
[    9.174644] Hardware name: Generic DT based system
[    9.175390] [<c001c99c>] (unwind_backtrace) from [<c0019d30>] (show_stack+0x10/0x14)
[    9.175665] [<c0019d30>] (show_stack) from [<c0024ab4>] (warn_slowpath_common+0x80/0xa8)
[    9.175864] [<c0024ab4>] (warn_slowpath_common) from [<c0024b08>] (warn_slowpath_fmt+0x2c/0x3c)
[    9.176152] [<c0024b08>] (warn_slowpath_fmt) from [<c00e363c>] (sysfs_warn_dup+0x50/0x6c)
[    9.176349] [<c00e363c>] (sysfs_warn_dup) from [<c00e3714>] (sysfs_create_dir_ns+0x74/0x84)
[    9.176560] [<c00e3714>] (sysfs_create_dir_ns) from [<c018e6ac>] (kobject_add_internal+0xb8/0x2ac)
[    9.176749] [<c018e6ac>] (kobject_add_internal) from [<c018e9a8>] (kset_register+0x1c/0x44)
[    9.176937] [<c018e9a8>] (kset_register) from [<c02090b4>] (__class_register+0xa8/0x198)
[    9.177314] [<c02090b4>] (__class_register) from [<c02091e4>] (__class_create+0x40/0x70)
[    9.177497] [<c02091e4>] (__class_create) from [<c01adf68>] (register_devfs_stubs+0x314/0xbb4)
[    9.177679] [<c01adf68>] (register_devfs_stubs) from [<c05d9b08>] (init_module+0x28/0xa4)
[    9.177916] [<c05d9b08>] (init_module) from [<c0009670>] (do_one_initcall+0x104/0x1b4)
[    9.178114] [<c0009670>] (do_one_initcall) from [<c05c7d08>] (kernel_init_freeable+0xf0/0x1b0)
[    9.178299] [<c05c7d08>] (kernel_init_freeable) from [<c040f28c>] (kernel_init+0x8/0xe4)
[    9.178467] [<c040f28c>] (kernel_init) from [<c0016da8>] (ret_from_fork+0x14/0x2c)
[    9.178737] ---[ end trace 45117b32b22244c2 ]---
[    9.178948] ------------[ cut here ]------------
[    9.179109] WARNING: CPU: 0 PID: 1 at /home/vagrant/firmadyne-kernel/kernel-v4.1/lib/kobject.c:240 kobject_add_internal+0x240/0x2ac()
[    9.179340] kobject_add_internal failed for gpio with -EEXIST, don't try to register things with the same name in the same directory.
[    9.179551] Modules linked in:
[    9.179692] CPU: 0 PID: 1 Comm: swapper Tainted: G        W       4.1.17+ #1
[    9.179897] Hardware name: Generic DT based system
[    9.180050] [<c001c99c>] (unwind_backtrace) from [<c0019d30>] (show_stack+0x10/0x14)
[    9.180296] [<c0019d30>] (show_stack) from [<c0024ab4>] (warn_slowpath_common+0x80/0xa8)
[    9.180561] [<c0024ab4>] (warn_slowpath_common) from [<c0024b08>] (warn_slowpath_fmt+0x2c/0x3c)
[    9.180831] [<c0024b08>] (warn_slowpath_fmt) from [<c018e834>] (kobject_add_internal+0x240/0x2ac)
[    9.181078] [<c018e834>] (kobject_add_internal) from [<c018e9a8>] (kset_register+0x1c/0x44)
[    9.181252] [<c018e9a8>] (kset_register) from [<c02090b4>] (__class_register+0xa8/0x198)
[    9.181418] [<c02090b4>] (__class_register) from [<c02091e4>] (__class_create+0x40/0x70)
[    9.181632] [<c02091e4>] (__class_create) from [<c01adf68>] (register_devfs_stubs+0x314/0xbb4)
[    9.181818] [<c01adf68>] (register_devfs_stubs) from [<c05d9b08>] (init_module+0x28/0xa4)
[    9.182034] [<c05d9b08>] (init_module) from [<c0009670>] (do_one_initcall+0x104/0x1b4)
[    9.182217] [<c0009670>] (do_one_initcall) from [<c05c7d08>] (kernel_init_freeable+0xf0/0x1b0)
[    9.182392] [<c05c7d08>] (kernel_init_freeable) from [<c040f28c>] (kernel_init+0x8/0xe4)
[    9.182555] [<c040f28c>] (kernel_init) from [<c0016da8>] (ret_from_fork+0x14/0x2c)
[    9.182719] ---[ end trace 45117b32b22244c3 ]---
[    9.182915] firmadyne: Cannot create device class: gpio!
[    9.184791] firmadyne: Cannot register character device: watchdog, 0xa, 0x82!
[    9.185005] firmadyne: Cannot register character device: wdt, 0xfd, 0x0!
[    9.271689] PCI host bridge /pcie@10000000 ranges:
[    9.272365]    IO 0x3eff0000..0x3effffff -> 0x00000000
[    9.272749]   MEM 0x10000000..0x3efeffff -> 0x10000000
[    9.272879]   MEM 0x8000000000..0xffffffffff -> 0x8000000000
[    9.273578] pci-host-generic 3f000000.pcie: resource collision: [mem 0x00000000-0xffffffff] conflicts with /pl011@9000000 [mem 0x09000000-0x09000fff]
[    9.274413] pci-host-generic: probe of 3f000000.pcie failed with error -16
[   11.493488] Non-volatile memory driver v1.3
[   14.264297] cfg80211: Calling CRDA to update world regulatory domain
[   14.283739] brd: module loaded
[   14.294094] loop: module loaded
[   15.124897]  vda: vda1
[   15.137341] 0.flash: Found 2 x16 devices at 0x0 in 32-bit bank. Manufacturer ID 0x000000 Chip ID 0x000000
[   15.138003] Intel/Sharp Extended Query Table at 0x0031
[   15.140394] Using buffer write method
[   15.140847] erase region 0: offset=0x0,size=0x40000,blocks=256
[   15.148595] 0.flash: Found 2 x16 devices at 0x0 in 32-bit bank. Manufacturer ID 0x000000 Chip ID 0x000000
[   15.148850] Intel/Sharp Extended Query Table at 0x0031
[   15.149636] Using buffer write method
[   15.149755] erase region 0: offset=0x0,size=0x40000,blocks=256
[   15.149972] Concatenating MTD devices:
[   15.150075] (0): "0.flash"
[   15.150146] (1): "0.flash"
[   15.150211] into device "0.flash"
[   15.161557] [nandsim] warning: read_byte: unexpected data output cycle, state is STATE_READY return 0x0
[   15.161795] [nandsim] warning: read_byte: unexpected data output cycle, state is STATE_READY return 0x0
[   15.161970] [nandsim] warning: read_byte: unexpected data output cycle, state is STATE_READY return 0x0
[   15.162141] [nandsim] warning: read_byte: unexpected data output cycle, state is STATE_READY return 0x0
[   15.162310] [nandsim] warning: read_byte: unexpected data output cycle, state is STATE_READY return 0x0
[   15.162480] [nandsim] warning: read_byte: unexpected data output cycle, state is STATE_READY return 0x0
[   15.162898] nand: device found, Manufacturer ID: 0x98, Chip ID: 0x39
[   15.163045] nand: Toshiba NAND 128MiB 1,8V 8-bit
[   15.163168] nand: 128 MiB, SLC, erase size: 16 KiB, page size: 512, OOB size: 16
[   15.164074] flash size: 128 MiB
[   15.164158] page size: 512 bytes
[   15.164232] OOB area size: 16 bytes
[   15.164310] sector size: 16 KiB
[   15.164381] pages number: 262144
[   15.164460] pages per sector: 32
[   15.164553] bus width: 8
[   15.164613] bits in sector size: 14
[   15.164691] bits in page size: 9
[   15.164767] bits in OOB size: 4
[   15.164844] flash size with OOB: 135168 KiB
[   15.164932] page address bytes: 4
[   15.165004] sector address bytes: 3
[   15.165081] options: 0x42
[   18.648752] Scanning device for bad blocks
[   19.332714] cfg80211: Calling CRDA to update world regulatory domain
[   19.333838] firmadyne: do_execve: /firmadyne/console
[   19.334044] OFFSETS: offset of pid: 0x190 offset of comm: 0x270
[   19.334532] Creating 11 MTD partitions on "NAND 128MiB 1,8V 8-bit":
[   19.334946] 0x000000000000-0x000000100000 : "NAND simulator partition 0"
[   19.337350] 0x000000100000-0x000000200000 : "NAND simulator partition 1"
[   19.338789] 0x000000200000-0x000000300000 : "NAND simulator partition 2"
[   19.340196] 0x000000300000-0x000000400000 : "NAND simulator partition 3"
[   19.341699] 0x000000400000-0x000000500000 : "NAND simulator partition 4"
[   19.343168] 0x000000500000-0x000000600000 : "NAND simulator partition 5"
[   19.344678] 0x000000600000-0x000000700000 : "NAND simulator partition 6"
[   19.346296] 0x000000700000-0x000000800000 : "NAND simulator partition 7"
[   19.347807] 0x000000800000-0x000000900000 : "NAND simulator partition 8"
[   19.349356] 0x000000900000-0x000000a00000 : "NAND simulator partition 9"
[   19.350817] 0x000000a00000-0x000008000000 : "NAND simulator partition 10"
[   19.356440] tun: Universal TUN/TAP device driver, 1.6
[   19.356572] tun: (C) 1999-2004 Max Krasnyansky <maxk@qualcomm.com>
