>> Database Image ID: 126

/home/zhumengfan/firmware/firmwares/b8ff937b5dafdc9840f721fa7f3aadf23da3b3a9.ZIP
>> MD5: 170b61b38906328282b20d3638fae3e0
>> Tag: 126
>> Temp: /tmp/tmpDnDBdu
>> Status: Kernel: True, Rootfs: False, Do_Kernel: False,                 Do_Rootfs: True
>>>> Zip archive data, at least v2.0 to extract, compressed size: 7917238, uncompressed size: 7949136, name: R1.00.013/DGS-1500-52 FW R1.00.013.hex
>> Recursing into archive ...
	
/tmp/tmpDnDBdu/_b8ff937b5dafdc9840f721fa7f3aadf23da3b3a9.ZIP.extracted/R1.00.013/DGS-1500-52 FW R1.00.013.hex
	>> MD5: 55d330d4f69f9710c192dd53e7939e93
	>> Tag: 126
	>> Temp: /tmp/tmpucmFFO
	>> Status: Kernel: True, Rootfs: False, Do_Kernel: False,                 Do_Rootfs: True
	>>>> Squashfs filesystem, little endian, version 3.1, size: 6666745 bytes, 216 inodes, blocksize: 131072 bytes, created: 2011-06-30 13:51:45
	>>>> Found Linux filesystem in /tmp/tmpucmFFO/_DGS-1500-52 FW R1.00.013.hex.extracted/squashfs-root!
	>> Skipping: completed!
	>> Cleaning up /tmp/tmpucmFFO...
>> Skipping: completed!
>> Cleaning up /tmp/tmpDnDBdu...
./bin/busybox: armel
Querying database for architecture... armel
----Running----
----Copying Filesystem Tarball----
----Creating QEMU Image----
Formatting '/home/zhumengfan/firmadyne//scratch//126//image.raw', fmt=raw size=1073741824
----Creating Partition Table----

Welcome to fdisk (util-linux 2.27.1).
Changes will remain in memory only, until you decide to write them.
Be careful before using the write command.

Device does not contain a recognized partition table.
Created a new DOS disklabel with disk identifier 0xcb4ac0a8.

Command (m for help): Created a new DOS disklabel with disk identifier 0x7f97f184.

Command (m for help): Partition type
   p   primary (0 primary, 0 extended, 4 free)
   e   extended (container for logical partitions)
Select (default p): Partition number (1-4, default 1): First sector (2048-2097151, default 2048): Last sector, +sectors or +size{K,M,G,T,P} (2048-2097151, default 2097151): 
Created a new partition 1 of type 'Linux' and of size 1023 MiB.

Command (m for help): The partition table has been altered.
Syncing disks.

----Mounting QEMU Image----
add map loop0p1 (252:0): 0 2095104 linear 7:0 2048
----Creating Filesystem----
mke2fs 1.42.13 (17-May-2015)
Discarding device blocks:   4096/261888             done                            
Creating filesystem with 261888 4k blocks and 65536 inodes
Filesystem UUID: ceaf9c1b-6dfa-4d06-a321-35cc909ca66a
Superblock backups stored on blocks: 
	32768, 98304, 163840, 229376

Allocating group tables: 0/8   done                            
Writing inode tables: 0/8   done                            
Writing superblocks and filesystem accounting information: 0/8   done

----Making QEMU Image Mountpoint----
----Mounting QEMU Image Partition 1----
----Extracting Filesystem Tarball----
----Creating FIRMADYNE Directories----
----Patching Filesystem (chroot)----
Creating /etc/TZ!
Creating /etc/hosts!
Warning: Recreating device nodes!
mkdir: can't create directory '/dev/mtd': No such file or directory
mknod: /dev/mtd/0: No such file or directory
mknod: /dev/mtd/1: No such file or directory
mknod: /dev/mtd/2: No such file or directory
mknod: /dev/mtd/3: No such file or directory
mknod: /dev/mtd/4: No such file or directory
mknod: /dev/mtd/5: No such file or directory
mknod: /dev/mtd/6: No such file or directory
mknod: /dev/mtd/7: No such file or directory
mknod: /dev/mtd/8: No such file or directory
mknod: /dev/mtd/9: No such file or directory
mknod: /dev/mtd/10: No such file or directory
Removing /etc/scripts/sys_resetbutton!
----Setting up FIRMADYNE----
----Unmounting QEMU Image----
loop deleted : /dev/loop0
Querying database for architecture... armel
Running firmware 126: terminating after 60 secs...
qemu-system-arm: terminating on signal 2 from pid 129542 (timeout)
Inferring network...
Interfaces: []
Done!
[    0.000000] Booting Linux on physical CPU 0x0
[    0.000000] Linux version 4.1.17+ (vagrant@vagrant-ubuntu-trusty-64) (gcc version 5.3.0 (GCC) ) #1 Thu Feb 18 01:05:21 UTC 2016
[    0.000000] CPU: ARMv7 Processor [412fc0f1] revision 1 (ARMv7), cr=10c5387d
[    0.000000] CPU: PIPT / VIPT nonaliasing data cache, PIPT instruction cache
[    0.000000] Machine model: linux,dummy-virt
[    0.000000] debug: ignoring loglevel setting.
[    0.000000] Memory policy: Data cache writeback
[    0.000000] On node 0 totalpages: 65536
[    0.000000] free_area_init_node: node 0, pgdat c061dfe8, node_mem_map cfdf9000
[    0.000000]   Normal zone: 512 pages used for memmap
[    0.000000]   Normal zone: 0 pages reserved
[    0.000000]   Normal zone: 65536 pages, LIFO batch:15
[    0.000000] psci: probing for conduit method from DT.
[    0.000000] psci: PSCIv0.2 detected in firmware.
[    0.000000] psci: Using standard PSCI v0.2 function IDs
[    0.000000] CPU: All CPU(s) started in SVC mode.
[    0.000000] pcpu-alloc: s0 r0 d32768 u32768 alloc=1*32768
[    0.000000] pcpu-alloc: [0] 0 
[    0.000000] Built 1 zonelists in Zone order, mobility grouping on.  Total pages: 65024
[    0.000000] Kernel command line: firmadyne.syscall=1 root=/dev/vda1 console=ttyS0 nandsim.parts=64,64,64,64,64,64,64,64,64,64 rdinit=/firmadyne/preInit.sh rw debug ignore_loglevel print-fatal-signals=1 user_debug=31
[    0.000000] PID hash table entries: 1024 (order: 0, 4096 bytes)
[    0.000000] Dentry cache hash table entries: 32768 (order: 5, 131072 bytes)
[    0.000000] Inode-cache hash table entries: 16384 (order: 4, 65536 bytes)
[    0.000000] Memory: 253340K/262144K available (4297K kernel code, 170K rwdata, 1584K rodata, 180K init, 148K bss, 8804K reserved, 0K cma-reserved)
[    0.000000] Virtual kernel memory layout:
[    0.000000]     vector  : 0xffff0000 - 0xffff1000   (   4 kB)
[    0.000000]     fixmap  : 0xffc00000 - 0xfff00000   (3072 kB)
[    0.000000]     vmalloc : 0xd0800000 - 0xff000000   ( 744 MB)
[    0.000000]     lowmem  : 0xc0000000 - 0xd0000000   ( 256 MB)
[    0.000000]     modules : 0xbf000000 - 0xc0000000   (  16 MB)
[    0.000000]       .text : 0xc0008000 - 0xc05c67bc   (5882 kB)
[    0.000000]       .init : 0xc05c7000 - 0xc05f4000   ( 180 kB)
[    0.000000]       .data : 0xc05f4000 - 0xc061e840   ( 171 kB)
[    0.000000]        .bss : 0xc0621000 - 0xc06462d4   ( 149 kB)
[    0.000000] NR_IRQS:16 nr_irqs:16 16
[    0.000000] Architected cp15 timer(s) running at 62.50MHz (virt).
[    0.000000] clocksource arch_sys_counter: mask: 0xffffffffffffff max_cycles: 0x1cd42e208c, max_idle_ns: 881590405314 ns
[    0.000159] sched_clock: 56 bits at 62MHz, resolution 16ns, wraps every 4398046511096ns
[    0.000304] Switching to timer-based delay loop, resolution 16ns
[    0.003469] Console: colour dummy device 80x30
[    0.003814] Calibrating delay loop (skipped), value calculated using timer frequency.. 125.00 BogoMIPS (lpj=625000)
[    0.003956] pid_max: default: 32768 minimum: 301
[    0.004878] Mount-cache hash table entries: 1024 (order: 0, 4096 bytes)
[    0.004918] Mountpoint-cache hash table entries: 1024 (order: 0, 4096 bytes)
[    0.278045] CPU: Testing write buffer coherency: ok
[    0.284289] Setting up static identity map for 0x40008240 - 0x40008298
[    0.299541] VFP support v0.3: implementor 41 architecture 4 part 30 variant f rev 0
[    0.311575] clocksource jiffies: mask: 0xffffffff max_cycles: 0xffffffff, max_idle_ns: 19112604462750000 ns
[    1.806322] NET: Registered protocol family 16
[    1.809573] DMA: preallocated 256 KiB pool for atomic coherent allocations
[    1.813768] cpuidle: using governor ladder
[    1.813927] cpuidle: using governor menu
[    1.834496] Serial: AMBA PL011 UART driver
[    1.836684] 9000000.pl011: ttyS0 at MMIO 0x9000000 (irq = 54, base_baud = 0) is a PL011 rev1
[    1.844239] console [ttyS0] enabled
[    1.866339] vgaarb: loaded
[    3.308579] SCSI subsystem initialized
[    3.309786] usbcore: registered new interface driver usbfs
[    3.310134] usbcore: registered new interface driver hub
[    3.310502] usbcore: registered new device driver usb
[    3.320036] cfg80211: Calling CRDA to update world regulatory domain
[    3.322337] Switched to clocksource arch_sys_counter
[    3.340090] NET: Registered protocol family 2
[    3.345545] TCP established hash table entries: 2048 (order: 1, 8192 bytes)
[    3.345801] TCP bind hash table entries: 2048 (order: 1, 8192 bytes)
[    3.346106] TCP: Hash tables configured (established 2048 bind 2048)
[    3.346629] UDP hash table entries: 256 (order: 0, 4096 bytes)
[    3.346879] UDP-Lite hash table entries: 256 (order: 0, 4096 bytes)
[    3.348323] NET: Registered protocol family 1
[    3.348772] PCI: CLS 0 bytes, default 64
[    3.356011] NetWinder Floating Point Emulator V0.97 (extended precision)
[    3.358616] futex hash table entries: 256 (order: -1, 3072 bytes)
[    3.364167] squashfs: version 4.0 (2009/01/31) Phillip Lougher
[    3.365222] jffs2: version 2.2. (NAND) © 2001-2006 Red Hat, Inc.
[    3.366017] romfs: ROMFS MTD (C) 2007 Red Hat, Inc.
[    5.458070] Block layer SCSI generic (bsg) driver version 0.4 loaded (major 253)
[    5.458436] io scheduler noop registered
[    5.458665] io scheduler cfq registered (default)
[    5.459340] firmadyne: devfs: 1, execute: 1, procfs: 1, syscall: 1
[    5.460683] ------------[ cut here ]------------
[    5.460890] WARNING: CPU: 0 PID: 1 at /home/vagrant/firmadyne-kernel/kernel-v4.1/fs/sysfs/dir.c:31 sysfs_warn_dup+0x50/0x6c()
[    5.461116] sysfs: cannot create duplicate filename '/class/gpio'
[    5.461278] Modules linked in:
[    5.461597] CPU: 0 PID: 1 Comm: swapper Not tainted 4.1.17+ #1
[    5.461734] Hardware name: Generic DT based system
[    5.462600] [<c001c99c>] (unwind_backtrace) from [<c0019d30>] (show_stack+0x10/0x14)
[    5.462883] [<c0019d30>] (show_stack) from [<c0024ab4>] (warn_slowpath_common+0x80/0xa8)
[    5.463083] [<c0024ab4>] (warn_slowpath_common) from [<c0024b08>] (warn_slowpath_fmt+0x2c/0x3c)
[    5.463316] [<c0024b08>] (warn_slowpath_fmt) from [<c00e363c>] (sysfs_warn_dup+0x50/0x6c)
[    5.463511] [<c00e363c>] (sysfs_warn_dup) from [<c00e3714>] (sysfs_create_dir_ns+0x74/0x84)
[    5.463693] [<c00e3714>] (sysfs_create_dir_ns) from [<c018e6ac>] (kobject_add_internal+0xb8/0x2ac)
[    5.463880] [<c018e6ac>] (kobject_add_internal) from [<c018e9a8>] (kset_register+0x1c/0x44)
[    5.464058] [<c018e9a8>] (kset_register) from [<c02090b4>] (__class_register+0xa8/0x198)
[    5.464232] [<c02090b4>] (__class_register) from [<c02091e4>] (__class_create+0x40/0x70)
[    5.464403] [<c02091e4>] (__class_create) from [<c01adf68>] (register_devfs_stubs+0x314/0xbb4)
[    5.464583] [<c01adf68>] (register_devfs_stubs) from [<c05d9b08>] (init_module+0x28/0xa4)
[    5.464790] [<c05d9b08>] (init_module) from [<c0009670>] (do_one_initcall+0x104/0x1b4)
[    5.464962] [<c0009670>] (do_one_initcall) from [<c05c7d08>] (kernel_init_freeable+0xf0/0x1b0)
[    5.465146] [<c05c7d08>] (kernel_init_freeable) from [<c040f28c>] (kernel_init+0x8/0xe4)
[    5.465314] [<c040f28c>] (kernel_init) from [<c0016da8>] (ret_from_fork+0x14/0x2c)
[    5.465569] ---[ end trace 56e8e96c27f3889c ]---
[    5.465764] ------------[ cut here ]------------
[    5.465876] WARNING: CPU: 0 PID: 1 at /home/vagrant/firmadyne-kernel/kernel-v4.1/lib/kobject.c:240 kobject_add_internal+0x240/0x2ac()
[    5.466092] kobject_add_internal failed for gpio with -EEXIST, don't try to register things with the same name in the same directory.
[    5.466303] Modules linked in:
[    5.466448] CPU: 0 PID: 1 Comm: swapper Tainted: G        W       4.1.17+ #1
[    5.466584] Hardware name: Generic DT based system
[    5.466702] [<c001c99c>] (unwind_backtrace) from [<c0019d30>] (show_stack+0x10/0x14)
[    5.466865] [<c0019d30>] (show_stack) from [<c0024ab4>] (warn_slowpath_common+0x80/0xa8)
[    5.467034] [<c0024ab4>] (warn_slowpath_common) from [<c0024b08>] (warn_slowpath_fmt+0x2c/0x3c)
[    5.467213] [<c0024b08>] (warn_slowpath_fmt) from [<c018e834>] (kobject_add_internal+0x240/0x2ac)
[    5.467409] [<c018e834>] (kobject_add_internal) from [<c018e9a8>] (kset_register+0x1c/0x44)
[    5.467583] [<c018e9a8>] (kset_register) from [<c02090b4>] (__class_register+0xa8/0x198)
[    5.467750] [<c02090b4>] (__class_register) from [<c02091e4>] (__class_create+0x40/0x70)
[    5.467917] [<c02091e4>] (__class_create) from [<c01adf68>] (register_devfs_stubs+0x314/0xbb4)
[    5.468096] [<c01adf68>] (register_devfs_stubs) from [<c05d9b08>] (init_module+0x28/0xa4)
[    5.468266] [<c05d9b08>] (init_module) from [<c0009670>] (do_one_initcall+0x104/0x1b4)
[    5.468432] [<c0009670>] (do_one_initcall) from [<c05c7d08>] (kernel_init_freeable+0xf0/0x1b0)
[    5.468607] [<c05c7d08>] (kernel_init_freeable) from [<c040f28c>] (kernel_init+0x8/0xe4)
[    5.468769] [<c040f28c>] (kernel_init) from [<c0016da8>] (ret_from_fork+0x14/0x2c)
[    5.468939] ---[ end trace 56e8e96c27f3889d ]---
[    5.469106] firmadyne: Cannot create device class: gpio!
[    5.470858] firmadyne: Cannot register character device: watchdog, 0xa, 0x82!
[    5.471040] firmadyne: Cannot register character device: wdt, 0xfd, 0x0!
[    5.553568] PCI host bridge /pcie@10000000 ranges:
[    5.554151]    IO 0x3eff0000..0x3effffff -> 0x00000000
[    5.554523]   MEM 0x10000000..0x3efeffff -> 0x10000000
[    5.554655]   MEM 0x8000000000..0xffffffffff -> 0x8000000000
[    5.555351] pci-host-generic 3f000000.pcie: resource collision: [mem 0x00000000-0xffffffff] conflicts with /pl011@9000000 [mem 0x09000000-0x09000fff]
[    5.556109] pci-host-generic: probe of 3f000000.pcie failed with error -16
[    5.569077] Non-volatile memory driver v1.3
[    7.655708] cfg80211: Calling CRDA to update world regulatory domain
[    7.674896] brd: module loaded
[    7.685265] loop: module loaded
[   11.202290]  vda: vda1
[   11.203332] cfg80211: Calling CRDA to update world regulatory domain
[   11.215577] 0.flash: Found 2 x16 devices at 0x0 in 32-bit bank. Manufacturer ID 0x000000 Chip ID 0x000000
[   11.216629] Intel/Sharp Extended Query Table at 0x0031
[   11.218075] Using buffer write method
[   11.219843] erase region 0: offset=0x0,size=0x40000,blocks=256
[   11.227908] 0.flash: Found 2 x16 devices at 0x0 in 32-bit bank. Manufacturer ID 0x000000 Chip ID 0x000000
[   11.228324] Intel/Sharp Extended Query Table at 0x0031
[   11.229618] Using buffer write method
[   11.229814] erase region 0: offset=0x0,size=0x40000,blocks=256
[   11.230152] Concatenating MTD devices:
[   11.230326] (0): "0.flash"
[   11.230448] (1): "0.flash"
[   11.230551] into device "0.flash"
[   11.249700] [nandsim] warning: read_byte: unexpected data output cycle, state is STATE_READY return 0x0
[   11.250092] [nandsim] warning: read_byte: unexpected data output cycle, state is STATE_READY return 0x0
[   11.250369] [nandsim] warning: read_byte: unexpected data output cycle, state is STATE_READY return 0x0
[   11.250644] [nandsim] warning: read_byte: unexpected data output cycle, state is STATE_READY return 0x0
[   11.250915] [nandsim] warning: read_byte: unexpected data output cycle, state is STATE_READY return 0x0
[   11.251184] [nandsim] warning: read_byte: unexpected data output cycle, state is STATE_READY return 0x0
[   11.251870] nand: device found, Manufacturer ID: 0x98, Chip ID: 0x39
[   11.252376] nand: Toshiba NAND 128MiB 1,8V 8-bit
[   11.252593] nand: 128 MiB, SLC, erase size: 16 KiB, page size: 512, OOB size: 16
[   11.254089] flash size: 128 MiB
[   11.254225] page size: 512 bytes
[   11.254344] OOB area size: 16 bytes
[   11.254478] sector size: 16 KiB
[   11.254598] pages number: 262144
[   11.254715] pages per sector: 32
[   11.254832] bus width: 8
[   11.254941] bits in sector size: 14
[   11.255073] bits in page size: 9
[   11.255196] bits in OOB size: 4
[   11.255320] flash size with OOB: 135168 KiB
[   11.255499] page address bytes: 4
[   11.255621] sector address bytes: 3
[   11.255752] options: 0x42
[   13.359130] Scanning device for bad blocks
[   13.466011] firmadyne: do_execve: /firmadyne/console
[   13.466232] OFFSETS: offset of pid: 0x190 offset of comm: 0x270
[   13.466719] Creating 11 MTD partitions on "NAND 128MiB 1,8V 8-bit":
[   13.467141] 0x000000000000-0x000000100000 : "NAND simulator partition 0"
[   13.469404] 0x000000100000-0x000000200000 : "NAND simulator partition 1"
[   13.470797] 0x000000200000-0x000000300000 : "NAND simulator partition 2"
[   13.472288] 0x000000300000-0x000000400000 : "NAND simulator partition 3"
[   13.473717] 0x000000400000-0x000000500000 : "NAND simulator partition 4"
[   13.475089] 0x000000500000-0x000000600000 : "NAND simulator partition 5"
[   13.476507] 0x000000600000-0x000000700000 : "NAND simulator partition 6"
[   13.478085] 0x000000700000-0x000000800000 : "NAND simulator partition 7"
[   13.479429] 0x000000800000-0x000000900000 : "NAND simulator partition 8"
[   13.480785] 0x000000900000-0x000000a00000 : "NAND simulator partition 9"
[   13.482256] 0x000000a00000-0x000008000000 : "NAND simulator partition 10"
[   13.487791] tun: Universal TUN/TAP device driver, 1.6
[   13.487918] tun: (C) 1999-2004 Max Krasnyansky <maxk@qualcomm.com>
[   17.689296] PPP generic driver version 2.4.2
[   17.690136] PPP BSD Compression module registered
[   17.690353] PPP Deflate Compression module registered
[   17.690584] PPP MPPE Compression module registered
[   17.690728] NET: Registered protocol family 24
[   17.691061] PPTP driver version 0.8.5
[   17.692139] cfg80211: Calling CRDA to update world regulatory domain
[   18.528772] usbcore: registered new interface driver usb-storage
[   18.532622] rtc-pl031 9010000.pl031: rtc core: registered pl031 as rtc0
[   18.533439] hidraw: raw HID events driver (C) Jiri Kosina
[   18.534004] usbcore: registered new interface driver usbhid
[   18.534136] usbhid: USB HID core driver
[   18.534641] Netfilter messages via NETLINK v0.30.
[   18.535338] nf_conntrack version 0.5.0 (3958 buckets, 15832 max)
[   18.536874] ctnetlink v0.93: registering with nfnetlink.
[   18.538346] ipip: IPv4 over IPv4 tunneling driver
[   18.540569] gre: GRE over IPv4 demultiplexor driver
[   18.540740] ip_gre: GRE over IPv4 tunneling driver
[   18.545568] ip_tables: (C) 2000-2006 Netfilter Core Team
[   18.547327] arp_tables: (C) 2002 David S. Miller
[   18.548514] Initializing XFRM netlink socket
[   18.549064] NET: Registered protocol family 10
[   19.638192] ip6_tables: (C) 2000-2006 Netfilter Core Team
[   19.639990] sit: IPv6 over IPv4 tunneling driver
[   19.644027] NET: Registered protocol family 17
[   19.644711] bridge: automatic filtering via arp/ip/ip6tables has been deprecated. Update your scripts to load br_netfilter if you need this.
[   19.645055] Bridge firewalling registered
[   19.645198] Ebtables v2.0 registered
[   19.646421] 8021q: 802.1Q VLAN Support v1.8
[   19.647087] Registering SWP/SWPB emulation handler
[   19.649980] rtc-pl031 9010000.pl031: setting system clock to 2018-07-19 12:45:10 UTC (1532004310)
[   19.661181] EXT4-fs (vda1): couldn't mount as ext3 due to feature incompatibilities
[   19.663219] EXT4-fs (vda1): mounting ext2 file system using the ext4 subsystem
[   19.674553] EXT4-fs (vda1): mounted filesystem without journal. Opts: (null)
[   19.675706] VFS: Mounted root (ext2 filesystem) on device 254:1.
[   19.694499] Freeing unused kernel memory: 180K (c05c7000 - c05f4000)
[   22.469798] cfg80211: Calling CRDA to update world regulatory domain
[   22.788541] firmadyne: sys_reboot[PID: 54 (init)]: magic1:fee1dead, magic2:28121969, cmd:0
[   22.810370] firmadyne: sys_socket[PID: 1 (init)]: family:1, type:2, protocol:0
[   22.820954] firmadyne: sys_socket[PID: 55 (init)]: family:1, type:2, protocol:0
[   25.700486] cfg80211: Calling CRDA to update world regulatory domain
[   29.380491] cfg80211: Calling CRDA to update world regulatory domain
[   33.591032] cfg80211: Calling CRDA to update world regulatory domain
[   33.610347] firmadyne: sys_socket[PID: 64 (telnetd)]: family:2, type:1, protocol:0
[   33.616888] firmadyne: sys_setsockopt[PID: 64 (telnetd)]: fd:3, level:1, optname:2
[   33.618030] firmadyne: inet_bind[PID: 64 (telnetd)]: proto:SOCK_STREAM, port:23
[   36.783947] cfg80211: Calling CRDA to update world regulatory domain
Using /lib/modules/mvKernelExt.ko
insmod: kernel-module version mismatch
	/lib/modules/mvKernelExt.ko was compiled for kernel version 
	while this kernel is version 4.1.17+.
Using /lib/modules/mvPpDrv.ko
insmod: kernel-module version mismatch
	/lib/modules/mvPpDrv.ko was compiled for kernel version 
	while this kernel is version 4.1.17+.
[   41.367913] cfg80211: Calling CRDA to update world regulatory domain
Fri May 23 14:32:00 UTC 2008
[   41.405771] firmadyne: sys_socket[PID: 72 (ifconfig)]: family:2, type:2, protocol:0
[   41.407661] firmadyne: __inet_insert_ifa[PID: 72 (ifconfig)]: device:lo ifa:0x0100007f
[   41.412792] firmadyne: __inet_insert_ifa[PID: 72 (ifconfig)]: device:lo ifa:0x0100007f
Starting firmware emulation... use Ctrl-a + x to exit
qemu-system-arm: terminating on signal 2 from pid 129691 (timeout)
[    0.000000] Booting Linux on physical CPU 0x0
[    0.000000] Linux version 4.1.17+ (vagrant@vagrant-ubuntu-trusty-64) (gcc version 5.3.0 (GCC) ) #1 Thu Feb 18 01:05:21 UTC 2016
[    0.000000] CPU: ARMv7 Processor [412fc0f1] revision 1 (ARMv7), cr=10c5387d
[    0.000000] CPU: PIPT / VIPT nonaliasing data cache, PIPT instruction cache
[    0.000000] Machine model: linux,dummy-virt
[    0.000000] debug: ignoring loglevel setting.
[    0.000000] Memory policy: Data cache writeback
[    0.000000] On node 0 totalpages: 65536
[    0.000000] free_area_init_node: node 0, pgdat c061dfe8, node_mem_map cfdf9000
[    0.000000]   Normal zone: 512 pages used for memmap
[    0.000000]   Normal zone: 0 pages reserved
[    0.000000]   Normal zone: 65536 pages, LIFO batch:15
[    0.000000] psci: probing for conduit method from DT.
[    0.000000] psci: PSCIv0.2 detected in firmware.
[    0.000000] psci: Using standard PSCI v0.2 function IDs
[    0.000000] CPU: All CPU(s) started in SVC mode.
[    0.000000] pcpu-alloc: s0 r0 d32768 u32768 alloc=1*32768
[    0.000000] pcpu-alloc: [0] 0 
[    0.000000] Built 1 zonelists in Zone order, mobility grouping on.  Total pages: 65024
[    0.000000] Kernel command line: root=/dev/vda1 console=ttyS0 nandsim.parts=64,64,64,64,64,64,64,64,64,64 rdinit=/firmadyne/preInit.sh rw debug ignore_loglevel print-fatal-signals=1 user_debug=31 firmadyne.syscall=0
[    0.000000] PID hash table entries: 1024 (order: 0, 4096 bytes)
[    0.000000] Dentry cache hash table entries: 32768 (order: 5, 131072 bytes)
[    0.000000] Inode-cache hash table entries: 16384 (order: 4, 65536 bytes)
[    0.000000] Memory: 253340K/262144K available (4297K kernel code, 170K rwdata, 1584K rodata, 180K init, 148K bss, 8804K reserved, 0K cma-reserved)
[    0.000000] Virtual kernel memory layout:
[    0.000000]     vector  : 0xffff0000 - 0xffff1000   (   4 kB)
[    0.000000]     fixmap  : 0xffc00000 - 0xfff00000   (3072 kB)
[    0.000000]     vmalloc : 0xd0800000 - 0xff000000   ( 744 MB)
[    0.000000]     lowmem  : 0xc0000000 - 0xd0000000   ( 256 MB)
[    0.000000]     modules : 0xbf000000 - 0xc0000000   (  16 MB)
[    0.000000]       .text : 0xc0008000 - 0xc05c67bc   (5882 kB)
[    0.000000]       .init : 0xc05c7000 - 0xc05f4000   ( 180 kB)
[    0.000000]       .data : 0xc05f4000 - 0xc061e840   ( 171 kB)
[    0.000000]        .bss : 0xc0621000 - 0xc06462d4   ( 149 kB)
[    0.000000] NR_IRQS:16 nr_irqs:16 16
[    0.000000] Architected cp15 timer(s) running at 62.50MHz (virt).
[    0.000000] clocksource arch_sys_counter: mask: 0xffffffffffffff max_cycles: 0x1cd42e208c, max_idle_ns: 881590405314 ns
[    0.000161] sched_clock: 56 bits at 62MHz, resolution 16ns, wraps every 4398046511096ns
[    0.000312] Switching to timer-based delay loop, resolution 16ns
[    0.003514] Console: colour dummy device 80x30
[    0.003873] Calibrating delay loop (skipped), value calculated using timer frequency.. 125.00 BogoMIPS (lpj=625000)
[    0.004016] pid_max: default: 32768 minimum: 301
[    0.005010] Mount-cache hash table entries: 1024 (order: 0, 4096 bytes)
[    0.005056] Mountpoint-cache hash table entries: 1024 (order: 0, 4096 bytes)
[    0.014660] CPU: Testing write buffer coherency: ok
[    2.173547] Setting up static identity map for 0x40008240 - 0x40008298
[    2.189986] VFP support v0.3: implementor 41 architecture 4 part 30 variant f rev 0
[    2.202880] clocksource jiffies: mask: 0xffffffff max_cycles: 0xffffffff, max_idle_ns: 19112604462750000 ns
[    3.271084] NET: Registered protocol family 16
[    3.274489] DMA: preallocated 256 KiB pool for atomic coherent allocations
[    3.279019] cpuidle: using governor ladder
[    3.279200] cpuidle: using governor menu
[    3.300663] Serial: AMBA PL011 UART driver
[    3.302931] 9000000.pl011: ttyS0 at MMIO 0x9000000 (irq = 54, base_baud = 0) is a PL011 rev1
[    3.310644] console [ttyS0] enabled
[    3.333813] vgaarb: loaded
[    3.335372] SCSI subsystem initialized
[    3.336474] usbcore: registered new interface driver usbfs
[    3.336833] usbcore: registered new interface driver hub
[    3.337176] usbcore: registered new device driver usb
[    4.597129] cfg80211: Calling CRDA to update world regulatory domain
[    4.599445] Switched to clocksource arch_sys_counter
[    4.617146] NET: Registered protocol family 2
[    4.622495] TCP established hash table entries: 2048 (order: 1, 8192 bytes)
[    4.622765] TCP bind hash table entries: 2048 (order: 1, 8192 bytes)
[    4.623091] TCP: Hash tables configured (established 2048 bind 2048)
[    4.623614] UDP hash table entries: 256 (order: 0, 4096 bytes)
[    4.623895] UDP-Lite hash table entries: 256 (order: 0, 4096 bytes)
[    4.625303] NET: Registered protocol family 1
[    4.625751] PCI: CLS 0 bytes, default 64
[    4.632983] NetWinder Floating Point Emulator V0.97 (extended precision)
[    4.635593] futex hash table entries: 256 (order: -1, 3072 bytes)
[    4.641024] squashfs: version 4.0 (2009/01/31) Phillip Lougher
[    4.642035] jffs2: version 2.2. (NAND) © 2001-2006 Red Hat, Inc.
[    4.642823] romfs: ROMFS MTD (C) 2007 Red Hat, Inc.
[    5.496904] Block layer SCSI generic (bsg) driver version 0.4 loaded (major 253)
[    5.497238] io scheduler noop registered
[    5.497466] io scheduler cfq registered (default)
[    5.498132] firmadyne: devfs: 1, execute: 1, procfs: 1, syscall: 0
[    5.499895] ------------[ cut here ]------------
[    5.500106] WARNING: CPU: 0 PID: 1 at /home/vagrant/firmadyne-kernel/kernel-v4.1/fs/sysfs/dir.c:31 sysfs_warn_dup+0x50/0x6c()
[    5.500335] sysfs: cannot create duplicate filename '/class/gpio'
[    5.500498] Modules linked in:
[    5.500810] CPU: 0 PID: 1 Comm: swapper Not tainted 4.1.17+ #1
[    5.500947] Hardware name: Generic DT based system
[    5.501621] [<c001c99c>] (unwind_backtrace) from [<c0019d30>] (show_stack+0x10/0x14)
[    5.501894] [<c0019d30>] (show_stack) from [<c0024ab4>] (warn_slowpath_common+0x80/0xa8)
[    5.502092] [<c0024ab4>] (warn_slowpath_common) from [<c0024b08>] (warn_slowpath_fmt+0x2c/0x3c)
[    5.502327] [<c0024b08>] (warn_slowpath_fmt) from [<c00e363c>] (sysfs_warn_dup+0x50/0x6c)
[    5.502505] [<c00e363c>] (sysfs_warn_dup) from [<c00e3714>] (sysfs_create_dir_ns+0x74/0x84)
[    5.502687] [<c00e3714>] (sysfs_create_dir_ns) from [<c018e6ac>] (kobject_add_internal+0xb8/0x2ac)
[    5.502874] [<c018e6ac>] (kobject_add_internal) from [<c018e9a8>] (kset_register+0x1c/0x44)
[    5.503051] [<c018e9a8>] (kset_register) from [<c02090b4>] (__class_register+0xa8/0x198)
[    5.503226] [<c02090b4>] (__class_register) from [<c02091e4>] (__class_create+0x40/0x70)
[    5.503406] [<c02091e4>] (__class_create) from [<c01adf68>] (register_devfs_stubs+0x314/0xbb4)
[    5.503587] [<c01adf68>] (register_devfs_stubs) from [<c05d9b08>] (init_module+0x28/0xa4)
[    5.503790] [<c05d9b08>] (init_module) from [<c0009670>] (do_one_initcall+0x104/0x1b4)
[    5.503962] [<c0009670>] (do_one_initcall) from [<c05c7d08>] (kernel_init_freeable+0xf0/0x1b0)
[    5.504146] [<c05c7d08>] (kernel_init_freeable) from [<c040f28c>] (kernel_init+0x8/0xe4)
[    5.504315] [<c040f28c>] (kernel_init) from [<c0016da8>] (ret_from_fork+0x14/0x2c)
[    5.504563] ---[ end trace 48076f5cd0ca105a ]---
[    5.504755] ------------[ cut here ]------------
[    5.504868] WARNING: CPU: 0 PID: 1 at /home/vagrant/firmadyne-kernel/kernel-v4.1/lib/kobject.c:240 kobject_add_internal+0x240/0x2ac()
[    5.505084] kobject_add_internal failed for gpio with -EEXIST, don't try to register things with the same name in the same directory.
[    5.505293] Modules linked in:
[    5.505430] CPU: 0 PID: 1 Comm: swapper Tainted: G        W       4.1.17+ #1
[    5.505565] Hardware name: Generic DT based system
[    5.505682] [<c001c99c>] (unwind_backtrace) from [<c0019d30>] (show_stack+0x10/0x14)
[    5.505846] [<c0019d30>] (show_stack) from [<c0024ab4>] (warn_slowpath_common+0x80/0xa8)
[    5.506018] [<c0024ab4>] (warn_slowpath_common) from [<c0024b08>] (warn_slowpath_fmt+0x2c/0x3c)
[    5.506197] [<c0024b08>] (warn_slowpath_fmt) from [<c018e834>] (kobject_add_internal+0x240/0x2ac)
[    5.506388] [<c018e834>] (kobject_add_internal) from [<c018e9a8>] (kset_register+0x1c/0x44)
[    5.506559] [<c018e9a8>] (kset_register) from [<c02090b4>] (__class_register+0xa8/0x198)
[    5.506726] [<c02090b4>] (__class_register) from [<c02091e4>] (__class_create+0x40/0x70)
[    5.506893] [<c02091e4>] (__class_create) from [<c01adf68>] (register_devfs_stubs+0x314/0xbb4)
[    5.507072] [<c01adf68>] (register_devfs_stubs) from [<c05d9b08>] (init_module+0x28/0xa4)
[    5.507242] [<c05d9b08>] (init_module) from [<c0009670>] (do_one_initcall+0x104/0x1b4)
[    5.507416] [<c0009670>] (do_one_initcall) from [<c05c7d08>] (kernel_init_freeable+0xf0/0x1b0)
[    5.507592] [<c05c7d08>] (kernel_init_freeable) from [<c040f28c>] (kernel_init+0x8/0xe4)
[    5.507755] [<c040f28c>] (kernel_init) from [<c0016da8>] (ret_from_fork+0x14/0x2c)
[    5.507918] ---[ end trace 48076f5cd0ca105b ]---
[    5.508078] firmadyne: Cannot create device class: gpio!
[    5.509857] firmadyne: Cannot register character device: watchdog, 0xa, 0x82!
[    5.510033] firmadyne: Cannot register character device: wdt, 0xfd, 0x0!
[    5.589842] PCI host bridge /pcie@10000000 ranges:
[    5.590397]    IO 0x3eff0000..0x3effffff -> 0x00000000
[    5.590760]   MEM 0x10000000..0x3efeffff -> 0x10000000
[    5.590890]   MEM 0x8000000000..0xffffffffff -> 0x8000000000
[    5.591556] pci-host-generic 3f000000.pcie: resource collision: [mem 0x00000000-0xffffffff] conflicts with /pl011@9000000 [mem 0x09000000-0x09000fff]
[    5.592255] pci-host-generic: probe of 3f000000.pcie failed with error -16
[    5.603584] Non-volatile memory driver v1.3
[    7.652397] brd: module loaded
[    7.662310] loop: module loaded
[    8.552628] cfg80211: Calling CRDA to update world regulatory domain
[    8.557362]  vda: vda1
[   10.657246] 0.flash: Found 2 x16 devices at 0x0 in 32-bit bank. Manufacturer ID 0x000000 Chip ID 0x000000
[   10.657908] Intel/Sharp Extended Query Table at 0x0031
[   10.660468] Using buffer write method
[   10.660901] erase region 0: offset=0x0,size=0x40000,blocks=256
[   10.668300] 0.flash: Found 2 x16 devices at 0x0 in 32-bit bank. Manufacturer ID 0x000000 Chip ID 0x000000
[   10.668562] Intel/Sharp Extended Query Table at 0x0031
[   10.669552] Using buffer write method
[   10.669677] erase region 0: offset=0x0,size=0x40000,blocks=256
[   10.669899] Concatenating MTD devices:
[   10.670004] (0): "0.flash"
[   10.670077] (1): "0.flash"
[   10.670143] into device "0.flash"
[   10.681905] [nandsim] warning: read_byte: unexpected data output cycle, state is STATE_READY return 0x0
[   10.682147] [nandsim] warning: read_byte: unexpected data output cycle, state is STATE_READY return 0x0
[   10.682323] [nandsim] warning: read_byte: unexpected data output cycle, state is STATE_READY return 0x0
[   10.682493] [nandsim] warning: read_byte: unexpected data output cycle, state is STATE_READY return 0x0
[   10.682661] [nandsim] warning: read_byte: unexpected data output cycle, state is STATE_READY return 0x0
[   10.682830] [nandsim] warning: read_byte: unexpected data output cycle, state is STATE_READY return 0x0
[   10.683248] nand: device found, Manufacturer ID: 0x98, Chip ID: 0x39
[   10.683424] nand: Toshiba NAND 128MiB 1,8V 8-bit
[   10.683548] nand: 128 MiB, SLC, erase size: 16 KiB, page size: 512, OOB size: 16
[   10.684467] flash size: 128 MiB
[   10.684556] page size: 512 bytes
[   10.684631] OOB area size: 16 bytes
[   10.684710] sector size: 16 KiB
[   10.684782] pages number: 262144
[   10.684854] pages per sector: 32
[   10.684926] bus width: 8
[   10.684987] bits in sector size: 14
[   10.685063] bits in page size: 9
[   10.685139] bits in OOB size: 4
[   10.685218] flash size with OOB: 135168 KiB
[   10.685308] page address bytes: 4
[   10.685382] sector address bytes: 3
[   10.685459] options: 0x42
[   10.911297] Scanning device for bad blocks
[   11.017951] firmadyne: do_execve: /firmadyne/console
[   11.018172] OFFSETS: offset of pid: 0x190 offset of comm: 0x270
[   11.018649] Creating 11 MTD partitions on "NAND 128MiB 1,8V 8-bit":
[   11.019079] 0x000000000000-0x000000100000 : "NAND simulator partition 0"
[   11.021423] 0x000000100000-0x000000200000 : "NAND simulator partition 1"
[   11.022839] 0x000000200000-0x000000300000 : "NAND simulator partition 2"
[   11.024251] 0x000000300000-0x000000400000 : "NAND simulator partition 3"
[   11.025671] 0x000000400000-0x000000500000 : "NAND simulator partition 4"
[   11.027047] 0x000000500000-0x000000600000 : "NAND simulator partition 5"
[   11.028470] 0x000000600000-0x000000700000 : "NAND simulator partition 6"
[   11.030240] 0x000000700000-0x000000800000 : "NAND simulator partition 7"
[   11.031606] 0x000000800000-0x000000900000 : "NAND simulator partition 8"
[   11.033001] 0x000000900000-0x000000a00000 : "NAND simulator partition 9"
[   11.034398] 0x000000a00000-0x000008000000 : "NAND simulator partition 10"
[   11.040150] tun: Universal TUN/TAP device driver, 1.6
[   11.040295] tun: (C) 1999-2004 Max Krasnyansky <maxk@qualcomm.com>
[   14.033858] PPP generic driver version 2.4.2
[   14.034721] PPP BSD Compression module registered
[   14.034908] PPP Deflate Compression module registered
[   14.035167] PPP MPPE Compression module registered
[   14.035306] NET: Registered protocol family 24
[   14.035674] PPTP driver version 0.8.5
[   14.036552] cfg80211: Calling CRDA to update world regulatory domain
[   14.192404] usbcore: registered new interface driver usb-storage
[   14.195998] rtc-pl031 9010000.pl031: rtc core: registered pl031 as rtc0
[   14.196800] hidraw: raw HID events driver (C) Jiri Kosina
[   14.197367] usbcore: registered new interface driver usbhid
[   14.197501] usbhid: USB HID core driver
[   14.197993] Netfilter messages via NETLINK v0.30.
[   14.198666] nf_conntrack version 0.5.0 (3958 buckets, 15832 max)
[   14.200322] ctnetlink v0.93: registering with nfnetlink.
[   14.201786] ipip: IPv4 over IPv4 tunneling driver
[   14.203960] gre: GRE over IPv4 demultiplexor driver
[   14.204132] ip_gre: GRE over IPv4 tunneling driver
[   14.208816] ip_tables: (C) 2000-2006 Netfilter Core Team
[   14.210738] arp_tables: (C) 2002 David S. Miller
[   14.211851] Initializing XFRM netlink socket
[   14.212394] NET: Registered protocol family 10
[   16.318780] ip6_tables: (C) 2000-2006 Netfilter Core Team
[   16.320813] sit: IPv6 over IPv4 tunneling driver
[   16.324688] NET: Registered protocol family 17
[   16.325355] bridge: automatic filtering via arp/ip/ip6tables has been deprecated. Update your scripts to load br_netfilter if you need this.
[   16.325698] Bridge firewalling registered
[   16.325842] Ebtables v2.0 registered
[   16.327070] 8021q: 802.1Q VLAN Support v1.8
[   16.327810] Registering SWP/SWPB emulation handler
[   16.330762] rtc-pl031 9010000.pl031: setting system clock to 2018-07-19 12:46:15 UTC (1532004375)
[   16.341468] EXT4-fs (vda1): couldn't mount as ext3 due to feature incompatibilities
[   16.343622] EXT4-fs (vda1): mounting ext2 file system using the ext4 subsystem
[   16.352835] EXT4-fs (vda1): warning: mounting unchecked fs, running e2fsck is recommended
[   16.355789] EXT4-fs (vda1): mounted filesystem without journal. Opts: (null)
[   16.356920] VFS: Mounted root (ext2 filesystem) on device 254:1.
[   16.375673] Freeing unused kernel memory: 180K (c05c7000 - c05f4000)
[   18.920421] cfg80211: Calling CRDA to update world regulatory domain
[   21.054642] firmadyne: sys_reboot[PID: 54 (init)]: magic1:fee1dead, magic2:28121969, cmd:0
[   22.428375] cfg80211: Calling CRDA to update world regulatory domain
[   25.574174] cfg80211: Calling CRDA to update world regulatory domain
Using /lib/modules/mvKernelExt.ko
[   29.904620] cfg80211: Calling CRDA to update world regulatory domain
insmod: kernel-module version mismatch
	/lib/modules/mvKernelExt.ko was compiled for kernel version 
	while this kernel is version 4.1.17+.
Using /lib/modules/mvPpDrv.ko
insmod: kernel-module version mismatch
	/lib/modules/mvPpDrv.ko was compiled for kernel version 
	while this kernel is version 4.1.17+.
Fri May 23 14:32:00 UTC 2008
[   34.401032] cfg80211: Calling CRDA to update world regulatory domain


