>> Database Image ID: 182

/home/zhumengfan/firmware/firmwares/bb9a253b19003d6778e275b6acaaa6a87d56ae36.ZIP
>> MD5: 0d682ff9c1fed0b968a2e82b73a6e6ec
>> Tag: 182
>> Temp: /tmp/tmpAHSE3l
>> Status: Kernel: True, Rootfs: False, Do_Kernel: False,                 Do_Rootfs: True
>>>> Zip archive data, at least v2.0 to extract, compressed size: 7912330, uncompressed size: 7944880, name: R1.00.013/DGS-1500-28 FW R1.00.013.hex
>> Recursing into archive ...
	
/tmp/tmpAHSE3l/_bb9a253b19003d6778e275b6acaaa6a87d56ae36.ZIP.extracted/R1.00.013/DGS-1500-28 FW R1.00.013.hex
	>> MD5: 4ce02ef6710cf00e3b8b1f7166cd3771
	>> Tag: 182
	>> Temp: /tmp/tmp9bF7qS
	>> Status: Kernel: True, Rootfs: False, Do_Kernel: False,                 Do_Rootfs: True
	>>>> Squashfs filesystem, little endian, version 3.1, size: 6662059 bytes, 216 inodes, blocksize: 131072 bytes, created: 2011-06-30 13:59:23
	>>>> Found Linux filesystem in /tmp/tmp9bF7qS/_DGS-1500-28 FW R1.00.013.hex.extracted/squashfs-root!
	>> Skipping: completed!
	>> Cleaning up /tmp/tmp9bF7qS...
>> Skipping: completed!
>> Cleaning up /tmp/tmpAHSE3l...
./bin/busybox: armel
Querying database for architecture... armel
----Running----
----Copying Filesystem Tarball----
----Creating QEMU Image----
Formatting '/home/zhumengfan/firmadyne//scratch//182//image.raw', fmt=raw size=1073741824
----Creating Partition Table----

Welcome to fdisk (util-linux 2.27.1).
Changes will remain in memory only, until you decide to write them.
Be careful before using the write command.

Device does not contain a recognized partition table.
Created a new DOS disklabel with disk identifier 0x267052fe.

Command (m for help): Created a new DOS disklabel with disk identifier 0xaf169039.

Command (m for help): Partition type
   p   primary (0 primary, 0 extended, 4 free)
   e   extended (container for logical partitions)
Select (default p): Partition number (1-4, default 1): First sector (2048-2097151, default 2048): Last sector, +sectors or +size{K,M,G,T,P} (2048-2097151, default 2097151): 
Created a new partition 1 of type 'Linux' and of size 1023 MiB.

Command (m for help): The partition table has been altered.
Syncing disks.

----Mounting QEMU Image----
add map loop0p1 (252:0): 0 2095104 linear 7:0 2048
----Creating Filesystem----
mke2fs 1.42.13 (17-May-2015)
Discarding device blocks:   4096/261888             done                            
Creating filesystem with 261888 4k blocks and 65536 inodes
Filesystem UUID: a5550d62-6545-4995-b4da-9e06d8001bcb
Superblock backups stored on blocks: 
	32768, 98304, 163840, 229376

Allocating group tables: 0/8   done                            
Writing inode tables: 0/8   done                            
Writing superblocks and filesystem accounting information: 0/8   done

----Making QEMU Image Mountpoint----
----Mounting QEMU Image Partition 1----
----Extracting Filesystem Tarball----
----Creating FIRMADYNE Directories----
----Patching Filesystem (chroot)----
Creating /etc/TZ!
Creating /etc/hosts!
Warning: Recreating device nodes!
mkdir: can't create directory '/dev/mtd': No such file or directory
mknod: /dev/mtd/0: No such file or directory
mknod: /dev/mtd/1: No such file or directory
mknod: /dev/mtd/2: No such file or directory
mknod: /dev/mtd/3: No such file or directory
mknod: /dev/mtd/4: No such file or directory
mknod: /dev/mtd/5: No such file or directory
mknod: /dev/mtd/6: No such file or directory
mknod: /dev/mtd/7: No such file or directory
mknod: /dev/mtd/8: No such file or directory
mknod: /dev/mtd/9: No such file or directory
mknod: /dev/mtd/10: No such file or directory
Removing /etc/scripts/sys_resetbutton!
----Setting up FIRMADYNE----
----Unmounting QEMU Image----
loop deleted : /dev/loop0
Querying database for architecture... armel
Running firmware 182: terminating after 60 secs...
qemu-system-arm: terminating on signal 2 from pid 160366 (timeout)
Inferring network...
Interfaces: []
Done!
[    0.000000] Booting Linux on physical CPU 0x0
[    0.000000] Linux version 4.1.17+ (vagrant@vagrant-ubuntu-trusty-64) (gcc version 5.3.0 (GCC) ) #1 Thu Feb 18 01:05:21 UTC 2016
[    0.000000] CPU: ARMv7 Processor [412fc0f1] revision 1 (ARMv7), cr=10c5387d
[    0.000000] CPU: PIPT / VIPT nonaliasing data cache, PIPT instruction cache
[    0.000000] Machine model: linux,dummy-virt
[    0.000000] debug: ignoring loglevel setting.
[    0.000000] Memory policy: Data cache writeback
[    0.000000] On node 0 totalpages: 65536
[    0.000000] free_area_init_node: node 0, pgdat c061dfe8, node_mem_map cfdf9000
[    0.000000]   Normal zone: 512 pages used for memmap
[    0.000000]   Normal zone: 0 pages reserved
[    0.000000]   Normal zone: 65536 pages, LIFO batch:15
[    0.000000] psci: probing for conduit method from DT.
[    0.000000] psci: PSCIv0.2 detected in firmware.
[    0.000000] psci: Using standard PSCI v0.2 function IDs
[    0.000000] CPU: All CPU(s) started in SVC mode.
[    0.000000] pcpu-alloc: s0 r0 d32768 u32768 alloc=1*32768
[    0.000000] pcpu-alloc: [0] 0 
[    0.000000] Built 1 zonelists in Zone order, mobility grouping on.  Total pages: 65024
[    0.000000] Kernel command line: firmadyne.syscall=1 root=/dev/vda1 console=ttyS0 nandsim.parts=64,64,64,64,64,64,64,64,64,64 rdinit=/firmadyne/preInit.sh rw debug ignore_loglevel print-fatal-signals=1 user_debug=31
[    0.000000] PID hash table entries: 1024 (order: 0, 4096 bytes)
[    0.000000] Dentry cache hash table entries: 32768 (order: 5, 131072 bytes)
[    0.000000] Inode-cache hash table entries: 16384 (order: 4, 65536 bytes)
[    0.000000] Memory: 253340K/262144K available (4297K kernel code, 170K rwdata, 1584K rodata, 180K init, 148K bss, 8804K reserved, 0K cma-reserved)
[    0.000000] Virtual kernel memory layout:
[    0.000000]     vector  : 0xffff0000 - 0xffff1000   (   4 kB)
[    0.000000]     fixmap  : 0xffc00000 - 0xfff00000   (3072 kB)
[    0.000000]     vmalloc : 0xd0800000 - 0xff000000   ( 744 MB)
[    0.000000]     lowmem  : 0xc0000000 - 0xd0000000   ( 256 MB)
[    0.000000]     modules : 0xbf000000 - 0xc0000000   (  16 MB)
[    0.000000]       .text : 0xc0008000 - 0xc05c67bc   (5882 kB)
[    0.000000]       .init : 0xc05c7000 - 0xc05f4000   ( 180 kB)
[    0.000000]       .data : 0xc05f4000 - 0xc061e840   ( 171 kB)
[    0.000000]        .bss : 0xc0621000 - 0xc06462d4   ( 149 kB)
[    0.000000] NR_IRQS:16 nr_irqs:16 16
[    0.000000] Architected cp15 timer(s) running at 62.50MHz (virt).
[    0.000000] clocksource arch_sys_counter: mask: 0xffffffffffffff max_cycles: 0x1cd42e208c, max_idle_ns: 881590405314 ns
[    0.000158] sched_clock: 56 bits at 62MHz, resolution 16ns, wraps every 4398046511096ns
[    0.000299] Switching to timer-based delay loop, resolution 16ns
[    0.735888] Console: colour dummy device 80x30
[    0.736254] Calibrating delay loop (skipped), value calculated using timer frequency.. 125.00 BogoMIPS (lpj=625000)
[    0.736391] pid_max: default: 32768 minimum: 301
[    0.737307] Mount-cache hash table entries: 1024 (order: 0, 4096 bytes)
[    0.737346] Mountpoint-cache hash table entries: 1024 (order: 0, 4096 bytes)
[    0.744564] CPU: Testing write buffer coherency: ok
[    0.750636] Setting up static identity map for 0x40008240 - 0x40008298
[    0.765383] VFP support v0.3: implementor 41 architecture 4 part 30 variant f rev 0
[    3.056569] clocksource jiffies: mask: 0xffffffff max_cycles: 0xffffffff, max_idle_ns: 19112604462750000 ns
[    3.065878] NET: Registered protocol family 16
[    3.069026] DMA: preallocated 256 KiB pool for atomic coherent allocations
[    3.073145] cpuidle: using governor ladder
[    3.073302] cpuidle: using governor menu
[    3.093770] Serial: AMBA PL011 UART driver
[    3.095934] 9000000.pl011: ttyS0 at MMIO 0x9000000 (irq = 54, base_baud = 0) is a PL011 rev1
[    3.103440] console [ttyS0] enabled
[    5.478709] vgaarb: loaded
[    5.480282] SCSI subsystem initialized
[    5.481381] usbcore: registered new interface driver usbfs
[    5.481717] usbcore: registered new interface driver hub
[    5.482062] usbcore: registered new device driver usb
[    5.491566] cfg80211: Calling CRDA to update world regulatory domain
[    5.493911] Switched to clocksource arch_sys_counter
[    5.511808] NET: Registered protocol family 2
[    5.517364] TCP established hash table entries: 2048 (order: 1, 8192 bytes)
[    5.517647] TCP bind hash table entries: 2048 (order: 1, 8192 bytes)
[    5.517976] TCP: Hash tables configured (established 2048 bind 2048)
[    5.518531] UDP hash table entries: 256 (order: 0, 4096 bytes)
[    5.518777] UDP-Lite hash table entries: 256 (order: 0, 4096 bytes)
[    5.520272] NET: Registered protocol family 1
[    5.520750] PCI: CLS 0 bytes, default 64
[    7.883348] NetWinder Floating Point Emulator V0.97 (extended precision)
[    7.886419] futex hash table entries: 256 (order: -1, 3072 bytes)
[    7.892144] squashfs: version 4.0 (2009/01/31) Phillip Lougher
[    7.893232] jffs2: version 2.2. (NAND) © 2001-2006 Red Hat, Inc.
[    7.894187] romfs: ROMFS MTD (C) 2007 Red Hat, Inc.
[    7.903072] Block layer SCSI generic (bsg) driver version 0.4 loaded (major 253)
[    7.903429] io scheduler noop registered
[    7.903878] io scheduler cfq registered (default)
[    7.904563] firmadyne: devfs: 1, execute: 1, procfs: 1, syscall: 1
[    7.905909] ------------[ cut here ]------------
[    7.906112] WARNING: CPU: 0 PID: 1 at /home/vagrant/firmadyne-kernel/kernel-v4.1/fs/sysfs/dir.c:31 sysfs_warn_dup+0x50/0x6c()
[    7.906338] sysfs: cannot create duplicate filename '/class/gpio'
[    7.906496] Modules linked in:
[    7.906807] CPU: 0 PID: 1 Comm: swapper Not tainted 4.1.17+ #1
[    7.906945] Hardware name: Generic DT based system
[    7.907650] [<c001c99c>] (unwind_backtrace) from [<c0019d30>] (show_stack+0x10/0x14)
[    7.907928] [<c0019d30>] (show_stack) from [<c0024ab4>] (warn_slowpath_common+0x80/0xa8)
[    7.908124] [<c0024ab4>] (warn_slowpath_common) from [<c0024b08>] (warn_slowpath_fmt+0x2c/0x3c)
[    7.908359] [<c0024b08>] (warn_slowpath_fmt) from [<c00e363c>] (sysfs_warn_dup+0x50/0x6c)
[    7.908537] [<c00e363c>] (sysfs_warn_dup) from [<c00e3714>] (sysfs_create_dir_ns+0x74/0x84)
[    7.908718] [<c00e3714>] (sysfs_create_dir_ns) from [<c018e6ac>] (kobject_add_internal+0xb8/0x2ac)
[    7.908905] [<c018e6ac>] (kobject_add_internal) from [<c018e9a8>] (kset_register+0x1c/0x44)
[    7.909083] [<c018e9a8>] (kset_register) from [<c02090b4>] (__class_register+0xa8/0x198)
[    7.909257] [<c02090b4>] (__class_register) from [<c02091e4>] (__class_create+0x40/0x70)
[    7.909428] [<c02091e4>] (__class_create) from [<c01adf68>] (register_devfs_stubs+0x314/0xbb4)
[    7.909609] [<c01adf68>] (register_devfs_stubs) from [<c05d9b08>] (init_module+0x28/0xa4)
[    7.909809] [<c05d9b08>] (init_module) from [<c0009670>] (do_one_initcall+0x104/0x1b4)
[    7.909979] [<c0009670>] (do_one_initcall) from [<c05c7d08>] (kernel_init_freeable+0xf0/0x1b0)
[    7.910164] [<c05c7d08>] (kernel_init_freeable) from [<c040f28c>] (kernel_init+0x8/0xe4)
[    7.910332] [<c040f28c>] (kernel_init) from [<c0016da8>] (ret_from_fork+0x14/0x2c)
[    7.910594] ---[ end trace 302e988d65c95f2c ]---
[    7.910791] ------------[ cut here ]------------
[    7.910905] WARNING: CPU: 0 PID: 1 at /home/vagrant/firmadyne-kernel/kernel-v4.1/lib/kobject.c:240 kobject_add_internal+0x240/0x2ac()
[    7.911123] kobject_add_internal failed for gpio with -EEXIST, don't try to register things with the same name in the same directory.
[    7.911343] Modules linked in:
[    7.911488] CPU: 0 PID: 1 Comm: swapper Tainted: G        W       4.1.17+ #1
[    7.911623] Hardware name: Generic DT based system
[    7.911744] [<c001c99c>] (unwind_backtrace) from [<c0019d30>] (show_stack+0x10/0x14)
[    7.911909] [<c0019d30>] (show_stack) from [<c0024ab4>] (warn_slowpath_common+0x80/0xa8)
[    7.912079] [<c0024ab4>] (warn_slowpath_common) from [<c0024b08>] (warn_slowpath_fmt+0x2c/0x3c)
[    7.912258] [<c0024b08>] (warn_slowpath_fmt) from [<c018e834>] (kobject_add_internal+0x240/0x2ac)
[    7.912453] [<c018e834>] (kobject_add_internal) from [<c018e9a8>] (kset_register+0x1c/0x44)
[    7.912625] [<c018e9a8>] (kset_register) from [<c02090b4>] (__class_register+0xa8/0x198)
[    7.912793] [<c02090b4>] (__class_register) from [<c02091e4>] (__class_create+0x40/0x70)
[    7.912962] [<c02091e4>] (__class_create) from [<c01adf68>] (register_devfs_stubs+0x314/0xbb4)
[    7.913142] [<c01adf68>] (register_devfs_stubs) from [<c05d9b08>] (init_module+0x28/0xa4)
[    7.913312] [<c05d9b08>] (init_module) from [<c0009670>] (do_one_initcall+0x104/0x1b4)
[    7.913478] [<c0009670>] (do_one_initcall) from [<c05c7d08>] (kernel_init_freeable+0xf0/0x1b0)
[    7.913834] [<c05c7d08>] (kernel_init_freeable) from [<c040f28c>] (kernel_init+0x8/0xe4)
[    7.914008] [<c040f28c>] (kernel_init) from [<c0016da8>] (ret_from_fork+0x14/0x2c)
[    7.914183] ---[ end trace 302e988d65c95f2d ]---
[    7.914351] firmadyne: Cannot create device class: gpio!
[    7.916120] firmadyne: Cannot register character device: watchdog, 0xa, 0x82!
[    7.916298] firmadyne: Cannot register character device: wdt, 0xfd, 0x0!
[    7.997742] PCI host bridge /pcie@10000000 ranges:
[    7.998314]    IO 0x3eff0000..0x3effffff -> 0x00000000
[    7.998669]   MEM 0x10000000..0x3efeffff -> 0x10000000
[    7.998796]   MEM 0x8000000000..0xffffffffff -> 0x8000000000
[    7.999473] pci-host-generic 3f000000.pcie: resource collision: [mem 0x00000000-0xffffffff] conflicts with /pl011@9000000 [mem 0x09000000-0x09000fff]
[    8.000165] pci-host-generic: probe of 3f000000.pcie failed with error -16
[    8.011595] Non-volatile memory driver v1.3
[    9.066531] cfg80211: Calling CRDA to update world regulatory domain
[   10.257830] brd: module loaded
[   10.268043] loop: module loaded
[   11.799842]  vda: vda1
[   11.811628] 0.flash: Found 2 x16 devices at 0x0 in 32-bit bank. Manufacturer ID 0x000000 Chip ID 0x000000
[   11.812240] Intel/Sharp Extended Query Table at 0x0031
[   11.813394] Using buffer write method
[   11.813920] erase region 0: offset=0x0,size=0x40000,blocks=256
[   11.820923] 0.flash: Found 2 x16 devices at 0x0 in 32-bit bank. Manufacturer ID 0x000000 Chip ID 0x000000
[   11.821141] Intel/Sharp Extended Query Table at 0x0031
[   11.821861] Using buffer write method
[   11.821972] erase region 0: offset=0x0,size=0x40000,blocks=256
[   11.823364] Concatenating MTD devices:
[   11.823477] (0): "0.flash"
[   11.823549] (1): "0.flash"
[   11.823735] into device "0.flash"
[   11.834760] [nandsim] warning: read_byte: unexpected data output cycle, state is STATE_READY return 0x0
[   11.834972] [nandsim] warning: read_byte: unexpected data output cycle, state is STATE_READY return 0x0
[   11.835147] [nandsim] warning: read_byte: unexpected data output cycle, state is STATE_READY return 0x0
[   11.835328] [nandsim] warning: read_byte: unexpected data output cycle, state is STATE_READY return 0x0
[   11.835499] [nandsim] warning: read_byte: unexpected data output cycle, state is STATE_READY return 0x0
[   11.835668] [nandsim] warning: read_byte: unexpected data output cycle, state is STATE_READY return 0x0
[   11.836076] nand: device found, Manufacturer ID: 0x98, Chip ID: 0x39
[   11.836220] nand: Toshiba NAND 128MiB 1,8V 8-bit
[   11.836340] nand: 128 MiB, SLC, erase size: 16 KiB, page size: 512, OOB size: 16
[   11.837224] flash size: 128 MiB
[   11.837310] page size: 512 bytes
[   11.837383] OOB area size: 16 bytes
[   11.837460] sector size: 16 KiB
[   11.837531] pages number: 262144
[   11.837602] pages per sector: 32
[   11.837672] bus width: 8
[   11.837731] bits in sector size: 14
[   11.837806] bits in page size: 9
[   11.837881] bits in OOB size: 4
[   11.837955] flash size with OOB: 135168 KiB
[   11.838044] page address bytes: 4
[   11.838116] sector address bytes: 3
[   11.838193] options: 0x42
[   14.150787] Scanning device for bad blocks
[   14.258983] cfg80211: Calling CRDA to update world regulatory domain
[   14.260051] firmadyne: do_execve: /firmadyne/console
[   14.260241] OFFSETS: offset of pid: 0x190 offset of comm: 0x270
[   14.260718] Creating 11 MTD partitions on "NAND 128MiB 1,8V 8-bit":
[   14.261125] 0x000000000000-0x000000100000 : "NAND simulator partition 0"
[   14.263314] 0x000000100000-0x000000200000 : "NAND simulator partition 1"
[   14.264806] 0x000000200000-0x000000300000 : "NAND simulator partition 2"
[   14.266171] 0x000000300000-0x000000400000 : "NAND simulator partition 3"
[   14.267577] 0x000000400000-0x000000500000 : "NAND simulator partition 4"
[   14.268981] 0x000000500000-0x000000600000 : "NAND simulator partition 5"
[   14.270381] 0x000000600000-0x000000700000 : "NAND simulator partition 6"
[   14.272032] 0x000000700000-0x000000800000 : "NAND simulator partition 7"
[   14.273419] 0x000000800000-0x000000900000 : "NAND simulator partition 8"
[   14.274917] 0x000000900000-0x000000a00000 : "NAND simulator partition 9"
[   14.276408] 0x000000a00000-0x000008000000 : "NAND simulator partition 10"
[   14.281903] tun: Universal TUN/TAP device driver, 1.6
[   14.282028] tun: (C) 1999-2004 Max Krasnyansky <maxk@qualcomm.com>
[   18.359505] PPP generic driver version 2.4.2
[   18.360385] PPP BSD Compression module registered
[   18.360556] PPP Deflate Compression module registered
[   18.360805] PPP MPPE Compression module registered
[   18.360958] NET: Registered protocol family 24
[   18.361283] PPTP driver version 0.8.5
[   18.362336] cfg80211: Calling CRDA to update world regulatory domain
[   20.691892] usbcore: registered new interface driver usb-storage
[   20.695582] rtc-pl031 9010000.pl031: rtc core: registered pl031 as rtc0
[   20.696374] hidraw: raw HID events driver (C) Jiri Kosina
[   20.696930] usbcore: registered new interface driver usbhid
[   20.697061] usbhid: USB HID core driver
[   20.697546] Netfilter messages via NETLINK v0.30.
[   21.245175] nf_conntrack version 0.5.0 (3958 buckets, 15832 max)
[   21.246855] ctnetlink v0.93: registering with nfnetlink.
[   21.248413] ipip: IPv4 over IPv4 tunneling driver
[   21.250682] gre: GRE over IPv4 demultiplexor driver
[   21.250851] ip_gre: GRE over IPv4 tunneling driver
[   21.255583] ip_tables: (C) 2000-2006 Netfilter Core Team
[   21.257278] arp_tables: (C) 2002 David S. Miller
[   21.258335] Initializing XFRM netlink socket
[   21.258879] NET: Registered protocol family 10
[   21.266130] ip6_tables: (C) 2000-2006 Netfilter Core Team
[   21.267863] sit: IPv6 over IPv4 tunneling driver
[   21.271565] NET: Registered protocol family 17
[   21.272220] bridge: automatic filtering via arp/ip/ip6tables has been deprecated. Update your scripts to load br_netfilter if you need this.
[   21.272560] Bridge firewalling registered
[   21.272701] Ebtables v2.0 registered
[   21.274005] 8021q: 802.1Q VLAN Support v1.8
[   21.274662] Registering SWP/SWPB emulation handler
[   21.277477] rtc-pl031 9010000.pl031: setting system clock to 2018-07-19 14:38:53 UTC (1532011133)
[   21.287968] EXT4-fs (vda1): couldn't mount as ext3 due to feature incompatibilities
[   21.289662] EXT4-fs (vda1): mounting ext2 file system using the ext4 subsystem
[   21.305735] EXT4-fs (vda1): mounted filesystem without journal. Opts: (null)
[   21.306811] VFS: Mounted root (ext2 filesystem) on device 254:1.
[   21.325033] Freeing unused kernel memory: 180K (c05c7000 - c05f4000)
[   23.537939] cfg80211: Calling CRDA to update world regulatory domain
[   25.914997] firmadyne: sys_reboot[PID: 54 (init)]: magic1:fee1dead, magic2:28121969, cmd:0
[   25.936276] firmadyne: sys_socket[PID: 1 (init)]: family:1, type:2, protocol:0
[   27.734669] cfg80211: Calling CRDA to update world regulatory domain
[   27.744976] firmadyne: sys_socket[PID: 55 (init)]: family:1, type:2, protocol:0
[   33.072388] cfg80211: Calling CRDA to update world regulatory domain
[   35.160026] firmadyne: sys_socket[PID: 64 (telnetd)]: family:2, type:1, protocol:0
[   35.167738] firmadyne: sys_setsockopt[PID: 64 (telnetd)]: fd:3, level:1, optname:2
[   35.168768] firmadyne: inet_bind[PID: 64 (telnetd)]: proto:SOCK_STREAM, port:23
Starting firmware emulation... use Ctrl-a + x to exit
qemu-system-arm: terminating on signal 2 from pid 160556 (timeout)
[    0.000000] Booting Linux on physical CPU 0x0
[    0.000000] Linux version 4.1.17+ (vagrant@vagrant-ubuntu-trusty-64) (gcc version 5.3.0 (GCC) ) #1 Thu Feb 18 01:05:21 UTC 2016
[    0.000000] CPU: ARMv7 Processor [412fc0f1] revision 1 (ARMv7), cr=10c5387d
[    0.000000] CPU: PIPT / VIPT nonaliasing data cache, PIPT instruction cache
[    0.000000] Machine model: linux,dummy-virt
[    0.000000] debug: ignoring loglevel setting.
[    0.000000] Memory policy: Data cache writeback
[    0.000000] On node 0 totalpages: 65536
[    0.000000] free_area_init_node: node 0, pgdat c061dfe8, node_mem_map cfdf9000
[    0.000000]   Normal zone: 512 pages used for memmap
[    0.000000]   Normal zone: 0 pages reserved
[    0.000000]   Normal zone: 65536 pages, LIFO batch:15
[    0.000000] psci: probing for conduit method from DT.
[    0.000000] psci: PSCIv0.2 detected in firmware.
[    0.000000] psci: Using standard PSCI v0.2 function IDs
[    0.000000] CPU: All CPU(s) started in SVC mode.
[    0.000000] pcpu-alloc: s0 r0 d32768 u32768 alloc=1*32768
[    0.000000] pcpu-alloc: [0] 0 
[    0.000000] Built 1 zonelists in Zone order, mobility grouping on.  Total pages: 65024
[    0.000000] Kernel command line: root=/dev/vda1 console=ttyS0 nandsim.parts=64,64,64,64,64,64,64,64,64,64 rdinit=/firmadyne/preInit.sh rw debug ignore_loglevel print-fatal-signals=1 user_debug=31 firmadyne.syscall=0
[    0.000000] PID hash table entries: 1024 (order: 0, 4096 bytes)
[    0.000000] Dentry cache hash table entries: 32768 (order: 5, 131072 bytes)
[    0.000000] Inode-cache hash table entries: 16384 (order: 4, 65536 bytes)
[    0.000000] Memory: 253340K/262144K available (4297K kernel code, 170K rwdata, 1584K rodata, 180K init, 148K bss, 8804K reserved, 0K cma-reserved)
[    0.000000] Virtual kernel memory layout:
[    0.000000]     vector  : 0xffff0000 - 0xffff1000   (   4 kB)
[    0.000000]     fixmap  : 0xffc00000 - 0xfff00000   (3072 kB)
[    0.000000]     vmalloc : 0xd0800000 - 0xff000000   ( 744 MB)
[    0.000000]     lowmem  : 0xc0000000 - 0xd0000000   ( 256 MB)
[    0.000000]     modules : 0xbf000000 - 0xc0000000   (  16 MB)
[    0.000000]       .text : 0xc0008000 - 0xc05c67bc   (5882 kB)
[    0.000000]       .init : 0xc05c7000 - 0xc05f4000   ( 180 kB)
[    0.000000]       .data : 0xc05f4000 - 0xc061e840   ( 171 kB)
[    0.000000]        .bss : 0xc0621000 - 0xc06462d4   ( 149 kB)
[    0.000000] NR_IRQS:16 nr_irqs:16 16
[    0.000000] Architected cp15 timer(s) running at 62.50MHz (virt).
[    0.000000] clocksource arch_sys_counter: mask: 0xffffffffffffff max_cycles: 0x1cd42e208c, max_idle_ns: 881590405314 ns
[    0.000161] sched_clock: 56 bits at 62MHz, resolution 16ns, wraps every 4398046511096ns
[    0.000306] Switching to timer-based delay loop, resolution 16ns
[    0.003475] Console: colour dummy device 80x30
[    0.003812] Calibrating delay loop (skipped), value calculated using timer frequency.. 125.00 BogoMIPS (lpj=625000)
[    0.003949] pid_max: default: 32768 minimum: 301
[    0.004876] Mount-cache hash table entries: 1024 (order: 0, 4096 bytes)
[    0.004916] Mountpoint-cache hash table entries: 1024 (order: 0, 4096 bytes)
[    0.014339] CPU: Testing write buffer coherency: ok
[    0.020678] Setting up static identity map for 0x40008240 - 0x40008298
[    1.788822] VFP support v0.3: implementor 41 architecture 4 part 30 variant f rev 0
[    1.801284] clocksource jiffies: mask: 0xffffffff max_cycles: 0xffffffff, max_idle_ns: 19112604462750000 ns
[    1.810877] NET: Registered protocol family 16
[    1.814136] DMA: preallocated 256 KiB pool for atomic coherent allocations
[    1.818533] cpuidle: using governor ladder
[    1.818709] cpuidle: using governor menu
[    2.959522] Serial: AMBA PL011 UART driver
[    2.961846] 9000000.pl011: ttyS0 at MMIO 0x9000000 (irq = 54, base_baud = 0) is a PL011 rev1
[    2.969766] console [ttyS0] enabled
[    2.993904] vgaarb: loaded
[    2.995554] SCSI subsystem initialized
[    2.996710] usbcore: registered new interface driver usbfs
[    2.997086] usbcore: registered new interface driver hub
[    2.997442] usbcore: registered new device driver usb
[    3.007141] cfg80211: Calling CRDA to update world regulatory domain
[    3.009560] Switched to clocksource arch_sys_counter
[    3.028467] NET: Registered protocol family 2
[    3.206498] TCP established hash table entries: 2048 (order: 1, 8192 bytes)
[    3.206777] TCP bind hash table entries: 2048 (order: 1, 8192 bytes)
[    3.207087] TCP: Hash tables configured (established 2048 bind 2048)
[    3.207678] UDP hash table entries: 256 (order: 0, 4096 bytes)
[    3.207930] UDP-Lite hash table entries: 256 (order: 0, 4096 bytes)
[    3.209564] NET: Registered protocol family 1
[    3.210045] PCI: CLS 0 bytes, default 64
[    3.217598] NetWinder Floating Point Emulator V0.97 (extended precision)
[    3.220509] futex hash table entries: 256 (order: -1, 3072 bytes)
[    3.226447] squashfs: version 4.0 (2009/01/31) Phillip Lougher
[    3.227961] jffs2: version 2.2. (NAND) © 2001-2006 Red Hat, Inc.
[    3.228812] romfs: ROMFS MTD (C) 2007 Red Hat, Inc.
[    3.238590] Block layer SCSI generic (bsg) driver version 0.4 loaded (major 253)
[    3.238915] io scheduler noop registered
[    3.239154] io scheduler cfq registered (default)
[    3.240052] firmadyne: devfs: 1, execute: 1, procfs: 1, syscall: 0
[    3.241434] ------------[ cut here ]------------
[    3.241639] WARNING: CPU: 0 PID: 1 at /home/vagrant/firmadyne-kernel/kernel-v4.1/fs/sysfs/dir.c:31 sysfs_warn_dup+0x50/0x6c()
[    3.241880] sysfs: cannot create duplicate filename '/class/gpio'
[    3.242040] Modules linked in:
[    3.242382] CPU: 0 PID: 1 Comm: swapper Not tainted 4.1.17+ #1
[    3.242525] Hardware name: Generic DT based system
[    3.243301] [<c001c99c>] (unwind_backtrace) from [<c0019d30>] (show_stack+0x10/0x14)
[    3.243639] [<c0019d30>] (show_stack) from [<c0024ab4>] (warn_slowpath_common+0x80/0xa8)
[    3.243892] [<c0024ab4>] (warn_slowpath_common) from [<c0024b08>] (warn_slowpath_fmt+0x2c/0x3c)
[    3.244137] [<c0024b08>] (warn_slowpath_fmt) from [<c00e363c>] (sysfs_warn_dup+0x50/0x6c)
[    3.244374] [<c00e363c>] (sysfs_warn_dup) from [<c00e3714>] (sysfs_create_dir_ns+0x74/0x84)
[    3.244568] [<c00e3714>] (sysfs_create_dir_ns) from [<c018e6ac>] (kobject_add_internal+0xb8/0x2ac)
[    3.244786] [<c018e6ac>] (kobject_add_internal) from [<c018e9a8>] (kset_register+0x1c/0x44)
[    3.244995] [<c018e9a8>] (kset_register) from [<c02090b4>] (__class_register+0xa8/0x198)
[    3.245188] [<c02090b4>] (__class_register) from [<c02091e4>] (__class_create+0x40/0x70)
[    3.245417] [<c02091e4>] (__class_create) from [<c01adf68>] (register_devfs_stubs+0x314/0xbb4)
[    3.245599] [<c01adf68>] (register_devfs_stubs) from [<c05d9b08>] (init_module+0x28/0xa4)
[    3.245811] [<c05d9b08>] (init_module) from [<c0009670>] (do_one_initcall+0x104/0x1b4)
[    3.245985] [<c0009670>] (do_one_initcall) from [<c05c7d08>] (kernel_init_freeable+0xf0/0x1b0)
[    3.246200] [<c05c7d08>] (kernel_init_freeable) from [<c040f28c>] (kernel_init+0x8/0xe4)
[    3.246421] [<c040f28c>] (kernel_init) from [<c0016da8>] (ret_from_fork+0x14/0x2c)
[    3.246673] ---[ end trace f4c18e2474547bb1 ]---
[    3.246916] ------------[ cut here ]------------
[    3.247025] WARNING: CPU: 0 PID: 1 at /home/vagrant/firmadyne-kernel/kernel-v4.1/lib/kobject.c:240 kobject_add_internal+0x240/0x2ac()
[    3.247250] kobject_add_internal failed for gpio with -EEXIST, don't try to register things with the same name in the same directory.
[    3.247512] Modules linked in:
[    3.247660] CPU: 0 PID: 1 Comm: swapper Tainted: G        W       4.1.17+ #1
[    3.247816] Hardware name: Generic DT based system
[    3.247930] [<c001c99c>] (unwind_backtrace) from [<c0019d30>] (show_stack+0x10/0x14)
[    3.248088] [<c0019d30>] (show_stack) from [<c0024ab4>] (warn_slowpath_common+0x80/0xa8)
[    3.248271] [<c0024ab4>] (warn_slowpath_common) from [<c0024b08>] (warn_slowpath_fmt+0x2c/0x3c)
[    3.248489] [<c0024b08>] (warn_slowpath_fmt) from [<c018e834>] (kobject_add_internal+0x240/0x2ac)
[    3.248682] [<c018e834>] (kobject_add_internal) from [<c018e9a8>] (kset_register+0x1c/0x44)
[    3.248870] [<c018e9a8>] (kset_register) from [<c02090b4>] (__class_register+0xa8/0x198)
[    3.249031] [<c02090b4>] (__class_register) from [<c02091e4>] (__class_create+0x40/0x70)
[    3.249224] [<c02091e4>] (__class_create) from [<c01adf68>] (register_devfs_stubs+0x314/0xbb4)
[    3.249526] [<c01adf68>] (register_devfs_stubs) from [<c05d9b08>] (init_module+0x28/0xa4)
[    3.249700] [<c05d9b08>] (init_module) from [<c0009670>] (do_one_initcall+0x104/0x1b4)
[    3.249879] [<c0009670>] (do_one_initcall) from [<c05c7d08>] (kernel_init_freeable+0xf0/0x1b0)
[    3.250055] [<c05c7d08>] (kernel_init_freeable) from [<c040f28c>] (kernel_init+0x8/0xe4)
[    3.250249] [<c040f28c>] (kernel_init) from [<c0016da8>] (ret_from_fork+0x14/0x2c)
[    3.250453] ---[ end trace f4c18e2474547bb2 ]---
[    3.250626] firmadyne: Cannot create device class: gpio!
[    3.252425] firmadyne: Cannot register character device: watchdog, 0xa, 0x82!
[    3.252606] firmadyne: Cannot register character device: wdt, 0xfd, 0x0!
[    3.338932] PCI host bridge /pcie@10000000 ranges:
[    3.339639]    IO 0x3eff0000..0x3effffff -> 0x00000000
[    3.340010]   MEM 0x10000000..0x3efeffff -> 0x10000000
[    3.340144]   MEM 0x8000000000..0xffffffffff -> 0x8000000000
[    3.340853] pci-host-generic 3f000000.pcie: resource collision: [mem 0x00000000-0xffffffff] conflicts with /pl011@9000000 [mem 0x09000000-0x09000fff]
[    3.341596] pci-host-generic: probe of 3f000000.pcie failed with error -16
[    3.353426] Non-volatile memory driver v1.3
[    5.828703] brd: module loaded
[    5.838859] loop: module loaded
[    7.902242] cfg80211: Calling CRDA to update world regulatory domain
[    7.906844]  vda: vda1
[    7.919081] 0.flash: Found 2 x16 devices at 0x0 in 32-bit bank. Manufacturer ID 0x000000 Chip ID 0x000000
[    7.919866] Intel/Sharp Extended Query Table at 0x0031
[    7.921050] Using buffer write method
[    7.922760] erase region 0: offset=0x0,size=0x40000,blocks=256
[    7.930582] 0.flash: Found 2 x16 devices at 0x0 in 32-bit bank. Manufacturer ID 0x000000 Chip ID 0x000000
[    7.930831] Intel/Sharp Extended Query Table at 0x0031
[    7.931621] Using buffer write method
[    7.931736] erase region 0: offset=0x0,size=0x40000,blocks=256
[    7.931960] Concatenating MTD devices:
[    7.932074] (0): "0.flash"
[    7.932149] (1): "0.flash"
[    7.932216] into device "0.flash"
[    7.943863] [nandsim] warning: read_byte: unexpected data output cycle, state is STATE_READY return 0x0
[    7.944078] [nandsim] warning: read_byte: unexpected data output cycle, state is STATE_READY return 0x0
[    7.944269] [nandsim] warning: read_byte: unexpected data output cycle, state is STATE_READY return 0x0
[    7.944440] [nandsim] warning: read_byte: unexpected data output cycle, state is STATE_READY return 0x0
[    7.944610] [nandsim] warning: read_byte: unexpected data output cycle, state is STATE_READY return 0x0
[    7.944780] [nandsim] warning: read_byte: unexpected data output cycle, state is STATE_READY return 0x0
[    7.945203] nand: device found, Manufacturer ID: 0x98, Chip ID: 0x39
[    7.945366] nand: Toshiba NAND 128MiB 1,8V 8-bit
[    7.945491] nand: 128 MiB, SLC, erase size: 16 KiB, page size: 512, OOB size: 16
[    7.946458] flash size: 128 MiB
[    7.946544] page size: 512 bytes
[    7.946620] OOB area size: 16 bytes
[    7.946700] sector size: 16 KiB
[    7.946773] pages number: 262144
[    7.946847] pages per sector: 32
[    7.946920] bus width: 8
[    7.946982] bits in sector size: 14
[    7.947060] bits in page size: 9
[    7.947141] bits in OOB size: 4
[    7.947220] flash size with OOB: 135168 KiB
[    7.947310] page address bytes: 4
[    7.947385] sector address bytes: 3
[    7.947464] options: 0x42
[    7.953039] Scanning device for bad blocks
[    9.850627] firmadyne: do_execve: /firmadyne/console
[    9.850848] OFFSETS: offset of pid: 0x190 offset of comm: 0x270
[    9.851360] Creating 11 MTD partitions on "NAND 128MiB 1,8V 8-bit":
[    9.851794] 0x000000000000-0x000000100000 : "NAND simulator partition 0"
[    9.854127] 0x000000100000-0x000000200000 : "NAND simulator partition 1"
[    9.855666] 0x000000200000-0x000000300000 : "NAND simulator partition 2"
[    9.857311] 0x000000300000-0x000000400000 : "NAND simulator partition 3"
[    9.860241] 0x000000400000-0x000000500000 : "NAND simulator partition 4"
[    9.862660] 0x000000500000-0x000000600000 : "NAND simulator partition 5"
[    9.864494] 0x000000600000-0x000000700000 : "NAND simulator partition 6"
[    9.866149] 0x000000700000-0x000000800000 : "NAND simulator partition 7"
[    9.867576] 0x000000800000-0x000000900000 : "NAND simulator partition 8"
[    9.868981] 0x000000900000-0x000000a00000 : "NAND simulator partition 9"
[    9.870641] 0x000000a00000-0x000008000000 : "NAND simulator partition 10"
[    9.876464] tun: Universal TUN/TAP device driver, 1.6
[    9.876617] tun: (C) 1999-2004 Max Krasnyansky <maxk@qualcomm.com>
[   13.189352] PPP generic driver version 2.4.2
[   13.190175] PPP BSD Compression module registered
[   13.190390] PPP Deflate Compression module registered
[   13.190646] PPP MPPE Compression module registered
[   13.190788] NET: Registered protocol family 24
[   13.191123] PPTP driver version 0.8.5
[   13.191950] cfg80211: Calling CRDA to update world regulatory domain
[   14.420435] usbcore: registered new interface driver usb-storage
[   14.424145] rtc-pl031 9010000.pl031: rtc core: registered pl031 as rtc0
[   14.424970] hidraw: raw HID events driver (C) Jiri Kosina
[   14.425567] usbcore: registered new interface driver usbhid
[   14.425701] usbhid: USB HID core driver
[   14.426199] Netfilter messages via NETLINK v0.30.
[   14.426898] nf_conntrack version 0.5.0 (3958 buckets, 15832 max)
[   14.428518] ctnetlink v0.93: registering with nfnetlink.
[   14.430570] ipip: IPv4 over IPv4 tunneling driver
[   14.433117] gre: GRE over IPv4 demultiplexor driver
[   14.433352] ip_gre: GRE over IPv4 tunneling driver
[   14.438195] ip_tables: (C) 2000-2006 Netfilter Core Team
[   14.440184] arp_tables: (C) 2002 David S. Miller
[   14.441340] Initializing XFRM netlink socket
[   14.441935] NET: Registered protocol family 10
[   14.449626] ip6_tables: (C) 2000-2006 Netfilter Core Team
[   14.451582] sit: IPv6 over IPv4 tunneling driver
[   14.455584] NET: Registered protocol family 17
[   14.456299] bridge: automatic filtering via arp/ip/ip6tables has been deprecated. Update your scripts to load br_netfilter if you need this.
[   14.456650] Bridge firewalling registered
[   14.456798] Ebtables v2.0 registered
[   14.458091] 8021q: 802.1Q VLAN Support v1.8
[   14.458780] Registering SWP/SWPB emulation handler
[   14.461907] rtc-pl031 9010000.pl031: setting system clock to 2018-07-19 14:39:55 UTC (1532011195)
[   16.634692] cfg80211: Calling CRDA to update world regulatory domain
[   16.635596] EXT4-fs (vda1): couldn't mount as ext3 due to feature incompatibilities
[   16.637515] EXT4-fs (vda1): mounting ext2 file system using the ext4 subsystem
[   16.647980] EXT4-fs (vda1): warning: mounting unchecked fs, running e2fsck is recommended
[   16.651344] EXT4-fs (vda1): mounted filesystem without journal. Opts: (null)
[   16.652551] VFS: Mounted root (ext2 filesystem) on device 254:1.
[   16.671991] Freeing unused kernel memory: 180K (c05c7000 - c05f4000)
[   21.385103] cfg80211: Calling CRDA to update world regulatory domain
[   21.421559] firmadyne: sys_reboot[PID: 54 (init)]: magic1:fee1dead, magic2:28121969, cmd:0
[   26.150698] cfg80211: Calling CRDA to update world regulatory domain
[   29.799085] cfg80211: Calling CRDA to update world regulatory domain
