>> Database Image ID: 176

/home/zhumengfan/firmware/firmwares/c764402aadd58fdfd9afd5d3595eff856f21ec0d.ZIP
>> MD5: bbc2be879299f9576d60f5c19341bc70
>> Tag: 176
>> Temp: /tmp/tmphun_Aq
>> Status: Kernel: True, Rootfs: False, Do_Kernel: False,                 Do_Rootfs: True
>>>> Zip archive data, at least v2.0 to extract, compressed size: 6191185, uncompressed size: 6221728, name: des121028_fw_202A005.hex
>> Recursing into archive ...
	
/tmp/tmphun_Aq/_c764402aadd58fdfd9afd5d3595eff856f21ec0d.ZIP.extracted/des121028_fw_202A005.hex
	>> MD5: 588a6f0a97fc8b958776466f48c675d2
	>> Tag: 176
	>> Temp: /tmp/tmps_ut9C
	>> Status: Kernel: True, Rootfs: False, Do_Kernel: False,                 Do_Rootfs: True
	>>>> Squashfs filesystem, little endian, version 3.1, size: 5038662 bytes, 218 inodes, blocksize: 131072 bytes, created: 2012-05-03 06:17:34
	>>>> Found Linux filesystem in /tmp/tmps_ut9C/_des121028_fw_202A005.hex.extracted/squashfs-root!
	>> Skipping: completed!
	>> Cleaning up /tmp/tmps_ut9C...
>> Skipping: completed!
>> Cleaning up /tmp/tmphun_Aq...
./bin/busybox: armel
Querying database for architecture... armel
----Running----
----Copying Filesystem Tarball----
----Creating QEMU Image----
Formatting '/home/zhumengfan/firmadyne//scratch//176//image.raw', fmt=raw size=1073741824
----Creating Partition Table----

Welcome to fdisk (util-linux 2.27.1).
Changes will remain in memory only, until you decide to write them.
Be careful before using the write command.

Device does not contain a recognized partition table.
Created a new DOS disklabel with disk identifier 0x10946678.

Command (m for help): Created a new DOS disklabel with disk identifier 0xba4b62e9.

Command (m for help): Partition type
   p   primary (0 primary, 0 extended, 4 free)
   e   extended (container for logical partitions)
Select (default p): Partition number (1-4, default 1): First sector (2048-2097151, default 2048): Last sector, +sectors or +size{K,M,G,T,P} (2048-2097151, default 2097151): 
Created a new partition 1 of type 'Linux' and of size 1023 MiB.

Command (m for help): The partition table has been altered.
Syncing disks.

----Mounting QEMU Image----
add map loop0p1 (252:0): 0 2095104 linear 7:0 2048
----Creating Filesystem----
mke2fs 1.42.13 (17-May-2015)
Discarding device blocks:   4096/261888             done                            
Creating filesystem with 261888 4k blocks and 65536 inodes
Filesystem UUID: 7597d9a9-ebbf-49f8-822a-359fc3b34ac2
Superblock backups stored on blocks: 
	32768, 98304, 163840, 229376

Allocating group tables: 0/8   done                            
Writing inode tables: 0/8   done                            
Writing superblocks and filesystem accounting information: 0/8   done

----Making QEMU Image Mountpoint----
----Mounting QEMU Image Partition 1----
----Extracting Filesystem Tarball----
----Creating FIRMADYNE Directories----
----Patching Filesystem (chroot)----
Creating /etc/TZ!
Creating /etc/hosts!
Warning: Recreating device nodes!
Removing /etc/scripts/sys_resetbutton!
----Setting up FIRMADYNE----
----Unmounting QEMU Image----
loop deleted : /dev/loop0
Querying database for architecture... armel
Running firmware 176: terminating after 60 secs...
qemu-system-arm: terminating on signal 2 from pid 157246 (timeout)
Inferring network...
Interfaces: []
Done!
[    0.000000] Booting Linux on physical CPU 0x0
[    0.000000] Linux version 4.1.17+ (vagrant@vagrant-ubuntu-trusty-64) (gcc version 5.3.0 (GCC) ) #1 Thu Feb 18 01:05:21 UTC 2016
[    0.000000] CPU: ARMv7 Processor [412fc0f1] revision 1 (ARMv7), cr=10c5387d
[    0.000000] CPU: PIPT / VIPT nonaliasing data cache, PIPT instruction cache
[    0.000000] Machine model: linux,dummy-virt
[    0.000000] debug: ignoring loglevel setting.
[    0.000000] Memory policy: Data cache writeback
[    0.000000] On node 0 totalpages: 65536
[    0.000000] free_area_init_node: node 0, pgdat c061dfe8, node_mem_map cfdf9000
[    0.000000]   Normal zone: 512 pages used for memmap
[    0.000000]   Normal zone: 0 pages reserved
[    0.000000]   Normal zone: 65536 pages, LIFO batch:15
[    0.000000] psci: probing for conduit method from DT.
[    0.000000] psci: PSCIv0.2 detected in firmware.
[    0.000000] psci: Using standard PSCI v0.2 function IDs
[    0.000000] CPU: All CPU(s) started in SVC mode.
[    0.000000] pcpu-alloc: s0 r0 d32768 u32768 alloc=1*32768
[    0.000000] pcpu-alloc: [0] 0 
[    0.000000] Built 1 zonelists in Zone order, mobility grouping on.  Total pages: 65024
[    0.000000] Kernel command line: firmadyne.syscall=1 root=/dev/vda1 console=ttyS0 nandsim.parts=64,64,64,64,64,64,64,64,64,64 rdinit=/firmadyne/preInit.sh rw debug ignore_loglevel print-fatal-signals=1 user_debug=31
[    0.000000] PID hash table entries: 1024 (order: 0, 4096 bytes)
[    0.000000] Dentry cache hash table entries: 32768 (order: 5, 131072 bytes)
[    0.000000] Inode-cache hash table entries: 16384 (order: 4, 65536 bytes)
[    0.000000] Memory: 253340K/262144K available (4297K kernel code, 170K rwdata, 1584K rodata, 180K init, 148K bss, 8804K reserved, 0K cma-reserved)
[    0.000000] Virtual kernel memory layout:
[    0.000000]     vector  : 0xffff0000 - 0xffff1000   (   4 kB)
[    0.000000]     fixmap  : 0xffc00000 - 0xfff00000   (3072 kB)
[    0.000000]     vmalloc : 0xd0800000 - 0xff000000   ( 744 MB)
[    0.000000]     lowmem  : 0xc0000000 - 0xd0000000   ( 256 MB)
[    0.000000]     modules : 0xbf000000 - 0xc0000000   (  16 MB)
[    0.000000]       .text : 0xc0008000 - 0xc05c67bc   (5882 kB)
[    0.000000]       .init : 0xc05c7000 - 0xc05f4000   ( 180 kB)
[    0.000000]       .data : 0xc05f4000 - 0xc061e840   ( 171 kB)
[    0.000000]        .bss : 0xc0621000 - 0xc06462d4   ( 149 kB)
[    0.000000] NR_IRQS:16 nr_irqs:16 16
[    0.000000] Architected cp15 timer(s) running at 62.50MHz (virt).
[    0.000000] clocksource arch_sys_counter: mask: 0xffffffffffffff max_cycles: 0x1cd42e208c, max_idle_ns: 881590405314 ns
[    0.000161] sched_clock: 56 bits at 62MHz, resolution 16ns, wraps every 4398046511096ns
[    0.000303] Switching to timer-based delay loop, resolution 16ns
[    1.436951] Console: colour dummy device 80x30
[    1.437317] Calibrating delay loop (skipped), value calculated using timer frequency.. 125.00 BogoMIPS (lpj=625000)
[    1.437458] pid_max: default: 32768 minimum: 301
[    1.438442] Mount-cache hash table entries: 1024 (order: 0, 4096 bytes)
[    1.438482] Mountpoint-cache hash table entries: 1024 (order: 0, 4096 bytes)
[    1.445890] CPU: Testing write buffer coherency: ok
[    1.452017] Setting up static identity map for 0x40008240 - 0x40008298
[    1.467113] VFP support v0.3: implementor 41 architecture 4 part 30 variant f rev 0
[    4.308953] clocksource jiffies: mask: 0xffffffff max_cycles: 0xffffffff, max_idle_ns: 19112604462750000 ns
[    4.318387] NET: Registered protocol family 16
[    4.321618] DMA: preallocated 256 KiB pool for atomic coherent allocations
[    4.325982] cpuidle: using governor ladder
[    4.326153] cpuidle: using governor menu
[    4.347129] Serial: AMBA PL011 UART driver
[    4.349351] 9000000.pl011: ttyS0 at MMIO 0x9000000 (irq = 54, base_baud = 0) is a PL011 rev1
[    4.357086] console [ttyS0] enabled
[    4.720288] vgaarb: loaded
[    4.721859] SCSI subsystem initialized
[    4.722944] usbcore: registered new interface driver usbfs
[    4.723303] usbcore: registered new interface driver hub
[    4.723633] usbcore: registered new device driver usb
[    4.733006] cfg80211: Calling CRDA to update world regulatory domain
[    4.735380] Switched to clocksource arch_sys_counter
[    4.753517] NET: Registered protocol family 2
[    4.759095] TCP established hash table entries: 2048 (order: 1, 8192 bytes)
[    4.759376] TCP bind hash table entries: 2048 (order: 1, 8192 bytes)
[    4.759682] TCP: Hash tables configured (established 2048 bind 2048)
[    4.760229] UDP hash table entries: 256 (order: 0, 4096 bytes)
[    4.760478] UDP-Lite hash table entries: 256 (order: 0, 4096 bytes)
[    4.761986] NET: Registered protocol family 1
[    4.762449] PCI: CLS 0 bytes, default 64
[    7.599477] NetWinder Floating Point Emulator V0.97 (extended precision)
[    7.602259] futex hash table entries: 256 (order: -1, 3072 bytes)
[    7.608043] squashfs: version 4.0 (2009/01/31) Phillip Lougher
[    7.609473] jffs2: version 2.2. (NAND) © 2001-2006 Red Hat, Inc.
[    7.610295] romfs: ROMFS MTD (C) 2007 Red Hat, Inc.
[    7.619283] Block layer SCSI generic (bsg) driver version 0.4 loaded (major 253)
[    7.619645] io scheduler noop registered
[    7.619883] io scheduler cfq registered (default)
[    7.620549] firmadyne: devfs: 1, execute: 1, procfs: 1, syscall: 1
[    7.621890] ------------[ cut here ]------------
[    7.622094] WARNING: CPU: 0 PID: 1 at /home/vagrant/firmadyne-kernel/kernel-v4.1/fs/sysfs/dir.c:31 sysfs_warn_dup+0x50/0x6c()
[    7.622320] sysfs: cannot create duplicate filename '/class/gpio'
[    7.622478] Modules linked in:
[    7.622790] CPU: 0 PID: 1 Comm: swapper Not tainted 4.1.17+ #1
[    7.622934] Hardware name: Generic DT based system
[    7.623623] [<c001c99c>] (unwind_backtrace) from [<c0019d30>] (show_stack+0x10/0x14)
[    7.623894] [<c0019d30>] (show_stack) from [<c0024ab4>] (warn_slowpath_common+0x80/0xa8)
[    7.624090] [<c0024ab4>] (warn_slowpath_common) from [<c0024b08>] (warn_slowpath_fmt+0x2c/0x3c)
[    7.624327] [<c0024b08>] (warn_slowpath_fmt) from [<c00e363c>] (sysfs_warn_dup+0x50/0x6c)
[    7.624506] [<c00e363c>] (sysfs_warn_dup) from [<c00e3714>] (sysfs_create_dir_ns+0x74/0x84)
[    7.624686] [<c00e3714>] (sysfs_create_dir_ns) from [<c018e6ac>] (kobject_add_internal+0xb8/0x2ac)
[    7.624872] [<c018e6ac>] (kobject_add_internal) from [<c018e9a8>] (kset_register+0x1c/0x44)
[    7.625050] [<c018e9a8>] (kset_register) from [<c02090b4>] (__class_register+0xa8/0x198)
[    7.625430] [<c02090b4>] (__class_register) from [<c02091e4>] (__class_create+0x40/0x70)
[    7.625612] [<c02091e4>] (__class_create) from [<c01adf68>] (register_devfs_stubs+0x314/0xbb4)
[    7.625812] [<c01adf68>] (register_devfs_stubs) from [<c05d9b08>] (init_module+0x28/0xa4)
[    7.626022] [<c05d9b08>] (init_module) from [<c0009670>] (do_one_initcall+0x104/0x1b4)
[    7.626195] [<c0009670>] (do_one_initcall) from [<c05c7d08>] (kernel_init_freeable+0xf0/0x1b0)
[    7.626378] [<c05c7d08>] (kernel_init_freeable) from [<c040f28c>] (kernel_init+0x8/0xe4)
[    7.626545] [<c040f28c>] (kernel_init) from [<c0016da8>] (ret_from_fork+0x14/0x2c)
[    7.626804] ---[ end trace ab63403d2b0dafb9 ]---
[    7.627004] ------------[ cut here ]------------
[    7.627117] WARNING: CPU: 0 PID: 1 at /home/vagrant/firmadyne-kernel/kernel-v4.1/lib/kobject.c:240 kobject_add_internal+0x240/0x2ac()
[    7.627333] kobject_add_internal failed for gpio with -EEXIST, don't try to register things with the same name in the same directory.
[    7.627544] Modules linked in:
[    7.627691] CPU: 0 PID: 1 Comm: swapper Tainted: G        W       4.1.17+ #1
[    7.627828] Hardware name: Generic DT based system
[    7.627948] [<c001c99c>] (unwind_backtrace) from [<c0019d30>] (show_stack+0x10/0x14)
[    7.628114] [<c0019d30>] (show_stack) from [<c0024ab4>] (warn_slowpath_common+0x80/0xa8)
[    7.628284] [<c0024ab4>] (warn_slowpath_common) from [<c0024b08>] (warn_slowpath_fmt+0x2c/0x3c)
[    7.628464] [<c0024b08>] (warn_slowpath_fmt) from [<c018e834>] (kobject_add_internal+0x240/0x2ac)
[    7.628655] [<c018e834>] (kobject_add_internal) from [<c018e9a8>] (kset_register+0x1c/0x44)
[    7.628824] [<c018e9a8>] (kset_register) from [<c02090b4>] (__class_register+0xa8/0x198)
[    7.628991] [<c02090b4>] (__class_register) from [<c02091e4>] (__class_create+0x40/0x70)
[    7.629158] [<c02091e4>] (__class_create) from [<c01adf68>] (register_devfs_stubs+0x314/0xbb4)
[    7.629335] [<c01adf68>] (register_devfs_stubs) from [<c05d9b08>] (init_module+0x28/0xa4)
[    7.629505] [<c05d9b08>] (init_module) from [<c0009670>] (do_one_initcall+0x104/0x1b4)
[    7.629688] [<c0009670>] (do_one_initcall) from [<c05c7d08>] (kernel_init_freeable+0xf0/0x1b0)
[    7.629866] [<c05c7d08>] (kernel_init_freeable) from [<c040f28c>] (kernel_init+0x8/0xe4)
[    7.630028] [<c040f28c>] (kernel_init) from [<c0016da8>] (ret_from_fork+0x14/0x2c)
[    7.630196] ---[ end trace ab63403d2b0dafba ]---
[    7.630370] firmadyne: Cannot create device class: gpio!
[    7.632120] firmadyne: Cannot register character device: watchdog, 0xa, 0x82!
[    7.632300] firmadyne: Cannot register character device: wdt, 0xfd, 0x0!
[    7.714113] PCI host bridge /pcie@10000000 ranges:
[    7.714720]    IO 0x3eff0000..0x3effffff -> 0x00000000
[    7.715248]   MEM 0x10000000..0x3efeffff -> 0x10000000
[    7.715386]   MEM 0x8000000000..0xffffffffff -> 0x8000000000
[    7.716076] pci-host-generic 3f000000.pcie: resource collision: [mem 0x00000000-0xffffffff] conflicts with /pl011@9000000 [mem 0x09000000-0x09000fff]
[    7.716802] pci-host-generic: probe of 3f000000.pcie failed with error -16
[    7.728501] Non-volatile memory driver v1.3
[   10.561083] cfg80211: Calling CRDA to update world regulatory domain
[   11.363925] brd: module loaded
[   11.374118] loop: module loaded
[   14.195287] cfg80211: Calling CRDA to update world regulatory domain
[   14.199866]  vda: vda1
[   14.212017] 0.flash: Found 2 x16 devices at 0x0 in 32-bit bank. Manufacturer ID 0x000000 Chip ID 0x000000
[   14.212684] Intel/Sharp Extended Query Table at 0x0031
[   14.213847] Using buffer write method
[   14.215652] erase region 0: offset=0x0,size=0x40000,blocks=256
[   14.223021] 0.flash: Found 2 x16 devices at 0x0 in 32-bit bank. Manufacturer ID 0x000000 Chip ID 0x000000
[   14.223279] Intel/Sharp Extended Query Table at 0x0031
[   14.224072] Using buffer write method
[   14.224192] erase region 0: offset=0x0,size=0x40000,blocks=256
[   14.224408] Concatenating MTD devices:
[   14.224513] (0): "0.flash"
[   14.224587] (1): "0.flash"
[   14.224652] into device "0.flash"
[   14.236476] [nandsim] warning: read_byte: unexpected data output cycle, state is STATE_READY return 0x0
[   14.236717] [nandsim] warning: read_byte: unexpected data output cycle, state is STATE_READY return 0x0
[   14.236892] [nandsim] warning: read_byte: unexpected data output cycle, state is STATE_READY return 0x0
[   14.237061] [nandsim] warning: read_byte: unexpected data output cycle, state is STATE_READY return 0x0
[   14.237231] [nandsim] warning: read_byte: unexpected data output cycle, state is STATE_READY return 0x0
[   14.237405] [nandsim] warning: read_byte: unexpected data output cycle, state is STATE_READY return 0x0
[   14.237839] nand: device found, Manufacturer ID: 0x98, Chip ID: 0x39
[   14.237987] nand: Toshiba NAND 128MiB 1,8V 8-bit
[   14.238107] nand: 128 MiB, SLC, erase size: 16 KiB, page size: 512, OOB size: 16
[   14.239038] flash size: 128 MiB
[   14.239122] page size: 512 bytes
[   14.239196] OOB area size: 16 bytes
[   14.239282] sector size: 16 KiB
[   14.239354] pages number: 262144
[   14.239425] pages per sector: 32
[   14.239495] bus width: 8
[   14.239555] bits in sector size: 14
[   14.239631] bits in page size: 9
[   14.239705] bits in OOB size: 4
[   14.239781] flash size with OOB: 135168 KiB
[   14.239870] page address bytes: 4
[   14.239944] sector address bytes: 3
[   14.240021] options: 0x42
[   15.718278] Scanning device for bad blocks
[   15.827725] firmadyne: do_execve: /firmadyne/console
[   15.827941] OFFSETS: offset of pid: 0x190 offset of comm: 0x270
[   15.828427] Creating 11 MTD partitions on "NAND 128MiB 1,8V 8-bit":
[   15.828842] 0x000000000000-0x000000100000 : "NAND simulator partition 0"
[   15.831075] 0x000000100000-0x000000200000 : "NAND simulator partition 1"
[   15.832494] 0x000000200000-0x000000300000 : "NAND simulator partition 2"
[   15.833881] 0x000000300000-0x000000400000 : "NAND simulator partition 3"
[   15.835465] 0x000000400000-0x000000500000 : "NAND simulator partition 4"
[   15.836858] 0x000000500000-0x000000600000 : "NAND simulator partition 5"
[   15.838275] 0x000000600000-0x000000700000 : "NAND simulator partition 6"
[   15.839882] 0x000000700000-0x000000800000 : "NAND simulator partition 7"
[   15.841220] 0x000000800000-0x000000900000 : "NAND simulator partition 8"
[   15.842574] 0x000000900000-0x000000a00000 : "NAND simulator partition 9"
[   15.843951] 0x000000a00000-0x000008000000 : "NAND simulator partition 10"
[   15.849727] tun: Universal TUN/TAP device driver, 1.6
[   15.849871] tun: (C) 1999-2004 Max Krasnyansky <maxk@qualcomm.com>
[   21.489905] PPP generic driver version 2.4.2
[   21.490725] PPP BSD Compression module registered
[   21.490915] PPP Deflate Compression module registered
[   21.491165] PPP MPPE Compression module registered
[   21.491303] NET: Registered protocol family 24
[   21.491638] PPTP driver version 0.8.5
[   21.492604] cfg80211: Calling CRDA to update world regulatory domain
[   23.544669] usbcore: registered new interface driver usb-storage
[   23.548260] rtc-pl031 9010000.pl031: rtc core: registered pl031 as rtc0
[   23.549031] hidraw: raw HID events driver (C) Jiri Kosina
[   23.549588] usbcore: registered new interface driver usbhid
[   23.549727] usbhid: USB HID core driver
[   23.550209] Netfilter messages via NETLINK v0.30.
[   23.669993] nf_conntrack version 0.5.0 (3958 buckets, 15832 max)
[   23.671585] ctnetlink v0.93: registering with nfnetlink.
[   23.673071] ipip: IPv4 over IPv4 tunneling driver
[   23.675442] gre: GRE over IPv4 demultiplexor driver
[   23.675613] ip_gre: GRE over IPv4 tunneling driver
[   23.680350] ip_tables: (C) 2000-2006 Netfilter Core Team
[   23.682111] arp_tables: (C) 2002 David S. Miller
[   23.683185] Initializing XFRM netlink socket
[   23.683727] NET: Registered protocol family 10
[   23.691216] ip6_tables: (C) 2000-2006 Netfilter Core Team
[   23.692965] sit: IPv6 over IPv4 tunneling driver
[   23.696957] NET: Registered protocol family 17
[   23.697637] bridge: automatic filtering via arp/ip/ip6tables has been deprecated. Update your scripts to load br_netfilter if you need this.
[   23.698008] Bridge firewalling registered
[   23.698154] Ebtables v2.0 registered
[   23.699385] 8021q: 802.1Q VLAN Support v1.8
[   23.700058] Registering SWP/SWPB emulation handler
[   23.702981] rtc-pl031 9010000.pl031: setting system clock to 2018-07-19 14:27:03 UTC (1532010423)
[   23.713838] EXT4-fs (vda1): couldn't mount as ext3 due to feature incompatibilities
[   23.715796] EXT4-fs (vda1): mounting ext2 file system using the ext4 subsystem
[   26.457443] cfg80211: Calling CRDA to update world regulatory domain
[   26.459752] EXT4-fs (vda1): mounted filesystem without journal. Opts: (null)
[   26.460954] VFS: Mounted root (ext2 filesystem) on device 254:1.
[   26.479905] Freeing unused kernel memory: 180K (c05c7000 - c05f4000)
[   29.341864] firmadyne: sys_reboot[PID: 54 (init)]: magic1:fee1dead, magic2:28121969, cmd:0
[   29.364038] firmadyne: sys_socket[PID: 1 (init)]: family:1, type:2, protocol:0
[   31.070152] cfg80211: Calling CRDA to update world regulatory domain
[   31.079428] firmadyne: sys_socket[PID: 55 (init)]: family:1, type:2, protocol:0
Starting firmware emulation... use Ctrl-a + x to exit
qemu-system-arm: terminating on signal 2 from pid 157381 (timeout)
[    0.000000] Booting Linux on physical CPU 0x0
[    0.000000] Linux version 4.1.17+ (vagrant@vagrant-ubuntu-trusty-64) (gcc version 5.3.0 (GCC) ) #1 Thu Feb 18 01:05:21 UTC 2016
[    0.000000] CPU: ARMv7 Processor [412fc0f1] revision 1 (ARMv7), cr=10c5387d
[    0.000000] CPU: PIPT / VIPT nonaliasing data cache, PIPT instruction cache
[    0.000000] Machine model: linux,dummy-virt
[    0.000000] debug: ignoring loglevel setting.
[    0.000000] Memory policy: Data cache writeback
[    0.000000] On node 0 totalpages: 65536
[    0.000000] free_area_init_node: node 0, pgdat c061dfe8, node_mem_map cfdf9000
[    0.000000]   Normal zone: 512 pages used for memmap
[    0.000000]   Normal zone: 0 pages reserved
[    0.000000]   Normal zone: 65536 pages, LIFO batch:15
[    0.000000] psci: probing for conduit method from DT.
[    0.000000] psci: PSCIv0.2 detected in firmware.
[    0.000000] psci: Using standard PSCI v0.2 function IDs
[    0.000000] CPU: All CPU(s) started in SVC mode.
[    0.000000] pcpu-alloc: s0 r0 d32768 u32768 alloc=1*32768
[    0.000000] pcpu-alloc: [0] 0 
[    0.000000] Built 1 zonelists in Zone order, mobility grouping on.  Total pages: 65024
[    0.000000] Kernel command line: root=/dev/vda1 console=ttyS0 nandsim.parts=64,64,64,64,64,64,64,64,64,64 rdinit=/firmadyne/preInit.sh rw debug ignore_loglevel print-fatal-signals=1 user_debug=31 firmadyne.syscall=0
[    0.000000] PID hash table entries: 1024 (order: 0, 4096 bytes)
[    0.000000] Dentry cache hash table entries: 32768 (order: 5, 131072 bytes)
[    0.000000] Inode-cache hash table entries: 16384 (order: 4, 65536 bytes)
[    0.000000] Memory: 253340K/262144K available (4297K kernel code, 170K rwdata, 1584K rodata, 180K init, 148K bss, 8804K reserved, 0K cma-reserved)
[    0.000000] Virtual kernel memory layout:
[    0.000000]     vector  : 0xffff0000 - 0xffff1000   (   4 kB)
[    0.000000]     fixmap  : 0xffc00000 - 0xfff00000   (3072 kB)
[    0.000000]     vmalloc : 0xd0800000 - 0xff000000   ( 744 MB)
[    0.000000]     lowmem  : 0xc0000000 - 0xd0000000   ( 256 MB)
[    0.000000]     modules : 0xbf000000 - 0xc0000000   (  16 MB)
[    0.000000]       .text : 0xc0008000 - 0xc05c67bc   (5882 kB)
[    0.000000]       .init : 0xc05c7000 - 0xc05f4000   ( 180 kB)
[    0.000000]       .data : 0xc05f4000 - 0xc061e840   ( 171 kB)
[    0.000000]        .bss : 0xc0621000 - 0xc06462d4   ( 149 kB)
[    0.000000] NR_IRQS:16 nr_irqs:16 16
[    0.000000] Architected cp15 timer(s) running at 62.50MHz (virt).
[    0.000000] clocksource arch_sys_counter: mask: 0xffffffffffffff max_cycles: 0x1cd42e208c, max_idle_ns: 881590405314 ns
[    0.000165] sched_clock: 56 bits at 62MHz, resolution 16ns, wraps every 4398046511096ns
[    0.000320] Switching to timer-based delay loop, resolution 16ns
[    2.809441] Console: colour dummy device 80x30
[    2.809826] Calibrating delay loop (skipped), value calculated using timer frequency.. 125.00 BogoMIPS (lpj=625000)
[    2.809983] pid_max: default: 32768 minimum: 301
[    2.810936] Mount-cache hash table entries: 1024 (order: 0, 4096 bytes)
[    2.810980] Mountpoint-cache hash table entries: 1024 (order: 0, 4096 bytes)
[    2.818653] CPU: Testing write buffer coherency: ok
[    2.825045] Setting up static identity map for 0x40008240 - 0x40008298
[    2.840519] VFP support v0.3: implementor 41 architecture 4 part 30 variant f rev 0
[    5.659434] clocksource jiffies: mask: 0xffffffff max_cycles: 0xffffffff, max_idle_ns: 19112604462750000 ns
[    5.668651] NET: Registered protocol family 16
[    5.671825] DMA: preallocated 256 KiB pool for atomic coherent allocations
[    5.676035] cpuidle: using governor ladder
[    5.676191] cpuidle: using governor menu
[    5.696921] Serial: AMBA PL011 UART driver
[    5.699105] 9000000.pl011: ttyS0 at MMIO 0x9000000 (irq = 54, base_baud = 0) is a PL011 rev1
[    6.829349] console [ttyS0] enabled
[    6.852330] vgaarb: loaded
[    6.854094] SCSI subsystem initialized
[    6.855199] usbcore: registered new interface driver usbfs
[    6.855558] usbcore: registered new interface driver hub
[    6.855878] usbcore: registered new device driver usb
[    6.865016] cfg80211: Calling CRDA to update world regulatory domain
[    6.867288] Switched to clocksource arch_sys_counter
[    6.884986] NET: Registered protocol family 2
[    6.893497] TCP established hash table entries: 2048 (order: 1, 8192 bytes)
[    6.893771] TCP bind hash table entries: 2048 (order: 1, 8192 bytes)
[    6.894097] TCP: Hash tables configured (established 2048 bind 2048)
[    6.894657] UDP hash table entries: 256 (order: 0, 4096 bytes)
[    6.894925] UDP-Lite hash table entries: 256 (order: 0, 4096 bytes)
[    6.896524] NET: Registered protocol family 1
[    6.897493] PCI: CLS 0 bytes, default 64
[    6.928208] NetWinder Floating Point Emulator V0.97 (extended precision)
[    6.931162] futex hash table entries: 256 (order: -1, 3072 bytes)
[    6.936810] squashfs: version 4.0 (2009/01/31) Phillip Lougher
[    6.938500] jffs2: version 2.2. (NAND) © 2001-2006 Red Hat, Inc.
[    6.939305] romfs: ROMFS MTD (C) 2007 Red Hat, Inc.
[    6.948549] Block layer SCSI generic (bsg) driver version 0.4 loaded (major 253)
[    6.948891] io scheduler noop registered
[    6.949155] io scheduler cfq registered (default)
[    6.949854] firmadyne: devfs: 1, execute: 1, procfs: 1, syscall: 0
[    6.951290] ------------[ cut here ]------------
[    6.951499] WARNING: CPU: 0 PID: 1 at /home/vagrant/firmadyne-kernel/kernel-v4.1/fs/sysfs/dir.c:31 sysfs_warn_dup+0x50/0x6c()
[    6.951742] sysfs: cannot create duplicate filename '/class/gpio'
[    6.951901] Modules linked in:
[    6.952214] CPU: 0 PID: 1 Comm: swapper Not tainted 4.1.17+ #1
[    6.952340] Hardware name: Generic DT based system
[    6.953074] [<c001c99c>] (unwind_backtrace) from [<c0019d30>] (show_stack+0x10/0x14)
[    6.953329] [<c0019d30>] (show_stack) from [<c0024ab4>] (warn_slowpath_common+0x80/0xa8)
[    6.953548] [<c0024ab4>] (warn_slowpath_common) from [<c0024b08>] (warn_slowpath_fmt+0x2c/0x3c)
[    6.953788] [<c0024b08>] (warn_slowpath_fmt) from [<c00e363c>] (sysfs_warn_dup+0x50/0x6c)
[    6.953980] [<c00e363c>] (sysfs_warn_dup) from [<c00e3714>] (sysfs_create_dir_ns+0x74/0x84)
[    6.954152] [<c00e3714>] (sysfs_create_dir_ns) from [<c018e6ac>] (kobject_add_internal+0xb8/0x2ac)
[    6.954327] [<c018e6ac>] (kobject_add_internal) from [<c018e9a8>] (kset_register+0x1c/0x44)
[    6.954512] [<c018e9a8>] (kset_register) from [<c02090b4>] (__class_register+0xa8/0x198)
[    6.954704] [<c02090b4>] (__class_register) from [<c02091e4>] (__class_create+0x40/0x70)
[    6.954877] [<c02091e4>] (__class_create) from [<c01adf68>] (register_devfs_stubs+0x314/0xbb4)
[    6.955068] [<c01adf68>] (register_devfs_stubs) from [<c05d9b08>] (init_module+0x28/0xa4)
[    6.955256] [<c05d9b08>] (init_module) from [<c0009670>] (do_one_initcall+0x104/0x1b4)
[    6.955416] [<c0009670>] (do_one_initcall) from [<c05c7d08>] (kernel_init_freeable+0xf0/0x1b0)
[    6.955630] [<c05c7d08>] (kernel_init_freeable) from [<c040f28c>] (kernel_init+0x8/0xe4)
[    6.955800] [<c040f28c>] (kernel_init) from [<c0016da8>] (ret_from_fork+0x14/0x2c)
[    6.956069] ---[ end trace a9dda72b2150fc52 ]---
[    6.956249] ------------[ cut here ]------------
[    6.956353] WARNING: CPU: 0 PID: 1 at /home/vagrant/firmadyne-kernel/kernel-v4.1/lib/kobject.c:240 kobject_add_internal+0x240/0x2ac()
[    6.956594] kobject_add_internal failed for gpio with -EEXIST, don't try to register things with the same name in the same directory.
[    6.956807] Modules linked in:
[    6.956981] CPU: 0 PID: 1 Comm: swapper Tainted: G        W       4.1.17+ #1
[    6.957320] Hardware name: Generic DT based system
[    6.957496] [<c001c99c>] (unwind_backtrace) from [<c0019d30>] (show_stack+0x10/0x14)
[    6.957663] [<c0019d30>] (show_stack) from [<c0024ab4>] (warn_slowpath_common+0x80/0xa8)
[    6.957839] [<c0024ab4>] (warn_slowpath_common) from [<c0024b08>] (warn_slowpath_fmt+0x2c/0x3c)
[    6.958020] [<c0024b08>] (warn_slowpath_fmt) from [<c018e834>] (kobject_add_internal+0x240/0x2ac)
[    6.958214] [<c018e834>] (kobject_add_internal) from [<c018e9a8>] (kset_register+0x1c/0x44)
[    6.958387] [<c018e9a8>] (kset_register) from [<c02090b4>] (__class_register+0xa8/0x198)
[    6.958556] [<c02090b4>] (__class_register) from [<c02091e4>] (__class_create+0x40/0x70)
[    6.958725] [<c02091e4>] (__class_create) from [<c01adf68>] (register_devfs_stubs+0x314/0xbb4)
[    6.958924] [<c01adf68>] (register_devfs_stubs) from [<c05d9b08>] (init_module+0x28/0xa4)
[    6.959089] [<c05d9b08>] (init_module) from [<c0009670>] (do_one_initcall+0x104/0x1b4)
[    6.959250] [<c0009670>] (do_one_initcall) from [<c05c7d08>] (kernel_init_freeable+0xf0/0x1b0)
[    6.959421] [<c05c7d08>] (kernel_init_freeable) from [<c040f28c>] (kernel_init+0x8/0xe4)
[    6.959600] [<c040f28c>] (kernel_init) from [<c0016da8>] (ret_from_fork+0x14/0x2c)
[    6.959768] ---[ end trace a9dda72b2150fc53 ]---
[    6.959968] firmadyne: Cannot create device class: gpio!
[    6.961810] firmadyne: Cannot register character device: watchdog, 0xa, 0x82!
[    6.962004] firmadyne: Cannot register character device: wdt, 0xfd, 0x0!
[    7.046773] PCI host bridge /pcie@10000000 ranges:
[    7.047660]    IO 0x3eff0000..0x3effffff -> 0x00000000
[    7.048056]   MEM 0x10000000..0x3efeffff -> 0x10000000
[    7.048177]   MEM 0x8000000000..0xffffffffff -> 0x8000000000
[    7.048872] pci-host-generic 3f000000.pcie: resource collision: [mem 0x00000000-0xffffffff] conflicts with /pl011@9000000 [mem 0x09000000-0x09000fff]
[    7.049613] pci-host-generic: probe of 3f000000.pcie failed with error -16
[    7.061631] Non-volatile memory driver v1.3
[    7.085063] brd: module loaded
[    7.095569] loop: module loaded
[    7.109099]  vda: vda1
[    7.121699] 0.flash: Found 2 x16 devices at 0x0 in 32-bit bank. Manufacturer ID 0x000000 Chip ID 0x000000
[    7.122360] Intel/Sharp Extended Query Table at 0x0031
[    7.123603] Using buffer write method
[    7.124090] erase region 0: offset=0x0,size=0x40000,blocks=256
[    7.131677] 0.flash: Found 2 x16 devices at 0x0 in 32-bit bank. Manufacturer ID 0x000000 Chip ID 0x000000
[    7.131937] Intel/Sharp Extended Query Table at 0x0031
[    7.132917] Using buffer write method
[    7.133053] erase region 0: offset=0x0,size=0x40000,blocks=256
[    7.133251] Concatenating MTD devices:
[    7.133356] (0): "0.flash"
[    7.133453] (1): "0.flash"
[    7.133522] into device "0.flash"
[    7.146668] [nandsim] warning: read_byte: unexpected data output cycle, state is STATE_READY return 0x0
[    7.146901] [nandsim] warning: read_byte: unexpected data output cycle, state is STATE_READY return 0x0
[    7.147523] [nandsim] warning: read_byte: unexpected data output cycle, state is STATE_READY return 0x0
[    7.147707] [nandsim] warning: read_byte: unexpected data output cycle, state is STATE_READY return 0x0
[    7.147892] [nandsim] warning: read_byte: unexpected data output cycle, state is STATE_READY return 0x0
[    7.148094] [nandsim] warning: read_byte: unexpected data output cycle, state is STATE_READY return 0x0
[    7.148562] nand: device found, Manufacturer ID: 0x98, Chip ID: 0x39
[    7.148710] nand: Toshiba NAND 128MiB 1,8V 8-bit
[    7.148831] nand: 128 MiB, SLC, erase size: 16 KiB, page size: 512, OOB size: 16
[    7.150058] flash size: 128 MiB
[    7.150149] page size: 512 bytes
[    7.150229] OOB area size: 16 bytes
[    7.150308] sector size: 16 KiB
[    7.150379] pages number: 262144
[    7.150451] pages per sector: 32
[    7.150522] bus width: 8
[    7.150581] bits in sector size: 14
[    7.150657] bits in page size: 9
[    7.150732] bits in OOB size: 4
[    7.150808] flash size with OOB: 135168 KiB
[    7.150922] page address bytes: 4
[    7.150998] sector address bytes: 3
[    7.151075] options: 0x42
[    8.810103] Scanning device for bad blocks
[    8.926320] firmadyne: do_execve: /firmadyne/console
[    8.926549] OFFSETS: offset of pid: 0x190 offset of comm: 0x270
[    8.927228] Creating 11 MTD partitions on "NAND 128MiB 1,8V 8-bit":
[    8.927644] 0x000000000000-0x000000100000 : "NAND simulator partition 0"
[    8.930383] 0x000000100000-0x000000200000 : "NAND simulator partition 1"
[    8.931877] 0x000000200000-0x000000300000 : "NAND simulator partition 2"
[    8.933336] 0x000000300000-0x000000400000 : "NAND simulator partition 3"
[    8.934837] 0x000000400000-0x000000500000 : "NAND simulator partition 4"
[    8.936330] 0x000000500000-0x000000600000 : "NAND simulator partition 5"
[    8.938127] 0x000000600000-0x000000700000 : "NAND simulator partition 6"
[    8.939840] 0x000000700000-0x000000800000 : "NAND simulator partition 7"
[    8.941368] 0x000000800000-0x000000900000 : "NAND simulator partition 8"
[    8.943157] 0x000000900000-0x000000a00000 : "NAND simulator partition 9"
[    8.944589] 0x000000a00000-0x000008000000 : "NAND simulator partition 10"
[    8.950623] tun: Universal TUN/TAP device driver, 1.6
[    8.950776] tun: (C) 1999-2004 Max Krasnyansky <maxk@qualcomm.com>
[   14.536033] PPP generic driver version 2.4.2
[   14.536963] PPP BSD Compression module registered
[   14.537286] PPP Deflate Compression module registered
[   14.537670] PPP MPPE Compression module registered
[   14.537838] NET: Registered protocol family 24
[   14.538213] PPTP driver version 0.8.5
[   14.540210] cfg80211: Calling CRDA to update world regulatory domain
[   14.770514] usbcore: registered new interface driver usb-storage
[   17.549278] rtc-pl031 9010000.pl031: rtc core: registered pl031 as rtc0
[   17.550209] hidraw: raw HID events driver (C) Jiri Kosina
[   17.550809] usbcore: registered new interface driver usbhid
[   17.550943] usbhid: USB HID core driver
[   17.551440] Netfilter messages via NETLINK v0.30.
[   17.552127] nf_conntrack version 0.5.0 (3958 buckets, 15832 max)
[   17.553639] ctnetlink v0.93: registering with nfnetlink.
[   17.555125] ipip: IPv4 over IPv4 tunneling driver
[   17.557513] gre: GRE over IPv4 demultiplexor driver
[   17.557693] ip_gre: GRE over IPv4 tunneling driver
[   17.562379] ip_tables: (C) 2000-2006 Netfilter Core Team
[   17.564112] arp_tables: (C) 2002 David S. Miller
[   17.565202] Initializing XFRM netlink socket
[   17.565738] NET: Registered protocol family 10
[   17.573329] ip6_tables: (C) 2000-2006 Netfilter Core Team
[   17.575127] sit: IPv6 over IPv4 tunneling driver
[   17.579201] NET: Registered protocol family 17
[   17.579881] bridge: automatic filtering via arp/ip/ip6tables has been deprecated. Update your scripts to load br_netfilter if you need this.
[   17.580226] Bridge firewalling registered
[   17.580371] Ebtables v2.0 registered
[   17.581631] 8021q: 802.1Q VLAN Support v1.8
[   17.582292] Registering SWP/SWPB emulation handler
[   17.585192] rtc-pl031 9010000.pl031: setting system clock to 2018-07-19 14:28:00 UTC (1532010480)
[   17.596814] EXT4-fs (vda1): couldn't mount as ext3 due to feature incompatibilities
[   17.599382] EXT4-fs (vda1): mounting ext2 file system using the ext4 subsystem
[   19.499170] EXT4-fs (vda1): warning: mounting unchecked fs, running e2fsck is recommended
[   19.500546] cfg80211: Calling CRDA to update world regulatory domain
[   19.502791] EXT4-fs (vda1): mounted filesystem without journal. Opts: (null)
[   19.503967] VFS: Mounted root (ext2 filesystem) on device 254:1.
[   19.523078] Freeing unused kernel memory: 180K (c05c7000 - c05f4000)
[   23.242297] cfg80211: Calling CRDA to update world regulatory domain
[   23.271279] firmadyne: sys_reboot[PID: 54 (init)]: magic1:fee1dead, magic2:28121969, cmd:0
[   28.307631] cfg80211: Calling CRDA to update world regulatory domain
[   32.532587] cfg80211: Calling CRDA to update world regulatory domain
