>> Database Image ID: 50

/home/zhumengfan/firmware/firmwares/ca6a1c8ae41e11fe6305c17e2623ad922aa1460a.stk
>> MD5: 5687c8c7ebb17ebec2440c9980d527f0
>> Tag: 50
>> Temp: /tmp/tmpqFPN2Y
>> Status: Kernel: True, Rootfs: False, Do_Kernel: False,                 Do_Rootfs: True
>>>> gzip compressed data, maximum compression, from Unix, NULL date (1970-01-01 00:00:00)
>> Recursing into compressed ...
	
/tmp/tmpqFPN2Y/_ca6a1c8ae41e11fe6305c17e2623ad922aa1460a.stk.extracted/C8
	>> MD5: 7550d50e07b00d5f62526994fe11b687
	>> Tag: 50
	>> Temp: /tmp/tmpHoCMHg
	>> Status: Kernel: True, Rootfs: False, Do_Kernel: False,                 Do_Rootfs: True
	>>>> ASCII cpio archive (SVR4 with no CRC), file name: "dev", file name length: "0x00000004", file size: "0x00000000"
	>> Recursing into archive ...
		
/tmp/tmpHoCMHg/_C8.extracted/37CF74.cpio
		>> MD5: 5c04ea63245a969b71d760b3a960031b
		>> Tag: 50
		>> Temp: /tmp/tmp5jasF5
		>> Status: Kernel: True, Rootfs: False, Do_Kernel: False,                 Do_Rootfs: True
		>>>> ASCII cpio archive (SVR4 with no CRC), file name: "bin", file name length: "0x00000004", file size: "0x00000000"
		>>>> Found Linux filesystem in /tmp/tmp5jasF5/_37CF74.cpio.extracted/cpio-root!
		>> Skipping: completed!
		>> Cleaning up /tmp/tmp5jasF5...
	>> Skipping: completed!
	>> Cleaning up /tmp/tmpHoCMHg...
>> Skipping: completed!
>> Cleaning up /tmp/tmpqFPN2Y...
./bin/busybox: armel
Querying database for architecture... armel
----Running----
----Copying Filesystem Tarball----
----Creating QEMU Image----
Formatting '/home/zhumengfan/firmadyne//scratch//50//image.raw', fmt=raw size=1073741824
----Creating Partition Table----

Welcome to fdisk (util-linux 2.27.1).
Changes will remain in memory only, until you decide to write them.
Be careful before using the write command.

Device does not contain a recognized partition table.
Created a new DOS disklabel with disk identifier 0x3850742b.

Command (m for help): Created a new DOS disklabel with disk identifier 0x15b7d620.

Command (m for help): Partition type
   p   primary (0 primary, 0 extended, 4 free)
   e   extended (container for logical partitions)
Select (default p): Partition number (1-4, default 1): First sector (2048-2097151, default 2048): Last sector, +sectors or +size{K,M,G,T,P} (2048-2097151, default 2097151): 
Created a new partition 1 of type 'Linux' and of size 1023 MiB.

Command (m for help): The partition table has been altered.
Syncing disks.

----Mounting QEMU Image----
add map loop0p1 (252:0): 0 2095104 linear 7:0 2048
----Creating Filesystem----
mke2fs 1.42.13 (17-May-2015)
Discarding device blocks:   4096/261888             done                            
Creating filesystem with 261888 4k blocks and 65536 inodes
Filesystem UUID: 78c21f84-2e49-4e7b-9be3-5c55a15c2c30
Superblock backups stored on blocks: 
	32768, 98304, 163840, 229376

Allocating group tables: 0/8   done                            
Writing inode tables: 0/8   done                            
Writing superblocks and filesystem accounting information: 0/8   done

----Making QEMU Image Mountpoint----
----Mounting QEMU Image Partition 1----
----Extracting Filesystem Tarball----
----Creating FIRMADYNE Directories----
----Patching Filesystem (chroot)----
Creating /etc/TZ!
Creating /etc/hosts!
Warning: Recreating device nodes!
Removing /etc/scripts/sys_resetbutton!
----Setting up FIRMADYNE----
----Unmounting QEMU Image----
loop deleted : /dev/loop0
Querying database for architecture... armel
Running firmware 50: terminating after 60 secs...
qemu-system-arm: terminating on signal 2 from pid 86884 (timeout)
Inferring network...
Interfaces: []
Done!
[    0.000000] Booting Linux on physical CPU 0x0
[    0.000000] Linux version 4.1.17+ (vagrant@vagrant-ubuntu-trusty-64) (gcc version 5.3.0 (GCC) ) #1 Thu Feb 18 01:05:21 UTC 2016
[    0.000000] CPU: ARMv7 Processor [412fc0f1] revision 1 (ARMv7), cr=10c5387d
[    0.000000] CPU: PIPT / VIPT nonaliasing data cache, PIPT instruction cache
[    0.000000] Machine model: linux,dummy-virt
[    0.000000] debug: ignoring loglevel setting.
[    0.000000] Memory policy: Data cache writeback
[    0.000000] On node 0 totalpages: 65536
[    0.000000] free_area_init_node: node 0, pgdat c061dfe8, node_mem_map cfdf9000
[    0.000000]   Normal zone: 512 pages used for memmap
[    0.000000]   Normal zone: 0 pages reserved
[    0.000000]   Normal zone: 65536 pages, LIFO batch:15
[    0.000000] psci: probing for conduit method from DT.
[    0.000000] psci: PSCIv0.2 detected in firmware.
[    0.000000] psci: Using standard PSCI v0.2 function IDs
[    0.000000] CPU: All CPU(s) started in SVC mode.
[    0.000000] pcpu-alloc: s0 r0 d32768 u32768 alloc=1*32768
[    0.000000] pcpu-alloc: [0] 0 
[    0.000000] Built 1 zonelists in Zone order, mobility grouping on.  Total pages: 65024
[    0.000000] Kernel command line: firmadyne.syscall=1 root=/dev/vda1 console=ttyS0 nandsim.parts=64,64,64,64,64,64,64,64,64,64 rdinit=/firmadyne/preInit.sh rw debug ignore_loglevel print-fatal-signals=1 user_debug=31
[    0.000000] PID hash table entries: 1024 (order: 0, 4096 bytes)
[    0.000000] Dentry cache hash table entries: 32768 (order: 5, 131072 bytes)
[    0.000000] Inode-cache hash table entries: 16384 (order: 4, 65536 bytes)
[    0.000000] Memory: 253340K/262144K available (4297K kernel code, 170K rwdata, 1584K rodata, 180K init, 148K bss, 8804K reserved, 0K cma-reserved)
[    0.000000] Virtual kernel memory layout:
[    0.000000]     vector  : 0xffff0000 - 0xffff1000   (   4 kB)
[    0.000000]     fixmap  : 0xffc00000 - 0xfff00000   (3072 kB)
[    0.000000]     vmalloc : 0xd0800000 - 0xff000000   ( 744 MB)
[    0.000000]     lowmem  : 0xc0000000 - 0xd0000000   ( 256 MB)
[    0.000000]     modules : 0xbf000000 - 0xc0000000   (  16 MB)
[    0.000000]       .text : 0xc0008000 - 0xc05c67bc   (5882 kB)
[    0.000000]       .init : 0xc05c7000 - 0xc05f4000   ( 180 kB)
[    0.000000]       .data : 0xc05f4000 - 0xc061e840   ( 171 kB)
[    0.000000]        .bss : 0xc0621000 - 0xc06462d4   ( 149 kB)
[    0.000000] NR_IRQS:16 nr_irqs:16 16
[    0.000000] Architected cp15 timer(s) running at 62.50MHz (virt).
[    0.000000] clocksource arch_sys_counter: mask: 0xffffffffffffff max_cycles: 0x1cd42e208c, max_idle_ns: 881590405314 ns
[    0.000161] sched_clock: 56 bits at 62MHz, resolution 16ns, wraps every 4398046511096ns
[    0.000306] Switching to timer-based delay loop, resolution 16ns
[    0.003453] Console: colour dummy device 80x30
[    0.003833] Calibrating delay loop (skipped), value calculated using timer frequency.. 125.00 BogoMIPS (lpj=625000)
[    0.003976] pid_max: default: 32768 minimum: 301
[    0.004894] Mount-cache hash table entries: 1024 (order: 0, 4096 bytes)
[    0.004933] Mountpoint-cache hash table entries: 1024 (order: 0, 4096 bytes)
[    0.014401] CPU: Testing write buffer coherency: ok
[    0.020872] Setting up static identity map for 0x40008240 - 0x40008298
[    0.199417] VFP support v0.3: implementor 41 architecture 4 part 30 variant f rev 0
[    0.211505] clocksource jiffies: mask: 0xffffffff max_cycles: 0xffffffff, max_idle_ns: 19112604462750000 ns
[    0.221135] NET: Registered protocol family 16
[    0.224468] DMA: preallocated 256 KiB pool for atomic coherent allocations
[    0.228949] cpuidle: using governor ladder
[    0.229114] cpuidle: using governor menu
[    0.610327] Serial: AMBA PL011 UART driver
[    0.612612] 9000000.pl011: ttyS0 at MMIO 0x9000000 (irq = 54, base_baud = 0) is a PL011 rev1
[    0.620505] console [ttyS0] enabled
[    0.643939] vgaarb: loaded
[    0.645795] SCSI subsystem initialized
[    0.646927] usbcore: registered new interface driver usbfs
[    0.647287] usbcore: registered new interface driver hub
[    0.647614] usbcore: registered new device driver usb
[    0.657493] cfg80211: Calling CRDA to update world regulatory domain
[    0.659993] Switched to clocksource arch_sys_counter
[    0.678505] NET: Registered protocol family 2
[    1.128605] TCP established hash table entries: 2048 (order: 1, 8192 bytes)
[    1.128898] TCP bind hash table entries: 2048 (order: 1, 8192 bytes)
[    1.129209] TCP: Hash tables configured (established 2048 bind 2048)
[    1.129902] UDP hash table entries: 256 (order: 0, 4096 bytes)
[    1.130164] UDP-Lite hash table entries: 256 (order: 0, 4096 bytes)
[    1.131630] NET: Registered protocol family 1
[    1.132108] PCI: CLS 0 bytes, default 64
[    1.139449] NetWinder Floating Point Emulator V0.97 (extended precision)
[    1.142442] futex hash table entries: 256 (order: -1, 3072 bytes)
[    1.148153] squashfs: version 4.0 (2009/01/31) Phillip Lougher
[    1.149251] jffs2: version 2.2. (NAND) © 2001-2006 Red Hat, Inc.
[    1.150234] romfs: ROMFS MTD (C) 2007 Red Hat, Inc.
[    1.159587] Block layer SCSI generic (bsg) driver version 0.4 loaded (major 253)
[    1.160157] io scheduler noop registered
[    1.160433] io scheduler cfq registered (default)
[    1.161108] firmadyne: devfs: 1, execute: 1, procfs: 1, syscall: 1
[    1.162484] ------------[ cut here ]------------
[    1.162658] WARNING: CPU: 0 PID: 1 at /home/vagrant/firmadyne-kernel/kernel-v4.1/fs/sysfs/dir.c:31 sysfs_warn_dup+0x50/0x6c()
[    1.162916] sysfs: cannot create duplicate filename '/class/gpio'
[    1.163073] Modules linked in:
[    1.163384] CPU: 0 PID: 1 Comm: swapper Not tainted 4.1.17+ #1
[    1.163527] Hardware name: Generic DT based system
[    1.164225] [<c001c99c>] (unwind_backtrace) from [<c0019d30>] (show_stack+0x10/0x14)
[    1.164515] [<c0019d30>] (show_stack) from [<c0024ab4>] (warn_slowpath_common+0x80/0xa8)
[    1.164705] [<c0024ab4>] (warn_slowpath_common) from [<c0024b08>] (warn_slowpath_fmt+0x2c/0x3c)
[    1.164984] [<c0024b08>] (warn_slowpath_fmt) from [<c00e363c>] (sysfs_warn_dup+0x50/0x6c)
[    1.165163] [<c00e363c>] (sysfs_warn_dup) from [<c00e3714>] (sysfs_create_dir_ns+0x74/0x84)
[    1.165346] [<c00e3714>] (sysfs_create_dir_ns) from [<c018e6ac>] (kobject_add_internal+0xb8/0x2ac)
[    1.165562] [<c018e6ac>] (kobject_add_internal) from [<c018e9a8>] (kset_register+0x1c/0x44)
[    1.165728] [<c018e9a8>] (kset_register) from [<c02090b4>] (__class_register+0xa8/0x198)
[    1.165929] [<c02090b4>] (__class_register) from [<c02091e4>] (__class_create+0x40/0x70)
[    1.166102] [<c02091e4>] (__class_create) from [<c01adf68>] (register_devfs_stubs+0x314/0xbb4)
[    1.166315] [<c01adf68>] (register_devfs_stubs) from [<c05d9b08>] (init_module+0x28/0xa4)
[    1.166502] [<c05d9b08>] (init_module) from [<c0009670>] (do_one_initcall+0x104/0x1b4)
[    1.166661] [<c0009670>] (do_one_initcall) from [<c05c7d08>] (kernel_init_freeable+0xf0/0x1b0)
[    1.166894] [<c05c7d08>] (kernel_init_freeable) from [<c040f28c>] (kernel_init+0x8/0xe4)
[    1.167062] [<c040f28c>] (kernel_init) from [<c0016da8>] (ret_from_fork+0x14/0x2c)
[    1.167347] ---[ end trace 6524c18cf2fb0865 ]---
[    1.167520] ------------[ cut here ]------------
[    1.167618] WARNING: CPU: 0 PID: 1 at /home/vagrant/firmadyne-kernel/kernel-v4.1/lib/kobject.c:240 kobject_add_internal+0x240/0x2ac()
[    1.167882] kobject_add_internal failed for gpio with -EEXIST, don't try to register things with the same name in the same directory.
[    1.168094] Modules linked in:
[    1.168266] CPU: 0 PID: 1 Comm: swapper Tainted: G        W       4.1.17+ #1
[    1.168402] Hardware name: Generic DT based system
[    1.168505] [<c001c99c>] (unwind_backtrace) from [<c0019d30>] (show_stack+0x10/0x14)
[    1.168648] [<c0019d30>] (show_stack) from [<c0024ab4>] (warn_slowpath_common+0x80/0xa8)
[    1.168830] [<c0024ab4>] (warn_slowpath_common) from [<c0024b08>] (warn_slowpath_fmt+0x2c/0x3c)
[    1.169027] [<c0024b08>] (warn_slowpath_fmt) from [<c018e834>] (kobject_add_internal+0x240/0x2ac)
[    1.169237] [<c018e834>] (kobject_add_internal) from [<c018e9a8>] (kset_register+0x1c/0x44)
[    1.169412] [<c018e9a8>] (kset_register) from [<c02090b4>] (__class_register+0xa8/0x198)
[    1.169560] [<c02090b4>] (__class_register) from [<c02091e4>] (__class_create+0x40/0x70)
[    1.169931] [<c02091e4>] (__class_create) from [<c01adf68>] (register_devfs_stubs+0x314/0xbb4)
[    1.170123] [<c01adf68>] (register_devfs_stubs) from [<c05d9b08>] (init_module+0x28/0xa4)
[    1.170309] [<c05d9b08>] (init_module) from [<c0009670>] (do_one_initcall+0x104/0x1b4)
[    1.170476] [<c0009670>] (do_one_initcall) from [<c05c7d08>] (kernel_init_freeable+0xf0/0x1b0)
[    1.170630] [<c05c7d08>] (kernel_init_freeable) from [<c040f28c>] (kernel_init+0x8/0xe4)
[    1.170789] [<c040f28c>] (kernel_init) from [<c0016da8>] (ret_from_fork+0x14/0x2c)
[    1.170986] ---[ end trace 6524c18cf2fb0866 ]---
[    1.171152] firmadyne: Cannot create device class: gpio!
[    1.173025] firmadyne: Cannot register character device: watchdog, 0xa, 0x82!
[    1.173223] firmadyne: Cannot register character device: wdt, 0xfd, 0x0!
[    1.257462] PCI host bridge /pcie@10000000 ranges:
[    1.258047]    IO 0x3eff0000..0x3effffff -> 0x00000000
[    1.258432]   MEM 0x10000000..0x3efeffff -> 0x10000000
[    1.258617]   MEM 0x8000000000..0xffffffffff -> 0x8000000000
[    1.259305] pci-host-generic 3f000000.pcie: resource collision: [mem 0x00000000-0xffffffff] conflicts with /pl011@9000000 [mem 0x09000000-0x09000fff]
[    1.260218] pci-host-generic: probe of 3f000000.pcie failed with error -16
[    1.272385] Non-volatile memory driver v1.3
[    1.570799] brd: module loaded
[    1.581205] loop: module loaded
[    1.692557]  vda: vda1
[    1.704911] 0.flash: Found 2 x16 devices at 0x0 in 32-bit bank. Manufacturer ID 0x000000 Chip ID 0x000000
[    1.705586] Intel/Sharp Extended Query Table at 0x0031
[    1.706788] Using buffer write method
[    1.707242] erase region 0: offset=0x0,size=0x40000,blocks=256
[    1.714748] 0.flash: Found 2 x16 devices at 0x0 in 32-bit bank. Manufacturer ID 0x000000 Chip ID 0x000000
[    1.715013] Intel/Sharp Extended Query Table at 0x0031
[    1.715807] Using buffer write method
[    1.715928] erase region 0: offset=0x0,size=0x40000,blocks=256
[    1.716139] Concatenating MTD devices:
[    1.716244] (0): "0.flash"
[    1.716322] (1): "0.flash"
[    1.716391] into device "0.flash"
[    1.729093] [nandsim] warning: read_byte: unexpected data output cycle, state is STATE_READY return 0x0
[    1.729353] [nandsim] warning: read_byte: unexpected data output cycle, state is STATE_READY return 0x0
[    1.729518] [nandsim] warning: read_byte: unexpected data output cycle, state is STATE_READY return 0x0
[    1.730404] [nandsim] warning: read_byte: unexpected data output cycle, state is STATE_READY return 0x0
[    1.730626] [nandsim] warning: read_byte: unexpected data output cycle, state is STATE_READY return 0x0
[    1.730800] [nandsim] warning: read_byte: unexpected data output cycle, state is STATE_READY return 0x0
[    1.731289] nand: device found, Manufacturer ID: 0x98, Chip ID: 0x39
[    1.731439] nand: Toshiba NAND 128MiB 1,8V 8-bit
[    1.731565] nand: 128 MiB, SLC, erase size: 16 KiB, page size: 512, OOB size: 16
[    1.732498] flash size: 128 MiB
[    1.732586] page size: 512 bytes
[    1.732661] OOB area size: 16 bytes
[    1.732739] sector size: 16 KiB
[    1.732810] pages number: 262144
[    1.732882] pages per sector: 32
[    1.732953] bus width: 8
[    1.733013] bits in sector size: 14
[    1.733089] bits in page size: 9
[    1.733164] bits in OOB size: 4
[    1.733240] flash size with OOB: 135168 KiB
[    1.733330] page address bytes: 4
[    1.733403] sector address bytes: 3
[    1.733480] options: 0x42
[    1.796658] Scanning device for bad blocks
[    1.907522] firmadyne: do_execve: /firmadyne/console
[    1.907749] OFFSETS: offset of pid: 0x190 offset of comm: 0x270
[    1.908246] Creating 11 MTD partitions on "NAND 128MiB 1,8V 8-bit":
[    1.908666] 0x000000000000-0x000000100000 : "NAND simulator partition 0"
[    1.911091] 0x000000100000-0x000000200000 : "NAND simulator partition 1"
[    1.912544] 0x000000200000-0x000000300000 : "NAND simulator partition 2"
[    1.913930] 0x000000300000-0x000000400000 : "NAND simulator partition 3"
[    1.915350] 0x000000400000-0x000000500000 : "NAND simulator partition 4"
[    1.916749] 0x000000500000-0x000000600000 : "NAND simulator partition 5"
[    1.918190] 0x000000600000-0x000000700000 : "NAND simulator partition 6"
[    1.920032] 0x000000700000-0x000000800000 : "NAND simulator partition 7"
[    1.921445] 0x000000800000-0x000000900000 : "NAND simulator partition 8"
[    1.922832] 0x000000900000-0x000000a00000 : "NAND simulator partition 9"
[    1.924331] 0x000000a00000-0x000008000000 : "NAND simulator partition 10"
[    1.930122] tun: Universal TUN/TAP device driver, 1.6
[    1.930269] tun: (C) 1999-2004 Max Krasnyansky <maxk@qualcomm.com>
[    2.168626] PPP generic driver version 2.4.2
[    2.169414] PPP BSD Compression module registered
[    2.169599] PPP Deflate Compression module registered
[    2.169999] PPP MPPE Compression module registered
[    2.170144] NET: Registered protocol family 24
[    2.170475] PPTP driver version 0.8.5
[    2.194591] usbcore: registered new interface driver usb-storage
[    2.198146] rtc-pl031 9010000.pl031: rtc core: registered pl031 as rtc0
[    2.198930] hidraw: raw HID events driver (C) Jiri Kosina
[    2.199491] usbcore: registered new interface driver usbhid
[    2.199624] usbhid: USB HID core driver
[    2.200285] Netfilter messages via NETLINK v0.30.
[    2.200999] nf_conntrack version 0.5.0 (3958 buckets, 15832 max)
[    2.202544] ctnetlink v0.93: registering with nfnetlink.
[    2.203993] ipip: IPv4 over IPv4 tunneling driver
[    2.206282] gre: GRE over IPv4 demultiplexor driver
[    2.206448] ip_gre: GRE over IPv4 tunneling driver
[    2.211364] ip_tables: (C) 2000-2006 Netfilter Core Team
[    2.213148] arp_tables: (C) 2002 David S. Miller
[    2.214269] Initializing XFRM netlink socket
[    2.214799] NET: Registered protocol family 10
[    2.222395] ip6_tables: (C) 2000-2006 Netfilter Core Team
[    2.224247] sit: IPv6 over IPv4 tunneling driver
[    2.228386] NET: Registered protocol family 17
[    2.229098] bridge: automatic filtering via arp/ip/ip6tables has been deprecated. Update your scripts to load br_netfilter if you need this.
[    2.229480] Bridge firewalling registered
[    2.229628] Ebtables v2.0 registered
[    2.231122] 8021q: 802.1Q VLAN Support v1.8
[    2.231785] Registering SWP/SWPB emulation handler
[    2.234691] rtc-pl031 9010000.pl031: setting system clock to 2018-07-19 10:12:42 UTC (1531995162)
[    2.643229] EXT4-fs (vda1): couldn't mount as ext3 due to feature incompatibilities
[    2.645187] EXT4-fs (vda1): mounting ext2 file system using the ext4 subsystem
[    2.657253] EXT4-fs (vda1): mounted filesystem without journal. Opts: (null)
[    2.658398] VFS: Mounted root (ext2 filesystem) on device 254:1.
[    2.676699] Freeing unused kernel memory: 180K (c05c7000 - c05f4000)
[    3.114068] firmadyne: sys_reboot[PID: 1 (init)]: magic1:fee1dead, magic2:28121969, cmd:0
starting pid 54, tty '': '/etc/init.d/rcS'
[    4.164469] cfg80211: Calling CRDA to update world regulatory domain
[    9.005314] cfg80211: Calling CRDA to update world regulatory domain
[   12.150114] cfg80211: Calling CRDA to update world regulatory domain
mount: permission denied (are you root?)
mount: permission denied (are you root?)
mount: can't read '/proc/mounts': No such file or directory
[   15.038164] firmadyne: sys_socket[PID: 168 (ifconfig)]: family:2, type:2, protocol:0
ifconfig: SIOCSIFFLAGS: Operation not permitted
[   15.050521] firmadyne: sys_socket[PID: 169 (route)]: family:2, type:2, protocol:0
route: SIOCADDRT: Operation not permitted
starting pid 170, tty '/dev/ttyS0': '/etc/rc.d/rc.fastpath'
/etc/rc.d/rc.fastpath: line 1685: can't create /proc/sys/kernel/printk: nonexistent directory
[   15.604145] cfg80211: Calling CRDA to update world regulatory domain
[   15.616951] firmadyne: sys_socket[PID: 173 (ifconfig)]: family:2, type:2, protocol:0
ifconfig: SIOCSIFADDR: Operation not permitted
mount: no /proc/mounts
Mounting /dev/mtdblock5 at /mnt/fastpath.
*** Mount failed!
Mounting tmpfs at /mnt/application...done.

EdgeSwitch Startup

Select startup mode.  If no selection is made within 5 seconds,
the EdgeSwitch will start automatically...

EdgeSwitch Startup -- Main Menu
  
1 - Start EdgeSwitch
2 - Display Utility Menu
Select (1, 2): [   18.754096] cfg80211: Calling CRDA to update world regulatory domain
 
/etc/rc.d/rc.fastpath: line 1741: can't create /proc/sys/vm/overcommit_memory: nonexistent directory
Warning: Bad CRC, using default environment
cat: can't open '/proc/mtd': No such file or directory
Failed to read boot partition from env, using the default BOOT_PART = /dev/mtd3
BOOT_PART = /dev/mtd3
[   21.562606] firmadyne: sys_socket[PID: 196 (ifconfig)]: family:2, type:2, protocol:0
ifconfig: SIOCSIFADDR: Operation not permitted
Copying /dev/mtd3 to RAM...done.
Extracting EdgeSwitch .....warning: invalid STK header, assuming uimage
error: invalid uimage header
done
Loading EdgeSwitch .....tar: can't open 'switchdrvr.tgz': No such file or directory
grep: /mnt/application/fastpath.vpd: No such file or directory
/mnt/application
done
/etc/rc.d/rc.fastpath: line 1741: can't create /proc/sys/kernel/printk: nonexistent directory
/etc/rc.d/rc.fastpath: line 1741: /mnt/application/procmgr: not found
[   21.900051] cfg80211: Calling CRDA to update world regulatory domain
starting pid 209, tty '': '/etc/rc.d/rc.reboot'

syncing filesystems....This may take a few moments
Rebooting system!
The system is going down NOW!
Sent SIGTERM to all processes
Sent SIGKILL to all processes
Requesting system reboot
[   25.050134] cfg80211: Calling CRDA to update world regulatory domain
[   26.032326] firmadyne: sys_reboot[PID: 215 (init)]: magic1:fee1dead, magic2:28121969, cmd:1234567
[   26.032788] firmadyne: sys_reboot: removed CAP_SYS_BOOT, starting init...
[   28.200167] cfg80211: Calling CRDA to update world regulatory domain
[   31.350541] cfg80211: Calling CRDA to update world regulatory domain
[   34.500331] cfg80211: Calling CRDA to update world regulatory domain
[   37.650273] cfg80211: Exceeded CRDA call max attempts. Not calling CRDA
Starting firmware emulation... use Ctrl-a + x to exit
qemu-system-arm: terminating on signal 2 from pid 87037 (timeout)
[    0.000000] Booting Linux on physical CPU 0x0
[    0.000000] Linux version 4.1.17+ (vagrant@vagrant-ubuntu-trusty-64) (gcc version 5.3.0 (GCC) ) #1 Thu Feb 18 01:05:21 UTC 2016
[    0.000000] CPU: ARMv7 Processor [412fc0f1] revision 1 (ARMv7), cr=10c5387d
[    0.000000] CPU: PIPT / VIPT nonaliasing data cache, PIPT instruction cache
[    0.000000] Machine model: linux,dummy-virt
[    0.000000] debug: ignoring loglevel setting.
[    0.000000] Memory policy: Data cache writeback
[    0.000000] On node 0 totalpages: 65536
[    0.000000] free_area_init_node: node 0, pgdat c061dfe8, node_mem_map cfdf9000
[    0.000000]   Normal zone: 512 pages used for memmap
[    0.000000]   Normal zone: 0 pages reserved
[    0.000000]   Normal zone: 65536 pages, LIFO batch:15
[    0.000000] psci: probing for conduit method from DT.
[    0.000000] psci: PSCIv0.2 detected in firmware.
[    0.000000] psci: Using standard PSCI v0.2 function IDs
[    0.000000] CPU: All CPU(s) started in SVC mode.
[    0.000000] pcpu-alloc: s0 r0 d32768 u32768 alloc=1*32768
[    0.000000] pcpu-alloc: [0] 0 
[    0.000000] Built 1 zonelists in Zone order, mobility grouping on.  Total pages: 65024
[    0.000000] Kernel command line: root=/dev/vda1 console=ttyS0 nandsim.parts=64,64,64,64,64,64,64,64,64,64 rdinit=/firmadyne/preInit.sh rw debug ignore_loglevel print-fatal-signals=1 user_debug=31 firmadyne.syscall=0
[    0.000000] PID hash table entries: 1024 (order: 0, 4096 bytes)
[    0.000000] Dentry cache hash table entries: 32768 (order: 5, 131072 bytes)
[    0.000000] Inode-cache hash table entries: 16384 (order: 4, 65536 bytes)
[    0.000000] Memory: 253340K/262144K available (4297K kernel code, 170K rwdata, 1584K rodata, 180K init, 148K bss, 8804K reserved, 0K cma-reserved)
[    0.000000] Virtual kernel memory layout:
[    0.000000]     vector  : 0xffff0000 - 0xffff1000   (   4 kB)
[    0.000000]     fixmap  : 0xffc00000 - 0xfff00000   (3072 kB)
[    0.000000]     vmalloc : 0xd0800000 - 0xff000000   ( 744 MB)
[    0.000000]     lowmem  : 0xc0000000 - 0xd0000000   ( 256 MB)
[    0.000000]     modules : 0xbf000000 - 0xc0000000   (  16 MB)
[    0.000000]       .text : 0xc0008000 - 0xc05c67bc   (5882 kB)
[    0.000000]       .init : 0xc05c7000 - 0xc05f4000   ( 180 kB)
[    0.000000]       .data : 0xc05f4000 - 0xc061e840   ( 171 kB)
[    0.000000]        .bss : 0xc0621000 - 0xc06462d4   ( 149 kB)
[    0.000000] NR_IRQS:16 nr_irqs:16 16
[    0.000000] Architected cp15 timer(s) running at 62.50MHz (virt).
[    0.000000] clocksource arch_sys_counter: mask: 0xffffffffffffff max_cycles: 0x1cd42e208c, max_idle_ns: 881590405314 ns
[    0.000162] sched_clock: 56 bits at 62MHz, resolution 16ns, wraps every 4398046511096ns
[    0.000326] Switching to timer-based delay loop, resolution 16ns
[    0.003607] Console: colour dummy device 80x30
[    0.003955] Calibrating delay loop (skipped), value calculated using timer frequency.. 125.00 BogoMIPS (lpj=625000)
[    0.004093] pid_max: default: 32768 minimum: 301
[    0.005168] Mount-cache hash table entries: 1024 (order: 0, 4096 bytes)
[    0.005213] Mountpoint-cache hash table entries: 1024 (order: 0, 4096 bytes)
[    0.014857] CPU: Testing write buffer coherency: ok
[    0.021523] Setting up static identity map for 0x40008240 - 0x40008298
[    0.400088] VFP support v0.3: implementor 41 architecture 4 part 30 variant f rev 0
[    0.412366] clocksource jiffies: mask: 0xffffffff max_cycles: 0xffffffff, max_idle_ns: 19112604462750000 ns
[    0.422150] NET: Registered protocol family 16
[    0.425496] DMA: preallocated 256 KiB pool for atomic coherent allocations
[    0.430001] cpuidle: using governor ladder
[    0.430167] cpuidle: using governor menu
[    1.608366] Serial: AMBA PL011 UART driver
[    1.610625] 9000000.pl011: ttyS0 at MMIO 0x9000000 (irq = 54, base_baud = 0) is a PL011 rev1
[    1.618602] console [ttyS0] enabled
[    1.642613] vgaarb: loaded
[    1.644215] SCSI subsystem initialized
[    1.645354] usbcore: registered new interface driver usbfs
[    1.645744] usbcore: registered new interface driver hub
[    1.646223] usbcore: registered new device driver usb
[    1.657055] cfg80211: Calling CRDA to update world regulatory domain
[    1.659513] Switched to clocksource arch_sys_counter
[    1.678240] NET: Registered protocol family 2
[    2.196743] TCP established hash table entries: 2048 (order: 1, 8192 bytes)
[    2.197038] TCP bind hash table entries: 2048 (order: 1, 8192 bytes)
[    2.197346] TCP: Hash tables configured (established 2048 bind 2048)
[    2.197925] UDP hash table entries: 256 (order: 0, 4096 bytes)
[    2.198173] UDP-Lite hash table entries: 256 (order: 0, 4096 bytes)
[    2.199854] NET: Registered protocol family 1
[    2.200310] PCI: CLS 0 bytes, default 64
[    2.207913] NetWinder Floating Point Emulator V0.97 (extended precision)
[    2.210945] futex hash table entries: 256 (order: -1, 3072 bytes)
[    2.216609] squashfs: version 4.0 (2009/01/31) Phillip Lougher
[    2.218221] jffs2: version 2.2. (NAND) © 2001-2006 Red Hat, Inc.
[    2.219078] romfs: ROMFS MTD (C) 2007 Red Hat, Inc.
[    2.228179] Block layer SCSI generic (bsg) driver version 0.4 loaded (major 253)
[    2.228551] io scheduler noop registered
[    2.228804] io scheduler cfq registered (default)
[    2.229716] firmadyne: devfs: 1, execute: 1, procfs: 1, syscall: 0
[    2.231093] ------------[ cut here ]------------
[    2.231295] WARNING: CPU: 0 PID: 1 at /home/vagrant/firmadyne-kernel/kernel-v4.1/fs/sysfs/dir.c:31 sysfs_warn_dup+0x50/0x6c()
[    2.231523] sysfs: cannot create duplicate filename '/class/gpio'
[    2.231684] Modules linked in:
[    2.232025] CPU: 0 PID: 1 Comm: swapper Not tainted 4.1.17+ #1
[    2.232164] Hardware name: Generic DT based system
[    2.233030] [<c001c99c>] (unwind_backtrace) from [<c0019d30>] (show_stack+0x10/0x14)
[    2.233323] [<c0019d30>] (show_stack) from [<c0024ab4>] (warn_slowpath_common+0x80/0xa8)
[    2.233523] [<c0024ab4>] (warn_slowpath_common) from [<c0024b08>] (warn_slowpath_fmt+0x2c/0x3c)
[    2.233786] [<c0024b08>] (warn_slowpath_fmt) from [<c00e363c>] (sysfs_warn_dup+0x50/0x6c)
[    2.233968] [<c00e363c>] (sysfs_warn_dup) from [<c00e3714>] (sysfs_create_dir_ns+0x74/0x84)
[    2.234150] [<c00e3714>] (sysfs_create_dir_ns) from [<c018e6ac>] (kobject_add_internal+0xb8/0x2ac)
[    2.234339] [<c018e6ac>] (kobject_add_internal) from [<c018e9a8>] (kset_register+0x1c/0x44)
[    2.234518] [<c018e9a8>] (kset_register) from [<c02090b4>] (__class_register+0xa8/0x198)
[    2.234711] [<c02090b4>] (__class_register) from [<c02091e4>] (__class_create+0x40/0x70)
[    2.234887] [<c02091e4>] (__class_create) from [<c01adf68>] (register_devfs_stubs+0x314/0xbb4)
[    2.235070] [<c01adf68>] (register_devfs_stubs) from [<c05d9b08>] (init_module+0x28/0xa4)
[    2.235276] [<c05d9b08>] (init_module) from [<c0009670>] (do_one_initcall+0x104/0x1b4)
[    2.235448] [<c0009670>] (do_one_initcall) from [<c05c7d08>] (kernel_init_freeable+0xf0/0x1b0)
[    2.235635] [<c05c7d08>] (kernel_init_freeable) from [<c040f28c>] (kernel_init+0x8/0xe4)
[    2.235819] [<c040f28c>] (kernel_init) from [<c0016da8>] (ret_from_fork+0x14/0x2c)
[    2.236078] ---[ end trace 58149f9a374c4f00 ]---
[    2.236276] ------------[ cut here ]------------
[    2.236391] WARNING: CPU: 0 PID: 1 at /home/vagrant/firmadyne-kernel/kernel-v4.1/lib/kobject.c:240 kobject_add_internal+0x240/0x2ac()
[    2.236618] kobject_add_internal failed for gpio with -EEXIST, don't try to register things with the same name in the same directory.
[    2.236846] Modules linked in:
[    2.236995] CPU: 0 PID: 1 Comm: swapper Tainted: G        W       4.1.17+ #1
[    2.237132] Hardware name: Generic DT based system
[    2.237252] [<c001c99c>] (unwind_backtrace) from [<c0019d30>] (show_stack+0x10/0x14)
[    2.237416] [<c0019d30>] (show_stack) from [<c0024ab4>] (warn_slowpath_common+0x80/0xa8)
[    2.237587] [<c0024ab4>] (warn_slowpath_common) from [<c0024b08>] (warn_slowpath_fmt+0x2c/0x3c)
[    2.237784] [<c0024b08>] (warn_slowpath_fmt) from [<c018e834>] (kobject_add_internal+0x240/0x2ac)
[    2.237982] [<c018e834>] (kobject_add_internal) from [<c018e9a8>] (kset_register+0x1c/0x44)
[    2.238153] [<c018e9a8>] (kset_register) from [<c02090b4>] (__class_register+0xa8/0x198)
[    2.238322] [<c02090b4>] (__class_register) from [<c02091e4>] (__class_create+0x40/0x70)
[    2.238490] [<c02091e4>] (__class_create) from [<c01adf68>] (register_devfs_stubs+0x314/0xbb4)
[    2.238670] [<c01adf68>] (register_devfs_stubs) from [<c05d9b08>] (init_module+0x28/0xa4)
[    2.238859] [<c05d9b08>] (init_module) from [<c0009670>] (do_one_initcall+0x104/0x1b4)
[    2.239027] [<c0009670>] (do_one_initcall) from [<c05c7d08>] (kernel_init_freeable+0xf0/0x1b0)
[    2.239375] [<c05c7d08>] (kernel_init_freeable) from [<c040f28c>] (kernel_init+0x8/0xe4)
[    2.239549] [<c040f28c>] (kernel_init) from [<c0016da8>] (ret_from_fork+0x14/0x2c)
[    2.239732] ---[ end trace 58149f9a374c4f01 ]---
[    2.239904] firmadyne: Cannot create device class: gpio!
[    2.241747] firmadyne: Cannot register character device: watchdog, 0xa, 0x82!
[    2.241928] firmadyne: Cannot register character device: wdt, 0xfd, 0x0!
[    2.324423] PCI host bridge /pcie@10000000 ranges:
[    2.325040]    IO 0x3eff0000..0x3effffff -> 0x00000000
[    2.325401]   MEM 0x10000000..0x3efeffff -> 0x10000000
[    2.325531]   MEM 0x8000000000..0xffffffffff -> 0x8000000000
[    2.326228] pci-host-generic 3f000000.pcie: resource collision: [mem 0x00000000-0xffffffff] conflicts with /pl011@9000000 [mem 0x09000000-0x09000fff]
[    2.326974] pci-host-generic: probe of 3f000000.pcie failed with error -16
[    2.338878] Non-volatile memory driver v1.3
[    2.648845] brd: module loaded
[    2.659558] loop: module loaded
[    2.682620]  vda: vda1
[    2.695548] 0.flash: Found 2 x16 devices at 0x0 in 32-bit bank. Manufacturer ID 0x000000 Chip ID 0x000000
[    2.696258] Intel/Sharp Extended Query Table at 0x0031
[    2.697497] Using buffer write method
[    2.697966] erase region 0: offset=0x0,size=0x40000,blocks=256
[    2.705600] 0.flash: Found 2 x16 devices at 0x0 in 32-bit bank. Manufacturer ID 0x000000 Chip ID 0x000000
[    2.705890] Intel/Sharp Extended Query Table at 0x0031
[    2.706698] Using buffer write method
[    2.706847] erase region 0: offset=0x0,size=0x40000,blocks=256
[    2.707066] Concatenating MTD devices:
[    2.707175] (0): "0.flash"
[    2.707255] (1): "0.flash"
[    2.707324] into device "0.flash"
[    2.721518] [nandsim] warning: read_byte: unexpected data output cycle, state is STATE_READY return 0x0
[    2.721787] [nandsim] warning: read_byte: unexpected data output cycle, state is STATE_READY return 0x0
[    2.721966] [nandsim] warning: read_byte: unexpected data output cycle, state is STATE_READY return 0x0
[    2.722138] [nandsim] warning: read_byte: unexpected data output cycle, state is STATE_READY return 0x0
[    2.722309] [nandsim] warning: read_byte: unexpected data output cycle, state is STATE_READY return 0x0
[    2.722480] [nandsim] warning: read_byte: unexpected data output cycle, state is STATE_READY return 0x0
[    2.722915] nand: device found, Manufacturer ID: 0x98, Chip ID: 0x39
[    2.723065] nand: Toshiba NAND 128MiB 1,8V 8-bit
[    2.723191] nand: 128 MiB, SLC, erase size: 16 KiB, page size: 512, OOB size: 16
[    2.724136] flash size: 128 MiB
[    2.724225] page size: 512 bytes
[    2.724302] OOB area size: 16 bytes
[    2.724382] sector size: 16 KiB
[    2.724455] pages number: 262144
[    2.724552] pages per sector: 32
[    2.724628] bus width: 8
[    2.724712] bits in sector size: 14
[    2.724792] bits in page size: 9
[    2.724870] bits in OOB size: 4
[    2.724951] flash size with OOB: 135168 KiB
[    2.725043] page address bytes: 4
[    2.725118] sector address bytes: 3
[    2.725198] options: 0x42
[    2.861165] Scanning device for bad blocks
[    2.975157] firmadyne: do_execve: /firmadyne/console
[    2.975396] OFFSETS: offset of pid: 0x190 offset of comm: 0x270
[    2.975898] Creating 11 MTD partitions on "NAND 128MiB 1,8V 8-bit":
[    2.976348] 0x000000000000-0x000000100000 : "NAND simulator partition 0"
[    2.978751] 0x000000100000-0x000000200000 : "NAND simulator partition 1"
[    2.980473] 0x000000200000-0x000000300000 : "NAND simulator partition 2"
[    2.981965] 0x000000300000-0x000000400000 : "NAND simulator partition 3"
[    2.983464] 0x000000400000-0x000000500000 : "NAND simulator partition 4"
[    2.984964] 0x000000500000-0x000000600000 : "NAND simulator partition 5"
[    2.986404] 0x000000600000-0x000000700000 : "NAND simulator partition 6"
[    2.988147] 0x000000700000-0x000000800000 : "NAND simulator partition 7"
[    2.989746] 0x000000800000-0x000000900000 : "NAND simulator partition 8"
[    2.991198] 0x000000900000-0x000000a00000 : "NAND simulator partition 9"
[    2.992641] 0x000000a00000-0x000008000000 : "NAND simulator partition 10"
[    2.998589] tun: Universal TUN/TAP device driver, 1.6
[    2.998757] tun: (C) 1999-2004 Max Krasnyansky <maxk@qualcomm.com>
[    3.142502] PPP generic driver version 2.4.2
[    3.143632] PPP BSD Compression module registered
[    3.143936] PPP Deflate Compression module registered
[    3.144305] PPP MPPE Compression module registered
[    3.144534] NET: Registered protocol family 24
[    3.145075] PPTP driver version 0.8.5
[    3.240559] usbcore: registered new interface driver usb-storage
[    3.244214] rtc-pl031 9010000.pl031: rtc core: registered pl031 as rtc0
[    3.245062] hidraw: raw HID events driver (C) Jiri Kosina
[    3.245686] usbcore: registered new interface driver usbhid
[    3.245855] usbhid: USB HID core driver
[    3.246399] Netfilter messages via NETLINK v0.30.
[    3.247113] nf_conntrack version 0.5.0 (3958 buckets, 15832 max)
[    3.248613] ctnetlink v0.93: registering with nfnetlink.
[    3.250279] ipip: IPv4 over IPv4 tunneling driver
[    3.252562] gre: GRE over IPv4 demultiplexor driver
[    3.252754] ip_gre: GRE over IPv4 tunneling driver
[    3.257622] ip_tables: (C) 2000-2006 Netfilter Core Team
[    3.259803] arp_tables: (C) 2002 David S. Miller
[    3.260967] Initializing XFRM netlink socket
[    3.261541] NET: Registered protocol family 10
[    3.269089] ip6_tables: (C) 2000-2006 Netfilter Core Team
[    3.271109] sit: IPv6 over IPv4 tunneling driver
[    3.275311] NET: Registered protocol family 17
[    3.276059] bridge: automatic filtering via arp/ip/ip6tables has been deprecated. Update your scripts to load br_netfilter if you need this.
[    3.276418] Bridge firewalling registered
[    3.276573] Ebtables v2.0 registered
[    3.277861] 8021q: 802.1Q VLAN Support v1.8
[    3.278530] Registering SWP/SWPB emulation handler
[    3.281763] rtc-pl031 9010000.pl031: setting system clock to 2018-07-19 10:13:46 UTC (1531995226)
[    3.308154] EXT4-fs (vda1): couldn't mount as ext3 due to feature incompatibilities
[    3.310608] EXT4-fs (vda1): mounting ext2 file system using the ext4 subsystem
[    3.319635] EXT4-fs (vda1): warning: mounting unchecked fs, running e2fsck is recommended
[    3.322792] EXT4-fs (vda1): mounted filesystem without journal. Opts: (null)
[    3.324022] VFS: Mounted root (ext2 filesystem) on device 254:1.
[    3.342766] Freeing unused kernel memory: 180K (c05c7000 - c05f4000)
[    3.419549] firmadyne: sys_reboot[PID: 1 (init)]: magic1:fee1dead, magic2:28121969, cmd:0
starting pid 54, tty '': '/etc/init.d/rcS'
mount: permission denied (are you root?)
mount: permission denied (are you root?)
mount: can't read '/proc/mounts': No such file or directory
ifconfig: SIOCSIFFLAGS: Operation not permitted
route: SIOCADDRT: Operation not permitted
starting pid 62, tty '/dev/ttyS0': '/etc/rc.d/rc.fastpath'
/etc/rc.d/rc.fastpath: line 1685: can't create /proc/sys/kernel/printk: nonexistent directory
[    6.416413] cfg80211: Calling CRDA to update world regulatory domain
ifconfig: SIOCSIFADDR: Operation not permitted
mount: no /proc/mounts
Mounting /dev/mtdblock5 at /mnt/fastpath.
*** Mount failed!
Mounting tmpfs at /mnt/application...done.

EdgeSwitch Startup

Select startup mode.  If no selection is made within 5 seconds,
the EdgeSwitch will start automatically...

EdgeSwitch Startup -- Main Menu
  
1 - Start EdgeSwitch
2 - Display Utility Menu
Select (1, 2): [    9.559549] cfg80211: Calling CRDA to update world regulatory domain
[   12.710939] cfg80211: Calling CRDA to update world regulatory domain
 
/etc/rc.d/rc.fastpath: line 1741: can't create /proc/sys/vm/overcommit_memory: nonexistent directory
Warning: Bad CRC, using default environment
cat: can't open '/proc/mtd': No such file or directory
Failed to read boot partition from env, using the default BOOT_PART = /dev/mtd3
BOOT_PART = /dev/mtd3
ifconfig: SIOCSIFADDR: Operation not permitted
Copying /dev/mtd3 to RAM...done.
Extracting EdgeSwitch .....warning: invalid STK header, assuming uimage
error: invalid uimage header
done
Loading EdgeSwitch .....tar: can't open 'switchdrvr.tgz': No such file or directory
grep: /mnt/application/fastpath.vpd: No such file or directory
/mnt/application
done
/etc/rc.d/rc.fastpath: line 1741: can't create /proc/sys/kernel/printk: nonexistent directory
/etc/rc.d/rc.fastpath: line 1741: /mnt/application/procmgr: not found
starting pid 101, tty '': '/etc/rc.d/rc.reboot'

syncing filesystems....This may take a few moments
[   16.193880] cfg80211: Calling CRDA to update world regulatory domain
Rebooting system!
The system is going down NOW!
Sent SIGTERM to all processes
Sent SIGKILL to all processes
Requesting system reboot
[   18.256235] firmadyne: sys_reboot[PID: 107 (init)]: magic1:fee1dead, magic2:28121969, cmd:1234567
[   18.256740] firmadyne: sys_reboot: removed CAP_SYS_BOOT, starting init...
[   19.339640] cfg80211: Calling CRDA to update world regulatory domain
[   22.490036] cfg80211: Calling CRDA to update world regulatory domain
[   25.639983] cfg80211: Calling CRDA to update world regulatory domain
[   28.790237] cfg80211: Calling CRDA to update world regulatory domain
[   31.940251] cfg80211: Calling CRDA to update world regulatory domain
[   35.090186] cfg80211: Calling CRDA to update world regulatory domain
[   38.239755] cfg80211: Exceeded CRDA call max attempts. Not calling CRDA
