>> Database Image ID: 87

/home/zhumengfan/firmware/firmwares/d6900de2395350c1dec0e284b63a5eb009985aa5.ZIP
>> MD5: 98c8e7f882a6a375e5f08f9c5330a119
>> Tag: 87
>> Temp: /tmp/tmpOpoXgO
>> Status: Kernel: True, Rootfs: False, Do_Kernel: False,                 Do_Rootfs: True
>>>> Zip archive data, at least v2.0 to extract, compressed size: 11018380, uncompressed size: 11026576, name: DIR-868L_FIRMWARE_1.07B02.bin
>> Recursing into archive ...
	
/tmp/tmpOpoXgO/_d6900de2395350c1dec0e284b63a5eb009985aa5.ZIP.extracted/DIR-868L_FIRMWARE_1.07B02.bin
	>> MD5: 650b1cadee2ab95e0187f9629a850eef
	>> Tag: 87
	>> Temp: /tmp/tmp7iKL6G
	>> Status: Kernel: True, Rootfs: False, Do_Kernel: False,                 Do_Rootfs: True
	>>>> Squashfs filesystem, little endian, version 4.0, compression:xz, size: 9318640 bytes, 2462 inodes, blocksize: 131072 bytes, created: 2013-12-30 11:25:14
	>>>> Found Linux filesystem in /tmp/tmp7iKL6G/_DIR-868L_FIRMWARE_1.07B02.bin.extracted/squashfs-root!
	>> Skipping: completed!
	>> Cleaning up /tmp/tmp7iKL6G...
>> Skipping: completed!
>> Cleaning up /tmp/tmpOpoXgO...
./bin/busybox: armel
Querying database for architecture... armel
----Running----
----Copying Filesystem Tarball----
----Creating QEMU Image----
Formatting '/home/zhumengfan/firmadyne//scratch//87//image.raw', fmt=raw size=1073741824
----Creating Partition Table----

Welcome to fdisk (util-linux 2.27.1).
Changes will remain in memory only, until you decide to write them.
Be careful before using the write command.

Device does not contain a recognized partition table.
Created a new DOS disklabel with disk identifier 0x714f83c6.

Command (m for help): Created a new DOS disklabel with disk identifier 0x525587cd.

Command (m for help): Partition type
   p   primary (0 primary, 0 extended, 4 free)
   e   extended (container for logical partitions)
Select (default p): Partition number (1-4, default 1): First sector (2048-2097151, default 2048): Last sector, +sectors or +size{K,M,G,T,P} (2048-2097151, default 2097151): 
Created a new partition 1 of type 'Linux' and of size 1023 MiB.

Command (m for help): The partition table has been altered.
Syncing disks.

----Mounting QEMU Image----
add map loop0p1 (252:0): 0 2095104 linear 7:0 2048
----Creating Filesystem----
mke2fs 1.42.13 (17-May-2015)
Discarding device blocks:   4096/261888             done                            
Creating filesystem with 261888 4k blocks and 65536 inodes
Filesystem UUID: 77df0d5f-a8cf-40bd-89f8-77feefb640c3
Superblock backups stored on blocks: 
	32768, 98304, 163840, 229376

Allocating group tables: 0/8   done                            
Writing inode tables: 0/8   done                            
Writing superblocks and filesystem accounting information: 0/8   done

----Making QEMU Image Mountpoint----
----Mounting QEMU Image Partition 1----
----Extracting Filesystem Tarball----
----Creating FIRMADYNE Directories----
----Patching Filesystem (chroot)----
Creating /etc/TZ!
Creating /etc/hosts!
Creating /etc/passwd!
Warning: Recreating device nodes!
Removing /etc/scripts/sys_resetbutton!
----Setting up FIRMADYNE----
----Unmounting QEMU Image----
loop deleted : /dev/loop0
Querying database for architecture... armel
Running firmware 87: terminating after 60 secs...
qemu-system-arm: terminating on signal 2 from pid 106287 (timeout)
Inferring network...
Interfaces: []
Done!
[    0.000000] Booting Linux on physical CPU 0x0
[    0.000000] Linux version 4.1.17+ (vagrant@vagrant-ubuntu-trusty-64) (gcc version 5.3.0 (GCC) ) #1 Thu Feb 18 01:05:21 UTC 2016
[    0.000000] CPU: ARMv7 Processor [412fc0f1] revision 1 (ARMv7), cr=10c5387d
[    0.000000] CPU: PIPT / VIPT nonaliasing data cache, PIPT instruction cache
[    0.000000] Machine model: linux,dummy-virt
[    0.000000] debug: ignoring loglevel setting.
[    0.000000] Memory policy: Data cache writeback
[    0.000000] On node 0 totalpages: 65536
[    0.000000] free_area_init_node: node 0, pgdat c061dfe8, node_mem_map cfdf9000
[    0.000000]   Normal zone: 512 pages used for memmap
[    0.000000]   Normal zone: 0 pages reserved
[    0.000000]   Normal zone: 65536 pages, LIFO batch:15
[    0.000000] psci: probing for conduit method from DT.
[    0.000000] psci: PSCIv0.2 detected in firmware.
[    0.000000] psci: Using standard PSCI v0.2 function IDs
[    0.000000] CPU: All CPU(s) started in SVC mode.
[    0.000000] pcpu-alloc: s0 r0 d32768 u32768 alloc=1*32768
[    0.000000] pcpu-alloc: [0] 0 
[    0.000000] Built 1 zonelists in Zone order, mobility grouping on.  Total pages: 65024
[    0.000000] Kernel command line: firmadyne.syscall=1 root=/dev/vda1 console=ttyS0 nandsim.parts=64,64,64,64,64,64,64,64,64,64 rdinit=/firmadyne/preInit.sh rw debug ignore_loglevel print-fatal-signals=1 user_debug=31
[    0.000000] PID hash table entries: 1024 (order: 0, 4096 bytes)
[    0.000000] Dentry cache hash table entries: 32768 (order: 5, 131072 bytes)
[    0.000000] Inode-cache hash table entries: 16384 (order: 4, 65536 bytes)
[    0.000000] Memory: 253340K/262144K available (4297K kernel code, 170K rwdata, 1584K rodata, 180K init, 148K bss, 8804K reserved, 0K cma-reserved)
[    0.000000] Virtual kernel memory layout:
[    0.000000]     vector  : 0xffff0000 - 0xffff1000   (   4 kB)
[    0.000000]     fixmap  : 0xffc00000 - 0xfff00000   (3072 kB)
[    0.000000]     vmalloc : 0xd0800000 - 0xff000000   ( 744 MB)
[    0.000000]     lowmem  : 0xc0000000 - 0xd0000000   ( 256 MB)
[    0.000000]     modules : 0xbf000000 - 0xc0000000   (  16 MB)
[    0.000000]       .text : 0xc0008000 - 0xc05c67bc   (5882 kB)
[    0.000000]       .init : 0xc05c7000 - 0xc05f4000   ( 180 kB)
[    0.000000]       .data : 0xc05f4000 - 0xc061e840   ( 171 kB)
[    0.000000]        .bss : 0xc0621000 - 0xc06462d4   ( 149 kB)
[    0.000000] NR_IRQS:16 nr_irqs:16 16
[    0.000000] Architected cp15 timer(s) running at 62.50MHz (virt).
[    0.000000] clocksource arch_sys_counter: mask: 0xffffffffffffff max_cycles: 0x1cd42e208c, max_idle_ns: 881590405314 ns
[    0.000158] sched_clock: 56 bits at 62MHz, resolution 16ns, wraps every 4398046511096ns
[    0.000301] Switching to timer-based delay loop, resolution 16ns
[    0.003409] Console: colour dummy device 80x30
[    0.003738] Calibrating delay loop (skipped), value calculated using timer frequency.. 125.00 BogoMIPS (lpj=625000)
[    0.003870] pid_max: default: 32768 minimum: 301
[    0.004770] Mount-cache hash table entries: 1024 (order: 0, 4096 bytes)
[    0.004808] Mountpoint-cache hash table entries: 1024 (order: 0, 4096 bytes)
[    0.014164] CPU: Testing write buffer coherency: ok
[    5.948160] Setting up static identity map for 0x40008240 - 0x40008298
[    5.963856] VFP support v0.3: implementor 41 architecture 4 part 30 variant f rev 0
[    5.973337] clocksource jiffies: mask: 0xffffffff max_cycles: 0xffffffff, max_idle_ns: 19112604462750000 ns
[    9.984624] NET: Registered protocol family 16
[    9.987900] DMA: preallocated 256 KiB pool for atomic coherent allocations
[    9.992271] cpuidle: using governor ladder
[    9.992435] cpuidle: using governor menu
[   10.013307] Serial: AMBA PL011 UART driver
[   10.015518] 9000000.pl011: ttyS0 at MMIO 0x9000000 (irq = 54, base_baud = 0) is a PL011 rev1
[   10.023143] console [ttyS0] enabled
[   10.045391] vgaarb: loaded
[   10.046908] SCSI subsystem initialized
[   10.047978] usbcore: registered new interface driver usbfs
[   10.048337] usbcore: registered new interface driver hub
[   10.048651] usbcore: registered new device driver usb
[   15.960745] cfg80211: Calling CRDA to update world regulatory domain
[   15.963113] Switched to clocksource arch_sys_counter
[   15.981004] NET: Registered protocol family 2
[   15.986365] TCP established hash table entries: 2048 (order: 1, 8192 bytes)
[   15.986626] TCP bind hash table entries: 2048 (order: 1, 8192 bytes)
[   15.986934] TCP: Hash tables configured (established 2048 bind 2048)
[   15.987474] UDP hash table entries: 256 (order: 0, 4096 bytes)
[   15.987722] UDP-Lite hash table entries: 256 (order: 0, 4096 bytes)
[   15.989139] NET: Registered protocol family 1
[   15.989593] PCI: CLS 0 bytes, default 64
[   15.996843] NetWinder Floating Point Emulator V0.97 (extended precision)
[   15.999442] futex hash table entries: 256 (order: -1, 3072 bytes)
[   16.004893] squashfs: version 4.0 (2009/01/31) Phillip Lougher
[   16.005912] jffs2: version 2.2. (NAND) © 2001-2006 Red Hat, Inc.
[   16.006703] romfs: ROMFS MTD (C) 2007 Red Hat, Inc.
[   18.224007] Block layer SCSI generic (bsg) driver version 0.4 loaded (major 253)
[   18.224395] io scheduler noop registered
[   18.224642] io scheduler cfq registered (default)
[   18.225348] firmadyne: devfs: 1, execute: 1, procfs: 1, syscall: 1
[   18.226673] ------------[ cut here ]------------
[   18.226885] WARNING: CPU: 0 PID: 1 at /home/vagrant/firmadyne-kernel/kernel-v4.1/fs/sysfs/dir.c:31 sysfs_warn_dup+0x50/0x6c()
[   18.227112] sysfs: cannot create duplicate filename '/class/gpio'
[   18.227282] Modules linked in:
[   18.227597] CPU: 0 PID: 1 Comm: swapper Not tainted 4.1.17+ #1
[   18.227735] Hardware name: Generic DT based system
[   18.228429] [<c001c99c>] (unwind_backtrace) from [<c0019d30>] (show_stack+0x10/0x14)
[   18.228705] [<c0019d30>] (show_stack) from [<c0024ab4>] (warn_slowpath_common+0x80/0xa8)
[   18.228902] [<c0024ab4>] (warn_slowpath_common) from [<c0024b08>] (warn_slowpath_fmt+0x2c/0x3c)
[   18.229152] [<c0024b08>] (warn_slowpath_fmt) from [<c00e363c>] (sysfs_warn_dup+0x50/0x6c)
[   18.229331] [<c00e363c>] (sysfs_warn_dup) from [<c00e3714>] (sysfs_create_dir_ns+0x74/0x84)
[   18.229512] [<c00e3714>] (sysfs_create_dir_ns) from [<c018e6ac>] (kobject_add_internal+0xb8/0x2ac)
[   18.229699] [<c018e6ac>] (kobject_add_internal) from [<c018e9a8>] (kset_register+0x1c/0x44)
[   18.229878] [<c018e9a8>] (kset_register) from [<c02090b4>] (__class_register+0xa8/0x198)
[   18.230051] [<c02090b4>] (__class_register) from [<c02091e4>] (__class_create+0x40/0x70)
[   18.230223] [<c02091e4>] (__class_create) from [<c01adf68>] (register_devfs_stubs+0x314/0xbb4)
[   18.230406] [<c01adf68>] (register_devfs_stubs) from [<c05d9b08>] (init_module+0x28/0xa4)
[   18.230608] [<c05d9b08>] (init_module) from [<c0009670>] (do_one_initcall+0x104/0x1b4)
[   18.230780] [<c0009670>] (do_one_initcall) from [<c05c7d08>] (kernel_init_freeable+0xf0/0x1b0)
[   18.230966] [<c05c7d08>] (kernel_init_freeable) from [<c040f28c>] (kernel_init+0x8/0xe4)
[   18.231134] [<c040f28c>] (kernel_init) from [<c0016da8>] (ret_from_fork+0x14/0x2c)
[   18.231398] ---[ end trace 7b0d3dad61c9d923 ]---
[   18.231602] ------------[ cut here ]------------
[   18.231716] WARNING: CPU: 0 PID: 1 at /home/vagrant/firmadyne-kernel/kernel-v4.1/lib/kobject.c:240 kobject_add_internal+0x240/0x2ac()
[   18.231934] kobject_add_internal failed for gpio with -EEXIST, don't try to register things with the same name in the same directory.
[   18.232146] Modules linked in:
[   18.232287] CPU: 0 PID: 1 Comm: swapper Tainted: G        W       4.1.17+ #1
[   18.232422] Hardware name: Generic DT based system
[   18.232542] [<c001c99c>] (unwind_backtrace) from [<c0019d30>] (show_stack+0x10/0x14)
[   18.232706] [<c0019d30>] (show_stack) from [<c0024ab4>] (warn_slowpath_common+0x80/0xa8)
[   18.233121] [<c0024ab4>] (warn_slowpath_common) from [<c0024b08>] (warn_slowpath_fmt+0x2c/0x3c)
[   18.233314] [<c0024b08>] (warn_slowpath_fmt) from [<c018e834>] (kobject_add_internal+0x240/0x2ac)
[   18.233507] [<c018e834>] (kobject_add_internal) from [<c018e9a8>] (kset_register+0x1c/0x44)
[   18.233680] [<c018e9a8>] (kset_register) from [<c02090b4>] (__class_register+0xa8/0x198)
[   18.233848] [<c02090b4>] (__class_register) from [<c02091e4>] (__class_create+0x40/0x70)
[   18.234017] [<c02091e4>] (__class_create) from [<c01adf68>] (register_devfs_stubs+0x314/0xbb4)
[   18.234197] [<c01adf68>] (register_devfs_stubs) from [<c05d9b08>] (init_module+0x28/0xa4)
[   18.234368] [<c05d9b08>] (init_module) from [<c0009670>] (do_one_initcall+0x104/0x1b4)
[   18.234535] [<c0009670>] (do_one_initcall) from [<c05c7d08>] (kernel_init_freeable+0xf0/0x1b0)
[   18.234711] [<c05c7d08>] (kernel_init_freeable) from [<c040f28c>] (kernel_init+0x8/0xe4)
[   18.234874] [<c040f28c>] (kernel_init) from [<c0016da8>] (ret_from_fork+0x14/0x2c)
[   18.235049] ---[ end trace 7b0d3dad61c9d924 ]---
[   18.235218] firmadyne: Cannot create device class: gpio!
[   18.236979] firmadyne: Cannot register character device: watchdog, 0xa, 0x82!
[   18.237169] firmadyne: Cannot register character device: wdt, 0xfd, 0x0!
[   18.318641] PCI host bridge /pcie@10000000 ranges:
[   18.319228]    IO 0x3eff0000..0x3effffff -> 0x00000000
[   18.319602]   MEM 0x10000000..0x3efeffff -> 0x10000000
[   18.319735]   MEM 0x8000000000..0xffffffffff -> 0x8000000000
[   18.320400] pci-host-generic 3f000000.pcie: resource collision: [mem 0x00000000-0xffffffff] conflicts with /pl011@9000000 [mem 0x09000000-0x09000fff]
[   18.321127] pci-host-generic: probe of 3f000000.pcie failed with error -16
[   18.332679] Non-volatile memory driver v1.3
[   19.372109] cfg80211: Calling CRDA to update world regulatory domain
[   19.391586] brd: module loaded
[   19.401888] loop: module loaded
Starting firmware emulation... use Ctrl-a + x to exit
qemu-system-arm: terminating on signal 2 from pid 106438 (timeout)
[    0.000000] Booting Linux on physical CPU 0x0
[    0.000000] Linux version 4.1.17+ (vagrant@vagrant-ubuntu-trusty-64) (gcc version 5.3.0 (GCC) ) #1 Thu Feb 18 01:05:21 UTC 2016
[    0.000000] CPU: ARMv7 Processor [412fc0f1] revision 1 (ARMv7), cr=10c5387d
[    0.000000] CPU: PIPT / VIPT nonaliasing data cache, PIPT instruction cache
[    0.000000] Machine model: linux,dummy-virt
[    0.000000] debug: ignoring loglevel setting.
[    0.000000] Memory policy: Data cache writeback
[    0.000000] On node 0 totalpages: 65536
[    0.000000] free_area_init_node: node 0, pgdat c061dfe8, node_mem_map cfdf9000
[    0.000000]   Normal zone: 512 pages used for memmap
[    0.000000]   Normal zone: 0 pages reserved
[    0.000000]   Normal zone: 65536 pages, LIFO batch:15
[    0.000000] psci: probing for conduit method from DT.
[    0.000000] psci: PSCIv0.2 detected in firmware.
[    0.000000] psci: Using standard PSCI v0.2 function IDs
[    0.000000] CPU: All CPU(s) started in SVC mode.
[    0.000000] pcpu-alloc: s0 r0 d32768 u32768 alloc=1*32768
[    0.000000] pcpu-alloc: [0] 0 
[    0.000000] Built 1 zonelists in Zone order, mobility grouping on.  Total pages: 65024
[    0.000000] Kernel command line: root=/dev/vda1 console=ttyS0 nandsim.parts=64,64,64,64,64,64,64,64,64,64 rdinit=/firmadyne/preInit.sh rw debug ignore_loglevel print-fatal-signals=1 user_debug=31 firmadyne.syscall=0
[    0.000000] PID hash table entries: 1024 (order: 0, 4096 bytes)
[    0.000000] Dentry cache hash table entries: 32768 (order: 5, 131072 bytes)
[    0.000000] Inode-cache hash table entries: 16384 (order: 4, 65536 bytes)
[    0.000000] Memory: 253340K/262144K available (4297K kernel code, 170K rwdata, 1584K rodata, 180K init, 148K bss, 8804K reserved, 0K cma-reserved)
[    0.000000] Virtual kernel memory layout:
[    0.000000]     vector  : 0xffff0000 - 0xffff1000   (   4 kB)
[    0.000000]     fixmap  : 0xffc00000 - 0xfff00000   (3072 kB)
[    0.000000]     vmalloc : 0xd0800000 - 0xff000000   ( 744 MB)
[    0.000000]     lowmem  : 0xc0000000 - 0xd0000000   ( 256 MB)
[    0.000000]     modules : 0xbf000000 - 0xc0000000   (  16 MB)
[    0.000000]       .text : 0xc0008000 - 0xc05c67bc   (5882 kB)
[    0.000000]       .init : 0xc05c7000 - 0xc05f4000   ( 180 kB)
[    0.000000]       .data : 0xc05f4000 - 0xc061e840   ( 171 kB)
[    0.000000]        .bss : 0xc0621000 - 0xc06462d4   ( 149 kB)
[    0.000000] NR_IRQS:16 nr_irqs:16 16
[    0.000000] Architected cp15 timer(s) running at 62.50MHz (virt).
[    0.000000] clocksource arch_sys_counter: mask: 0xffffffffffffff max_cycles: 0x1cd42e208c, max_idle_ns: 881590405314 ns
[    0.000161] sched_clock: 56 bits at 62MHz, resolution 16ns, wraps every 4398046511096ns
[    0.000305] Switching to timer-based delay loop, resolution 16ns
[    0.003453] Console: colour dummy device 80x30
[    0.003794] Calibrating delay loop (skipped), value calculated using timer frequency.. 125.00 BogoMIPS (lpj=625000)
[    0.003932] pid_max: default: 32768 minimum: 301
[    1.495218] Mount-cache hash table entries: 1024 (order: 0, 4096 bytes)
[    1.495271] Mountpoint-cache hash table entries: 1024 (order: 0, 4096 bytes)
[    1.502540] CPU: Testing write buffer coherency: ok
[    1.508896] Setting up static identity map for 0x40008240 - 0x40008298
[    1.523930] VFP support v0.3: implementor 41 architecture 4 part 30 variant f rev 0
[    2.945815] clocksource jiffies: mask: 0xffffffff max_cycles: 0xffffffff, max_idle_ns: 19112604462750000 ns
[    2.955160] NET: Registered protocol family 16
[    2.958393] DMA: preallocated 256 KiB pool for atomic coherent allocations
[    2.962694] cpuidle: using governor ladder
[    2.962864] cpuidle: using governor menu
[    2.984093] Serial: AMBA PL011 UART driver
[    2.986334] 9000000.pl011: ttyS0 at MMIO 0x9000000 (irq = 54, base_baud = 0) is a PL011 rev1
[    2.994079] console [ttyS0] enabled
[    3.025955] vgaarb: loaded
[    3.027673] SCSI subsystem initialized
[    3.028747] usbcore: registered new interface driver usbfs
[    3.029106] usbcore: registered new interface driver hub
[    3.029442] usbcore: registered new device driver usb
[    3.038902] cfg80211: Calling CRDA to update world regulatory domain
[    3.041256] Switched to clocksource arch_sys_counter
[    3.059095] NET: Registered protocol family 2
[    3.064535] TCP established hash table entries: 2048 (order: 1, 8192 bytes)
[    3.064818] TCP bind hash table entries: 2048 (order: 1, 8192 bytes)
[    3.065126] TCP: Hash tables configured (established 2048 bind 2048)
[    3.065697] UDP hash table entries: 256 (order: 0, 4096 bytes)
[    3.065952] UDP-Lite hash table entries: 256 (order: 0, 4096 bytes)
[    3.067423] NET: Registered protocol family 1
[    3.067899] PCI: CLS 0 bytes, default 64
[    3.362205] NetWinder Floating Point Emulator V0.97 (extended precision)
[    3.364979] futex hash table entries: 256 (order: -1, 3072 bytes)
[    3.370530] squashfs: version 4.0 (2009/01/31) Phillip Lougher
[    3.372120] jffs2: version 2.2. (NAND) © 2001-2006 Red Hat, Inc.
[    3.372920] romfs: ROMFS MTD (C) 2007 Red Hat, Inc.
[    3.381668] Block layer SCSI generic (bsg) driver version 0.4 loaded (major 253)
[    3.382035] io scheduler noop registered
[    3.382266] io scheduler cfq registered (default)
[    3.382935] firmadyne: devfs: 1, execute: 1, procfs: 1, syscall: 0
[    3.384310] ------------[ cut here ]------------
[    3.384514] WARNING: CPU: 0 PID: 1 at /home/vagrant/firmadyne-kernel/kernel-v4.1/fs/sysfs/dir.c:31 sysfs_warn_dup+0x50/0x6c()
[    3.384743] sysfs: cannot create duplicate filename '/class/gpio'
[    3.384904] Modules linked in:
[    3.385233] CPU: 0 PID: 1 Comm: swapper Not tainted 4.1.17+ #1
[    3.385373] Hardware name: Generic DT based system
[    3.386060] [<c001c99c>] (unwind_backtrace) from [<c0019d30>] (show_stack+0x10/0x14)
[    3.386335] [<c0019d30>] (show_stack) from [<c0024ab4>] (warn_slowpath_common+0x80/0xa8)
[    3.386533] [<c0024ab4>] (warn_slowpath_common) from [<c0024b08>] (warn_slowpath_fmt+0x2c/0x3c)
[    3.386769] [<c0024b08>] (warn_slowpath_fmt) from [<c00e363c>] (sysfs_warn_dup+0x50/0x6c)
[    3.386952] [<c00e363c>] (sysfs_warn_dup) from [<c00e3714>] (sysfs_create_dir_ns+0x74/0x84)
[    3.387133] [<c00e3714>] (sysfs_create_dir_ns) from [<c018e6ac>] (kobject_add_internal+0xb8/0x2ac)
[    3.387321] [<c018e6ac>] (kobject_add_internal) from [<c018e9a8>] (kset_register+0x1c/0x44)
[    3.387500] [<c018e9a8>] (kset_register) from [<c02090b4>] (__class_register+0xa8/0x198)
[    3.387695] [<c02090b4>] (__class_register) from [<c02091e4>] (__class_create+0x40/0x70)
[    3.387869] [<c02091e4>] (__class_create) from [<c01adf68>] (register_devfs_stubs+0x314/0xbb4)
[    3.388052] [<c01adf68>] (register_devfs_stubs) from [<c05d9b08>] (init_module+0x28/0xa4)
[    3.388254] [<c05d9b08>] (init_module) from [<c0009670>] (do_one_initcall+0x104/0x1b4)
[    3.388425] [<c0009670>] (do_one_initcall) from [<c05c7d08>] (kernel_init_freeable+0xf0/0x1b0)
[    3.388611] [<c05c7d08>] (kernel_init_freeable) from [<c040f28c>] (kernel_init+0x8/0xe4)
[    3.388780] [<c040f28c>] (kernel_init) from [<c0016da8>] (ret_from_fork+0x14/0x2c)
[    3.389035] ---[ end trace d4103539bb5e5f23 ]---
[    3.389241] ------------[ cut here ]------------
[    3.389354] WARNING: CPU: 0 PID: 1 at /home/vagrant/firmadyne-kernel/kernel-v4.1/lib/kobject.c:240 kobject_add_internal+0x240/0x2ac()
[    3.389574] kobject_add_internal failed for gpio with -EEXIST, don't try to register things with the same name in the same directory.
[    3.389787] Modules linked in:
[    3.389932] CPU: 0 PID: 1 Comm: swapper Tainted: G        W       4.1.17+ #1
[    3.390069] Hardware name: Generic DT based system
[    3.390201] [<c001c99c>] (unwind_backtrace) from [<c0019d30>] (show_stack+0x10/0x14)
[    3.390366] [<c0019d30>] (show_stack) from [<c0024ab4>] (warn_slowpath_common+0x80/0xa8)
[    3.390538] [<c0024ab4>] (warn_slowpath_common) from [<c0024b08>] (warn_slowpath_fmt+0x2c/0x3c)
[    3.390718] [<c0024b08>] (warn_slowpath_fmt) from [<c018e834>] (kobject_add_internal+0x240/0x2ac)
[    3.390918] [<c018e834>] (kobject_add_internal) from [<c018e9a8>] (kset_register+0x1c/0x44)
[    3.391317] [<c018e9a8>] (kset_register) from [<c02090b4>] (__class_register+0xa8/0x198)
[    3.391497] [<c02090b4>] (__class_register) from [<c02091e4>] (__class_create+0x40/0x70)
[    3.391683] [<c02091e4>] (__class_create) from [<c01adf68>] (register_devfs_stubs+0x314/0xbb4)
[    3.391864] [<c01adf68>] (register_devfs_stubs) from [<c05d9b08>] (init_module+0x28/0xa4)
[    3.392037] [<c05d9b08>] (init_module) from [<c0009670>] (do_one_initcall+0x104/0x1b4)
[    3.392204] [<c0009670>] (do_one_initcall) from [<c05c7d08>] (kernel_init_freeable+0xf0/0x1b0)
[    3.392380] [<c05c7d08>] (kernel_init_freeable) from [<c040f28c>] (kernel_init+0x8/0xe4)
[    3.392544] [<c040f28c>] (kernel_init) from [<c0016da8>] (ret_from_fork+0x14/0x2c)
[    3.392717] ---[ end trace d4103539bb5e5f24 ]---
[    3.392927] firmadyne: Cannot create device class: gpio!
[    3.394697] firmadyne: Cannot register character device: watchdog, 0xa, 0x82!
[    3.394876] firmadyne: Cannot register character device: wdt, 0xfd, 0x0!
[    3.476783] PCI host bridge /pcie@10000000 ranges:
[    3.477357]    IO 0x3eff0000..0x3effffff -> 0x00000000
[    3.477717]   MEM 0x10000000..0x3efeffff -> 0x10000000
[    3.477848]   MEM 0x8000000000..0xffffffffff -> 0x8000000000
[    3.478534] pci-host-generic 3f000000.pcie: resource collision: [mem 0x00000000-0xffffffff] conflicts with /pl011@9000000 [mem 0x09000000-0x09000fff]
[    3.479245] pci-host-generic: probe of 3f000000.pcie failed with error -16
[    3.491183] Non-volatile memory driver v1.3
[    4.045603] brd: module loaded
[    5.752558] loop: module loaded
[    7.415639] cfg80211: Calling CRDA to update world regulatory domain
[    7.420292]  vda: vda1
[    7.432873] 0.flash: Found 2 x16 devices at 0x0 in 32-bit bank. Manufacturer ID 0x000000 Chip ID 0x000000
[    7.433529] Intel/Sharp Extended Query Table at 0x0031
[    7.434689] Using buffer write method
[    7.435114] erase region 0: offset=0x0,size=0x40000,blocks=256
[    7.444240] 0.flash: Found 2 x16 devices at 0x0 in 32-bit bank. Manufacturer ID 0x000000 Chip ID 0x000000
[    7.444503] Intel/Sharp Extended Query Table at 0x0031
[    7.445329] Using buffer write method
[    7.445447] erase region 0: offset=0x0,size=0x40000,blocks=256
[    7.445669] Concatenating MTD devices:
[    7.445774] (0): "0.flash"
[    7.445848] (1): "0.flash"
[    7.445914] into device "0.flash"
[    7.457407] [nandsim] warning: read_byte: unexpected data output cycle, state is STATE_READY return 0x0
[    7.457656] [nandsim] warning: read_byte: unexpected data output cycle, state is STATE_READY return 0x0
[    7.457833] [nandsim] warning: read_byte: unexpected data output cycle, state is STATE_READY return 0x0
[    7.458004] [nandsim] warning: read_byte: unexpected data output cycle, state is STATE_READY return 0x0
[    7.458174] [nandsim] warning: read_byte: unexpected data output cycle, state is STATE_READY return 0x0
[    7.458344] [nandsim] warning: read_byte: unexpected data output cycle, state is STATE_READY return 0x0
[    7.458761] nand: device found, Manufacturer ID: 0x98, Chip ID: 0x39
[    7.458910] nand: Toshiba NAND 128MiB 1,8V 8-bit
[    7.459033] nand: 128 MiB, SLC, erase size: 16 KiB, page size: 512, OOB size: 16
[    7.459955] flash size: 128 MiB
[    7.460041] page size: 512 bytes
[    7.460116] OOB area size: 16 bytes
[    7.460196] sector size: 16 KiB
[    7.460270] pages number: 262144
[    7.460344] pages per sector: 32
[    7.460416] bus width: 8
[    7.460478] bits in sector size: 14
[    7.460554] bits in page size: 9
[    7.460630] bits in OOB size: 4
[    7.460707] flash size with OOB: 135168 KiB
[    7.460796] page address bytes: 4
[    7.460870] sector address bytes: 3
[    7.461380] options: 0x42
[   12.310466] Scanning device for bad blocks
[   12.416999] cfg80211: Calling CRDA to update world regulatory domain
[   12.418237] firmadyne: do_execve: /firmadyne/console
[   12.418455] OFFSETS: offset of pid: 0x190 offset of comm: 0x270
[   12.418965] Creating 11 MTD partitions on "NAND 128MiB 1,8V 8-bit":
[   12.419402] 0x000000000000-0x000000100000 : "NAND simulator partition 0"
[   12.421861] 0x000000100000-0x000000200000 : "NAND simulator partition 1"
[   12.423319] 0x000000200000-0x000000300000 : "NAND simulator partition 2"
[   12.424748] 0x000000300000-0x000000400000 : "NAND simulator partition 3"
[   12.426179] 0x000000400000-0x000000500000 : "NAND simulator partition 4"
[   12.427612] 0x000000500000-0x000000600000 : "NAND simulator partition 5"
[   12.429012] 0x000000600000-0x000000700000 : "NAND simulator partition 6"
[   12.430621] 0x000000700000-0x000000800000 : "NAND simulator partition 7"
[   12.432173] 0x000000800000-0x000000900000 : "NAND simulator partition 8"
[   12.433543] 0x000000900000-0x000000a00000 : "NAND simulator partition 9"
[   12.434931] 0x000000a00000-0x000008000000 : "NAND simulator partition 10"
[   12.440733] tun: Universal TUN/TAP device driver, 1.6
[   12.440891] tun: (C) 1999-2004 Max Krasnyansky <maxk@qualcomm.com>
[   21.188170] PPP generic driver version 2.4.2
[   21.188986] PPP BSD Compression module registered
[   21.189172] PPP Deflate Compression module registered
[   21.189425] PPP MPPE Compression module registered
[   21.189563] NET: Registered protocol family 24
[   21.189895] PPTP driver version 0.8.5
[   21.190914] cfg80211: Calling CRDA to update world regulatory domain
[   23.202829] usbcore: registered new interface driver usb-storage
[   23.206382] rtc-pl031 9010000.pl031: rtc core: registered pl031 as rtc0
[   23.207153] hidraw: raw HID events driver (C) Jiri Kosina
[   23.207714] usbcore: registered new interface driver usbhid
[   23.207848] usbhid: USB HID core driver
[   23.208333] Netfilter messages via NETLINK v0.30.
[   23.208997] nf_conntrack version 0.5.0 (3958 buckets, 15832 max)
[   23.210447] ctnetlink v0.93: registering with nfnetlink.
[   27.897301] ipip: IPv4 over IPv4 tunneling driver
[   27.899802] gre: GRE over IPv4 demultiplexor driver
[   27.899971] ip_gre: GRE over IPv4 tunneling driver
[   27.904836] ip_tables: (C) 2000-2006 Netfilter Core Team
[   27.906590] arp_tables: (C) 2002 David S. Miller
[   27.907704] Initializing XFRM netlink socket
[   27.908247] NET: Registered protocol family 10
[   27.911796] cfg80211: Calling CRDA to update world regulatory domain
[   27.916116] ip6_tables: (C) 2000-2006 Netfilter Core Team
[   27.917910] sit: IPv6 over IPv4 tunneling driver
[   27.922026] NET: Registered protocol family 17
[   27.922724] bridge: automatic filtering via arp/ip/ip6tables has been deprecated. Update your scripts to load br_netfilter if you need this.
[   27.923071] Bridge firewalling registered
[   27.923219] Ebtables v2.0 registered
[   27.924468] 8021q: 802.1Q VLAN Support v1.8
[   27.925144] Registering SWP/SWPB emulation handler
[   27.928025] rtc-pl031 9010000.pl031: setting system clock to 2018-07-19 11:22:41 UTC (1531999361)
[   27.938874] EXT4-fs (vda1): couldn't mount as ext3 due to feature incompatibilities
[   27.940479] EXT4-fs (vda1): mounting ext2 file system using the ext4 subsystem
