>> Database Image ID: 162

/home/zhumengfan/firmware/firmwares/e35637e0b50f986da4e65ba5422a8c2bca6f4a50.zip
>> MD5: f9edef2e079094911c69b7a3ef6e9602
>> Tag: 162
>> Temp: /tmp/tmpOMEt9W
>> Status: Kernel: True, Rootfs: False, Do_Kernel: False,                 Do_Rootfs: True
>>>> Zip archive data, at least v2.0 to extract, compressed size: 24513936, uncompressed size: 24518714, name: R8000-V1.0.0.102_1.0.45.chk
>> Recursing into archive ...
	
/tmp/tmpOMEt9W/_e35637e0b50f986da4e65ba5422a8c2bca6f4a50.zip.extracted/R8000-V1.0.0.102_1.0.45.chk
	>> MD5: 7df50449219fda0684997fecd14995f6
	>> Tag: 162
	>> Temp: /tmp/tmpTMHNj3
	>> Status: Kernel: True, Rootfs: False, Do_Kernel: False,                 Do_Rootfs: True
	>>>> Squashfs filesystem, little endian, version 4.0, compression:xz, size: 22492682 bytes, 1331 inodes, blocksize: 131072 bytes, created: 2014-07-29 15:00:53
	>>>> Found Linux filesystem in /tmp/tmpTMHNj3/_R8000-V1.0.0.102_1.0.45.chk.extracted/squashfs-root!
	>> Skipping: completed!
	>> Cleaning up /tmp/tmpTMHNj3...
>> Skipping: completed!
>> Cleaning up /tmp/tmpOMEt9W...
./bin/busybox: armel
Querying database for architecture... armel
----Running----
----Copying Filesystem Tarball----
----Creating QEMU Image----
Formatting '/home/zhumengfan/firmadyne//scratch//162//image.raw', fmt=raw size=1073741824
----Creating Partition Table----

Welcome to fdisk (util-linux 2.27.1).
Changes will remain in memory only, until you decide to write them.
Be careful before using the write command.

Device does not contain a recognized partition table.
Created a new DOS disklabel with disk identifier 0xa63e4f1e.

Command (m for help): Created a new DOS disklabel with disk identifier 0xbbe12fce.

Command (m for help): Partition type
   p   primary (0 primary, 0 extended, 4 free)
   e   extended (container for logical partitions)
Select (default p): Partition number (1-4, default 1): First sector (2048-2097151, default 2048): Last sector, +sectors or +size{K,M,G,T,P} (2048-2097151, default 2097151): 
Created a new partition 1 of type 'Linux' and of size 1023 MiB.

Command (m for help): The partition table has been altered.
Syncing disks.

----Mounting QEMU Image----
add map loop0p1 (252:0): 0 2095104 linear 7:0 2048
----Creating Filesystem----
mke2fs 1.42.13 (17-May-2015)
Discarding device blocks:   4096/261888             done                            
Creating filesystem with 261888 4k blocks and 65536 inodes
Filesystem UUID: ab5e5355-ea40-4392-bf4b-f1fc91c21de6
Superblock backups stored on blocks: 
	32768, 98304, 163840, 229376

Allocating group tables: 0/8   done                            
Writing inode tables: 0/8   done                            
Writing superblocks and filesystem accounting information: 0/8   done

----Making QEMU Image Mountpoint----
----Mounting QEMU Image Partition 1----
----Extracting Filesystem Tarball----
----Creating FIRMADYNE Directories----
----Patching Filesystem (chroot)----
Creating /etc/TZ!
Creating /etc/hosts!
Creating /etc/passwd!
Warning: Recreating device nodes!
Removing /etc/scripts/sys_resetbutton!
Creating default rip_multicast!
Creating default bs_trustedip_enable!
Creating default filter_rule_tbl!
Creating default rip_enable!
----Setting up FIRMADYNE----
----Unmounting QEMU Image----
loop deleted : /dev/loop0
Querying database for architecture... armel
Running firmware 162: terminating after 60 secs...
qemu-system-arm: terminating on signal 2 from pid 150319 (timeout)
Inferring network...
Interfaces: []
Done!
[    0.000000] Booting Linux on physical CPU 0x0
[    0.000000] Linux version 4.1.17+ (vagrant@vagrant-ubuntu-trusty-64) (gcc version 5.3.0 (GCC) ) #1 Thu Feb 18 01:05:21 UTC 2016
[    0.000000] CPU: ARMv7 Processor [412fc0f1] revision 1 (ARMv7), cr=10c5387d
[    0.000000] CPU: PIPT / VIPT nonaliasing data cache, PIPT instruction cache
[    0.000000] Machine model: linux,dummy-virt
[    0.000000] debug: ignoring loglevel setting.
[    0.000000] Memory policy: Data cache writeback
[    0.000000] On node 0 totalpages: 65536
[    0.000000] free_area_init_node: node 0, pgdat c061dfe8, node_mem_map cfdf9000
[    0.000000]   Normal zone: 512 pages used for memmap
[    0.000000]   Normal zone: 0 pages reserved
[    0.000000]   Normal zone: 65536 pages, LIFO batch:15
[    0.000000] psci: probing for conduit method from DT.
[    0.000000] psci: PSCIv0.2 detected in firmware.
[    0.000000] psci: Using standard PSCI v0.2 function IDs
[    0.000000] CPU: All CPU(s) started in SVC mode.
[    0.000000] pcpu-alloc: s0 r0 d32768 u32768 alloc=1*32768
[    0.000000] pcpu-alloc: [0] 0 
[    0.000000] Built 1 zonelists in Zone order, mobility grouping on.  Total pages: 65024
[    0.000000] Kernel command line: firmadyne.syscall=1 root=/dev/vda1 console=ttyS0 nandsim.parts=64,64,64,64,64,64,64,64,64,64 rdinit=/firmadyne/preInit.sh rw debug ignore_loglevel print-fatal-signals=1 user_debug=31
[    0.000000] PID hash table entries: 1024 (order: 0, 4096 bytes)
[    0.000000] Dentry cache hash table entries: 32768 (order: 5, 131072 bytes)
[    0.000000] Inode-cache hash table entries: 16384 (order: 4, 65536 bytes)
[    0.000000] Memory: 253340K/262144K available (4297K kernel code, 170K rwdata, 1584K rodata, 180K init, 148K bss, 8804K reserved, 0K cma-reserved)
[    0.000000] Virtual kernel memory layout:
[    0.000000]     vector  : 0xffff0000 - 0xffff1000   (   4 kB)
[    0.000000]     fixmap  : 0xffc00000 - 0xfff00000   (3072 kB)
[    0.000000]     vmalloc : 0xd0800000 - 0xff000000   ( 744 MB)
[    0.000000]     lowmem  : 0xc0000000 - 0xd0000000   ( 256 MB)
[    0.000000]     modules : 0xbf000000 - 0xc0000000   (  16 MB)
[    0.000000]       .text : 0xc0008000 - 0xc05c67bc   (5882 kB)
[    0.000000]       .init : 0xc05c7000 - 0xc05f4000   ( 180 kB)
[    0.000000]       .data : 0xc05f4000 - 0xc061e840   ( 171 kB)
[    0.000000]        .bss : 0xc0621000 - 0xc06462d4   ( 149 kB)
[    0.000000] NR_IRQS:16 nr_irqs:16 16
[    0.000000] Architected cp15 timer(s) running at 62.50MHz (virt).
[    0.000000] clocksource arch_sys_counter: mask: 0xffffffffffffff max_cycles: 0x1cd42e208c, max_idle_ns: 881590405314 ns
[    0.000158] sched_clock: 56 bits at 62MHz, resolution 16ns, wraps every 4398046511096ns
[    0.000298] Switching to timer-based delay loop, resolution 16ns
[    0.003365] Console: colour dummy device 80x30
[    0.003697] Calibrating delay loop (skipped), value calculated using timer frequency.. 125.00 BogoMIPS (lpj=625000)
[    0.003831] pid_max: default: 32768 minimum: 301
[    0.004712] Mount-cache hash table entries: 1024 (order: 0, 4096 bytes)
[    0.004750] Mountpoint-cache hash table entries: 1024 (order: 0, 4096 bytes)
[    0.013948] CPU: Testing write buffer coherency: ok
[    3.570868] Setting up static identity map for 0x40008240 - 0x40008298
[    3.586572] VFP support v0.3: implementor 41 architecture 4 part 30 variant f rev 0
[    3.598581] clocksource jiffies: mask: 0xffffffff max_cycles: 0xffffffff, max_idle_ns: 19112604462750000 ns
[    3.607906] NET: Registered protocol family 16
[    5.406795] DMA: preallocated 256 KiB pool for atomic coherent allocations
[    5.411063] cpuidle: using governor ladder
[    5.411220] cpuidle: using governor menu
[    5.432167] Serial: AMBA PL011 UART driver
[    5.434434] 9000000.pl011: ttyS0 at MMIO 0x9000000 (irq = 54, base_baud = 0) is a PL011 rev1
[    5.442267] console [ttyS0] enabled
[    5.464628] vgaarb: loaded
[    5.466135] SCSI subsystem initialized
[    5.467323] usbcore: registered new interface driver usbfs
[    5.467727] usbcore: registered new interface driver hub
[    5.468074] usbcore: registered new device driver usb
[    9.550931] cfg80211: Calling CRDA to update world regulatory domain
[    9.553304] Switched to clocksource arch_sys_counter
[    9.571060] NET: Registered protocol family 2
[    9.576316] TCP established hash table entries: 2048 (order: 1, 8192 bytes)
[    9.576576] TCP bind hash table entries: 2048 (order: 1, 8192 bytes)
[    9.576886] TCP: Hash tables configured (established 2048 bind 2048)
[    9.577427] UDP hash table entries: 256 (order: 0, 4096 bytes)
[    9.577693] UDP-Lite hash table entries: 256 (order: 0, 4096 bytes)
[    9.579125] NET: Registered protocol family 1
[    9.579571] PCI: CLS 0 bytes, default 64
[    9.586815] NetWinder Floating Point Emulator V0.97 (extended precision)
[    9.589394] futex hash table entries: 256 (order: -1, 3072 bytes)
[    9.594801] squashfs: version 4.0 (2009/01/31) Phillip Lougher
[    9.595395] jffs2: version 2.2. (NAND) © 2001-2006 Red Hat, Inc.
[    9.596268] romfs: ROMFS MTD (C) 2007 Red Hat, Inc.
[    9.605478] Block layer SCSI generic (bsg) driver version 0.4 loaded (major 253)
[    9.605808] io scheduler noop registered
[    9.606037] io scheduler cfq registered (default)
[    9.606699] firmadyne: devfs: 1, execute: 1, procfs: 1, syscall: 1
[    9.608010] ------------[ cut here ]------------
[    9.608209] WARNING: CPU: 0 PID: 1 at /home/vagrant/firmadyne-kernel/kernel-v4.1/fs/sysfs/dir.c:31 sysfs_warn_dup+0x50/0x6c()
[    9.608443] sysfs: cannot create duplicate filename '/class/gpio'
[    9.608602] Modules linked in:
[    9.608925] CPU: 0 PID: 1 Comm: swapper Not tainted 4.1.17+ #1
[    9.609058] Hardware name: Generic DT based system
[    9.609751] [<c001c99c>] (unwind_backtrace) from [<c0019d30>] (show_stack+0x10/0x14)
[    9.610040] [<c0019d30>] (show_stack) from [<c0024ab4>] (warn_slowpath_common+0x80/0xa8)
[    9.610265] [<c0024ab4>] (warn_slowpath_common) from [<c0024b08>] (warn_slowpath_fmt+0x2c/0x3c)
[    9.610501] [<c0024b08>] (warn_slowpath_fmt) from [<c00e363c>] (sysfs_warn_dup+0x50/0x6c)
[    9.610691] [<c00e363c>] (sysfs_warn_dup) from [<c00e3714>] (sysfs_create_dir_ns+0x74/0x84)
[    9.610899] [<c00e3714>] (sysfs_create_dir_ns) from [<c018e6ac>] (kobject_add_internal+0xb8/0x2ac)
[    9.611080] [<c018e6ac>] (kobject_add_internal) from [<c018e9a8>] (kset_register+0x1c/0x44)
[    9.611302] [<c018e9a8>] (kset_register) from [<c02090b4>] (__class_register+0xa8/0x198)
[    9.611476] [<c02090b4>] (__class_register) from [<c02091e4>] (__class_create+0x40/0x70)
[    9.611648] [<c02091e4>] (__class_create) from [<c01adf68>] (register_devfs_stubs+0x314/0xbb4)
[    9.611850] [<c01adf68>] (register_devfs_stubs) from [<c05d9b08>] (init_module+0x28/0xa4)
[    9.612056] [<c05d9b08>] (init_module) from [<c0009670>] (do_one_initcall+0x104/0x1b4)
[    9.612240] [<c0009670>] (do_one_initcall) from [<c05c7d08>] (kernel_init_freeable+0xf0/0x1b0)
[    9.612423] [<c05c7d08>] (kernel_init_freeable) from [<c040f28c>] (kernel_init+0x8/0xe4)
[    9.612593] [<c040f28c>] (kernel_init) from [<c0016da8>] (ret_from_fork+0x14/0x2c)
[    9.612870] ---[ end trace c14ebd655723ecb9 ]---
[    9.613204] ------------[ cut here ]------------
[    9.613330] WARNING: CPU: 0 PID: 1 at /home/vagrant/firmadyne-kernel/kernel-v4.1/lib/kobject.c:240 kobject_add_internal+0x240/0x2ac()
[    9.613551] kobject_add_internal failed for gpio with -EEXIST, don't try to register things with the same name in the same directory.
[    9.613790] Modules linked in:
[    9.613934] CPU: 0 PID: 1 Comm: swapper Tainted: G        W       4.1.17+ #1
[    9.614081] Hardware name: Generic DT based system
[    9.614228] [<c001c99c>] (unwind_backtrace) from [<c0019d30>] (show_stack+0x10/0x14)
[    9.614394] [<c0019d30>] (show_stack) from [<c0024ab4>] (warn_slowpath_common+0x80/0xa8)
[    9.614569] [<c0024ab4>] (warn_slowpath_common) from [<c0024b08>] (warn_slowpath_fmt+0x2c/0x3c)
[    9.614751] [<c0024b08>] (warn_slowpath_fmt) from [<c018e834>] (kobject_add_internal+0x240/0x2ac)
[    9.614944] [<c018e834>] (kobject_add_internal) from [<c018e9a8>] (kset_register+0x1c/0x44)
[    9.615117] [<c018e9a8>] (kset_register) from [<c02090b4>] (__class_register+0xa8/0x198)
[    9.615286] [<c02090b4>] (__class_register) from [<c02091e4>] (__class_create+0x40/0x70)
[    9.615456] [<c02091e4>] (__class_create) from [<c01adf68>] (register_devfs_stubs+0x314/0xbb4)
[    9.615638] [<c01adf68>] (register_devfs_stubs) from [<c05d9b08>] (init_module+0x28/0xa4)
[    9.615810] [<c05d9b08>] (init_module) from [<c0009670>] (do_one_initcall+0x104/0x1b4)
[    9.615989] [<c0009670>] (do_one_initcall) from [<c05c7d08>] (kernel_init_freeable+0xf0/0x1b0)
[    9.616178] [<c05c7d08>] (kernel_init_freeable) from [<c040f28c>] (kernel_init+0x8/0xe4)
[    9.616343] [<c040f28c>] (kernel_init) from [<c0016da8>] (ret_from_fork+0x14/0x2c)
[    9.616507] ---[ end trace c14ebd655723ecba ]---
[    9.616667] firmadyne: Cannot create device class: gpio!
[    9.618358] firmadyne: Cannot register character device: watchdog, 0xa, 0x82!
[    9.618567] firmadyne: Cannot register character device: wdt, 0xfd, 0x0!
[   13.666282] cfg80211: Calling CRDA to update world regulatory domain
[   13.737544] PCI host bridge /pcie@10000000 ranges:
[   13.738471]    IO 0x3eff0000..0x3effffff -> 0x00000000
[   13.738863]   MEM 0x10000000..0x3efeffff -> 0x10000000
[   13.738996]   MEM 0x8000000000..0xffffffffff -> 0x8000000000
[   13.739713] pci-host-generic 3f000000.pcie: resource collision: [mem 0x00000000-0xffffffff] conflicts with /pl011@9000000 [mem 0x09000000-0x09000fff]
[   13.740478] pci-host-generic: probe of 3f000000.pcie failed with error -16
[   13.752355] Non-volatile memory driver v1.3
[   15.139834] brd: module loaded
[   15.150100] loop: module loaded
[   19.307465] cfg80211: Calling CRDA to update world regulatory domain
[   19.311819]  vda: vda1
[   19.323830] 0.flash: Found 2 x16 devices at 0x0 in 32-bit bank. Manufacturer ID 0x000000 Chip ID 0x000000
[   19.324464] Intel/Sharp Extended Query Table at 0x0031
[   19.325604] Using buffer write method
[   19.326043] erase region 0: offset=0x0,size=0x40000,blocks=256
[   19.334465] 0.flash: Found 2 x16 devices at 0x0 in 32-bit bank. Manufacturer ID 0x000000 Chip ID 0x000000
[   19.334696] Intel/Sharp Extended Query Table at 0x0031
[   19.335446] Using buffer write method
[   19.335564] erase region 0: offset=0x0,size=0x40000,blocks=256
[   19.335762] Concatenating MTD devices:
[   19.335868] (0): "0.flash"
[   19.335941] (1): "0.flash"
[   19.336007] into device "0.flash"
[   19.622522] [nandsim] warning: read_byte: unexpected data output cycle, state is STATE_READY return 0x0
[   19.622765] [nandsim] warning: read_byte: unexpected data output cycle, state is STATE_READY return 0x0
[   19.622944] [nandsim] warning: read_byte: unexpected data output cycle, state is STATE_READY return 0x0
[   19.623268] [nandsim] warning: read_byte: unexpected data output cycle, state is STATE_READY return 0x0
[   19.623452] [nandsim] warning: read_byte: unexpected data output cycle, state is STATE_READY return 0x0
[   19.623628] [nandsim] warning: read_byte: unexpected data output cycle, state is STATE_READY return 0x0
[   19.624055] nand: device found, Manufacturer ID: 0x98, Chip ID: 0x39
[   19.624206] nand: Toshiba NAND 128MiB 1,8V 8-bit
[   19.624330] nand: 128 MiB, SLC, erase size: 16 KiB, page size: 512, OOB size: 16
[   19.625235] flash size: 128 MiB
[   19.625321] page size: 512 bytes
[   19.625397] OOB area size: 16 bytes
[   19.625478] sector size: 16 KiB
[   19.625551] pages number: 262144
[   19.625627] pages per sector: 32
[   19.625734] bus width: 8
[   19.625797] bits in sector size: 14
[   19.625875] bits in page size: 9
[   19.625952] bits in OOB size: 4
[   19.626030] flash size with OOB: 135168 KiB
[   19.626121] page address bytes: 4
[   19.626196] sector address bytes: 3
[   19.626275] options: 0x42
[   22.303807] Scanning device for bad blocks
[   22.412704] firmadyne: do_execve: /firmadyne/console
[   22.412950] OFFSETS: offset of pid: 0x190 offset of comm: 0x270
[   22.413597] Creating 11 MTD partitions on "NAND 128MiB 1,8V 8-bit":
[   22.414045] 0x000000000000-0x000000100000 : "NAND simulator partition 0"
[   22.416367] 0x000000100000-0x000000200000 : "NAND simulator partition 1"
[   22.417782] 0x000000200000-0x000000300000 : "NAND simulator partition 2"
[   22.419159] 0x000000300000-0x000000400000 : "NAND simulator partition 3"
[   22.420584] 0x000000400000-0x000000500000 : "NAND simulator partition 4"
[   22.421987] 0x000000500000-0x000000600000 : "NAND simulator partition 5"
[   22.423656] 0x000000600000-0x000000700000 : "NAND simulator partition 6"
[   22.425276] 0x000000700000-0x000000800000 : "NAND simulator partition 7"
[   22.426625] 0x000000800000-0x000000900000 : "NAND simulator partition 8"
[   22.427955] 0x000000900000-0x000000a00000 : "NAND simulator partition 9"
[   22.429313] 0x000000a00000-0x000008000000 : "NAND simulator partition 10"
[   22.435069] tun: Universal TUN/TAP device driver, 1.6
[   22.435211] tun: (C) 1999-2004 Max Krasnyansky <maxk@qualcomm.com>
[   28.460875] PPP generic driver version 2.4.2
[   28.461733] PPP BSD Compression module registered
[   28.461923] PPP Deflate Compression module registered
[   28.462181] PPP MPPE Compression module registered
[   28.462322] NET: Registered protocol family 24
[   28.462664] PPTP driver version 0.8.5
[   28.463857] cfg80211: Calling CRDA to update world regulatory domain
[   32.614113] cfg80211: Calling CRDA to update world regulatory domain
[   32.615017] usbcore: registered new interface driver usb-storage
[   32.618523] rtc-pl031 9010000.pl031: rtc core: registered pl031 as rtc0
[   32.619311] hidraw: raw HID events driver (C) Jiri Kosina
[   32.619864] usbcore: registered new interface driver usbhid
[   32.619997] usbhid: USB HID core driver
[   32.620478] Netfilter messages via NETLINK v0.30.
[   32.621139] nf_conntrack version 0.5.0 (3958 buckets, 15832 max)
[   32.622596] ctnetlink v0.93: registering with nfnetlink.
[   32.624246] ipip: IPv4 over IPv4 tunneling driver
[   32.626465] gre: GRE over IPv4 demultiplexor driver
[   32.626636] ip_gre: GRE over IPv4 tunneling driver
[   32.631315] ip_tables: (C) 2000-2006 Netfilter Core Team
[   32.633211] arp_tables: (C) 2002 David S. Miller
[   32.634320] Initializing XFRM netlink socket
[   32.634855] NET: Registered protocol family 10
[   32.642013] ip6_tables: (C) 2000-2006 Netfilter Core Team
[   32.643933] sit: IPv6 over IPv4 tunneling driver
[   32.647839] NET: Registered protocol family 17
[   32.648533] bridge: automatic filtering via arp/ip/ip6tables has been deprecated. Update your scripts to load br_netfilter if you need this.
[   32.648881] Bridge firewalling registered
[   32.649024] Ebtables v2.0 registered
Starting firmware emulation... use Ctrl-a + x to exit
qemu-system-arm: terminating on signal 2 from pid 150454 (timeout)
[    0.000000] Booting Linux on physical CPU 0x0
[    0.000000] Linux version 4.1.17+ (vagrant@vagrant-ubuntu-trusty-64) (gcc version 5.3.0 (GCC) ) #1 Thu Feb 18 01:05:21 UTC 2016
[    0.000000] CPU: ARMv7 Processor [412fc0f1] revision 1 (ARMv7), cr=10c5387d
[    0.000000] CPU: PIPT / VIPT nonaliasing data cache, PIPT instruction cache
[    0.000000] Machine model: linux,dummy-virt
[    0.000000] debug: ignoring loglevel setting.
[    0.000000] Memory policy: Data cache writeback
[    0.000000] On node 0 totalpages: 65536
[    0.000000] free_area_init_node: node 0, pgdat c061dfe8, node_mem_map cfdf9000
[    0.000000]   Normal zone: 512 pages used for memmap
[    0.000000]   Normal zone: 0 pages reserved
[    0.000000]   Normal zone: 65536 pages, LIFO batch:15
[    0.000000] psci: probing for conduit method from DT.
[    0.000000] psci: PSCIv0.2 detected in firmware.
[    0.000000] psci: Using standard PSCI v0.2 function IDs
[    0.000000] CPU: All CPU(s) started in SVC mode.
[    0.000000] pcpu-alloc: s0 r0 d32768 u32768 alloc=1*32768
[    0.000000] pcpu-alloc: [0] 0 
[    0.000000] Built 1 zonelists in Zone order, mobility grouping on.  Total pages: 65024
[    0.000000] Kernel command line: root=/dev/vda1 console=ttyS0 nandsim.parts=64,64,64,64,64,64,64,64,64,64 rdinit=/firmadyne/preInit.sh rw debug ignore_loglevel print-fatal-signals=1 user_debug=31 firmadyne.syscall=0
[    0.000000] PID hash table entries: 1024 (order: 0, 4096 bytes)
[    0.000000] Dentry cache hash table entries: 32768 (order: 5, 131072 bytes)
[    0.000000] Inode-cache hash table entries: 16384 (order: 4, 65536 bytes)
[    0.000000] Memory: 253340K/262144K available (4297K kernel code, 170K rwdata, 1584K rodata, 180K init, 148K bss, 8804K reserved, 0K cma-reserved)
[    0.000000] Virtual kernel memory layout:
[    0.000000]     vector  : 0xffff0000 - 0xffff1000   (   4 kB)
[    0.000000]     fixmap  : 0xffc00000 - 0xfff00000   (3072 kB)
[    0.000000]     vmalloc : 0xd0800000 - 0xff000000   ( 744 MB)
[    0.000000]     lowmem  : 0xc0000000 - 0xd0000000   ( 256 MB)
[    0.000000]     modules : 0xbf000000 - 0xc0000000   (  16 MB)
[    0.000000]       .text : 0xc0008000 - 0xc05c67bc   (5882 kB)
[    0.000000]       .init : 0xc05c7000 - 0xc05f4000   ( 180 kB)
[    0.000000]       .data : 0xc05f4000 - 0xc061e840   ( 171 kB)
[    0.000000]        .bss : 0xc0621000 - 0xc06462d4   ( 149 kB)
[    0.000000] NR_IRQS:16 nr_irqs:16 16
[    0.000000] Architected cp15 timer(s) running at 62.50MHz (virt).
[    0.000000] clocksource arch_sys_counter: mask: 0xffffffffffffff max_cycles: 0x1cd42e208c, max_idle_ns: 881590405314 ns
[    0.000160] sched_clock: 56 bits at 62MHz, resolution 16ns, wraps every 4398046511096ns
[    0.000305] Switching to timer-based delay loop, resolution 16ns
[    0.003518] Console: colour dummy device 80x30
[    0.003861] Calibrating delay loop (skipped), value calculated using timer frequency.. 125.00 BogoMIPS (lpj=625000)
[    0.004000] pid_max: default: 32768 minimum: 301
[    0.004929] Mount-cache hash table entries: 1024 (order: 0, 4096 bytes)
[    0.004971] Mountpoint-cache hash table entries: 1024 (order: 0, 4096 bytes)
[    0.014428] CPU: Testing write buffer coherency: ok
[    0.020801] Setting up static identity map for 0x40008240 - 0x40008298
[    4.043319] VFP support v0.3: implementor 41 architecture 4 part 30 variant f rev 0
[    4.055475] clocksource jiffies: mask: 0xffffffff max_cycles: 0xffffffff, max_idle_ns: 19112604462750000 ns
[    4.065083] NET: Registered protocol family 16
[    4.068446] DMA: preallocated 256 KiB pool for atomic coherent allocations
[    4.072686] cpuidle: using governor ladder
[    4.072853] cpuidle: using governor menu
[    8.165931] Serial: AMBA PL011 UART driver
[    8.168488] 9000000.pl011: ttyS0 at MMIO 0x9000000 (irq = 54, base_baud = 0) is a PL011 rev1
[    8.175914] console [ttyS0] enabled
[    8.198647] vgaarb: loaded
[    8.200270] SCSI subsystem initialized
[    8.201391] usbcore: registered new interface driver usbfs
[    8.201781] usbcore: registered new interface driver hub
[    8.202147] usbcore: registered new device driver usb
[    8.211275] cfg80211: Calling CRDA to update world regulatory domain
[    8.213572] Switched to clocksource arch_sys_counter
[    8.236032] NET: Registered protocol family 2
[    8.240967] TCP established hash table entries: 2048 (order: 1, 8192 bytes)
[    8.241223] TCP bind hash table entries: 2048 (order: 1, 8192 bytes)
[    8.241526] TCP: Hash tables configured (established 2048 bind 2048)
[    8.242060] UDP hash table entries: 256 (order: 0, 4096 bytes)
[    8.242304] UDP-Lite hash table entries: 256 (order: 0, 4096 bytes)
[    8.243863] NET: Registered protocol family 1
[    8.244314] PCI: CLS 0 bytes, default 64
[    8.251432] NetWinder Floating Point Emulator V0.97 (extended precision)
[    8.254188] futex hash table entries: 256 (order: -1, 3072 bytes)
[    8.259583] squashfs: version 4.0 (2009/01/31) Phillip Lougher
[    8.260627] jffs2: version 2.2. (NAND) © 2001-2006 Red Hat, Inc.
[    8.261434] romfs: ROMFS MTD (C) 2007 Red Hat, Inc.
[    8.270604] Block layer SCSI generic (bsg) driver version 0.4 loaded (major 253)
[    8.270922] io scheduler noop registered
[    8.271146] io scheduler cfq registered (default)
[    8.271822] firmadyne: devfs: 1, execute: 1, procfs: 1, syscall: 0
[    8.273140] ------------[ cut here ]------------
[    8.273465] WARNING: CPU: 0 PID: 1 at /home/vagrant/firmadyne-kernel/kernel-v4.1/fs/sysfs/dir.c:31 sysfs_warn_dup+0x50/0x6c()
[    8.273716] sysfs: cannot create duplicate filename '/class/gpio'
[    8.273874] Modules linked in:
[    8.274204] CPU: 0 PID: 1 Comm: swapper Not tainted 4.1.17+ #1
[    8.274354] Hardware name: Generic DT based system
[    8.275039] [<c001c99c>] (unwind_backtrace) from [<c0019d30>] (show_stack+0x10/0x14)
[    8.275324] [<c0019d30>] (show_stack) from [<c0024ab4>] (warn_slowpath_common+0x80/0xa8)
[    8.275539] [<c0024ab4>] (warn_slowpath_common) from [<c0024b08>] (warn_slowpath_fmt+0x2c/0x3c)
[    8.275788] [<c0024b08>] (warn_slowpath_fmt) from [<c00e363c>] (sysfs_warn_dup+0x50/0x6c)
[    8.275966] [<c00e363c>] (sysfs_warn_dup) from [<c00e3714>] (sysfs_create_dir_ns+0x74/0x84)
[    8.276160] [<c00e3714>] (sysfs_create_dir_ns) from [<c018e6ac>] (kobject_add_internal+0xb8/0x2ac)
[    8.276339] [<c018e6ac>] (kobject_add_internal) from [<c018e9a8>] (kset_register+0x1c/0x44)
[    8.276533] [<c018e9a8>] (kset_register) from [<c02090b4>] (__class_register+0xa8/0x198)
[    8.276706] [<c02090b4>] (__class_register) from [<c02091e4>] (__class_create+0x40/0x70)
[    8.276877] [<c02091e4>] (__class_create) from [<c01adf68>] (register_devfs_stubs+0x314/0xbb4)
[    8.277057] [<c01adf68>] (register_devfs_stubs) from [<c05d9b08>] (init_module+0x28/0xa4)
[    8.277258] [<c05d9b08>] (init_module) from [<c0009670>] (do_one_initcall+0x104/0x1b4)
[    8.277428] [<c0009670>] (do_one_initcall) from [<c05c7d08>] (kernel_init_freeable+0xf0/0x1b0)
[    8.277612] [<c05c7d08>] (kernel_init_freeable) from [<c040f28c>] (kernel_init+0x8/0xe4)
[    8.277779] [<c040f28c>] (kernel_init) from [<c0016da8>] (ret_from_fork+0x14/0x2c)
[    8.278025] ---[ end trace ef6ea9fb7f4ed606 ]---
[    8.278220] ------------[ cut here ]------------
[    8.278331] WARNING: CPU: 0 PID: 1 at /home/vagrant/firmadyne-kernel/kernel-v4.1/lib/kobject.c:240 kobject_add_internal+0x240/0x2ac()
[    8.278546] kobject_add_internal failed for gpio with -EEXIST, don't try to register things with the same name in the same directory.
[    8.278756] Modules linked in:
[    8.278889] CPU: 0 PID: 1 Comm: swapper Tainted: G        W       4.1.17+ #1
[    8.279024] Hardware name: Generic DT based system
[    8.279139] [<c001c99c>] (unwind_backtrace) from [<c0019d30>] (show_stack+0x10/0x14)
[    8.279311] [<c0019d30>] (show_stack) from [<c0024ab4>] (warn_slowpath_common+0x80/0xa8)
[    8.279482] [<c0024ab4>] (warn_slowpath_common) from [<c0024b08>] (warn_slowpath_fmt+0x2c/0x3c)
[    8.279692] [<c0024b08>] (warn_slowpath_fmt) from [<c018e834>] (kobject_add_internal+0x240/0x2ac)
[    8.279881] [<c018e834>] (kobject_add_internal) from [<c018e9a8>] (kset_register+0x1c/0x44)
[    8.280068] [<c018e9a8>] (kset_register) from [<c02090b4>] (__class_register+0xa8/0x198)
[    8.280229] [<c02090b4>] (__class_register) from [<c02091e4>] (__class_create+0x40/0x70)
[    8.280389] [<c02091e4>] (__class_create) from [<c01adf68>] (register_devfs_stubs+0x314/0xbb4)
[    8.280561] [<c01adf68>] (register_devfs_stubs) from [<c05d9b08>] (init_module+0x28/0xa4)
[    8.280743] [<c05d9b08>] (init_module) from [<c0009670>] (do_one_initcall+0x104/0x1b4)
[    8.280908] [<c0009670>] (do_one_initcall) from [<c05c7d08>] (kernel_init_freeable+0xf0/0x1b0)
[    8.281084] [<c05c7d08>] (kernel_init_freeable) from [<c040f28c>] (kernel_init+0x8/0xe4)
[    8.281246] [<c040f28c>] (kernel_init) from [<c0016da8>] (ret_from_fork+0x14/0x2c)
[    8.281411] ---[ end trace ef6ea9fb7f4ed607 ]---
[    8.281569] firmadyne: Cannot create device class: gpio!
[    8.283277] firmadyne: Cannot register character device: watchdog, 0xa, 0x82!
[    8.283556] firmadyne: Cannot register character device: wdt, 0xfd, 0x0!
[    8.364448] PCI host bridge /pcie@10000000 ranges:
[    8.365041]    IO 0x3eff0000..0x3effffff -> 0x00000000
[    8.365467]   MEM 0x10000000..0x3efeffff -> 0x10000000
[    8.365597]   MEM 0x8000000000..0xffffffffff -> 0x8000000000
[    8.366255] pci-host-generic 3f000000.pcie: resource collision: [mem 0x00000000-0xffffffff] conflicts with /pl011@9000000 [mem 0x09000000-0x09000fff]
[    8.366992] pci-host-generic: probe of 3f000000.pcie failed with error -16
[   11.937423] Non-volatile memory driver v1.3
[   15.580282] cfg80211: Calling CRDA to update world regulatory domain
[   15.599943] brd: module loaded
[   15.610052] loop: module loaded
[   19.622557] cfg80211: Calling CRDA to update world regulatory domain
[   19.627251]  vda: vda1
[   19.639556] 0.flash: Found 2 x16 devices at 0x0 in 32-bit bank. Manufacturer ID 0x000000 Chip ID 0x000000
[   19.640229] Intel/Sharp Extended Query Table at 0x0031
[   19.642611] Using buffer write method
[   19.643069] erase region 0: offset=0x0,size=0x40000,blocks=256
[   19.650686] 0.flash: Found 2 x16 devices at 0x0 in 32-bit bank. Manufacturer ID 0x000000 Chip ID 0x000000
[   19.650917] Intel/Sharp Extended Query Table at 0x0031
[   19.651702] Using buffer write method
[   19.651818] erase region 0: offset=0x0,size=0x40000,blocks=256
[   19.652016] Concatenating MTD devices:
[   19.652119] (0): "0.flash"
[   19.652190] (1): "0.flash"
[   19.652255] into device "0.flash"
[   19.663981] [nandsim] warning: read_byte: unexpected data output cycle, state is STATE_READY return 0x0
[   19.664214] [nandsim] warning: read_byte: unexpected data output cycle, state is STATE_READY return 0x0
[   19.664383] [nandsim] warning: read_byte: unexpected data output cycle, state is STATE_READY return 0x0
[   19.664547] [nandsim] warning: read_byte: unexpected data output cycle, state is STATE_READY return 0x0
[   19.664731] [nandsim] warning: read_byte: unexpected data output cycle, state is STATE_READY return 0x0
[   19.664900] [nandsim] warning: read_byte: unexpected data output cycle, state is STATE_READY return 0x0
[   19.665312] nand: device found, Manufacturer ID: 0x98, Chip ID: 0x39
[   19.665460] nand: Toshiba NAND 128MiB 1,8V 8-bit
[   19.665581] nand: 128 MiB, SLC, erase size: 16 KiB, page size: 512, OOB size: 16
[   21.667595] flash size: 128 MiB
[   21.667723] page size: 512 bytes
[   21.667800] OOB area size: 16 bytes
[   21.667880] sector size: 16 KiB
[   21.667954] pages number: 262144
[   21.668032] pages per sector: 32
[   21.668105] bus width: 8
[   21.668166] bits in sector size: 14
[   21.668243] bits in page size: 9
[   21.668321] bits in OOB size: 4
[   21.668399] flash size with OOB: 135168 KiB
[   21.668487] page address bytes: 4
[   21.668562] sector address bytes: 3
[   21.668640] options: 0x42
[   25.639875] Scanning device for bad blocks
[   25.748613] cfg80211: Calling CRDA to update world regulatory domain
[   25.749956] firmadyne: do_execve: /firmadyne/console
[   25.750161] OFFSETS: offset of pid: 0x190 offset of comm: 0x270
[   25.750672] Creating 11 MTD partitions on "NAND 128MiB 1,8V 8-bit":
[   25.751092] 0x000000000000-0x000000100000 : "NAND simulator partition 0"
[   25.753595] 0x000000100000-0x000000200000 : "NAND simulator partition 1"
[   25.755036] 0x000000200000-0x000000300000 : "NAND simulator partition 2"
[   25.756446] 0x000000300000-0x000000400000 : "NAND simulator partition 3"
[   25.757906] 0x000000400000-0x000000500000 : "NAND simulator partition 4"
[   25.759298] 0x000000500000-0x000000600000 : "NAND simulator partition 5"
[   25.760706] 0x000000600000-0x000000700000 : "NAND simulator partition 6"
[   25.762426] 0x000000700000-0x000000800000 : "NAND simulator partition 7"
[   25.764034] 0x000000800000-0x000000900000 : "NAND simulator partition 8"
[   25.765462] 0x000000900000-0x000000a00000 : "NAND simulator partition 9"
[   25.766914] 0x000000a00000-0x000008000000 : "NAND simulator partition 10"
[   25.772735] tun: Universal TUN/TAP device driver, 1.6
[   25.772890] tun: (C) 1999-2004 Max Krasnyansky <maxk@qualcomm.com>
