>> Database Image ID: 72

/home/zhumengfan/firmware/firmwares/eae578a950270b860117728d1d98df2d967eb96f.ZIP
>> MD5: e1d03d52368553f92e358922f570dba0
>> Tag: 72
>> Temp: /tmp/tmpHjdU6r
>> Status: Kernel: True, Rootfs: False, Do_Kernel: False,                 Do_Rootfs: True
>>>> Zip archive data, at least v1.0 to extract, name: des121052_FW_200011/
>> Recursing into archive ...
	
/tmp/tmpHjdU6r/_eae578a950270b860117728d1d98df2d967eb96f.ZIP.extracted/des121052_FW_200011/DES-1210-52_A1_FW_v2.00.011.hex
	>> MD5: 7d6e263dd518a20bbc018f2c36dd3289
	>> Tag: 72
	>> Temp: /tmp/tmp2vnr7y
	>> Status: Kernel: True, Rootfs: False, Do_Kernel: False,                 Do_Rootfs: True
	>>>> Squashfs filesystem, little endian, version 3.1, size: 4803492 bytes, 221 inodes, blocksize: 131072 bytes, created: 2010-08-30 04:11:40
	>>>> Found Linux filesystem in /tmp/tmp2vnr7y/_DES-1210-52_A1_FW_v2.00.011.hex.extracted/squashfs-root!
	>> Skipping: completed!
	>> Cleaning up /tmp/tmp2vnr7y...
>> Skipping: completed!
>> Cleaning up /tmp/tmpHjdU6r...
./bin/busybox: armel
Querying database for architecture... armel
----Running----
----Copying Filesystem Tarball----
----Creating QEMU Image----
Formatting '/home/zhumengfan/firmadyne//scratch//72//image.raw', fmt=raw size=1073741824
----Creating Partition Table----

Welcome to fdisk (util-linux 2.27.1).
Changes will remain in memory only, until you decide to write them.
Be careful before using the write command.

Device does not contain a recognized partition table.
Created a new DOS disklabel with disk identifier 0x713b0def.

Command (m for help): Created a new DOS disklabel with disk identifier 0x33506908.

Command (m for help): Partition type
   p   primary (0 primary, 0 extended, 4 free)
   e   extended (container for logical partitions)
Select (default p): Partition number (1-4, default 1): First sector (2048-2097151, default 2048): Last sector, +sectors or +size{K,M,G,T,P} (2048-2097151, default 2097151): 
Created a new partition 1 of type 'Linux' and of size 1023 MiB.

Command (m for help): The partition table has been altered.
Syncing disks.

----Mounting QEMU Image----
add map loop0p1 (252:0): 0 2095104 linear 7:0 2048
----Creating Filesystem----
mke2fs 1.42.13 (17-May-2015)
Discarding device blocks:   4096/261888             done                            
Creating filesystem with 261888 4k blocks and 65536 inodes
Filesystem UUID: 2ef2f08e-ff85-46c2-8a22-06bd8f046549
Superblock backups stored on blocks: 
	32768, 98304, 163840, 229376

Allocating group tables: 0/8   done                            
Writing inode tables: 0/8   done                            
Writing superblocks and filesystem accounting information: 0/8   done

----Making QEMU Image Mountpoint----
----Mounting QEMU Image Partition 1----
----Extracting Filesystem Tarball----
----Creating FIRMADYNE Directories----
----Patching Filesystem (chroot)----
Creating /etc/TZ!
Creating /etc/hosts!
Warning: Recreating device nodes!
mkdir: can't create directory '/dev/mtd': No such file or directory
mknod: /dev/mtd/0: No such file or directory
mknod: /dev/mtd/1: No such file or directory
mknod: /dev/mtd/2: No such file or directory
mknod: /dev/mtd/3: No such file or directory
mknod: /dev/mtd/4: No such file or directory
mknod: /dev/mtd/5: No such file or directory
mknod: /dev/mtd/6: No such file or directory
mknod: /dev/mtd/7: No such file or directory
mknod: /dev/mtd/8: No such file or directory
mknod: /dev/mtd/9: No such file or directory
mknod: /dev/mtd/10: No such file or directory
Removing /etc/scripts/sys_resetbutton!
----Setting up FIRMADYNE----
----Unmounting QEMU Image----
loop deleted : /dev/loop0
Querying database for architecture... armel
Running firmware 72: terminating after 60 secs...
qemu-system-arm: terminating on signal 2 from pid 98582 (timeout)
Inferring network...
Interfaces: []
Done!
[    0.000000] Booting Linux on physical CPU 0x0
[    0.000000] Linux version 4.1.17+ (vagrant@vagrant-ubuntu-trusty-64) (gcc version 5.3.0 (GCC) ) #1 Thu Feb 18 01:05:21 UTC 2016
[    0.000000] CPU: ARMv7 Processor [412fc0f1] revision 1 (ARMv7), cr=10c5387d
[    0.000000] CPU: PIPT / VIPT nonaliasing data cache, PIPT instruction cache
[    0.000000] Machine model: linux,dummy-virt
[    0.000000] debug: ignoring loglevel setting.
[    0.000000] Memory policy: Data cache writeback
[    0.000000] On node 0 totalpages: 65536
[    0.000000] free_area_init_node: node 0, pgdat c061dfe8, node_mem_map cfdf9000
[    0.000000]   Normal zone: 512 pages used for memmap
[    0.000000]   Normal zone: 0 pages reserved
[    0.000000]   Normal zone: 65536 pages, LIFO batch:15
[    0.000000] psci: probing for conduit method from DT.
[    0.000000] psci: PSCIv0.2 detected in firmware.
[    0.000000] psci: Using standard PSCI v0.2 function IDs
[    0.000000] CPU: All CPU(s) started in SVC mode.
[    0.000000] pcpu-alloc: s0 r0 d32768 u32768 alloc=1*32768
[    0.000000] pcpu-alloc: [0] 0 
[    0.000000] Built 1 zonelists in Zone order, mobility grouping on.  Total pages: 65024
[    0.000000] Kernel command line: firmadyne.syscall=1 root=/dev/vda1 console=ttyS0 nandsim.parts=64,64,64,64,64,64,64,64,64,64 rdinit=/firmadyne/preInit.sh rw debug ignore_loglevel print-fatal-signals=1 user_debug=31
[    0.000000] PID hash table entries: 1024 (order: 0, 4096 bytes)
[    0.000000] Dentry cache hash table entries: 32768 (order: 5, 131072 bytes)
[    0.000000] Inode-cache hash table entries: 16384 (order: 4, 65536 bytes)
[    0.000000] Memory: 253340K/262144K available (4297K kernel code, 170K rwdata, 1584K rodata, 180K init, 148K bss, 8804K reserved, 0K cma-reserved)
[    0.000000] Virtual kernel memory layout:
[    0.000000]     vector  : 0xffff0000 - 0xffff1000   (   4 kB)
[    0.000000]     fixmap  : 0xffc00000 - 0xfff00000   (3072 kB)
[    0.000000]     vmalloc : 0xd0800000 - 0xff000000   ( 744 MB)
[    0.000000]     lowmem  : 0xc0000000 - 0xd0000000   ( 256 MB)
[    0.000000]     modules : 0xbf000000 - 0xc0000000   (  16 MB)
[    0.000000]       .text : 0xc0008000 - 0xc05c67bc   (5882 kB)
[    0.000000]       .init : 0xc05c7000 - 0xc05f4000   ( 180 kB)
[    0.000000]       .data : 0xc05f4000 - 0xc061e840   ( 171 kB)
[    0.000000]        .bss : 0xc0621000 - 0xc06462d4   ( 149 kB)
[    0.000000] NR_IRQS:16 nr_irqs:16 16
[    0.000000] Architected cp15 timer(s) running at 62.50MHz (virt).
[    0.000000] clocksource arch_sys_counter: mask: 0xffffffffffffff max_cycles: 0x1cd42e208c, max_idle_ns: 881590405314 ns
[    0.000163] sched_clock: 56 bits at 62MHz, resolution 16ns, wraps every 4398046511096ns
[    0.000310] Switching to timer-based delay loop, resolution 16ns
[    0.003522] Console: colour dummy device 80x30
[    0.003880] Calibrating delay loop (skipped), value calculated using timer frequency.. 125.00 BogoMIPS (lpj=625000)
[    0.004021] pid_max: default: 32768 minimum: 301
[    0.004964] Mount-cache hash table entries: 1024 (order: 0, 4096 bytes)
[    0.005005] Mountpoint-cache hash table entries: 1024 (order: 0, 4096 bytes)
[    0.014498] CPU: Testing write buffer coherency: ok
[    0.020907] Setting up static identity map for 0x40008240 - 0x40008298
[    1.635570] VFP support v0.3: implementor 41 architecture 4 part 30 variant f rev 0
[    1.648046] clocksource jiffies: mask: 0xffffffff max_cycles: 0xffffffff, max_idle_ns: 19112604462750000 ns
[    1.657695] NET: Registered protocol family 16
[    1.661132] DMA: preallocated 256 KiB pool for atomic coherent allocations
[    1.665554] cpuidle: using governor ladder
[    1.665748] cpuidle: using governor menu
[    6.240059] Serial: AMBA PL011 UART driver
[    6.242619] 9000000.pl011: ttyS0 at MMIO 0x9000000 (irq = 54, base_baud = 0) is a PL011 rev1
[    6.250154] console [ttyS0] enabled
[    6.273109] vgaarb: loaded
[    6.274669] SCSI subsystem initialized
[    6.275797] usbcore: registered new interface driver usbfs
[    6.276200] usbcore: registered new interface driver hub
[    6.276548] usbcore: registered new device driver usb
[    6.285912] cfg80211: Calling CRDA to update world regulatory domain
[    6.288314] Switched to clocksource arch_sys_counter
[    6.306494] NET: Registered protocol family 2
Starting firmware emulation... use Ctrl-a + x to exit
qemu-system-arm: terminating on signal 2 from pid 98738 (timeout)
[    0.000000] Booting Linux on physical CPU 0x0
[    0.000000] Linux version 4.1.17+ (vagrant@vagrant-ubuntu-trusty-64) (gcc version 5.3.0 (GCC) ) #1 Thu Feb 18 01:05:21 UTC 2016
[    0.000000] CPU: ARMv7 Processor [412fc0f1] revision 1 (ARMv7), cr=10c5387d
[    0.000000] CPU: PIPT / VIPT nonaliasing data cache, PIPT instruction cache
[    0.000000] Machine model: linux,dummy-virt
[    0.000000] debug: ignoring loglevel setting.
[    0.000000] Memory policy: Data cache writeback
[    0.000000] On node 0 totalpages: 65536
[    0.000000] free_area_init_node: node 0, pgdat c061dfe8, node_mem_map cfdf9000
[    0.000000]   Normal zone: 512 pages used for memmap
[    0.000000]   Normal zone: 0 pages reserved
[    0.000000]   Normal zone: 65536 pages, LIFO batch:15
[    0.000000] psci: probing for conduit method from DT.
[    0.000000] psci: PSCIv0.2 detected in firmware.
[    0.000000] psci: Using standard PSCI v0.2 function IDs
[    0.000000] CPU: All CPU(s) started in SVC mode.
[    0.000000] pcpu-alloc: s0 r0 d32768 u32768 alloc=1*32768
[    0.000000] pcpu-alloc: [0] 0 
[    0.000000] Built 1 zonelists in Zone order, mobility grouping on.  Total pages: 65024
[    0.000000] Kernel command line: root=/dev/vda1 console=ttyS0 nandsim.parts=64,64,64,64,64,64,64,64,64,64 rdinit=/firmadyne/preInit.sh rw debug ignore_loglevel print-fatal-signals=1 user_debug=31 firmadyne.syscall=0
[    0.000000] PID hash table entries: 1024 (order: 0, 4096 bytes)
[    0.000000] Dentry cache hash table entries: 32768 (order: 5, 131072 bytes)
[    0.000000] Inode-cache hash table entries: 16384 (order: 4, 65536 bytes)
[    0.000000] Memory: 253340K/262144K available (4297K kernel code, 170K rwdata, 1584K rodata, 180K init, 148K bss, 8804K reserved, 0K cma-reserved)
[    0.000000] Virtual kernel memory layout:
[    0.000000]     vector  : 0xffff0000 - 0xffff1000   (   4 kB)
[    0.000000]     fixmap  : 0xffc00000 - 0xfff00000   (3072 kB)
[    0.000000]     vmalloc : 0xd0800000 - 0xff000000   ( 744 MB)
[    0.000000]     lowmem  : 0xc0000000 - 0xd0000000   ( 256 MB)
[    0.000000]     modules : 0xbf000000 - 0xc0000000   (  16 MB)
[    0.000000]       .text : 0xc0008000 - 0xc05c67bc   (5882 kB)
[    0.000000]       .init : 0xc05c7000 - 0xc05f4000   ( 180 kB)
[    0.000000]       .data : 0xc05f4000 - 0xc061e840   ( 171 kB)
[    0.000000]        .bss : 0xc0621000 - 0xc06462d4   ( 149 kB)
[    0.000000] NR_IRQS:16 nr_irqs:16 16
[    0.000000] Architected cp15 timer(s) running at 62.50MHz (virt).
[    0.000000] clocksource arch_sys_counter: mask: 0xffffffffffffff max_cycles: 0x1cd42e208c, max_idle_ns: 881590405314 ns
[    0.000160] sched_clock: 56 bits at 62MHz, resolution 16ns, wraps every 4398046511096ns
[    0.000305] Switching to timer-based delay loop, resolution 16ns
[    0.003433] Console: colour dummy device 80x30
[    0.003766] Calibrating delay loop (skipped), value calculated using timer frequency.. 125.00 BogoMIPS (lpj=625000)
[    0.003904] pid_max: default: 32768 minimum: 301
[    0.004837] Mount-cache hash table entries: 1024 (order: 0, 4096 bytes)
[    0.004879] Mountpoint-cache hash table entries: 1024 (order: 0, 4096 bytes)
[    0.014142] CPU: Testing write buffer coherency: ok
[    1.291070] Setting up static identity map for 0x40008240 - 0x40008298
[    1.306541] VFP support v0.3: implementor 41 architecture 4 part 30 variant f rev 0
[    1.315833] clocksource jiffies: mask: 0xffffffff max_cycles: 0xffffffff, max_idle_ns: 19112604462750000 ns
[    7.149679] NET: Registered protocol family 16
[    7.153034] DMA: preallocated 256 KiB pool for atomic coherent allocations
[    7.157572] cpuidle: using governor ladder
[    7.157735] cpuidle: using governor menu
[    7.178901] Serial: AMBA PL011 UART driver
[    7.181108] 9000000.pl011: ttyS0 at MMIO 0x9000000 (irq = 54, base_baud = 0) is a PL011 rev1
[    7.188945] console [ttyS0] enabled
[    7.211899] vgaarb: loaded
[    7.213462] SCSI subsystem initialized
[    7.214551] usbcore: registered new interface driver usbfs
[    7.214914] usbcore: registered new interface driver hub
[    7.215242] usbcore: registered new device driver usb
[   13.732741] cfg80211: Calling CRDA to update world regulatory domain
[   13.735388] Switched to clocksource arch_sys_counter
[   13.752009] NET: Registered protocol family 2
[   13.758359] TCP established hash table entries: 2048 (order: 1, 8192 bytes)
[   13.758644] TCP bind hash table entries: 2048 (order: 1, 8192 bytes)
[   13.758962] TCP: Hash tables configured (established 2048 bind 2048)
[   13.759518] UDP hash table entries: 256 (order: 0, 4096 bytes)
[   13.759771] UDP-Lite hash table entries: 256 (order: 0, 4096 bytes)
[   13.761287] NET: Registered protocol family 1
[   13.761759] PCI: CLS 0 bytes, default 64
[   13.769638] NetWinder Floating Point Emulator V0.97 (extended precision)
[   13.772384] futex hash table entries: 256 (order: -1, 3072 bytes)
[   13.778167] squashfs: version 4.0 (2009/01/31) Phillip Lougher
[   13.779227] jffs2: version 2.2. (NAND) Â© 2001-2006 Red Hat, Inc.
[   13.780023] romfs: ROMFS MTD (C) 2007 Red Hat, Inc.
[   16.128561] Block layer SCSI generic (bsg) driver version 0.4 loaded (major 253)
[   16.128922] io scheduler noop registered
[   16.129156] io scheduler cfq registered (default)
[   16.129861] firmadyne: devfs: 1, execute: 1, procfs: 1, syscall: 0
[   16.131228] ------------[ cut here ]------------
[   16.131439] WARNING: CPU: 0 PID: 1 at /home/vagrant/firmadyne-kernel/kernel-v4.1/fs/sysfs/dir.c:31 sysfs_warn_dup+0x50/0x6c()
[   16.131670] sysfs: cannot create duplicate filename '/class/gpio'
[   16.131832] Modules linked in:
[   16.132150] CPU: 0 PID: 1 Comm: swapper Not tainted 4.1.17+ #1
[   16.132291] Hardware name: Generic DT based system
[   16.132974] [<c001c99c>] (unwind_backtrace) from [<c0019d30>] (show_stack+0x10/0x14)
[   16.133270] [<c0019d30>] (show_stack) from [<c0024ab4>] (warn_slowpath_common+0x80/0xa8)
[   16.133475] [<c0024ab4>] (warn_slowpath_common) from [<c0024b08>] (warn_slowpath_fmt+0x2c/0x3c)
[   16.133719] [<c0024b08>] (warn_slowpath_fmt) from [<c00e363c>] (sysfs_warn_dup+0x50/0x6c)
[   16.133901] [<c00e363c>] (sysfs_warn_dup) from [<c00e3714>] (sysfs_create_dir_ns+0x74/0x84)
[   16.134086] [<c00e3714>] (sysfs_create_dir_ns) from [<c018e6ac>] (kobject_add_internal+0xb8/0x2ac)
[   16.134277] [<c018e6ac>] (kobject_add_internal) from [<c018e9a8>] (kset_register+0x1c/0x44)
[   16.134458] [<c018e9a8>] (kset_register) from [<c02090b4>] (__class_register+0xa8/0x198)
[   16.134636] [<c02090b4>] (__class_register) from [<c02091e4>] (__class_create+0x40/0x70)
[   16.134812] [<c02091e4>] (__class_create) from [<c01adf68>] (register_devfs_stubs+0x314/0xbb4)
[   16.135201] [<c01adf68>] (register_devfs_stubs) from [<c05d9b08>] (init_module+0x28/0xa4)
[   16.135421] [<c05d9b08>] (init_module) from [<c0009670>] (do_one_initcall+0x104/0x1b4)
[   16.135599] [<c0009670>] (do_one_initcall) from [<c05c7d08>] (kernel_init_freeable+0xf0/0x1b0)
[   16.135788] [<c05c7d08>] (kernel_init_freeable) from [<c040f28c>] (kernel_init+0x8/0xe4)
[   16.135960] [<c040f28c>] (kernel_init) from [<c0016da8>] (ret_from_fork+0x14/0x2c)
[   16.136227] ---[ end trace a61ae854247d175d ]---
[   16.136425] ------------[ cut here ]------------
[   16.136542] WARNING: CPU: 0 PID: 1 at /home/vagrant/firmadyne-kernel/kernel-v4.1/lib/kobject.c:240 kobject_add_internal+0x240/0x2ac()
[   16.136764] kobject_add_internal failed for gpio with -EEXIST, don't try to register things with the same name in the same directory.
[   16.136978] Modules linked in:
[   16.137126] CPU: 0 PID: 1 Comm: swapper Tainted: G        W       4.1.17+ #1
[   16.137283] Hardware name: Generic DT based system
[   16.137407] [<c001c99c>] (unwind_backtrace) from [<c0019d30>] (show_stack+0x10/0x14)
[   16.137576] [<c0019d30>] (show_stack) from [<c0024ab4>] (warn_slowpath_common+0x80/0xa8)
[   16.137750] [<c0024ab4>] (warn_slowpath_common) from [<c0024b08>] (warn_slowpath_fmt+0x2c/0x3c)
[   16.137934] [<c0024b08>] (warn_slowpath_fmt) from [<c018e834>] (kobject_add_internal+0x240/0x2ac)
[   16.138129] [<c018e834>] (kobject_add_internal) from [<c018e9a8>] (kset_register+0x1c/0x44)
[   16.138304] [<c018e9a8>] (kset_register) from [<c02090b4>] (__class_register+0xa8/0x198)
[   16.138476] [<c02090b4>] (__class_register) from [<c02091e4>] (__class_create+0x40/0x70)
[   16.138646] [<c02091e4>] (__class_create) from [<c01adf68>] (register_devfs_stubs+0x314/0xbb4)
[   16.138829] [<c01adf68>] (register_devfs_stubs) from [<c05d9b08>] (init_module+0x28/0xa4)
[   16.139002] [<c05d9b08>] (init_module) from [<c0009670>] (do_one_initcall+0x104/0x1b4)
[   16.139172] [<c0009670>] (do_one_initcall) from [<c05c7d08>] (kernel_init_freeable+0xf0/0x1b0)
[   16.139351] [<c05c7d08>] (kernel_init_freeable) from [<c040f28c>] (kernel_init+0x8/0xe4)
[   16.139518] [<c040f28c>] (kernel_init) from [<c0016da8>] (ret_from_fork+0x14/0x2c)
[   16.139688] ---[ end trace a61ae854247d175e ]---
[   16.139853] firmadyne: Cannot create device class: gpio!
[   16.141652] firmadyne: Cannot register character device: watchdog, 0xa, 0x82!
[   16.141834] firmadyne: Cannot register character device: wdt, 0xfd, 0x0!
[   16.221726] PCI host bridge /pcie@10000000 ranges:
[   16.222307]    IO 0x3eff0000..0x3effffff -> 0x00000000
[   16.222673]   MEM 0x10000000..0x3efeffff -> 0x10000000
[   16.222806]   MEM 0x8000000000..0xffffffffff -> 0x8000000000
[   16.223475] pci-host-generic 3f000000.pcie: resource collision: [mem 0x00000000-0xffffffff] conflicts with /pl011@9000000 [mem 0x09000000-0x09000fff]
[   16.224184] pci-host-generic: probe of 3f000000.pcie failed with error -16
[   16.236084] Non-volatile memory driver v1.3
