>> Database Image ID: 141

/home/zhumengfan/firmware/firmwares/f95627df15bf3e0d380f11e699212c5777fb68f4.ZIP
>> MD5: 9d3985144238137331850fce51c7851f
>> Tag: 141
>> Temp: /tmp/tmpK4UH57
>> Status: Kernel: True, Rootfs: False, Do_Kernel: False,                 Do_Rootfs: True
>>>> Zip archive data, at least v2.0 to extract, compressed size: 15045008, uncompressed size: 15048240, name: DXS-1210-12TC_Firmware_1.00.035.hex
>> Recursing into archive ...
	
/tmp/tmpK4UH57/_f95627df15bf3e0d380f11e699212c5777fb68f4.ZIP.extracted/DXS-1210-12TC_Firmware_1.00.035.hex
	>> MD5: 486ad1b489622068d149c488bd0b2d5c
	>> Tag: 141
	>> Temp: /tmp/tmpzm9PfD
	>> Status: Kernel: True, Rootfs: False, Do_Kernel: False,                 Do_Rootfs: True
	>>>> Squashfs filesystem, little endian, version 4.0, compression:xz, size: 13346688 bytes, 1136 inodes, blocksize: 131072 bytes, created: 2015-01-23 06:27:26
	>>>> Found Linux filesystem in /tmp/tmpzm9PfD/_DXS-1210-12TC_Firmware_1.00.035.hex.extracted/squashfs-root!
	>> Skipping: completed!
	>> Cleaning up /tmp/tmpzm9PfD...
>> Skipping: completed!
>> Cleaning up /tmp/tmpK4UH57...
./bin/busybox: armel
Querying database for architecture... armel
----Running----
----Copying Filesystem Tarball----
----Creating QEMU Image----
Formatting '/home/zhumengfan/firmadyne//scratch//141//image.raw', fmt=raw size=1073741824
----Creating Partition Table----

Welcome to fdisk (util-linux 2.27.1).
Changes will remain in memory only, until you decide to write them.
Be careful before using the write command.

Device does not contain a recognized partition table.
Created a new DOS disklabel with disk identifier 0xe82b232d.

Command (m for help): Created a new DOS disklabel with disk identifier 0x732af95e.

Command (m for help): Partition type
   p   primary (0 primary, 0 extended, 4 free)
   e   extended (container for logical partitions)
Select (default p): Partition number (1-4, default 1): First sector (2048-2097151, default 2048): Last sector, +sectors or +size{K,M,G,T,P} (2048-2097151, default 2097151): 
Created a new partition 1 of type 'Linux' and of size 1023 MiB.

Command (m for help): The partition table has been altered.
Syncing disks.

----Mounting QEMU Image----
add map loop0p1 (252:0): 0 2095104 linear 7:0 2048
----Creating Filesystem----
mke2fs 1.42.13 (17-May-2015)
Discarding device blocks:   4096/261888             done                            
Creating filesystem with 261888 4k blocks and 65536 inodes
Filesystem UUID: 047cc17a-f2a3-44a8-85ea-393e34175476
Superblock backups stored on blocks: 
	32768, 98304, 163840, 229376

Allocating group tables: 0/8   done                            
Writing inode tables: 0/8   done                            
Writing superblocks and filesystem accounting information: 0/8   done

----Making QEMU Image Mountpoint----
----Mounting QEMU Image Partition 1----
----Extracting Filesystem Tarball----
----Creating FIRMADYNE Directories----
----Patching Filesystem (chroot)----
Warning: Recreating device nodes!
mknod: /dev/null: File exists
mknod: /dev/zero: File exists
mknod: /dev/urandom: File exists
mknod: /dev/tty: File exists
mknod: /dev/console: File exists
mknod: /dev/ttyS0: File exists
mknod: /dev/ttyS1: File exists
Removing /etc/scripts/sys_resetbutton!
----Setting up FIRMADYNE----
----Unmounting QEMU Image----
loop deleted : /dev/loop0
Querying database for architecture... armel
Running firmware 141: terminating after 60 secs...
qemu-system-arm: terminating on signal 2 from pid 138795 (timeout)
Inferring network...
Interfaces: []
Done!
[    0.000000] Booting Linux on physical CPU 0x0
[    0.000000] Linux version 4.1.17+ (vagrant@vagrant-ubuntu-trusty-64) (gcc version 5.3.0 (GCC) ) #1 Thu Feb 18 01:05:21 UTC 2016
[    0.000000] CPU: ARMv7 Processor [412fc0f1] revision 1 (ARMv7), cr=10c5387d
[    0.000000] CPU: PIPT / VIPT nonaliasing data cache, PIPT instruction cache
[    0.000000] Machine model: linux,dummy-virt
[    0.000000] debug: ignoring loglevel setting.
[    0.000000] Memory policy: Data cache writeback
[    0.000000] On node 0 totalpages: 65536
[    0.000000] free_area_init_node: node 0, pgdat c061dfe8, node_mem_map cfdf9000
[    0.000000]   Normal zone: 512 pages used for memmap
[    0.000000]   Normal zone: 0 pages reserved
[    0.000000]   Normal zone: 65536 pages, LIFO batch:15
[    0.000000] psci: probing for conduit method from DT.
[    0.000000] psci: PSCIv0.2 detected in firmware.
[    0.000000] psci: Using standard PSCI v0.2 function IDs
[    0.000000] CPU: All CPU(s) started in SVC mode.
[    0.000000] pcpu-alloc: s0 r0 d32768 u32768 alloc=1*32768
[    0.000000] pcpu-alloc: [0] 0 
[    0.000000] Built 1 zonelists in Zone order, mobility grouping on.  Total pages: 65024
[    0.000000] Kernel command line: firmadyne.syscall=1 root=/dev/vda1 console=ttyS0 nandsim.parts=64,64,64,64,64,64,64,64,64,64 rdinit=/firmadyne/preInit.sh rw debug ignore_loglevel print-fatal-signals=1 user_debug=31
[    0.000000] PID hash table entries: 1024 (order: 0, 4096 bytes)
[    0.000000] Dentry cache hash table entries: 32768 (order: 5, 131072 bytes)
[    0.000000] Inode-cache hash table entries: 16384 (order: 4, 65536 bytes)
[    0.000000] Memory: 253340K/262144K available (4297K kernel code, 170K rwdata, 1584K rodata, 180K init, 148K bss, 8804K reserved, 0K cma-reserved)
[    0.000000] Virtual kernel memory layout:
[    0.000000]     vector  : 0xffff0000 - 0xffff1000   (   4 kB)
[    0.000000]     fixmap  : 0xffc00000 - 0xfff00000   (3072 kB)
[    0.000000]     vmalloc : 0xd0800000 - 0xff000000   ( 744 MB)
[    0.000000]     lowmem  : 0xc0000000 - 0xd0000000   ( 256 MB)
[    0.000000]     modules : 0xbf000000 - 0xc0000000   (  16 MB)
[    0.000000]       .text : 0xc0008000 - 0xc05c67bc   (5882 kB)
[    0.000000]       .init : 0xc05c7000 - 0xc05f4000   ( 180 kB)
[    0.000000]       .data : 0xc05f4000 - 0xc061e840   ( 171 kB)
[    0.000000]        .bss : 0xc0621000 - 0xc06462d4   ( 149 kB)
[    0.000000] NR_IRQS:16 nr_irqs:16 16
[    0.000000] Architected cp15 timer(s) running at 62.50MHz (virt).
[    0.000000] clocksource arch_sys_counter: mask: 0xffffffffffffff max_cycles: 0x1cd42e208c, max_idle_ns: 881590405314 ns
[    5.786038] sched_clock: 56 bits at 62MHz, resolution 16ns, wraps every 4398046511096ns
[    5.786291] Switching to timer-based delay loop, resolution 16ns
[    5.791610] Console: colour dummy device 80x30
[    5.791965] Calibrating delay loop (skipped), value calculated using timer frequency.. 125.00 BogoMIPS (lpj=625000)
[    5.792109] pid_max: default: 32768 minimum: 301
[    5.793048] Mount-cache hash table entries: 1024 (order: 0, 4096 bytes)
[    5.793092] Mountpoint-cache hash table entries: 1024 (order: 0, 4096 bytes)
[    5.800576] CPU: Testing write buffer coherency: ok
[    5.806792] Setting up static identity map for 0x40008240 - 0x40008298
[    5.822146] VFP support v0.3: implementor 41 architecture 4 part 30 variant f rev 0
[    7.989070] clocksource jiffies: mask: 0xffffffff max_cycles: 0xffffffff, max_idle_ns: 19112604462750000 ns
[    7.998387] NET: Registered protocol family 16
[    8.001667] DMA: preallocated 256 KiB pool for atomic coherent allocations
[    8.005914] cpuidle: using governor ladder
[    8.006068] cpuidle: using governor menu
[    8.027211] Serial: AMBA PL011 UART driver
[   11.663349] 9000000.pl011: ttyS0 at MMIO 0x9000000 (irq = 54, base_baud = 0) is a PL011 rev1
[   11.670849] console [ttyS0] enabled
[   11.697529] vgaarb: loaded
[   11.699138] SCSI subsystem initialized
[   11.700416] usbcore: registered new interface driver usbfs
[   11.700807] usbcore: registered new interface driver hub
[   11.701153] usbcore: registered new device driver usb
[   11.711280] cfg80211: Calling CRDA to update world regulatory domain
[   11.713778] Switched to clocksource arch_sys_counter
[   11.730645] NET: Registered protocol family 2
[   11.737816] TCP established hash table entries: 2048 (order: 1, 8192 bytes)
[   11.738070] TCP bind hash table entries: 2048 (order: 1, 8192 bytes)
[   11.738396] TCP: Hash tables configured (established 2048 bind 2048)
[   11.739011] UDP hash table entries: 256 (order: 0, 4096 bytes)
[   11.739289] UDP-Lite hash table entries: 256 (order: 0, 4096 bytes)
[   11.740787] NET: Registered protocol family 1
[   11.741227] PCI: CLS 0 bytes, default 64
[   13.162605] NetWinder Floating Point Emulator V0.97 (extended precision)
[   13.165583] futex hash table entries: 256 (order: -1, 3072 bytes)
[   13.171069] squashfs: version 4.0 (2009/01/31) Phillip Lougher
[   13.172097] jffs2: version 2.2. (NAND) © 2001-2006 Red Hat, Inc.
[   13.172906] romfs: ROMFS MTD (C) 2007 Red Hat, Inc.
[   13.182231] Block layer SCSI generic (bsg) driver version 0.4 loaded (major 253)
[   13.182553] io scheduler noop registered
[   13.182783] io scheduler cfq registered (default)
[   13.183566] firmadyne: devfs: 1, execute: 1, procfs: 1, syscall: 1
[   13.184922] ------------[ cut here ]------------
[   13.185124] WARNING: CPU: 0 PID: 1 at /home/vagrant/firmadyne-kernel/kernel-v4.1/fs/sysfs/dir.c:31 sysfs_warn_dup+0x50/0x6c()
[   13.185357] sysfs: cannot create duplicate filename '/class/gpio'
[   13.185516] Modules linked in:
[   13.185831] CPU: 0 PID: 1 Comm: swapper Not tainted 4.1.17+ #1
[   13.185970] Hardware name: Generic DT based system
[   13.186649] [<c001c99c>] (unwind_backtrace) from [<c0019d30>] (show_stack+0x10/0x14)
[   13.186926] [<c0019d30>] (show_stack) from [<c0024ab4>] (warn_slowpath_common+0x80/0xa8)
[   13.187126] [<c0024ab4>] (warn_slowpath_common) from [<c0024b08>] (warn_slowpath_fmt+0x2c/0x3c)
[   13.187365] [<c0024b08>] (warn_slowpath_fmt) from [<c00e363c>] (sysfs_warn_dup+0x50/0x6c)
[   13.187545] [<c00e363c>] (sysfs_warn_dup) from [<c00e3714>] (sysfs_create_dir_ns+0x74/0x84)
[   13.187728] [<c00e3714>] (sysfs_create_dir_ns) from [<c018e6ac>] (kobject_add_internal+0xb8/0x2ac)
[   13.187917] [<c018e6ac>] (kobject_add_internal) from [<c018e9a8>] (kset_register+0x1c/0x44)
[   13.188097] [<c018e9a8>] (kset_register) from [<c02090b4>] (__class_register+0xa8/0x198)
[   13.188273] [<c02090b4>] (__class_register) from [<c02091e4>] (__class_create+0x40/0x70)
[   13.188453] [<c02091e4>] (__class_create) from [<c01adf68>] (register_devfs_stubs+0x314/0xbb4)
[   13.188638] [<c01adf68>] (register_devfs_stubs) from [<c05d9b08>] (init_module+0x28/0xa4)
[   13.188841] [<c05d9b08>] (init_module) from [<c0009670>] (do_one_initcall+0x104/0x1b4)
[   13.189013] [<c0009670>] (do_one_initcall) from [<c05c7d08>] (kernel_init_freeable+0xf0/0x1b0)
[   13.189199] [<c05c7d08>] (kernel_init_freeable) from [<c040f28c>] (kernel_init+0x8/0xe4)
[   13.189369] [<c040f28c>] (kernel_init) from [<c0016da8>] (ret_from_fork+0x14/0x2c)
[   13.189620] ---[ end trace de7f2ccc113f2acf ]---
[   13.189815] ------------[ cut here ]------------
[   13.189928] WARNING: CPU: 0 PID: 1 at /home/vagrant/firmadyne-kernel/kernel-v4.1/lib/kobject.c:240 kobject_add_internal+0x240/0x2ac()
[   13.190149] kobject_add_internal failed for gpio with -EEXIST, don't try to register things with the same name in the same directory.
[   13.190364] Modules linked in:
[   13.190500] CPU: 0 PID: 1 Comm: swapper Tainted: G        W       4.1.17+ #1
[   13.190638] Hardware name: Generic DT based system
[   13.190756] [<c001c99c>] (unwind_backtrace) from [<c0019d30>] (show_stack+0x10/0x14)
[   13.190923] [<c0019d30>] (show_stack) from [<c0024ab4>] (warn_slowpath_common+0x80/0xa8)
[   13.191096] [<c0024ab4>] (warn_slowpath_common) from [<c0024b08>] (warn_slowpath_fmt+0x2c/0x3c)
[   13.191278] [<c0024b08>] (warn_slowpath_fmt) from [<c018e834>] (kobject_add_internal+0x240/0x2ac)
[   13.191472] [<c018e834>] (kobject_add_internal) from [<c018e9a8>] (kset_register+0x1c/0x44)
[   13.191646] [<c018e9a8>] (kset_register) from [<c02090b4>] (__class_register+0xa8/0x198)
[   13.191816] [<c02090b4>] (__class_register) from [<c02091e4>] (__class_create+0x40/0x70)
[   13.191986] [<c02091e4>] (__class_create) from [<c01adf68>] (register_devfs_stubs+0x314/0xbb4)
[   13.192167] [<c01adf68>] (register_devfs_stubs) from [<c05d9b08>] (init_module+0x28/0xa4)
[   13.192340] [<c05d9b08>] (init_module) from [<c0009670>] (do_one_initcall+0x104/0x1b4)
[   13.192516] [<c0009670>] (do_one_initcall) from [<c05c7d08>] (kernel_init_freeable+0xf0/0x1b0)
[   13.192700] [<c05c7d08>] (kernel_init_freeable) from [<c040f28c>] (kernel_init+0x8/0xe4)
[   13.192866] [<c040f28c>] (kernel_init) from [<c0016da8>] (ret_from_fork+0x14/0x2c)
[   13.193031] ---[ end trace de7f2ccc113f2ad0 ]---
[   13.193193] firmadyne: Cannot create device class: gpio!
[   13.195002] firmadyne: Cannot register character device: watchdog, 0xa, 0x82!
[   13.195181] firmadyne: Cannot register character device: wdt, 0xfd, 0x0!
[   13.275784] PCI host bridge /pcie@10000000 ranges:
[   13.276348]    IO 0x3eff0000..0x3effffff -> 0x00000000
[   13.276723]   MEM 0x10000000..0x3efeffff -> 0x10000000
[   13.276856]   MEM 0x8000000000..0xffffffffff -> 0x8000000000
[   13.277524] pci-host-generic 3f000000.pcie: resource collision: [mem 0x00000000-0xffffffff] conflicts with /pl011@9000000 [mem 0x09000000-0x09000fff]
[   13.278224] pci-host-generic: probe of 3f000000.pcie failed with error -16
[   13.289853] Non-volatile memory driver v1.3
[   14.959850] cfg80211: Calling CRDA to update world regulatory domain
Starting firmware emulation... use Ctrl-a + x to exit
qemu-system-arm: terminating on signal 2 from pid 138955 (timeout)
[    0.000000] Booting Linux on physical CPU 0x0
[    0.000000] Linux version 4.1.17+ (vagrant@vagrant-ubuntu-trusty-64) (gcc version 5.3.0 (GCC) ) #1 Thu Feb 18 01:05:21 UTC 2016
[    0.000000] CPU: ARMv7 Processor [412fc0f1] revision 1 (ARMv7), cr=10c5387d
[    0.000000] CPU: PIPT / VIPT nonaliasing data cache, PIPT instruction cache
[    0.000000] Machine model: linux,dummy-virt
[    0.000000] debug: ignoring loglevel setting.
[    0.000000] Memory policy: Data cache writeback
[    0.000000] On node 0 totalpages: 65536
[    0.000000] free_area_init_node: node 0, pgdat c061dfe8, node_mem_map cfdf9000
[    0.000000]   Normal zone: 512 pages used for memmap
[    0.000000]   Normal zone: 0 pages reserved
[    0.000000]   Normal zone: 65536 pages, LIFO batch:15
[    0.000000] psci: probing for conduit method from DT.
[    0.000000] psci: PSCIv0.2 detected in firmware.
[    0.000000] psci: Using standard PSCI v0.2 function IDs
[    0.000000] CPU: All CPU(s) started in SVC mode.
[    0.000000] pcpu-alloc: s0 r0 d32768 u32768 alloc=1*32768
[    0.000000] pcpu-alloc: [0] 0 
[    0.000000] Built 1 zonelists in Zone order, mobility grouping on.  Total pages: 65024
[    0.000000] Kernel command line: root=/dev/vda1 console=ttyS0 nandsim.parts=64,64,64,64,64,64,64,64,64,64 rdinit=/firmadyne/preInit.sh rw debug ignore_loglevel print-fatal-signals=1 user_debug=31 firmadyne.syscall=0
[    0.000000] PID hash table entries: 1024 (order: 0, 4096 bytes)
[    0.000000] Dentry cache hash table entries: 32768 (order: 5, 131072 bytes)
[    0.000000] Inode-cache hash table entries: 16384 (order: 4, 65536 bytes)
[    0.000000] Memory: 253340K/262144K available (4297K kernel code, 170K rwdata, 1584K rodata, 180K init, 148K bss, 8804K reserved, 0K cma-reserved)
[    0.000000] Virtual kernel memory layout:
[    0.000000]     vector  : 0xffff0000 - 0xffff1000   (   4 kB)
[    0.000000]     fixmap  : 0xffc00000 - 0xfff00000   (3072 kB)
[    0.000000]     vmalloc : 0xd0800000 - 0xff000000   ( 744 MB)
[    0.000000]     lowmem  : 0xc0000000 - 0xd0000000   ( 256 MB)
[    0.000000]     modules : 0xbf000000 - 0xc0000000   (  16 MB)
[    0.000000]       .text : 0xc0008000 - 0xc05c67bc   (5882 kB)
[    0.000000]       .init : 0xc05c7000 - 0xc05f4000   ( 180 kB)
[    0.000000]       .data : 0xc05f4000 - 0xc061e840   ( 171 kB)
[    0.000000]        .bss : 0xc0621000 - 0xc06462d4   ( 149 kB)
[    0.000000] NR_IRQS:16 nr_irqs:16 16
[    0.000000] Architected cp15 timer(s) running at 62.50MHz (virt).
[    0.000000] clocksource arch_sys_counter: mask: 0xffffffffffffff max_cycles: 0x1cd42e208c, max_idle_ns: 881590405314 ns
[    0.000169] sched_clock: 56 bits at 62MHz, resolution 16ns, wraps every 4398046511096ns
[    0.000328] Switching to timer-based delay loop, resolution 16ns
[    0.003519] Console: colour dummy device 80x30
[    0.003853] Calibrating delay loop (skipped), value calculated using timer frequency.. 125.00 BogoMIPS (lpj=625000)
[    0.003990] pid_max: default: 32768 minimum: 301
[    0.004922] Mount-cache hash table entries: 1024 (order: 0, 4096 bytes)
[    0.004962] Mountpoint-cache hash table entries: 1024 (order: 0, 4096 bytes)
[    0.015588] CPU: Testing write buffer coherency: ok
[    0.021942] Setting up static identity map for 0x40008240 - 0x40008298
[    2.523133] VFP support v0.3: implementor 41 architecture 4 part 30 variant f rev 0
[    2.535456] clocksource jiffies: mask: 0xffffffff max_cycles: 0xffffffff, max_idle_ns: 19112604462750000 ns
[    2.544978] NET: Registered protocol family 16
[    2.548207] DMA: preallocated 256 KiB pool for atomic coherent allocations
[    2.552551] cpuidle: using governor ladder
[    2.552718] cpuidle: using governor menu
[    6.562249] Serial: AMBA PL011 UART driver
[    6.564521] 9000000.pl011: ttyS0 at MMIO 0x9000000 (irq = 54, base_baud = 0) is a PL011 rev1
[    6.572554] console [ttyS0] enabled
[    6.594817] vgaarb: loaded
[    6.596353] SCSI subsystem initialized
[    6.597588] usbcore: registered new interface driver usbfs
[    6.597956] usbcore: registered new interface driver hub
[    6.598280] usbcore: registered new device driver usb
[    6.607505] cfg80211: Calling CRDA to update world regulatory domain
[    6.609814] Switched to clocksource arch_sys_counter
[    6.627362] NET: Registered protocol family 2
[    8.663186] TCP established hash table entries: 2048 (order: 1, 8192 bytes)
[    8.663482] TCP bind hash table entries: 2048 (order: 1, 8192 bytes)
[    8.663802] TCP: Hash tables configured (established 2048 bind 2048)
[    8.664375] UDP hash table entries: 256 (order: 0, 4096 bytes)
[    8.664635] UDP-Lite hash table entries: 256 (order: 0, 4096 bytes)
[    8.666131] NET: Registered protocol family 1
[    8.666596] PCI: CLS 0 bytes, default 64
[    8.673999] NetWinder Floating Point Emulator V0.97 (extended precision)
[    8.676715] futex hash table entries: 256 (order: -1, 3072 bytes)
[    8.682453] squashfs: version 4.0 (2009/01/31) Phillip Lougher
[    8.683892] jffs2: version 2.2. (NAND) © 2001-2006 Red Hat, Inc.
[    8.684707] romfs: ROMFS MTD (C) 2007 Red Hat, Inc.
[    8.693426] Block layer SCSI generic (bsg) driver version 0.4 loaded (major 253)
[    8.693790] io scheduler noop registered
[    8.694025] io scheduler cfq registered (default)
[    8.694713] firmadyne: devfs: 1, execute: 1, procfs: 1, syscall: 0
[    8.696042] ------------[ cut here ]------------
[    8.696252] WARNING: CPU: 0 PID: 1 at /home/vagrant/firmadyne-kernel/kernel-v4.1/fs/sysfs/dir.c:31 sysfs_warn_dup+0x50/0x6c()
[    8.696494] sysfs: cannot create duplicate filename '/class/gpio'
[    8.696663] Modules linked in:
[    8.697010] CPU: 0 PID: 1 Comm: swapper Not tainted 4.1.17+ #1
[    8.697158] Hardware name: Generic DT based system
[    8.697851] [<c001c99c>] (unwind_backtrace) from [<c0019d30>] (show_stack+0x10/0x14)
[    8.698135] [<c0019d30>] (show_stack) from [<c0024ab4>] (warn_slowpath_common+0x80/0xa8)
[    8.698344] [<c0024ab4>] (warn_slowpath_common) from [<c0024b08>] (warn_slowpath_fmt+0x2c/0x3c)
[    8.698593] [<c0024b08>] (warn_slowpath_fmt) from [<c00e363c>] (sysfs_warn_dup+0x50/0x6c)
[    8.698783] [<c00e363c>] (sysfs_warn_dup) from [<c00e3714>] (sysfs_create_dir_ns+0x74/0x84)
[    8.698976] [<c00e3714>] (sysfs_create_dir_ns) from [<c018e6ac>] (kobject_add_internal+0xb8/0x2ac)
[    8.699174] [<c018e6ac>] (kobject_add_internal) from [<c018e9a8>] (kset_register+0x1c/0x44)
[    8.699363] [<c018e9a8>] (kset_register) from [<c02090b4>] (__class_register+0xa8/0x198)
[    8.699737] [<c02090b4>] (__class_register) from [<c02091e4>] (__class_create+0x40/0x70)
[    8.699930] [<c02091e4>] (__class_create) from [<c01adf68>] (register_devfs_stubs+0x314/0xbb4)
[    8.700125] [<c01adf68>] (register_devfs_stubs) from [<c05d9b08>] (init_module+0x28/0xa4)
[    8.700348] [<c05d9b08>] (init_module) from [<c0009670>] (do_one_initcall+0x104/0x1b4)
[    8.700532] [<c0009670>] (do_one_initcall) from [<c05c7d08>] (kernel_init_freeable+0xf0/0x1b0)
[    8.700729] [<c05c7d08>] (kernel_init_freeable) from [<c040f28c>] (kernel_init+0x8/0xe4)
[    8.700924] [<c040f28c>] (kernel_init) from [<c0016da8>] (ret_from_fork+0x14/0x2c)
[    8.701195] ---[ end trace ad730dd14a497889 ]---
[    8.701401] ------------[ cut here ]------------
[    8.701520] WARNING: CPU: 0 PID: 1 at /home/vagrant/firmadyne-kernel/kernel-v4.1/lib/kobject.c:240 kobject_add_internal+0x240/0x2ac()
[    8.701753] kobject_add_internal failed for gpio with -EEXIST, don't try to register things with the same name in the same directory.
[    8.701980] Modules linked in:
[    8.702130] CPU: 0 PID: 1 Comm: swapper Tainted: G        W       4.1.17+ #1
[    8.702277] Hardware name: Generic DT based system
[    8.702402] [<c001c99c>] (unwind_backtrace) from [<c0019d30>] (show_stack+0x10/0x14)
[    8.702577] [<c0019d30>] (show_stack) from [<c0024ab4>] (warn_slowpath_common+0x80/0xa8)
[    8.702759] [<c0024ab4>] (warn_slowpath_common) from [<c0024b08>] (warn_slowpath_fmt+0x2c/0x3c)
[    8.702950] [<c0024b08>] (warn_slowpath_fmt) from [<c018e834>] (kobject_add_internal+0x240/0x2ac)
[    8.703153] [<c018e834>] (kobject_add_internal) from [<c018e9a8>] (kset_register+0x1c/0x44)
[    8.703335] [<c018e9a8>] (kset_register) from [<c02090b4>] (__class_register+0xa8/0x198)
[    8.703513] [<c02090b4>] (__class_register) from [<c02091e4>] (__class_create+0x40/0x70)
[    8.703690] [<c02091e4>] (__class_create) from [<c01adf68>] (register_devfs_stubs+0x314/0xbb4)
[    8.703879] [<c01adf68>] (register_devfs_stubs) from [<c05d9b08>] (init_module+0x28/0xa4)
[    8.704060] [<c05d9b08>] (init_module) from [<c0009670>] (do_one_initcall+0x104/0x1b4)
[    8.704237] [<c0009670>] (do_one_initcall) from [<c05c7d08>] (kernel_init_freeable+0xf0/0x1b0)
[    8.704423] [<c05c7d08>] (kernel_init_freeable) from [<c040f28c>] (kernel_init+0x8/0xe4)
[    8.704596] [<c040f28c>] (kernel_init) from [<c0016da8>] (ret_from_fork+0x14/0x2c)
[    8.704775] ---[ end trace ad730dd14a49788a ]---
[    8.704956] firmadyne: Cannot create device class: gpio!
[    8.706718] firmadyne: Cannot register character device: watchdog, 0xa, 0x82!
[    8.706906] firmadyne: Cannot register character device: wdt, 0xfd, 0x0!
[    8.788481] PCI host bridge /pcie@10000000 ranges:
[    8.789072]    IO 0x3eff0000..0x3effffff -> 0x00000000
[    8.789445]   MEM 0x10000000..0x3efeffff -> 0x10000000
[    8.789747]   MEM 0x8000000000..0xffffffffff -> 0x8000000000
[    8.790447] pci-host-generic 3f000000.pcie: resource collision: [mem 0x00000000-0xffffffff] conflicts with /pl011@9000000 [mem 0x09000000-0x09000fff]
[    8.791170] pci-host-generic: probe of 3f000000.pcie failed with error -16
[    8.802645] Non-volatile memory driver v1.3
[   12.218996] cfg80211: Calling CRDA to update world regulatory domain
[   12.238234] brd: module loaded
[   12.248249] loop: module loaded
[   12.653722]  vda: vda1
[   12.665807] 0.flash: Found 2 x16 devices at 0x0 in 32-bit bank. Manufacturer ID 0x000000 Chip ID 0x000000
[   12.666443] Intel/Sharp Extended Query Table at 0x0031
[   12.667621] Using buffer write method
[   12.669302] erase region 0: offset=0x0,size=0x40000,blocks=256
[   12.676660] 0.flash: Found 2 x16 devices at 0x0 in 32-bit bank. Manufacturer ID 0x000000 Chip ID 0x000000
[   12.676904] Intel/Sharp Extended Query Table at 0x0031
[   12.677657] Using buffer write method
[   12.677775] erase region 0: offset=0x0,size=0x40000,blocks=256
[   12.677974] Concatenating MTD devices:
[   12.678088] (0): "0.flash"
[   12.678166] (1): "0.flash"
[   12.678237] into device "0.flash"
[   12.689242] [nandsim] warning: read_byte: unexpected data output cycle, state is STATE_READY return 0x0
[   12.689477] [nandsim] warning: read_byte: unexpected data output cycle, state is STATE_READY return 0x0
[   12.689966] [nandsim] warning: read_byte: unexpected data output cycle, state is STATE_READY return 0x0
[   12.690160] [nandsim] warning: read_byte: unexpected data output cycle, state is STATE_READY return 0x0
[   12.690343] [nandsim] warning: read_byte: unexpected data output cycle, state is STATE_READY return 0x0
[   12.690524] [nandsim] warning: read_byte: unexpected data output cycle, state is STATE_READY return 0x0
[   12.690970] nand: device found, Manufacturer ID: 0x98, Chip ID: 0x39
[   12.691126] nand: Toshiba NAND 128MiB 1,8V 8-bit
[   12.691256] nand: 128 MiB, SLC, erase size: 16 KiB, page size: 512, OOB size: 16
[   12.692166] flash size: 128 MiB
[   12.692258] page size: 512 bytes
[   12.692339] OOB area size: 16 bytes
[   12.692424] sector size: 16 KiB
[   12.692501] pages number: 262144
[   12.692579] pages per sector: 32
[   12.692657] bus width: 8
[   12.692722] bits in sector size: 14
[   12.692833] bits in page size: 9
[   12.692918] bits in OOB size: 4
[   12.693000] flash size with OOB: 135168 KiB
[   12.693098] page address bytes: 4
[   12.693178] sector address bytes: 3
[   12.693261] options: 0x42
[   15.577473] Scanning device for bad blocks
[   15.688679] cfg80211: Calling CRDA to update world regulatory domain
[   15.690077] firmadyne: do_execve: /firmadyne/console
[   15.690278] OFFSETS: offset of pid: 0x190 offset of comm: 0x270
[   15.690780] Creating 11 MTD partitions on "NAND 128MiB 1,8V 8-bit":
[   15.691208] 0x000000000000-0x000000100000 : "NAND simulator partition 0"
[   16.239341] 0x000000100000-0x000000200000 : "NAND simulator partition 1"
[   16.240937] 0x000000200000-0x000000300000 : "NAND simulator partition 2"
[   16.242337] 0x000000300000-0x000000400000 : "NAND simulator partition 3"
[   16.243766] 0x000000400000-0x000000500000 : "NAND simulator partition 4"
[   16.245155] 0x000000500000-0x000000600000 : "NAND simulator partition 5"
[   16.246543] 0x000000600000-0x000000700000 : "NAND simulator partition 6"
[   16.248126] 0x000000700000-0x000000800000 : "NAND simulator partition 7"
[   16.249498] 0x000000800000-0x000000900000 : "NAND simulator partition 8"
[   16.250957] 0x000000900000-0x000000a00000 : "NAND simulator partition 9"
[   16.252338] 0x000000a00000-0x000008000000 : "NAND simulator partition 10"
[   16.257844] tun: Universal TUN/TAP device driver, 1.6
[   16.257978] tun: (C) 1999-2004 Max Krasnyansky <maxk@qualcomm.com>
[   18.779444] PPP generic driver version 2.4.2
[   18.780373] PPP BSD Compression module registered
[   18.780571] PPP Deflate Compression module registered
[   18.780843] PPP MPPE Compression module registered
[   18.780991] NET: Registered protocol family 24
[   18.781326] PPTP driver version 0.8.5
