>> Database Image ID: 71

/home/zhumengfan/firmware/firmwares/fa0fdc94f42f207a75a53fa58546b437d4a7a543.ZIP
>> MD5: 8355af5b42e0a99da2a7c2d08931fea2
>> Tag: 71
>> Temp: /tmp/tmpoeMBac
>> Status: Kernel: True, Rootfs: False, Do_Kernel: False,                 Do_Rootfs: True
>>>> Zip archive data, at least v1.0 to extract, compressed size: 11120784, uncompressed size: 11120784, name: DIR-868L_FIRMWARE_1.04.BIN
>> Recursing into archive ...
	
/tmp/tmpoeMBac/_fa0fdc94f42f207a75a53fa58546b437d4a7a543.ZIP.extracted/DIR-868L_FIRMWARE_1.04.BIN
	>> MD5: 84704a560374c7bcca7270d10f67cf40
	>> Tag: 71
	>> Temp: /tmp/tmpCzrWdu
	>> Status: Kernel: True, Rootfs: False, Do_Kernel: False,                 Do_Rootfs: True
	>>>> Squashfs filesystem, little endian, version 4.0, compression:xz, size: 9347728 bytes, 2457 inodes, blocksize: 131072 bytes, created: 2013-09-04 01:45:59
	>>>> Found Linux filesystem in /tmp/tmpCzrWdu/_DIR-868L_FIRMWARE_1.04.BIN.extracted/squashfs-root!
	>> Skipping: completed!
	>> Cleaning up /tmp/tmpCzrWdu...
>> Skipping: completed!
>> Cleaning up /tmp/tmpoeMBac...
./bin/busybox: armel
Querying database for architecture... armel
----Running----
----Copying Filesystem Tarball----
----Creating QEMU Image----
Formatting '/home/zhumengfan/firmadyne//scratch//71//image.raw', fmt=raw size=1073741824
----Creating Partition Table----

Welcome to fdisk (util-linux 2.27.1).
Changes will remain in memory only, until you decide to write them.
Be careful before using the write command.

Device does not contain a recognized partition table.
Created a new DOS disklabel with disk identifier 0x3944da9c.

Command (m for help): Created a new DOS disklabel with disk identifier 0x9b0997fc.

Command (m for help): Partition type
   p   primary (0 primary, 0 extended, 4 free)
   e   extended (container for logical partitions)
Select (default p): Partition number (1-4, default 1): First sector (2048-2097151, default 2048): Last sector, +sectors or +size{K,M,G,T,P} (2048-2097151, default 2097151): 
Created a new partition 1 of type 'Linux' and of size 1023 MiB.

Command (m for help): The partition table has been altered.
Syncing disks.

----Mounting QEMU Image----
add map loop0p1 (252:0): 0 2095104 linear 7:0 2048
----Creating Filesystem----
mke2fs 1.42.13 (17-May-2015)
Discarding device blocks:   4096/261888             done                            
Creating filesystem with 261888 4k blocks and 65536 inodes
Filesystem UUID: 6382f0cf-97fc-467d-b4d4-bfc83d433610
Superblock backups stored on blocks: 
	32768, 98304, 163840, 229376

Allocating group tables: 0/8   done                            
Writing inode tables: 0/8   done                            
Writing superblocks and filesystem accounting information: 0/8   done

----Making QEMU Image Mountpoint----
----Mounting QEMU Image Partition 1----
----Extracting Filesystem Tarball----
----Creating FIRMADYNE Directories----
----Patching Filesystem (chroot)----
Creating /etc/TZ!
Creating /etc/hosts!
Creating /etc/passwd!
Warning: Recreating device nodes!
Removing /etc/scripts/sys_resetbutton!
----Setting up FIRMADYNE----
----Unmounting QEMU Image----
loop deleted : /dev/loop0
Querying database for architecture... armel
Running firmware 71: terminating after 60 secs...
qemu-system-arm: terminating on signal 2 from pid 97737 (timeout)
Inferring network...
Interfaces: []
Done!
[    0.000000] Booting Linux on physical CPU 0x0
[    0.000000] Linux version 4.1.17+ (vagrant@vagrant-ubuntu-trusty-64) (gcc version 5.3.0 (GCC) ) #1 Thu Feb 18 01:05:21 UTC 2016
[    0.000000] CPU: ARMv7 Processor [412fc0f1] revision 1 (ARMv7), cr=10c5387d
[    0.000000] CPU: PIPT / VIPT nonaliasing data cache, PIPT instruction cache
[    0.000000] Machine model: linux,dummy-virt
[    0.000000] debug: ignoring loglevel setting.
[    0.000000] Memory policy: Data cache writeback
[    0.000000] On node 0 totalpages: 65536
[    0.000000] free_area_init_node: node 0, pgdat c061dfe8, node_mem_map cfdf9000
[    0.000000]   Normal zone: 512 pages used for memmap
[    0.000000]   Normal zone: 0 pages reserved
[    0.000000]   Normal zone: 65536 pages, LIFO batch:15
[    0.000000] psci: probing for conduit method from DT.
[    0.000000] psci: PSCIv0.2 detected in firmware.
[    0.000000] psci: Using standard PSCI v0.2 function IDs
[    0.000000] CPU: All CPU(s) started in SVC mode.
[    0.000000] pcpu-alloc: s0 r0 d32768 u32768 alloc=1*32768
[    0.000000] pcpu-alloc: [0] 0 
[    0.000000] Built 1 zonelists in Zone order, mobility grouping on.  Total pages: 65024
[    0.000000] Kernel command line: firmadyne.syscall=1 root=/dev/vda1 console=ttyS0 nandsim.parts=64,64,64,64,64,64,64,64,64,64 rdinit=/firmadyne/preInit.sh rw debug ignore_loglevel print-fatal-signals=1 user_debug=31
[    0.000000] PID hash table entries: 1024 (order: 0, 4096 bytes)
[    0.000000] Dentry cache hash table entries: 32768 (order: 5, 131072 bytes)
[    0.000000] Inode-cache hash table entries: 16384 (order: 4, 65536 bytes)
[    0.000000] Memory: 253340K/262144K available (4297K kernel code, 170K rwdata, 1584K rodata, 180K init, 148K bss, 8804K reserved, 0K cma-reserved)
[    0.000000] Virtual kernel memory layout:
[    0.000000]     vector  : 0xffff0000 - 0xffff1000   (   4 kB)
[    0.000000]     fixmap  : 0xffc00000 - 0xfff00000   (3072 kB)
[    0.000000]     vmalloc : 0xd0800000 - 0xff000000   ( 744 MB)
[    0.000000]     lowmem  : 0xc0000000 - 0xd0000000   ( 256 MB)
[    0.000000]     modules : 0xbf000000 - 0xc0000000   (  16 MB)
[    0.000000]       .text : 0xc0008000 - 0xc05c67bc   (5882 kB)
[    0.000000]       .init : 0xc05c7000 - 0xc05f4000   ( 180 kB)
[    0.000000]       .data : 0xc05f4000 - 0xc061e840   ( 171 kB)
[    0.000000]        .bss : 0xc0621000 - 0xc06462d4   ( 149 kB)
[    0.000000] NR_IRQS:16 nr_irqs:16 16
[    0.000000] Architected cp15 timer(s) running at 62.50MHz (virt).
[    0.000000] clocksource arch_sys_counter: mask: 0xffffffffffffff max_cycles: 0x1cd42e208c, max_idle_ns: 881590405314 ns
[    0.000166] sched_clock: 56 bits at 62MHz, resolution 16ns, wraps every 4398046511096ns
[    0.000309] Switching to timer-based delay loop, resolution 16ns
[    5.321666] Console: colour dummy device 80x30
[    5.322071] Calibrating delay loop (skipped), value calculated using timer frequency.. 125.00 BogoMIPS (lpj=625000)
[    5.322232] pid_max: default: 32768 minimum: 301
[    5.323214] Mount-cache hash table entries: 1024 (order: 0, 4096 bytes)
[    5.323262] Mountpoint-cache hash table entries: 1024 (order: 0, 4096 bytes)
[    5.330625] CPU: Testing write buffer coherency: ok
[    5.336890] Setting up static identity map for 0x40008240 - 0x40008298
[    5.352053] VFP support v0.3: implementor 41 architecture 4 part 30 variant f rev 0
[    6.122078] clocksource jiffies: mask: 0xffffffff max_cycles: 0xffffffff, max_idle_ns: 19112604462750000 ns
[    6.131295] NET: Registered protocol family 16
[    6.134462] DMA: preallocated 256 KiB pool for atomic coherent allocations
[    6.138551] cpuidle: using governor ladder
[    6.138706] cpuidle: using governor menu
[    6.159594] Serial: AMBA PL011 UART driver
[    6.161803] 9000000.pl011: ttyS0 at MMIO 0x9000000 (irq = 54, base_baud = 0) is a PL011 rev1
[    6.169022] console [ttyS0] enabled
[   14.584886] vgaarb: loaded
[   14.586570] SCSI subsystem initialized
[   14.587647] usbcore: registered new interface driver usbfs
[   14.588019] usbcore: registered new interface driver hub
[   14.588389] usbcore: registered new device driver usb
[   14.597998] cfg80211: Calling CRDA to update world regulatory domain
[   14.600384] Switched to clocksource arch_sys_counter
[   14.618183] NET: Registered protocol family 2
[   14.623667] TCP established hash table entries: 2048 (order: 1, 8192 bytes)
[   14.623950] TCP bind hash table entries: 2048 (order: 1, 8192 bytes)
[   14.624260] TCP: Hash tables configured (established 2048 bind 2048)
[   14.624798] UDP hash table entries: 256 (order: 0, 4096 bytes)
[   14.625046] UDP-Lite hash table entries: 256 (order: 0, 4096 bytes)
[   14.626523] NET: Registered protocol family 1
[   14.626975] PCI: CLS 0 bytes, default 64
[   17.479890] NetWinder Floating Point Emulator V0.97 (extended precision)
[   17.483050] futex hash table entries: 256 (order: -1, 3072 bytes)
[   17.488826] squashfs: version 4.0 (2009/01/31) Phillip Lougher
[   17.489916] jffs2: version 2.2. (NAND) Â© 2001-2006 Red Hat, Inc.
[   17.490895] romfs: ROMFS MTD (C) 2007 Red Hat, Inc.
[   17.500084] Block layer SCSI generic (bsg) driver version 0.4 loaded (major 253)
[   17.500607] io scheduler noop registered
[   17.500838] io scheduler cfq registered (default)
[   17.501511] firmadyne: devfs: 1, execute: 1, procfs: 1, syscall: 1
[   17.502897] ------------[ cut here ]------------
[   17.503096] WARNING: CPU: 0 PID: 1 at /home/vagrant/firmadyne-kernel/kernel-v4.1/fs/sysfs/dir.c:31 sysfs_warn_dup+0x50/0x6c()
[   17.503323] sysfs: cannot create duplicate filename '/class/gpio'
[   17.503483] Modules linked in:
[   17.503818] CPU: 0 PID: 1 Comm: swapper Not tainted 4.1.17+ #1
[   17.503963] Hardware name: Generic DT based system
[   17.504649] [<c001c99c>] (unwind_backtrace) from [<c0019d30>] (show_stack+0x10/0x14)
[   17.504922] [<c0019d30>] (show_stack) from [<c0024ab4>] (warn_slowpath_common+0x80/0xa8)
[   17.505118] [<c0024ab4>] (warn_slowpath_common) from [<c0024b08>] (warn_slowpath_fmt+0x2c/0x3c)
[   17.505352] [<c0024b08>] (warn_slowpath_fmt) from [<c00e363c>] (sysfs_warn_dup+0x50/0x6c)
[   17.505529] [<c00e363c>] (sysfs_warn_dup) from [<c00e3714>] (sysfs_create_dir_ns+0x74/0x84)
[   17.505716] [<c00e3714>] (sysfs_create_dir_ns) from [<c018e6ac>] (kobject_add_internal+0xb8/0x2ac)
[   17.505904] [<c018e6ac>] (kobject_add_internal) from [<c018e9a8>] (kset_register+0x1c/0x44)
[   17.506082] [<c018e9a8>] (kset_register) from [<c02090b4>] (__class_register+0xa8/0x198)
[   17.506255] [<c02090b4>] (__class_register) from [<c02091e4>] (__class_create+0x40/0x70)
[   17.506425] [<c02091e4>] (__class_create) from [<c01adf68>] (register_devfs_stubs+0x314/0xbb4)
[   17.506605] [<c01adf68>] (register_devfs_stubs) from [<c05d9b08>] (init_module+0x28/0xa4)
[   17.506810] [<c05d9b08>] (init_module) from [<c0009670>] (do_one_initcall+0x104/0x1b4)
[   17.506980] [<c0009670>] (do_one_initcall) from [<c05c7d08>] (kernel_init_freeable+0xf0/0x1b0)
[   17.507164] [<c05c7d08>] (kernel_init_freeable) from [<c040f28c>] (kernel_init+0x8/0xe4)
[   17.507330] [<c040f28c>] (kernel_init) from [<c0016da8>] (ret_from_fork+0x14/0x2c)
[   17.507589] ---[ end trace 30509be3bdefd5d5 ]---
[   17.507782] ------------[ cut here ]------------
[   17.507893] WARNING: CPU: 0 PID: 1 at /home/vagrant/firmadyne-kernel/kernel-v4.1/lib/kobject.c:240 kobject_add_internal+0x240/0x2ac()
[   17.508109] kobject_add_internal failed for gpio with -EEXIST, don't try to register things with the same name in the same directory.
[   17.508319] Modules linked in:
[   17.508457] CPU: 0 PID: 1 Comm: swapper Tainted: G        W       4.1.17+ #1
[   17.508593] Hardware name: Generic DT based system
[   17.508709] [<c001c99c>] (unwind_backtrace) from [<c0019d30>] (show_stack+0x10/0x14)
[   17.508872] [<c0019d30>] (show_stack) from [<c0024ab4>] (warn_slowpath_common+0x80/0xa8)
[   17.509043] [<c0024ab4>] (warn_slowpath_common) from [<c0024b08>] (warn_slowpath_fmt+0x2c/0x3c)
[   17.509221] [<c0024b08>] (warn_slowpath_fmt) from [<c018e834>] (kobject_add_internal+0x240/0x2ac)
[   17.509411] [<c018e834>] (kobject_add_internal) from [<c018e9a8>] (kset_register+0x1c/0x44)
[   17.509581] [<c018e9a8>] (kset_register) from [<c02090b4>] (__class_register+0xa8/0x198)
[   17.509757] [<c02090b4>] (__class_register) from [<c02091e4>] (__class_create+0x40/0x70)
[   17.509925] [<c02091e4>] (__class_create) from [<c01adf68>] (register_devfs_stubs+0x314/0xbb4)
[   17.510226] [<c01adf68>] (register_devfs_stubs) from [<c05d9b08>] (init_module+0x28/0xa4)
[   17.510404] [<c05d9b08>] (init_module) from [<c0009670>] (do_one_initcall+0x104/0x1b4)
[   17.510571] [<c0009670>] (do_one_initcall) from [<c05c7d08>] (kernel_init_freeable+0xf0/0x1b0)
[   17.510745] [<c05c7d08>] (kernel_init_freeable) from [<c040f28c>] (kernel_init+0x8/0xe4)
[   17.510907] [<c040f28c>] (kernel_init) from [<c0016da8>] (ret_from_fork+0x14/0x2c)
[   17.511072] ---[ end trace 30509be3bdefd5d6 ]---
[   17.511235] firmadyne: Cannot create device class: gpio!
[   17.512907] firmadyne: Cannot register character device: watchdog, 0xa, 0x82!
[   17.513082] firmadyne: Cannot register character device: wdt, 0xfd, 0x0!
[   17.593142] PCI host bridge /pcie@10000000 ranges:
[   17.593728]    IO 0x3eff0000..0x3effffff -> 0x00000000
[   17.594093]   MEM 0x10000000..0x3efeffff -> 0x10000000
[   17.594223]   MEM 0x8000000000..0xffffffffff -> 0x8000000000
[   17.594895] pci-host-generic 3f000000.pcie: resource collision: [mem 0x00000000-0xffffffff] conflicts with /pl011@9000000 [mem 0x09000000-0x09000fff]
[   17.595594] pci-host-generic: probe of 3f000000.pcie failed with error -16
[   17.606987] Non-volatile memory driver v1.3
[   22.632730] cfg80211: Calling CRDA to update world regulatory domain
Starting firmware emulation... use Ctrl-a + x to exit
qemu-system-arm: terminating on signal 2 from pid 97912 (timeout)
