>> Database Image ID: 79

/home/zhumengfan/firmware/firmwares/fb85de459fb64b2e6e4552dc9eec700b247b81ce.trx
>> MD5: b67e325afc695b4f99a1688368d3e6ce
>> Tag: 79
>> Temp: /tmp/tmpVEy4AM
>> Status: Kernel: True, Rootfs: False, Do_Kernel: False,                 Do_Rootfs: True
>>>> Squashfs filesystem, little endian, version 4.0, compression:xz, size: 14582112 bytes, 1387 inodes, blocksize: 131072 bytes, created: 2014-10-07 11:04:37
>>>> Found Linux filesystem in /tmp/tmpVEy4AM/_fb85de459fb64b2e6e4552dc9eec700b247b81ce.trx.extracted/squashfs-root!
>> Skipping: completed!
>> Cleaning up /tmp/tmpVEy4AM...
./bin/busybox: armel
Querying database for architecture... armel
----Running----
----Copying Filesystem Tarball----
----Creating QEMU Image----
Formatting '/home/zhumengfan/firmadyne//scratch//79//image.raw', fmt=raw size=1073741824
----Creating Partition Table----

Welcome to fdisk (util-linux 2.27.1).
Changes will remain in memory only, until you decide to write them.
Be careful before using the write command.

Device does not contain a recognized partition table.
Created a new DOS disklabel with disk identifier 0x8e337b39.

Command (m for help): Created a new DOS disklabel with disk identifier 0x911b7df4.

Command (m for help): Partition type
   p   primary (0 primary, 0 extended, 4 free)
   e   extended (container for logical partitions)
Select (default p): Partition number (1-4, default 1): First sector (2048-2097151, default 2048): Last sector, +sectors or +size{K,M,G,T,P} (2048-2097151, default 2097151): 
Created a new partition 1 of type 'Linux' and of size 1023 MiB.

Command (m for help): The partition table has been altered.
Syncing disks.

----Mounting QEMU Image----
add map loop0p1 (252:0): 0 2095104 linear 7:0 2048
----Creating Filesystem----
mke2fs 1.42.13 (17-May-2015)
Discarding device blocks:   4096/261888             done                            
Creating filesystem with 261888 4k blocks and 65536 inodes
Filesystem UUID: 1886b51f-63a2-481a-94d8-7d976f6193dc
Superblock backups stored on blocks: 
	32768, 98304, 163840, 229376

Allocating group tables: 0/8   done                            
Writing inode tables: 0/8   done                            
Writing superblocks and filesystem accounting information: 0/8   done

----Making QEMU Image Mountpoint----
----Mounting QEMU Image Partition 1----
----Extracting Filesystem Tarball----
----Creating FIRMADYNE Directories----
----Patching Filesystem (chroot)----
Creating /etc/TZ!
Creating /etc/hosts!
Creating /etc/passwd!
Warning: Recreating device nodes!
Removing /etc/scripts/sys_resetbutton!
----Setting up FIRMADYNE----
----Unmounting QEMU Image----
loop deleted : /dev/loop0
Querying database for architecture... armel
Running firmware 79: terminating after 60 secs...
qemu-system-arm: terminating on signal 2 from pid 101609 (timeout)
Inferring network...
Interfaces: []
Done!
[    0.000000] Booting Linux on physical CPU 0x0
[    0.000000] Linux version 4.1.17+ (vagrant@vagrant-ubuntu-trusty-64) (gcc version 5.3.0 (GCC) ) #1 Thu Feb 18 01:05:21 UTC 2016
[    0.000000] CPU: ARMv7 Processor [412fc0f1] revision 1 (ARMv7), cr=10c5387d
[    0.000000] CPU: PIPT / VIPT nonaliasing data cache, PIPT instruction cache
[    0.000000] Machine model: linux,dummy-virt
[    0.000000] debug: ignoring loglevel setting.
[    0.000000] Memory policy: Data cache writeback
[    0.000000] On node 0 totalpages: 65536
[    0.000000] free_area_init_node: node 0, pgdat c061dfe8, node_mem_map cfdf9000
[    0.000000]   Normal zone: 512 pages used for memmap
[    0.000000]   Normal zone: 0 pages reserved
[    0.000000]   Normal zone: 65536 pages, LIFO batch:15
[    0.000000] psci: probing for conduit method from DT.
[    0.000000] psci: PSCIv0.2 detected in firmware.
[    0.000000] psci: Using standard PSCI v0.2 function IDs
[    0.000000] CPU: All CPU(s) started in SVC mode.
[    0.000000] pcpu-alloc: s0 r0 d32768 u32768 alloc=1*32768
[    0.000000] pcpu-alloc: [0] 0 
[    0.000000] Built 1 zonelists in Zone order, mobility grouping on.  Total pages: 65024
[    0.000000] Kernel command line: firmadyne.syscall=1 root=/dev/vda1 console=ttyS0 nandsim.parts=64,64,64,64,64,64,64,64,64,64 rdinit=/firmadyne/preInit.sh rw debug ignore_loglevel print-fatal-signals=1 user_debug=31
[    0.000000] PID hash table entries: 1024 (order: 0, 4096 bytes)
[    0.000000] Dentry cache hash table entries: 32768 (order: 5, 131072 bytes)
[    0.000000] Inode-cache hash table entries: 16384 (order: 4, 65536 bytes)
[    0.000000] Memory: 253340K/262144K available (4297K kernel code, 170K rwdata, 1584K rodata, 180K init, 148K bss, 8804K reserved, 0K cma-reserved)
[    0.000000] Virtual kernel memory layout:
[    0.000000]     vector  : 0xffff0000 - 0xffff1000   (   4 kB)
[    0.000000]     fixmap  : 0xffc00000 - 0xfff00000   (3072 kB)
[    0.000000]     vmalloc : 0xd0800000 - 0xff000000   ( 744 MB)
[    0.000000]     lowmem  : 0xc0000000 - 0xd0000000   ( 256 MB)
[    0.000000]     modules : 0xbf000000 - 0xc0000000   (  16 MB)
[    0.000000]       .text : 0xc0008000 - 0xc05c67bc   (5882 kB)
[    0.000000]       .init : 0xc05c7000 - 0xc05f4000   ( 180 kB)
[    0.000000]       .data : 0xc05f4000 - 0xc061e840   ( 171 kB)
[    0.000000]        .bss : 0xc0621000 - 0xc06462d4   ( 149 kB)
[    0.000000] NR_IRQS:16 nr_irqs:16 16
[    0.000000] Architected cp15 timer(s) running at 62.50MHz (virt).
[    0.000000] clocksource arch_sys_counter: mask: 0xffffffffffffff max_cycles: 0x1cd42e208c, max_idle_ns: 881590405314 ns
[    0.000161] sched_clock: 56 bits at 62MHz, resolution 16ns, wraps every 4398046511096ns
[    0.000307] Switching to timer-based delay loop, resolution 16ns
[    0.003504] Console: colour dummy device 80x30
[    0.003850] Calibrating delay loop (skipped), value calculated using timer frequency.. 125.00 BogoMIPS (lpj=625000)
[    0.003989] pid_max: default: 32768 minimum: 301
[    0.004939] Mount-cache hash table entries: 1024 (order: 0, 4096 bytes)
[    0.004977] Mountpoint-cache hash table entries: 1024 (order: 0, 4096 bytes)
[    0.014543] CPU: Testing write buffer coherency: ok
[    0.021013] Setting up static identity map for 0x40008240 - 0x40008298
[    4.934450] sched: RT throttling activated
[    4.944682] VFP support v0.3: implementor 41 architecture 4 part 30 variant f rev 0
[    4.957699] clocksource jiffies: mask: 0xffffffff max_cycles: 0xffffffff, max_idle_ns: 19112604462750000 ns
[    4.966944] NET: Registered protocol family 16
[    4.970675] DMA: preallocated 256 KiB pool for atomic coherent allocations
[    4.974880] cpuidle: using governor ladder
[    4.975045] cpuidle: using governor menu
[    8.023326] Serial: AMBA PL011 UART driver
[    8.025741] 9000000.pl011: ttyS0 at MMIO 0x9000000 (irq = 54, base_baud = 0) is a PL011 rev1
[    8.033929] console [ttyS0] enabled
[    8.057469] vgaarb: loaded
[    8.059018] SCSI subsystem initialized
[    8.060082] usbcore: registered new interface driver usbfs
[    8.060445] usbcore: registered new interface driver hub
[    8.060767] usbcore: registered new device driver usb
[    8.070048] cfg80211: Calling CRDA to update world regulatory domain
[    8.072388] Switched to clocksource arch_sys_counter
[    8.978713] NET: Registered protocol family 2
[    8.984153] TCP established hash table entries: 2048 (order: 1, 8192 bytes)
[    8.984437] TCP bind hash table entries: 2048 (order: 1, 8192 bytes)
[    8.984749] TCP: Hash tables configured (established 2048 bind 2048)
[    8.985315] UDP hash table entries: 256 (order: 0, 4096 bytes)
[    8.985595] UDP-Lite hash table entries: 256 (order: 0, 4096 bytes)
[    8.987055] NET: Registered protocol family 1
[    8.987520] PCI: CLS 0 bytes, default 64
[    8.995691] NetWinder Floating Point Emulator V0.97 (extended precision)
[    8.998467] futex hash table entries: 256 (order: -1, 3072 bytes)
[    9.004203] squashfs: version 4.0 (2009/01/31) Phillip Lougher
[    9.005661] jffs2: version 2.2. (NAND) Â© 2001-2006 Red Hat, Inc.
[    9.006461] romfs: ROMFS MTD (C) 2007 Red Hat, Inc.
[    9.015399] Block layer SCSI generic (bsg) driver version 0.4 loaded (major 253)
[    9.015727] io scheduler noop registered
[    9.015964] io scheduler cfq registered (default)
[    9.016638] firmadyne: devfs: 1, execute: 1, procfs: 1, syscall: 1
[    9.017948] ------------[ cut here ]------------
[    9.018151] WARNING: CPU: 0 PID: 1 at /home/vagrant/firmadyne-kernel/kernel-v4.1/fs/sysfs/dir.c:31 sysfs_warn_dup+0x50/0x6c()
[    9.018382] sysfs: cannot create duplicate filename '/class/gpio'
[    9.018541] Modules linked in:
[    9.018875] CPU: 0 PID: 1 Comm: swapper Not tainted 4.1.17+ #1
[    9.019014] Hardware name: Generic DT based system
[    9.019696] [<c001c99c>] (unwind_backtrace) from [<c0019d30>] (show_stack+0x10/0x14)
[    9.019974] [<c0019d30>] (show_stack) from [<c0024ab4>] (warn_slowpath_common+0x80/0xa8)
[    9.020176] [<c0024ab4>] (warn_slowpath_common) from [<c0024b08>] (warn_slowpath_fmt+0x2c/0x3c)
[    9.020416] [<c0024b08>] (warn_slowpath_fmt) from [<c00e363c>] (sysfs_warn_dup+0x50/0x6c)
[    9.020597] [<c00e363c>] (sysfs_warn_dup) from [<c00e3714>] (sysfs_create_dir_ns+0x74/0x84)
[    9.020779] [<c00e3714>] (sysfs_create_dir_ns) from [<c018e6ac>] (kobject_add_internal+0xb8/0x2ac)
[    9.020969] [<c018e6ac>] (kobject_add_internal) from [<c018e9a8>] (kset_register+0x1c/0x44)
[    9.021146] [<c018e9a8>] (kset_register) from [<c02090b4>] (__class_register+0xa8/0x198)
[    9.021320] [<c02090b4>] (__class_register) from [<c02091e4>] (__class_create+0x40/0x70)
[    9.021500] [<c02091e4>] (__class_create) from [<c01adf68>] (register_devfs_stubs+0x314/0xbb4)
[    9.021683] [<c01adf68>] (register_devfs_stubs) from [<c05d9b08>] (init_module+0x28/0xa4)
[    9.021916] [<c05d9b08>] (init_module) from [<c0009670>] (do_one_initcall+0x104/0x1b4)
[    9.022104] [<c0009670>] (do_one_initcall) from [<c05c7d08>] (kernel_init_freeable+0xf0/0x1b0)
[    9.022391] [<c05c7d08>] (kernel_init_freeable) from [<c040f28c>] (kernel_init+0x8/0xe4)
[    9.022577] [<c040f28c>] (kernel_init) from [<c0016da8>] (ret_from_fork+0x14/0x2c)
[    9.022853] ---[ end trace 2e2da632fa9b743f ]---
[    9.023054] ------------[ cut here ]------------
[    9.023170] WARNING: CPU: 0 PID: 1 at /home/vagrant/firmadyne-kernel/kernel-v4.1/lib/kobject.c:240 kobject_add_internal+0x240/0x2ac()
[    9.023389] kobject_add_internal failed for gpio with -EEXIST, don't try to register things with the same name in the same directory.
[    9.023632] Modules linked in:
[    9.023772] CPU: 0 PID: 1 Comm: swapper Tainted: G        W       4.1.17+ #1
[    9.023910] Hardware name: Generic DT based system
[    9.024028] [<c001c99c>] (unwind_backtrace) from [<c0019d30>] (show_stack+0x10/0x14)
[    9.024193] [<c0019d30>] (show_stack) from [<c0024ab4>] (warn_slowpath_common+0x80/0xa8)
[    9.024396] [<c0024ab4>] (warn_slowpath_common) from [<c0024b08>] (warn_slowpath_fmt+0x2c/0x3c)
[    9.024666] [<c0024b08>] (warn_slowpath_fmt) from [<c018e834>] (kobject_add_internal+0x240/0x2ac)
[    9.024862] [<c018e834>] (kobject_add_internal) from [<c018e9a8>] (kset_register+0x1c/0x44)
[    9.025034] [<c018e9a8>] (kset_register) from [<c02090b4>] (__class_register+0xa8/0x198)
[    9.025203] [<c02090b4>] (__class_register) from [<c02091e4>] (__class_create+0x40/0x70)
[    9.025383] [<c02091e4>] (__class_create) from [<c01adf68>] (register_devfs_stubs+0x314/0xbb4)
[    9.025566] [<c01adf68>] (register_devfs_stubs) from [<c05d9b08>] (init_module+0x28/0xa4)
[    9.025737] [<c05d9b08>] (init_module) from [<c0009670>] (do_one_initcall+0x104/0x1b4)
[    9.025903] [<c0009670>] (do_one_initcall) from [<c05c7d08>] (kernel_init_freeable+0xf0/0x1b0)
[    9.026078] [<c05c7d08>] (kernel_init_freeable) from [<c040f28c>] (kernel_init+0x8/0xe4)
[    9.026241] [<c040f28c>] (kernel_init) from [<c0016da8>] (ret_from_fork+0x14/0x2c)
[    9.026408] ---[ end trace 2e2da632fa9b7440 ]---
[    9.026590] firmadyne: Cannot create device class: gpio!
[    9.028355] firmadyne: Cannot register character device: watchdog, 0xa, 0x82!
[    9.028536] firmadyne: Cannot register character device: wdt, 0xfd, 0x0!
[    9.111589] PCI host bridge /pcie@10000000 ranges:
[    9.112260]    IO 0x3eff0000..0x3effffff -> 0x00000000
[    9.112625]   MEM 0x10000000..0x3efeffff -> 0x10000000
[    9.112751]   MEM 0x8000000000..0xffffffffff -> 0x8000000000
[   15.534303] pci-host-generic 3f000000.pcie: resource collision: [mem 0x00000000-0xffffffff] conflicts with /pl011@9000000 [mem 0x09000000-0x09000fff]
[   15.535167] pci-host-generic: probe of 3f000000.pcie failed with error -16
[   15.547168] Non-volatile memory driver v1.3
[   16.237389] cfg80211: Calling CRDA to update world regulatory domain
[   16.257351] brd: module loaded
[   16.267684] loop: module loaded
[   16.501512]  vda: vda1
[   16.514087] 0.flash: Found 2 x16 devices at 0x0 in 32-bit bank. Manufacturer ID 0x000000 Chip ID 0x000000
[   16.514764] Intel/Sharp Extended Query Table at 0x0031
[   16.517145] Using buffer write method
[   16.517612] erase region 0: offset=0x0,size=0x40000,blocks=256
[   16.525129] 0.flash: Found 2 x16 devices at 0x0 in 32-bit bank. Manufacturer ID 0x000000 Chip ID 0x000000
[   16.525405] Intel/Sharp Extended Query Table at 0x0031
[   16.526225] Using buffer write method
[   16.526355] erase region 0: offset=0x0,size=0x40000,blocks=256
[   16.526563] Concatenating MTD devices:
[   16.526677] (0): "0.flash"
[   16.526748] (1): "0.flash"
[   16.526828] into device "0.flash"
[   21.150805] [nandsim] warning: read_byte: unexpected data output cycle, state is STATE_READY return 0x0
[   21.151077] [nandsim] warning: read_byte: unexpected data output cycle, state is STATE_READY return 0x0
[   21.151255] [nandsim] warning: read_byte: unexpected data output cycle, state is STATE_READY return 0x0
[   21.151426] [nandsim] warning: read_byte: unexpected data output cycle, state is STATE_READY return 0x0
[   21.151596] [nandsim] warning: read_byte: unexpected data output cycle, state is STATE_READY return 0x0
[   21.151766] [nandsim] warning: read_byte: unexpected data output cycle, state is STATE_READY return 0x0
[   21.152276] nand: device found, Manufacturer ID: 0x98, Chip ID: 0x39
[   21.152433] nand: Toshiba NAND 128MiB 1,8V 8-bit
[   21.152558] nand: 128 MiB, SLC, erase size: 16 KiB, page size: 512, OOB size: 16
[   21.153556] flash size: 128 MiB
[   21.153648] page size: 512 bytes
[   21.153726] OOB area size: 16 bytes
[   21.153807] sector size: 16 KiB
[   21.153879] pages number: 262144
[   21.153952] pages per sector: 32
[   21.154025] bus width: 8
[   21.154088] bits in sector size: 14
[   21.154166] bits in page size: 9
[   21.154243] bits in OOB size: 4
[   21.154322] flash size with OOB: 135168 KiB
[   21.154414] page address bytes: 4
[   21.154490] sector address bytes: 3
[   21.154569] options: 0x42
[   21.155294] cfg80211: Calling CRDA to update world regulatory domain
[   23.079325] Scanning device for bad blocks
[   23.186579] firmadyne: do_execve: /firmadyne/console
[   23.186805] OFFSETS: offset of pid: 0x190 offset of comm: 0x270
[   23.187320] Creating 11 MTD partitions on "NAND 128MiB 1,8V 8-bit":
[   23.187739] 0x000000000000-0x000000100000 : "NAND simulator partition 0"
[   23.189990] 0x000000100000-0x000000200000 : "NAND simulator partition 1"
[   23.191390] 0x000000200000-0x000000300000 : "NAND simulator partition 2"
[   23.192885] 0x000000300000-0x000000400000 : "NAND simulator partition 3"
[   23.194346] 0x000000400000-0x000000500000 : "NAND simulator partition 4"
[   23.195744] 0x000000500000-0x000000600000 : "NAND simulator partition 5"
[   23.197146] 0x000000600000-0x000000700000 : "NAND simulator partition 6"
[   23.198722] 0x000000700000-0x000000800000 : "NAND simulator partition 7"
[   23.200074] 0x000000800000-0x000000900000 : "NAND simulator partition 8"
[   23.201450] 0x000000900000-0x000000a00000 : "NAND simulator partition 9"
[   23.202977] 0x000000a00000-0x000008000000 : "NAND simulator partition 10"
[   23.208664] tun: Universal TUN/TAP device driver, 1.6
[   23.208815] tun: (C) 1999-2004 Max Krasnyansky <maxk@qualcomm.com>
Starting firmware emulation... use Ctrl-a + x to exit
qemu-system-arm: terminating on signal 2 from pid 101752 (timeout)
[    0.000000] Booting Linux on physical CPU 0x0
[    0.000000] Linux version 4.1.17+ (vagrant@vagrant-ubuntu-trusty-64) (gcc version 5.3.0 (GCC) ) #1 Thu Feb 18 01:05:21 UTC 2016
[    0.000000] CPU: ARMv7 Processor [412fc0f1] revision 1 (ARMv7), cr=10c5387d
[    0.000000] CPU: PIPT / VIPT nonaliasing data cache, PIPT instruction cache
[    0.000000] Machine model: linux,dummy-virt
[    0.000000] debug: ignoring loglevel setting.
[    0.000000] Memory policy: Data cache writeback
[    0.000000] On node 0 totalpages: 65536
[    0.000000] free_area_init_node: node 0, pgdat c061dfe8, node_mem_map cfdf9000
[    0.000000]   Normal zone: 512 pages used for memmap
[    0.000000]   Normal zone: 0 pages reserved
[    0.000000]   Normal zone: 65536 pages, LIFO batch:15
[    0.000000] psci: probing for conduit method from DT.
[    0.000000] psci: PSCIv0.2 detected in firmware.
[    0.000000] psci: Using standard PSCI v0.2 function IDs
[    0.000000] CPU: All CPU(s) started in SVC mode.
[    0.000000] pcpu-alloc: s0 r0 d32768 u32768 alloc=1*32768
[    0.000000] pcpu-alloc: [0] 0 
[    0.000000] Built 1 zonelists in Zone order, mobility grouping on.  Total pages: 65024
[    0.000000] Kernel command line: root=/dev/vda1 console=ttyS0 nandsim.parts=64,64,64,64,64,64,64,64,64,64 rdinit=/firmadyne/preInit.sh rw debug ignore_loglevel print-fatal-signals=1 user_debug=31 firmadyne.syscall=0
[    0.000000] PID hash table entries: 1024 (order: 0, 4096 bytes)
[    0.000000] Dentry cache hash table entries: 32768 (order: 5, 131072 bytes)
[    0.000000] Inode-cache hash table entries: 16384 (order: 4, 65536 bytes)
[    0.000000] Memory: 253340K/262144K available (4297K kernel code, 170K rwdata, 1584K rodata, 180K init, 148K bss, 8804K reserved, 0K cma-reserved)
[    0.000000] Virtual kernel memory layout:
[    0.000000]     vector  : 0xffff0000 - 0xffff1000   (   4 kB)
[    0.000000]     fixmap  : 0xffc00000 - 0xfff00000   (3072 kB)
[    0.000000]     vmalloc : 0xd0800000 - 0xff000000   ( 744 MB)
[    0.000000]     lowmem  : 0xc0000000 - 0xd0000000   ( 256 MB)
[    0.000000]     modules : 0xbf000000 - 0xc0000000   (  16 MB)
[    0.000000]       .text : 0xc0008000 - 0xc05c67bc   (5882 kB)
[    0.000000]       .init : 0xc05c7000 - 0xc05f4000   ( 180 kB)
[    0.000000]       .data : 0xc05f4000 - 0xc061e840   ( 171 kB)
[    0.000000]        .bss : 0xc0621000 - 0xc06462d4   ( 149 kB)
[    0.000000] NR_IRQS:16 nr_irqs:16 16
[    0.000000] Architected cp15 timer(s) running at 62.50MHz (virt).
[    0.000000] clocksource arch_sys_counter: mask: 0xffffffffffffff max_cycles: 0x1cd42e208c, max_idle_ns: 881590405314 ns
[    0.000157] sched_clock: 56 bits at 62MHz, resolution 16ns, wraps every 4398046511096ns
[    0.000300] Switching to timer-based delay loop, resolution 16ns
[    2.438844] Console: colour dummy device 80x30
[    2.439254] Calibrating delay loop (skipped), value calculated using timer frequency.. 125.00 BogoMIPS (lpj=625000)
[    2.439397] pid_max: default: 32768 minimum: 301
[    2.440409] Mount-cache hash table entries: 1024 (order: 0, 4096 bytes)
[    2.440448] Mountpoint-cache hash table entries: 1024 (order: 0, 4096 bytes)
[    2.447900] CPU: Testing write buffer coherency: ok
[    2.454273] Setting up static identity map for 0x40008240 - 0x40008298
[    2.469247] VFP support v0.3: implementor 41 architecture 4 part 30 variant f rev 0
[    3.555284] clocksource jiffies: mask: 0xffffffff max_cycles: 0xffffffff, max_idle_ns: 19112604462750000 ns
[    3.564501] NET: Registered protocol family 16
[    3.567692] DMA: preallocated 256 KiB pool for atomic coherent allocations
[    3.571797] cpuidle: using governor ladder
[    3.571953] cpuidle: using governor menu
[    3.592734] Serial: AMBA PL011 UART driver
[    3.594934] 9000000.pl011: ttyS0 at MMIO 0x9000000 (irq = 54, base_baud = 0) is a PL011 rev1
[    3.602229] console [ttyS0] enabled
[    4.855395] vgaarb: loaded
[    4.856936] SCSI subsystem initialized
[    4.858016] usbcore: registered new interface driver usbfs
[    4.858377] usbcore: registered new interface driver hub
[    4.858693] usbcore: registered new device driver usb
[    4.867741] cfg80211: Calling CRDA to update world regulatory domain
[    4.870018] Switched to clocksource arch_sys_counter
[    4.887574] NET: Registered protocol family 2
[    4.892827] TCP established hash table entries: 2048 (order: 1, 8192 bytes)
[    4.893093] TCP bind hash table entries: 2048 (order: 1, 8192 bytes)
[    4.893399] TCP: Hash tables configured (established 2048 bind 2048)
[    4.893938] UDP hash table entries: 256 (order: 0, 4096 bytes)
[    4.894188] UDP-Lite hash table entries: 256 (order: 0, 4096 bytes)
[    4.895590] NET: Registered protocol family 1
[    4.896035] PCI: CLS 0 bytes, default 64
