>> Database Image ID: 4

/home/zhumengfan/firmware/firmwares/0887f37f120e8e7408192ebbd3e20df805c398f9.ZIP
>> MD5: 08c3e50e29dc43751527c291f2250004
>> Tag: 4
>> Temp: /tmp/tmpDqqk1B
>> Status: Kernel: True, Rootfs: False, Do_Kernel: False,                 Do_Rootfs: True
>>>> Zip archive data, at least v2.0 to extract, compressed size: 9048472, uncompressed size: 9083296, name: DGS-1500-28P_A1_2_50_008.hex
>> Recursing into archive ...
	
/tmp/tmpDqqk1B/_0887f37f120e8e7408192ebbd3e20df805c398f9.ZIP.extracted/DGS-1500-28P_A1_2_50_008.hex
	>> MD5: a3fcf9b189f4a8e0b692fecc754baea8
	>> Tag: 4
	>> Temp: /tmp/tmpAfu4Ol
	>> Status: Kernel: True, Rootfs: False, Do_Kernel: False,                 Do_Rootfs: True
	>>>> Squashfs filesystem, little endian, version 3.1, size: 7800722 bytes, 217 inodes, blocksize: 131072 bytes, created: 2013-12-26 09:12:05
	>>>> Found Linux filesystem in /tmp/tmpAfu4Ol/_DGS-1500-28P_A1_2_50_008.hex.extracted/squashfs-root!
	>> Skipping: completed!
	>> Cleaning up /tmp/tmpAfu4Ol...
>> Skipping: completed!
>> Cleaning up /tmp/tmpDqqk1B...
./bin/busybox: armel
Traceback (most recent call last):
  File "/home/zhumengfan/firmadyne/scripts/tar2db.py", line 100, in <module>
    main()
  File "/home/zhumengfan/firmadyne/scripts/tar2db.py", line 97, in main
    process(iid, infile)
  File "/home/zhumengfan/firmadyne/scripts/tar2db.py", line 77, in process
    insertObjectToImage(iid, file2oid, links, cur)
  File "/home/zhumengfan/firmadyne/scripts/tar2db.py", line 57, in insertObjectToImage
    for x in files2oids])
psycopg2.IntegrityError: duplicate key value violates unique constraint "object_to_image_oid_iid_filename_key"
DETAIL:  Key (oid, iid, filename)=(3205, 4, /lib/libSegFault.so) already exists.

Querying database for architecture... armel
----Running----
----Copying Filesystem Tarball----
----Creating QEMU Image----
Formatting '/home/zhumengfan/firmadyne//scratch//4//image.raw', fmt=raw size=1073741824
----Creating Partition Table----

Welcome to fdisk (util-linux 2.27.1).
Changes will remain in memory only, until you decide to write them.
Be careful before using the write command.

Device does not contain a recognized partition table.
Created a new DOS disklabel with disk identifier 0x41e60fac.

Command (m for help): Created a new DOS disklabel with disk identifier 0x5a805a31.

Command (m for help): Partition type
   p   primary (0 primary, 0 extended, 4 free)
   e   extended (container for logical partitions)
Select (default p): Partition number (1-4, default 1): First sector (2048-2097151, default 2048): Last sector, +sectors or +size{K,M,G,T,P} (2048-2097151, default 2097151): 
Created a new partition 1 of type 'Linux' and of size 1023 MiB.

Command (m for help): The partition table has been altered.
Syncing disks.

----Mounting QEMU Image----
add map loop0p1 (252:0): 0 2095104 linear 7:0 2048
----Creating Filesystem----
mke2fs 1.42.13 (17-May-2015)
Discarding device blocks:   4096/261888             done                            
Creating filesystem with 261888 4k blocks and 65536 inodes
Filesystem UUID: c37998f6-3ce3-43e0-93f2-1fb274683234
Superblock backups stored on blocks: 
	32768, 98304, 163840, 229376

Allocating group tables: 0/8   done                            
Writing inode tables: 0/8   done                            
Writing superblocks and filesystem accounting information: 0/8   done

----Making QEMU Image Mountpoint----
----Mounting QEMU Image Partition 1----
----Extracting Filesystem Tarball----
----Creating FIRMADYNE Directories----
----Patching Filesystem (chroot)----
Creating /etc/TZ!
Creating /etc/hosts!
Warning: Recreating device nodes!
mkdir: can't create directory '/dev/mtd': No such file or directory
mknod: /dev/mtd/0: No such file or directory
mknod: /dev/mtd/1: No such file or directory
mknod: /dev/mtd/2: No such file or directory
mknod: /dev/mtd/3: No such file or directory
mknod: /dev/mtd/4: No such file or directory
mknod: /dev/mtd/5: No such file or directory
mknod: /dev/mtd/6: No such file or directory
mknod: /dev/mtd/7: No such file or directory
mknod: /dev/mtd/8: No such file or directory
mknod: /dev/mtd/9: No such file or directory
mknod: /dev/mtd/10: No such file or directory
Removing /etc/scripts/sys_resetbutton!
----Setting up FIRMADYNE----
----Unmounting QEMU Image----
loop deleted : /dev/loop0
Querying database for architecture... armel
Running firmware 4: terminating after 60 secs...
qemu-system-arm: terminating on signal 2 from pid 40373 (timeout)
Inferring network...
Interfaces: []
Done!
[    0.000000] Booting Linux on physical CPU 0x0
[    0.000000] Linux version 4.1.17+ (vagrant@vagrant-ubuntu-trusty-64) (gcc version 5.3.0 (GCC) ) #1 Thu Feb 18 01:05:21 UTC 2016
[    0.000000] CPU: ARMv7 Processor [412fc0f1] revision 1 (ARMv7), cr=10c5387d
[    0.000000] CPU: PIPT / VIPT nonaliasing data cache, PIPT instruction cache
[    0.000000] Machine model: linux,dummy-virt
[    0.000000] debug: ignoring loglevel setting.
[    0.000000] Memory policy: Data cache writeback
[    0.000000] On node 0 totalpages: 65536
[    0.000000] free_area_init_node: node 0, pgdat c061dfe8, node_mem_map cfdf9000
[    0.000000]   Normal zone: 512 pages used for memmap
[    0.000000]   Normal zone: 0 pages reserved
[    0.000000]   Normal zone: 65536 pages, LIFO batch:15
[    0.000000] psci: probing for conduit method from DT.
[    0.000000] psci: PSCIv0.2 detected in firmware.
[    0.000000] psci: Using standard PSCI v0.2 function IDs
[    0.000000] CPU: All CPU(s) started in SVC mode.
[    0.000000] pcpu-alloc: s0 r0 d32768 u32768 alloc=1*32768
[    0.000000] pcpu-alloc: [0] 0 
[    0.000000] Built 1 zonelists in Zone order, mobility grouping on.  Total pages: 65024
[    0.000000] Kernel command line: firmadyne.syscall=1 root=/dev/vda1 console=ttyS0 nandsim.parts=64,64,64,64,64,64,64,64,64,64 rdinit=/firmadyne/preInit.sh rw debug ignore_loglevel print-fatal-signals=1 user_debug=31
[    0.000000] PID hash table entries: 1024 (order: 0, 4096 bytes)
[    0.000000] Dentry cache hash table entries: 32768 (order: 5, 131072 bytes)
[    0.000000] Inode-cache hash table entries: 16384 (order: 4, 65536 bytes)
[    0.000000] Memory: 253340K/262144K available (4297K kernel code, 170K rwdata, 1584K rodata, 180K init, 148K bss, 8804K reserved, 0K cma-reserved)
[    0.000000] Virtual kernel memory layout:
[    0.000000]     vector  : 0xffff0000 - 0xffff1000   (   4 kB)
[    0.000000]     fixmap  : 0xffc00000 - 0xfff00000   (3072 kB)
[    0.000000]     vmalloc : 0xd0800000 - 0xff000000   ( 744 MB)
[    0.000000]     lowmem  : 0xc0000000 - 0xd0000000   ( 256 MB)
[    0.000000]     modules : 0xbf000000 - 0xc0000000   (  16 MB)
[    0.000000]       .text : 0xc0008000 - 0xc05c67bc   (5882 kB)
[    0.000000]       .init : 0xc05c7000 - 0xc05f4000   ( 180 kB)
[    0.000000]       .data : 0xc05f4000 - 0xc061e840   ( 171 kB)
[    0.000000]        .bss : 0xc0621000 - 0xc06462d4   ( 149 kB)
[    0.000000] NR_IRQS:16 nr_irqs:16 16
[    0.000000] Architected cp15 timer(s) running at 62.50MHz (virt).
[    0.000000] clocksource arch_sys_counter: mask: 0xffffffffffffff max_cycles: 0x1cd42e208c, max_idle_ns: 881590405314 ns
[    0.000157] sched_clock: 56 bits at 62MHz, resolution 16ns, wraps every 4398046511096ns
[    0.000299] Switching to timer-based delay loop, resolution 16ns
[    0.003403] Console: colour dummy device 80x30
[    0.003731] Calibrating delay loop (skipped), value calculated using timer frequency.. 125.00 BogoMIPS (lpj=625000)
[    0.003863] pid_max: default: 32768 minimum: 301
[    0.004754] Mount-cache hash table entries: 1024 (order: 0, 4096 bytes)
[    0.004799] Mountpoint-cache hash table entries: 1024 (order: 0, 4096 bytes)
[    0.013994] CPU: Testing write buffer coherency: ok
[    0.019987] Setting up static identity map for 0x40008240 - 0x40008298
[    0.034737] VFP support v0.3: implementor 41 architecture 4 part 30 variant f rev 0
[    0.063166] clocksource jiffies: mask: 0xffffffff max_cycles: 0xffffffff, max_idle_ns: 19112604462750000 ns
[    0.072353] NET: Registered protocol family 16
[    0.075550] DMA: preallocated 256 KiB pool for atomic coherent allocations
[    0.079683] cpuidle: using governor ladder
[    0.079845] cpuidle: using governor menu
[    0.127863] Serial: AMBA PL011 UART driver
[    0.130043] 9000000.pl011: ttyS0 at MMIO 0x9000000 (irq = 54, base_baud = 0) is a PL011 rev1
[    0.137780] console [ttyS0] enabled
[    0.160009] vgaarb: loaded
[    0.161538] SCSI subsystem initialized
[    0.162620] usbcore: registered new interface driver usbfs
[    0.162980] usbcore: registered new interface driver hub
[    0.163301] usbcore: registered new device driver usb
[    0.172374] cfg80211: Calling CRDA to update world regulatory domain
[    0.174677] Switched to clocksource arch_sys_counter
[    0.192346] NET: Registered protocol family 2
[    0.197808] TCP established hash table entries: 2048 (order: 1, 8192 bytes)
[    0.198097] TCP bind hash table entries: 2048 (order: 1, 8192 bytes)
[    0.198412] TCP: Hash tables configured (established 2048 bind 2048)
[    0.198968] UDP hash table entries: 256 (order: 0, 4096 bytes)
[    0.199224] UDP-Lite hash table entries: 256 (order: 0, 4096 bytes)
[    0.216425] NET: Registered protocol family 1
[    0.216930] PCI: CLS 0 bytes, default 64
[    0.223963] NetWinder Floating Point Emulator V0.97 (extended precision)
[    0.226892] futex hash table entries: 256 (order: -1, 3072 bytes)
[    0.232336] squashfs: version 4.0 (2009/01/31) Phillip Lougher
[    0.233397] jffs2: version 2.2. (NAND) © 2001-2006 Red Hat, Inc.
[    0.234180] romfs: ROMFS MTD (C) 2007 Red Hat, Inc.
[    0.243103] Block layer SCSI generic (bsg) driver version 0.4 loaded (major 253)
[    0.243461] io scheduler noop registered
[    0.243711] io scheduler cfq registered (default)
[    0.244529] firmadyne: devfs: 1, execute: 1, procfs: 1, syscall: 1
[    0.245904] ------------[ cut here ]------------
[    0.246116] WARNING: CPU: 0 PID: 1 at /home/vagrant/firmadyne-kernel/kernel-v4.1/fs/sysfs/dir.c:31 sysfs_warn_dup+0x50/0x6c()
[    0.246351] sysfs: cannot create duplicate filename '/class/gpio'
[    0.246517] Modules linked in:
[    0.246843] CPU: 0 PID: 1 Comm: swapper Not tainted 4.1.17+ #1
[    0.246995] Hardware name: Generic DT based system
[    0.247664] [<c001c99c>] (unwind_backtrace) from [<c0019d30>] (show_stack+0x10/0x14)
[    0.247942] [<c0019d30>] (show_stack) from [<c0024ab4>] (warn_slowpath_common+0x80/0xa8)
[    0.248147] [<c0024ab4>] (warn_slowpath_common) from [<c0024b08>] (warn_slowpath_fmt+0x2c/0x3c)
[    0.248389] [<c0024b08>] (warn_slowpath_fmt) from [<c00e363c>] (sysfs_warn_dup+0x50/0x6c)
[    0.248570] [<c00e363c>] (sysfs_warn_dup) from [<c00e3714>] (sysfs_create_dir_ns+0x74/0x84)
[    0.248749] [<c00e3714>] (sysfs_create_dir_ns) from [<c018e6ac>] (kobject_add_internal+0xb8/0x2ac)
[    0.248944] [<c018e6ac>] (kobject_add_internal) from [<c018e9a8>] (kset_register+0x1c/0x44)
[    0.249120] [<c018e9a8>] (kset_register) from [<c02090b4>] (__class_register+0xa8/0x198)
[    0.249293] [<c02090b4>] (__class_register) from [<c02091e4>] (__class_create+0x40/0x70)
[    0.249465] [<c02091e4>] (__class_create) from [<c01adf68>] (register_devfs_stubs+0x314/0xbb4)
[    0.249648] [<c01adf68>] (register_devfs_stubs) from [<c05d9b08>] (init_module+0x28/0xa4)
[    0.249856] [<c05d9b08>] (init_module) from [<c0009670>] (do_one_initcall+0x104/0x1b4)
[    0.250031] [<c0009670>] (do_one_initcall) from [<c05c7d08>] (kernel_init_freeable+0xf0/0x1b0)
[    0.250213] [<c05c7d08>] (kernel_init_freeable) from [<c040f28c>] (kernel_init+0x8/0xe4)
[    0.250379] [<c040f28c>] (kernel_init) from [<c0016da8>] (ret_from_fork+0x14/0x2c)
[    0.250637] ---[ end trace 348256cc5a50af33 ]---
[    0.250839] ------------[ cut here ]------------
[    0.250956] WARNING: CPU: 0 PID: 1 at /home/vagrant/firmadyne-kernel/kernel-v4.1/lib/kobject.c:240 kobject_add_internal+0x240/0x2ac()
[    0.251176] kobject_add_internal failed for gpio with -EEXIST, don't try to register things with the same name in the same directory.
[    0.251389] Modules linked in:
[    0.251535] CPU: 0 PID: 1 Comm: swapper Tainted: G        W       4.1.17+ #1
[    0.251676] Hardware name: Generic DT based system
[    0.251796] [<c001c99c>] (unwind_backtrace) from [<c0019d30>] (show_stack+0x10/0x14)
[    0.251962] [<c0019d30>] (show_stack) from [<c0024ab4>] (warn_slowpath_common+0x80/0xa8)
[    0.252133] [<c0024ab4>] (warn_slowpath_common) from [<c0024b08>] (warn_slowpath_fmt+0x2c/0x3c)
[    0.252314] [<c0024b08>] (warn_slowpath_fmt) from [<c018e834>] (kobject_add_internal+0x240/0x2ac)
[    0.252505] [<c018e834>] (kobject_add_internal) from [<c018e9a8>] (kset_register+0x1c/0x44)
[    0.252675] [<c018e9a8>] (kset_register) from [<c02090b4>] (__class_register+0xa8/0x198)
[    0.252852] [<c02090b4>] (__class_register) from [<c02091e4>] (__class_create+0x40/0x70)
[    0.253020] [<c02091e4>] (__class_create) from [<c01adf68>] (register_devfs_stubs+0x314/0xbb4)
[    0.253200] [<c01adf68>] (register_devfs_stubs) from [<c05d9b08>] (init_module+0x28/0xa4)
[    0.253371] [<c05d9b08>] (init_module) from [<c0009670>] (do_one_initcall+0x104/0x1b4)
[    0.253538] [<c0009670>] (do_one_initcall) from [<c05c7d08>] (kernel_init_freeable+0xf0/0x1b0)
[    0.253713] [<c05c7d08>] (kernel_init_freeable) from [<c040f28c>] (kernel_init+0x8/0xe4)
[    0.253877] [<c040f28c>] (kernel_init) from [<c0016da8>] (ret_from_fork+0x14/0x2c)
[    0.254044] ---[ end trace 348256cc5a50af34 ]---
[    0.254212] firmadyne: Cannot create device class: gpio!
[    0.256129] firmadyne: Cannot register character device: watchdog, 0xa, 0x82!
[    0.256316] firmadyne: Cannot register character device: wdt, 0xfd, 0x0!
[    0.337835] PCI host bridge /pcie@10000000 ranges:
[    0.338393]    IO 0x3eff0000..0x3effffff -> 0x00000000
[    0.338753]   MEM 0x10000000..0x3efeffff -> 0x10000000
[    0.338890]   MEM 0x8000000000..0xffffffffff -> 0x8000000000
[    0.339564] pci-host-generic 3f000000.pcie: resource collision: [mem 0x00000000-0xffffffff] conflicts with /pl011@9000000 [mem 0x09000000-0x09000fff]
[    0.340255] pci-host-generic: probe of 3f000000.pcie failed with error -16
[    0.351518] Non-volatile memory driver v1.3
[    0.398895] brd: module loaded
[    0.408883] loop: module loaded
[    0.456848]  vda: vda1
[    0.468660] 0.flash: Found 2 x16 devices at 0x0 in 32-bit bank. Manufacturer ID 0x000000 Chip ID 0x000000
[    0.469311] Intel/Sharp Extended Query Table at 0x0031
[    0.470460] Using buffer write method
[    0.470882] erase region 0: offset=0x0,size=0x40000,blocks=256
[    0.478095] 0.flash: Found 2 x16 devices at 0x0 in 32-bit bank. Manufacturer ID 0x000000 Chip ID 0x000000
[    0.478316] Intel/Sharp Extended Query Table at 0x0031
[    0.479027] Using buffer write method
[    0.479140] erase region 0: offset=0x0,size=0x40000,blocks=256
[    0.479333] Concatenating MTD devices:
[    0.479445] (0): "0.flash"
[    0.479524] (1): "0.flash"
[    0.479597] into device "0.flash"
[    0.491615] [nandsim] warning: read_byte: unexpected data output cycle, state is STATE_READY return 0x0
[    0.491840] [nandsim] warning: read_byte: unexpected data output cycle, state is STATE_READY return 0x0
[    0.492020] [nandsim] warning: read_byte: unexpected data output cycle, state is STATE_READY return 0x0
[    0.492192] [nandsim] warning: read_byte: unexpected data output cycle, state is STATE_READY return 0x0
[    0.492362] [nandsim] warning: read_byte: unexpected data output cycle, state is STATE_READY return 0x0
[    0.492533] [nandsim] warning: read_byte: unexpected data output cycle, state is STATE_READY return 0x0
[    0.492954] nand: device found, Manufacturer ID: 0x98, Chip ID: 0x39
[    0.493110] nand: Toshiba NAND 128MiB 1,8V 8-bit
[    0.493240] nand: 128 MiB, SLC, erase size: 16 KiB, page size: 512, OOB size: 16
[    0.494143] flash size: 128 MiB
[    0.494233] page size: 512 bytes
[    0.494314] OOB area size: 16 bytes
[    0.494824] sector size: 16 KiB
[    0.494913] pages number: 262144
[    0.494993] pages per sector: 32
[    0.495075] bus width: 8
[    0.495144] bits in sector size: 14
[    0.495230] bits in page size: 9
[    0.495313] bits in OOB size: 4
[    0.495397] flash size with OOB: 135168 KiB
[    0.495493] page address bytes: 4
[    0.495573] sector address bytes: 3
[    0.495657] options: 0x42
[    0.519339] Scanning device for bad blocks
[    0.630902] firmadyne: do_execve: /firmadyne/console
[    0.631116] OFFSETS: offset of pid: 0x190 offset of comm: 0x270
[    0.631578] Creating 11 MTD partitions on "NAND 128MiB 1,8V 8-bit":
[    0.631992] 0x000000000000-0x000000100000 : "NAND simulator partition 0"
[    0.634199] 0x000000100000-0x000000200000 : "NAND simulator partition 1"
[    0.635695] 0x000000200000-0x000000300000 : "NAND simulator partition 2"
[    0.637459] 0x000000300000-0x000000400000 : "NAND simulator partition 3"
[    0.638958] 0x000000400000-0x000000500000 : "NAND simulator partition 4"
[    0.640322] 0x000000500000-0x000000600000 : "NAND simulator partition 5"
[    0.641717] 0x000000600000-0x000000700000 : "NAND simulator partition 6"
[    0.643297] 0x000000700000-0x000000800000 : "NAND simulator partition 7"
[    0.644752] 0x000000800000-0x000000900000 : "NAND simulator partition 8"
[    0.646121] 0x000000900000-0x000000a00000 : "NAND simulator partition 9"
[    0.647485] 0x000000a00000-0x000008000000 : "NAND simulator partition 10"
[    0.653079] tun: Universal TUN/TAP device driver, 1.6
[    0.653210] tun: (C) 1999-2004 Max Krasnyansky <maxk@qualcomm.com>
[    0.759083] PPP generic driver version 2.4.2
[    0.759850] PPP BSD Compression module registered
[    0.760035] PPP Deflate Compression module registered
[    0.760297] PPP MPPE Compression module registered
[    0.760440] NET: Registered protocol family 24
[    0.760782] PPTP driver version 0.8.5
[    0.842603] usbcore: registered new interface driver usb-storage
[    0.847969] rtc-pl031 9010000.pl031: rtc core: registered pl031 as rtc0
[    0.848734] hidraw: raw HID events driver (C) Jiri Kosina
[    0.849292] usbcore: registered new interface driver usbhid
[    0.849428] usbhid: USB HID core driver
[    0.849890] Netfilter messages via NETLINK v0.30.
[    0.850535] nf_conntrack version 0.5.0 (3958 buckets, 15832 max)
[    0.851939] ctnetlink v0.93: registering with nfnetlink.
[    0.853377] ipip: IPv4 over IPv4 tunneling driver
[    0.855657] gre: GRE over IPv4 demultiplexor driver
[    0.855833] ip_gre: GRE over IPv4 tunneling driver
[    0.860547] ip_tables: (C) 2000-2006 Netfilter Core Team
[    0.862238] arp_tables: (C) 2002 David S. Miller
[    0.863292] Initializing XFRM netlink socket
[    0.863794] NET: Registered protocol family 10
[    0.870836] ip6_tables: (C) 2000-2006 Netfilter Core Team
[    0.872530] sit: IPv6 over IPv4 tunneling driver
[    0.876421] NET: Registered protocol family 17
[    0.877097] bridge: automatic filtering via arp/ip/ip6tables has been deprecated. Update your scripts to load br_netfilter if you need this.
[    0.877448] Bridge firewalling registered
[    0.877602] Ebtables v2.0 registered
[    0.878777] 8021q: 802.1Q VLAN Support v1.8
[    0.879424] Registering SWP/SWPB emulation handler
[    0.882132] rtc-pl031 9010000.pl031: setting system clock to 2018-07-19 07:54:18 UTC (1531986858)
[    0.892281] EXT4-fs (vda1): couldn't mount as ext3 due to feature incompatibilities
[    0.893907] EXT4-fs (vda1): mounting ext2 file system using the ext4 subsystem
[    1.012461] EXT4-fs (vda1): mounted filesystem without journal. Opts: (null)
[    1.013610] VFS: Mounted root (ext2 filesystem) on device 254:1.
[    1.031212] Freeing unused kernel memory: 180K (c05c7000 - c05f4000)
[    1.225662] firmadyne: sys_reboot[PID: 54 (init)]: magic1:fee1dead, magic2:28121969, cmd:0
[    1.246810] firmadyne: sys_socket[PID: 1 (init)]: family:1, type:2, protocol:0
[    1.282720] firmadyne: sys_socket[PID: 55 (init)]: family:1, type:2, protocol:0
[    1.858320] firmadyne: sys_socket[PID: 64 (telnetd)]: family:2, type:1, protocol:0
[    1.861298] firmadyne: sys_setsockopt[PID: 64 (telnetd)]: fd:3, level:1, optname:2
[    1.862351] firmadyne: inet_bind[PID: 64 (telnetd)]: proto:SOCK_STREAM, port:23
Using /lib/modules/mvKernelExt.ko
insmod: kernel-module version mismatch
	/lib/modules/mvKernelExt.ko was compiled for kernel version 
	while this kernel is version 4.1.17+.
Using /lib/modules/mvPpDrv.ko
insmod: kernel-module version mismatch
	/lib/modules/mvPpDrv.ko was compiled for kernel version 
	while this kernel is version 4.1.17+.
Fri May 23 14:32:00 UTC 2008
[    2.245144] firmadyne: sys_socket[PID: 72 (ifconfig)]: family:2, type:2, protocol:0
[    2.247066] firmadyne: __inet_insert_ifa[PID: 72 (ifconfig)]: device:lo ifa:0x0100007f
[    2.252165] firmadyne: __inet_insert_ifa[PID: 72 (ifconfig)]: device:lo ifa:0x0100007f




Linux MARVELL_LINUX 4.1.17+ #1 Thu Feb 18 01:05:21 UTC 2016


Welcome to Embedded Linux
           _  _
          | ||_|
          | | _ ____  _   _  _  _ 
          | || |  _ \| | | |\ \/ /
          | || | | | | |_| |/    \
          |_||_|_| |_|\____|\_/\_/

          On Marvell's ARM board

For further information on the Marvell products check:
http://www.marvell.com/

toochain=gnueabi

Enjoy!



BusyBox v1.01 (2008.10.02-12:33+0000) Built-in shell (ash)
Enter 'help' for a list of built-in commands.

/ # [    3.325864] cfg80211: Calling CRDA to update world regulatory domain
[    6.475156] cfg80211: Calling CRDA to update world regulatory domain
[    9.625728] cfg80211: Calling CRDA to update world regulatory domain
[   12.776157] cfg80211: Calling CRDA to update world regulatory domain
[   15.925541] cfg80211: Calling CRDA to update world regulatory domain
[   19.076967] cfg80211: Calling CRDA to update world regulatory domain
[   22.225949] cfg80211: Calling CRDA to update world regulatory domain
[   25.375111] cfg80211: Calling CRDA to update world regulatory domain
[   28.525210] cfg80211: Calling CRDA to update world regulatory domain
[   31.677384] cfg80211: Calling CRDA to update world regulatory domain
[   34.826593] cfg80211: Exceeded CRDA call max attempts. Not calling CRDA
Starting firmware emulation... use Ctrl-a + x to exit
qemu-system-arm: terminating on signal 2 from pid 40683 (timeout)
[    0.000000] Booting Linux on physical CPU 0x0
[    0.000000] Linux version 4.1.17+ (vagrant@vagrant-ubuntu-trusty-64) (gcc version 5.3.0 (GCC) ) #1 Thu Feb 18 01:05:21 UTC 2016
[    0.000000] CPU: ARMv7 Processor [412fc0f1] revision 1 (ARMv7), cr=10c5387d
[    0.000000] CPU: PIPT / VIPT nonaliasing data cache, PIPT instruction cache
[    0.000000] Machine model: linux,dummy-virt
[    0.000000] debug: ignoring loglevel setting.
[    0.000000] Memory policy: Data cache writeback
[    0.000000] On node 0 totalpages: 65536
[    0.000000] free_area_init_node: node 0, pgdat c061dfe8, node_mem_map cfdf9000
[    0.000000]   Normal zone: 512 pages used for memmap
[    0.000000]   Normal zone: 0 pages reserved
[    0.000000]   Normal zone: 65536 pages, LIFO batch:15
[    0.000000] psci: probing for conduit method from DT.
[    0.000000] psci: PSCIv0.2 detected in firmware.
[    0.000000] psci: Using standard PSCI v0.2 function IDs
[    0.000000] CPU: All CPU(s) started in SVC mode.
[    0.000000] pcpu-alloc: s0 r0 d32768 u32768 alloc=1*32768
[    0.000000] pcpu-alloc: [0] 0 
[    0.000000] Built 1 zonelists in Zone order, mobility grouping on.  Total pages: 65024
[    0.000000] Kernel command line: root=/dev/vda1 console=ttyS0 nandsim.parts=64,64,64,64,64,64,64,64,64,64 rdinit=/firmadyne/preInit.sh rw debug ignore_loglevel print-fatal-signals=1 user_debug=31 firmadyne.syscall=0
[    0.000000] PID hash table entries: 1024 (order: 0, 4096 bytes)
[    0.000000] Dentry cache hash table entries: 32768 (order: 5, 131072 bytes)
[    0.000000] Inode-cache hash table entries: 16384 (order: 4, 65536 bytes)
[    0.000000] Memory: 253340K/262144K available (4297K kernel code, 170K rwdata, 1584K rodata, 180K init, 148K bss, 8804K reserved, 0K cma-reserved)
[    0.000000] Virtual kernel memory layout:
[    0.000000]     vector  : 0xffff0000 - 0xffff1000   (   4 kB)
[    0.000000]     fixmap  : 0xffc00000 - 0xfff00000   (3072 kB)
[    0.000000]     vmalloc : 0xd0800000 - 0xff000000   ( 744 MB)
[    0.000000]     lowmem  : 0xc0000000 - 0xd0000000   ( 256 MB)
[    0.000000]     modules : 0xbf000000 - 0xc0000000   (  16 MB)
[    0.000000]       .text : 0xc0008000 - 0xc05c67bc   (5882 kB)
[    0.000000]       .init : 0xc05c7000 - 0xc05f4000   ( 180 kB)
[    0.000000]       .data : 0xc05f4000 - 0xc061e840   ( 171 kB)
[    0.000000]        .bss : 0xc0621000 - 0xc06462d4   ( 149 kB)
[    0.000000] NR_IRQS:16 nr_irqs:16 16
[    0.000000] Architected cp15 timer(s) running at 62.50MHz (virt).
[    0.000000] clocksource arch_sys_counter: mask: 0xffffffffffffff max_cycles: 0x1cd42e208c, max_idle_ns: 881590405314 ns
[    0.000205] sched_clock: 56 bits at 62MHz, resolution 16ns, wraps every 4398046511096ns
[    0.000433] Switching to timer-based delay loop, resolution 16ns
[    0.017508] Console: colour dummy device 80x30
[    0.017902] Calibrating delay loop (skipped), value calculated using timer frequency.. 125.00 BogoMIPS (lpj=625000)
[    0.018037] pid_max: default: 32768 minimum: 301
[    0.018974] Mount-cache hash table entries: 1024 (order: 0, 4096 bytes)
[    0.019013] Mountpoint-cache hash table entries: 1024 (order: 0, 4096 bytes)
[    0.026552] CPU: Testing write buffer coherency: ok
[    0.033868] Setting up static identity map for 0x40008240 - 0x40008298
[    0.050255] VFP support v0.3: implementor 41 architecture 4 part 30 variant f rev 0
[    0.072959] clocksource jiffies: mask: 0xffffffff max_cycles: 0xffffffff, max_idle_ns: 19112604462750000 ns
[    0.083234] NET: Registered protocol family 16
[    0.086494] DMA: preallocated 256 KiB pool for atomic coherent allocations
[    0.090871] cpuidle: using governor ladder
[    0.091035] cpuidle: using governor menu
[    0.114434] Serial: AMBA PL011 UART driver
[    0.127284] 9000000.pl011: ttyS0 at MMIO 0x9000000 (irq = 54, base_baud = 0) is a PL011 rev1
[    0.135223] console [ttyS0] enabled
[    0.160678] vgaarb: loaded
[    0.162279] SCSI subsystem initialized
[    0.163384] usbcore: registered new interface driver usbfs
[    0.163744] usbcore: registered new interface driver hub
[    0.164083] usbcore: registered new device driver usb
[    0.174358] cfg80211: Calling CRDA to update world regulatory domain
[    0.176903] Switched to clocksource arch_sys_counter
[    0.196530] NET: Registered protocol family 2
[    0.202495] TCP established hash table entries: 2048 (order: 1, 8192 bytes)
[    0.202942] TCP bind hash table entries: 2048 (order: 1, 8192 bytes)
[    0.203447] TCP: Hash tables configured (established 2048 bind 2048)
[    0.204254] UDP hash table entries: 256 (order: 0, 4096 bytes)
[    0.204569] UDP-Lite hash table entries: 256 (order: 0, 4096 bytes)
[    0.206082] NET: Registered protocol family 1
[    0.206560] PCI: CLS 0 bytes, default 64
[    0.224826] NetWinder Floating Point Emulator V0.97 (extended precision)
[    0.227799] futex hash table entries: 256 (order: -1, 3072 bytes)
[    0.233480] squashfs: version 4.0 (2009/01/31) Phillip Lougher
[    0.234566] jffs2: version 2.2. (NAND) © 2001-2006 Red Hat, Inc.
[    0.235374] romfs: ROMFS MTD (C) 2007 Red Hat, Inc.
[    0.245614] Block layer SCSI generic (bsg) driver version 0.4 loaded (major 253)
[    0.245967] io scheduler noop registered
[    0.246218] io scheduler cfq registered (default)
[    0.247083] firmadyne: devfs: 1, execute: 1, procfs: 1, syscall: 0
[    0.248457] ------------[ cut here ]------------
[    0.248658] WARNING: CPU: 0 PID: 1 at /home/vagrant/firmadyne-kernel/kernel-v4.1/fs/sysfs/dir.c:31 sysfs_warn_dup+0x50/0x6c()
[    0.248884] sysfs: cannot create duplicate filename '/class/gpio'
[    0.249051] Modules linked in:
[    0.249509] CPU: 0 PID: 1 Comm: swapper Not tainted 4.1.17+ #1
[    0.249746] Hardware name: Generic DT based system
[    0.250830] [<c001c99c>] (unwind_backtrace) from [<c0019d30>] (show_stack+0x10/0x14)
[    0.251213] [<c0019d30>] (show_stack) from [<c0024ab4>] (warn_slowpath_common+0x80/0xa8)
[    0.251414] [<c0024ab4>] (warn_slowpath_common) from [<c0024b08>] (warn_slowpath_fmt+0x2c/0x3c)
[    0.251676] [<c0024b08>] (warn_slowpath_fmt) from [<c00e363c>] (sysfs_warn_dup+0x50/0x6c)
[    0.251852] [<c00e363c>] (sysfs_warn_dup) from [<c00e3714>] (sysfs_create_dir_ns+0x74/0x84)
[    0.252029] [<c00e3714>] (sysfs_create_dir_ns) from [<c018e6ac>] (kobject_add_internal+0xb8/0x2ac)
[    0.252229] [<c018e6ac>] (kobject_add_internal) from [<c018e9a8>] (kset_register+0x1c/0x44)
[    0.252405] [<c018e9a8>] (kset_register) from [<c02090b4>] (__class_register+0xa8/0x198)
[    0.252574] [<c02090b4>] (__class_register) from [<c02091e4>] (__class_create+0x40/0x70)
[    0.252742] [<c02091e4>] (__class_create) from [<c01adf68>] (register_devfs_stubs+0x314/0xbb4)
[    0.252923] [<c01adf68>] (register_devfs_stubs) from [<c05d9b08>] (init_module+0x28/0xa4)
[    0.253140] [<c05d9b08>] (init_module) from [<c0009670>] (do_one_initcall+0x104/0x1b4)
[    0.253310] [<c0009670>] (do_one_initcall) from [<c05c7d08>] (kernel_init_freeable+0xf0/0x1b0)
[    0.253489] [<c05c7d08>] (kernel_init_freeable) from [<c040f28c>] (kernel_init+0x8/0xe4)
[    0.253677] [<c040f28c>] (kernel_init) from [<c0016da8>] (ret_from_fork+0x14/0x2c)
[    0.253937] ---[ end trace 873000bd92ed000b ]---
[    0.254156] ------------[ cut here ]------------
[    0.254272] WARNING: CPU: 0 PID: 1 at /home/vagrant/firmadyne-kernel/kernel-v4.1/lib/kobject.c:240 kobject_add_internal+0x240/0x2ac()
[    0.254505] kobject_add_internal failed for gpio with -EEXIST, don't try to register things with the same name in the same directory.
[    0.254715] Modules linked in:
[    0.254856] CPU: 0 PID: 1 Comm: swapper Tainted: G        W       4.1.17+ #1
[    0.254990] Hardware name: Generic DT based system
[    0.255124] [<c001c99c>] (unwind_backtrace) from [<c0019d30>] (show_stack+0x10/0x14)
[    0.255288] [<c0019d30>] (show_stack) from [<c0024ab4>] (warn_slowpath_common+0x80/0xa8)
[    0.255458] [<c0024ab4>] (warn_slowpath_common) from [<c0024b08>] (warn_slowpath_fmt+0x2c/0x3c)
[    0.255636] [<c0024b08>] (warn_slowpath_fmt) from [<c018e834>] (kobject_add_internal+0x240/0x2ac)
[    0.255827] [<c018e834>] (kobject_add_internal) from [<c018e9a8>] (kset_register+0x1c/0x44)
[    0.255997] [<c018e9a8>] (kset_register) from [<c02090b4>] (__class_register+0xa8/0x198)
[    0.256179] [<c02090b4>] (__class_register) from [<c02091e4>] (__class_create+0x40/0x70)
[    0.256347] [<c02091e4>] (__class_create) from [<c01adf68>] (register_devfs_stubs+0x314/0xbb4)
[    0.256526] [<c01adf68>] (register_devfs_stubs) from [<c05d9b08>] (init_module+0x28/0xa4)
[    0.256867] [<c05d9b08>] (init_module) from [<c0009670>] (do_one_initcall+0x104/0x1b4)
[    0.257046] [<c0009670>] (do_one_initcall) from [<c05c7d08>] (kernel_init_freeable+0xf0/0x1b0)
[    0.257237] [<c05c7d08>] (kernel_init_freeable) from [<c040f28c>] (kernel_init+0x8/0xe4)
[    0.257400] [<c040f28c>] (kernel_init) from [<c0016da8>] (ret_from_fork+0x14/0x2c)
[    0.257568] ---[ end trace 873000bd92ed000c ]---
[    0.257757] firmadyne: Cannot create device class: gpio!
[    0.259598] firmadyne: Cannot register character device: watchdog, 0xa, 0x82!
[    0.259781] firmadyne: Cannot register character device: wdt, 0xfd, 0x0!
[    0.347323] PCI host bridge /pcie@10000000 ranges:
[    0.347900]    IO 0x3eff0000..0x3effffff -> 0x00000000
[    0.348282]   MEM 0x10000000..0x3efeffff -> 0x10000000
[    0.348413]   MEM 0x8000000000..0xffffffffff -> 0x8000000000
[    0.349112] pci-host-generic 3f000000.pcie: resource collision: [mem 0x00000000-0xffffffff] conflicts with /pl011@9000000 [mem 0x09000000-0x09000fff]
[    0.349861] pci-host-generic: probe of 3f000000.pcie failed with error -16
[    0.362815] Non-volatile memory driver v1.3
[    0.408752] brd: module loaded
[    0.419252] loop: module loaded
[    0.442011]  vda: vda1
[    0.455313] 0.flash: Found 2 x16 devices at 0x0 in 32-bit bank. Manufacturer ID 0x000000 Chip ID 0x000000
[    0.455975] Intel/Sharp Extended Query Table at 0x0031
[    0.457350] Using buffer write method
[    0.457795] erase region 0: offset=0x0,size=0x40000,blocks=256
[    0.466313] 0.flash: Found 2 x16 devices at 0x0 in 32-bit bank. Manufacturer ID 0x000000 Chip ID 0x000000
[    0.466580] Intel/Sharp Extended Query Table at 0x0031
[    0.467543] Using buffer write method
[    0.467667] erase region 0: offset=0x0,size=0x40000,blocks=256
[    0.467879] Concatenating MTD devices:
[    0.467989] (0): "0.flash"
[    0.468063] (1): "0.flash"
[    0.468149] into device "0.flash"
[    0.482324] [nandsim] warning: read_byte: unexpected data output cycle, state is STATE_READY return 0x0
[    0.482569] [nandsim] warning: read_byte: unexpected data output cycle, state is STATE_READY return 0x0
[    0.482744] [nandsim] warning: read_byte: unexpected data output cycle, state is STATE_READY return 0x0
[    0.482913] [nandsim] warning: read_byte: unexpected data output cycle, state is STATE_READY return 0x0
[    0.483081] [nandsim] warning: read_byte: unexpected data output cycle, state is STATE_READY return 0x0
[    0.483266] [nandsim] warning: read_byte: unexpected data output cycle, state is STATE_READY return 0x0
[    0.483687] nand: device found, Manufacturer ID: 0x98, Chip ID: 0x39
[    0.483834] nand: Toshiba NAND 128MiB 1,8V 8-bit
[    0.483954] nand: 128 MiB, SLC, erase size: 16 KiB, page size: 512, OOB size: 16
[    0.484864] flash size: 128 MiB
[    0.484949] page size: 512 bytes
[    0.485023] OOB area size: 16 bytes
[    0.485117] sector size: 16 KiB
[    0.485196] pages number: 262144
[    0.485268] pages per sector: 32
[    0.485339] bus width: 8
[    0.485399] bits in sector size: 14
[    0.485475] bits in page size: 9
[    0.485550] bits in OOB size: 4
[    0.485634] flash size with OOB: 135168 KiB
[    0.485722] page address bytes: 4
[    0.485795] sector address bytes: 3
[    0.485874] options: 0x42
[    0.500224] Scanning device for bad blocks
[    0.621709] firmadyne: do_execve: /firmadyne/console
[    0.621953] OFFSETS: offset of pid: 0x190 offset of comm: 0x270
[    0.622473] Creating 11 MTD partitions on "NAND 128MiB 1,8V 8-bit":
[    0.622869] 0x000000000000-0x000000100000 : "NAND simulator partition 0"
[    0.625189] 0x000000100000-0x000000200000 : "NAND simulator partition 1"
[    0.627776] 0x000000200000-0x000000300000 : "NAND simulator partition 2"
[    0.629620] 0x000000300000-0x000000400000 : "NAND simulator partition 3"
[    0.631081] 0x000000400000-0x000000500000 : "NAND simulator partition 4"
[    0.632503] 0x000000500000-0x000000600000 : "NAND simulator partition 5"
[    0.633927] 0x000000600000-0x000000700000 : "NAND simulator partition 6"
[    0.635574] 0x000000700000-0x000000800000 : "NAND simulator partition 7"
[    0.637133] 0x000000800000-0x000000900000 : "NAND simulator partition 8"
[    0.638547] 0x000000900000-0x000000a00000 : "NAND simulator partition 9"
[    0.639971] 0x000000a00000-0x000008000000 : "NAND simulator partition 10"
[    0.647042] tun: Universal TUN/TAP device driver, 1.6
[    0.647212] tun: (C) 1999-2004 Max Krasnyansky <maxk@qualcomm.com>
[    0.680435] PPP generic driver version 2.4.2
[    0.681229] PPP BSD Compression module registered
[    0.681416] PPP Deflate Compression module registered
[    0.682068] PPP MPPE Compression module registered
[    0.682258] NET: Registered protocol family 24
[    0.682628] PPTP driver version 0.8.5
[    0.695022] usbcore: registered new interface driver usb-storage
[    0.698774] rtc-pl031 9010000.pl031: rtc core: registered pl031 as rtc0
[    0.699595] hidraw: raw HID events driver (C) Jiri Kosina
[    0.700177] usbcore: registered new interface driver usbhid
[    0.700311] usbhid: USB HID core driver
[    0.700784] Netfilter messages via NETLINK v0.30.
[    0.701468] nf_conntrack version 0.5.0 (3958 buckets, 15832 max)
[    0.713376] ctnetlink v0.93: registering with nfnetlink.
[    0.714957] ipip: IPv4 over IPv4 tunneling driver
[    0.717434] gre: GRE over IPv4 demultiplexor driver
[    0.717623] ip_gre: GRE over IPv4 tunneling driver
[    0.724017] ip_tables: (C) 2000-2006 Netfilter Core Team
[    0.725838] arp_tables: (C) 2002 David S. Miller
[    0.727122] Initializing XFRM netlink socket
[    0.727660] NET: Registered protocol family 10
[    0.736258] ip6_tables: (C) 2000-2006 Netfilter Core Team
[    0.738306] sit: IPv6 over IPv4 tunneling driver
[    0.742322] NET: Registered protocol family 17
[    0.743011] bridge: automatic filtering via arp/ip/ip6tables has been deprecated. Update your scripts to load br_netfilter if you need this.
[    0.743373] Bridge firewalling registered
[    0.743520] Ebtables v2.0 registered
[    0.744779] 8021q: 802.1Q VLAN Support v1.8
[    0.745451] Registering SWP/SWPB emulation handler
[    0.748754] rtc-pl031 9010000.pl031: setting system clock to 2018-07-19 07:55:19 UTC (1531986919)
[    0.760771] EXT4-fs (vda1): couldn't mount as ext3 due to feature incompatibilities
[    0.763092] EXT4-fs (vda1): mounting ext2 file system using the ext4 subsystem
[    0.773153] EXT4-fs (vda1): warning: mounting unchecked fs, running e2fsck is recommended
[    0.787003] EXT4-fs (vda1): mounted filesystem without journal. Opts: (null)
[    0.788204] VFS: Mounted root (ext2 filesystem) on device 254:1.
[    0.807418] Freeing unused kernel memory: 180K (c05c7000 - c05f4000)
[    0.943671] firmadyne: sys_reboot[PID: 54 (init)]: magic1:fee1dead, magic2:28121969, cmd:0
Using /lib/modules/mvKernelExt.ko
insmod: kernel-module version mismatch
	/lib/modules/mvKernelExt.ko was compiled for kernel version 
	while this kernel is version 4.1.17+.
Using /lib/modules/mvPpDrv.ko
insmod: kernel-module version mismatch
	/lib/modules/mvPpDrv.ko was compiled for kernel version 
	while this kernel is version 4.1.17+.
Fri May 23 14:32:00 UTC 2008




Linux MARVELL_LINUX 4.1.17+ #1 Thu Feb 18 01:05:21 UTC 2016


Welcome to Embedded Linux
           _  _
          | ||_|
          | | _ ____  _   _  _  _ 
          | || |  _ \| | | |\ \/ /
          | || | | | | |_| |/    \
          |_||_|_| |_|\____|\_/\_/

          On Marvell's ARM board

For further information on the Marvell products check:
http://www.marvell.com/

toochain=gnueabi

Enjoy!



BusyBox v1.01 (2008.10.02-12:33+0000) Built-in shell (ash)
Enter 'help' for a list of built-in commands.

/ # [    3.329351] cfg80211: Calling CRDA to update world regulatory domain
[    6.477121] cfg80211: Calling CRDA to update world regulatory domain
[    9.628236] cfg80211: Calling CRDA to update world regulatory domain
[   12.778399] cfg80211: Calling CRDA to update world regulatory domain
[   15.929750] cfg80211: Calling CRDA to update world regulatory domain
[   19.079134] cfg80211: Calling CRDA to update world regulatory domain
[   22.228274] cfg80211: Calling CRDA to update world regulatory domain
[   25.377388] cfg80211: Calling CRDA to update world regulatory domain
[   28.527530] cfg80211: Calling CRDA to update world regulatory domain
[   31.679904] cfg80211: Calling CRDA to update world regulatory domain
[   34.828905] cfg80211: Exceeded CRDA call max attempts. Not calling CRDA
