>> Database Image ID: 5

/home/zhumengfan/firmware/firmwares/08f249abc4e39197a76d54dcdfd0cc489b789b5f.ZIP
>> MD5: 2a713918466bfb7dc9c99616dfca08d2
>> Tag: 5
>> Temp: /tmp/tmpJAzmOk
>> Status: Kernel: True, Rootfs: False, Do_Kernel: False,                 Do_Rootfs: True
>>>> Zip archive data, at least v1.0 to extract, name: dgs121016_FW_200011/
>> Recursing into archive ...
	
/tmp/tmpJAzmOk/_08f249abc4e39197a76d54dcdfd0cc489b789b5f.ZIP.extracted/dgs121016_FW_200011/DGS-1210-16_A1_FW_v2.00.011.hex
	>> MD5: a9aaa4ef2c8a87dc0e1309d79ef36502
	>> Tag: 5
	>> Temp: /tmp/tmpy4ME6A
	>> Status: Kernel: True, Rootfs: False, Do_Kernel: False,                 Do_Rootfs: True
	>>>> Squashfs filesystem, little endian, version 3.1, size: 4799013 bytes, 221 inodes, blocksize: 131072 bytes, created: 2010-08-30 08:03:06
	>>>> Found Linux filesystem in /tmp/tmpy4ME6A/_DGS-1210-16_A1_FW_v2.00.011.hex.extracted/squashfs-root!
	>> Skipping: completed!
	>> Cleaning up /tmp/tmpy4ME6A...
>> Skipping: completed!
>> Cleaning up /tmp/tmpJAzmOk...
./bin/busybox: armel
Traceback (most recent call last):
  File "/home/zhumengfan/firmadyne/scripts/tar2db.py", line 100, in <module>
    main()
  File "/home/zhumengfan/firmadyne/scripts/tar2db.py", line 97, in main
    process(iid, infile)
  File "/home/zhumengfan/firmadyne/scripts/tar2db.py", line 77, in process
    insertObjectToImage(iid, file2oid, links, cur)
  File "/home/zhumengfan/firmadyne/scripts/tar2db.py", line 57, in insertObjectToImage
    for x in files2oids])
psycopg2.IntegrityError: duplicate key value violates unique constraint "object_to_image_oid_iid_filename_key"
DETAIL:  Key (oid, iid, filename)=(3205, 5, /lib/libSegFault.so) already exists.

Querying database for architecture... armel
----Running----
----Copying Filesystem Tarball----
----Creating QEMU Image----
Formatting '/home/zhumengfan/firmadyne//scratch//5//image.raw', fmt=raw size=1073741824
----Creating Partition Table----

Welcome to fdisk (util-linux 2.27.1).
Changes will remain in memory only, until you decide to write them.
Be careful before using the write command.

Device does not contain a recognized partition table.
Created a new DOS disklabel with disk identifier 0x13553d54.

Command (m for help): Created a new DOS disklabel with disk identifier 0x8e08fa72.

Command (m for help): Partition type
   p   primary (0 primary, 0 extended, 4 free)
   e   extended (container for logical partitions)
Select (default p): Partition number (1-4, default 1): First sector (2048-2097151, default 2048): Last sector, +sectors or +size{K,M,G,T,P} (2048-2097151, default 2097151): 
Created a new partition 1 of type 'Linux' and of size 1023 MiB.

Command (m for help): The partition table has been altered.
Syncing disks.

----Mounting QEMU Image----
add map loop0p1 (252:0): 0 2095104 linear 7:0 2048
----Creating Filesystem----
mke2fs 1.42.13 (17-May-2015)
Discarding device blocks:   4096/261888             done                            
Creating filesystem with 261888 4k blocks and 65536 inodes
Filesystem UUID: 91a5b397-3d31-4348-aae0-579ee407cf98
Superblock backups stored on blocks: 
	32768, 98304, 163840, 229376

Allocating group tables: 0/8   done                            
Writing inode tables: 0/8   done                            
Writing superblocks and filesystem accounting information: 0/8   done

----Making QEMU Image Mountpoint----
----Mounting QEMU Image Partition 1----
----Extracting Filesystem Tarball----
----Creating FIRMADYNE Directories----
----Patching Filesystem (chroot)----
Creating /etc/TZ!
Creating /etc/hosts!
Warning: Recreating device nodes!
mkdir: can't create directory '/dev/mtd': No such file or directory
mknod: /dev/mtd/0: No such file or directory
mknod: /dev/mtd/1: No such file or directory
mknod: /dev/mtd/2: No such file or directory
mknod: /dev/mtd/3: No such file or directory
mknod: /dev/mtd/4: No such file or directory
mknod: /dev/mtd/5: No such file or directory
mknod: /dev/mtd/6: No such file or directory
mknod: /dev/mtd/7: No such file or directory
mknod: /dev/mtd/8: No such file or directory
mknod: /dev/mtd/9: No such file or directory
mknod: /dev/mtd/10: No such file or directory
Removing /etc/scripts/sys_resetbutton!
----Setting up FIRMADYNE----
----Unmounting QEMU Image----
loop deleted : /dev/loop0
Querying database for architecture... armel
Running firmware 5: terminating after 60 secs...
qemu-system-arm: terminating on signal 2 from pid 41233 (timeout)
Inferring network...
Interfaces: []
Done!
[    0.000000] Booting Linux on physical CPU 0x0
[    0.000000] Linux version 4.1.17+ (vagrant@vagrant-ubuntu-trusty-64) (gcc version 5.3.0 (GCC) ) #1 Thu Feb 18 01:05:21 UTC 2016
[    0.000000] CPU: ARMv7 Processor [412fc0f1] revision 1 (ARMv7), cr=10c5387d
[    0.000000] CPU: PIPT / VIPT nonaliasing data cache, PIPT instruction cache
[    0.000000] Machine model: linux,dummy-virt
[    0.000000] debug: ignoring loglevel setting.
[    0.000000] Memory policy: Data cache writeback
[    0.000000] On node 0 totalpages: 65536
[    0.000000] free_area_init_node: node 0, pgdat c061dfe8, node_mem_map cfdf9000
[    0.000000]   Normal zone: 512 pages used for memmap
[    0.000000]   Normal zone: 0 pages reserved
[    0.000000]   Normal zone: 65536 pages, LIFO batch:15
[    0.000000] psci: probing for conduit method from DT.
[    0.000000] psci: PSCIv0.2 detected in firmware.
[    0.000000] psci: Using standard PSCI v0.2 function IDs
[    0.000000] CPU: All CPU(s) started in SVC mode.
[    0.000000] pcpu-alloc: s0 r0 d32768 u32768 alloc=1*32768
[    0.000000] pcpu-alloc: [0] 0 
[    0.000000] Built 1 zonelists in Zone order, mobility grouping on.  Total pages: 65024
[    0.000000] Kernel command line: firmadyne.syscall=1 root=/dev/vda1 console=ttyS0 nandsim.parts=64,64,64,64,64,64,64,64,64,64 rdinit=/firmadyne/preInit.sh rw debug ignore_loglevel print-fatal-signals=1 user_debug=31
[    0.000000] PID hash table entries: 1024 (order: 0, 4096 bytes)
[    0.000000] Dentry cache hash table entries: 32768 (order: 5, 131072 bytes)
[    0.000000] Inode-cache hash table entries: 16384 (order: 4, 65536 bytes)
[    0.000000] Memory: 253340K/262144K available (4297K kernel code, 170K rwdata, 1584K rodata, 180K init, 148K bss, 8804K reserved, 0K cma-reserved)
[    0.000000] Virtual kernel memory layout:
[    0.000000]     vector  : 0xffff0000 - 0xffff1000   (   4 kB)
[    0.000000]     fixmap  : 0xffc00000 - 0xfff00000   (3072 kB)
[    0.000000]     vmalloc : 0xd0800000 - 0xff000000   ( 744 MB)
[    0.000000]     lowmem  : 0xc0000000 - 0xd0000000   ( 256 MB)
[    0.000000]     modules : 0xbf000000 - 0xc0000000   (  16 MB)
[    0.000000]       .text : 0xc0008000 - 0xc05c67bc   (5882 kB)
[    0.000000]       .init : 0xc05c7000 - 0xc05f4000   ( 180 kB)
[    0.000000]       .data : 0xc05f4000 - 0xc061e840   ( 171 kB)
[    0.000000]        .bss : 0xc0621000 - 0xc06462d4   ( 149 kB)
[    0.000000] NR_IRQS:16 nr_irqs:16 16
[    0.000000] Architected cp15 timer(s) running at 62.50MHz (virt).
[    0.000000] clocksource arch_sys_counter: mask: 0xffffffffffffff max_cycles: 0x1cd42e208c, max_idle_ns: 881590405314 ns
[    0.000158] sched_clock: 56 bits at 62MHz, resolution 16ns, wraps every 4398046511096ns
[    0.000298] Switching to timer-based delay loop, resolution 16ns
[    0.016010] Console: colour dummy device 80x30
[    0.016368] Calibrating delay loop (skipped), value calculated using timer frequency.. 125.00 BogoMIPS (lpj=625000)
[    0.016506] pid_max: default: 32768 minimum: 301
[    0.017528] Mount-cache hash table entries: 1024 (order: 0, 4096 bytes)
[    0.017569] Mountpoint-cache hash table entries: 1024 (order: 0, 4096 bytes)
[    0.025119] CPU: Testing write buffer coherency: ok
[    0.031355] Setting up static identity map for 0x40008240 - 0x40008298
[    0.046700] VFP support v0.3: implementor 41 architecture 4 part 30 variant f rev 0
[    0.067940] clocksource jiffies: mask: 0xffffffff max_cycles: 0xffffffff, max_idle_ns: 19112604462750000 ns
[    0.077269] NET: Registered protocol family 16
[    0.080498] DMA: preallocated 256 KiB pool for atomic coherent allocations
[    0.084812] cpuidle: using governor ladder
[    0.084982] cpuidle: using governor menu
[    0.106133] Serial: AMBA PL011 UART driver
[    0.108489] 9000000.pl011: ttyS0 at MMIO 0x9000000 (irq = 54, base_baud = 0) is a PL011 rev1
[    0.116646] console [ttyS0] enabled
[    0.149307] vgaarb: loaded
[    0.150843] SCSI subsystem initialized
[    0.151911] usbcore: registered new interface driver usbfs
[    0.152265] usbcore: registered new interface driver hub
[    0.152602] usbcore: registered new device driver usb
[    0.162213] cfg80211: Calling CRDA to update world regulatory domain
[    0.164573] Switched to clocksource arch_sys_counter
[    0.182665] NET: Registered protocol family 2
[    0.188169] TCP established hash table entries: 2048 (order: 1, 8192 bytes)
[    0.188455] TCP bind hash table entries: 2048 (order: 1, 8192 bytes)
[    0.188805] TCP: Hash tables configured (established 2048 bind 2048)
[    0.189405] UDP hash table entries: 256 (order: 0, 4096 bytes)
[    0.189648] UDP-Lite hash table entries: 256 (order: 0, 4096 bytes)
[    0.191105] NET: Registered protocol family 1
[    0.191571] PCI: CLS 0 bytes, default 64
[    0.208771] NetWinder Floating Point Emulator V0.97 (extended precision)
[    0.211610] futex hash table entries: 256 (order: -1, 3072 bytes)
[    0.217317] squashfs: version 4.0 (2009/01/31) Phillip Lougher
[    0.218358] jffs2: version 2.2. (NAND) © 2001-2006 Red Hat, Inc.
[    0.219152] romfs: ROMFS MTD (C) 2007 Red Hat, Inc.
[    0.228366] Block layer SCSI generic (bsg) driver version 0.4 loaded (major 253)
[    0.228742] io scheduler noop registered
[    0.229004] io scheduler cfq registered (default)
[    0.229685] firmadyne: devfs: 1, execute: 1, procfs: 1, syscall: 1
[    0.231009] ------------[ cut here ]------------
[    0.231211] WARNING: CPU: 0 PID: 1 at /home/vagrant/firmadyne-kernel/kernel-v4.1/fs/sysfs/dir.c:31 sysfs_warn_dup+0x50/0x6c()
[    0.231439] sysfs: cannot create duplicate filename '/class/gpio'
[    0.231599] Modules linked in:
[    0.231912] CPU: 0 PID: 1 Comm: swapper Not tainted 4.1.17+ #1
[    0.232048] Hardware name: Generic DT based system
[    0.232768] [<c001c99c>] (unwind_backtrace) from [<c0019d30>] (show_stack+0x10/0x14)
[    0.233077] [<c0019d30>] (show_stack) from [<c0024ab4>] (warn_slowpath_common+0x80/0xa8)
[    0.233278] [<c0024ab4>] (warn_slowpath_common) from [<c0024b08>] (warn_slowpath_fmt+0x2c/0x3c)
[    0.233527] [<c0024b08>] (warn_slowpath_fmt) from [<c00e363c>] (sysfs_warn_dup+0x50/0x6c)
[    0.233696] [<c00e363c>] (sysfs_warn_dup) from [<c00e3714>] (sysfs_create_dir_ns+0x74/0x84)
[    0.233867] [<c00e3714>] (sysfs_create_dir_ns) from [<c018e6ac>] (kobject_add_internal+0xb8/0x2ac)
[    0.234067] [<c018e6ac>] (kobject_add_internal) from [<c018e9a8>] (kset_register+0x1c/0x44)
[    0.234261] [<c018e9a8>] (kset_register) from [<c02090b4>] (__class_register+0xa8/0x198)
[    0.234604] [<c02090b4>] (__class_register) from [<c02091e4>] (__class_create+0x40/0x70)
[    0.234792] [<c02091e4>] (__class_create) from [<c01adf68>] (register_devfs_stubs+0x314/0xbb4)
[    0.234986] [<c01adf68>] (register_devfs_stubs) from [<c05d9b08>] (init_module+0x28/0xa4)
[    0.235197] [<c05d9b08>] (init_module) from [<c0009670>] (do_one_initcall+0x104/0x1b4)
[    0.235387] [<c0009670>] (do_one_initcall) from [<c05c7d08>] (kernel_init_freeable+0xf0/0x1b0)
[    0.235560] [<c05c7d08>] (kernel_init_freeable) from [<c040f28c>] (kernel_init+0x8/0xe4)
[    0.235719] [<c040f28c>] (kernel_init) from [<c0016da8>] (ret_from_fork+0x14/0x2c)
[    0.235986] ---[ end trace 696f80eb089febed ]---
[    0.236183] ------------[ cut here ]------------
[    0.236296] WARNING: CPU: 0 PID: 1 at /home/vagrant/firmadyne-kernel/kernel-v4.1/lib/kobject.c:240 kobject_add_internal+0x240/0x2ac()
[    0.236513] kobject_add_internal failed for gpio with -EEXIST, don't try to register things with the same name in the same directory.
[    0.236775] Modules linked in:
[    0.236961] CPU: 0 PID: 1 Comm: swapper Tainted: G        W       4.1.17+ #1
[    0.237098] Hardware name: Generic DT based system
[    0.237216] [<c001c99c>] (unwind_backtrace) from [<c0019d30>] (show_stack+0x10/0x14)
[    0.237380] [<c0019d30>] (show_stack) from [<c0024ab4>] (warn_slowpath_common+0x80/0xa8)
[    0.237563] [<c0024ab4>] (warn_slowpath_common) from [<c0024b08>] (warn_slowpath_fmt+0x2c/0x3c)
[    0.237735] [<c0024b08>] (warn_slowpath_fmt) from [<c018e834>] (kobject_add_internal+0x240/0x2ac)
[    0.237941] [<c018e834>] (kobject_add_internal) from [<c018e9a8>] (kset_register+0x1c/0x44)
[    0.238118] [<c018e9a8>] (kset_register) from [<c02090b4>] (__class_register+0xa8/0x198)
[    0.238286] [<c02090b4>] (__class_register) from [<c02091e4>] (__class_create+0x40/0x70)
[    0.238469] [<c02091e4>] (__class_create) from [<c01adf68>] (register_devfs_stubs+0x314/0xbb4)
[    0.238650] [<c01adf68>] (register_devfs_stubs) from [<c05d9b08>] (init_module+0x28/0xa4)
[    0.238812] [<c05d9b08>] (init_module) from [<c0009670>] (do_one_initcall+0x104/0x1b4)
[    0.238990] [<c0009670>] (do_one_initcall) from [<c05c7d08>] (kernel_init_freeable+0xf0/0x1b0)
[    0.239165] [<c05c7d08>] (kernel_init_freeable) from [<c040f28c>] (kernel_init+0x8/0xe4)
[    0.239329] [<c040f28c>] (kernel_init) from [<c0016da8>] (ret_from_fork+0x14/0x2c)
[    0.239508] ---[ end trace 696f80eb089febee ]---
[    0.239665] firmadyne: Cannot create device class: gpio!
[    0.241483] firmadyne: Cannot register character device: watchdog, 0xa, 0x82!
[    0.241676] firmadyne: Cannot register character device: wdt, 0xfd, 0x0!
[    0.323561] PCI host bridge /pcie@10000000 ranges:
[    0.324136]    IO 0x3eff0000..0x3effffff -> 0x00000000
[    0.324681]   MEM 0x10000000..0x3efeffff -> 0x10000000
[    0.324839]   MEM 0x8000000000..0xffffffffff -> 0x8000000000
[    0.325531] pci-host-generic 3f000000.pcie: resource collision: [mem 0x00000000-0xffffffff] conflicts with /pl011@9000000 [mem 0x09000000-0x09000fff]
[    0.326233] pci-host-generic: probe of 3f000000.pcie failed with error -16
[    0.337760] Non-volatile memory driver v1.3
[    0.370936] brd: module loaded
[    0.390458] loop: module loaded
[    0.412790]  vda: vda1
[    0.425342] 0.flash: Found 2 x16 devices at 0x0 in 32-bit bank. Manufacturer ID 0x000000 Chip ID 0x000000
[    0.426005] Intel/Sharp Extended Query Table at 0x0031
[    0.427141] Using buffer write method
[    0.427571] erase region 0: offset=0x0,size=0x40000,blocks=256
[    0.435046] 0.flash: Found 2 x16 devices at 0x0 in 32-bit bank. Manufacturer ID 0x000000 Chip ID 0x000000
[    0.435309] Intel/Sharp Extended Query Table at 0x0031
[    0.436076] Using buffer write method
[    0.436196] erase region 0: offset=0x0,size=0x40000,blocks=256
[    0.436414] Concatenating MTD devices:
[    0.436540] (0): "0.flash"
[    0.436622] (1): "0.flash"
[    0.436689] into device "0.flash"
[    0.449071] [nandsim] warning: read_byte: unexpected data output cycle, state is STATE_READY return 0x0
[    0.449320] [nandsim] warning: read_byte: unexpected data output cycle, state is STATE_READY return 0x0
[    0.449497] [nandsim] warning: read_byte: unexpected data output cycle, state is STATE_READY return 0x0
[    0.449667] [nandsim] warning: read_byte: unexpected data output cycle, state is STATE_READY return 0x0
[    0.449836] [nandsim] warning: read_byte: unexpected data output cycle, state is STATE_READY return 0x0
[    0.450006] [nandsim] warning: read_byte: unexpected data output cycle, state is STATE_READY return 0x0
[    0.450423] nand: device found, Manufacturer ID: 0x98, Chip ID: 0x39
[    0.450570] nand: Toshiba NAND 128MiB 1,8V 8-bit
[    0.450696] nand: 128 MiB, SLC, erase size: 16 KiB, page size: 512, OOB size: 16
[    0.451601] flash size: 128 MiB
[    0.451687] page size: 512 bytes
[    0.451762] OOB area size: 16 bytes
[    0.451842] sector size: 16 KiB
[    0.451914] pages number: 262144
[    0.451987] pages per sector: 32
[    0.452060] bus width: 8
[    0.452121] bits in sector size: 14
[    0.452201] bits in page size: 9
[    0.452278] bits in OOB size: 4
[    0.452356] flash size with OOB: 135168 KiB
[    0.452445] page address bytes: 4
[    0.452528] sector address bytes: 3
[    0.452616] options: 0x42
[    0.466410] Scanning device for bad blocks
[    0.575584] firmadyne: do_execve: /firmadyne/console
[    0.575805] OFFSETS: offset of pid: 0x190 offset of comm: 0x270
[    0.576270] Creating 11 MTD partitions on "NAND 128MiB 1,8V 8-bit":
[    0.576699] 0x000000000000-0x000000100000 : "NAND simulator partition 0"
[    0.578910] 0x000000100000-0x000000200000 : "NAND simulator partition 1"
[    0.580294] 0x000000200000-0x000000300000 : "NAND simulator partition 2"
[    0.581673] 0x000000300000-0x000000400000 : "NAND simulator partition 3"
[    0.583081] 0x000000400000-0x000000500000 : "NAND simulator partition 4"
[    0.584631] 0x000000500000-0x000000600000 : "NAND simulator partition 5"
[    0.586041] 0x000000600000-0x000000700000 : "NAND simulator partition 6"
[    0.587630] 0x000000700000-0x000000800000 : "NAND simulator partition 7"
[    0.589003] 0x000000800000-0x000000900000 : "NAND simulator partition 8"
[    0.590435] 0x000000900000-0x000000a00000 : "NAND simulator partition 9"
[    0.591815] 0x000000a00000-0x000008000000 : "NAND simulator partition 10"
[    0.597876] tun: Universal TUN/TAP device driver, 1.6
[    0.598038] tun: (C) 1999-2004 Max Krasnyansky <maxk@qualcomm.com>
[    0.629361] PPP generic driver version 2.4.2
[    0.630137] PPP BSD Compression module registered
[    0.630322] PPP Deflate Compression module registered
[    0.630559] PPP MPPE Compression module registered
[    0.630694] NET: Registered protocol family 24
[    0.631010] PPTP driver version 0.8.5
[    0.642256] usbcore: registered new interface driver usb-storage
[    0.645853] rtc-pl031 9010000.pl031: rtc core: registered pl031 as rtc0
[    0.646633] hidraw: raw HID events driver (C) Jiri Kosina
[    0.647183] usbcore: registered new interface driver usbhid
[    0.647315] usbhid: USB HID core driver
[    0.647773] Netfilter messages via NETLINK v0.30.
[    0.648429] nf_conntrack version 0.5.0 (3958 buckets, 15832 max)
[    0.649880] ctnetlink v0.93: registering with nfnetlink.
[    0.651329] ipip: IPv4 over IPv4 tunneling driver
[    0.662956] gre: GRE over IPv4 demultiplexor driver
[    0.663160] ip_gre: GRE over IPv4 tunneling driver
[    0.668161] ip_tables: (C) 2000-2006 Netfilter Core Team
[    0.669947] arp_tables: (C) 2002 David S. Miller
[    0.671037] Initializing XFRM netlink socket
[    0.671559] NET: Registered protocol family 10
[    0.678954] ip6_tables: (C) 2000-2006 Netfilter Core Team
[    0.680756] sit: IPv6 over IPv4 tunneling driver
[    0.684882] NET: Registered protocol family 17
[    0.685588] bridge: automatic filtering via arp/ip/ip6tables has been deprecated. Update your scripts to load br_netfilter if you need this.
[    0.685939] Bridge firewalling registered
[    0.686083] Ebtables v2.0 registered
[    0.687309] 8021q: 802.1Q VLAN Support v1.8
[    0.688012] Registering SWP/SWPB emulation handler
[    0.690914] rtc-pl031 9010000.pl031: setting system clock to 2018-07-19 07:56:30 UTC (1531986990)
[    0.702587] EXT4-fs (vda1): couldn't mount as ext3 due to feature incompatibilities
[    0.704977] EXT4-fs (vda1): mounting ext2 file system using the ext4 subsystem
[    0.716924] EXT4-fs (vda1): mounted filesystem without journal. Opts: (null)
[    0.727386] VFS: Mounted root (ext2 filesystem) on device 254:1.
[    0.745956] Freeing unused kernel memory: 180K (c05c7000 - c05f4000)
[    0.876269] firmadyne: sys_reboot[PID: 54 (init)]: magic1:fee1dead, magic2:28121969, cmd:0
[    0.898797] firmadyne: sys_socket[PID: 1 (init)]: family:1, type:2, protocol:0
[    0.919766] firmadyne: sys_socket[PID: 55 (init)]: family:1, type:2, protocol:0
[    1.237524] firmadyne: sys_socket[PID: 64 (telnetd)]: family:2, type:1, protocol:0
[    1.240741] firmadyne: sys_setsockopt[PID: 64 (telnetd)]: fd:3, level:1, optname:2
[    1.241578] firmadyne: inet_bind[PID: 64 (telnetd)]: proto:SOCK_STREAM, port:23
Using /lib/modules/mvKernelExt.ko
insmod: kernel-module version mismatch
	/lib/modules/mvKernelExt.ko was compiled for kernel version 
	while this kernel is version 4.1.17+.
Using /lib/modules/mvPpDrv.ko
insmod: kernel-module version mismatch
	/lib/modules/mvPpDrv.ko was compiled for kernel version 
	while this kernel is version 4.1.17+.
Fri May 23 14:32:00 UTC 2008
[    1.540725] firmadyne: sys_socket[PID: 72 (ifconfig)]: family:2, type:2, protocol:0
[    1.542760] firmadyne: __inet_insert_ifa[PID: 72 (ifconfig)]: device:lo ifa:0x0100007f
[    1.549403] firmadyne: __inet_insert_ifa[PID: 72 (ifconfig)]: device:lo ifa:0x0100007f




Linux MARVELL_LINUX 4.1.17+ #1 Thu Feb 18 01:05:21 UTC 2016


Welcome to Embedded Linux
           _  _
          | ||_|
          | | _ ____  _   _  _  _ 
          | || |  _ \| | | |\ \/ /
          | || | | | | |_| |/    \
          |_||_|_| |_|\____|\_/\_/

          On Marvell's ARM board

For further information on the Marvell products check:
http://www.marvell.com/

toochain=gnueabi

Enjoy!



BusyBox v1.01 (2008.10.02-12:33+0000) Built-in shell (ash)
Enter 'help' for a list of built-in commands.

/ # [    3.316336] cfg80211: Calling CRDA to update world regulatory domain
[    6.465294] cfg80211: Calling CRDA to update world regulatory domain
[    9.615934] cfg80211: Calling CRDA to update world regulatory domain
[   12.765779] cfg80211: Calling CRDA to update world regulatory domain
[   15.915109] cfg80211: Calling CRDA to update world regulatory domain
[   19.067379] cfg80211: Calling CRDA to update world regulatory domain
[   22.215971] cfg80211: Calling CRDA to update world regulatory domain
[   25.365059] cfg80211: Calling CRDA to update world regulatory domain
[   28.515176] cfg80211: Calling CRDA to update world regulatory domain
[   31.666276] cfg80211: Calling CRDA to update world regulatory domain
[   34.814792] cfg80211: Exceeded CRDA call max attempts. Not calling CRDA
Starting firmware emulation... use Ctrl-a + x to exit
qemu-system-arm: terminating on signal 2 from pid 41411 (timeout)
[    0.000000] Booting Linux on physical CPU 0x0
[    0.000000] Linux version 4.1.17+ (vagrant@vagrant-ubuntu-trusty-64) (gcc version 5.3.0 (GCC) ) #1 Thu Feb 18 01:05:21 UTC 2016
[    0.000000] CPU: ARMv7 Processor [412fc0f1] revision 1 (ARMv7), cr=10c5387d
[    0.000000] CPU: PIPT / VIPT nonaliasing data cache, PIPT instruction cache
[    0.000000] Machine model: linux,dummy-virt
[    0.000000] debug: ignoring loglevel setting.
[    0.000000] Memory policy: Data cache writeback
[    0.000000] On node 0 totalpages: 65536
[    0.000000] free_area_init_node: node 0, pgdat c061dfe8, node_mem_map cfdf9000
[    0.000000]   Normal zone: 512 pages used for memmap
[    0.000000]   Normal zone: 0 pages reserved
[    0.000000]   Normal zone: 65536 pages, LIFO batch:15
[    0.000000] psci: probing for conduit method from DT.
[    0.000000] psci: PSCIv0.2 detected in firmware.
[    0.000000] psci: Using standard PSCI v0.2 function IDs
[    0.000000] CPU: All CPU(s) started in SVC mode.
[    0.000000] pcpu-alloc: s0 r0 d32768 u32768 alloc=1*32768
[    0.000000] pcpu-alloc: [0] 0 
[    0.000000] Built 1 zonelists in Zone order, mobility grouping on.  Total pages: 65024
[    0.000000] Kernel command line: root=/dev/vda1 console=ttyS0 nandsim.parts=64,64,64,64,64,64,64,64,64,64 rdinit=/firmadyne/preInit.sh rw debug ignore_loglevel print-fatal-signals=1 user_debug=31 firmadyne.syscall=0
[    0.000000] PID hash table entries: 1024 (order: 0, 4096 bytes)
[    0.000000] Dentry cache hash table entries: 32768 (order: 5, 131072 bytes)
[    0.000000] Inode-cache hash table entries: 16384 (order: 4, 65536 bytes)
[    0.000000] Memory: 253340K/262144K available (4297K kernel code, 170K rwdata, 1584K rodata, 180K init, 148K bss, 8804K reserved, 0K cma-reserved)
[    0.000000] Virtual kernel memory layout:
[    0.000000]     vector  : 0xffff0000 - 0xffff1000   (   4 kB)
[    0.000000]     fixmap  : 0xffc00000 - 0xfff00000   (3072 kB)
[    0.000000]     vmalloc : 0xd0800000 - 0xff000000   ( 744 MB)
[    0.000000]     lowmem  : 0xc0000000 - 0xd0000000   ( 256 MB)
[    0.000000]     modules : 0xbf000000 - 0xc0000000   (  16 MB)
[    0.000000]       .text : 0xc0008000 - 0xc05c67bc   (5882 kB)
[    0.000000]       .init : 0xc05c7000 - 0xc05f4000   ( 180 kB)
[    0.000000]       .data : 0xc05f4000 - 0xc061e840   ( 171 kB)
[    0.000000]        .bss : 0xc0621000 - 0xc06462d4   ( 149 kB)
[    0.000000] NR_IRQS:16 nr_irqs:16 16
[    0.000000] Architected cp15 timer(s) running at 62.50MHz (virt).
[    0.000000] clocksource arch_sys_counter: mask: 0xffffffffffffff max_cycles: 0x1cd42e208c, max_idle_ns: 881590405314 ns
[    0.000157] sched_clock: 56 bits at 62MHz, resolution 16ns, wraps every 4398046511096ns
[    0.000301] Switching to timer-based delay loop, resolution 16ns
[    0.003619] Console: colour dummy device 80x30
[    1.721163] Calibrating delay loop (skipped), value calculated using timer frequency.. 125.00 BogoMIPS (lpj=625000)
[    1.721323] pid_max: default: 32768 minimum: 301
[    1.722247] Mount-cache hash table entries: 1024 (order: 0, 4096 bytes)
[    1.722287] Mountpoint-cache hash table entries: 1024 (order: 0, 4096 bytes)
[    1.729422] CPU: Testing write buffer coherency: ok
[    1.735563] Setting up static identity map for 0x40008240 - 0x40008298
[    1.750149] VFP support v0.3: implementor 41 architecture 4 part 30 variant f rev 0
[    3.011278] clocksource jiffies: mask: 0xffffffff max_cycles: 0xffffffff, max_idle_ns: 19112604462750000 ns
[    3.020407] NET: Registered protocol family 16
[    3.023538] DMA: preallocated 256 KiB pool for atomic coherent allocations
[    3.027661] cpuidle: using governor ladder
[    3.027818] cpuidle: using governor menu
[    3.048549] Serial: AMBA PL011 UART driver
[    3.050714] 9000000.pl011: ttyS0 at MMIO 0x9000000 (irq = 54, base_baud = 0) is a PL011 rev1
[    3.058293] console [ttyS0] enabled
[    3.268429] vgaarb: loaded
[    3.269964] SCSI subsystem initialized
[    3.271031] usbcore: registered new interface driver usbfs
[    3.271385] usbcore: registered new interface driver hub
[    3.271721] usbcore: registered new device driver usb
[    3.280906] cfg80211: Calling CRDA to update world regulatory domain
[    3.283153] Switched to clocksource arch_sys_counter
[    3.301446] NET: Registered protocol family 2
[    3.306827] TCP established hash table entries: 2048 (order: 1, 8192 bytes)
[    3.307093] TCP bind hash table entries: 2048 (order: 1, 8192 bytes)
[    3.307458] TCP: Hash tables configured (established 2048 bind 2048)
[    3.308048] UDP hash table entries: 256 (order: 0, 4096 bytes)
[    3.308418] UDP-Lite hash table entries: 256 (order: 0, 4096 bytes)
[    3.309975] NET: Registered protocol family 1
[    3.310425] PCI: CLS 0 bytes, default 64
[    3.395060] NetWinder Floating Point Emulator V0.97 (extended precision)
[    3.397764] futex hash table entries: 256 (order: -1, 3072 bytes)
[    3.403591] squashfs: version 4.0 (2009/01/31) Phillip Lougher
[    3.404955] jffs2: version 2.2. (NAND) © 2001-2006 Red Hat, Inc.
[    3.405739] romfs: ROMFS MTD (C) 2007 Red Hat, Inc.
[    3.414233] Block layer SCSI generic (bsg) driver version 0.4 loaded (major 253)
[    3.414553] io scheduler noop registered
[    3.414788] io scheduler cfq registered (default)
[    3.415446] firmadyne: devfs: 1, execute: 1, procfs: 1, syscall: 0
[    3.416738] ------------[ cut here ]------------
[    3.416937] WARNING: CPU: 0 PID: 1 at /home/vagrant/firmadyne-kernel/kernel-v4.1/fs/sysfs/dir.c:31 sysfs_warn_dup+0x50/0x6c()
[    3.417163] sysfs: cannot create duplicate filename '/class/gpio'
[    3.417319] Modules linked in:
[    3.417685] CPU: 0 PID: 1 Comm: swapper Not tainted 4.1.17+ #1
[    3.417825] Hardware name: Generic DT based system
[    3.418509] [<c001c99c>] (unwind_backtrace) from [<c0019d30>] (show_stack+0x10/0x14)
[    3.418779] [<c0019d30>] (show_stack) from [<c0024ab4>] (warn_slowpath_common+0x80/0xa8)
[    3.418976] [<c0024ab4>] (warn_slowpath_common) from [<c0024b08>] (warn_slowpath_fmt+0x2c/0x3c)
[    3.419211] [<c0024b08>] (warn_slowpath_fmt) from [<c00e363c>] (sysfs_warn_dup+0x50/0x6c)
[    3.419388] [<c00e363c>] (sysfs_warn_dup) from [<c00e3714>] (sysfs_create_dir_ns+0x74/0x84)
[    3.419576] [<c00e3714>] (sysfs_create_dir_ns) from [<c018e6ac>] (kobject_add_internal+0xb8/0x2ac)
[    3.419764] [<c018e6ac>] (kobject_add_internal) from [<c018e9a8>] (kset_register+0x1c/0x44)
[    3.419941] [<c018e9a8>] (kset_register) from [<c02090b4>] (__class_register+0xa8/0x198)
[    3.420115] [<c02090b4>] (__class_register) from [<c02091e4>] (__class_create+0x40/0x70)
[    3.420286] [<c02091e4>] (__class_create) from [<c01adf68>] (register_devfs_stubs+0x314/0xbb4)
[    3.420465] [<c01adf68>] (register_devfs_stubs) from [<c05d9b08>] (init_module+0x28/0xa4)
[    3.420665] [<c05d9b08>] (init_module) from [<c0009670>] (do_one_initcall+0x104/0x1b4)
[    3.420834] [<c0009670>] (do_one_initcall) from [<c05c7d08>] (kernel_init_freeable+0xf0/0x1b0)
[    3.421019] [<c05c7d08>] (kernel_init_freeable) from [<c040f28c>] (kernel_init+0x8/0xe4)
[    3.421186] [<c040f28c>] (kernel_init) from [<c0016da8>] (ret_from_fork+0x14/0x2c)
[    3.421433] ---[ end trace 2f284c03d5e5ecf8 ]---
[    3.421626] ------------[ cut here ]------------
[    3.421738] WARNING: CPU: 0 PID: 1 at /home/vagrant/firmadyne-kernel/kernel-v4.1/lib/kobject.c:240 kobject_add_internal+0x240/0x2ac()
[    3.421954] kobject_add_internal failed for gpio with -EEXIST, don't try to register things with the same name in the same directory.
[    3.422166] Modules linked in:
[    3.422300] CPU: 0 PID: 1 Comm: swapper Tainted: G        W       4.1.17+ #1
[    3.422436] Hardware name: Generic DT based system
[    3.422552] [<c001c99c>] (unwind_backtrace) from [<c0019d30>] (show_stack+0x10/0x14)
[    3.422715] [<c0019d30>] (show_stack) from [<c0024ab4>] (warn_slowpath_common+0x80/0xa8)
[    3.423010] [<c0024ab4>] (warn_slowpath_common) from [<c0024b08>] (warn_slowpath_fmt+0x2c/0x3c)
[    3.423200] [<c0024b08>] (warn_slowpath_fmt) from [<c018e834>] (kobject_add_internal+0x240/0x2ac)
[    3.423390] [<c018e834>] (kobject_add_internal) from [<c018e9a8>] (kset_register+0x1c/0x44)
[    3.423578] [<c018e9a8>] (kset_register) from [<c02090b4>] (__class_register+0xa8/0x198)
[    3.423746] [<c02090b4>] (__class_register) from [<c02091e4>] (__class_create+0x40/0x70)
[    3.423917] [<c02091e4>] (__class_create) from [<c01adf68>] (register_devfs_stubs+0x314/0xbb4)
[    3.424097] [<c01adf68>] (register_devfs_stubs) from [<c05d9b08>] (init_module+0x28/0xa4)
[    3.424266] [<c05d9b08>] (init_module) from [<c0009670>] (do_one_initcall+0x104/0x1b4)
[    3.424432] [<c0009670>] (do_one_initcall) from [<c05c7d08>] (kernel_init_freeable+0xf0/0x1b0)
[    3.424607] [<c05c7d08>] (kernel_init_freeable) from [<c040f28c>] (kernel_init+0x8/0xe4)
[    3.424770] [<c040f28c>] (kernel_init) from [<c0016da8>] (ret_from_fork+0x14/0x2c)
[    3.424935] ---[ end trace 2f284c03d5e5ecf9 ]---
[    3.425097] firmadyne: Cannot create device class: gpio!
[    3.426720] firmadyne: Cannot register character device: watchdog, 0xa, 0x82!
[    3.426897] firmadyne: Cannot register character device: wdt, 0xfd, 0x0!
[    3.509317] PCI host bridge /pcie@10000000 ranges:
[    3.509908]    IO 0x3eff0000..0x3effffff -> 0x00000000
[    3.510277]   MEM 0x10000000..0x3efeffff -> 0x10000000
[    3.510407]   MEM 0x8000000000..0xffffffffff -> 0x8000000000
[    3.511145] pci-host-generic 3f000000.pcie: resource collision: [mem 0x00000000-0xffffffff] conflicts with /pl011@9000000 [mem 0x09000000-0x09000fff]
[    3.511906] pci-host-generic: probe of 3f000000.pcie failed with error -16
[    3.523396] Non-volatile memory driver v1.3
[    3.630797] brd: module loaded
[    3.750450] loop: module loaded
[    4.213021]  vda: vda1
[    4.227202] 0.flash: Found 2 x16 devices at 0x0 in 32-bit bank. Manufacturer ID 0x000000 Chip ID 0x000000
[    4.228143] Intel/Sharp Extended Query Table at 0x0031
[    4.229740] Using buffer write method
[    4.230355] erase region 0: offset=0x0,size=0x40000,blocks=256
[    4.241373] 0.flash: Found 2 x16 devices at 0x0 in 32-bit bank. Manufacturer ID 0x000000 Chip ID 0x000000
[    4.241724] Intel/Sharp Extended Query Table at 0x0031
[    4.242760] Using buffer write method
[    4.243131] erase region 0: offset=0x0,size=0x40000,blocks=256
[    4.243433] Concatenating MTD devices:
[    4.243604] (0): "0.flash"
[    4.243717] (1): "0.flash"
[    4.243816] into device "0.flash"
[    4.261696] [nandsim] warning: read_byte: unexpected data output cycle, state is STATE_READY return 0x0
[    4.262030] [nandsim] warning: read_byte: unexpected data output cycle, state is STATE_READY return 0x0
[    4.262286] [nandsim] warning: read_byte: unexpected data output cycle, state is STATE_READY return 0x0
[    4.262544] [nandsim] warning: read_byte: unexpected data output cycle, state is STATE_READY return 0x0
[    4.262791] [nandsim] warning: read_byte: unexpected data output cycle, state is STATE_READY return 0x0
[    4.263214] [nandsim] warning: read_byte: unexpected data output cycle, state is STATE_READY return 0x0
[    4.263857] nand: device found, Manufacturer ID: 0x98, Chip ID: 0x39
[    4.264078] nand: Toshiba NAND 128MiB 1,8V 8-bit
[    4.264258] nand: 128 MiB, SLC, erase size: 16 KiB, page size: 512, OOB size: 16
[    4.265539] flash size: 128 MiB
[    4.265665] page size: 512 bytes
[    4.265777] OOB area size: 16 bytes
[    4.265899] sector size: 16 KiB
[    4.266008] pages number: 262144
[    4.266120] pages per sector: 32
[    4.266228] bus width: 8
[    4.266321] bits in sector size: 14
[    4.266441] bits in page size: 9
[    4.266556] bits in OOB size: 4
[    4.266673] flash size with OOB: 135168 KiB
[    4.266805] page address bytes: 4
[    4.266915] sector address bytes: 3
[    4.267030] options: 0x42
[    4.377770] Scanning device for bad blocks
[    4.494433] firmadyne: do_execve: /firmadyne/console
[    4.494641] OFFSETS: offset of pid: 0x190 offset of comm: 0x270
[    4.495217] Creating 11 MTD partitions on "NAND 128MiB 1,8V 8-bit":
[    4.495883] 0x000000000000-0x000000100000 : "NAND simulator partition 0"
[    4.499247] 0x000000100000-0x000000200000 : "NAND simulator partition 1"
[    4.501423] 0x000000200000-0x000000300000 : "NAND simulator partition 2"
[    4.503777] 0x000000300000-0x000000400000 : "NAND simulator partition 3"
[    4.505999] 0x000000400000-0x000000500000 : "NAND simulator partition 4"
[    4.508173] 0x000000500000-0x000000600000 : "NAND simulator partition 5"
[    4.510333] 0x000000600000-0x000000700000 : "NAND simulator partition 6"
[    4.512430] 0x000000700000-0x000000800000 : "NAND simulator partition 7"
[    4.513882] 0x000000800000-0x000000900000 : "NAND simulator partition 8"
[    4.515243] 0x000000900000-0x000000a00000 : "NAND simulator partition 9"
[    4.516647] 0x000000a00000-0x000008000000 : "NAND simulator partition 10"
[    4.522165] tun: Universal TUN/TAP device driver, 1.6
[    4.522289] tun: (C) 1999-2004 Max Krasnyansky <maxk@qualcomm.com>
[    5.508790] PPP generic driver version 2.4.2
[    5.509568] PPP BSD Compression module registered
[    5.509752] PPP Deflate Compression module registered
[    5.509997] PPP MPPE Compression module registered
[    5.510134] NET: Registered protocol family 24
[    5.510463] PPTP driver version 0.8.5
[    5.804905] usbcore: registered new interface driver usb-storage
[    5.808438] rtc-pl031 9010000.pl031: rtc core: registered pl031 as rtc0
[    5.809221] hidraw: raw HID events driver (C) Jiri Kosina
[    5.809779] usbcore: registered new interface driver usbhid
[    5.809910] usbhid: USB HID core driver
[    5.810383] Netfilter messages via NETLINK v0.30.
[    5.811044] nf_conntrack version 0.5.0 (3958 buckets, 15832 max)
[    5.812528] ctnetlink v0.93: registering with nfnetlink.
[    5.856678] ipip: IPv4 over IPv4 tunneling driver
[    5.858926] gre: GRE over IPv4 demultiplexor driver
[    5.859089] ip_gre: GRE over IPv4 tunneling driver
[    5.863828] ip_tables: (C) 2000-2006 Netfilter Core Team
[    5.865530] arp_tables: (C) 2002 David S. Miller
[    5.866578] Initializing XFRM netlink socket
[    5.867138] NET: Registered protocol family 10
[    5.874327] ip6_tables: (C) 2000-2006 Netfilter Core Team
[    5.876058] sit: IPv6 over IPv4 tunneling driver
[    5.879710] NET: Registered protocol family 17
[    5.880464] bridge: automatic filtering via arp/ip/ip6tables has been deprecated. Update your scripts to load br_netfilter if you need this.
[    5.880815] Bridge firewalling registered
[    5.880957] Ebtables v2.0 registered
[    5.882223] 8021q: 802.1Q VLAN Support v1.8
[    5.882978] Registering SWP/SWPB emulation handler
[    5.885954] rtc-pl031 9010000.pl031: setting system clock to 2018-07-19 07:57:47 UTC (1531987067)
[    5.897565] EXT4-fs (vda1): couldn't mount as ext3 due to feature incompatibilities
[    5.899451] EXT4-fs (vda1): mounting ext2 file system using the ext4 subsystem
[    5.908126] EXT4-fs (vda1): warning: mounting unchecked fs, running e2fsck is recommended
[    5.910957] EXT4-fs (vda1): mounted filesystem without journal. Opts: (null)
[    5.983814] VFS: Mounted root (ext2 filesystem) on device 254:1.
[    6.001933] Freeing unused kernel memory: 180K (c05c7000 - c05f4000)
[    6.426926] firmadyne: sys_reboot[PID: 54 (init)]: magic1:fee1dead, magic2:28121969, cmd:0
[    6.435801] cfg80211: Calling CRDA to update world regulatory domain
Using /lib/modules/mvKernelExt.ko
insmod: kernel-module version mismatch
	/lib/modules/mvKernelExt.ko was compiled for kernel version 
	while this kernel is version 4.1.17+.
Using /lib/modules/mvPpDrv.ko
insmod: kernel-module version mismatch
	/lib/modules/mvPpDrv.ko was compiled for kernel version 
	while this kernel is version 4.1.17+.
Fri May 23 14:32:00 UTC 2008
[    9.583082] cfg80211: Calling CRDA to update world regulatory domain




Linux MARVELL_LINUX 4.1.17+ #1 Thu Feb 18 01:05:21 UTC 2016


Welcome to Embedded Linux
           _  _
          | ||_|
          | | _ ____  _   _  _  _ 
          | || |  _ \| | | |\ \/ /
          | || | | | | |_| |/    \
          |_||_|_| |_|\____|\_/\_/

          On Marvell's ARM board

For further information on the Marvell products check:
http://www.marvell.com/

toochain=gnueabi

Enjoy!



BusyBox v1.01 (2008.10.02-12:33+0000) Built-in shell (ash)
Enter 'help' for a list of built-in commands.

/ # [   12.733945] cfg80211: Calling CRDA to update world regulatory domain
[   15.884290] cfg80211: Calling CRDA to update world regulatory domain
[   19.036311] cfg80211: Calling CRDA to update world regulatory domain
[   22.184030] cfg80211: Calling CRDA to update world regulatory domain
[   25.334548] cfg80211: Calling CRDA to update world regulatory domain
[   28.483565] cfg80211: Calling CRDA to update world regulatory domain
[   31.633530] cfg80211: Calling CRDA to update world regulatory domain
[   34.784039] cfg80211: Calling CRDA to update world regulatory domain
[   37.933489] cfg80211: Exceeded CRDA call max attempts. Not calling CRDA
