>> Database Image ID: 197

/home/zhumengfan/firmware/firmwares/0f9ebfc5ac7f62bb36941bd05cc2184f2aba462c.ZIP
>> MD5: 0bcb8eb48aefe5fbe8c1cd506aef5100
>> Tag: 197
>> Temp: /tmp/tmpVmuHWo
>> Status: Kernel: True, Rootfs: False, Do_Kernel: False,                 Do_Rootfs: True
>>>> Zip archive data, at least v2.0 to extract, compressed size: 8879181, uncompressed size: 8915360, name: DGS-1500-52_FIRMWARE_2.10.002.HEX
>> Recursing into archive ...
	
/tmp/tmpVmuHWo/_0f9ebfc5ac7f62bb36941bd05cc2184f2aba462c.ZIP.extracted/DGS-1500-52_FIRMWARE_2.10.002.HEX
	>> MD5: 27176b7a2b3bfe91ace9439fc2280fe3
	>> Tag: 197
	>> Temp: /tmp/tmpa5LTeJ
	>> Status: Kernel: True, Rootfs: False, Do_Kernel: False,                 Do_Rootfs: True
	>>>> Squashfs filesystem, little endian, version 3.1, size: 7631585 bytes, 217 inodes, blocksize: 131072 bytes, created: 2012-11-06 02:29:59
	>>>> Found Linux filesystem in /tmp/tmpa5LTeJ/_DGS-1500-52_FIRMWARE_2.10.002.HEX.extracted/squashfs-root!
	>> Skipping: completed!
	>> Cleaning up /tmp/tmpa5LTeJ...
>> Skipping: completed!
>> Cleaning up /tmp/tmpVmuHWo...
./bin/busybox: armel
Querying database for architecture... armel
----Running----
----Copying Filesystem Tarball----
----Creating QEMU Image----
Formatting '/home/zhumengfan/firmadyne//scratch//197//image.raw', fmt=raw size=1073741824
----Creating Partition Table----

Welcome to fdisk (util-linux 2.27.1).
Changes will remain in memory only, until you decide to write them.
Be careful before using the write command.

Device does not contain a recognized partition table.
Created a new DOS disklabel with disk identifier 0x19290c9f.

Command (m for help): Created a new DOS disklabel with disk identifier 0x857fac80.

Command (m for help): Partition type
   p   primary (0 primary, 0 extended, 4 free)
   e   extended (container for logical partitions)
Select (default p): Partition number (1-4, default 1): First sector (2048-2097151, default 2048): Last sector, +sectors or +size{K,M,G,T,P} (2048-2097151, default 2097151): 
Created a new partition 1 of type 'Linux' and of size 1023 MiB.

Command (m for help): The partition table has been altered.
Syncing disks.

----Mounting QEMU Image----
add map loop0p1 (252:0): 0 2095104 linear 7:0 2048
----Creating Filesystem----
mke2fs 1.42.13 (17-May-2015)
Discarding device blocks:   4096/261888             done                            
Creating filesystem with 261888 4k blocks and 65536 inodes
Filesystem UUID: 92b6ec9f-2fcb-4aa3-970c-97f4f6c848ff
Superblock backups stored on blocks: 
	32768, 98304, 163840, 229376

Allocating group tables: 0/8   done                            
Writing inode tables: 0/8   done                            
Writing superblocks and filesystem accounting information: 0/8   done

----Making QEMU Image Mountpoint----
----Mounting QEMU Image Partition 1----
----Extracting Filesystem Tarball----
----Creating FIRMADYNE Directories----
----Patching Filesystem (chroot)----
Creating /etc/TZ!
Creating /etc/hosts!
Warning: Recreating device nodes!
mkdir: can't create directory '/dev/mtd': No such file or directory
mknod: /dev/mtd/0: No such file or directory
mknod: /dev/mtd/1: No such file or directory
mknod: /dev/mtd/2: No such file or directory
mknod: /dev/mtd/3: No such file or directory
mknod: /dev/mtd/4: No such file or directory
mknod: /dev/mtd/5: No such file or directory
mknod: /dev/mtd/6: No such file or directory
mknod: /dev/mtd/7: No such file or directory
mknod: /dev/mtd/8: No such file or directory
mknod: /dev/mtd/9: No such file or directory
mknod: /dev/mtd/10: No such file or directory
Removing /etc/scripts/sys_resetbutton!
----Setting up FIRMADYNE----
----Unmounting QEMU Image----
loop deleted : /dev/loop0
Querying database for architecture... armel
Running firmware 197: terminating after 60 secs...
qemu-system-arm: terminating on signal 2 from pid 167374 (timeout)
Inferring network...
Interfaces: []
Done!
[    0.000000] Booting Linux on physical CPU 0x0
[    0.000000] Linux version 4.1.17+ (vagrant@vagrant-ubuntu-trusty-64) (gcc version 5.3.0 (GCC) ) #1 Thu Feb 18 01:05:21 UTC 2016
[    0.000000] CPU: ARMv7 Processor [412fc0f1] revision 1 (ARMv7), cr=10c5387d
[    0.000000] CPU: PIPT / VIPT nonaliasing data cache, PIPT instruction cache
[    0.000000] Machine model: linux,dummy-virt
[    0.000000] debug: ignoring loglevel setting.
[    0.000000] Memory policy: Data cache writeback
[    0.000000] On node 0 totalpages: 65536
[    0.000000] free_area_init_node: node 0, pgdat c061dfe8, node_mem_map cfdf9000
[    0.000000]   Normal zone: 512 pages used for memmap
[    0.000000]   Normal zone: 0 pages reserved
[    0.000000]   Normal zone: 65536 pages, LIFO batch:15
[    0.000000] psci: probing for conduit method from DT.
[    0.000000] psci: PSCIv0.2 detected in firmware.
[    0.000000] psci: Using standard PSCI v0.2 function IDs
[    0.000000] CPU: All CPU(s) started in SVC mode.
[    0.000000] pcpu-alloc: s0 r0 d32768 u32768 alloc=1*32768
[    0.000000] pcpu-alloc: [0] 0 
[    0.000000] Built 1 zonelists in Zone order, mobility grouping on.  Total pages: 65024
[    0.000000] Kernel command line: firmadyne.syscall=1 root=/dev/vda1 console=ttyS0 nandsim.parts=64,64,64,64,64,64,64,64,64,64 rdinit=/firmadyne/preInit.sh rw debug ignore_loglevel print-fatal-signals=1 user_debug=31
[    0.000000] PID hash table entries: 1024 (order: 0, 4096 bytes)
[    0.000000] Dentry cache hash table entries: 32768 (order: 5, 131072 bytes)
[    0.000000] Inode-cache hash table entries: 16384 (order: 4, 65536 bytes)
[    0.000000] Memory: 253340K/262144K available (4297K kernel code, 170K rwdata, 1584K rodata, 180K init, 148K bss, 8804K reserved, 0K cma-reserved)
[    0.000000] Virtual kernel memory layout:
[    0.000000]     vector  : 0xffff0000 - 0xffff1000   (   4 kB)
[    0.000000]     fixmap  : 0xffc00000 - 0xfff00000   (3072 kB)
[    0.000000]     vmalloc : 0xd0800000 - 0xff000000   ( 744 MB)
[    0.000000]     lowmem  : 0xc0000000 - 0xd0000000   ( 256 MB)
[    0.000000]     modules : 0xbf000000 - 0xc0000000   (  16 MB)
[    0.000000]       .text : 0xc0008000 - 0xc05c67bc   (5882 kB)
[    0.000000]       .init : 0xc05c7000 - 0xc05f4000   ( 180 kB)
[    0.000000]       .data : 0xc05f4000 - 0xc061e840   ( 171 kB)
[    0.000000]        .bss : 0xc0621000 - 0xc06462d4   ( 149 kB)
[    0.000000] NR_IRQS:16 nr_irqs:16 16
[    0.000000] Architected cp15 timer(s) running at 62.50MHz (virt).
[    0.000000] clocksource arch_sys_counter: mask: 0xffffffffffffff max_cycles: 0x1cd42e208c, max_idle_ns: 881590405314 ns
[    0.000162] sched_clock: 56 bits at 62MHz, resolution 16ns, wraps every 4398046511096ns
[    0.000302] Switching to timer-based delay loop, resolution 16ns
[    0.003424] Console: colour dummy device 80x30
[    0.003753] Calibrating delay loop (skipped), value calculated using timer frequency.. 125.00 BogoMIPS (lpj=625000)
[    0.003886] pid_max: default: 32768 minimum: 301
[    0.004808] Mount-cache hash table entries: 1024 (order: 0, 4096 bytes)
[    0.004847] Mountpoint-cache hash table entries: 1024 (order: 0, 4096 bytes)
[    0.014135] CPU: Testing write buffer coherency: ok
[    0.020126] Setting up static identity map for 0x40008240 - 0x40008298
[    0.035062] VFP support v0.3: implementor 41 architecture 4 part 30 variant f rev 0
[    1.907448] clocksource jiffies: mask: 0xffffffff max_cycles: 0xffffffff, max_idle_ns: 19112604462750000 ns
[    1.916773] NET: Registered protocol family 16
[    1.920124] DMA: preallocated 256 KiB pool for atomic coherent allocations
[    1.924292] cpuidle: using governor ladder
[    1.924448] cpuidle: using governor menu
[    2.397959] Serial: AMBA PL011 UART driver
[    2.400309] 9000000.pl011: ttyS0 at MMIO 0x9000000 (irq = 54, base_baud = 0) is a PL011 rev1
[    2.408133] console [ttyS0] enabled
[    2.431228] vgaarb: loaded
[    2.432772] SCSI subsystem initialized
[    2.433856] usbcore: registered new interface driver usbfs
[    2.434232] usbcore: registered new interface driver hub
[    2.434570] usbcore: registered new device driver usb
[    2.443969] cfg80211: Calling CRDA to update world regulatory domain
[    2.446307] Switched to clocksource arch_sys_counter
[    2.464232] NET: Registered protocol family 2
[    2.469687] TCP established hash table entries: 2048 (order: 1, 8192 bytes)
[    2.469999] TCP bind hash table entries: 2048 (order: 1, 8192 bytes)
[    2.470307] TCP: Hash tables configured (established 2048 bind 2048)
[    2.470852] UDP hash table entries: 256 (order: 0, 4096 bytes)
[    2.471104] UDP-Lite hash table entries: 256 (order: 0, 4096 bytes)
[    2.472549] NET: Registered protocol family 1
[    2.529172] PCI: CLS 0 bytes, default 64
[    2.536491] NetWinder Floating Point Emulator V0.97 (extended precision)
[    2.539192] futex hash table entries: 256 (order: -1, 3072 bytes)
[    2.544524] squashfs: version 4.0 (2009/01/31) Phillip Lougher
[    2.545530] jffs2: version 2.2. (NAND) © 2001-2006 Red Hat, Inc.
[    2.546511] romfs: ROMFS MTD (C) 2007 Red Hat, Inc.
[    2.555365] Block layer SCSI generic (bsg) driver version 0.4 loaded (major 253)
[    2.555689] io scheduler noop registered
[    2.555930] io scheduler cfq registered (default)
[    2.556737] firmadyne: devfs: 1, execute: 1, procfs: 1, syscall: 1
[    2.558056] ------------[ cut here ]------------
[    2.558280] WARNING: CPU: 0 PID: 1 at /home/vagrant/firmadyne-kernel/kernel-v4.1/fs/sysfs/dir.c:31 sysfs_warn_dup+0x50/0x6c()
[    2.558507] sysfs: cannot create duplicate filename '/class/gpio'
[    2.558662] Modules linked in:
[    2.558983] CPU: 0 PID: 1 Comm: swapper Not tainted 4.1.17+ #1
[    2.559133] Hardware name: Generic DT based system
[    2.559806] [<c001c99c>] (unwind_backtrace) from [<c0019d30>] (show_stack+0x10/0x14)
[    2.560081] [<c0019d30>] (show_stack) from [<c0024ab4>] (warn_slowpath_common+0x80/0xa8)
[    2.560277] [<c0024ab4>] (warn_slowpath_common) from [<c0024b08>] (warn_slowpath_fmt+0x2c/0x3c)
[    2.560511] [<c0024b08>] (warn_slowpath_fmt) from [<c00e363c>] (sysfs_warn_dup+0x50/0x6c)
[    2.560688] [<c00e363c>] (sysfs_warn_dup) from [<c00e3714>] (sysfs_create_dir_ns+0x74/0x84)
[    2.560867] [<c00e3714>] (sysfs_create_dir_ns) from [<c018e6ac>] (kobject_add_internal+0xb8/0x2ac)
[    2.561053] [<c018e6ac>] (kobject_add_internal) from [<c018e9a8>] (kset_register+0x1c/0x44)
[    2.561256] [<c018e9a8>] (kset_register) from [<c02090b4>] (__class_register+0xa8/0x198)
[    2.561429] [<c02090b4>] (__class_register) from [<c02091e4>] (__class_create+0x40/0x70)
[    2.561599] [<c02091e4>] (__class_create) from [<c01adf68>] (register_devfs_stubs+0x314/0xbb4)
[    2.561783] [<c01adf68>] (register_devfs_stubs) from [<c05d9b08>] (init_module+0x28/0xa4)
[    2.561984] [<c05d9b08>] (init_module) from [<c0009670>] (do_one_initcall+0x104/0x1b4)
[    2.562166] [<c0009670>] (do_one_initcall) from [<c05c7d08>] (kernel_init_freeable+0xf0/0x1b0)
[    2.562362] [<c05c7d08>] (kernel_init_freeable) from [<c040f28c>] (kernel_init+0x8/0xe4)
[    2.562529] [<c040f28c>] (kernel_init) from [<c0016da8>] (ret_from_fork+0x14/0x2c)
[    2.562777] ---[ end trace 82c0797a274422de ]---
[    2.562971] ------------[ cut here ]------------
[    2.563083] WARNING: CPU: 0 PID: 1 at /home/vagrant/firmadyne-kernel/kernel-v4.1/lib/kobject.c:240 kobject_add_internal+0x240/0x2ac()
[    2.563300] kobject_add_internal failed for gpio with -EEXIST, don't try to register things with the same name in the same directory.
[    2.563510] Modules linked in:
[    2.563643] CPU: 0 PID: 1 Comm: swapper Tainted: G        W       4.1.17+ #1
[    2.563777] Hardware name: Generic DT based system
[    2.563892] [<c001c99c>] (unwind_backtrace) from [<c0019d30>] (show_stack+0x10/0x14)
[    2.564055] [<c0019d30>] (show_stack) from [<c0024ab4>] (warn_slowpath_common+0x80/0xa8)
[    2.564224] [<c0024ab4>] (warn_slowpath_common) from [<c0024b08>] (warn_slowpath_fmt+0x2c/0x3c)
[    2.564403] [<c0024b08>] (warn_slowpath_fmt) from [<c018e834>] (kobject_add_internal+0x240/0x2ac)
[    2.564592] [<c018e834>] (kobject_add_internal) from [<c018e9a8>] (kset_register+0x1c/0x44)
[    2.564770] [<c018e9a8>] (kset_register) from [<c02090b4>] (__class_register+0xa8/0x198)
[    2.564936] [<c02090b4>] (__class_register) from [<c02091e4>] (__class_create+0x40/0x70)
[    2.565102] [<c02091e4>] (__class_create) from [<c01adf68>] (register_devfs_stubs+0x314/0xbb4)
[    2.565279] [<c01adf68>] (register_devfs_stubs) from [<c05d9b08>] (init_module+0x28/0xa4)
[    2.565447] [<c05d9b08>] (init_module) from [<c0009670>] (do_one_initcall+0x104/0x1b4)
[    2.565611] [<c0009670>] (do_one_initcall) from [<c05c7d08>] (kernel_init_freeable+0xf0/0x1b0)
[    2.565789] [<c05c7d08>] (kernel_init_freeable) from [<c040f28c>] (kernel_init+0x8/0xe4)
[    2.565953] [<c040f28c>] (kernel_init) from [<c0016da8>] (ret_from_fork+0x14/0x2c)
[    2.566219] ---[ end trace 82c0797a274422df ]---
[    2.566387] firmadyne: Cannot create device class: gpio!
[    2.568047] firmadyne: Cannot register character device: watchdog, 0xa, 0x82!
[    2.568221] firmadyne: Cannot register character device: wdt, 0xfd, 0x0!
[    2.649227] PCI host bridge /pcie@10000000 ranges:
[    2.649804]    IO 0x3eff0000..0x3effffff -> 0x00000000
[    2.650162]   MEM 0x10000000..0x3efeffff -> 0x10000000
[    2.650292]   MEM 0x8000000000..0xffffffffff -> 0x8000000000
[    2.650983] pci-host-generic 3f000000.pcie: resource collision: [mem 0x00000000-0xffffffff] conflicts with /pl011@9000000 [mem 0x09000000-0x09000fff]
[    2.651679] pci-host-generic: probe of 3f000000.pcie failed with error -16
[    2.662993] Non-volatile memory driver v1.3
[    4.643364] brd: module loaded
[    4.654187] loop: module loaded
[    5.998473] cfg80211: Calling CRDA to update world regulatory domain
[    6.002963]  vda: vda1
[    6.014915] 0.flash: Found 2 x16 devices at 0x0 in 32-bit bank. Manufacturer ID 0x000000 Chip ID 0x000000
[    6.015541] Intel/Sharp Extended Query Table at 0x0031
[    6.016820] Using buffer write method
[    6.017240] erase region 0: offset=0x0,size=0x40000,blocks=256
[    6.024548] 0.flash: Found 2 x16 devices at 0x0 in 32-bit bank. Manufacturer ID 0x000000 Chip ID 0x000000
[    6.024768] Intel/Sharp Extended Query Table at 0x0031
[    6.025486] Using buffer write method
[    6.025597] erase region 0: offset=0x0,size=0x40000,blocks=256
[    6.025802] Concatenating MTD devices:
[    6.025908] (0): "0.flash"
[    6.025980] (1): "0.flash"
[    6.026172] into device "0.flash"
[    6.038734] [nandsim] warning: read_byte: unexpected data output cycle, state is STATE_READY return 0x0
[    6.038965] [nandsim] warning: read_byte: unexpected data output cycle, state is STATE_READY return 0x0
[    6.039140] [nandsim] warning: read_byte: unexpected data output cycle, state is STATE_READY return 0x0
[    6.039309] [nandsim] warning: read_byte: unexpected data output cycle, state is STATE_READY return 0x0
[    6.039478] [nandsim] warning: read_byte: unexpected data output cycle, state is STATE_READY return 0x0
[    6.039646] [nandsim] warning: read_byte: unexpected data output cycle, state is STATE_READY return 0x0
[    6.040063] nand: device found, Manufacturer ID: 0x98, Chip ID: 0x39
[    6.040210] nand: Toshiba NAND 128MiB 1,8V 8-bit
[    6.040330] nand: 128 MiB, SLC, erase size: 16 KiB, page size: 512, OOB size: 16
[    6.041210] flash size: 128 MiB
[    6.041294] page size: 512 bytes
[    6.041368] OOB area size: 16 bytes
[    6.041446] sector size: 16 KiB
[    6.041516] pages number: 262144
[    6.041590] pages per sector: 32
[    6.041661] bus width: 8
[    6.041720] bits in sector size: 14
[    6.041809] bits in page size: 9
[    6.041885] bits in OOB size: 4
[    6.041960] flash size with OOB: 135168 KiB
[    6.042047] page address bytes: 4
[    6.042120] sector address bytes: 3
[    6.042196] options: 0x42
[    7.240041] Scanning device for bad blocks
[    7.352734] firmadyne: do_execve: /firmadyne/console
[    7.352962] OFFSETS: offset of pid: 0x190 offset of comm: 0x270
[    7.353437] Creating 11 MTD partitions on "NAND 128MiB 1,8V 8-bit":
[    7.353874] 0x000000000000-0x000000100000 : "NAND simulator partition 0"
[    7.356430] 0x000000100000-0x000000200000 : "NAND simulator partition 1"
[    7.357942] 0x000000200000-0x000000300000 : "NAND simulator partition 2"
[    7.359326] 0x000000300000-0x000000400000 : "NAND simulator partition 3"
[    7.360753] 0x000000400000-0x000000500000 : "NAND simulator partition 4"
[    7.362150] 0x000000500000-0x000000600000 : "NAND simulator partition 5"
[    7.363553] 0x000000600000-0x000000700000 : "NAND simulator partition 6"
[    7.365167] 0x000000700000-0x000000800000 : "NAND simulator partition 7"
[    7.366704] 0x000000800000-0x000000900000 : "NAND simulator partition 8"
[    7.368078] 0x000000900000-0x000000a00000 : "NAND simulator partition 9"
[    7.369451] 0x000000a00000-0x000008000000 : "NAND simulator partition 10"
[    7.375252] tun: Universal TUN/TAP device driver, 1.6
[    7.375407] tun: (C) 1999-2004 Max Krasnyansky <maxk@qualcomm.com>
[    8.996300] PPP generic driver version 2.4.2
[    8.997100] PPP BSD Compression module registered
[    8.997280] PPP Deflate Compression module registered
[    8.997523] PPP MPPE Compression module registered
[    8.997673] NET: Registered protocol family 24
[    8.998026] PPTP driver version 0.8.5
[    9.264135] cfg80211: Calling CRDA to update world regulatory domain
[    9.265144] usbcore: registered new interface driver usb-storage
[    9.268781] rtc-pl031 9010000.pl031: rtc core: registered pl031 as rtc0
[    9.269553] hidraw: raw HID events driver (C) Jiri Kosina
[    9.270131] usbcore: registered new interface driver usbhid
[    9.270263] usbhid: USB HID core driver
[    9.270736] Netfilter messages via NETLINK v0.30.
[    9.271410] nf_conntrack version 0.5.0 (3958 buckets, 15832 max)
[    9.272860] ctnetlink v0.93: registering with nfnetlink.
[    9.274331] ipip: IPv4 over IPv4 tunneling driver
[    9.276660] gre: GRE over IPv4 demultiplexor driver
[    9.276827] ip_gre: GRE over IPv4 tunneling driver
[    9.281452] ip_tables: (C) 2000-2006 Netfilter Core Team
[    9.283178] arp_tables: (C) 2002 David S. Miller
[    9.284252] Initializing XFRM netlink socket
[    9.284783] NET: Registered protocol family 10
[    9.292158] ip6_tables: (C) 2000-2006 Netfilter Core Team
[    9.293935] sit: IPv6 over IPv4 tunneling driver
[    9.297938] NET: Registered protocol family 17
[    9.298597] bridge: automatic filtering via arp/ip/ip6tables has been deprecated. Update your scripts to load br_netfilter if you need this.
[    9.298942] Bridge firewalling registered
[    9.299083] Ebtables v2.0 registered
[    9.300342] 8021q: 802.1Q VLAN Support v1.8
[    9.300999] Registering SWP/SWPB emulation handler
[    9.303894] rtc-pl031 9010000.pl031: setting system clock to 2018-07-19 15:04:43 UTC (1532012683)
[    9.315239] EXT4-fs (vda1): couldn't mount as ext3 due to feature incompatibilities
[    9.317333] EXT4-fs (vda1): mounting ext2 file system using the ext4 subsystem
[   11.185705] EXT4-fs (vda1): mounted filesystem without journal. Opts: (null)
[   11.187000] VFS: Mounted root (ext2 filesystem) on device 254:1.
[   11.205397] Freeing unused kernel memory: 180K (c05c7000 - c05f4000)
[   12.888031] cfg80211: Calling CRDA to update world regulatory domain
[   13.695652] firmadyne: sys_reboot[PID: 54 (init)]: magic1:fee1dead, magic2:28121969, cmd:0
[   14.925062] firmadyne: sys_socket[PID: 1 (init)]: family:1, type:2, protocol:0
[   14.936056] firmadyne: sys_socket[PID: 55 (init)]: family:1, type:2, protocol:0
[   16.362322] cfg80211: Calling CRDA to update world regulatory domain
[   19.775026] cfg80211: Calling CRDA to update world regulatory domain
[   21.819316] firmadyne: sys_socket[PID: 64 (telnetd)]: family:2, type:1, protocol:0
[   21.822199] firmadyne: sys_setsockopt[PID: 64 (telnetd)]: fd:3, level:1, optname:2
[   21.823015] firmadyne: inet_bind[PID: 64 (telnetd)]: proto:SOCK_STREAM, port:23
[   23.384550] cfg80211: Calling CRDA to update world regulatory domain
Using /lib/modules/mvKernelExt.ko
insmod: kernel-module version mismatch
	/lib/modules/mvKernelExt.ko was compiled for kernel version 
	while this kernel is version 4.1.17+.
[   27.634652] cfg80211: Calling CRDA to update world regulatory domain
Using /lib/modules/mvPpDrv.ko
insmod: kernel-module version mismatch
	/lib/modules/mvPpDrv.ko was compiled for kernel version 
	while this kernel is version 4.1.17+.
Fri May 23 14:32:00 UTC 2008
[   29.351225] firmadyne: sys_socket[PID: 72 (ifconfig)]: family:2, type:2, protocol:0
[   29.353206] firmadyne: __inet_insert_ifa[PID: 72 (ifconfig)]: device:lo ifa:0x0100007f
[   29.358542] firmadyne: __inet_insert_ifa[PID: 72 (ifconfig)]: device:lo ifa:0x0100007f
[   31.168685] cfg80211: Calling CRDA to update world regulatory domain




Linux MARVELL_LINUX 4.1.17+ #1 Thu Feb 18 01:05:21 UTC 2016


Welcome to Embedded Linux
           _  _
          | ||_|
          | | _ ____  _   _  _  _ 
          | || |  _ \| | | |\ \/ /
          | || | | | | |_| |/    \
          |_||_|_| |_|\____|\_/\_/

          On Marvell's ARM board

For further information on the Marvell products check:
http://www.marvell.com/

toochain=gnueabi

Enjoy!

[   34.367637] cfg80211: Calling CRDA to update world regulatory domain


BusyBox v1.01 (2008.10.02-12:33+0000) Built-in shell (ash)
Enter 'help' for a list of built-in commands.

/ # [   37.516893] cfg80211: Calling CRDA to update world regulatory domain
[   40.667602] cfg80211: Exceeded CRDA call max attempts. Not calling CRDA
Starting firmware emulation... use Ctrl-a + x to exit
qemu-system-arm: terminating on signal 2 from pid 167505 (timeout)
[    0.000000] Booting Linux on physical CPU 0x0
[    0.000000] Linux version 4.1.17+ (vagrant@vagrant-ubuntu-trusty-64) (gcc version 5.3.0 (GCC) ) #1 Thu Feb 18 01:05:21 UTC 2016
[    0.000000] CPU: ARMv7 Processor [412fc0f1] revision 1 (ARMv7), cr=10c5387d
[    0.000000] CPU: PIPT / VIPT nonaliasing data cache, PIPT instruction cache
[    0.000000] Machine model: linux,dummy-virt
[    0.000000] debug: ignoring loglevel setting.
[    0.000000] Memory policy: Data cache writeback
[    0.000000] On node 0 totalpages: 65536
[    0.000000] free_area_init_node: node 0, pgdat c061dfe8, node_mem_map cfdf9000
[    0.000000]   Normal zone: 512 pages used for memmap
[    0.000000]   Normal zone: 0 pages reserved
[    0.000000]   Normal zone: 65536 pages, LIFO batch:15
[    0.000000] psci: probing for conduit method from DT.
[    0.000000] psci: PSCIv0.2 detected in firmware.
[    0.000000] psci: Using standard PSCI v0.2 function IDs
[    0.000000] CPU: All CPU(s) started in SVC mode.
[    0.000000] pcpu-alloc: s0 r0 d32768 u32768 alloc=1*32768
[    0.000000] pcpu-alloc: [0] 0 
[    0.000000] Built 1 zonelists in Zone order, mobility grouping on.  Total pages: 65024
[    0.000000] Kernel command line: root=/dev/vda1 console=ttyS0 nandsim.parts=64,64,64,64,64,64,64,64,64,64 rdinit=/firmadyne/preInit.sh rw debug ignore_loglevel print-fatal-signals=1 user_debug=31 firmadyne.syscall=0
[    0.000000] PID hash table entries: 1024 (order: 0, 4096 bytes)
[    0.000000] Dentry cache hash table entries: 32768 (order: 5, 131072 bytes)
[    0.000000] Inode-cache hash table entries: 16384 (order: 4, 65536 bytes)
[    0.000000] Memory: 253340K/262144K available (4297K kernel code, 170K rwdata, 1584K rodata, 180K init, 148K bss, 8804K reserved, 0K cma-reserved)
[    0.000000] Virtual kernel memory layout:
[    0.000000]     vector  : 0xffff0000 - 0xffff1000   (   4 kB)
[    0.000000]     fixmap  : 0xffc00000 - 0xfff00000   (3072 kB)
[    0.000000]     vmalloc : 0xd0800000 - 0xff000000   ( 744 MB)
[    0.000000]     lowmem  : 0xc0000000 - 0xd0000000   ( 256 MB)
[    0.000000]     modules : 0xbf000000 - 0xc0000000   (  16 MB)
[    0.000000]       .text : 0xc0008000 - 0xc05c67bc   (5882 kB)
[    0.000000]       .init : 0xc05c7000 - 0xc05f4000   ( 180 kB)
[    0.000000]       .data : 0xc05f4000 - 0xc061e840   ( 171 kB)
[    0.000000]        .bss : 0xc0621000 - 0xc06462d4   ( 149 kB)
[    0.000000] NR_IRQS:16 nr_irqs:16 16
[    0.000000] Architected cp15 timer(s) running at 62.50MHz (virt).
[    0.000000] clocksource arch_sys_counter: mask: 0xffffffffffffff max_cycles: 0x1cd42e208c, max_idle_ns: 881590405314 ns
[    0.000163] sched_clock: 56 bits at 62MHz, resolution 16ns, wraps every 4398046511096ns
[    0.000312] Switching to timer-based delay loop, resolution 16ns
[    0.005659] Console: colour dummy device 80x30
[    0.006020] Calibrating delay loop (skipped), value calculated using timer frequency.. 125.00 BogoMIPS (lpj=625000)
[    0.006147] pid_max: default: 32768 minimum: 301
[    0.007081] Mount-cache hash table entries: 1024 (order: 0, 4096 bytes)
[    0.007117] Mountpoint-cache hash table entries: 1024 (order: 0, 4096 bytes)
[    0.014831] CPU: Testing write buffer coherency: ok
[    0.021047] Setting up static identity map for 0x40008240 - 0x40008298
[    0.037133] VFP support v0.3: implementor 41 architecture 4 part 30 variant f rev 0
[    0.137819] clocksource jiffies: mask: 0xffffffff max_cycles: 0xffffffff, max_idle_ns: 19112604462750000 ns
[    0.147319] NET: Registered protocol family 16
[    0.150756] DMA: preallocated 256 KiB pool for atomic coherent allocations
[    0.155271] cpuidle: using governor ladder
[    0.155467] cpuidle: using governor menu
[    0.177048] Serial: AMBA PL011 UART driver
[    0.883045] 9000000.pl011: ttyS0 at MMIO 0x9000000 (irq = 54, base_baud = 0) is a PL011 rev1
[    0.890665] console [ttyS0] enabled
[    0.914455] vgaarb: loaded
[    0.916138] SCSI subsystem initialized
[    0.917222] usbcore: registered new interface driver usbfs
[    0.917609] usbcore: registered new interface driver hub
[    0.917971] usbcore: registered new device driver usb
[    0.927629] cfg80211: Calling CRDA to update world regulatory domain
[    0.930032] Switched to clocksource arch_sys_counter
[    0.948470] NET: Registered protocol family 2
[    0.953982] TCP established hash table entries: 2048 (order: 1, 8192 bytes)
[    0.954270] TCP bind hash table entries: 2048 (order: 1, 8192 bytes)
[    0.954582] TCP: Hash tables configured (established 2048 bind 2048)
[    0.955131] UDP hash table entries: 256 (order: 0, 4096 bytes)
[    0.955400] UDP-Lite hash table entries: 256 (order: 0, 4096 bytes)
[    0.956879] NET: Registered protocol family 1
[    0.957345] PCI: CLS 0 bytes, default 64
[    1.374146] NetWinder Floating Point Emulator V0.97 (extended precision)
[    1.376948] futex hash table entries: 256 (order: -1, 3072 bytes)
[    1.382724] squashfs: version 4.0 (2009/01/31) Phillip Lougher
[    1.384205] jffs2: version 2.2. (NAND) © 2001-2006 Red Hat, Inc.
[    1.385013] romfs: ROMFS MTD (C) 2007 Red Hat, Inc.
[    1.394152] Block layer SCSI generic (bsg) driver version 0.4 loaded (major 253)
[    1.394541] io scheduler noop registered
[    1.394788] io scheduler cfq registered (default)
[    1.395506] firmadyne: devfs: 1, execute: 1, procfs: 1, syscall: 0
[    1.396875] ------------[ cut here ]------------
[    1.397078] WARNING: CPU: 0 PID: 1 at /home/vagrant/firmadyne-kernel/kernel-v4.1/fs/sysfs/dir.c:31 sysfs_warn_dup+0x50/0x6c()
[    1.397302] sysfs: cannot create duplicate filename '/class/gpio'
[    1.397480] Modules linked in:
[    1.397797] CPU: 0 PID: 1 Comm: swapper Not tainted 4.1.17+ #1
[    1.397958] Hardware name: Generic DT based system
[    1.398656] [<c001c99c>] (unwind_backtrace) from [<c0019d30>] (show_stack+0x10/0x14)
[    1.398969] [<c0019d30>] (show_stack) from [<c0024ab4>] (warn_slowpath_common+0x80/0xa8)
[    1.399173] [<c0024ab4>] (warn_slowpath_common) from [<c0024b08>] (warn_slowpath_fmt+0x2c/0x3c)
[    1.399424] [<c0024b08>] (warn_slowpath_fmt) from [<c00e363c>] (sysfs_warn_dup+0x50/0x6c)
[    1.399609] [<c00e363c>] (sysfs_warn_dup) from [<c00e3714>] (sysfs_create_dir_ns+0x74/0x84)
[    1.400008] [<c00e3714>] (sysfs_create_dir_ns) from [<c018e6ac>] (kobject_add_internal+0xb8/0x2ac)
[    1.400209] [<c018e6ac>] (kobject_add_internal) from [<c018e9a8>] (kset_register+0x1c/0x44)
[    1.400394] [<c018e9a8>] (kset_register) from [<c02090b4>] (__class_register+0xa8/0x198)
[    1.400574] [<c02090b4>] (__class_register) from [<c02091e4>] (__class_create+0x40/0x70)
[    1.400752] [<c02091e4>] (__class_create) from [<c01adf68>] (register_devfs_stubs+0x314/0xbb4)
[    1.400938] [<c01adf68>] (register_devfs_stubs) from [<c05d9b08>] (init_module+0x28/0xa4)
[    1.401156] [<c05d9b08>] (init_module) from [<c0009670>] (do_one_initcall+0x104/0x1b4)
[    1.401335] [<c0009670>] (do_one_initcall) from [<c05c7d08>] (kernel_init_freeable+0xf0/0x1b0)
[    1.401526] [<c05c7d08>] (kernel_init_freeable) from [<c040f28c>] (kernel_init+0x8/0xe4)
[    1.401700] [<c040f28c>] (kernel_init) from [<c0016da8>] (ret_from_fork+0x14/0x2c)
[    1.401966] ---[ end trace 9d908fe30c9ede51 ]---
[    1.402169] ------------[ cut here ]------------
[    1.402287] WARNING: CPU: 0 PID: 1 at /home/vagrant/firmadyne-kernel/kernel-v4.1/lib/kobject.c:240 kobject_add_internal+0x240/0x2ac()
[    1.402509] kobject_add_internal failed for gpio with -EEXIST, don't try to register things with the same name in the same directory.
[    1.402725] Modules linked in:
[    1.402896] CPU: 0 PID: 1 Comm: swapper Tainted: G        W       4.1.17+ #1
[    1.403051] Hardware name: Generic DT based system
[    1.403175] [<c001c99c>] (unwind_backtrace) from [<c0019d30>] (show_stack+0x10/0x14)
[    1.403399] [<c0019d30>] (show_stack) from [<c0024ab4>] (warn_slowpath_common+0x80/0xa8)
[    1.403576] [<c0024ab4>] (warn_slowpath_common) from [<c0024b08>] (warn_slowpath_fmt+0x2c/0x3c)
[    1.403760] [<c0024b08>] (warn_slowpath_fmt) from [<c018e834>] (kobject_add_internal+0x240/0x2ac)
[    1.403975] [<c018e834>] (kobject_add_internal) from [<c018e9a8>] (kset_register+0x1c/0x44)
[    1.404145] [<c018e9a8>] (kset_register) from [<c02090b4>] (__class_register+0xa8/0x198)
[    1.404313] [<c02090b4>] (__class_register) from [<c02091e4>] (__class_create+0x40/0x70)
[    1.404500] [<c02091e4>] (__class_create) from [<c01adf68>] (register_devfs_stubs+0x314/0xbb4)
[    1.404685] [<c01adf68>] (register_devfs_stubs) from [<c05d9b08>] (init_module+0x28/0xa4)
[    1.404862] [<c05d9b08>] (init_module) from [<c0009670>] (do_one_initcall+0x104/0x1b4)
[    1.405048] [<c0009670>] (do_one_initcall) from [<c05c7d08>] (kernel_init_freeable+0xf0/0x1b0)
[    1.405222] [<c05c7d08>] (kernel_init_freeable) from [<c040f28c>] (kernel_init+0x8/0xe4)
[    1.405402] [<c040f28c>] (kernel_init) from [<c0016da8>] (ret_from_fork+0x14/0x2c)
[    1.405581] ---[ end trace 9d908fe30c9ede52 ]---
[    1.405754] firmadyne: Cannot create device class: gpio!
[    1.407607] firmadyne: Cannot register character device: watchdog, 0xa, 0x82!
[    1.407797] firmadyne: Cannot register character device: wdt, 0xfd, 0x0!
[    1.494310] PCI host bridge /pcie@10000000 ranges:
[    1.494885]    IO 0x3eff0000..0x3effffff -> 0x00000000
[    1.495249]   MEM 0x10000000..0x3efeffff -> 0x10000000
[    1.495393]   MEM 0x8000000000..0xffffffffff -> 0x8000000000
[    1.496093] pci-host-generic 3f000000.pcie: resource collision: [mem 0x00000000-0xffffffff] conflicts with /pl011@9000000 [mem 0x09000000-0x09000fff]
[    1.496811] pci-host-generic: probe of 3f000000.pcie failed with error -16
[    1.508412] Non-volatile memory driver v1.3
[    1.649092] brd: module loaded
[    1.659656] loop: module loaded
[    1.675517]  vda: vda1
[    1.688079] 0.flash: Found 2 x16 devices at 0x0 in 32-bit bank. Manufacturer ID 0x000000 Chip ID 0x000000
[    1.688761] Intel/Sharp Extended Query Table at 0x0031
[    1.690098] Using buffer write method
[    1.690526] erase region 0: offset=0x0,size=0x40000,blocks=256
[    1.697981] 0.flash: Found 2 x16 devices at 0x0 in 32-bit bank. Manufacturer ID 0x000000 Chip ID 0x000000
[    1.698230] Intel/Sharp Extended Query Table at 0x0031
[    1.699066] Using buffer write method
[    1.699213] erase region 0: offset=0x0,size=0x40000,blocks=256
[    1.699447] Concatenating MTD devices:
[    1.699556] (0): "0.flash"
[    1.699634] (1): "0.flash"
[    1.699891] into device "0.flash"
[    1.713169] [nandsim] warning: read_byte: unexpected data output cycle, state is STATE_READY return 0x0
[    1.713458] [nandsim] warning: read_byte: unexpected data output cycle, state is STATE_READY return 0x0
[    1.713639] [nandsim] warning: read_byte: unexpected data output cycle, state is STATE_READY return 0x0
[    1.713813] [nandsim] warning: read_byte: unexpected data output cycle, state is STATE_READY return 0x0
[    1.713994] [nandsim] warning: read_byte: unexpected data output cycle, state is STATE_READY return 0x0
[    1.714174] [nandsim] warning: read_byte: unexpected data output cycle, state is STATE_READY return 0x0
[    1.714633] nand: device found, Manufacturer ID: 0x98, Chip ID: 0x39
[    1.714784] nand: Toshiba NAND 128MiB 1,8V 8-bit
[    1.714922] nand: 128 MiB, SLC, erase size: 16 KiB, page size: 512, OOB size: 16
[    1.715867] flash size: 128 MiB
[    1.715957] page size: 512 bytes
[    1.716036] OOB area size: 16 bytes
[    1.716119] sector size: 16 KiB
[    1.716195] pages number: 262144
[    1.716271] pages per sector: 32
[    1.716347] bus width: 8
[    1.716418] bits in sector size: 14
[    1.716499] bits in page size: 9
[    1.716578] bits in OOB size: 4
[    1.716659] flash size with OOB: 135168 KiB
[    1.716751] page address bytes: 4
[    1.716828] sector address bytes: 3
[    1.716909] options: 0x42
[    1.721567] Scanning device for bad blocks
[    1.833110] firmadyne: do_execve: /firmadyne/console
[    1.833338] OFFSETS: offset of pid: 0x190 offset of comm: 0x270
[    1.833843] Creating 11 MTD partitions on "NAND 128MiB 1,8V 8-bit":
[    1.834262] 0x000000000000-0x000000100000 : "NAND simulator partition 0"
[    1.836506] 0x000000100000-0x000000200000 : "NAND simulator partition 1"
[    1.837939] 0x000000200000-0x000000300000 : "NAND simulator partition 2"
[    1.839337] 0x000000300000-0x000000400000 : "NAND simulator partition 3"
[    1.840950] 0x000000400000-0x000000500000 : "NAND simulator partition 4"
[    1.842328] 0x000000500000-0x000000600000 : "NAND simulator partition 5"
[    1.843768] 0x000000600000-0x000000700000 : "NAND simulator partition 6"
[    1.845417] 0x000000700000-0x000000800000 : "NAND simulator partition 7"
[    1.846774] 0x000000800000-0x000000900000 : "NAND simulator partition 8"
[    1.848159] 0x000000900000-0x000000a00000 : "NAND simulator partition 9"
[    1.849542] 0x000000a00000-0x000008000000 : "NAND simulator partition 10"
[    1.855459] tun: Universal TUN/TAP device driver, 1.6
[    1.855619] tun: (C) 1999-2004 Max Krasnyansky <maxk@qualcomm.com>
[    1.904240] PPP generic driver version 2.4.2
[    1.905013] PPP BSD Compression module registered
[    1.905203] PPP Deflate Compression module registered
[    1.905446] PPP MPPE Compression module registered
[    1.905586] NET: Registered protocol family 24
[    1.905912] PPTP driver version 0.8.5
[    1.907612] usbcore: registered new interface driver usb-storage
[    1.911155] rtc-pl031 9010000.pl031: rtc core: registered pl031 as rtc0
[    1.911953] hidraw: raw HID events driver (C) Jiri Kosina
[    1.912550] usbcore: registered new interface driver usbhid
[    1.917283] usbhid: USB HID core driver
[    1.917805] Netfilter messages via NETLINK v0.30.
[    1.918491] nf_conntrack version 0.5.0 (3958 buckets, 15832 max)
[    1.920157] ctnetlink v0.93: registering with nfnetlink.
[    1.921615] ipip: IPv4 over IPv4 tunneling driver
[    1.923814] gre: GRE over IPv4 demultiplexor driver
[    1.923981] ip_gre: GRE over IPv4 tunneling driver
[    1.928697] ip_tables: (C) 2000-2006 Netfilter Core Team
[    1.930635] arp_tables: (C) 2002 David S. Miller
[    1.931740] Initializing XFRM netlink socket
[    1.932304] NET: Registered protocol family 10
[    1.939560] ip6_tables: (C) 2000-2006 Netfilter Core Team
[    1.941543] sit: IPv6 over IPv4 tunneling driver
[    1.945565] NET: Registered protocol family 17
[    1.946278] bridge: automatic filtering via arp/ip/ip6tables has been deprecated. Update your scripts to load br_netfilter if you need this.
[    1.946666] Bridge firewalling registered
[    1.946834] Ebtables v2.0 registered
[    1.948078] 8021q: 802.1Q VLAN Support v1.8
[    1.948726] Registering SWP/SWPB emulation handler
[    1.951693] rtc-pl031 9010000.pl031: setting system clock to 2018-07-19 15:05:31 UTC (1532012731)
[    1.962204] EXT4-fs (vda1): couldn't mount as ext3 due to feature incompatibilities
[    1.964421] EXT4-fs (vda1): mounting ext2 file system using the ext4 subsystem
[    3.224643] EXT4-fs (vda1): warning: mounting unchecked fs, running e2fsck is recommended
[    3.227856] EXT4-fs (vda1): mounted filesystem without journal. Opts: (null)
[    3.228984] VFS: Mounted root (ext2 filesystem) on device 254:1.
[    3.247682] Freeing unused kernel memory: 180K (c05c7000 - c05f4000)
[    5.003315] cfg80211: Calling CRDA to update world regulatory domain
[    5.717086] firmadyne: sys_reboot[PID: 54 (init)]: magic1:fee1dead, magic2:28121969, cmd:0
[    8.166657] cfg80211: Calling CRDA to update world regulatory domain
Using /lib/modules/mvKernelExt.ko
insmod: kernel-module version mismatch
	/lib/modules/mvKernelExt.ko was compiled for kernel version 
	while this kernel is version 4.1.17+.
Using /lib/modules/mvPpDrv.ko
insmod: kernel-module version mismatch
	/lib/modules/mvPpDrv.ko was compiled for kernel version 
	while this kernel is version 4.1.17+.
Fri May 23 14:32:00 UTC 2008




Linux MARVELL_LINUX 4.1.17+ #1 Thu Feb 18 01:05:21 UTC 2016


Welcome to Embedded Linux
           _  _
          | ||_|
          | | _ ____  _   _  _  _ 
          | || |  _ \| | | |\ \/ /
          | || | | | | |_| |/    \
          |_||_|_| |_|\____|\_/\_/

          On Marvell's ARM board

For further information on the Marvell products check:
http://www.marvell.com/

toochain=gnueabi

Enjoy!



BusyBox v1.01 (2008.10.02-12:33+0000) Built-in shell (ash)
Enter 'help' for a list of built-in commands.

[   11.320688] cfg80211: Calling CRDA to update world regulatory domain
/ # [   14.470846] cfg80211: Calling CRDA to update world regulatory domain
[   17.621260] cfg80211: Calling CRDA to update world regulatory domain
[   20.770874] cfg80211: Calling CRDA to update world regulatory domain
[   23.920010] cfg80211: Calling CRDA to update world regulatory domain
[   27.071403] cfg80211: Calling CRDA to update world regulatory domain
[   30.220594] cfg80211: Calling CRDA to update world regulatory domain
[   33.370741] cfg80211: Calling CRDA to update world regulatory domain
[   36.522887] cfg80211: Exceeded CRDA call max attempts. Not calling CRDA
