>> Database Image ID: 43

/home/zhumengfan/firmware/firmwares/1fce213b556639cedf7b7c59d0737d5e88742f31.ZIP
>> MD5: f6333c837ba5c21843b3e1181eba20a8
>> Tag: 43
>> Temp: /tmp/tmpqsgB0t
>> Status: Kernel: True, Rootfs: False, Do_Kernel: False,                 Do_Rootfs: True
>>>> Zip archive data, at least v2.0 to extract, compressed size: 8853530, uncompressed size: 8890800, name: R2.00.015/DGS-1500-52 FW R2.00.015.hex
>> Recursing into archive ...
	
/tmp/tmpqsgB0t/_1fce213b556639cedf7b7c59d0737d5e88742f31.ZIP.extracted/R2.00.015/DGS-1500-52 FW R2.00.015.hex
	>> MD5: ae1257ee01f0a8ea05875fb3105010d9
	>> Tag: 43
	>> Temp: /tmp/tmpB3OHPz
	>> Status: Kernel: True, Rootfs: False, Do_Kernel: False,                 Do_Rootfs: True
	>>>> Squashfs filesystem, little endian, version 3.1, size: 7606833 bytes, 217 inodes, blocksize: 131072 bytes, created: 2012-06-15 08:40:21
	>>>> Found Linux filesystem in /tmp/tmpB3OHPz/_DGS-1500-52 FW R2.00.015.hex.extracted/squashfs-root!
	>> Skipping: completed!
	>> Cleaning up /tmp/tmpB3OHPz...
>> Skipping: completed!
>> Cleaning up /tmp/tmpqsgB0t...
./bin/busybox: armel
Querying database for architecture... armel
----Running----
----Copying Filesystem Tarball----
----Creating QEMU Image----
Formatting '/home/zhumengfan/firmadyne//scratch//43//image.raw', fmt=raw size=1073741824
----Creating Partition Table----

Welcome to fdisk (util-linux 2.27.1).
Changes will remain in memory only, until you decide to write them.
Be careful before using the write command.

Device does not contain a recognized partition table.
Created a new DOS disklabel with disk identifier 0x50c9302e.

Command (m for help): Created a new DOS disklabel with disk identifier 0xfd5dfa4f.

Command (m for help): Partition type
   p   primary (0 primary, 0 extended, 4 free)
   e   extended (container for logical partitions)
Select (default p): Partition number (1-4, default 1): First sector (2048-2097151, default 2048): Last sector, +sectors or +size{K,M,G,T,P} (2048-2097151, default 2097151): 
Created a new partition 1 of type 'Linux' and of size 1023 MiB.

Command (m for help): The partition table has been altered.
Syncing disks.

----Mounting QEMU Image----
add map loop0p1 (252:0): 0 2095104 linear 7:0 2048
----Creating Filesystem----
mke2fs 1.42.13 (17-May-2015)
Discarding device blocks:   4096/261888             done                            
Creating filesystem with 261888 4k blocks and 65536 inodes
Filesystem UUID: 6a8a18aa-cb47-4306-9e80-95e070549773
Superblock backups stored on blocks: 
	32768, 98304, 163840, 229376

Allocating group tables: 0/8   done                            
Writing inode tables: 0/8   done                            
Writing superblocks and filesystem accounting information: 0/8   done

----Making QEMU Image Mountpoint----
----Mounting QEMU Image Partition 1----
----Extracting Filesystem Tarball----
----Creating FIRMADYNE Directories----
----Patching Filesystem (chroot)----
Creating /etc/TZ!
Creating /etc/hosts!
Warning: Recreating device nodes!
mkdir: can't create directory '/dev/mtd': No such file or directory
mknod: /dev/mtd/0: No such file or directory
mknod: /dev/mtd/1: No such file or directory
mknod: /dev/mtd/2: No such file or directory
mknod: /dev/mtd/3: No such file or directory
mknod: /dev/mtd/4: No such file or directory
mknod: /dev/mtd/5: No such file or directory
mknod: /dev/mtd/6: No such file or directory
mknod: /dev/mtd/7: No such file or directory
mknod: /dev/mtd/8: No such file or directory
mknod: /dev/mtd/9: No such file or directory
mknod: /dev/mtd/10: No such file or directory
Removing /etc/scripts/sys_resetbutton!
----Setting up FIRMADYNE----
----Unmounting QEMU Image----
loop deleted : /dev/loop0
Querying database for architecture... armel
Running firmware 43: terminating after 60 secs...
qemu-system-arm: terminating on signal 2 from pid 82461 (timeout)
Inferring network...
Interfaces: []
Done!
[    0.000000] Booting Linux on physical CPU 0x0
[    0.000000] Linux version 4.1.17+ (vagrant@vagrant-ubuntu-trusty-64) (gcc version 5.3.0 (GCC) ) #1 Thu Feb 18 01:05:21 UTC 2016
[    0.000000] CPU: ARMv7 Processor [412fc0f1] revision 1 (ARMv7), cr=10c5387d
[    0.000000] CPU: PIPT / VIPT nonaliasing data cache, PIPT instruction cache
[    0.000000] Machine model: linux,dummy-virt
[    0.000000] debug: ignoring loglevel setting.
[    0.000000] Memory policy: Data cache writeback
[    0.000000] On node 0 totalpages: 65536
[    0.000000] free_area_init_node: node 0, pgdat c061dfe8, node_mem_map cfdf9000
[    0.000000]   Normal zone: 512 pages used for memmap
[    0.000000]   Normal zone: 0 pages reserved
[    0.000000]   Normal zone: 65536 pages, LIFO batch:15
[    0.000000] psci: probing for conduit method from DT.
[    0.000000] psci: PSCIv0.2 detected in firmware.
[    0.000000] psci: Using standard PSCI v0.2 function IDs
[    0.000000] CPU: All CPU(s) started in SVC mode.
[    0.000000] pcpu-alloc: s0 r0 d32768 u32768 alloc=1*32768
[    0.000000] pcpu-alloc: [0] 0 
[    0.000000] Built 1 zonelists in Zone order, mobility grouping on.  Total pages: 65024
[    0.000000] Kernel command line: firmadyne.syscall=1 root=/dev/vda1 console=ttyS0 nandsim.parts=64,64,64,64,64,64,64,64,64,64 rdinit=/firmadyne/preInit.sh rw debug ignore_loglevel print-fatal-signals=1 user_debug=31
[    0.000000] PID hash table entries: 1024 (order: 0, 4096 bytes)
[    0.000000] Dentry cache hash table entries: 32768 (order: 5, 131072 bytes)
[    0.000000] Inode-cache hash table entries: 16384 (order: 4, 65536 bytes)
[    0.000000] Memory: 253340K/262144K available (4297K kernel code, 170K rwdata, 1584K rodata, 180K init, 148K bss, 8804K reserved, 0K cma-reserved)
[    0.000000] Virtual kernel memory layout:
[    0.000000]     vector  : 0xffff0000 - 0xffff1000   (   4 kB)
[    0.000000]     fixmap  : 0xffc00000 - 0xfff00000   (3072 kB)
[    0.000000]     vmalloc : 0xd0800000 - 0xff000000   ( 744 MB)
[    0.000000]     lowmem  : 0xc0000000 - 0xd0000000   ( 256 MB)
[    0.000000]     modules : 0xbf000000 - 0xc0000000   (  16 MB)
[    0.000000]       .text : 0xc0008000 - 0xc05c67bc   (5882 kB)
[    0.000000]       .init : 0xc05c7000 - 0xc05f4000   ( 180 kB)
[    0.000000]       .data : 0xc05f4000 - 0xc061e840   ( 171 kB)
[    0.000000]        .bss : 0xc0621000 - 0xc06462d4   ( 149 kB)
[    0.000000] NR_IRQS:16 nr_irqs:16 16
[    0.000000] Architected cp15 timer(s) running at 62.50MHz (virt).
[    0.000000] clocksource arch_sys_counter: mask: 0xffffffffffffff max_cycles: 0x1cd42e208c, max_idle_ns: 881590405314 ns
[    0.000182] sched_clock: 56 bits at 62MHz, resolution 16ns, wraps every 4398046511096ns
[    0.000329] Switching to timer-based delay loop, resolution 16ns
[    0.003601] Console: colour dummy device 80x30
[    0.003999] Calibrating delay loop (skipped), value calculated using timer frequency.. 125.00 BogoMIPS (lpj=625000)
[    0.004148] pid_max: default: 32768 minimum: 301
[    0.005147] Mount-cache hash table entries: 1024 (order: 0, 4096 bytes)
[    0.005188] Mountpoint-cache hash table entries: 1024 (order: 0, 4096 bytes)
[    0.014808] CPU: Testing write buffer coherency: ok
[    0.021403] Setting up static identity map for 0x40008240 - 0x40008298
[    0.547711] VFP support v0.3: implementor 41 architecture 4 part 30 variant f rev 0
[    0.559935] clocksource jiffies: mask: 0xffffffff max_cycles: 0xffffffff, max_idle_ns: 19112604462750000 ns
[    0.569368] NET: Registered protocol family 16
[    0.572665] DMA: preallocated 256 KiB pool for atomic coherent allocations
[    0.576962] cpuidle: using governor ladder
[    0.577127] cpuidle: using governor menu
[    1.979529] Serial: AMBA PL011 UART driver
[    1.981862] 9000000.pl011: ttyS0 at MMIO 0x9000000 (irq = 54, base_baud = 0) is a PL011 rev1
[    1.989631] console [ttyS0] enabled
[    2.013137] vgaarb: loaded
[    2.014944] SCSI subsystem initialized
[    2.016055] usbcore: registered new interface driver usbfs
[    2.016420] usbcore: registered new interface driver hub
[    2.016778] usbcore: registered new device driver usb
[    2.026410] cfg80211: Calling CRDA to update world regulatory domain
[    2.028875] Switched to clocksource arch_sys_counter
[    2.048007] NET: Registered protocol family 2
[    2.819071] TCP established hash table entries: 2048 (order: 1, 8192 bytes)
[    2.819361] TCP bind hash table entries: 2048 (order: 1, 8192 bytes)
[    2.819710] TCP: Hash tables configured (established 2048 bind 2048)
[    2.820302] UDP hash table entries: 256 (order: 0, 4096 bytes)
[    2.820574] UDP-Lite hash table entries: 256 (order: 0, 4096 bytes)
[    2.822100] NET: Registered protocol family 1
[    2.822557] PCI: CLS 0 bytes, default 64
[    2.830215] NetWinder Floating Point Emulator V0.97 (extended precision)
[    2.833063] futex hash table entries: 256 (order: -1, 3072 bytes)
[    2.838984] squashfs: version 4.0 (2009/01/31) Phillip Lougher
[    2.840500] jffs2: version 2.2. (NAND) © 2001-2006 Red Hat, Inc.
[    2.841316] romfs: ROMFS MTD (C) 2007 Red Hat, Inc.
[    2.850753] Block layer SCSI generic (bsg) driver version 0.4 loaded (major 253)
[    2.851108] io scheduler noop registered
[    2.851348] io scheduler cfq registered (default)
[    2.852023] firmadyne: devfs: 1, execute: 1, procfs: 1, syscall: 1
[    2.853362] ------------[ cut here ]------------
[    2.853591] WARNING: CPU: 0 PID: 1 at /home/vagrant/firmadyne-kernel/kernel-v4.1/fs/sysfs/dir.c:31 sysfs_warn_dup+0x50/0x6c()
[    2.853844] sysfs: cannot create duplicate filename '/class/gpio'
[    2.854004] Modules linked in:
[    2.854317] CPU: 0 PID: 1 Comm: swapper Not tainted 4.1.17+ #1
[    2.854465] Hardware name: Generic DT based system
[    2.855182] [<c001c99c>] (unwind_backtrace) from [<c0019d30>] (show_stack+0x10/0x14)
[    2.855457] [<c0019d30>] (show_stack) from [<c0024ab4>] (warn_slowpath_common+0x80/0xa8)
[    2.855655] [<c0024ab4>] (warn_slowpath_common) from [<c0024b08>] (warn_slowpath_fmt+0x2c/0x3c)
[    2.855897] [<c0024b08>] (warn_slowpath_fmt) from [<c00e363c>] (sysfs_warn_dup+0x50/0x6c)
[    2.856073] [<c00e363c>] (sysfs_warn_dup) from [<c00e3714>] (sysfs_create_dir_ns+0x74/0x84)
[    2.856251] [<c00e3714>] (sysfs_create_dir_ns) from [<c018e6ac>] (kobject_add_internal+0xb8/0x2ac)
[    2.856436] [<c018e6ac>] (kobject_add_internal) from [<c018e9a8>] (kset_register+0x1c/0x44)
[    2.856611] [<c018e9a8>] (kset_register) from [<c02090b4>] (__class_register+0xa8/0x198)
[    2.856782] [<c02090b4>] (__class_register) from [<c02091e4>] (__class_create+0x40/0x70)
[    2.856952] [<c02091e4>] (__class_create) from [<c01adf68>] (register_devfs_stubs+0x314/0xbb4)
[    2.857133] [<c01adf68>] (register_devfs_stubs) from [<c05d9b08>] (init_module+0x28/0xa4)
[    2.857334] [<c05d9b08>] (init_module) from [<c0009670>] (do_one_initcall+0x104/0x1b4)
[    2.857505] [<c0009670>] (do_one_initcall) from [<c05c7d08>] (kernel_init_freeable+0xf0/0x1b0)
[    2.857721] [<c05c7d08>] (kernel_init_freeable) from [<c040f28c>] (kernel_init+0x8/0xe4)
[    2.857889] [<c040f28c>] (kernel_init) from [<c0016da8>] (ret_from_fork+0x14/0x2c)
[    2.858156] ---[ end trace 5c7db50a9e6709a1 ]---
[    2.858357] ------------[ cut here ]------------
[    2.858498] WARNING: CPU: 0 PID: 1 at /home/vagrant/firmadyne-kernel/kernel-v4.1/lib/kobject.c:240 kobject_add_internal+0x240/0x2ac()
[    2.858930] kobject_add_internal failed for gpio with -EEXIST, don't try to register things with the same name in the same directory.
[    2.859143] Modules linked in:
[    2.859301] CPU: 0 PID: 1 Comm: swapper Tainted: G        W       4.1.17+ #1
[    2.859440] Hardware name: Generic DT based system
[    2.859563] [<c001c99c>] (unwind_backtrace) from [<c0019d30>] (show_stack+0x10/0x14)
[    2.859729] [<c0019d30>] (show_stack) from [<c0024ab4>] (warn_slowpath_common+0x80/0xa8)
[    2.859900] [<c0024ab4>] (warn_slowpath_common) from [<c0024b08>] (warn_slowpath_fmt+0x2c/0x3c)
[    2.860081] [<c0024b08>] (warn_slowpath_fmt) from [<c018e834>] (kobject_add_internal+0x240/0x2ac)
[    2.860274] [<c018e834>] (kobject_add_internal) from [<c018e9a8>] (kset_register+0x1c/0x44)
[    2.860446] [<c018e9a8>] (kset_register) from [<c02090b4>] (__class_register+0xa8/0x198)
[    2.860613] [<c02090b4>] (__class_register) from [<c02091e4>] (__class_create+0x40/0x70)
[    2.860781] [<c02091e4>] (__class_create) from [<c01adf68>] (register_devfs_stubs+0x314/0xbb4)
[    2.860960] [<c01adf68>] (register_devfs_stubs) from [<c05d9b08>] (init_module+0x28/0xa4)
[    2.861131] [<c05d9b08>] (init_module) from [<c0009670>] (do_one_initcall+0x104/0x1b4)
[    2.861298] [<c0009670>] (do_one_initcall) from [<c05c7d08>] (kernel_init_freeable+0xf0/0x1b0)
[    2.861477] [<c05c7d08>] (kernel_init_freeable) from [<c040f28c>] (kernel_init+0x8/0xe4)
[    2.861642] [<c040f28c>] (kernel_init) from [<c0016da8>] (ret_from_fork+0x14/0x2c)
[    2.861819] ---[ end trace 5c7db50a9e6709a2 ]---
[    2.861991] firmadyne: Cannot create device class: gpio!
[    2.863851] firmadyne: Cannot register character device: watchdog, 0xa, 0x82!
[    2.864043] firmadyne: Cannot register character device: wdt, 0xfd, 0x0!
[    2.948802] PCI host bridge /pcie@10000000 ranges:
[    2.949371]    IO 0x3eff0000..0x3effffff -> 0x00000000
[    2.949806]   MEM 0x10000000..0x3efeffff -> 0x10000000
[    2.949940]   MEM 0x8000000000..0xffffffffff -> 0x8000000000
[    2.950682] pci-host-generic 3f000000.pcie: resource collision: [mem 0x00000000-0xffffffff] conflicts with /pl011@9000000 [mem 0x09000000-0x09000fff]
[    2.951414] pci-host-generic: probe of 3f000000.pcie failed with error -16
[    2.963832] Non-volatile memory driver v1.3
[    3.232449] brd: module loaded
[    3.243141] loop: module loaded
[    3.370210]  vda: vda1
[    3.382977] 0.flash: Found 2 x16 devices at 0x0 in 32-bit bank. Manufacturer ID 0x000000 Chip ID 0x000000
[    3.383669] Intel/Sharp Extended Query Table at 0x0031
[    3.384915] Using buffer write method
[    3.385337] erase region 0: offset=0x0,size=0x40000,blocks=256
[    3.393189] 0.flash: Found 2 x16 devices at 0x0 in 32-bit bank. Manufacturer ID 0x000000 Chip ID 0x000000
[    3.393447] Intel/Sharp Extended Query Table at 0x0031
[    3.394250] Using buffer write method
[    3.394370] erase region 0: offset=0x0,size=0x40000,blocks=256
[    3.394584] Concatenating MTD devices:
[    3.394707] (0): "0.flash"
[    3.394785] (1): "0.flash"
[    3.394857] into device "0.flash"
[    3.407993] [nandsim] warning: read_byte: unexpected data output cycle, state is STATE_READY return 0x0
[    3.408242] [nandsim] warning: read_byte: unexpected data output cycle, state is STATE_READY return 0x0
[    3.408464] [nandsim] warning: read_byte: unexpected data output cycle, state is STATE_READY return 0x0
[    3.409387] [nandsim] warning: read_byte: unexpected data output cycle, state is STATE_READY return 0x0
[    3.409577] [nandsim] warning: read_byte: unexpected data output cycle, state is STATE_READY return 0x0
[    3.409748] [nandsim] warning: read_byte: unexpected data output cycle, state is STATE_READY return 0x0
[    3.410226] nand: device found, Manufacturer ID: 0x98, Chip ID: 0x39
[    3.410375] nand: Toshiba NAND 128MiB 1,8V 8-bit
[    3.410499] nand: 128 MiB, SLC, erase size: 16 KiB, page size: 512, OOB size: 16
[    3.411448] flash size: 128 MiB
[    3.411534] page size: 512 bytes
[    3.411613] OOB area size: 16 bytes
[    3.411693] sector size: 16 KiB
[    3.411765] pages number: 262144
[    3.411838] pages per sector: 32
[    3.411910] bus width: 8
[    3.411970] bits in sector size: 14
[    3.412047] bits in page size: 9
[    3.412123] bits in OOB size: 4
[    3.412200] flash size with OOB: 135168 KiB
[    3.412288] page address bytes: 4
[    3.412365] sector address bytes: 3
[    3.412496] options: 0x42
[    3.482349] Scanning device for bad blocks
[    3.597319] firmadyne: do_execve: /firmadyne/console
[    3.597571] OFFSETS: offset of pid: 0x190 offset of comm: 0x270
[    3.598098] Creating 11 MTD partitions on "NAND 128MiB 1,8V 8-bit":
[    3.598741] 0x000000000000-0x000000100000 : "NAND simulator partition 0"
[    3.600972] 0x000000100000-0x000000200000 : "NAND simulator partition 1"
[    3.602468] 0x000000200000-0x000000300000 : "NAND simulator partition 2"
[    3.603957] 0x000000300000-0x000000400000 : "NAND simulator partition 3"
[    3.605455] 0x000000400000-0x000000500000 : "NAND simulator partition 4"
[    3.606947] 0x000000500000-0x000000600000 : "NAND simulator partition 5"
[    3.608559] 0x000000600000-0x000000700000 : "NAND simulator partition 6"
[    3.610440] 0x000000700000-0x000000800000 : "NAND simulator partition 7"
[    3.611810] 0x000000800000-0x000000900000 : "NAND simulator partition 8"
[    3.613178] 0x000000900000-0x000000a00000 : "NAND simulator partition 9"
[    3.614643] 0x000000a00000-0x000008000000 : "NAND simulator partition 10"
[    3.620745] tun: Universal TUN/TAP device driver, 1.6
[    3.620891] tun: (C) 1999-2004 Max Krasnyansky <maxk@qualcomm.com>
[    5.671391] PPP generic driver version 2.4.2
[    5.677239] PPP BSD Compression module registered
[    5.677820] PPP Deflate Compression module registered
[    5.678104] PPP MPPE Compression module registered
[    5.678366] NET: Registered protocol family 24
[    5.679007] PPTP driver version 0.8.5
[    5.680254] cfg80211: Calling CRDA to update world regulatory domain
[    5.973360] usbcore: registered new interface driver usb-storage
[    5.977042] rtc-pl031 9010000.pl031: rtc core: registered pl031 as rtc0
[    5.977839] hidraw: raw HID events driver (C) Jiri Kosina
[    5.978406] usbcore: registered new interface driver usbhid
[    5.978756] usbhid: USB HID core driver
[    5.979245] Netfilter messages via NETLINK v0.30.
[    5.979971] nf_conntrack version 0.5.0 (3958 buckets, 15832 max)
[    5.981501] ctnetlink v0.93: registering with nfnetlink.
[    5.983090] ipip: IPv4 over IPv4 tunneling driver
[    5.985315] gre: GRE over IPv4 demultiplexor driver
[    5.985478] ip_gre: GRE over IPv4 tunneling driver
[    5.990681] ip_tables: (C) 2000-2006 Netfilter Core Team
[    5.992484] arp_tables: (C) 2002 David S. Miller
[    5.993663] Initializing XFRM netlink socket
[    5.994217] NET: Registered protocol family 10
[    6.001859] ip6_tables: (C) 2000-2006 Netfilter Core Team
[    6.003725] sit: IPv6 over IPv4 tunneling driver
[    6.007745] NET: Registered protocol family 17
[    6.008442] bridge: automatic filtering via arp/ip/ip6tables has been deprecated. Update your scripts to load br_netfilter if you need this.
[    6.008993] Bridge firewalling registered
[    6.009145] Ebtables v2.0 registered
[    6.010447] 8021q: 802.1Q VLAN Support v1.8
[    6.011146] Registering SWP/SWPB emulation handler
[    6.014115] rtc-pl031 9010000.pl031: setting system clock to 2018-07-19 10:00:24 UTC (1531994424)
[    6.428082] EXT4-fs (vda1): couldn't mount as ext3 due to feature incompatibilities
[    6.430957] EXT4-fs (vda1): mounting ext2 file system using the ext4 subsystem
[    6.443620] EXT4-fs (vda1): mounted filesystem without journal. Opts: (null)
[    6.444832] VFS: Mounted root (ext2 filesystem) on device 254:1.
[    6.463887] Freeing unused kernel memory: 180K (c05c7000 - c05f4000)
[    7.408269] firmadyne: sys_reboot[PID: 54 (init)]: magic1:fee1dead, magic2:28121969, cmd:0
[    7.576227] firmadyne: sys_socket[PID: 1 (init)]: family:1, type:2, protocol:0
[    7.587362] firmadyne: sys_socket[PID: 55 (init)]: family:1, type:2, protocol:0
[    8.438127] firmadyne: sys_socket[PID: 64 (telnetd)]: family:2, type:1, protocol:0
[    8.442691] firmadyne: sys_setsockopt[PID: 64 (telnetd)]: fd:3, level:1, optname:2
[    8.443390] firmadyne: inet_bind[PID: 64 (telnetd)]: proto:SOCK_STREAM, port:23
Using /lib/modules/mvKernelExt.ko
insmod: kernel-module version mismatch
	/lib/modules/mvKernelExt.ko was compiled for kernel version 
	while this kernel is version 4.1.17+.
Using /lib/modules/mvPpDrv.ko
insmod: kernel-module version mismatch
	/lib/modules/mvPpDrv.ko was compiled for kernel version 
	while this kernel is version 4.1.17+.
Fri May 23 14:32:00 UTC 2008
[    8.744085] firmadyne: sys_socket[PID: 72 (ifconfig)]: family:2, type:2, protocol:0
[    8.746120] firmadyne: __inet_insert_ifa[PID: 72 (ifconfig)]: device:lo ifa:0x0100007f
[    8.751739] firmadyne: __inet_insert_ifa[PID: 72 (ifconfig)]: device:lo ifa:0x0100007f
[    9.161520] cfg80211: Calling CRDA to update world regulatory domain




Linux MARVELL_LINUX 4.1.17+ #1 Thu Feb 18 01:05:21 UTC 2016


Welcome to Embedded Linux
           _  _
          | ||_|
          | | _ ____  _   _  _  _ 
          | || |  _ \| | | |\ \/ /
          | || | | | | |_| |/    \
          |_||_|_| |_|\____|\_/\_/

          On Marvell's ARM board

For further information on the Marvell products check:
http://www.marvell.com/

toochain=gnueabi

Enjoy!



BusyBox v1.01 (2008.10.02-12:33+0000) Built-in shell (ash)
Enter 'help' for a list of built-in commands.

[   12.374110] cfg80211: Calling CRDA to update world regulatory domain
/ # [   15.519354] cfg80211: Calling CRDA to update world regulatory domain
[   18.669700] cfg80211: Calling CRDA to update world regulatory domain
[   21.819071] cfg80211: Calling CRDA to update world regulatory domain
[   24.971115] cfg80211: Calling CRDA to update world regulatory domain
[   28.120152] cfg80211: Calling CRDA to update world regulatory domain
[   31.269251] cfg80211: Calling CRDA to update world regulatory domain
[   34.419520] cfg80211: Calling CRDA to update world regulatory domain
[   37.569905] cfg80211: Exceeded CRDA call max attempts. Not calling CRDA
Starting firmware emulation... use Ctrl-a + x to exit
qemu-system-arm: terminating on signal 2 from pid 82607 (timeout)
[    0.000000] Booting Linux on physical CPU 0x0
[    0.000000] Linux version 4.1.17+ (vagrant@vagrant-ubuntu-trusty-64) (gcc version 5.3.0 (GCC) ) #1 Thu Feb 18 01:05:21 UTC 2016
[    0.000000] CPU: ARMv7 Processor [412fc0f1] revision 1 (ARMv7), cr=10c5387d
[    0.000000] CPU: PIPT / VIPT nonaliasing data cache, PIPT instruction cache
[    0.000000] Machine model: linux,dummy-virt
[    0.000000] debug: ignoring loglevel setting.
[    0.000000] Memory policy: Data cache writeback
[    0.000000] On node 0 totalpages: 65536
[    0.000000] free_area_init_node: node 0, pgdat c061dfe8, node_mem_map cfdf9000
[    0.000000]   Normal zone: 512 pages used for memmap
[    0.000000]   Normal zone: 0 pages reserved
[    0.000000]   Normal zone: 65536 pages, LIFO batch:15
[    0.000000] psci: probing for conduit method from DT.
[    0.000000] psci: PSCIv0.2 detected in firmware.
[    0.000000] psci: Using standard PSCI v0.2 function IDs
[    0.000000] CPU: All CPU(s) started in SVC mode.
[    0.000000] pcpu-alloc: s0 r0 d32768 u32768 alloc=1*32768
[    0.000000] pcpu-alloc: [0] 0 
[    0.000000] Built 1 zonelists in Zone order, mobility grouping on.  Total pages: 65024
[    0.000000] Kernel command line: root=/dev/vda1 console=ttyS0 nandsim.parts=64,64,64,64,64,64,64,64,64,64 rdinit=/firmadyne/preInit.sh rw debug ignore_loglevel print-fatal-signals=1 user_debug=31 firmadyne.syscall=0
[    0.000000] PID hash table entries: 1024 (order: 0, 4096 bytes)
[    0.000000] Dentry cache hash table entries: 32768 (order: 5, 131072 bytes)
[    0.000000] Inode-cache hash table entries: 16384 (order: 4, 65536 bytes)
[    0.000000] Memory: 253340K/262144K available (4297K kernel code, 170K rwdata, 1584K rodata, 180K init, 148K bss, 8804K reserved, 0K cma-reserved)
[    0.000000] Virtual kernel memory layout:
[    0.000000]     vector  : 0xffff0000 - 0xffff1000   (   4 kB)
[    0.000000]     fixmap  : 0xffc00000 - 0xfff00000   (3072 kB)
[    0.000000]     vmalloc : 0xd0800000 - 0xff000000   ( 744 MB)
[    0.000000]     lowmem  : 0xc0000000 - 0xd0000000   ( 256 MB)
[    0.000000]     modules : 0xbf000000 - 0xc0000000   (  16 MB)
[    0.000000]       .text : 0xc0008000 - 0xc05c67bc   (5882 kB)
[    0.000000]       .init : 0xc05c7000 - 0xc05f4000   ( 180 kB)
[    0.000000]       .data : 0xc05f4000 - 0xc061e840   ( 171 kB)
[    0.000000]        .bss : 0xc0621000 - 0xc06462d4   ( 149 kB)
[    0.000000] NR_IRQS:16 nr_irqs:16 16
[    0.000000] Architected cp15 timer(s) running at 62.50MHz (virt).
[    0.000000] clocksource arch_sys_counter: mask: 0xffffffffffffff max_cycles: 0x1cd42e208c, max_idle_ns: 881590405314 ns
[    0.000169] sched_clock: 56 bits at 62MHz, resolution 16ns, wraps every 4398046511096ns
[    0.000316] Switching to timer-based delay loop, resolution 16ns
[    0.003456] Console: colour dummy device 80x30
[    0.003791] Calibrating delay loop (skipped), value calculated using timer frequency.. 125.00 BogoMIPS (lpj=625000)
[    0.003928] pid_max: default: 32768 minimum: 301
[    0.004874] Mount-cache hash table entries: 1024 (order: 0, 4096 bytes)
[    0.004915] Mountpoint-cache hash table entries: 1024 (order: 0, 4096 bytes)
[    0.599420] CPU: Testing write buffer coherency: ok
[    0.605729] Setting up static identity map for 0x40008240 - 0x40008298
[    0.621455] VFP support v0.3: implementor 41 architecture 4 part 30 variant f rev 0
[    1.392407] clocksource jiffies: mask: 0xffffffff max_cycles: 0xffffffff, max_idle_ns: 19112604462750000 ns
[    1.402009] NET: Registered protocol family 16
[    1.405282] DMA: preallocated 256 KiB pool for atomic coherent allocations
[    1.409620] cpuidle: using governor ladder
[    1.409792] cpuidle: using governor menu
[    1.430766] Serial: AMBA PL011 UART driver
[    1.433019] 9000000.pl011: ttyS0 at MMIO 0x9000000 (irq = 54, base_baud = 0) is a PL011 rev1
[    1.440750] console [ttyS0] enabled
[    1.671628] vgaarb: loaded
[    1.673208] SCSI subsystem initialized
[    1.674306] usbcore: registered new interface driver usbfs
[    1.674829] usbcore: registered new interface driver hub
[    1.675151] usbcore: registered new device driver usb
[    1.684512] cfg80211: Calling CRDA to update world regulatory domain
[    1.687102] Switched to clocksource arch_sys_counter
[    1.705435] NET: Registered protocol family 2
[    1.711007] TCP established hash table entries: 2048 (order: 1, 8192 bytes)
[    1.711284] TCP bind hash table entries: 2048 (order: 1, 8192 bytes)
[    1.711594] TCP: Hash tables configured (established 2048 bind 2048)
[    1.712165] UDP hash table entries: 256 (order: 0, 4096 bytes)
[    1.712418] UDP-Lite hash table entries: 256 (order: 0, 4096 bytes)
[    1.713908] NET: Registered protocol family 1
[    1.714363] PCI: CLS 0 bytes, default 64
[    1.721746] NetWinder Floating Point Emulator V0.97 (extended precision)
[    1.990641] futex hash table entries: 256 (order: -1, 3072 bytes)
[    1.996275] squashfs: version 4.0 (2009/01/31) Phillip Lougher
[    1.997517] jffs2: version 2.2. (NAND) © 2001-2006 Red Hat, Inc.
[    1.998342] romfs: ROMFS MTD (C) 2007 Red Hat, Inc.
[    2.007563] Block layer SCSI generic (bsg) driver version 0.4 loaded (major 253)
[    2.007926] io scheduler noop registered
[    2.008189] io scheduler cfq registered (default)
[    2.008860] firmadyne: devfs: 1, execute: 1, procfs: 1, syscall: 0
[    2.010177] ------------[ cut here ]------------
[    2.010380] WARNING: CPU: 0 PID: 1 at /home/vagrant/firmadyne-kernel/kernel-v4.1/fs/sysfs/dir.c:31 sysfs_warn_dup+0x50/0x6c()
[    2.010609] sysfs: cannot create duplicate filename '/class/gpio'
[    2.010767] Modules linked in:
[    2.011079] CPU: 0 PID: 1 Comm: swapper Not tainted 4.1.17+ #1
[    2.011217] Hardware name: Generic DT based system
[    2.011916] [<c001c99c>] (unwind_backtrace) from [<c0019d30>] (show_stack+0x10/0x14)
[    2.012204] [<c0019d30>] (show_stack) from [<c0024ab4>] (warn_slowpath_common+0x80/0xa8)
[    2.012405] [<c0024ab4>] (warn_slowpath_common) from [<c0024b08>] (warn_slowpath_fmt+0x2c/0x3c)
[    2.012655] [<c0024b08>] (warn_slowpath_fmt) from [<c00e363c>] (sysfs_warn_dup+0x50/0x6c)
[    2.012844] [<c00e363c>] (sysfs_warn_dup) from [<c00e3714>] (sysfs_create_dir_ns+0x74/0x84)
[    2.013028] [<c00e3714>] (sysfs_create_dir_ns) from [<c018e6ac>] (kobject_add_internal+0xb8/0x2ac)
[    2.013218] [<c018e6ac>] (kobject_add_internal) from [<c018e9a8>] (kset_register+0x1c/0x44)
[    2.013398] [<c018e9a8>] (kset_register) from [<c02090b4>] (__class_register+0xa8/0x198)
[    2.013575] [<c02090b4>] (__class_register) from [<c02091e4>] (__class_create+0x40/0x70)
[    2.013749] [<c02091e4>] (__class_create) from [<c01adf68>] (register_devfs_stubs+0x314/0xbb4)
[    2.013942] [<c01adf68>] (register_devfs_stubs) from [<c05d9b08>] (init_module+0x28/0xa4)
[    2.014158] [<c05d9b08>] (init_module) from [<c0009670>] (do_one_initcall+0x104/0x1b4)
[    2.014332] [<c0009670>] (do_one_initcall) from [<c05c7d08>] (kernel_init_freeable+0xf0/0x1b0)
[    2.014519] [<c05c7d08>] (kernel_init_freeable) from [<c040f28c>] (kernel_init+0x8/0xe4)
[    2.014690] [<c040f28c>] (kernel_init) from [<c0016da8>] (ret_from_fork+0x14/0x2c)
[    2.014950] ---[ end trace 64c326fb4cce5ad4 ]---
[    2.015148] ------------[ cut here ]------------
[    2.015262] WARNING: CPU: 0 PID: 1 at /home/vagrant/firmadyne-kernel/kernel-v4.1/lib/kobject.c:240 kobject_add_internal+0x240/0x2ac()
[    2.015480] kobject_add_internal failed for gpio with -EEXIST, don't try to register things with the same name in the same directory.
[    2.015692] Modules linked in:
[    2.015834] CPU: 0 PID: 1 Comm: swapper Tainted: G        W       4.1.17+ #1
[    2.015971] Hardware name: Generic DT based system
[    2.016101] [<c001c99c>] (unwind_backtrace) from [<c0019d30>] (show_stack+0x10/0x14)
[    2.016268] [<c0019d30>] (show_stack) from [<c0024ab4>] (warn_slowpath_common+0x80/0xa8)
[    2.016441] [<c0024ab4>] (warn_slowpath_common) from [<c0024b08>] (warn_slowpath_fmt+0x2c/0x3c)
[    2.016624] [<c0024b08>] (warn_slowpath_fmt) from [<c018e834>] (kobject_add_internal+0x240/0x2ac)
[    2.017030] [<c018e834>] (kobject_add_internal) from [<c018e9a8>] (kset_register+0x1c/0x44)
[    2.017216] [<c018e9a8>] (kset_register) from [<c02090b4>] (__class_register+0xa8/0x198)
[    2.017387] [<c02090b4>] (__class_register) from [<c02091e4>] (__class_create+0x40/0x70)
[    2.017558] [<c02091e4>] (__class_create) from [<c01adf68>] (register_devfs_stubs+0x314/0xbb4)
[    2.017749] [<c01adf68>] (register_devfs_stubs) from [<c05d9b08>] (init_module+0x28/0xa4)
[    2.017916] [<c05d9b08>] (init_module) from [<c0009670>] (do_one_initcall+0x104/0x1b4)
[    2.018079] [<c0009670>] (do_one_initcall) from [<c05c7d08>] (kernel_init_freeable+0xf0/0x1b0)
[    2.018269] [<c05c7d08>] (kernel_init_freeable) from [<c040f28c>] (kernel_init+0x8/0xe4)
[    2.018434] [<c040f28c>] (kernel_init) from [<c0016da8>] (ret_from_fork+0x14/0x2c)
[    2.018604] ---[ end trace 64c326fb4cce5ad5 ]---
[    2.018775] firmadyne: Cannot create device class: gpio!
[    2.020610] firmadyne: Cannot register character device: watchdog, 0xa, 0x82!
[    2.020799] firmadyne: Cannot register character device: wdt, 0xfd, 0x0!
[    2.103510] PCI host bridge /pcie@10000000 ranges:
[    2.104117]    IO 0x3eff0000..0x3effffff -> 0x00000000
[    2.104478]   MEM 0x10000000..0x3efeffff -> 0x10000000
[    2.104621]   MEM 0x8000000000..0xffffffffff -> 0x8000000000
[    2.105305] pci-host-generic 3f000000.pcie: resource collision: [mem 0x00000000-0xffffffff] conflicts with /pl011@9000000 [mem 0x09000000-0x09000fff]
[    2.106008] pci-host-generic: probe of 3f000000.pcie failed with error -16
[    2.117732] Non-volatile memory driver v1.3
[    2.418232] brd: module loaded
[    2.428522] loop: module loaded
[    3.139281]  vda: vda1
[    3.157025] 0.flash: Found 2 x16 devices at 0x0 in 32-bit bank. Manufacturer ID 0x000000 Chip ID 0x000000
[    3.157697] Intel/Sharp Extended Query Table at 0x0031
[    3.158885] Using buffer write method
[    3.159313] erase region 0: offset=0x0,size=0x40000,blocks=256
[    3.167003] 0.flash: Found 2 x16 devices at 0x0 in 32-bit bank. Manufacturer ID 0x000000 Chip ID 0x000000
[    3.167430] Intel/Sharp Extended Query Table at 0x0031
[    3.168227] Using buffer write method
[    3.168353] erase region 0: offset=0x0,size=0x40000,blocks=256
[    3.168588] Concatenating MTD devices:
[    3.168694] (0): "0.flash"
[    3.168769] (1): "0.flash"
[    3.168837] into device "0.flash"
[    3.182723] [nandsim] warning: read_byte: unexpected data output cycle, state is STATE_READY return 0x0
[    3.182976] [nandsim] warning: read_byte: unexpected data output cycle, state is STATE_READY return 0x0
[    3.183154] [nandsim] warning: read_byte: unexpected data output cycle, state is STATE_READY return 0x0
[    3.183343] [nandsim] warning: read_byte: unexpected data output cycle, state is STATE_READY return 0x0
[    3.183517] [nandsim] warning: read_byte: unexpected data output cycle, state is STATE_READY return 0x0
[    3.183688] [nandsim] warning: read_byte: unexpected data output cycle, state is STATE_READY return 0x0
[    3.184126] nand: device found, Manufacturer ID: 0x98, Chip ID: 0x39
[    3.184295] nand: Toshiba NAND 128MiB 1,8V 8-bit
[    3.184422] nand: 128 MiB, SLC, erase size: 16 KiB, page size: 512, OOB size: 16
[    3.185374] flash size: 128 MiB
[    3.185463] page size: 512 bytes
[    3.185539] OOB area size: 16 bytes
[    3.185619] sector size: 16 KiB
[    3.185694] pages number: 262144
[    3.185768] pages per sector: 32
[    3.185841] bus width: 8
[    3.185902] bits in sector size: 14
[    3.185980] bits in page size: 9
[    3.186057] bits in OOB size: 4
[    3.186135] flash size with OOB: 135168 KiB
[    3.186225] page address bytes: 4
[    3.186318] sector address bytes: 3
[    3.186400] options: 0x42
[    3.192669] Scanning device for bad blocks
[    3.363124] firmadyne: do_execve: /firmadyne/console
[    3.363344] OFFSETS: offset of pid: 0x190 offset of comm: 0x270
[    3.363819] Creating 11 MTD partitions on "NAND 128MiB 1,8V 8-bit":
[    3.364238] 0x000000000000-0x000000100000 : "NAND simulator partition 0"
[    3.366473] 0x000000100000-0x000000200000 : "NAND simulator partition 1"
[    3.368032] 0x000000200000-0x000000300000 : "NAND simulator partition 2"
[    3.369436] 0x000000300000-0x000000400000 : "NAND simulator partition 3"
[    3.370856] 0x000000400000-0x000000500000 : "NAND simulator partition 4"
[    3.372249] 0x000000500000-0x000000600000 : "NAND simulator partition 5"
[    3.373649] 0x000000600000-0x000000700000 : "NAND simulator partition 6"
[    3.375257] 0x000000700000-0x000000800000 : "NAND simulator partition 7"
[    3.376634] 0x000000800000-0x000000900000 : "NAND simulator partition 8"
[    3.378183] 0x000000900000-0x000000a00000 : "NAND simulator partition 9"
[    3.379584] 0x000000a00000-0x000008000000 : "NAND simulator partition 10"
[    3.385298] tun: Universal TUN/TAP device driver, 1.6
[    3.385446] tun: (C) 1999-2004 Max Krasnyansky <maxk@qualcomm.com>
[    3.691479] PPP generic driver version 2.4.2
[    3.692268] PPP BSD Compression module registered
[    3.692459] PPP Deflate Compression module registered
[    3.692697] PPP MPPE Compression module registered
[    3.692835] NET: Registered protocol family 24
[    3.693156] PPTP driver version 0.8.5
[    3.806413] usbcore: registered new interface driver usb-storage
[    3.809993] rtc-pl031 9010000.pl031: rtc core: registered pl031 as rtc0
[    3.810767] hidraw: raw HID events driver (C) Jiri Kosina
[    3.811325] usbcore: registered new interface driver usbhid
[    3.811457] usbhid: USB HID core driver
[    3.811917] Netfilter messages via NETLINK v0.30.
[    3.812594] nf_conntrack version 0.5.0 (3958 buckets, 15832 max)
[    3.814116] ctnetlink v0.93: registering with nfnetlink.
[    3.815591] ipip: IPv4 over IPv4 tunneling driver
[    3.817961] gre: GRE over IPv4 demultiplexor driver
[    3.818125] ip_gre: GRE over IPv4 tunneling driver
[    3.905656] ip_tables: (C) 2000-2006 Netfilter Core Team
[    3.907605] arp_tables: (C) 2002 David S. Miller
[    3.908819] Initializing XFRM netlink socket
[    3.909387] NET: Registered protocol family 10
[    3.917169] ip6_tables: (C) 2000-2006 Netfilter Core Team
[    3.919033] sit: IPv6 over IPv4 tunneling driver
[    3.923045] NET: Registered protocol family 17
[    3.923726] bridge: automatic filtering via arp/ip/ip6tables has been deprecated. Update your scripts to load br_netfilter if you need this.
[    3.924098] Bridge firewalling registered
[    3.924325] Ebtables v2.0 registered
[    3.925615] 8021q: 802.1Q VLAN Support v1.8
[    3.926263] Registering SWP/SWPB emulation handler
[    3.929483] rtc-pl031 9010000.pl031: setting system clock to 2018-07-19 10:01:22 UTC (1531994482)
[    3.940152] EXT4-fs (vda1): couldn't mount as ext3 due to feature incompatibilities
[    3.942312] EXT4-fs (vda1): mounting ext2 file system using the ext4 subsystem
[    3.951549] EXT4-fs (vda1): warning: mounting unchecked fs, running e2fsck is recommended
[    3.954493] EXT4-fs (vda1): mounted filesystem without journal. Opts: (null)
[    3.955615] VFS: Mounted root (ext2 filesystem) on device 254:1.
[    3.974062] Freeing unused kernel memory: 180K (c05c7000 - c05f4000)
[    5.455318] cfg80211: Calling CRDA to update world regulatory domain
[    5.820702] firmadyne: sys_reboot[PID: 54 (init)]: magic1:fee1dead, magic2:28121969, cmd:0
Using /lib/modules/mvKernelExt.ko
insmod: kernel-module version mismatch
	/lib/modules/mvKernelExt.ko was compiled for kernel version 
	while this kernel is version 4.1.17+.
Using /lib/modules/mvPpDrv.ko
insmod: kernel-module version mismatch
	/lib/modules/mvPpDrv.ko was compiled for kernel version 
	while this kernel is version 4.1.17+.
[    8.606335] cfg80211: Calling CRDA to update world regulatory domain
Fri May 23 14:32:00 UTC 2008




Linux MARVELL_LINUX 4.1.17+ #1 Thu Feb 18 01:05:21 UTC 2016


Welcome to Embedded Linux
           _  _
          | ||_|
          | | _ ____  _   _  _  _ 
          | || |  _ \| | | |\ \/ /
          | || | | | | |_| |/    \
          |_||_|_| |_|\____|\_/\_/

          On Marvell's ARM board

For further information on the Marvell products check:
http://www.marvell.com/

toochain=gnueabi

Enjoy!



BusyBox v1.01 (2008.10.02-12:33+0000) Built-in shell (ash)
Enter 'help' for a list of built-in commands.

/ # [   11.747869] cfg80211: Calling CRDA to update world regulatory domain
[   14.897412] cfg80211: Calling CRDA to update world regulatory domain
[   18.048003] cfg80211: Calling CRDA to update world regulatory domain
[   21.199448] cfg80211: Calling CRDA to update world regulatory domain
[   24.348620] cfg80211: Calling CRDA to update world regulatory domain
[   27.498191] cfg80211: Calling CRDA to update world regulatory domain
[   30.647317] cfg80211: Calling CRDA to update world regulatory domain
[   33.797522] cfg80211: Calling CRDA to update world regulatory domain
[   36.948527] cfg80211: Exceeded CRDA call max attempts. Not calling CRDA
