>> Database Image ID: 20

/home/zhumengfan/firmware/firmwares/22bab2cafcec729e54c5c359f17aae6c6cfcd533.ZIP
>> MD5: a5f34d8364f495aafa4b4b4a95a82a8a
>> Tag: 20
>> Temp: /tmp/tmp60EBh9
>> Status: Kernel: True, Rootfs: False, Do_Kernel: False,                 Do_Rootfs: True
>>>> Zip archive data, at least v2.0 to extract, compressed size: 6002327, uncompressed size: 6029280, name: DGS-1210-24_A1_2_03_001.hex
>> Recursing into archive ...
	
/tmp/tmp60EBh9/_22bab2cafcec729e54c5c359f17aae6c6cfcd533.ZIP.extracted/DGS-1210-24_A1_2_03_001.hex
	>> MD5: 024779c6a63ca14a45b15fcf7ccda834
	>> Tag: 20
	>> Temp: /tmp/tmp2_ou1Z
	>> Status: Kernel: True, Rootfs: False, Do_Kernel: False,                 Do_Rootfs: True
	>>>> Squashfs filesystem, little endian, version 3.1, size: 4849286 bytes, 221 inodes, blocksize: 131072 bytes, created: 2012-09-06 06:49:29
	>>>> Found Linux filesystem in /tmp/tmp2_ou1Z/_DGS-1210-24_A1_2_03_001.hex.extracted/squashfs-root!
	>> Skipping: completed!
	>> Cleaning up /tmp/tmp2_ou1Z...
>> Skipping: completed!
>> Cleaning up /tmp/tmp60EBh9...
./bin/busybox: armel
Querying database for architecture... armel
----Running----
----Copying Filesystem Tarball----
----Creating QEMU Image----
Formatting '/home/zhumengfan/firmadyne//scratch//20//image.raw', fmt=raw size=1073741824
----Creating Partition Table----

Welcome to fdisk (util-linux 2.27.1).
Changes will remain in memory only, until you decide to write them.
Be careful before using the write command.

Device does not contain a recognized partition table.
Created a new DOS disklabel with disk identifier 0xa186748c.

Command (m for help): Created a new DOS disklabel with disk identifier 0x17eba4d5.

Command (m for help): Partition type
   p   primary (0 primary, 0 extended, 4 free)
   e   extended (container for logical partitions)
Select (default p): Partition number (1-4, default 1): First sector (2048-2097151, default 2048): Last sector, +sectors or +size{K,M,G,T,P} (2048-2097151, default 2097151): 
Created a new partition 1 of type 'Linux' and of size 1023 MiB.

Command (m for help): The partition table has been altered.
Syncing disks.

----Mounting QEMU Image----
add map loop0p1 (252:0): 0 2095104 linear 7:0 2048
----Creating Filesystem----
mke2fs 1.42.13 (17-May-2015)
Discarding device blocks:   4096/261888             done                            
Creating filesystem with 261888 4k blocks and 65536 inodes
Filesystem UUID: 35db57d3-79a7-4b2d-b105-b8f0bc0e49d9
Superblock backups stored on blocks: 
	32768, 98304, 163840, 229376

Allocating group tables: 0/8   done                            
Writing inode tables: 0/8   done                            
Writing superblocks and filesystem accounting information: 0/8   done

----Making QEMU Image Mountpoint----
----Mounting QEMU Image Partition 1----
----Extracting Filesystem Tarball----
----Creating FIRMADYNE Directories----
----Patching Filesystem (chroot)----
Creating /etc/TZ!
Creating /etc/hosts!
Warning: Recreating device nodes!
mkdir: can't create directory '/dev/mtd': No such file or directory
mknod: /dev/mtd/0: No such file or directory
mknod: /dev/mtd/1: No such file or directory
mknod: /dev/mtd/2: No such file or directory
mknod: /dev/mtd/3: No such file or directory
mknod: /dev/mtd/4: No such file or directory
mknod: /dev/mtd/5: No such file or directory
mknod: /dev/mtd/6: No such file or directory
mknod: /dev/mtd/7: No such file or directory
mknod: /dev/mtd/8: No such file or directory
mknod: /dev/mtd/9: No such file or directory
mknod: /dev/mtd/10: No such file or directory
Removing /etc/scripts/sys_resetbutton!
----Setting up FIRMADYNE----
----Unmounting QEMU Image----
loop deleted : /dev/loop0
Querying database for architecture... armel
Running firmware 20: terminating after 60 secs...
qemu-system-arm: terminating on signal 2 from pid 60253 (timeout)
Inferring network...
Interfaces: []
Done!
[    0.000000] Booting Linux on physical CPU 0x0
[    0.000000] Linux version 4.1.17+ (vagrant@vagrant-ubuntu-trusty-64) (gcc version 5.3.0 (GCC) ) #1 Thu Feb 18 01:05:21 UTC 2016
[    0.000000] CPU: ARMv7 Processor [412fc0f1] revision 1 (ARMv7), cr=10c5387d
[    0.000000] CPU: PIPT / VIPT nonaliasing data cache, PIPT instruction cache
[    0.000000] Machine model: linux,dummy-virt
[    0.000000] debug: ignoring loglevel setting.
[    0.000000] Memory policy: Data cache writeback
[    0.000000] On node 0 totalpages: 65536
[    0.000000] free_area_init_node: node 0, pgdat c061dfe8, node_mem_map cfdf9000
[    0.000000]   Normal zone: 512 pages used for memmap
[    0.000000]   Normal zone: 0 pages reserved
[    0.000000]   Normal zone: 65536 pages, LIFO batch:15
[    0.000000] psci: probing for conduit method from DT.
[    0.000000] psci: PSCIv0.2 detected in firmware.
[    0.000000] psci: Using standard PSCI v0.2 function IDs
[    0.000000] CPU: All CPU(s) started in SVC mode.
[    0.000000] pcpu-alloc: s0 r0 d32768 u32768 alloc=1*32768
[    0.000000] pcpu-alloc: [0] 0 
[    0.000000] Built 1 zonelists in Zone order, mobility grouping on.  Total pages: 65024
[    0.000000] Kernel command line: firmadyne.syscall=1 root=/dev/vda1 console=ttyS0 nandsim.parts=64,64,64,64,64,64,64,64,64,64 rdinit=/firmadyne/preInit.sh rw debug ignore_loglevel print-fatal-signals=1 user_debug=31
[    0.000000] PID hash table entries: 1024 (order: 0, 4096 bytes)
[    0.000000] Dentry cache hash table entries: 32768 (order: 5, 131072 bytes)
[    0.000000] Inode-cache hash table entries: 16384 (order: 4, 65536 bytes)
[    0.000000] Memory: 253340K/262144K available (4297K kernel code, 170K rwdata, 1584K rodata, 180K init, 148K bss, 8804K reserved, 0K cma-reserved)
[    0.000000] Virtual kernel memory layout:
[    0.000000]     vector  : 0xffff0000 - 0xffff1000   (   4 kB)
[    0.000000]     fixmap  : 0xffc00000 - 0xfff00000   (3072 kB)
[    0.000000]     vmalloc : 0xd0800000 - 0xff000000   ( 744 MB)
[    0.000000]     lowmem  : 0xc0000000 - 0xd0000000   ( 256 MB)
[    0.000000]     modules : 0xbf000000 - 0xc0000000   (  16 MB)
[    0.000000]       .text : 0xc0008000 - 0xc05c67bc   (5882 kB)
[    0.000000]       .init : 0xc05c7000 - 0xc05f4000   ( 180 kB)
[    0.000000]       .data : 0xc05f4000 - 0xc061e840   ( 171 kB)
[    0.000000]        .bss : 0xc0621000 - 0xc06462d4   ( 149 kB)
[    0.000000] NR_IRQS:16 nr_irqs:16 16
[    0.000000] Architected cp15 timer(s) running at 62.50MHz (virt).
[    0.000000] clocksource arch_sys_counter: mask: 0xffffffffffffff max_cycles: 0x1cd42e208c, max_idle_ns: 881590405314 ns
[    0.000160] sched_clock: 56 bits at 62MHz, resolution 16ns, wraps every 4398046511096ns
[    0.000305] Switching to timer-based delay loop, resolution 16ns
[    0.003483] Console: colour dummy device 80x30
[    0.003841] Calibrating delay loop (skipped), value calculated using timer frequency.. 125.00 BogoMIPS (lpj=625000)
[    0.003978] pid_max: default: 32768 minimum: 301
[    0.004932] Mount-cache hash table entries: 1024 (order: 0, 4096 bytes)
[    0.004974] Mountpoint-cache hash table entries: 1024 (order: 0, 4096 bytes)
[    0.014582] CPU: Testing write buffer coherency: ok
[    0.101994] Setting up static identity map for 0x40008240 - 0x40008298
[    0.117430] VFP support v0.3: implementor 41 architecture 4 part 30 variant f rev 0
[    0.129670] clocksource jiffies: mask: 0xffffffff max_cycles: 0xffffffff, max_idle_ns: 19112604462750000 ns
[    0.204454] NET: Registered protocol family 16
[    0.207875] DMA: preallocated 256 KiB pool for atomic coherent allocations
[    0.212574] cpuidle: using governor ladder
[    0.212750] cpuidle: using governor menu
[    0.234383] Serial: AMBA PL011 UART driver
[    0.236654] 9000000.pl011: ttyS0 at MMIO 0x9000000 (irq = 54, base_baud = 0) is a PL011 rev1
[    0.258342] console [ttyS0] enabled
[    0.284145] vgaarb: loaded
[    0.285766] SCSI subsystem initialized
[    0.286868] usbcore: registered new interface driver usbfs
[    0.287241] usbcore: registered new interface driver hub
[    0.287559] usbcore: registered new device driver usb
[    0.571108] cfg80211: Calling CRDA to update world regulatory domain
[    0.573593] Switched to clocksource arch_sys_counter
[    0.592028] NET: Registered protocol family 2
[    0.597613] TCP established hash table entries: 2048 (order: 1, 8192 bytes)
[    0.597906] TCP bind hash table entries: 2048 (order: 1, 8192 bytes)
[    0.598219] TCP: Hash tables configured (established 2048 bind 2048)
[    0.598772] UDP hash table entries: 256 (order: 0, 4096 bytes)
[    0.599031] UDP-Lite hash table entries: 256 (order: 0, 4096 bytes)
[    0.600521] NET: Registered protocol family 1
[    0.600985] PCI: CLS 0 bytes, default 64
[    0.608507] NetWinder Floating Point Emulator V0.97 (extended precision)
[    0.611335] futex hash table entries: 256 (order: -1, 3072 bytes)
[    0.617178] squashfs: version 4.0 (2009/01/31) Phillip Lougher
[    0.618266] jffs2: version 2.2. (NAND) © 2001-2006 Red Hat, Inc.
[    0.619100] romfs: ROMFS MTD (C) 2007 Red Hat, Inc.
[    0.706305] Block layer SCSI generic (bsg) driver version 0.4 loaded (major 253)
[    0.706656] io scheduler noop registered
[    0.706887] io scheduler cfq registered (default)
[    0.707580] firmadyne: devfs: 1, execute: 1, procfs: 1, syscall: 1
[    0.708943] ------------[ cut here ]------------
[    0.709151] WARNING: CPU: 0 PID: 1 at /home/vagrant/firmadyne-kernel/kernel-v4.1/fs/sysfs/dir.c:31 sysfs_warn_dup+0x50/0x6c()
[    0.709381] sysfs: cannot create duplicate filename '/class/gpio'
[    0.709556] Modules linked in:
[    0.709887] CPU: 0 PID: 1 Comm: swapper Not tainted 4.1.17+ #1
[    0.710026] Hardware name: Generic DT based system
[    0.710772] [<c001c99c>] (unwind_backtrace) from [<c0019d30>] (show_stack+0x10/0x14)
[    0.711054] [<c0019d30>] (show_stack) from [<c0024ab4>] (warn_slowpath_common+0x80/0xa8)
[    0.711253] [<c0024ab4>] (warn_slowpath_common) from [<c0024b08>] (warn_slowpath_fmt+0x2c/0x3c)
[    0.711492] [<c0024b08>] (warn_slowpath_fmt) from [<c00e363c>] (sysfs_warn_dup+0x50/0x6c)
[    0.711683] [<c00e363c>] (sysfs_warn_dup) from [<c00e3714>] (sysfs_create_dir_ns+0x74/0x84)
[    0.711875] [<c00e3714>] (sysfs_create_dir_ns) from [<c018e6ac>] (kobject_add_internal+0xb8/0x2ac)
[    0.712069] [<c018e6ac>] (kobject_add_internal) from [<c018e9a8>] (kset_register+0x1c/0x44)
[    0.712258] [<c018e9a8>] (kset_register) from [<c02090b4>] (__class_register+0xa8/0x198)
[    0.712445] [<c02090b4>] (__class_register) from [<c02091e4>] (__class_create+0x40/0x70)
[    0.712621] [<c02091e4>] (__class_create) from [<c01adf68>] (register_devfs_stubs+0x314/0xbb4)
[    0.712803] [<c01adf68>] (register_devfs_stubs) from [<c05d9b08>] (init_module+0x28/0xa4)
[    0.713005] [<c05d9b08>] (init_module) from [<c0009670>] (do_one_initcall+0x104/0x1b4)
[    0.713181] [<c0009670>] (do_one_initcall) from [<c05c7d08>] (kernel_init_freeable+0xf0/0x1b0)
[    0.713716] [<c05c7d08>] (kernel_init_freeable) from [<c040f28c>] (kernel_init+0x8/0xe4)
[    0.713906] [<c040f28c>] (kernel_init) from [<c0016da8>] (ret_from_fork+0x14/0x2c)
[    0.714169] ---[ end trace bada5c2c68a2c4ad ]---
[    0.714365] ------------[ cut here ]------------
[    0.714479] WARNING: CPU: 0 PID: 1 at /home/vagrant/firmadyne-kernel/kernel-v4.1/lib/kobject.c:240 kobject_add_internal+0x240/0x2ac()
[    0.714695] kobject_add_internal failed for gpio with -EEXIST, don't try to register things with the same name in the same directory.
[    0.714907] Modules linked in:
[    0.715050] CPU: 0 PID: 1 Comm: swapper Tainted: G        W       4.1.17+ #1
[    0.715187] Hardware name: Generic DT based system
[    0.715304] [<c001c99c>] (unwind_backtrace) from [<c0019d30>] (show_stack+0x10/0x14)
[    0.715469] [<c0019d30>] (show_stack) from [<c0024ab4>] (warn_slowpath_common+0x80/0xa8)
[    0.715640] [<c0024ab4>] (warn_slowpath_common) from [<c0024b08>] (warn_slowpath_fmt+0x2c/0x3c)
[    0.715820] [<c0024b08>] (warn_slowpath_fmt) from [<c018e834>] (kobject_add_internal+0x240/0x2ac)
[    0.716010] [<c018e834>] (kobject_add_internal) from [<c018e9a8>] (kset_register+0x1c/0x44)
[    0.716182] [<c018e9a8>] (kset_register) from [<c02090b4>] (__class_register+0xa8/0x198)
[    0.716351] [<c02090b4>] (__class_register) from [<c02091e4>] (__class_create+0x40/0x70)
[    0.716519] [<c02091e4>] (__class_create) from [<c01adf68>] (register_devfs_stubs+0x314/0xbb4)
[    0.716698] [<c01adf68>] (register_devfs_stubs) from [<c05d9b08>] (init_module+0x28/0xa4)
[    0.716868] [<c05d9b08>] (init_module) from [<c0009670>] (do_one_initcall+0x104/0x1b4)
[    0.717035] [<c0009670>] (do_one_initcall) from [<c05c7d08>] (kernel_init_freeable+0xf0/0x1b0)
[    0.717210] [<c05c7d08>] (kernel_init_freeable) from [<c040f28c>] (kernel_init+0x8/0xe4)
[    0.717373] [<c040f28c>] (kernel_init) from [<c0016da8>] (ret_from_fork+0x14/0x2c)
[    0.717548] ---[ end trace bada5c2c68a2c4ae ]---
[    0.717710] firmadyne: Cannot create device class: gpio!
[    0.719337] firmadyne: Cannot register character device: watchdog, 0xa, 0x82!
[    0.719512] firmadyne: Cannot register character device: wdt, 0xfd, 0x0!
[    0.801293] PCI host bridge /pcie@10000000 ranges:
[    0.801966]    IO 0x3eff0000..0x3effffff -> 0x00000000
[    0.802353]   MEM 0x10000000..0x3efeffff -> 0x10000000
[    0.802478]   MEM 0x8000000000..0xffffffffff -> 0x8000000000
[    0.803173] pci-host-generic 3f000000.pcie: resource collision: [mem 0x00000000-0xffffffff] conflicts with /pl011@9000000 [mem 0x09000000-0x09000fff]
[    0.804094] pci-host-generic: probe of 3f000000.pcie failed with error -16
[    0.816268] Non-volatile memory driver v1.3
[    0.840158] brd: module loaded
[    0.850141] loop: module loaded
[    1.006113]  vda: vda1
[    1.018954] 0.flash: Found 2 x16 devices at 0x0 in 32-bit bank. Manufacturer ID 0x000000 Chip ID 0x000000
[    1.019663] Intel/Sharp Extended Query Table at 0x0031
[    1.020909] Using buffer write method
[    1.021385] erase region 0: offset=0x0,size=0x40000,blocks=256
[    1.029102] 0.flash: Found 2 x16 devices at 0x0 in 32-bit bank. Manufacturer ID 0x000000 Chip ID 0x000000
[    1.029381] Intel/Sharp Extended Query Table at 0x0031
[    1.030214] Using buffer write method
[    1.030347] erase region 0: offset=0x0,size=0x40000,blocks=256
[    1.030578] Concatenating MTD devices:
[    1.030689] (0): "0.flash"
[    1.030767] (1): "0.flash"
[    1.030836] into device "0.flash"
[    2.260629] [nandsim] warning: read_byte: unexpected data output cycle, state is STATE_READY return 0x0
[    2.260892] [nandsim] warning: read_byte: unexpected data output cycle, state is STATE_READY return 0x0
[    2.261070] [nandsim] warning: read_byte: unexpected data output cycle, state is STATE_READY return 0x0
[    2.261242] [nandsim] warning: read_byte: unexpected data output cycle, state is STATE_READY return 0x0
[    2.261427] [nandsim] warning: read_byte: unexpected data output cycle, state is STATE_READY return 0x0
[    2.261624] [nandsim] warning: read_byte: unexpected data output cycle, state is STATE_READY return 0x0
[    2.262088] nand: device found, Manufacturer ID: 0x98, Chip ID: 0x39
[    2.262240] nand: Toshiba NAND 128MiB 1,8V 8-bit
[    2.262365] nand: 128 MiB, SLC, erase size: 16 KiB, page size: 512, OOB size: 16
[    2.263459] flash size: 128 MiB
[    2.263554] page size: 512 bytes
[    2.263632] OOB area size: 16 bytes
[    2.263712] sector size: 16 KiB
[    2.263787] pages number: 262144
[    2.263860] pages per sector: 32
[    2.263936] bus width: 8
[    2.264002] bits in sector size: 14
[    2.264079] bits in page size: 9
[    2.264156] bits in OOB size: 4
[    2.264234] flash size with OOB: 135168 KiB
[    2.264323] page address bytes: 4
[    2.264397] sector address bytes: 3
[    2.264475] options: 0x42
[    2.357650] Scanning device for bad blocks
[    2.489583] firmadyne: do_execve: /firmadyne/console
[    2.489821] OFFSETS: offset of pid: 0x190 offset of comm: 0x270
[    2.490328] Creating 11 MTD partitions on "NAND 128MiB 1,8V 8-bit":
[    2.490787] 0x000000000000-0x000000100000 : "NAND simulator partition 0"
[    2.493055] 0x000000100000-0x000000200000 : "NAND simulator partition 1"
[    2.495246] 0x000000200000-0x000000300000 : "NAND simulator partition 2"
[    2.497732] 0x000000300000-0x000000400000 : "NAND simulator partition 3"
[    2.500239] 0x000000400000-0x000000500000 : "NAND simulator partition 4"
[    2.502827] 0x000000500000-0x000000600000 : "NAND simulator partition 5"
[    2.505161] 0x000000600000-0x000000700000 : "NAND simulator partition 6"
[    2.506848] 0x000000700000-0x000000800000 : "NAND simulator partition 7"
[    2.508256] 0x000000800000-0x000000900000 : "NAND simulator partition 8"
[    2.509670] 0x000000900000-0x000000a00000 : "NAND simulator partition 9"
[    2.511205] 0x000000a00000-0x000008000000 : "NAND simulator partition 10"
[    2.518115] tun: Universal TUN/TAP device driver, 1.6
[    2.518278] tun: (C) 1999-2004 Max Krasnyansky <maxk@qualcomm.com>
[    2.639870] PPP generic driver version 2.4.2
[    2.640680] PPP BSD Compression module registered
[    2.640862] PPP Deflate Compression module registered
[    2.641143] PPP MPPE Compression module registered
[    2.641282] NET: Registered protocol family 24
[    2.641630] PPTP driver version 0.8.5
[    2.694459] usbcore: registered new interface driver usb-storage
[    2.698171] rtc-pl031 9010000.pl031: rtc core: registered pl031 as rtc0
[    2.698997] hidraw: raw HID events driver (C) Jiri Kosina
[    2.699559] usbcore: registered new interface driver usbhid
[    2.699694] usbhid: USB HID core driver
[    2.700181] Netfilter messages via NETLINK v0.30.
[    2.700850] nf_conntrack version 0.5.0 (3958 buckets, 15832 max)
[    2.702333] ctnetlink v0.93: registering with nfnetlink.
[    2.703971] ipip: IPv4 over IPv4 tunneling driver
[    2.706197] gre: GRE over IPv4 demultiplexor driver
[    2.706383] ip_gre: GRE over IPv4 tunneling driver
[    2.711144] ip_tables: (C) 2000-2006 Netfilter Core Team
[    2.712899] arp_tables: (C) 2002 David S. Miller
[    2.714166] Initializing XFRM netlink socket
[    2.714730] NET: Registered protocol family 10
[    2.722071] ip6_tables: (C) 2000-2006 Netfilter Core Team
[    2.724033] sit: IPv6 over IPv4 tunneling driver
[    2.803739] NET: Registered protocol family 17
[    2.804493] bridge: automatic filtering via arp/ip/ip6tables has been deprecated. Update your scripts to load br_netfilter if you need this.
[    2.804830] Bridge firewalling registered
[    2.804994] Ebtables v2.0 registered
[    2.806350] 8021q: 802.1Q VLAN Support v1.8
[    2.807051] Registering SWP/SWPB emulation handler
[    2.810042] rtc-pl031 9010000.pl031: setting system clock to 2018-07-19 08:28:50 UTC (1531988930)
[    2.821256] EXT4-fs (vda1): couldn't mount as ext3 due to feature incompatibilities
[    2.823900] EXT4-fs (vda1): mounting ext2 file system using the ext4 subsystem
[    2.835245] EXT4-fs (vda1): mounted filesystem without journal. Opts: (null)
[    2.836408] VFS: Mounted root (ext2 filesystem) on device 254:1.
[    2.855230] Freeing unused kernel memory: 180K (c05c7000 - c05f4000)
[    3.176983] firmadyne: sys_reboot[PID: 54 (init)]: magic1:fee1dead, magic2:28121969, cmd:0
[    3.199342] firmadyne: sys_socket[PID: 1 (init)]: family:1, type:2, protocol:0
[    3.210376] firmadyne: sys_socket[PID: 55 (init)]: family:1, type:2, protocol:0
[    3.724073] cfg80211: Calling CRDA to update world regulatory domain
[    3.761967] firmadyne: sys_socket[PID: 64 (telnetd)]: family:2, type:1, protocol:0
[    3.764954] firmadyne: sys_setsockopt[PID: 64 (telnetd)]: fd:3, level:1, optname:2
[    3.809576] firmadyne: inet_bind[PID: 64 (telnetd)]: proto:SOCK_STREAM, port:23
Using /lib/modules/mvKernelExt.ko
insmod: kernel-module version mismatch
	/lib/modules/mvKernelExt.ko was compiled for kernel version 
	while this kernel is version 4.1.17+.
Using /lib/modules/mvPpDrv.ko
insmod: kernel-module version mismatch
	/lib/modules/mvPpDrv.ko was compiled for kernel version 
	while this kernel is version 4.1.17+.
Fri May 23 14:32:00 UTC 2008
[    4.260146] firmadyne: sys_socket[PID: 72 (ifconfig)]: family:2, type:2, protocol:0
[    4.262121] firmadyne: __inet_insert_ifa[PID: 72 (ifconfig)]: device:lo ifa:0x0100007f
[    4.267308] firmadyne: __inet_insert_ifa[PID: 72 (ifconfig)]: device:lo ifa:0x0100007f




Linux MARVELL_LINUX 4.1.17+ #1 Thu Feb 18 01:05:21 UTC 2016


Welcome to Embedded Linux
           _  _
          | ||_|
          | | _ ____  _   _  _  _ 
          | || |  _ \| | | |\ \/ /
          | || | | | | |_| |/    \
          |_||_|_| |_|\____|\_/\_/

          On Marvell's ARM board

For further information on the Marvell products check:
http://www.marvell.com/

toochain=gnueabi

Enjoy!



BusyBox v1.01 (2008.10.02-12:33+0000) Built-in shell (ash)
Enter 'help' for a list of built-in commands.

/ # [    6.874031] cfg80211: Calling CRDA to update world regulatory domain
[   10.023903] cfg80211: Calling CRDA to update world regulatory domain
[   13.174737] cfg80211: Calling CRDA to update world regulatory domain
[   16.324494] cfg80211: Calling CRDA to update world regulatory domain
[   19.474109] cfg80211: Calling CRDA to update world regulatory domain
[   22.624394] cfg80211: Calling CRDA to update world regulatory domain
[   25.773970] cfg80211: Calling CRDA to update world regulatory domain
[   28.924117] cfg80211: Calling CRDA to update world regulatory domain
[   32.075041] cfg80211: Calling CRDA to update world regulatory domain
[   35.225477] cfg80211: Exceeded CRDA call max attempts. Not calling CRDA
Starting firmware emulation... use Ctrl-a + x to exit
qemu-system-arm: terminating on signal 2 from pid 60396 (timeout)
[    0.000000] Booting Linux on physical CPU 0x0
[    0.000000] Linux version 4.1.17+ (vagrant@vagrant-ubuntu-trusty-64) (gcc version 5.3.0 (GCC) ) #1 Thu Feb 18 01:05:21 UTC 2016
[    0.000000] CPU: ARMv7 Processor [412fc0f1] revision 1 (ARMv7), cr=10c5387d
[    0.000000] CPU: PIPT / VIPT nonaliasing data cache, PIPT instruction cache
[    0.000000] Machine model: linux,dummy-virt
[    0.000000] debug: ignoring loglevel setting.
[    0.000000] Memory policy: Data cache writeback
[    0.000000] On node 0 totalpages: 65536
[    0.000000] free_area_init_node: node 0, pgdat c061dfe8, node_mem_map cfdf9000
[    0.000000]   Normal zone: 512 pages used for memmap
[    0.000000]   Normal zone: 0 pages reserved
[    0.000000]   Normal zone: 65536 pages, LIFO batch:15
[    0.000000] psci: probing for conduit method from DT.
[    0.000000] psci: PSCIv0.2 detected in firmware.
[    0.000000] psci: Using standard PSCI v0.2 function IDs
[    0.000000] CPU: All CPU(s) started in SVC mode.
[    0.000000] pcpu-alloc: s0 r0 d32768 u32768 alloc=1*32768
[    0.000000] pcpu-alloc: [0] 0 
[    0.000000] Built 1 zonelists in Zone order, mobility grouping on.  Total pages: 65024
[    0.000000] Kernel command line: root=/dev/vda1 console=ttyS0 nandsim.parts=64,64,64,64,64,64,64,64,64,64 rdinit=/firmadyne/preInit.sh rw debug ignore_loglevel print-fatal-signals=1 user_debug=31 firmadyne.syscall=0
[    0.000000] PID hash table entries: 1024 (order: 0, 4096 bytes)
[    0.000000] Dentry cache hash table entries: 32768 (order: 5, 131072 bytes)
[    0.000000] Inode-cache hash table entries: 16384 (order: 4, 65536 bytes)
[    0.000000] Memory: 253340K/262144K available (4297K kernel code, 170K rwdata, 1584K rodata, 180K init, 148K bss, 8804K reserved, 0K cma-reserved)
[    0.000000] Virtual kernel memory layout:
[    0.000000]     vector  : 0xffff0000 - 0xffff1000   (   4 kB)
[    0.000000]     fixmap  : 0xffc00000 - 0xfff00000   (3072 kB)
[    0.000000]     vmalloc : 0xd0800000 - 0xff000000   ( 744 MB)
[    0.000000]     lowmem  : 0xc0000000 - 0xd0000000   ( 256 MB)
[    0.000000]     modules : 0xbf000000 - 0xc0000000   (  16 MB)
[    0.000000]       .text : 0xc0008000 - 0xc05c67bc   (5882 kB)
[    0.000000]       .init : 0xc05c7000 - 0xc05f4000   ( 180 kB)
[    0.000000]       .data : 0xc05f4000 - 0xc061e840   ( 171 kB)
[    0.000000]        .bss : 0xc0621000 - 0xc06462d4   ( 149 kB)
[    0.000000] NR_IRQS:16 nr_irqs:16 16
[    0.000000] Architected cp15 timer(s) running at 62.50MHz (virt).
[    0.000000] clocksource arch_sys_counter: mask: 0xffffffffffffff max_cycles: 0x1cd42e208c, max_idle_ns: 881590405314 ns
[    0.000161] sched_clock: 56 bits at 62MHz, resolution 16ns, wraps every 4398046511096ns
[    0.000310] Switching to timer-based delay loop, resolution 16ns
[    0.003544] Console: colour dummy device 80x30
[    0.003865] Calibrating delay loop (skipped), value calculated using timer frequency.. 125.00 BogoMIPS (lpj=625000)
[    0.004018] pid_max: default: 32768 minimum: 301
[    0.004932] Mount-cache hash table entries: 1024 (order: 0, 4096 bytes)
[    0.004994] Mountpoint-cache hash table entries: 1024 (order: 0, 4096 bytes)
[    0.098830] CPU: Testing write buffer coherency: ok
[    0.106217] Setting up static identity map for 0x40008240 - 0x40008298
[    0.122484] VFP support v0.3: implementor 41 architecture 4 part 30 variant f rev 0
[    0.136323] clocksource jiffies: mask: 0xffffffff max_cycles: 0xffffffff, max_idle_ns: 19112604462750000 ns
[    0.208356] NET: Registered protocol family 16
[    0.211689] DMA: preallocated 256 KiB pool for atomic coherent allocations
[    0.216861] cpuidle: using governor ladder
[    0.217070] cpuidle: using governor menu
[    0.240766] Serial: AMBA PL011 UART driver
[    0.243160] 9000000.pl011: ttyS0 at MMIO 0x9000000 (irq = 54, base_baud = 0) is a PL011 rev1
[    0.251640] console [ttyS0] enabled
[    0.361909] vgaarb: loaded
[    0.363581] SCSI subsystem initialized
[    0.364780] usbcore: registered new interface driver usbfs
[    0.365174] usbcore: registered new interface driver hub
[    0.365521] usbcore: registered new device driver usb
[    0.376458] cfg80211: Calling CRDA to update world regulatory domain
[    0.379313] Switched to clocksource arch_sys_counter
[    0.400467] NET: Registered protocol family 2
[    0.406077] TCP established hash table entries: 2048 (order: 1, 8192 bytes)
[    0.406356] TCP bind hash table entries: 2048 (order: 1, 8192 bytes)
[    0.406674] TCP: Hash tables configured (established 2048 bind 2048)
[    0.407260] UDP hash table entries: 256 (order: 0, 4096 bytes)
[    0.407532] UDP-Lite hash table entries: 256 (order: 0, 4096 bytes)
[    0.409292] NET: Registered protocol family 1
[    0.409790] PCI: CLS 0 bytes, default 64
[    0.418439] NetWinder Floating Point Emulator V0.97 (extended precision)
[    0.421640] futex hash table entries: 256 (order: -1, 3072 bytes)
[    0.516617] squashfs: version 4.0 (2009/01/31) Phillip Lougher
[    0.517785] jffs2: version 2.2. (NAND) © 2001-2006 Red Hat, Inc.
[    0.518609] romfs: ROMFS MTD (C) 2007 Red Hat, Inc.
[    0.527835] Block layer SCSI generic (bsg) driver version 0.4 loaded (major 253)
[    0.528208] io scheduler noop registered
[    0.528462] io scheduler cfq registered (default)
[    0.529320] firmadyne: devfs: 1, execute: 1, procfs: 1, syscall: 0
[    0.530838] ------------[ cut here ]------------
[    0.531076] WARNING: CPU: 0 PID: 1 at /home/vagrant/firmadyne-kernel/kernel-v4.1/fs/sysfs/dir.c:31 sysfs_warn_dup+0x50/0x6c()
[    0.531303] sysfs: cannot create duplicate filename '/class/gpio'
[    0.531478] Modules linked in:
[    0.531836] CPU: 0 PID: 1 Comm: swapper Not tainted 4.1.17+ #1
[    0.531987] Hardware name: Generic DT based system
[    0.532687] [<c001c99c>] (unwind_backtrace) from [<c0019d30>] (show_stack+0x10/0x14)
[    0.532966] [<c0019d30>] (show_stack) from [<c0024ab4>] (warn_slowpath_common+0x80/0xa8)
[    0.533165] [<c0024ab4>] (warn_slowpath_common) from [<c0024b08>] (warn_slowpath_fmt+0x2c/0x3c)
[    0.533422] [<c0024b08>] (warn_slowpath_fmt) from [<c00e363c>] (sysfs_warn_dup+0x50/0x6c)
[    0.533618] [<c00e363c>] (sysfs_warn_dup) from [<c00e3714>] (sysfs_create_dir_ns+0x74/0x84)
[    0.533797] [<c00e3714>] (sysfs_create_dir_ns) from [<c018e6ac>] (kobject_add_internal+0xb8/0x2ac)
[    0.534014] [<c018e6ac>] (kobject_add_internal) from [<c018e9a8>] (kset_register+0x1c/0x44)
[    0.534189] [<c018e9a8>] (kset_register) from [<c02090b4>] (__class_register+0xa8/0x198)
[    0.534359] [<c02090b4>] (__class_register) from [<c02091e4>] (__class_create+0x40/0x70)
[    0.534547] [<c02091e4>] (__class_create) from [<c01adf68>] (register_devfs_stubs+0x314/0xbb4)
[    0.534719] [<c01adf68>] (register_devfs_stubs) from [<c05d9b08>] (init_module+0x28/0xa4)
[    0.534913] [<c05d9b08>] (init_module) from [<c0009670>] (do_one_initcall+0x104/0x1b4)
[    0.535100] [<c0009670>] (do_one_initcall) from [<c05c7d08>] (kernel_init_freeable+0xf0/0x1b0)
[    0.535279] [<c05c7d08>] (kernel_init_freeable) from [<c040f28c>] (kernel_init+0x8/0xe4)
[    0.535444] [<c040f28c>] (kernel_init) from [<c0016da8>] (ret_from_fork+0x14/0x2c)
[    0.535715] ---[ end trace 416cd8c7997bdf0b ]---
[    0.535904] ------------[ cut here ]------------
[    0.536033] WARNING: CPU: 0 PID: 1 at /home/vagrant/firmadyne-kernel/kernel-v4.1/lib/kobject.c:240 kobject_add_internal+0x240/0x2ac()
[    0.536250] kobject_add_internal failed for gpio with -EEXIST, don't try to register things with the same name in the same directory.
[    0.536475] Modules linked in:
[    0.536607] CPU: 0 PID: 1 Comm: swapper Tainted: G        W       4.1.17+ #1
[    0.536756] Hardware name: Generic DT based system
[    0.536874] [<c001c99c>] (unwind_backtrace) from [<c0019d30>] (show_stack+0x10/0x14)
[    0.537037] [<c0019d30>] (show_stack) from [<c0024ab4>] (warn_slowpath_common+0x80/0xa8)
[    0.537207] [<c0024ab4>] (warn_slowpath_common) from [<c0024b08>] (warn_slowpath_fmt+0x2c/0x3c)
[    0.537385] [<c0024b08>] (warn_slowpath_fmt) from [<c018e834>] (kobject_add_internal+0x240/0x2ac)
[    0.537586] [<c018e834>] (kobject_add_internal) from [<c018e9a8>] (kset_register+0x1c/0x44)
[    0.537757] [<c018e9a8>] (kset_register) from [<c02090b4>] (__class_register+0xa8/0x198)
[    0.537940] [<c02090b4>] (__class_register) from [<c02091e4>] (__class_create+0x40/0x70)
[    0.538123] [<c02091e4>] (__class_create) from [<c01adf68>] (register_devfs_stubs+0x314/0xbb4)
[    0.538301] [<c01adf68>] (register_devfs_stubs) from [<c05d9b08>] (init_module+0x28/0xa4)
[    0.538469] [<c05d9b08>] (init_module) from [<c0009670>] (do_one_initcall+0x104/0x1b4)
[    0.538647] [<c0009670>] (do_one_initcall) from [<c05c7d08>] (kernel_init_freeable+0xf0/0x1b0)
[    0.538817] [<c05c7d08>] (kernel_init_freeable) from [<c040f28c>] (kernel_init+0x8/0xe4)
[    0.538990] [<c040f28c>] (kernel_init) from [<c0016da8>] (ret_from_fork+0x14/0x2c)
[    0.539310] ---[ end trace 416cd8c7997bdf0c ]---
[    0.539481] firmadyne: Cannot create device class: gpio!
[    0.541348] firmadyne: Cannot register character device: watchdog, 0xa, 0x82!
[    0.541528] firmadyne: Cannot register character device: wdt, 0xfd, 0x0!
[    0.625870] PCI host bridge /pcie@10000000 ranges:
[    0.626491]    IO 0x3eff0000..0x3effffff -> 0x00000000
[    0.626864]   MEM 0x10000000..0x3efeffff -> 0x10000000
[    0.626996]   MEM 0x8000000000..0xffffffffff -> 0x8000000000
[    0.627715] pci-host-generic 3f000000.pcie: resource collision: [mem 0x00000000-0xffffffff] conflicts with /pl011@9000000 [mem 0x09000000-0x09000fff]
[    0.628460] pci-host-generic: probe of 3f000000.pcie failed with error -16
[    0.640878] Non-volatile memory driver v1.3
[    0.752015] brd: module loaded
[    0.762574] loop: module loaded
[    0.892130]  vda: vda1
[    0.904775] 0.flash: Found 2 x16 devices at 0x0 in 32-bit bank. Manufacturer ID 0x000000 Chip ID 0x000000
[    0.905463] Intel/Sharp Extended Query Table at 0x0031
[    0.906690] Using buffer write method
[    0.907120] erase region 0: offset=0x0,size=0x40000,blocks=256
[    0.914821] 0.flash: Found 2 x16 devices at 0x0 in 32-bit bank. Manufacturer ID 0x000000 Chip ID 0x000000
[    0.915078] Intel/Sharp Extended Query Table at 0x0031
[    0.915848] Using buffer write method
[    0.915966] erase region 0: offset=0x0,size=0x40000,blocks=256
[    0.916186] Concatenating MTD devices:
[    0.916293] (0): "0.flash"
[    0.916366] (1): "0.flash"
[    0.916433] into device "0.flash"
[    0.929999] [nandsim] warning: read_byte: unexpected data output cycle, state is STATE_READY return 0x0
[    0.930244] [nandsim] warning: read_byte: unexpected data output cycle, state is STATE_READY return 0x0
[    0.930445] [nandsim] warning: read_byte: unexpected data output cycle, state is STATE_READY return 0x0
[    0.930604] [nandsim] warning: read_byte: unexpected data output cycle, state is STATE_READY return 0x0
[    0.930762] [nandsim] warning: read_byte: unexpected data output cycle, state is STATE_READY return 0x0
[    0.930920] [nandsim] warning: read_byte: unexpected data output cycle, state is STATE_READY return 0x0
[    0.931355] nand: device found, Manufacturer ID: 0x98, Chip ID: 0x39
[    0.931502] nand: Toshiba NAND 128MiB 1,8V 8-bit
[    0.931658] nand: 128 MiB, SLC, erase size: 16 KiB, page size: 512, OOB size: 16
[    0.932573] flash size: 128 MiB
[    0.932655] page size: 512 bytes
[    0.932725] OOB area size: 16 bytes
[    0.932798] sector size: 16 KiB
[    0.932865] pages number: 262144
[    0.932932] pages per sector: 32
[    0.933015] bus width: 8
[    0.933074] bits in sector size: 14
[    0.933164] bits in page size: 9
[    0.933241] bits in OOB size: 4
[    0.933321] flash size with OOB: 135168 KiB
[    0.933411] page address bytes: 4
[    0.933485] sector address bytes: 3
[    0.933582] options: 0x42
[    1.005303] Scanning device for bad blocks
[    1.116339] firmadyne: do_execve: /firmadyne/console
[    1.116550] OFFSETS: offset of pid: 0x190 offset of comm: 0x270
[    1.116989] Creating 11 MTD partitions on "NAND 128MiB 1,8V 8-bit":
[    1.117397] 0x000000000000-0x000000100000 : "NAND simulator partition 0"
[    1.119903] 0x000000100000-0x000000200000 : "NAND simulator partition 1"
[    1.121333] 0x000000200000-0x000000300000 : "NAND simulator partition 2"
[    1.122782] 0x000000300000-0x000000400000 : "NAND simulator partition 3"
[    1.124222] 0x000000400000-0x000000500000 : "NAND simulator partition 4"
[    1.125637] 0x000000500000-0x000000600000 : "NAND simulator partition 5"
[    1.127047] 0x000000600000-0x000000700000 : "NAND simulator partition 6"
[    1.128718] 0x000000700000-0x000000800000 : "NAND simulator partition 7"
[    1.130291] 0x000000800000-0x000000900000 : "NAND simulator partition 8"
[    1.131695] 0x000000900000-0x000000a00000 : "NAND simulator partition 9"
[    1.133175] 0x000000a00000-0x000008000000 : "NAND simulator partition 10"
[    1.139261] tun: Universal TUN/TAP device driver, 1.6
[    1.139426] tun: (C) 1999-2004 Max Krasnyansky <maxk@qualcomm.com>
[    1.268651] PPP generic driver version 2.4.2
[    1.269633] PPP BSD Compression module registered
[    1.269825] PPP Deflate Compression module registered
[    1.270128] PPP MPPE Compression module registered
[    1.270267] NET: Registered protocol family 24
[    1.270606] PPTP driver version 0.8.5
[    1.276041] usbcore: registered new interface driver usb-storage
[    1.279809] rtc-pl031 9010000.pl031: rtc core: registered pl031 as rtc0
[    1.280647] hidraw: raw HID events driver (C) Jiri Kosina
[    1.281244] usbcore: registered new interface driver usbhid
[    1.281400] usbhid: USB HID core driver
[    1.281939] Netfilter messages via NETLINK v0.30.
[    1.282663] nf_conntrack version 0.5.0 (3958 buckets, 15832 max)
[    1.284191] ctnetlink v0.93: registering with nfnetlink.
[    1.285739] ipip: IPv4 over IPv4 tunneling driver
[    1.288047] gre: GRE over IPv4 demultiplexor driver
[    1.288212] ip_gre: GRE over IPv4 tunneling driver
[    1.293207] ip_tables: (C) 2000-2006 Netfilter Core Team
[    1.295090] arp_tables: (C) 2002 David S. Miller
[    1.296259] Initializing XFRM netlink socket
[    1.296802] NET: Registered protocol family 10
[    1.369392] ip6_tables: (C) 2000-2006 Netfilter Core Team
[    1.371348] sit: IPv6 over IPv4 tunneling driver
[    1.375409] NET: Registered protocol family 17
[    1.376090] bridge: automatic filtering via arp/ip/ip6tables has been deprecated. Update your scripts to load br_netfilter if you need this.
[    1.376455] Bridge firewalling registered
[    1.376614] Ebtables v2.0 registered
[    1.377950] 8021q: 802.1Q VLAN Support v1.8
[    1.378665] Registering SWP/SWPB emulation handler
[    1.381790] rtc-pl031 9010000.pl031: setting system clock to 2018-07-19 08:29:51 UTC (1531988991)
[    1.392701] EXT4-fs (vda1): couldn't mount as ext3 due to feature incompatibilities
[    1.394970] EXT4-fs (vda1): mounting ext2 file system using the ext4 subsystem
[    1.404486] EXT4-fs (vda1): warning: mounting unchecked fs, running e2fsck is recommended
[    1.407430] EXT4-fs (vda1): mounted filesystem without journal. Opts: (null)
[    1.408545] VFS: Mounted root (ext2 filesystem) on device 254:1.
[    1.427115] Freeing unused kernel memory: 180K (c05c7000 - c05f4000)
[    1.833339] firmadyne: sys_reboot[PID: 54 (init)]: magic1:fee1dead, magic2:28121969, cmd:0
Using /lib/modules/mvKernelExt.ko
insmod: kernel-module version mismatch
	/lib/modules/mvKernelExt.ko was compiled for kernel version 
	while this kernel is version 4.1.17+.
Using /lib/modules/mvPpDrv.ko
insmod: kernel-module version mismatch
	/lib/modules/mvPpDrv.ko was compiled for kernel version 
	while this kernel is version 4.1.17+.
Fri May 23 14:32:00 UTC 2008




Linux MARVELL_LINUX 4.1.17+ #1 Thu Feb 18 01:05:21 UTC 2016


Welcome to Embedded Linux
           _  _
          | ||_|
          | | _ ____  _   _  _  _ 
          | || |  _ \| | | |\ \/ /
          | || | | | | |_| |/    \
          |_||_|_| |_|\____|\_/\_/

          On Marvell's ARM board

For further information on the Marvell products check:
http://www.marvell.com/

toochain=gnueabi

Enjoy!

[    3.519659] cfg80211: Calling CRDA to update world regulatory domain


BusyBox v1.01 (2008.10.02-12:33+0000) Built-in shell (ash)
Enter 'help' for a list of built-in commands.

/ # [    6.669506] cfg80211: Calling CRDA to update world regulatory domain
[    9.820224] cfg80211: Calling CRDA to update world regulatory domain
[   12.969948] cfg80211: Calling CRDA to update world regulatory domain
[   16.122206] cfg80211: Calling CRDA to update world regulatory domain
[   19.271468] cfg80211: Calling CRDA to update world regulatory domain
[   22.420570] cfg80211: Calling CRDA to update world regulatory domain
[   25.569754] cfg80211: Calling CRDA to update world regulatory domain
[   28.719924] cfg80211: Calling CRDA to update world regulatory domain
[   31.872199] cfg80211: Calling CRDA to update world regulatory domain
[   35.021234] cfg80211: Exceeded CRDA call max attempts. Not calling CRDA
