>> Database Image ID: 151

/home/zhumengfan/firmware/firmwares/23bee8a45201ec4ed01582009f55e42fd9bdec57.zip
>> MD5: 20776c8ceff3d6e9c5b83e8863be08fd
>> Tag: 151
>> Temp: /tmp/tmpnbVPbm
>> Status: Kernel: True, Rootfs: False, Do_Kernel: False,                 Do_Rootfs: True
>>>> Zip archive data, at least v1.0 to extract, name: dgs121010P_FW_200011/
>> Recursing into archive ...
	
/tmp/tmpnbVPbm/_23bee8a45201ec4ed01582009f55e42fd9bdec57.zip.extracted/dgs121010P_FW_200011/DGS-1210-10P_A1_2_00_011.hex
	>> MD5: 8e20d2794c11237924f09f4203c3c947
	>> Tag: 151
	>> Temp: /tmp/tmpthRISf
	>> Status: Kernel: True, Rootfs: False, Do_Kernel: False,                 Do_Rootfs: True
	>>>> Squashfs filesystem, little endian, version 3.1, size: 4991863 bytes, 218 inodes, blocksize: 131072 bytes, created: 2010-08-30 04:41:56
	>>>> Found Linux filesystem in /tmp/tmpthRISf/_DGS-1210-10P_A1_2_00_011.hex.extracted/squashfs-root!
	>> Skipping: completed!
	>> Cleaning up /tmp/tmpthRISf...
>> Skipping: completed!
>> Cleaning up /tmp/tmpnbVPbm...
./bin/busybox: armel
Querying database for architecture... armel
----Running----
----Copying Filesystem Tarball----
----Creating QEMU Image----
Formatting '/home/zhumengfan/firmadyne//scratch//151//image.raw', fmt=raw size=1073741824
----Creating Partition Table----

Welcome to fdisk (util-linux 2.27.1).
Changes will remain in memory only, until you decide to write them.
Be careful before using the write command.

Device does not contain a recognized partition table.
Created a new DOS disklabel with disk identifier 0xad8694db.

Command (m for help): Created a new DOS disklabel with disk identifier 0x43edf3b2.

Command (m for help): Partition type
   p   primary (0 primary, 0 extended, 4 free)
   e   extended (container for logical partitions)
Select (default p): Partition number (1-4, default 1): First sector (2048-2097151, default 2048): Last sector, +sectors or +size{K,M,G,T,P} (2048-2097151, default 2097151): 
Created a new partition 1 of type 'Linux' and of size 1023 MiB.

Command (m for help): The partition table has been altered.
Syncing disks.

----Mounting QEMU Image----
add map loop0p1 (252:0): 0 2095104 linear 7:0 2048
----Creating Filesystem----
mke2fs 1.42.13 (17-May-2015)
Discarding device blocks:   4096/261888             done                            
Creating filesystem with 261888 4k blocks and 65536 inodes
Filesystem UUID: 0f8c9faa-f25d-4b56-8319-7f2f263936b8
Superblock backups stored on blocks: 
	32768, 98304, 163840, 229376

Allocating group tables: 0/8   done                            
Writing inode tables: 0/8   done                            
Writing superblocks and filesystem accounting information: 0/8   done

----Making QEMU Image Mountpoint----
----Mounting QEMU Image Partition 1----
----Extracting Filesystem Tarball----
----Creating FIRMADYNE Directories----
----Patching Filesystem (chroot)----
Creating /etc/TZ!
Creating /etc/hosts!
Warning: Recreating device nodes!
Removing /etc/scripts/sys_resetbutton!
----Setting up FIRMADYNE----
----Unmounting QEMU Image----
loop deleted : /dev/loop0
Querying database for architecture... armel
Running firmware 151: terminating after 60 secs...
qemu-system-arm: terminating on signal 2 from pid 144294 (timeout)
Inferring network...
Interfaces: []
Done!
[    0.000000] Booting Linux on physical CPU 0x0
[    0.000000] Linux version 4.1.17+ (vagrant@vagrant-ubuntu-trusty-64) (gcc version 5.3.0 (GCC) ) #1 Thu Feb 18 01:05:21 UTC 2016
[    0.000000] CPU: ARMv7 Processor [412fc0f1] revision 1 (ARMv7), cr=10c5387d
[    0.000000] CPU: PIPT / VIPT nonaliasing data cache, PIPT instruction cache
[    0.000000] Machine model: linux,dummy-virt
[    0.000000] debug: ignoring loglevel setting.
[    0.000000] Memory policy: Data cache writeback
[    0.000000] On node 0 totalpages: 65536
[    0.000000] free_area_init_node: node 0, pgdat c061dfe8, node_mem_map cfdf9000
[    0.000000]   Normal zone: 512 pages used for memmap
[    0.000000]   Normal zone: 0 pages reserved
[    0.000000]   Normal zone: 65536 pages, LIFO batch:15
[    0.000000] psci: probing for conduit method from DT.
[    0.000000] psci: PSCIv0.2 detected in firmware.
[    0.000000] psci: Using standard PSCI v0.2 function IDs
[    0.000000] CPU: All CPU(s) started in SVC mode.
[    0.000000] pcpu-alloc: s0 r0 d32768 u32768 alloc=1*32768
[    0.000000] pcpu-alloc: [0] 0 
[    0.000000] Built 1 zonelists in Zone order, mobility grouping on.  Total pages: 65024
[    0.000000] Kernel command line: firmadyne.syscall=1 root=/dev/vda1 console=ttyS0 nandsim.parts=64,64,64,64,64,64,64,64,64,64 rdinit=/firmadyne/preInit.sh rw debug ignore_loglevel print-fatal-signals=1 user_debug=31
[    0.000000] PID hash table entries: 1024 (order: 0, 4096 bytes)
[    0.000000] Dentry cache hash table entries: 32768 (order: 5, 131072 bytes)
[    0.000000] Inode-cache hash table entries: 16384 (order: 4, 65536 bytes)
[    0.000000] Memory: 253340K/262144K available (4297K kernel code, 170K rwdata, 1584K rodata, 180K init, 148K bss, 8804K reserved, 0K cma-reserved)
[    0.000000] Virtual kernel memory layout:
[    0.000000]     vector  : 0xffff0000 - 0xffff1000   (   4 kB)
[    0.000000]     fixmap  : 0xffc00000 - 0xfff00000   (3072 kB)
[    0.000000]     vmalloc : 0xd0800000 - 0xff000000   ( 744 MB)
[    0.000000]     lowmem  : 0xc0000000 - 0xd0000000   ( 256 MB)
[    0.000000]     modules : 0xbf000000 - 0xc0000000   (  16 MB)
[    0.000000]       .text : 0xc0008000 - 0xc05c67bc   (5882 kB)
[    0.000000]       .init : 0xc05c7000 - 0xc05f4000   ( 180 kB)
[    0.000000]       .data : 0xc05f4000 - 0xc061e840   ( 171 kB)
[    0.000000]        .bss : 0xc0621000 - 0xc06462d4   ( 149 kB)
[    0.000000] NR_IRQS:16 nr_irqs:16 16
[    0.000000] Architected cp15 timer(s) running at 62.50MHz (virt).
[    0.000000] clocksource arch_sys_counter: mask: 0xffffffffffffff max_cycles: 0x1cd42e208c, max_idle_ns: 881590405314 ns
[    0.000163] sched_clock: 56 bits at 62MHz, resolution 16ns, wraps every 4398046511096ns
[    0.000309] Switching to timer-based delay loop, resolution 16ns
[    0.003471] Console: colour dummy device 80x30
[    0.003803] Calibrating delay loop (skipped), value calculated using timer frequency.. 125.00 BogoMIPS (lpj=625000)
[    0.003961] pid_max: default: 32768 minimum: 301
[    0.004869] Mount-cache hash table entries: 1024 (order: 0, 4096 bytes)
[    0.004912] Mountpoint-cache hash table entries: 1024 (order: 0, 4096 bytes)
[    0.014282] CPU: Testing write buffer coherency: ok
[    0.020723] Setting up static identity map for 0x40008240 - 0x40008298
[    0.103793] VFP support v0.3: implementor 41 architecture 4 part 30 variant f rev 0
[    0.116041] clocksource jiffies: mask: 0xffffffff max_cycles: 0xffffffff, max_idle_ns: 19112604462750000 ns
[    0.125184] NET: Registered protocol family 16
[    0.128548] DMA: preallocated 256 KiB pool for atomic coherent allocations
[    0.132699] cpuidle: using governor ladder
[    0.132857] cpuidle: using governor menu
[    0.213152] Serial: AMBA PL011 UART driver
[    0.215380] 9000000.pl011: ttyS0 at MMIO 0x9000000 (irq = 54, base_baud = 0) is a PL011 rev1
[    0.223556] console [ttyS0] enabled
[    0.246930] vgaarb: loaded
[    0.248615] SCSI subsystem initialized
[    0.249748] usbcore: registered new interface driver usbfs
[    0.250114] usbcore: registered new interface driver hub
[    0.250435] usbcore: registered new device driver usb
[    0.259684] cfg80211: Calling CRDA to update world regulatory domain
[    0.261969] Switched to clocksource arch_sys_counter
[    0.280923] NET: Registered protocol family 2
[    3.829692] TCP established hash table entries: 2048 (order: 1, 8192 bytes)
[    3.829999] TCP bind hash table entries: 2048 (order: 1, 8192 bytes)
[    3.830310] TCP: Hash tables configured (established 2048 bind 2048)
[    3.830891] UDP hash table entries: 256 (order: 0, 4096 bytes)
[    3.831139] UDP-Lite hash table entries: 256 (order: 0, 4096 bytes)
[    3.832823] NET: Registered protocol family 1
[    3.833333] PCI: CLS 0 bytes, default 64
[    3.840749] NetWinder Floating Point Emulator V0.97 (extended precision)
[    3.843656] futex hash table entries: 256 (order: -1, 3072 bytes)
[    3.846376] cfg80211: Calling CRDA to update world regulatory domain
[    3.849780] squashfs: version 4.0 (2009/01/31) Phillip Lougher
[    3.850788] jffs2: version 2.2. (NAND) © 2001-2006 Red Hat, Inc.
[    3.851587] romfs: ROMFS MTD (C) 2007 Red Hat, Inc.
[    3.860583] Block layer SCSI generic (bsg) driver version 0.4 loaded (major 253)
[    3.860945] io scheduler noop registered
[    3.861175] io scheduler cfq registered (default)
[    3.861997] firmadyne: devfs: 1, execute: 1, procfs: 1, syscall: 1
[    3.863364] ------------[ cut here ]------------
[    3.863599] WARNING: CPU: 0 PID: 1 at /home/vagrant/firmadyne-kernel/kernel-v4.1/fs/sysfs/dir.c:31 sysfs_warn_dup+0x50/0x6c()
[    3.863849] sysfs: cannot create duplicate filename '/class/gpio'
[    3.864020] Modules linked in:
[    3.864340] CPU: 0 PID: 1 Comm: swapper Not tainted 4.1.17+ #1
[    3.864483] Hardware name: Generic DT based system
[    3.865190] [<c001c99c>] (unwind_backtrace) from [<c0019d30>] (show_stack+0x10/0x14)
[    3.865496] [<c0019d30>] (show_stack) from [<c0024ab4>] (warn_slowpath_common+0x80/0xa8)
[    3.865696] [<c0024ab4>] (warn_slowpath_common) from [<c0024b08>] (warn_slowpath_fmt+0x2c/0x3c)
[    3.865931] [<c0024b08>] (warn_slowpath_fmt) from [<c00e363c>] (sysfs_warn_dup+0x50/0x6c)
[    3.866112] [<c00e363c>] (sysfs_warn_dup) from [<c00e3714>] (sysfs_create_dir_ns+0x74/0x84)
[    3.866295] [<c00e3714>] (sysfs_create_dir_ns) from [<c018e6ac>] (kobject_add_internal+0xb8/0x2ac)
[    3.866499] [<c018e6ac>] (kobject_add_internal) from [<c018e9a8>] (kset_register+0x1c/0x44)
[    3.866671] [<c018e9a8>] (kset_register) from [<c02090b4>] (__class_register+0xa8/0x198)
[    3.866861] [<c02090b4>] (__class_register) from [<c02091e4>] (__class_create+0x40/0x70)
[    3.867034] [<c02091e4>] (__class_create) from [<c01adf68>] (register_devfs_stubs+0x314/0xbb4)
[    3.867216] [<c01adf68>] (register_devfs_stubs) from [<c05d9b08>] (init_module+0x28/0xa4)
[    3.867432] [<c05d9b08>] (init_module) from [<c0009670>] (do_one_initcall+0x104/0x1b4)
[    3.867607] [<c0009670>] (do_one_initcall) from [<c05c7d08>] (kernel_init_freeable+0xf0/0x1b0)
[    3.867793] [<c05c7d08>] (kernel_init_freeable) from [<c040f28c>] (kernel_init+0x8/0xe4)
[    3.867973] [<c040f28c>] (kernel_init) from [<c0016da8>] (ret_from_fork+0x14/0x2c)
[    3.868225] ---[ end trace 5d1f8a42d585b2d8 ]---
[    3.868418] ------------[ cut here ]------------
[    3.868532] WARNING: CPU: 0 PID: 1 at /home/vagrant/firmadyne-kernel/kernel-v4.1/lib/kobject.c:240 kobject_add_internal+0x240/0x2ac()
[    3.868748] kobject_add_internal failed for gpio with -EEXIST, don't try to register things with the same name in the same directory.
[    3.868962] Modules linked in:
[    3.869101] CPU: 0 PID: 1 Comm: swapper Tainted: G        W       4.1.17+ #1
[    3.869238] Hardware name: Generic DT based system
[    3.869356] [<c001c99c>] (unwind_backtrace) from [<c0019d30>] (show_stack+0x10/0x14)
[    3.869522] [<c0019d30>] (show_stack) from [<c0024ab4>] (warn_slowpath_common+0x80/0xa8)
[    3.869694] [<c0024ab4>] (warn_slowpath_common) from [<c0024b08>] (warn_slowpath_fmt+0x2c/0x3c)
[    3.869874] [<c0024b08>] (warn_slowpath_fmt) from [<c018e834>] (kobject_add_internal+0x240/0x2ac)
[    3.870066] [<c018e834>] (kobject_add_internal) from [<c018e9a8>] (kset_register+0x1c/0x44)
[    3.870239] [<c018e9a8>] (kset_register) from [<c02090b4>] (__class_register+0xa8/0x198)
[    3.870408] [<c02090b4>] (__class_register) from [<c02091e4>] (__class_create+0x40/0x70)
[    3.870576] [<c02091e4>] (__class_create) from [<c01adf68>] (register_devfs_stubs+0x314/0xbb4)
[    3.870756] [<c01adf68>] (register_devfs_stubs) from [<c05d9b08>] (init_module+0x28/0xa4)
[    3.870926] [<c05d9b08>] (init_module) from [<c0009670>] (do_one_initcall+0x104/0x1b4)
[    3.871093] [<c0009670>] (do_one_initcall) from [<c05c7d08>] (kernel_init_freeable+0xf0/0x1b0)
[    3.871271] [<c05c7d08>] (kernel_init_freeable) from [<c040f28c>] (kernel_init+0x8/0xe4)
[    3.871445] [<c040f28c>] (kernel_init) from [<c0016da8>] (ret_from_fork+0x14/0x2c)
[    3.871610] ---[ end trace 5d1f8a42d585b2d9 ]---
[    3.871889] firmadyne: Cannot create device class: gpio!
[    3.873646] firmadyne: Cannot register character device: watchdog, 0xa, 0x82!
[    3.873823] firmadyne: Cannot register character device: wdt, 0xfd, 0x0!
[    3.956140] PCI host bridge /pcie@10000000 ranges:
[    3.956702]    IO 0x3eff0000..0x3effffff -> 0x00000000
[    3.957092]   MEM 0x10000000..0x3efeffff -> 0x10000000
[    3.957226]   MEM 0x8000000000..0xffffffffff -> 0x8000000000
[    3.957891] pci-host-generic 3f000000.pcie: resource collision: [mem 0x00000000-0xffffffff] conflicts with /pl011@9000000 [mem 0x09000000-0x09000fff]
[    3.958590] pci-host-generic: probe of 3f000000.pcie failed with error -16
[    3.970369] Non-volatile memory driver v1.3
[    5.601243] brd: module loaded
[    5.611969] loop: module loaded
[    5.671242]  vda: vda1
[    5.684018] 0.flash: Found 2 x16 devices at 0x0 in 32-bit bank. Manufacturer ID 0x000000 Chip ID 0x000000
[    5.684673] Intel/Sharp Extended Query Table at 0x0031
[    5.685818] Using buffer write method
[    5.686243] erase region 0: offset=0x0,size=0x40000,blocks=256
[    5.693989] 0.flash: Found 2 x16 devices at 0x0 in 32-bit bank. Manufacturer ID 0x000000 Chip ID 0x000000
[    5.694246] Intel/Sharp Extended Query Table at 0x0031
[    5.695002] Using buffer write method
[    5.695120] erase region 0: offset=0x0,size=0x40000,blocks=256
[    5.695342] Concatenating MTD devices:
[    5.695465] (0): "0.flash"
[    5.696728] (1): "0.flash"
[    5.696802] into device "0.flash"
[    5.708261] [nandsim] warning: read_byte: unexpected data output cycle, state is STATE_READY return 0x0
[    5.708503] [nandsim] warning: read_byte: unexpected data output cycle, state is STATE_READY return 0x0
[    5.708679] [nandsim] warning: read_byte: unexpected data output cycle, state is STATE_READY return 0x0
[    5.708850] [nandsim] warning: read_byte: unexpected data output cycle, state is STATE_READY return 0x0
[    5.709019] [nandsim] warning: read_byte: unexpected data output cycle, state is STATE_READY return 0x0
[    5.709188] [nandsim] warning: read_byte: unexpected data output cycle, state is STATE_READY return 0x0
[    5.709601] nand: device found, Manufacturer ID: 0x98, Chip ID: 0x39
[    5.709748] nand: Toshiba NAND 128MiB 1,8V 8-bit
[    5.709871] nand: 128 MiB, SLC, erase size: 16 KiB, page size: 512, OOB size: 16
[    5.710758] flash size: 128 MiB
[    5.710844] page size: 512 bytes
[    5.710920] OOB area size: 16 bytes
[    5.711004] sector size: 16 KiB
[    5.711078] pages number: 262144
[    5.711151] pages per sector: 32
[    5.711224] bus width: 8
[    5.711286] bits in sector size: 14
[    5.711363] bits in page size: 9
[    5.711457] bits in OOB size: 4
[    5.711536] flash size with OOB: 135168 KiB
[    5.711626] page address bytes: 4
[    5.712283] sector address bytes: 3
[    5.712383] options: 0x42
[    5.763417] Scanning device for bad blocks
[    5.874236] firmadyne: do_execve: /firmadyne/console
[    5.874446] OFFSETS: offset of pid: 0x190 offset of comm: 0x270
[    5.874918] Creating 11 MTD partitions on "NAND 128MiB 1,8V 8-bit":
[    5.875340] 0x000000000000-0x000000100000 : "NAND simulator partition 0"
[    5.877630] 0x000000100000-0x000000200000 : "NAND simulator partition 1"
[    5.879077] 0x000000200000-0x000000300000 : "NAND simulator partition 2"
[    5.880490] 0x000000300000-0x000000400000 : "NAND simulator partition 3"
[    5.882048] 0x000000400000-0x000000500000 : "NAND simulator partition 4"
[    5.883483] 0x000000500000-0x000000600000 : "NAND simulator partition 5"
[    5.884991] 0x000000600000-0x000000700000 : "NAND simulator partition 6"
[    5.886637] 0x000000700000-0x000000800000 : "NAND simulator partition 7"
[    5.888122] 0x000000800000-0x000000900000 : "NAND simulator partition 8"
[    5.889605] 0x000000900000-0x000000a00000 : "NAND simulator partition 9"
[    5.891100] 0x000000a00000-0x000008000000 : "NAND simulator partition 10"
[    5.897261] tun: Universal TUN/TAP device driver, 1.6
[    5.897447] tun: (C) 1999-2004 Max Krasnyansky <maxk@qualcomm.com>
[    6.089776] PPP generic driver version 2.4.2
[    6.090562] PPP BSD Compression module registered
[    6.090746] PPP Deflate Compression module registered
[    6.090983] PPP MPPE Compression module registered
[    6.091124] NET: Registered protocol family 24
[    6.091472] PPTP driver version 0.8.5
[    6.140319] usbcore: registered new interface driver usb-storage
[    6.143949] rtc-pl031 9010000.pl031: rtc core: registered pl031 as rtc0
[    6.144728] hidraw: raw HID events driver (C) Jiri Kosina
[    6.145313] usbcore: registered new interface driver usbhid
[    6.145441] usbhid: USB HID core driver
[    6.145925] Netfilter messages via NETLINK v0.30.
[    6.146617] nf_conntrack version 0.5.0 (3958 buckets, 15832 max)
[    6.148160] ctnetlink v0.93: registering with nfnetlink.
[    6.149661] ipip: IPv4 over IPv4 tunneling driver
[    6.151902] gre: GRE over IPv4 demultiplexor driver
[    6.152072] ip_gre: GRE over IPv4 tunneling driver
[    6.156757] ip_tables: (C) 2000-2006 Netfilter Core Team
[    6.158485] arp_tables: (C) 2002 David S. Miller
[    6.159563] Initializing XFRM netlink socket
[    6.160070] NET: Registered protocol family 10
[    6.167525] ip6_tables: (C) 2000-2006 Netfilter Core Team
[    6.169256] sit: IPv6 over IPv4 tunneling driver
[    6.173110] NET: Registered protocol family 17
[    6.173776] bridge: automatic filtering via arp/ip/ip6tables has been deprecated. Update your scripts to load br_netfilter if you need this.
[    6.174120] Bridge firewalling registered
[    6.174267] Ebtables v2.0 registered
[    6.175480] 8021q: 802.1Q VLAN Support v1.8
[    6.176134] Registering SWP/SWPB emulation handler
[    6.178957] rtc-pl031 9010000.pl031: setting system clock to 2018-07-19 13:35:50 UTC (1532007350)
[    6.244013] EXT4-fs (vda1): couldn't mount as ext3 due to feature incompatibilities
[    6.246377] EXT4-fs (vda1): mounting ext2 file system using the ext4 subsystem
[    6.257314] EXT4-fs (vda1): mounted filesystem without journal. Opts: (null)
[    6.258450] VFS: Mounted root (ext2 filesystem) on device 254:1.
[    6.277104] Freeing unused kernel memory: 180K (c05c7000 - c05f4000)
[    6.550606] firmadyne: sys_reboot[PID: 54 (init)]: magic1:fee1dead, magic2:28121969, cmd:0
[    6.625429] firmadyne: sys_socket[PID: 1 (init)]: family:1, type:2, protocol:0
[    6.637964] firmadyne: sys_socket[PID: 55 (init)]: family:1, type:2, protocol:0
[    7.043811] cfg80211: Calling CRDA to update world regulatory domain
[    7.178189] firmadyne: sys_socket[PID: 64 (telnetd)]: family:2, type:1, protocol:0
[    7.181038] firmadyne: sys_setsockopt[PID: 64 (telnetd)]: fd:3, level:1, optname:2
[    7.182022] firmadyne: inet_bind[PID: 64 (telnetd)]: proto:SOCK_STREAM, port:23
Using /lib/modules/mvKernelExt.ko
insmod: kernel-module version mismatch
	/lib/modules/mvKernelExt.ko was compiled for kernel version 
	while this kernel is version 4.1.17+.
Using /lib/modules/mvPpDrv.ko
insmod: kernel-module version mismatch
	/lib/modules/mvPpDrv.ko was compiled for kernel version 
	while this kernel is version 4.1.17+.
Fri May 23 14:32:00 UTC 2008
[    7.706130] firmadyne: sys_socket[PID: 72 (ifconfig)]: family:2, type:2, protocol:0
[    7.708061] firmadyne: __inet_insert_ifa[PID: 72 (ifconfig)]: device:lo ifa:0x0100007f
[    7.800085] firmadyne: __inet_insert_ifa[PID: 72 (ifconfig)]: device:lo ifa:0x0100007f




Linux MARVELL_LINUX 4.1.17+ #1 Thu Feb 18 01:05:21 UTC 2016


Welcome to Embedded Linux
           _  _
          | ||_|
          | | _ ____  _   _  _  _ 
          | || |  _ \| | | |\ \/ /
          | || | | | | |_| |/    \
          |_||_|_| |_|\____|\_/\_/

          On Marvell's ARM board

For further information on the Marvell products check:
http://www.marvell.com/

toochain=gnueabi

Enjoy!



BusyBox v1.01 (2008.10.02-12:33+0000) Built-in shell (ash)
Enter 'help' for a list of built-in commands.

/ # [   10.193386] cfg80211: Calling CRDA to update world regulatory domain
[   13.342572] cfg80211: Calling CRDA to update world regulatory domain
[   16.492653] cfg80211: Calling CRDA to update world regulatory domain
[   19.643870] cfg80211: Calling CRDA to update world regulatory domain
[   22.793819] cfg80211: Calling CRDA to update world regulatory domain
[   25.942926] cfg80211: Calling CRDA to update world regulatory domain
[   29.092996] cfg80211: Calling CRDA to update world regulatory domain
[   32.242150] cfg80211: Calling CRDA to update world regulatory domain
[   35.393096] cfg80211: Exceeded CRDA call max attempts. Not calling CRDA
Starting firmware emulation... use Ctrl-a + x to exit
qemu-system-arm: terminating on signal 2 from pid 144424 (timeout)
[    0.000000] Booting Linux on physical CPU 0x0
[    0.000000] Linux version 4.1.17+ (vagrant@vagrant-ubuntu-trusty-64) (gcc version 5.3.0 (GCC) ) #1 Thu Feb 18 01:05:21 UTC 2016
[    0.000000] CPU: ARMv7 Processor [412fc0f1] revision 1 (ARMv7), cr=10c5387d
[    0.000000] CPU: PIPT / VIPT nonaliasing data cache, PIPT instruction cache
[    0.000000] Machine model: linux,dummy-virt
[    0.000000] debug: ignoring loglevel setting.
[    0.000000] Memory policy: Data cache writeback
[    0.000000] On node 0 totalpages: 65536
[    0.000000] free_area_init_node: node 0, pgdat c061dfe8, node_mem_map cfdf9000
[    0.000000]   Normal zone: 512 pages used for memmap
[    0.000000]   Normal zone: 0 pages reserved
[    0.000000]   Normal zone: 65536 pages, LIFO batch:15
[    0.000000] psci: probing for conduit method from DT.
[    0.000000] psci: PSCIv0.2 detected in firmware.
[    0.000000] psci: Using standard PSCI v0.2 function IDs
[    0.000000] CPU: All CPU(s) started in SVC mode.
[    0.000000] pcpu-alloc: s0 r0 d32768 u32768 alloc=1*32768
[    0.000000] pcpu-alloc: [0] 0 
[    0.000000] Built 1 zonelists in Zone order, mobility grouping on.  Total pages: 65024
[    0.000000] Kernel command line: root=/dev/vda1 console=ttyS0 nandsim.parts=64,64,64,64,64,64,64,64,64,64 rdinit=/firmadyne/preInit.sh rw debug ignore_loglevel print-fatal-signals=1 user_debug=31 firmadyne.syscall=0
[    0.000000] PID hash table entries: 1024 (order: 0, 4096 bytes)
[    0.000000] Dentry cache hash table entries: 32768 (order: 5, 131072 bytes)
[    0.000000] Inode-cache hash table entries: 16384 (order: 4, 65536 bytes)
[    0.000000] Memory: 253340K/262144K available (4297K kernel code, 170K rwdata, 1584K rodata, 180K init, 148K bss, 8804K reserved, 0K cma-reserved)
[    0.000000] Virtual kernel memory layout:
[    0.000000]     vector  : 0xffff0000 - 0xffff1000   (   4 kB)
[    0.000000]     fixmap  : 0xffc00000 - 0xfff00000   (3072 kB)
[    0.000000]     vmalloc : 0xd0800000 - 0xff000000   ( 744 MB)
[    0.000000]     lowmem  : 0xc0000000 - 0xd0000000   ( 256 MB)
[    0.000000]     modules : 0xbf000000 - 0xc0000000   (  16 MB)
[    0.000000]       .text : 0xc0008000 - 0xc05c67bc   (5882 kB)
[    0.000000]       .init : 0xc05c7000 - 0xc05f4000   ( 180 kB)
[    0.000000]       .data : 0xc05f4000 - 0xc061e840   ( 171 kB)
[    0.000000]        .bss : 0xc0621000 - 0xc06462d4   ( 149 kB)
[    0.000000] NR_IRQS:16 nr_irqs:16 16
[    0.000000] Architected cp15 timer(s) running at 62.50MHz (virt).
[    0.000000] clocksource arch_sys_counter: mask: 0xffffffffffffff max_cycles: 0x1cd42e208c, max_idle_ns: 881590405314 ns
[    0.000164] sched_clock: 56 bits at 62MHz, resolution 16ns, wraps every 4398046511096ns
[    0.000312] Switching to timer-based delay loop, resolution 16ns
[    0.003511] Console: colour dummy device 80x30
[    0.003862] Calibrating delay loop (skipped), value calculated using timer frequency.. 125.00 BogoMIPS (lpj=625000)
[    0.003999] pid_max: default: 32768 minimum: 301
[    0.004941] Mount-cache hash table entries: 1024 (order: 0, 4096 bytes)
[    0.004983] Mountpoint-cache hash table entries: 1024 (order: 0, 4096 bytes)
[    0.016532] CPU: Testing write buffer coherency: ok
[    0.299913] Setting up static identity map for 0x40008240 - 0x40008298
[    0.315351] VFP support v0.3: implementor 41 architecture 4 part 30 variant f rev 0
[    0.327711] clocksource jiffies: mask: 0xffffffff max_cycles: 0xffffffff, max_idle_ns: 19112604462750000 ns
[    0.337329] NET: Registered protocol family 16
[    0.820263] DMA: preallocated 256 KiB pool for atomic coherent allocations
[    0.824837] cpuidle: using governor ladder
[    0.825005] cpuidle: using governor menu
[    0.846771] Serial: AMBA PL011 UART driver
[    0.849181] 9000000.pl011: ttyS0 at MMIO 0x9000000 (irq = 54, base_baud = 0) is a PL011 rev1
[    0.857277] console [ttyS0] enabled
[    0.881205] vgaarb: loaded
[    0.882751] SCSI subsystem initialized
[    0.884166] usbcore: registered new interface driver usbfs
[    0.884527] usbcore: registered new interface driver hub
[    0.884880] usbcore: registered new device driver usb
[    0.974326] cfg80211: Calling CRDA to update world regulatory domain
[    0.976908] Switched to clocksource arch_sys_counter
[    0.995735] NET: Registered protocol family 2
[    1.001229] TCP established hash table entries: 2048 (order: 1, 8192 bytes)
[    1.001483] TCP bind hash table entries: 2048 (order: 1, 8192 bytes)
[    1.001806] TCP: Hash tables configured (established 2048 bind 2048)
[    1.002333] UDP hash table entries: 256 (order: 0, 4096 bytes)
[    1.002577] UDP-Lite hash table entries: 256 (order: 0, 4096 bytes)
[    1.004037] NET: Registered protocol family 1
[    1.004478] PCI: CLS 0 bytes, default 64
[    1.012097] NetWinder Floating Point Emulator V0.97 (extended precision)
[    1.014721] futex hash table entries: 256 (order: -1, 3072 bytes)
[    1.020155] squashfs: version 4.0 (2009/01/31) Phillip Lougher
[    1.020835] jffs2: version 2.2. (NAND) © 2001-2006 Red Hat, Inc.
[    1.021617] romfs: ROMFS MTD (C) 2007 Red Hat, Inc.
[    1.031929] Block layer SCSI generic (bsg) driver version 0.4 loaded (major 253)
[    1.032273] io scheduler noop registered
[    1.032504] io scheduler cfq registered (default)
[    1.033196] firmadyne: devfs: 1, execute: 1, procfs: 1, syscall: 0
[    1.034509] ------------[ cut here ]------------
[    1.034704] WARNING: CPU: 0 PID: 1 at /home/vagrant/firmadyne-kernel/kernel-v4.1/fs/sysfs/dir.c:31 sysfs_warn_dup+0x50/0x6c()
[    1.034956] sysfs: cannot create duplicate filename '/class/gpio'
[    1.035114] Modules linked in:
[    1.035439] CPU: 0 PID: 1 Comm: swapper Not tainted 4.1.17+ #1
[    1.035578] Hardware name: Generic DT based system
[    1.036282] [<c001c99c>] (unwind_backtrace) from [<c0019d30>] (show_stack+0x10/0x14)
[    1.036677] [<c0019d30>] (show_stack) from [<c0024ab4>] (warn_slowpath_common+0x80/0xa8)
[    1.036925] [<c0024ab4>] (warn_slowpath_common) from [<c0024b08>] (warn_slowpath_fmt+0x2c/0x3c)
[    1.037162] [<c0024b08>] (warn_slowpath_fmt) from [<c00e363c>] (sysfs_warn_dup+0x50/0x6c)
[    1.037341] [<c00e363c>] (sysfs_warn_dup) from [<c00e3714>] (sysfs_create_dir_ns+0x74/0x84)
[    1.037520] [<c00e3714>] (sysfs_create_dir_ns) from [<c018e6ac>] (kobject_add_internal+0xb8/0x2ac)
[    1.037706] [<c018e6ac>] (kobject_add_internal) from [<c018e9a8>] (kset_register+0x1c/0x44)
[    1.037907] [<c018e9a8>] (kset_register) from [<c02090b4>] (__class_register+0xa8/0x198)
[    1.038083] [<c02090b4>] (__class_register) from [<c02091e4>] (__class_create+0x40/0x70)
[    1.038253] [<c02091e4>] (__class_create) from [<c01adf68>] (register_devfs_stubs+0x314/0xbb4)
[    1.038433] [<c01adf68>] (register_devfs_stubs) from [<c05d9b08>] (init_module+0x28/0xa4)
[    1.038637] [<c05d9b08>] (init_module) from [<c0009670>] (do_one_initcall+0x104/0x1b4)
[    1.038833] [<c0009670>] (do_one_initcall) from [<c05c7d08>] (kernel_init_freeable+0xf0/0x1b0)
[    1.039031] [<c05c7d08>] (kernel_init_freeable) from [<c040f28c>] (kernel_init+0x8/0xe4)
[    1.039202] [<c040f28c>] (kernel_init) from [<c0016da8>] (ret_from_fork+0x14/0x2c)
[    1.039491] ---[ end trace 0b906f2fcc3aaa8d ]---
[    1.039687] ------------[ cut here ]------------
[    1.039811] WARNING: CPU: 0 PID: 1 at /home/vagrant/firmadyne-kernel/kernel-v4.1/lib/kobject.c:240 kobject_add_internal+0x240/0x2ac()
[    1.040056] kobject_add_internal failed for gpio with -EEXIST, don't try to register things with the same name in the same directory.
[    1.040269] Modules linked in:
[    1.040409] CPU: 0 PID: 1 Comm: swapper Tainted: G        W       4.1.17+ #1
[    1.040545] Hardware name: Generic DT based system
[    1.040662] [<c001c99c>] (unwind_backtrace) from [<c0019d30>] (show_stack+0x10/0x14)
[    1.040845] [<c0019d30>] (show_stack) from [<c0024ab4>] (warn_slowpath_common+0x80/0xa8)
[    1.041019] [<c0024ab4>] (warn_slowpath_common) from [<c0024b08>] (warn_slowpath_fmt+0x2c/0x3c)
[    1.041198] [<c0024b08>] (warn_slowpath_fmt) from [<c018e834>] (kobject_add_internal+0x240/0x2ac)
[    1.041388] [<c018e834>] (kobject_add_internal) from [<c018e9a8>] (kset_register+0x1c/0x44)
[    1.041559] [<c018e9a8>] (kset_register) from [<c02090b4>] (__class_register+0xa8/0x198)
[    1.041726] [<c02090b4>] (__class_register) from [<c02091e4>] (__class_create+0x40/0x70)
[    1.041927] [<c02091e4>] (__class_create) from [<c01adf68>] (register_devfs_stubs+0x314/0xbb4)
[    1.042108] [<c01adf68>] (register_devfs_stubs) from [<c05d9b08>] (init_module+0x28/0xa4)
[    1.042278] [<c05d9b08>] (init_module) from [<c0009670>] (do_one_initcall+0x104/0x1b4)
[    1.042444] [<c0009670>] (do_one_initcall) from [<c05c7d08>] (kernel_init_freeable+0xf0/0x1b0)
[    1.042618] [<c05c7d08>] (kernel_init_freeable) from [<c040f28c>] (kernel_init+0x8/0xe4)
[    1.042788] [<c040f28c>] (kernel_init) from [<c0016da8>] (ret_from_fork+0x14/0x2c)
[    1.042981] ---[ end trace 0b906f2fcc3aaa8e ]---
[    1.043159] firmadyne: Cannot create device class: gpio!
[    1.245970] firmadyne: Cannot register character device: watchdog, 0xa, 0x82!
[    1.246175] firmadyne: Cannot register character device: wdt, 0xfd, 0x0!
[    1.330540] PCI host bridge /pcie@10000000 ranges:
[    1.331140]    IO 0x3eff0000..0x3effffff -> 0x00000000
[    1.331504]   MEM 0x10000000..0x3efeffff -> 0x10000000
[    1.331634]   MEM 0x8000000000..0xffffffffff -> 0x8000000000
[    1.332321] pci-host-generic 3f000000.pcie: resource collision: [mem 0x00000000-0xffffffff] conflicts with /pl011@9000000 [mem 0x09000000-0x09000fff]
[    1.333038] pci-host-generic: probe of 3f000000.pcie failed with error -16
[    1.345351] Non-volatile memory driver v1.3
[    1.584135] brd: module loaded
[    1.594100] loop: module loaded
[    1.786887]  vda: vda1
[    1.798562] 0.flash: Found 2 x16 devices at 0x0 in 32-bit bank. Manufacturer ID 0x000000 Chip ID 0x000000
[    1.799178] Intel/Sharp Extended Query Table at 0x0031
[    1.800337] Using buffer write method
[    1.800754] erase region 0: offset=0x0,size=0x40000,blocks=256
[    1.807883] 0.flash: Found 2 x16 devices at 0x0 in 32-bit bank. Manufacturer ID 0x000000 Chip ID 0x000000
[    1.808107] Intel/Sharp Extended Query Table at 0x0031
[    1.808845] Using buffer write method
[    1.808958] erase region 0: offset=0x0,size=0x40000,blocks=256
[    1.809153] Concatenating MTD devices:
[    1.809261] (0): "0.flash"
[    1.809335] (1): "0.flash"
[    1.809402] into device "0.flash"
[    1.981198] [nandsim] warning: read_byte: unexpected data output cycle, state is STATE_READY return 0x0
[    1.981429] [nandsim] warning: read_byte: unexpected data output cycle, state is STATE_READY return 0x0
[    1.981605] [nandsim] warning: read_byte: unexpected data output cycle, state is STATE_READY return 0x0
[    1.981775] [nandsim] warning: read_byte: unexpected data output cycle, state is STATE_READY return 0x0
[    1.981944] [nandsim] warning: read_byte: unexpected data output cycle, state is STATE_READY return 0x0
[    1.982114] [nandsim] warning: read_byte: unexpected data output cycle, state is STATE_READY return 0x0
[    1.982523] nand: device found, Manufacturer ID: 0x98, Chip ID: 0x39
[    1.982667] nand: Toshiba NAND 128MiB 1,8V 8-bit
[    1.982790] nand: 128 MiB, SLC, erase size: 16 KiB, page size: 512, OOB size: 16
[    1.983671] flash size: 128 MiB
[    1.983755] page size: 512 bytes
[    1.983829] OOB area size: 16 bytes
[    1.983907] sector size: 16 KiB
[    1.983978] pages number: 262144
[    1.984050] pages per sector: 32
[    1.984122] bus width: 8
[    1.984182] bits in sector size: 14
[    1.984260] bits in page size: 9
[    1.984336] bits in OOB size: 4
[    1.984411] flash size with OOB: 135168 KiB
[    1.984499] page address bytes: 4
[    1.984573] sector address bytes: 3
[    1.984649] options: 0x42
[    2.019318] Scanning device for bad blocks
[    2.124675] firmadyne: do_execve: /firmadyne/console
[    2.124896] OFFSETS: offset of pid: 0x190 offset of comm: 0x270
[    2.125357] Creating 11 MTD partitions on "NAND 128MiB 1,8V 8-bit":
[    2.125765] 0x000000000000-0x000000100000 : "NAND simulator partition 0"
[    2.128284] 0x000000100000-0x000000200000 : "NAND simulator partition 1"
[    2.129673] 0x000000200000-0x000000300000 : "NAND simulator partition 2"
[    2.131037] 0x000000300000-0x000000400000 : "NAND simulator partition 3"
[    2.132466] 0x000000400000-0x000000500000 : "NAND simulator partition 4"
[    2.133850] 0x000000500000-0x000000600000 : "NAND simulator partition 5"
[    2.135254] 0x000000600000-0x000000700000 : "NAND simulator partition 6"
[    2.137018] 0x000000700000-0x000000800000 : "NAND simulator partition 7"
[    2.138342] 0x000000800000-0x000000900000 : "NAND simulator partition 8"
[    2.139695] 0x000000900000-0x000000a00000 : "NAND simulator partition 9"
[    2.141074] 0x000000a00000-0x000008000000 : "NAND simulator partition 10"
[    2.146891] tun: Universal TUN/TAP device driver, 1.6
[    2.147032] tun: (C) 1999-2004 Max Krasnyansky <maxk@qualcomm.com>
[    2.930767] PPP generic driver version 2.4.2
[    2.931550] PPP BSD Compression module registered
[    2.931732] PPP Deflate Compression module registered
[    2.931971] PPP MPPE Compression module registered
[    2.932106] NET: Registered protocol family 24
[    2.932417] PPTP driver version 0.8.5
[    2.958146] usbcore: registered new interface driver usb-storage
[    2.961528] rtc-pl031 9010000.pl031: rtc core: registered pl031 as rtc0
[    2.962270] hidraw: raw HID events driver (C) Jiri Kosina
[    2.962815] usbcore: registered new interface driver usbhid
[    2.962946] usbhid: USB HID core driver
[    2.963396] Netfilter messages via NETLINK v0.30.
[    2.964043] nf_conntrack version 0.5.0 (3958 buckets, 15832 max)
[    2.965473] ctnetlink v0.93: registering with nfnetlink.
[    2.967034] ipip: IPv4 over IPv4 tunneling driver
[    2.969135] gre: GRE over IPv4 demultiplexor driver
[    2.969295] ip_gre: GRE over IPv4 tunneling driver
[    2.973847] ip_tables: (C) 2000-2006 Netfilter Core Team
[    2.975564] arp_tables: (C) 2002 David S. Miller
[    2.976730] Initializing XFRM netlink socket
[    2.977225] NET: Registered protocol family 10
[    2.984226] ip6_tables: (C) 2000-2006 Netfilter Core Team
[    2.985906] sit: IPv6 over IPv4 tunneling driver
[    2.989684] NET: Registered protocol family 17
[    2.990329] bridge: automatic filtering via arp/ip/ip6tables has been deprecated. Update your scripts to load br_netfilter if you need this.
[    2.990667] Bridge firewalling registered
[    2.990813] Ebtables v2.0 registered
[    2.992015] 8021q: 802.1Q VLAN Support v1.8
[    2.992647] Registering SWP/SWPB emulation handler
[    3.073426] rtc-pl031 9010000.pl031: setting system clock to 2018-07-19 13:37:19 UTC (1532007439)
[    3.084029] EXT4-fs (vda1): couldn't mount as ext3 due to feature incompatibilities
[    3.085471] EXT4-fs (vda1): mounting ext2 file system using the ext4 subsystem
[    3.093716] EXT4-fs (vda1): warning: mounting unchecked fs, running e2fsck is recommended
[    3.096593] EXT4-fs (vda1): mounted filesystem without journal. Opts: (null)
[    3.097664] VFS: Mounted root (ext2 filesystem) on device 254:1.
[    3.115269] Freeing unused kernel memory: 180K (c05c7000 - c05f4000)
[    3.387737] firmadyne: sys_reboot[PID: 54 (init)]: magic1:fee1dead, magic2:28121969, cmd:0
[    4.127332] cfg80211: Calling CRDA to update world regulatory domain
[    8.617879] cfg80211: Calling CRDA to update world regulatory domain
Using /lib/modules/mvKernelExt.ko
insmod: kernel-module version mismatch
	/lib/modules/mvKernelExt.ko was compiled for kernel version 
	while this kernel is version 4.1.17+.
[   13.920201] cfg80211: Calling CRDA to update world regulatory domain
Using /lib/modules/mvPpDrv.ko
insmod: kernel-module version mismatch
	/lib/modules/mvPpDrv.ko was compiled for kernel version 
	while this kernel is version 4.1.17+.
Fri May 23 14:32:00 UTC 2008
[   18.522596] cfg80211: Calling CRDA to update world regulatory domain


[   22.573588] cfg80211: Calling CRDA to update world regulatory domain


Linux MARVELL_LINUX 4.1.17+ #1 Thu Feb 18 01:05:21 UTC 2016


Welcome to Embedded Linux
           _  _
          | ||_|
          | | _ ____  _   _  _  _ 
          | || |  _ \| | | |\ \/ /
          | || | | | | |_| |/    \
          |_||_|_| |_|\____|\_/\_/

          On Marvell's ARM board

For further information on the Marvell products check:
http://www.marvell.com/

toochain=gnueabi

Enjoy!

[   27.523334] cfg80211: Calling CRDA to update world regulatory domain
