>> Database Image ID: 37

/home/zhumengfan/firmware/firmwares/2426cb876e9e6da957d9d82874b0ea4678839227.ZIP
>> MD5: ea75e16c65ec62198259426c27b4812b
>> Tag: 37
>> Temp: /tmp/tmpVErX49
>> Status: Kernel: True, Rootfs: False, Do_Kernel: False,                 Do_Rootfs: True
>>>> Zip archive data, at least v1.0 to extract, name: des121028P_FW_200011/
>> Recursing into archive ...
	
/tmp/tmpVErX49/_2426cb876e9e6da957d9d82874b0ea4678839227.ZIP.extracted/des121028P_FW_200011/DES-1210-28P_A1_FW_v2.00.011.hex
	>> MD5: 7b5b80897453dd8b7fad119cc66ceb05
	>> Tag: 37
	>> Temp: /tmp/tmpgAg51N
	>> Status: Kernel: True, Rootfs: False, Do_Kernel: False,                 Do_Rootfs: True
	>>>> Squashfs filesystem, little endian, version 3.1, size: 5005589 bytes, 219 inodes, blocksize: 131072 bytes, created: 2010-08-31 11:24:51
	>>>> Found Linux filesystem in /tmp/tmpgAg51N/_DES-1210-28P_A1_FW_v2.00.011.hex.extracted/squashfs-root!
	>> Skipping: completed!
	>> Cleaning up /tmp/tmpgAg51N...
>> Skipping: completed!
>> Cleaning up /tmp/tmpVErX49...
./bin/busybox: armel
Querying database for architecture... armel
----Running----
----Copying Filesystem Tarball----
----Creating QEMU Image----
Formatting '/home/zhumengfan/firmadyne//scratch//37//image.raw', fmt=raw size=1073741824
----Creating Partition Table----

Welcome to fdisk (util-linux 2.27.1).
Changes will remain in memory only, until you decide to write them.
Be careful before using the write command.

Device does not contain a recognized partition table.
Created a new DOS disklabel with disk identifier 0x4fbdb329.

Command (m for help): Created a new DOS disklabel with disk identifier 0xe0cac76e.

Command (m for help): Partition type
   p   primary (0 primary, 0 extended, 4 free)
   e   extended (container for logical partitions)
Select (default p): Partition number (1-4, default 1): First sector (2048-2097151, default 2048): Last sector, +sectors or +size{K,M,G,T,P} (2048-2097151, default 2097151): 
Created a new partition 1 of type 'Linux' and of size 1023 MiB.

Command (m for help): The partition table has been altered.
Syncing disks.

----Mounting QEMU Image----
add map loop0p1 (252:0): 0 2095104 linear 7:0 2048
----Creating Filesystem----
mke2fs 1.42.13 (17-May-2015)
Discarding device blocks:   4096/261888             done                            
Creating filesystem with 261888 4k blocks and 65536 inodes
Filesystem UUID: 150fa9a0-01cb-45c8-9a44-273b80f03cdf
Superblock backups stored on blocks: 
	32768, 98304, 163840, 229376

Allocating group tables: 0/8   done                            
Writing inode tables: 0/8   done                            
Writing superblocks and filesystem accounting information: 0/8   done

----Making QEMU Image Mountpoint----
----Mounting QEMU Image Partition 1----
----Extracting Filesystem Tarball----
----Creating FIRMADYNE Directories----
----Patching Filesystem (chroot)----
Creating /etc/TZ!
Creating /etc/hosts!
Warning: Recreating device nodes!
Removing /etc/scripts/sys_resetbutton!
----Setting up FIRMADYNE----
----Unmounting QEMU Image----
loop deleted : /dev/loop0
Querying database for architecture... armel
Running firmware 37: terminating after 60 secs...
qemu-system-arm: terminating on signal 2 from pid 79422 (timeout)
Inferring network...
Interfaces: []
Done!
[    0.000000] Booting Linux on physical CPU 0x0
[    0.000000] Linux version 4.1.17+ (vagrant@vagrant-ubuntu-trusty-64) (gcc version 5.3.0 (GCC) ) #1 Thu Feb 18 01:05:21 UTC 2016
[    0.000000] CPU: ARMv7 Processor [412fc0f1] revision 1 (ARMv7), cr=10c5387d
[    0.000000] CPU: PIPT / VIPT nonaliasing data cache, PIPT instruction cache
[    0.000000] Machine model: linux,dummy-virt
[    0.000000] debug: ignoring loglevel setting.
[    0.000000] Memory policy: Data cache writeback
[    0.000000] On node 0 totalpages: 65536
[    0.000000] free_area_init_node: node 0, pgdat c061dfe8, node_mem_map cfdf9000
[    0.000000]   Normal zone: 512 pages used for memmap
[    0.000000]   Normal zone: 0 pages reserved
[    0.000000]   Normal zone: 65536 pages, LIFO batch:15
[    0.000000] psci: probing for conduit method from DT.
[    0.000000] psci: PSCIv0.2 detected in firmware.
[    0.000000] psci: Using standard PSCI v0.2 function IDs
[    0.000000] CPU: All CPU(s) started in SVC mode.
[    0.000000] pcpu-alloc: s0 r0 d32768 u32768 alloc=1*32768
[    0.000000] pcpu-alloc: [0] 0 
[    0.000000] Built 1 zonelists in Zone order, mobility grouping on.  Total pages: 65024
[    0.000000] Kernel command line: firmadyne.syscall=1 root=/dev/vda1 console=ttyS0 nandsim.parts=64,64,64,64,64,64,64,64,64,64 rdinit=/firmadyne/preInit.sh rw debug ignore_loglevel print-fatal-signals=1 user_debug=31
[    0.000000] PID hash table entries: 1024 (order: 0, 4096 bytes)
[    0.000000] Dentry cache hash table entries: 32768 (order: 5, 131072 bytes)
[    0.000000] Inode-cache hash table entries: 16384 (order: 4, 65536 bytes)
[    0.000000] Memory: 253340K/262144K available (4297K kernel code, 170K rwdata, 1584K rodata, 180K init, 148K bss, 8804K reserved, 0K cma-reserved)
[    0.000000] Virtual kernel memory layout:
[    0.000000]     vector  : 0xffff0000 - 0xffff1000   (   4 kB)
[    0.000000]     fixmap  : 0xffc00000 - 0xfff00000   (3072 kB)
[    0.000000]     vmalloc : 0xd0800000 - 0xff000000   ( 744 MB)
[    0.000000]     lowmem  : 0xc0000000 - 0xd0000000   ( 256 MB)
[    0.000000]     modules : 0xbf000000 - 0xc0000000   (  16 MB)
[    0.000000]       .text : 0xc0008000 - 0xc05c67bc   (5882 kB)
[    0.000000]       .init : 0xc05c7000 - 0xc05f4000   ( 180 kB)
[    0.000000]       .data : 0xc05f4000 - 0xc061e840   ( 171 kB)
[    0.000000]        .bss : 0xc0621000 - 0xc06462d4   ( 149 kB)
[    0.000000] NR_IRQS:16 nr_irqs:16 16
[    0.000000] Architected cp15 timer(s) running at 62.50MHz (virt).
[    0.000000] clocksource arch_sys_counter: mask: 0xffffffffffffff max_cycles: 0x1cd42e208c, max_idle_ns: 881590405314 ns
[    0.000184] sched_clock: 56 bits at 62MHz, resolution 16ns, wraps every 4398046511096ns
[    0.000322] Switching to timer-based delay loop, resolution 16ns
[    0.003480] Console: colour dummy device 80x30
[    0.003824] Calibrating delay loop (skipped), value calculated using timer frequency.. 125.00 BogoMIPS (lpj=625000)
[    0.003963] pid_max: default: 32768 minimum: 301
[    0.004891] Mount-cache hash table entries: 1024 (order: 0, 4096 bytes)
[    0.004932] Mountpoint-cache hash table entries: 1024 (order: 0, 4096 bytes)
[    0.196750] CPU: Testing write buffer coherency: ok
[    0.203333] Setting up static identity map for 0x40008240 - 0x40008298
[    0.218480] VFP support v0.3: implementor 41 architecture 4 part 30 variant f rev 0
[    2.089111] clocksource jiffies: mask: 0xffffffff max_cycles: 0xffffffff, max_idle_ns: 19112604462750000 ns
[    2.098408] NET: Registered protocol family 16
[    2.101820] DMA: preallocated 256 KiB pool for atomic coherent allocations
[    2.106084] cpuidle: using governor ladder
[    2.106260] cpuidle: using governor menu
[    2.127498] Serial: AMBA PL011 UART driver
[    2.130067] 9000000.pl011: ttyS0 at MMIO 0x9000000 (irq = 54, base_baud = 0) is a PL011 rev1
[    2.137486] console [ttyS0] enabled
[    3.305099] vgaarb: loaded
[    3.306740] SCSI subsystem initialized
[    3.307906] usbcore: registered new interface driver usbfs
[    3.308282] usbcore: registered new interface driver hub
[    3.308626] usbcore: registered new device driver usb
[    3.318701] cfg80211: Calling CRDA to update world regulatory domain
[    3.321296] Switched to clocksource arch_sys_counter
[    3.340340] NET: Registered protocol family 2
[    3.346051] TCP established hash table entries: 2048 (order: 1, 8192 bytes)
[    3.346364] TCP bind hash table entries: 2048 (order: 1, 8192 bytes)
[    3.346680] TCP: Hash tables configured (established 2048 bind 2048)
[    3.347263] UDP hash table entries: 256 (order: 0, 4096 bytes)
[    3.347516] UDP-Lite hash table entries: 256 (order: 0, 4096 bytes)
[    3.349274] NET: Registered protocol family 1
[    3.349778] PCI: CLS 0 bytes, default 64
[    3.357567] NetWinder Floating Point Emulator V0.97 (extended precision)
[    3.360485] futex hash table entries: 256 (order: -1, 3072 bytes)
[    3.369615] squashfs: version 4.0 (2009/01/31) Phillip Lougher
[    3.371273] jffs2: version 2.2. (NAND) © 2001-2006 Red Hat, Inc.
[    3.372121] romfs: ROMFS MTD (C) 2007 Red Hat, Inc.
[    3.381335] Block layer SCSI generic (bsg) driver version 0.4 loaded (major 253)
[    3.381690] io scheduler noop registered
[    3.381926] io scheduler cfq registered (default)
[    3.382737] firmadyne: devfs: 1, execute: 1, procfs: 1, syscall: 1
[    3.384219] ------------[ cut here ]------------
[    3.384460] WARNING: CPU: 0 PID: 1 at /home/vagrant/firmadyne-kernel/kernel-v4.1/fs/sysfs/dir.c:31 sysfs_warn_dup+0x50/0x6c()
[    3.384719] sysfs: cannot create duplicate filename '/class/gpio'
[    3.384892] Modules linked in:
[    3.385216] CPU: 0 PID: 1 Comm: swapper Not tainted 4.1.17+ #1
[    3.385362] Hardware name: Generic DT based system
[    3.386087] [<c001c99c>] (unwind_backtrace) from [<c0019d30>] (show_stack+0x10/0x14)
[    3.386378] [<c0019d30>] (show_stack) from [<c0024ab4>] (warn_slowpath_common+0x80/0xa8)
[    3.386582] [<c0024ab4>] (warn_slowpath_common) from [<c0024b08>] (warn_slowpath_fmt+0x2c/0x3c)
[    3.386827] [<c0024b08>] (warn_slowpath_fmt) from [<c00e363c>] (sysfs_warn_dup+0x50/0x6c)
[    3.387012] [<c00e363c>] (sysfs_warn_dup) from [<c00e3714>] (sysfs_create_dir_ns+0x74/0x84)
[    3.387198] [<c00e3714>] (sysfs_create_dir_ns) from [<c018e6ac>] (kobject_add_internal+0xb8/0x2ac)
[    3.387391] [<c018e6ac>] (kobject_add_internal) from [<c018e9a8>] (kset_register+0x1c/0x44)
[    3.387576] [<c018e9a8>] (kset_register) from [<c02090b4>] (__class_register+0xa8/0x198)
[    3.387758] [<c02090b4>] (__class_register) from [<c02091e4>] (__class_create+0x40/0x70)
[    3.387937] [<c02091e4>] (__class_create) from [<c01adf68>] (register_devfs_stubs+0x314/0xbb4)
[    3.388128] [<c01adf68>] (register_devfs_stubs) from [<c05d9b08>] (init_module+0x28/0xa4)
[    3.388354] [<c05d9b08>] (init_module) from [<c0009670>] (do_one_initcall+0x104/0x1b4)
[    3.388533] [<c0009670>] (do_one_initcall) from [<c05c7d08>] (kernel_init_freeable+0xf0/0x1b0)
[    3.388738] [<c05c7d08>] (kernel_init_freeable) from [<c040f28c>] (kernel_init+0x8/0xe4)
[    3.388914] [<c040f28c>] (kernel_init) from [<c0016da8>] (ret_from_fork+0x14/0x2c)
[    3.389197] ---[ end trace c0366b712627d4ca ]---
[    3.389406] ------------[ cut here ]------------
[    3.389527] WARNING: CPU: 0 PID: 1 at /home/vagrant/firmadyne-kernel/kernel-v4.1/lib/kobject.c:240 kobject_add_internal+0x240/0x2ac()
[    3.389751] kobject_add_internal failed for gpio with -EEXIST, don't try to register things with the same name in the same directory.
[    3.389968] Modules linked in:
[    3.390119] CPU: 0 PID: 1 Comm: swapper Tainted: G        W       4.1.17+ #1
[    3.390260] Hardware name: Generic DT based system
[    3.390390] [<c001c99c>] (unwind_backtrace) from [<c0019d30>] (show_stack+0x10/0x14)
[    3.390561] [<c0019d30>] (show_stack) from [<c0024ab4>] (warn_slowpath_common+0x80/0xa8)
[    3.390737] [<c0024ab4>] (warn_slowpath_common) from [<c0024b08>] (warn_slowpath_fmt+0x2c/0x3c)
[    3.390923] [<c0024b08>] (warn_slowpath_fmt) from [<c018e834>] (kobject_add_internal+0x240/0x2ac)
[    3.391309] [<c018e834>] (kobject_add_internal) from [<c018e9a8>] (kset_register+0x1c/0x44)
[    3.391500] [<c018e9a8>] (kset_register) from [<c02090b4>] (__class_register+0xa8/0x198)
[    3.391673] [<c02090b4>] (__class_register) from [<c02091e4>] (__class_create+0x40/0x70)
[    3.391847] [<c02091e4>] (__class_create) from [<c01adf68>] (register_devfs_stubs+0x314/0xbb4)
[    3.392034] [<c01adf68>] (register_devfs_stubs) from [<c05d9b08>] (init_module+0x28/0xa4)
[    3.392211] [<c05d9b08>] (init_module) from [<c0009670>] (do_one_initcall+0x104/0x1b4)
[    3.392385] [<c0009670>] (do_one_initcall) from [<c05c7d08>] (kernel_init_freeable+0xf0/0x1b0)
[    3.392570] [<c05c7d08>] (kernel_init_freeable) from [<c040f28c>] (kernel_init+0x8/0xe4)
[    3.392761] [<c040f28c>] (kernel_init) from [<c0016da8>] (ret_from_fork+0x14/0x2c)
[    3.392957] ---[ end trace c0366b712627d4cb ]---
[    3.393137] firmadyne: Cannot create device class: gpio!
[    3.394988] firmadyne: Cannot register character device: watchdog, 0xa, 0x82!
[    3.395197] firmadyne: Cannot register character device: wdt, 0xfd, 0x0!
[    3.478630] PCI host bridge /pcie@10000000 ranges:
[    3.479215]    IO 0x3eff0000..0x3effffff -> 0x00000000
[    3.479582]   MEM 0x10000000..0x3efeffff -> 0x10000000
[    3.479715]   MEM 0x8000000000..0xffffffffff -> 0x8000000000
[    3.480391] pci-host-generic 3f000000.pcie: resource collision: [mem 0x00000000-0xffffffff] conflicts with /pl011@9000000 [mem 0x09000000-0x09000fff]
[    3.481293] pci-host-generic: probe of 3f000000.pcie failed with error -16
[    3.493534] Non-volatile memory driver v1.3
[    3.555469] brd: module loaded
[    3.566432] loop: module loaded
[    3.901476]  vda: vda1
[    3.913713] 0.flash: Found 2 x16 devices at 0x0 in 32-bit bank. Manufacturer ID 0x000000 Chip ID 0x000000
[    3.914376] Intel/Sharp Extended Query Table at 0x0031
[    3.915531] Using buffer write method
[    3.915952] erase region 0: offset=0x0,size=0x40000,blocks=256
[    3.923358] 0.flash: Found 2 x16 devices at 0x0 in 32-bit bank. Manufacturer ID 0x000000 Chip ID 0x000000
[    3.923640] Intel/Sharp Extended Query Table at 0x0031
[    3.924447] Using buffer write method
[    3.924567] erase region 0: offset=0x0,size=0x40000,blocks=256
[    3.924833] Concatenating MTD devices:
[    3.924942] (0): "0.flash"
[    3.925018] (1): "0.flash"
[    3.925088] into device "0.flash"
[    3.937810] [nandsim] warning: read_byte: unexpected data output cycle, state is STATE_READY return 0x0
[    3.938061] [nandsim] warning: read_byte: unexpected data output cycle, state is STATE_READY return 0x0
[    3.938241] [nandsim] warning: read_byte: unexpected data output cycle, state is STATE_READY return 0x0
[    3.938415] [nandsim] warning: read_byte: unexpected data output cycle, state is STATE_READY return 0x0
[    3.938587] [nandsim] warning: read_byte: unexpected data output cycle, state is STATE_READY return 0x0
[    3.938759] [nandsim] warning: read_byte: unexpected data output cycle, state is STATE_READY return 0x0
[    3.939181] nand: device found, Manufacturer ID: 0x98, Chip ID: 0x39
[    3.939330] nand: Toshiba NAND 128MiB 1,8V 8-bit
[    3.939458] nand: 128 MiB, SLC, erase size: 16 KiB, page size: 512, OOB size: 16
[    3.940360] flash size: 128 MiB
[    3.940447] page size: 512 bytes
[    3.940524] OOB area size: 16 bytes
[    3.940606] sector size: 16 KiB
[    3.940697] pages number: 262144
[    3.940772] pages per sector: 32
[    3.940847] bus width: 8
[    3.940910] bits in sector size: 14
[    3.941633] bits in page size: 9
[    3.941731] bits in OOB size: 4
[    3.941817] flash size with OOB: 135168 KiB
[    3.941909] page address bytes: 4
[    3.941985] sector address bytes: 3
[    3.942065] options: 0x42
[    3.985731] Scanning device for bad blocks
[    4.094554] firmadyne: do_execve: /firmadyne/console
[    4.094765] OFFSETS: offset of pid: 0x190 offset of comm: 0x270
[    4.095229] Creating 11 MTD partitions on "NAND 128MiB 1,8V 8-bit":
[    4.095642] 0x000000000000-0x000000100000 : "NAND simulator partition 0"
[    4.097973] 0x000000100000-0x000000200000 : "NAND simulator partition 1"
[    4.099416] 0x000000200000-0x000000300000 : "NAND simulator partition 2"
[    4.100872] 0x000000300000-0x000000400000 : "NAND simulator partition 3"
[    4.102538] 0x000000400000-0x000000500000 : "NAND simulator partition 4"
[    4.104070] 0x000000500000-0x000000600000 : "NAND simulator partition 5"
[    4.105545] 0x000000600000-0x000000700000 : "NAND simulator partition 6"
[    4.107193] 0x000000700000-0x000000800000 : "NAND simulator partition 7"
[    4.108523] 0x000000800000-0x000000900000 : "NAND simulator partition 8"
[    4.109984] 0x000000900000-0x000000a00000 : "NAND simulator partition 9"
[    4.111557] 0x000000a00000-0x000008000000 : "NAND simulator partition 10"
[    4.117446] tun: Universal TUN/TAP device driver, 1.6
[    4.117589] tun: (C) 1999-2004 Max Krasnyansky <maxk@qualcomm.com>
[    4.185160] PPP generic driver version 2.4.2
[    4.185899] PPP BSD Compression module registered
[    4.186085] PPP Deflate Compression module registered
[    4.186339] PPP MPPE Compression module registered
[    4.186460] NET: Registered protocol family 24
[    4.186760] PPTP driver version 0.8.5
[    4.199995] usbcore: registered new interface driver usb-storage
[    4.203937] rtc-pl031 9010000.pl031: rtc core: registered pl031 as rtc0
[    4.204747] hidraw: raw HID events driver (C) Jiri Kosina
[    4.205323] usbcore: registered new interface driver usbhid
[    4.205449] usbhid: USB HID core driver
[    4.205925] Netfilter messages via NETLINK v0.30.
[    4.206611] nf_conntrack version 0.5.0 (3958 buckets, 15832 max)
[    4.208093] ctnetlink v0.93: registering with nfnetlink.
[    4.209617] ipip: IPv4 over IPv4 tunneling driver
[    4.212037] gre: GRE over IPv4 demultiplexor driver
[    4.212222] ip_gre: GRE over IPv4 tunneling driver
[    4.217015] ip_tables: (C) 2000-2006 Netfilter Core Team
[    4.218807] arp_tables: (C) 2002 David S. Miller
[    4.523716] Initializing XFRM netlink socket
[    4.524357] NET: Registered protocol family 10
[    4.532018] ip6_tables: (C) 2000-2006 Netfilter Core Team
[    4.533807] sit: IPv6 over IPv4 tunneling driver
[    4.537788] NET: Registered protocol family 17
[    4.538497] bridge: automatic filtering via arp/ip/ip6tables has been deprecated. Update your scripts to load br_netfilter if you need this.
[    4.538857] Bridge firewalling registered
[    4.539006] Ebtables v2.0 registered
[    4.540256] 8021q: 802.1Q VLAN Support v1.8
[    4.540886] Registering SWP/SWPB emulation handler
[    4.543919] rtc-pl031 9010000.pl031: setting system clock to 2018-07-19 09:49:42 UTC (1531993782)
[    4.554621] EXT4-fs (vda1): couldn't mount as ext3 due to feature incompatibilities
[    4.556786] EXT4-fs (vda1): mounting ext2 file system using the ext4 subsystem
[    4.568899] EXT4-fs (vda1): mounted filesystem without journal. Opts: (null)
[    4.570046] VFS: Mounted root (ext2 filesystem) on device 254:1.
[    4.588466] Freeing unused kernel memory: 180K (c05c7000 - c05f4000)
[    5.608299] firmadyne: sys_reboot[PID: 54 (init)]: magic1:fee1dead, magic2:28121969, cmd:0
[    5.630994] firmadyne: sys_socket[PID: 1 (init)]: family:1, type:2, protocol:0
[    5.792259] firmadyne: sys_socket[PID: 55 (init)]: family:1, type:2, protocol:0
[    6.592587] cfg80211: Calling CRDA to update world regulatory domain
[    8.611800] firmadyne: sys_socket[PID: 64 (telnetd)]: family:2, type:1, protocol:0
[    8.612617] firmadyne: sys_setsockopt[PID: 64 (telnetd)]: fd:3, level:1, optname:2
[    8.613291] firmadyne: inet_bind[PID: 64 (telnetd)]: proto:SOCK_STREAM, port:23
Using /lib/modules/mvKernelExt.ko
insmod: kernel-module version mismatch
	/lib/modules/mvKernelExt.ko was compiled for kernel version 
	while this kernel is version 4.1.17+.
Using /lib/modules/mvPpDrv.ko
insmod: kernel-module version mismatch
	/lib/modules/mvPpDrv.ko was compiled for kernel version 
	while this kernel is version 4.1.17+.
[    9.838133] cfg80211: Calling CRDA to update world regulatory domain
Fri May 23 14:32:00 UTC 2008
[   10.423803] firmadyne: sys_socket[PID: 72 (ifconfig)]: family:2, type:2, protocol:0
[   10.427863] firmadyne: __inet_insert_ifa[PID: 72 (ifconfig)]: device:lo ifa:0x0100007f
[   10.433265] firmadyne: __inet_insert_ifa[PID: 72 (ifconfig)]: device:lo ifa:0x0100007f




Linux MARVELL_LINUX 4.1.17+ #1 Thu Feb 18 01:05:21 UTC 2016


Welcome to Embedded Linux
           _  _
          | ||_|
          | | _ ____  _   _  _  _ 
          | || |  _ \| | | |\ \/ /
          | || | | | | |_| |/    \
          |_||_|_| |_|\____|\_/\_/

          On Marvell's ARM board

For further information on the Marvell products check:
http://www.marvell.com/

toochain=gnueabi

Enjoy!

[   13.193633] cfg80211: Calling CRDA to update world regulatory domain


BusyBox v1.01 (2008.10.02-12:33+0000) Built-in shell (ash)
Enter 'help' for a list of built-in commands.

/ # [   16.341500] cfg80211: Calling CRDA to update world regulatory domain
[   19.492096] cfg80211: Calling CRDA to update world regulatory domain
[   22.642291] cfg80211: Calling CRDA to update world regulatory domain
[   25.792415] cfg80211: Calling CRDA to update world regulatory domain
[   28.942218] cfg80211: Calling CRDA to update world regulatory domain
[   32.091868] cfg80211: Calling CRDA to update world regulatory domain
[   35.241298] cfg80211: Calling CRDA to update world regulatory domain
[   38.393607] cfg80211: Exceeded CRDA call max attempts. Not calling CRDA
Starting firmware emulation... use Ctrl-a + x to exit
qemu-system-arm: terminating on signal 2 from pid 79573 (timeout)
[    0.000000] Booting Linux on physical CPU 0x0
[    0.000000] Linux version 4.1.17+ (vagrant@vagrant-ubuntu-trusty-64) (gcc version 5.3.0 (GCC) ) #1 Thu Feb 18 01:05:21 UTC 2016
[    0.000000] CPU: ARMv7 Processor [412fc0f1] revision 1 (ARMv7), cr=10c5387d
[    0.000000] CPU: PIPT / VIPT nonaliasing data cache, PIPT instruction cache
[    0.000000] Machine model: linux,dummy-virt
[    0.000000] debug: ignoring loglevel setting.
[    0.000000] Memory policy: Data cache writeback
[    0.000000] On node 0 totalpages: 65536
[    0.000000] free_area_init_node: node 0, pgdat c061dfe8, node_mem_map cfdf9000
[    0.000000]   Normal zone: 512 pages used for memmap
[    0.000000]   Normal zone: 0 pages reserved
[    0.000000]   Normal zone: 65536 pages, LIFO batch:15
[    0.000000] psci: probing for conduit method from DT.
[    0.000000] psci: PSCIv0.2 detected in firmware.
[    0.000000] psci: Using standard PSCI v0.2 function IDs
[    0.000000] CPU: All CPU(s) started in SVC mode.
[    0.000000] pcpu-alloc: s0 r0 d32768 u32768 alloc=1*32768
[    0.000000] pcpu-alloc: [0] 0 
[    0.000000] Built 1 zonelists in Zone order, mobility grouping on.  Total pages: 65024
[    0.000000] Kernel command line: root=/dev/vda1 console=ttyS0 nandsim.parts=64,64,64,64,64,64,64,64,64,64 rdinit=/firmadyne/preInit.sh rw debug ignore_loglevel print-fatal-signals=1 user_debug=31 firmadyne.syscall=0
[    0.000000] PID hash table entries: 1024 (order: 0, 4096 bytes)
[    0.000000] Dentry cache hash table entries: 32768 (order: 5, 131072 bytes)
[    0.000000] Inode-cache hash table entries: 16384 (order: 4, 65536 bytes)
[    0.000000] Memory: 253340K/262144K available (4297K kernel code, 170K rwdata, 1584K rodata, 180K init, 148K bss, 8804K reserved, 0K cma-reserved)
[    0.000000] Virtual kernel memory layout:
[    0.000000]     vector  : 0xffff0000 - 0xffff1000   (   4 kB)
[    0.000000]     fixmap  : 0xffc00000 - 0xfff00000   (3072 kB)
[    0.000000]     vmalloc : 0xd0800000 - 0xff000000   ( 744 MB)
[    0.000000]     lowmem  : 0xc0000000 - 0xd0000000   ( 256 MB)
[    0.000000]     modules : 0xbf000000 - 0xc0000000   (  16 MB)
[    0.000000]       .text : 0xc0008000 - 0xc05c67bc   (5882 kB)
[    0.000000]       .init : 0xc05c7000 - 0xc05f4000   ( 180 kB)
[    0.000000]       .data : 0xc05f4000 - 0xc061e840   ( 171 kB)
[    0.000000]        .bss : 0xc0621000 - 0xc06462d4   ( 149 kB)
[    0.000000] NR_IRQS:16 nr_irqs:16 16
[    0.000000] Architected cp15 timer(s) running at 62.50MHz (virt).
[    0.000000] clocksource arch_sys_counter: mask: 0xffffffffffffff max_cycles: 0x1cd42e208c, max_idle_ns: 881590405314 ns
[    0.000160] sched_clock: 56 bits at 62MHz, resolution 16ns, wraps every 4398046511096ns
[    0.000307] Switching to timer-based delay loop, resolution 16ns
[    0.003455] Console: colour dummy device 80x30
[    0.003796] Calibrating delay loop (skipped), value calculated using timer frequency.. 125.00 BogoMIPS (lpj=625000)
[    0.003931] pid_max: default: 32768 minimum: 301
[    0.004871] Mount-cache hash table entries: 1024 (order: 0, 4096 bytes)
[    0.004913] Mountpoint-cache hash table entries: 1024 (order: 0, 4096 bytes)
[    0.014264] CPU: Testing write buffer coherency: ok
[    0.020677] Setting up static identity map for 0x40008240 - 0x40008298
[    0.890187] VFP support v0.3: implementor 41 architecture 4 part 30 variant f rev 0
[    0.902420] clocksource jiffies: mask: 0xffffffff max_cycles: 0xffffffff, max_idle_ns: 19112604462750000 ns
[    0.911870] NET: Registered protocol family 16
[    0.915131] DMA: preallocated 256 KiB pool for atomic coherent allocations
[    0.919554] cpuidle: using governor ladder
[    0.919724] cpuidle: using governor menu
[    1.583575] Serial: AMBA PL011 UART driver
[    1.586222] 9000000.pl011: ttyS0 at MMIO 0x9000000 (irq = 54, base_baud = 0) is a PL011 rev1
[    1.593949] console [ttyS0] enabled
[    1.617688] vgaarb: loaded
[    1.619280] SCSI subsystem initialized
[    1.620419] usbcore: registered new interface driver usbfs
[    1.620842] usbcore: registered new interface driver hub
[    1.621174] usbcore: registered new device driver usb
[    1.630881] cfg80211: Calling CRDA to update world regulatory domain
[    1.633199] Switched to clocksource arch_sys_counter
[    1.652161] NET: Registered protocol family 2
[    1.703607] TCP established hash table entries: 2048 (order: 1, 8192 bytes)
[    1.703901] TCP bind hash table entries: 2048 (order: 1, 8192 bytes)
[    1.704216] TCP: Hash tables configured (established 2048 bind 2048)
[    1.704785] UDP hash table entries: 256 (order: 0, 4096 bytes)
[    1.705035] UDP-Lite hash table entries: 256 (order: 0, 4096 bytes)
[    1.706570] NET: Registered protocol family 1
[    1.707032] PCI: CLS 0 bytes, default 64
[    1.714761] NetWinder Floating Point Emulator V0.97 (extended precision)
[    1.717559] futex hash table entries: 256 (order: -1, 3072 bytes)
[    1.723340] squashfs: version 4.0 (2009/01/31) Phillip Lougher
[    1.724804] jffs2: version 2.2. (NAND) © 2001-2006 Red Hat, Inc.
[    1.725627] romfs: ROMFS MTD (C) 2007 Red Hat, Inc.
[    1.734513] Block layer SCSI generic (bsg) driver version 0.4 loaded (major 253)
[    1.734876] io scheduler noop registered
[    1.735116] io scheduler cfq registered (default)
[    1.735820] firmadyne: devfs: 1, execute: 1, procfs: 1, syscall: 0
[    1.737180] ------------[ cut here ]------------
[    1.737380] WARNING: CPU: 0 PID: 1 at /home/vagrant/firmadyne-kernel/kernel-v4.1/fs/sysfs/dir.c:31 sysfs_warn_dup+0x50/0x6c()
[    1.737610] sysfs: cannot create duplicate filename '/class/gpio'
[    1.737767] Modules linked in:
[    1.738073] CPU: 0 PID: 1 Comm: swapper Not tainted 4.1.17+ #1
[    1.738218] Hardware name: Generic DT based system
[    1.738907] [<c001c99c>] (unwind_backtrace) from [<c0019d30>] (show_stack+0x10/0x14)
[    1.739219] [<c0019d30>] (show_stack) from [<c0024ab4>] (warn_slowpath_common+0x80/0xa8)
[    1.739432] [<c0024ab4>] (warn_slowpath_common) from [<c0024b08>] (warn_slowpath_fmt+0x2c/0x3c)
[    1.739700] [<c0024b08>] (warn_slowpath_fmt) from [<c00e363c>] (sysfs_warn_dup+0x50/0x6c)
[    1.739887] [<c00e363c>] (sysfs_warn_dup) from [<c00e3714>] (sysfs_create_dir_ns+0x74/0x84)
[    1.740061] [<c00e3714>] (sysfs_create_dir_ns) from [<c018e6ac>] (kobject_add_internal+0xb8/0x2ac)
[    1.740288] [<c018e6ac>] (kobject_add_internal) from [<c018e9a8>] (kset_register+0x1c/0x44)
[    1.740468] [<c018e9a8>] (kset_register) from [<c02090b4>] (__class_register+0xa8/0x198)
[    1.740644] [<c02090b4>] (__class_register) from [<c02091e4>] (__class_create+0x40/0x70)
[    1.740855] [<c02091e4>] (__class_create) from [<c01adf68>] (register_devfs_stubs+0x314/0xbb4)
[    1.741031] [<c01adf68>] (register_devfs_stubs) from [<c05d9b08>] (init_module+0x28/0xa4)
[    1.741267] [<c05d9b08>] (init_module) from [<c0009670>] (do_one_initcall+0x104/0x1b4)
[    1.741439] [<c0009670>] (do_one_initcall) from [<c05c7d08>] (kernel_init_freeable+0xf0/0x1b0)
[    1.741625] [<c05c7d08>] (kernel_init_freeable) from [<c040f28c>] (kernel_init+0x8/0xe4)
[    1.741802] [<c040f28c>] (kernel_init) from [<c0016da8>] (ret_from_fork+0x14/0x2c)
[    1.742082] ---[ end trace c98d48e25cf9d0fb ]---
[    1.742288] ------------[ cut here ]------------
[    1.742401] WARNING: CPU: 0 PID: 1 at /home/vagrant/firmadyne-kernel/kernel-v4.1/lib/kobject.c:240 kobject_add_internal+0x240/0x2ac()
[    1.742652] kobject_add_internal failed for gpio with -EEXIST, don't try to register things with the same name in the same directory.
[    1.742850] Modules linked in:
[    1.743230] CPU: 0 PID: 1 Comm: swapper Tainted: G        W       4.1.17+ #1
[    1.743371] Hardware name: Generic DT based system
[    1.743491] [<c001c99c>] (unwind_backtrace) from [<c0019d30>] (show_stack+0x10/0x14)
[    1.743675] [<c0019d30>] (show_stack) from [<c0024ab4>] (warn_slowpath_common+0x80/0xa8)
[    1.743834] [<c0024ab4>] (warn_slowpath_common) from [<c0024b08>] (warn_slowpath_fmt+0x2c/0x3c)
[    1.744020] [<c0024b08>] (warn_slowpath_fmt) from [<c018e834>] (kobject_add_internal+0x240/0x2ac)
[    1.744224] [<c018e834>] (kobject_add_internal) from [<c018e9a8>] (kset_register+0x1c/0x44)
[    1.744397] [<c018e9a8>] (kset_register) from [<c02090b4>] (__class_register+0xa8/0x198)
[    1.744566] [<c02090b4>] (__class_register) from [<c02091e4>] (__class_create+0x40/0x70)
[    1.744750] [<c02091e4>] (__class_create) from [<c01adf68>] (register_devfs_stubs+0x314/0xbb4)
[    1.744945] [<c01adf68>] (register_devfs_stubs) from [<c05d9b08>] (init_module+0x28/0xa4)
[    1.745117] [<c05d9b08>] (init_module) from [<c0009670>] (do_one_initcall+0x104/0x1b4)
[    1.745285] [<c0009670>] (do_one_initcall) from [<c05c7d08>] (kernel_init_freeable+0xf0/0x1b0)
[    1.745462] [<c05c7d08>] (kernel_init_freeable) from [<c040f28c>] (kernel_init+0x8/0xe4)
[    1.745628] [<c040f28c>] (kernel_init) from [<c0016da8>] (ret_from_fork+0x14/0x2c)
[    1.745793] ---[ end trace c98d48e25cf9d0fc ]---
[    1.745958] firmadyne: Cannot create device class: gpio!
[    1.747774] firmadyne: Cannot register character device: watchdog, 0xa, 0x82!
[    1.747955] firmadyne: Cannot register character device: wdt, 0xfd, 0x0!
[    1.831447] PCI host bridge /pcie@10000000 ranges:
[    1.832022]    IO 0x3eff0000..0x3effffff -> 0x00000000
[    1.832386]   MEM 0x10000000..0x3efeffff -> 0x10000000
[    1.832517]   MEM 0x8000000000..0xffffffffff -> 0x8000000000
[    1.833353] pci-host-generic 3f000000.pcie: resource collision: [mem 0x00000000-0xffffffff] conflicts with /pl011@9000000 [mem 0x09000000-0x09000fff]
[    1.834067] pci-host-generic: probe of 3f000000.pcie failed with error -16
[    1.846285] Non-volatile memory driver v1.3
[    1.919345] brd: module loaded
[    1.929836] loop: module loaded
[    2.005050]  vda: vda1
[    2.017391] 0.flash: Found 2 x16 devices at 0x0 in 32-bit bank. Manufacturer ID 0x000000 Chip ID 0x000000
[    2.018040] Intel/Sharp Extended Query Table at 0x0031
[    2.019201] Using buffer write method
[    2.019619] erase region 0: offset=0x0,size=0x40000,blocks=256
[    2.027376] 0.flash: Found 2 x16 devices at 0x0 in 32-bit bank. Manufacturer ID 0x000000 Chip ID 0x000000
[    2.027640] Intel/Sharp Extended Query Table at 0x0031
[    2.028396] Using buffer write method
[    2.028512] erase region 0: offset=0x0,size=0x40000,blocks=256
[    2.028724] Concatenating MTD devices:
[    2.028828] (0): "0.flash"
[    2.028903] (1): "0.flash"
[    2.028969] into device "0.flash"
[    2.041502] [nandsim] warning: read_byte: unexpected data output cycle, state is STATE_READY return 0x0
[    2.041748] [nandsim] warning: read_byte: unexpected data output cycle, state is STATE_READY return 0x0
[    2.041926] [nandsim] warning: read_byte: unexpected data output cycle, state is STATE_READY return 0x0
[    2.042099] [nandsim] warning: read_byte: unexpected data output cycle, state is STATE_READY return 0x0
[    2.042281] [nandsim] warning: read_byte: unexpected data output cycle, state is STATE_READY return 0x0
[    2.042454] [nandsim] warning: read_byte: unexpected data output cycle, state is STATE_READY return 0x0
[    2.043537] nand: device found, Manufacturer ID: 0x98, Chip ID: 0x39
[    2.043705] nand: Toshiba NAND 128MiB 1,8V 8-bit
[    2.043838] nand: 128 MiB, SLC, erase size: 16 KiB, page size: 512, OOB size: 16
[    2.044847] flash size: 128 MiB
[    2.044932] page size: 512 bytes
[    2.045006] OOB area size: 16 bytes
[    2.045084] sector size: 16 KiB
[    2.045154] pages number: 262144
[    2.045226] pages per sector: 32
[    2.045297] bus width: 8
[    2.045356] bits in sector size: 14
[    2.045432] bits in page size: 9
[    2.045509] bits in OOB size: 4
[    2.045585] flash size with OOB: 135168 KiB
[    2.045674] page address bytes: 4
[    2.045746] sector address bytes: 3
[    2.045823] options: 0x42
[    2.251461] Scanning device for bad blocks
[    2.359824] firmadyne: do_execve: /firmadyne/console
[    2.360054] OFFSETS: offset of pid: 0x190 offset of comm: 0x270
[    2.360567] Creating 11 MTD partitions on "NAND 128MiB 1,8V 8-bit":
[    2.361012] 0x000000000000-0x000000100000 : "NAND simulator partition 0"
[    2.363448] 0x000000100000-0x000000200000 : "NAND simulator partition 1"
[    2.364901] 0x000000200000-0x000000300000 : "NAND simulator partition 2"
[    2.366393] 0x000000300000-0x000000400000 : "NAND simulator partition 3"
[    2.367894] 0x000000400000-0x000000500000 : "NAND simulator partition 4"
[    2.369329] 0x000000500000-0x000000600000 : "NAND simulator partition 5"
[    2.370827] 0x000000600000-0x000000700000 : "NAND simulator partition 6"
[    2.372479] 0x000000700000-0x000000800000 : "NAND simulator partition 7"
[    2.374136] 0x000000800000-0x000000900000 : "NAND simulator partition 8"
[    2.375581] 0x000000900000-0x000000a00000 : "NAND simulator partition 9"
[    2.377107] 0x000000a00000-0x000008000000 : "NAND simulator partition 10"
[    2.398465] tun: Universal TUN/TAP device driver, 1.6
[    2.398627] tun: (C) 1999-2004 Max Krasnyansky <maxk@qualcomm.com>
[    3.795005] PPP generic driver version 2.4.2
[    3.795861] PPP BSD Compression module registered
[    3.796038] PPP Deflate Compression module registered
[    3.796301] PPP MPPE Compression module registered
[    3.796436] NET: Registered protocol family 24
[    3.796790] PPTP driver version 0.8.5
[    4.404466] usbcore: registered new interface driver usb-storage
[    4.407992] rtc-pl031 9010000.pl031: rtc core: registered pl031 as rtc0
[    4.408771] hidraw: raw HID events driver (C) Jiri Kosina
[    4.409346] usbcore: registered new interface driver usbhid
[    4.409479] usbhid: USB HID core driver
[    4.409939] Netfilter messages via NETLINK v0.30.
[    4.410990] nf_conntrack version 0.5.0 (3958 buckets, 15832 max)
[    4.412570] ctnetlink v0.93: registering with nfnetlink.
[    4.414297] ipip: IPv4 over IPv4 tunneling driver
[    4.416613] gre: GRE over IPv4 demultiplexor driver
[    4.416781] ip_gre: GRE over IPv4 tunneling driver
[    4.421553] ip_tables: (C) 2000-2006 Netfilter Core Team
[    4.423503] arp_tables: (C) 2002 David S. Miller
[    4.424598] Initializing XFRM netlink socket
[    4.425132] NET: Registered protocol family 10
[    4.432471] ip6_tables: (C) 2000-2006 Netfilter Core Team
[    4.434492] sit: IPv6 over IPv4 tunneling driver
[    4.438623] NET: Registered protocol family 17
[    4.439314] bridge: automatic filtering via arp/ip/ip6tables has been deprecated. Update your scripts to load br_netfilter if you need this.
[    4.439681] Bridge firewalling registered
[    4.439822] Ebtables v2.0 registered
[    4.441107] 8021q: 802.1Q VLAN Support v1.8
[    4.441781] Registering SWP/SWPB emulation handler
[    4.444860] rtc-pl031 9010000.pl031: setting system clock to 2018-07-19 09:50:44 UTC (1531993844)
[    4.836643] EXT4-fs (vda1): couldn't mount as ext3 due to feature incompatibilities
[    4.837846] cfg80211: Calling CRDA to update world regulatory domain
[    4.839501] EXT4-fs (vda1): mounting ext2 file system using the ext4 subsystem
[    4.848801] EXT4-fs (vda1): warning: mounting unchecked fs, running e2fsck is recommended
[    4.851806] EXT4-fs (vda1): mounted filesystem without journal. Opts: (null)
[    4.853067] VFS: Mounted root (ext2 filesystem) on device 254:1.
[    4.871542] Freeing unused kernel memory: 180K (c05c7000 - c05f4000)
[    6.186284] firmadyne: sys_reboot[PID: 54 (init)]: magic1:fee1dead, magic2:28121969, cmd:0
[    8.993104] cfg80211: Calling CRDA to update world regulatory domain
Using /lib/modules/mvKernelExt.ko
insmod: kernel-module version mismatch
	/lib/modules/mvKernelExt.ko was compiled for kernel version 
	while this kernel is version 4.1.17+.
Using /lib/modules/mvPpDrv.ko
insmod: kernel-module version mismatch
	/lib/modules/mvPpDrv.ko was compiled for kernel version 
	while this kernel is version 4.1.17+.
Fri May 23 14:32:00 UTC 2008




[   12.197281] cfg80211: Calling CRDA to update world regulatory domain
Linux MARVELL_LINUX 4.1.17+ #1 Thu Feb 18 01:05:21 UTC 2016


Welcome to Embedded Linux
           _  _
          | ||_|
          | | _ ____  _   _  _  _ 
          | || |  _ \| | | |\ \/ /
          | || | | | | |_| |/    \
          |_||_|_| |_|\____|\_/\_/

          On Marvell's ARM board

For further information on the Marvell products check:
http://www.marvell.com/

toochain=gnueabi

Enjoy!



BusyBox v1.01 (2008.10.02-12:33+0000) Built-in shell (ash)
Enter 'help' for a list of built-in commands.

/ # [   15.344042] cfg80211: Calling CRDA to update world regulatory domain
[   18.494208] cfg80211: Calling CRDA to update world regulatory domain
[   21.643713] cfg80211: Calling CRDA to update world regulatory domain
[   24.795540] cfg80211: Calling CRDA to update world regulatory domain
[   27.944747] cfg80211: Calling CRDA to update world regulatory domain
[   31.093823] cfg80211: Calling CRDA to update world regulatory domain
[   34.244102] cfg80211: Calling CRDA to update world regulatory domain
[   37.394613] cfg80211: Exceeded CRDA call max attempts. Not calling CRDA
