>> Database Image ID: 19

/home/zhumengfan/firmware/firmwares/251ecbcc168217ccc5da9a33cc922695cbf26b45.ZIP
>> MD5: 14801e67e0720ab5ad3c37e44d03edb4
>> Tag: 19
>> Temp: /tmp/tmpzSjgjq
>> Status: Kernel: True, Rootfs: False, Do_Kernel: False,                 Do_Rootfs: True
>>>> Zip archive data, at least v2.0 to extract, compressed size: 7912555, uncompressed size: 7944848, name: R1.00.015/DGS-1500-20 FW R1.00.015.hex
>> Recursing into archive ...
	
/tmp/tmpzSjgjq/_251ecbcc168217ccc5da9a33cc922695cbf26b45.ZIP.extracted/R1.00.015/DGS-1500-20 FW R1.00.015.hex
	>> MD5: b5bc62ad6b1699995cf93e0c87ae1341
	>> Tag: 19
	>> Temp: /tmp/tmp8J91G0
	>> Status: Kernel: True, Rootfs: False, Do_Kernel: False,                 Do_Rootfs: True
	>>>> Squashfs filesystem, little endian, version 3.1, size: 6662125 bytes, 216 inodes, blocksize: 131072 bytes, created: 2011-08-18 10:57:34
	>>>> Found Linux filesystem in /tmp/tmp8J91G0/_DGS-1500-20 FW R1.00.015.hex.extracted/squashfs-root!
	>> Skipping: completed!
	>> Cleaning up /tmp/tmp8J91G0...
>> Skipping: completed!
>> Cleaning up /tmp/tmpzSjgjq...
./bin/busybox: armel
Querying database for architecture... armel
----Running----
----Copying Filesystem Tarball----
----Creating QEMU Image----
Formatting '/home/zhumengfan/firmadyne//scratch//19//image.raw', fmt=raw size=1073741824
----Creating Partition Table----

Welcome to fdisk (util-linux 2.27.1).
Changes will remain in memory only, until you decide to write them.
Be careful before using the write command.

Device does not contain a recognized partition table.
Created a new DOS disklabel with disk identifier 0x51055bcb.

Command (m for help): Created a new DOS disklabel with disk identifier 0xd487e50e.

Command (m for help): Partition type
   p   primary (0 primary, 0 extended, 4 free)
   e   extended (container for logical partitions)
Select (default p): Partition number (1-4, default 1): First sector (2048-2097151, default 2048): Last sector, +sectors or +size{K,M,G,T,P} (2048-2097151, default 2097151): 
Created a new partition 1 of type 'Linux' and of size 1023 MiB.

Command (m for help): The partition table has been altered.
Syncing disks.

----Mounting QEMU Image----
add map loop0p1 (252:0): 0 2095104 linear 7:0 2048
----Creating Filesystem----
mke2fs 1.42.13 (17-May-2015)
Discarding device blocks:   4096/261888             done                            
Creating filesystem with 261888 4k blocks and 65536 inodes
Filesystem UUID: 638a2161-e257-4632-9886-a7b191f57b7e
Superblock backups stored on blocks: 
	32768, 98304, 163840, 229376

Allocating group tables: 0/8   done                            
Writing inode tables: 0/8   done                            
Writing superblocks and filesystem accounting information: 0/8   done

----Making QEMU Image Mountpoint----
----Mounting QEMU Image Partition 1----
----Extracting Filesystem Tarball----
----Creating FIRMADYNE Directories----
----Patching Filesystem (chroot)----
Creating /etc/TZ!
Creating /etc/hosts!
Warning: Recreating device nodes!
mkdir: can't create directory '/dev/mtd': No such file or directory
mknod: /dev/mtd/0: No such file or directory
mknod: /dev/mtd/1: No such file or directory
mknod: /dev/mtd/2: No such file or directory
mknod: /dev/mtd/3: No such file or directory
mknod: /dev/mtd/4: No such file or directory
mknod: /dev/mtd/5: No such file or directory
mknod: /dev/mtd/6: No such file or directory
mknod: /dev/mtd/7: No such file or directory
mknod: /dev/mtd/8: No such file or directory
mknod: /dev/mtd/9: No such file or directory
mknod: /dev/mtd/10: No such file or directory
Removing /etc/scripts/sys_resetbutton!
----Setting up FIRMADYNE----
----Unmounting QEMU Image----
loop deleted : /dev/loop0
Querying database for architecture... armel
Running firmware 19: terminating after 60 secs...
qemu-system-arm: terminating on signal 2 from pid 59520 (timeout)
Inferring network...
Interfaces: []
Done!
[    0.000000] Booting Linux on physical CPU 0x0
[    0.000000] Linux version 4.1.17+ (vagrant@vagrant-ubuntu-trusty-64) (gcc version 5.3.0 (GCC) ) #1 Thu Feb 18 01:05:21 UTC 2016
[    0.000000] CPU: ARMv7 Processor [412fc0f1] revision 1 (ARMv7), cr=10c5387d
[    0.000000] CPU: PIPT / VIPT nonaliasing data cache, PIPT instruction cache
[    0.000000] Machine model: linux,dummy-virt
[    0.000000] debug: ignoring loglevel setting.
[    0.000000] Memory policy: Data cache writeback
[    0.000000] On node 0 totalpages: 65536
[    0.000000] free_area_init_node: node 0, pgdat c061dfe8, node_mem_map cfdf9000
[    0.000000]   Normal zone: 512 pages used for memmap
[    0.000000]   Normal zone: 0 pages reserved
[    0.000000]   Normal zone: 65536 pages, LIFO batch:15
[    0.000000] psci: probing for conduit method from DT.
[    0.000000] psci: PSCIv0.2 detected in firmware.
[    0.000000] psci: Using standard PSCI v0.2 function IDs
[    0.000000] CPU: All CPU(s) started in SVC mode.
[    0.000000] pcpu-alloc: s0 r0 d32768 u32768 alloc=1*32768
[    0.000000] pcpu-alloc: [0] 0 
[    0.000000] Built 1 zonelists in Zone order, mobility grouping on.  Total pages: 65024
[    0.000000] Kernel command line: firmadyne.syscall=1 root=/dev/vda1 console=ttyS0 nandsim.parts=64,64,64,64,64,64,64,64,64,64 rdinit=/firmadyne/preInit.sh rw debug ignore_loglevel print-fatal-signals=1 user_debug=31
[    0.000000] PID hash table entries: 1024 (order: 0, 4096 bytes)
[    0.000000] Dentry cache hash table entries: 32768 (order: 5, 131072 bytes)
[    0.000000] Inode-cache hash table entries: 16384 (order: 4, 65536 bytes)
[    0.000000] Memory: 253340K/262144K available (4297K kernel code, 170K rwdata, 1584K rodata, 180K init, 148K bss, 8804K reserved, 0K cma-reserved)
[    0.000000] Virtual kernel memory layout:
[    0.000000]     vector  : 0xffff0000 - 0xffff1000   (   4 kB)
[    0.000000]     fixmap  : 0xffc00000 - 0xfff00000   (3072 kB)
[    0.000000]     vmalloc : 0xd0800000 - 0xff000000   ( 744 MB)
[    0.000000]     lowmem  : 0xc0000000 - 0xd0000000   ( 256 MB)
[    0.000000]     modules : 0xbf000000 - 0xc0000000   (  16 MB)
[    0.000000]       .text : 0xc0008000 - 0xc05c67bc   (5882 kB)
[    0.000000]       .init : 0xc05c7000 - 0xc05f4000   ( 180 kB)
[    0.000000]       .data : 0xc05f4000 - 0xc061e840   ( 171 kB)
[    0.000000]        .bss : 0xc0621000 - 0xc06462d4   ( 149 kB)
[    0.000000] NR_IRQS:16 nr_irqs:16 16
[    0.000000] Architected cp15 timer(s) running at 62.50MHz (virt).
[    0.000000] clocksource arch_sys_counter: mask: 0xffffffffffffff max_cycles: 0x1cd42e208c, max_idle_ns: 881590405314 ns
[    0.000189] sched_clock: 56 bits at 62MHz, resolution 16ns, wraps every 4398046511096ns
[    0.000323] Switching to timer-based delay loop, resolution 16ns
[    0.003498] Console: colour dummy device 80x30
[    0.003846] Calibrating delay loop (skipped), value calculated using timer frequency.. 125.00 BogoMIPS (lpj=625000)
[    0.003978] pid_max: default: 32768 minimum: 301
[    0.004917] Mount-cache hash table entries: 1024 (order: 0, 4096 bytes)
[    0.004956] Mountpoint-cache hash table entries: 1024 (order: 0, 4096 bytes)
[    0.054774] CPU: Testing write buffer coherency: ok
[    0.061069] Setting up static identity map for 0x40008240 - 0x40008298
[    0.076212] VFP support v0.3: implementor 41 architecture 4 part 30 variant f rev 0
[    0.173046] clocksource jiffies: mask: 0xffffffff max_cycles: 0xffffffff, max_idle_ns: 19112604462750000 ns
[    0.182698] NET: Registered protocol family 16
[    0.185924] DMA: preallocated 256 KiB pool for atomic coherent allocations
[    0.190394] cpuidle: using governor ladder
[    0.190574] cpuidle: using governor menu
[    0.211891] Serial: AMBA PL011 UART driver
[    0.214130] 9000000.pl011: ttyS0 at MMIO 0x9000000 (irq = 54, base_baud = 0) is a PL011 rev1
[    0.222188] console [ttyS0] enabled
[    0.337596] vgaarb: loaded
[    0.339203] SCSI subsystem initialized
[    0.340482] usbcore: registered new interface driver usbfs
[    0.340859] usbcore: registered new interface driver hub
[    0.341192] usbcore: registered new device driver usb
[    0.351125] cfg80211: Calling CRDA to update world regulatory domain
[    0.353620] Switched to clocksource arch_sys_counter
[    0.372361] NET: Registered protocol family 2
[    0.377923] TCP established hash table entries: 2048 (order: 1, 8192 bytes)
[    0.378207] TCP bind hash table entries: 2048 (order: 1, 8192 bytes)
[    0.378528] TCP: Hash tables configured (established 2048 bind 2048)
[    0.379081] UDP hash table entries: 256 (order: 0, 4096 bytes)
[    0.379346] UDP-Lite hash table entries: 256 (order: 0, 4096 bytes)
[    0.380870] NET: Registered protocol family 1
[    0.381377] PCI: CLS 0 bytes, default 64
[    0.388929] NetWinder Floating Point Emulator V0.97 (extended precision)
[    0.436363] futex hash table entries: 256 (order: -1, 3072 bytes)
[    0.442249] squashfs: version 4.0 (2009/01/31) Phillip Lougher
[    0.443890] jffs2: version 2.2. (NAND) © 2001-2006 Red Hat, Inc.
[    0.444695] romfs: ROMFS MTD (C) 2007 Red Hat, Inc.
[    0.453677] Block layer SCSI generic (bsg) driver version 0.4 loaded (major 253)
[    0.454029] io scheduler noop registered
[    0.454293] io scheduler cfq registered (default)
[    0.454998] firmadyne: devfs: 1, execute: 1, procfs: 1, syscall: 1
[    0.456410] ------------[ cut here ]------------
[    0.456629] WARNING: CPU: 0 PID: 1 at /home/vagrant/firmadyne-kernel/kernel-v4.1/fs/sysfs/dir.c:31 sysfs_warn_dup+0x50/0x6c()
[    0.456863] sysfs: cannot create duplicate filename '/class/gpio'
[    0.457027] Modules linked in:
[    0.457394] CPU: 0 PID: 1 Comm: swapper Not tainted 4.1.17+ #1
[    0.457536] Hardware name: Generic DT based system
[    0.458269] [<c001c99c>] (unwind_backtrace) from [<c0019d30>] (show_stack+0x10/0x14)
[    0.458562] [<c0019d30>] (show_stack) from [<c0024ab4>] (warn_slowpath_common+0x80/0xa8)
[    0.458781] [<c0024ab4>] (warn_slowpath_common) from [<c0024b08>] (warn_slowpath_fmt+0x2c/0x3c)
[    0.459027] [<c0024b08>] (warn_slowpath_fmt) from [<c00e363c>] (sysfs_warn_dup+0x50/0x6c)
[    0.459227] [<c00e363c>] (sysfs_warn_dup) from [<c00e3714>] (sysfs_create_dir_ns+0x74/0x84)
[    0.459406] [<c00e3714>] (sysfs_create_dir_ns) from [<c018e6ac>] (kobject_add_internal+0xb8/0x2ac)
[    0.459590] [<c018e6ac>] (kobject_add_internal) from [<c018e9a8>] (kset_register+0x1c/0x44)
[    0.459786] [<c018e9a8>] (kset_register) from [<c02090b4>] (__class_register+0xa8/0x198)
[    0.459965] [<c02090b4>] (__class_register) from [<c02091e4>] (__class_create+0x40/0x70)
[    0.460140] [<c02091e4>] (__class_create) from [<c01adf68>] (register_devfs_stubs+0x314/0xbb4)
[    0.460324] [<c01adf68>] (register_devfs_stubs) from [<c05d9b08>] (init_module+0x28/0xa4)
[    0.460533] [<c05d9b08>] (init_module) from [<c0009670>] (do_one_initcall+0x104/0x1b4)
[    0.460708] [<c0009670>] (do_one_initcall) from [<c05c7d08>] (kernel_init_freeable+0xf0/0x1b0)
[    0.460897] [<c05c7d08>] (kernel_init_freeable) from [<c040f28c>] (kernel_init+0x8/0xe4)
[    0.461067] [<c040f28c>] (kernel_init) from [<c0016da8>] (ret_from_fork+0x14/0x2c)
[    0.461343] ---[ end trace d5efeb5ef104c61a ]---
[    0.461543] ------------[ cut here ]------------
[    0.461661] WARNING: CPU: 0 PID: 1 at /home/vagrant/firmadyne-kernel/kernel-v4.1/lib/kobject.c:240 kobject_add_internal+0x240/0x2ac()
[    0.461886] kobject_add_internal failed for gpio with -EEXIST, don't try to register things with the same name in the same directory.
[    0.462103] Modules linked in:
[    0.462249] CPU: 0 PID: 1 Comm: swapper Tainted: G        W       4.1.17+ #1
[    0.462405] Hardware name: Generic DT based system
[    0.462522] [<c001c99c>] (unwind_backtrace) from [<c0019d30>] (show_stack+0x10/0x14)
[    0.462702] [<c0019d30>] (show_stack) from [<c0024ab4>] (warn_slowpath_common+0x80/0xa8)
[    0.462876] [<c0024ab4>] (warn_slowpath_common) from [<c0024b08>] (warn_slowpath_fmt+0x2c/0x3c)
[    0.463059] [<c0024b08>] (warn_slowpath_fmt) from [<c018e834>] (kobject_add_internal+0x240/0x2ac)
[    0.463304] [<c018e834>] (kobject_add_internal) from [<c018e9a8>] (kset_register+0x1c/0x44)
[    0.463626] [<c018e9a8>] (kset_register) from [<c02090b4>] (__class_register+0xa8/0x198)
[    0.463800] [<c02090b4>] (__class_register) from [<c02091e4>] (__class_create+0x40/0x70)
[    0.463971] [<c02091e4>] (__class_create) from [<c01adf68>] (register_devfs_stubs+0x314/0xbb4)
[    0.464172] [<c01adf68>] (register_devfs_stubs) from [<c05d9b08>] (init_module+0x28/0xa4)
[    0.464340] [<c05d9b08>] (init_module) from [<c0009670>] (do_one_initcall+0x104/0x1b4)
[    0.464524] [<c0009670>] (do_one_initcall) from [<c05c7d08>] (kernel_init_freeable+0xf0/0x1b0)
[    0.464703] [<c05c7d08>] (kernel_init_freeable) from [<c040f28c>] (kernel_init+0x8/0xe4)
[    0.464868] [<c040f28c>] (kernel_init) from [<c0016da8>] (ret_from_fork+0x14/0x2c)
[    0.465042] ---[ end trace d5efeb5ef104c61b ]---
[    0.465211] firmadyne: Cannot create device class: gpio!
[    0.467048] firmadyne: Cannot register character device: watchdog, 0xa, 0x82!
[    0.467231] firmadyne: Cannot register character device: wdt, 0xfd, 0x0!
[    0.549952] PCI host bridge /pcie@10000000 ranges:
[    0.550524]    IO 0x3eff0000..0x3effffff -> 0x00000000
[    0.550888]   MEM 0x10000000..0x3efeffff -> 0x10000000
[    0.551021]   MEM 0x8000000000..0xffffffffff -> 0x8000000000
[    0.551696] pci-host-generic 3f000000.pcie: resource collision: [mem 0x00000000-0xffffffff] conflicts with /pl011@9000000 [mem 0x09000000-0x09000fff]
[    0.552415] pci-host-generic: probe of 3f000000.pcie failed with error -16
[    0.564558] Non-volatile memory driver v1.3
[    0.647008] brd: module loaded
[    0.657201] loop: module loaded
[    0.769246]  vda: vda1
[    0.781247] 0.flash: Found 2 x16 devices at 0x0 in 32-bit bank. Manufacturer ID 0x000000 Chip ID 0x000000
[    0.781937] Intel/Sharp Extended Query Table at 0x0031
[    0.783086] Using buffer write method
[    0.783686] erase region 0: offset=0x0,size=0x40000,blocks=256
[    0.790919] 0.flash: Found 2 x16 devices at 0x0 in 32-bit bank. Manufacturer ID 0x000000 Chip ID 0x000000
[    0.791183] Intel/Sharp Extended Query Table at 0x0031
[    0.792025] Using buffer write method
[    0.792150] erase region 0: offset=0x0,size=0x40000,blocks=256
[    0.792368] Concatenating MTD devices:
[    0.792478] (0): "0.flash"
[    0.792555] (1): "0.flash"
[    0.792625] into device "0.flash"
[    0.805731] [nandsim] warning: read_byte: unexpected data output cycle, state is STATE_READY return 0x0
[    0.805977] [nandsim] warning: read_byte: unexpected data output cycle, state is STATE_READY return 0x0
[    0.806158] [nandsim] warning: read_byte: unexpected data output cycle, state is STATE_READY return 0x0
[    0.806332] [nandsim] warning: read_byte: unexpected data output cycle, state is STATE_READY return 0x0
[    0.806506] [nandsim] warning: read_byte: unexpected data output cycle, state is STATE_READY return 0x0
[    0.806680] [nandsim] warning: read_byte: unexpected data output cycle, state is STATE_READY return 0x0
[    0.807102] nand: device found, Manufacturer ID: 0x98, Chip ID: 0x39
[    0.807250] nand: Toshiba NAND 128MiB 1,8V 8-bit
[    0.807378] nand: 128 MiB, SLC, erase size: 16 KiB, page size: 512, OOB size: 16
[    0.808291] flash size: 128 MiB
[    0.808376] page size: 512 bytes
[    0.808452] OOB area size: 16 bytes
[    0.808532] sector size: 16 KiB
[    0.808604] pages number: 262144
[    0.808678] pages per sector: 32
[    0.808751] bus width: 8
[    0.808812] bits in sector size: 14
[    0.808890] bits in page size: 9
[    0.808969] bits in OOB size: 4
[    0.809047] flash size with OOB: 135168 KiB
[    0.809137] page address bytes: 4
[    0.809212] sector address bytes: 3
[    0.809305] options: 0x42
[    0.877097] Scanning device for bad blocks
[    0.985657] firmadyne: do_execve: /firmadyne/console
[    0.985880] OFFSETS: offset of pid: 0x190 offset of comm: 0x270
[    0.986348] Creating 11 MTD partitions on "NAND 128MiB 1,8V 8-bit":
[    0.986763] 0x000000000000-0x000000100000 : "NAND simulator partition 0"
[    0.988997] 0x000000100000-0x000000200000 : "NAND simulator partition 1"
[    0.990419] 0x000000200000-0x000000300000 : "NAND simulator partition 2"
[    0.991798] 0x000000300000-0x000000400000 : "NAND simulator partition 3"
[    0.993213] 0x000000400000-0x000000500000 : "NAND simulator partition 4"
[    0.994798] 0x000000500000-0x000000600000 : "NAND simulator partition 5"
[    0.996204] 0x000000600000-0x000000700000 : "NAND simulator partition 6"
[    0.997848] 0x000000700000-0x000000800000 : "NAND simulator partition 7"
[    0.999218] 0x000000800000-0x000000900000 : "NAND simulator partition 8"
[    1.000590] 0x000000900000-0x000000a00000 : "NAND simulator partition 9"
[    1.001987] 0x000000a00000-0x000008000000 : "NAND simulator partition 10"
[    1.007883] tun: Universal TUN/TAP device driver, 1.6
[    1.008040] tun: (C) 1999-2004 Max Krasnyansky <maxk@qualcomm.com>
[    1.135684] PPP generic driver version 2.4.2
[    1.136513] PPP BSD Compression module registered
[    1.136735] PPP Deflate Compression module registered
[    1.136979] PPP MPPE Compression module registered
[    1.137140] NET: Registered protocol family 24
[    1.137504] PPTP driver version 0.8.5
[    1.186251] usbcore: registered new interface driver usb-storage
[    1.189881] rtc-pl031 9010000.pl031: rtc core: registered pl031 as rtc0
[    1.190693] hidraw: raw HID events driver (C) Jiri Kosina
[    1.191284] usbcore: registered new interface driver usbhid
[    1.191414] usbhid: USB HID core driver
[    1.191909] Netfilter messages via NETLINK v0.30.
[    1.192595] nf_conntrack version 0.5.0 (3958 buckets, 15832 max)
[    1.194277] ctnetlink v0.93: registering with nfnetlink.
[    1.195839] ipip: IPv4 over IPv4 tunneling driver
[    1.198101] gre: GRE over IPv4 demultiplexor driver
[    1.198288] ip_gre: GRE over IPv4 tunneling driver
[    1.428403] ip_tables: (C) 2000-2006 Netfilter Core Team
[    1.430317] arp_tables: (C) 2002 David S. Miller
[    1.431445] Initializing XFRM netlink socket
[    1.432040] NET: Registered protocol family 10
[    1.439971] ip6_tables: (C) 2000-2006 Netfilter Core Team
[    1.441849] sit: IPv6 over IPv4 tunneling driver
[    1.446128] NET: Registered protocol family 17
[    1.446863] bridge: automatic filtering via arp/ip/ip6tables has been deprecated. Update your scripts to load br_netfilter if you need this.
[    1.447219] Bridge firewalling registered
[    1.447374] Ebtables v2.0 registered
[    1.448676] 8021q: 802.1Q VLAN Support v1.8
[    1.449356] Registering SWP/SWPB emulation handler
[    1.452374] rtc-pl031 9010000.pl031: setting system clock to 2018-07-19 08:26:36 UTC (1531988796)
[    1.463793] EXT4-fs (vda1): couldn't mount as ext3 due to feature incompatibilities
[    1.466350] EXT4-fs (vda1): mounting ext2 file system using the ext4 subsystem
[    1.478069] EXT4-fs (vda1): mounted filesystem without journal. Opts: (null)
[    1.479227] VFS: Mounted root (ext2 filesystem) on device 254:1.
[    1.497832] Freeing unused kernel memory: 180K (c05c7000 - c05f4000)
[    1.994230] firmadyne: sys_reboot[PID: 54 (init)]: magic1:fee1dead, magic2:28121969, cmd:0
[    2.016523] firmadyne: sys_socket[PID: 1 (init)]: family:1, type:2, protocol:0
[    2.301620] firmadyne: sys_socket[PID: 55 (init)]: family:1, type:2, protocol:0
[    3.626695] cfg80211: Calling CRDA to update world regulatory domain
[    3.841679] firmadyne: sys_socket[PID: 64 (telnetd)]: family:2, type:1, protocol:0
[    3.846078] firmadyne: sys_setsockopt[PID: 64 (telnetd)]: fd:3, level:1, optname:2
[    3.847104] firmadyne: inet_bind[PID: 64 (telnetd)]: proto:SOCK_STREAM, port:23
Using /lib/modules/mvKernelExt.ko
insmod: kernel-module version mismatch
	/lib/modules/mvKernelExt.ko was compiled for kernel version 
	while this kernel is version 4.1.17+.
Using /lib/modules/mvPpDrv.ko
insmod: kernel-module version mismatch
	/lib/modules/mvPpDrv.ko was compiled for kernel version 
	while this kernel is version 4.1.17+.
Fri May 23 14:32:00 UTC 2008
[    4.498508] firmadyne: sys_socket[PID: 72 (ifconfig)]: family:2, type:2, protocol:0
[    4.500596] firmadyne: __inet_insert_ifa[PID: 72 (ifconfig)]: device:lo ifa:0x0100007f
[    4.506375] firmadyne: __inet_insert_ifa[PID: 72 (ifconfig)]: device:lo ifa:0x0100007f




Linux MARVELL_LINUX 4.1.17+ #1 Thu Feb 18 01:05:21 UTC 2016


Welcome to Embedded Linux
           _  _
          | ||_|
          | | _ ____  _   _  _  _ 
          | || |  _ \| | | |\ \/ /
          | || | | | | |_| |/    \
          |_||_|_| |_|\____|\_/\_/

          On Marvell's ARM board

For further information on the Marvell products check:
http://www.marvell.com/

toochain=gnueabi

Enjoy!



BusyBox v1.01 (2008.10.02-12:33+0000) Built-in shell (ash)
Enter 'help' for a list of built-in commands.

/ # [    6.773782] cfg80211: Calling CRDA to update world regulatory domain
[    9.924655] cfg80211: Calling CRDA to update world regulatory domain
[   13.073685] cfg80211: Calling CRDA to update world regulatory domain
[   16.227076] cfg80211: Calling CRDA to update world regulatory domain
[   19.393888] cfg80211: Calling CRDA to update world regulatory domain
[   22.545171] cfg80211: Calling CRDA to update world regulatory domain
[   25.693794] cfg80211: Calling CRDA to update world regulatory domain
[   28.844125] cfg80211: Calling CRDA to update world regulatory domain
[   31.994166] cfg80211: Calling CRDA to update world regulatory domain
[   35.145505] cfg80211: Exceeded CRDA call max attempts. Not calling CRDA
Starting firmware emulation... use Ctrl-a + x to exit
qemu-system-arm: terminating on signal 2 from pid 59685 (timeout)
[    0.000000] Booting Linux on physical CPU 0x0
[    0.000000] Linux version 4.1.17+ (vagrant@vagrant-ubuntu-trusty-64) (gcc version 5.3.0 (GCC) ) #1 Thu Feb 18 01:05:21 UTC 2016
[    0.000000] CPU: ARMv7 Processor [412fc0f1] revision 1 (ARMv7), cr=10c5387d
[    0.000000] CPU: PIPT / VIPT nonaliasing data cache, PIPT instruction cache
[    0.000000] Machine model: linux,dummy-virt
[    0.000000] debug: ignoring loglevel setting.
[    0.000000] Memory policy: Data cache writeback
[    0.000000] On node 0 totalpages: 65536
[    0.000000] free_area_init_node: node 0, pgdat c061dfe8, node_mem_map cfdf9000
[    0.000000]   Normal zone: 512 pages used for memmap
[    0.000000]   Normal zone: 0 pages reserved
[    0.000000]   Normal zone: 65536 pages, LIFO batch:15
[    0.000000] psci: probing for conduit method from DT.
[    0.000000] psci: PSCIv0.2 detected in firmware.
[    0.000000] psci: Using standard PSCI v0.2 function IDs
[    0.000000] CPU: All CPU(s) started in SVC mode.
[    0.000000] pcpu-alloc: s0 r0 d32768 u32768 alloc=1*32768
[    0.000000] pcpu-alloc: [0] 0 
[    0.000000] Built 1 zonelists in Zone order, mobility grouping on.  Total pages: 65024
[    0.000000] Kernel command line: root=/dev/vda1 console=ttyS0 nandsim.parts=64,64,64,64,64,64,64,64,64,64 rdinit=/firmadyne/preInit.sh rw debug ignore_loglevel print-fatal-signals=1 user_debug=31 firmadyne.syscall=0
[    0.000000] PID hash table entries: 1024 (order: 0, 4096 bytes)
[    0.000000] Dentry cache hash table entries: 32768 (order: 5, 131072 bytes)
[    0.000000] Inode-cache hash table entries: 16384 (order: 4, 65536 bytes)
[    0.000000] Memory: 253340K/262144K available (4297K kernel code, 170K rwdata, 1584K rodata, 180K init, 148K bss, 8804K reserved, 0K cma-reserved)
[    0.000000] Virtual kernel memory layout:
[    0.000000]     vector  : 0xffff0000 - 0xffff1000   (   4 kB)
[    0.000000]     fixmap  : 0xffc00000 - 0xfff00000   (3072 kB)
[    0.000000]     vmalloc : 0xd0800000 - 0xff000000   ( 744 MB)
[    0.000000]     lowmem  : 0xc0000000 - 0xd0000000   ( 256 MB)
[    0.000000]     modules : 0xbf000000 - 0xc0000000   (  16 MB)
[    0.000000]       .text : 0xc0008000 - 0xc05c67bc   (5882 kB)
[    0.000000]       .init : 0xc05c7000 - 0xc05f4000   ( 180 kB)
[    0.000000]       .data : 0xc05f4000 - 0xc061e840   ( 171 kB)
[    0.000000]        .bss : 0xc0621000 - 0xc06462d4   ( 149 kB)
[    0.000000] NR_IRQS:16 nr_irqs:16 16
[    0.000000] Architected cp15 timer(s) running at 62.50MHz (virt).
[    0.000000] clocksource arch_sys_counter: mask: 0xffffffffffffff max_cycles: 0x1cd42e208c, max_idle_ns: 881590405314 ns
[    0.000158] sched_clock: 56 bits at 62MHz, resolution 16ns, wraps every 4398046511096ns
[    0.000300] Switching to timer-based delay loop, resolution 16ns
[    0.003381] Console: colour dummy device 80x30
[    0.003709] Calibrating delay loop (skipped), value calculated using timer frequency.. 125.00 BogoMIPS (lpj=625000)
[    0.003841] pid_max: default: 32768 minimum: 301
[    0.004738] Mount-cache hash table entries: 1024 (order: 0, 4096 bytes)
[    0.004778] Mountpoint-cache hash table entries: 1024 (order: 0, 4096 bytes)
[    0.254226] CPU: Testing write buffer coherency: ok
[    0.260599] Setting up static identity map for 0x40008240 - 0x40008298
[    0.275928] VFP support v0.3: implementor 41 architecture 4 part 30 variant f rev 0
[    0.564805] clocksource jiffies: mask: 0xffffffff max_cycles: 0xffffffff, max_idle_ns: 19112604462750000 ns
[    0.574162] NET: Registered protocol family 16
[    0.577338] DMA: preallocated 256 KiB pool for atomic coherent allocations
[    0.581507] cpuidle: using governor ladder
[    0.581684] cpuidle: using governor menu
[    0.602266] Serial: AMBA PL011 UART driver
[    0.604808] 9000000.pl011: ttyS0 at MMIO 0x9000000 (irq = 54, base_baud = 0) is a PL011 rev1
[    0.612203] console [ttyS0] enabled
[    0.646532] vgaarb: loaded
[    0.648011] SCSI subsystem initialized
[    0.649046] usbcore: registered new interface driver usbfs
[    0.649397] usbcore: registered new interface driver hub
[    0.649710] usbcore: registered new device driver usb
[    0.658716] cfg80211: Calling CRDA to update world regulatory domain
[    0.661076] Switched to clocksource arch_sys_counter
[    0.678902] NET: Registered protocol family 2
[    0.684563] TCP established hash table entries: 2048 (order: 1, 8192 bytes)
[    0.684855] TCP bind hash table entries: 2048 (order: 1, 8192 bytes)
[    0.685193] TCP: Hash tables configured (established 2048 bind 2048)
[    0.685731] UDP hash table entries: 256 (order: 0, 4096 bytes)
[    0.685990] UDP-Lite hash table entries: 256 (order: 0, 4096 bytes)
[    0.687474] NET: Registered protocol family 1
[    0.687910] PCI: CLS 0 bytes, default 64
[    0.695111] NetWinder Floating Point Emulator V0.97 (extended precision)
[    0.697683] futex hash table entries: 256 (order: -1, 3072 bytes)
[    0.703567] squashfs: version 4.0 (2009/01/31) Phillip Lougher
[    0.704534] jffs2: version 2.2. (NAND) © 2001-2006 Red Hat, Inc.
[    0.705297] romfs: ROMFS MTD (C) 2007 Red Hat, Inc.
[    0.713916] Block layer SCSI generic (bsg) driver version 0.4 loaded (major 253)
[    0.714231] io scheduler noop registered
[    0.714453] io scheduler cfq registered (default)
[    0.715128] firmadyne: devfs: 1, execute: 1, procfs: 1, syscall: 0
[    0.716437] ------------[ cut here ]------------
[    0.716650] WARNING: CPU: 0 PID: 1 at /home/vagrant/firmadyne-kernel/kernel-v4.1/fs/sysfs/dir.c:31 sysfs_warn_dup+0x50/0x6c()
[    0.716870] sysfs: cannot create duplicate filename '/class/gpio'
[    0.717043] Modules linked in:
[    0.717343] CPU: 0 PID: 1 Comm: swapper Not tainted 4.1.17+ #1
[    0.717481] Hardware name: Generic DT based system
[    0.718164] [<c001c99c>] (unwind_backtrace) from [<c0019d30>] (show_stack+0x10/0x14)
[    0.718433] [<c0019d30>] (show_stack) from [<c0024ab4>] (warn_slowpath_common+0x80/0xa8)
[    0.718633] [<c0024ab4>] (warn_slowpath_common) from [<c0024b08>] (warn_slowpath_fmt+0x2c/0x3c)
[    0.718886] [<c0024b08>] (warn_slowpath_fmt) from [<c00e363c>] (sysfs_warn_dup+0x50/0x6c)
[    0.719065] [<c00e363c>] (sysfs_warn_dup) from [<c00e3714>] (sysfs_create_dir_ns+0x74/0x84)
[    0.719246] [<c00e3714>] (sysfs_create_dir_ns) from [<c018e6ac>] (kobject_add_internal+0xb8/0x2ac)
[    0.719434] [<c018e6ac>] (kobject_add_internal) from [<c018e9a8>] (kset_register+0x1c/0x44)
[    0.719612] [<c018e9a8>] (kset_register) from [<c02090b4>] (__class_register+0xa8/0x198)
[    0.719785] [<c02090b4>] (__class_register) from [<c02091e4>] (__class_create+0x40/0x70)
[    0.719958] [<c02091e4>] (__class_create) from [<c01adf68>] (register_devfs_stubs+0x314/0xbb4)
[    0.720140] [<c01adf68>] (register_devfs_stubs) from [<c05d9b08>] (init_module+0x28/0xa4)
[    0.720340] [<c05d9b08>] (init_module) from [<c0009670>] (do_one_initcall+0x104/0x1b4)
[    0.720512] [<c0009670>] (do_one_initcall) from [<c05c7d08>] (kernel_init_freeable+0xf0/0x1b0)
[    0.720697] [<c05c7d08>] (kernel_init_freeable) from [<c040f28c>] (kernel_init+0x8/0xe4)
[    0.720994] [<c040f28c>] (kernel_init) from [<c0016da8>] (ret_from_fork+0x14/0x2c)
[    0.721253] ---[ end trace f9f2d088a3b31399 ]---
[    0.721444] ------------[ cut here ]------------
[    0.721557] WARNING: CPU: 0 PID: 1 at /home/vagrant/firmadyne-kernel/kernel-v4.1/lib/kobject.c:240 kobject_add_internal+0x240/0x2ac()
[    0.721791] kobject_add_internal failed for gpio with -EEXIST, don't try to register things with the same name in the same directory.
[    0.722018] Modules linked in:
[    0.722156] CPU: 0 PID: 1 Comm: swapper Tainted: G        W       4.1.17+ #1
[    0.722294] Hardware name: Generic DT based system
[    0.722411] [<c001c99c>] (unwind_backtrace) from [<c0019d30>] (show_stack+0x10/0x14)
[    0.722592] [<c0019d30>] (show_stack) from [<c0024ab4>] (warn_slowpath_common+0x80/0xa8)
[    0.722799] [<c0024ab4>] (warn_slowpath_common) from [<c0024b08>] (warn_slowpath_fmt+0x2c/0x3c)
[    0.722981] [<c0024b08>] (warn_slowpath_fmt) from [<c018e834>] (kobject_add_internal+0x240/0x2ac)
[    0.723207] [<c018e834>] (kobject_add_internal) from [<c018e9a8>] (kset_register+0x1c/0x44)
[    0.723379] [<c018e9a8>] (kset_register) from [<c02090b4>] (__class_register+0xa8/0x198)
[    0.723548] [<c02090b4>] (__class_register) from [<c02091e4>] (__class_create+0x40/0x70)
[    0.723717] [<c02091e4>] (__class_create) from [<c01adf68>] (register_devfs_stubs+0x314/0xbb4)
[    0.723897] [<c01adf68>] (register_devfs_stubs) from [<c05d9b08>] (init_module+0x28/0xa4)
[    0.724069] [<c05d9b08>] (init_module) from [<c0009670>] (do_one_initcall+0x104/0x1b4)
[    0.724236] [<c0009670>] (do_one_initcall) from [<c05c7d08>] (kernel_init_freeable+0xf0/0x1b0)
[    0.724413] [<c05c7d08>] (kernel_init_freeable) from [<c040f28c>] (kernel_init+0x8/0xe4)
[    0.724577] [<c040f28c>] (kernel_init) from [<c0016da8>] (ret_from_fork+0x14/0x2c)
[    0.724741] ---[ end trace f9f2d088a3b3139a ]---
[    0.724899] firmadyne: Cannot create device class: gpio!
[    0.726520] firmadyne: Cannot register character device: watchdog, 0xa, 0x82!
[    0.726703] firmadyne: Cannot register character device: wdt, 0xfd, 0x0!
[    0.808396] PCI host bridge /pcie@10000000 ranges:
[    0.808941]    IO 0x3eff0000..0x3effffff -> 0x00000000
[    0.809333]   MEM 0x10000000..0x3efeffff -> 0x10000000
[    0.809464]   MEM 0x8000000000..0xffffffffff -> 0x8000000000
[    0.810157] pci-host-generic 3f000000.pcie: resource collision: [mem 0x00000000-0xffffffff] conflicts with /pl011@9000000 [mem 0x09000000-0x09000fff]
[    0.810952] pci-host-generic: probe of 3f000000.pcie failed with error -16
[    0.822269] Non-volatile memory driver v1.3
[    1.120659] brd: module loaded
[    1.131030] loop: module loaded
[    1.697554]  vda: vda1
[    1.709275] 0.flash: Found 2 x16 devices at 0x0 in 32-bit bank. Manufacturer ID 0x000000 Chip ID 0x000000
[    1.709907] Intel/Sharp Extended Query Table at 0x0031
[    1.711191] Using buffer write method
[    1.711614] erase region 0: offset=0x0,size=0x40000,blocks=256
[    1.718648] 0.flash: Found 2 x16 devices at 0x0 in 32-bit bank. Manufacturer ID 0x000000 Chip ID 0x000000
[    1.718890] Intel/Sharp Extended Query Table at 0x0031
[    1.719696] Using buffer write method
[    1.719827] erase region 0: offset=0x0,size=0x40000,blocks=256
[    1.720026] Concatenating MTD devices:
[    1.720133] (0): "0.flash"
[    1.720209] (1): "0.flash"
[    1.720277] into device "0.flash"
[    1.732752] [nandsim] warning: read_byte: unexpected data output cycle, state is STATE_READY return 0x0
[    1.732982] [nandsim] warning: read_byte: unexpected data output cycle, state is STATE_READY return 0x0
[    1.733163] [nandsim] warning: read_byte: unexpected data output cycle, state is STATE_READY return 0x0
[    1.733339] [nandsim] warning: read_byte: unexpected data output cycle, state is STATE_READY return 0x0
[    1.733514] [nandsim] warning: read_byte: unexpected data output cycle, state is STATE_READY return 0x0
[    1.733689] [nandsim] warning: read_byte: unexpected data output cycle, state is STATE_READY return 0x0
[    1.734103] nand: device found, Manufacturer ID: 0x98, Chip ID: 0x39
[    1.734254] nand: Toshiba NAND 128MiB 1,8V 8-bit
[    1.734379] nand: 128 MiB, SLC, erase size: 16 KiB, page size: 512, OOB size: 16
[    1.735307] flash size: 128 MiB
[    1.735396] page size: 512 bytes
[    1.735473] OOB area size: 16 bytes
[    1.735557] sector size: 16 KiB
[    1.735631] pages number: 262144
[    1.735705] pages per sector: 32
[    1.735779] bus width: 8
[    1.735842] bits in sector size: 14
[    1.735920] bits in page size: 9
[    1.735998] bits in OOB size: 4
[    1.736076] flash size with OOB: 135168 KiB
[    1.736167] page address bytes: 4
[    1.736242] sector address bytes: 3
[    1.736325] options: 0x42
[    2.013396] Scanning device for bad blocks
[    2.124403] firmadyne: do_execve: /firmadyne/console
[    2.124675] OFFSETS: offset of pid: 0x190 offset of comm: 0x270
[    2.125299] Creating 11 MTD partitions on "NAND 128MiB 1,8V 8-bit":
[    2.125763] 0x000000000000-0x000000100000 : "NAND simulator partition 0"
[    2.128053] 0x000000100000-0x000000200000 : "NAND simulator partition 1"
[    2.129507] 0x000000200000-0x000000300000 : "NAND simulator partition 2"
[    2.131037] 0x000000300000-0x000000400000 : "NAND simulator partition 3"
[    2.132567] 0x000000400000-0x000000500000 : "NAND simulator partition 4"
[    2.134017] 0x000000500000-0x000000600000 : "NAND simulator partition 5"
[    2.135491] 0x000000600000-0x000000700000 : "NAND simulator partition 6"
[    2.137114] 0x000000700000-0x000000800000 : "NAND simulator partition 7"
[    2.138574] 0x000000800000-0x000000900000 : "NAND simulator partition 8"
[    2.139978] 0x000000900000-0x000000a00000 : "NAND simulator partition 9"
[    2.141562] 0x000000a00000-0x000008000000 : "NAND simulator partition 10"
[    2.147718] tun: Universal TUN/TAP device driver, 1.6
[    2.147849] tun: (C) 1999-2004 Max Krasnyansky <maxk@qualcomm.com>
[    2.717297] PPP generic driver version 2.4.2
[    2.718045] PPP BSD Compression module registered
[    2.718229] PPP Deflate Compression module registered
[    2.718463] PPP MPPE Compression module registered
[    2.718602] NET: Registered protocol family 24
[    2.718934] PPTP driver version 0.8.5
[    2.998099] usbcore: registered new interface driver usb-storage
[    3.001786] rtc-pl031 9010000.pl031: rtc core: registered pl031 as rtc0
[    3.002593] hidraw: raw HID events driver (C) Jiri Kosina
[    3.003160] usbcore: registered new interface driver usbhid
[    3.003294] usbhid: USB HID core driver
[    3.003744] Netfilter messages via NETLINK v0.30.
[    3.004391] nf_conntrack version 0.5.0 (3958 buckets, 15832 max)
[    3.005923] ctnetlink v0.93: registering with nfnetlink.
[    3.007356] ipip: IPv4 over IPv4 tunneling driver
[    3.009459] gre: GRE over IPv4 demultiplexor driver
[    3.009622] ip_gre: GRE over IPv4 tunneling driver
[    3.014387] ip_tables: (C) 2000-2006 Netfilter Core Team
[    3.177201] arp_tables: (C) 2002 David S. Miller
[    3.178365] Initializing XFRM netlink socket
[    3.178984] NET: Registered protocol family 10
[    3.186392] ip6_tables: (C) 2000-2006 Netfilter Core Team
[    3.188180] sit: IPv6 over IPv4 tunneling driver
[    3.192296] NET: Registered protocol family 17
[    3.192986] bridge: automatic filtering via arp/ip/ip6tables has been deprecated. Update your scripts to load br_netfilter if you need this.
[    3.193338] Bridge firewalling registered
[    3.193484] Ebtables v2.0 registered
[    3.194723] 8021q: 802.1Q VLAN Support v1.8
[    3.195382] Registering SWP/SWPB emulation handler
[    3.198258] rtc-pl031 9010000.pl031: setting system clock to 2018-07-19 08:27:41 UTC (1531988861)
[    3.208907] EXT4-fs (vda1): couldn't mount as ext3 due to feature incompatibilities
[    3.210698] EXT4-fs (vda1): mounting ext2 file system using the ext4 subsystem
[    3.220469] EXT4-fs (vda1): warning: mounting unchecked fs, running e2fsck is recommended
[    3.223536] EXT4-fs (vda1): mounted filesystem without journal. Opts: (null)
[    3.224650] VFS: Mounted root (ext2 filesystem) on device 254:1.
[    3.242529] Freeing unused kernel memory: 180K (c05c7000 - c05f4000)
[    3.818702] cfg80211: Calling CRDA to update world regulatory domain
[    4.099873] firmadyne: sys_reboot[PID: 54 (init)]: magic1:fee1dead, magic2:28121969, cmd:0
Using /lib/modules/mvKernelExt.ko
insmod: kernel-module version mismatch
	/lib/modules/mvKernelExt.ko was compiled for kernel version 
	while this kernel is version 4.1.17+.
Using /lib/modules/mvPpDrv.ko
insmod: kernel-module version mismatch
	/lib/modules/mvPpDrv.ko was compiled for kernel version 
	while this kernel is version 4.1.17+.
Fri May 23 14:32:00 UTC 2008




Linux MARVELL_LINUX 4.1.17+ #1 Thu Feb 18 01:05:21 UTC 2016


Welcome to Embedded Linux
           _  _
          | ||_|
          | | _ ____  _   _  _  _ 
          | || |  _ \| | | |\ \/ /
          | || | | | | |_| |/    \
          |_||_|_| |_|\____|\_/\_/

          On Marvell's ARM board

For further information on the Marvell products check:
http://www.marvell.com/

toochain=gnueabi

Enjoy!

[    7.204136] cfg80211: Calling CRDA to update world regulatory domain


BusyBox v1.01 (2008.10.02-12:33+0000) Built-in shell (ash)
Enter 'help' for a list of built-in commands.

/ # [   10.351628] cfg80211: Calling CRDA to update world regulatory domain
[   13.501793] cfg80211: Calling CRDA to update world regulatory domain
[   16.651522] cfg80211: Calling CRDA to update world regulatory domain
[   19.803209] cfg80211: Calling CRDA to update world regulatory domain
[   22.951653] cfg80211: Calling CRDA to update world regulatory domain
[   26.101762] cfg80211: Calling CRDA to update world regulatory domain
[   29.251860] cfg80211: Calling CRDA to update world regulatory domain
[   32.463355] cfg80211: Calling CRDA to update world regulatory domain
[   35.611611] cfg80211: Exceeded CRDA call max attempts. Not calling CRDA
