>> Database Image ID: 32

/home/zhumengfan/firmware/firmwares/30c64fd45b079ac01f3beb3143f2fc580824366f.ZIP
>> MD5: 1491268a8a1a07e23625108562cddb38
>> Tag: 32
>> Temp: /tmp/tmpWbQCmL
>> Status: Kernel: True, Rootfs: False, Do_Kernel: False,                 Do_Rootfs: True
>>>> Zip archive data, at least v2.0 to extract, compressed size: 7909703, uncompressed size: 7940752, name: R1.00.013/DGS-1500-20 FW R1.00.013.hex
>> Recursing into archive ...
	
/tmp/tmpWbQCmL/_30c64fd45b079ac01f3beb3143f2fc580824366f.ZIP.extracted/R1.00.013/DGS-1500-20 FW R1.00.013.hex
	>> MD5: 61dac320cdc2ba9c9303bc889075a3d2
	>> Tag: 32
	>> Temp: /tmp/tmprxq3w_
	>> Status: Kernel: True, Rootfs: False, Do_Kernel: False,                 Do_Rootfs: True
	>>>> Squashfs filesystem, little endian, version 3.1, size: 6659301 bytes, 216 inodes, blocksize: 131072 bytes, created: 2011-06-30 13:58:18
	>>>> Found Linux filesystem in /tmp/tmprxq3w_/_DGS-1500-20 FW R1.00.013.hex.extracted/squashfs-root!
	>> Skipping: completed!
	>> Cleaning up /tmp/tmprxq3w_...
>> Skipping: completed!
>> Cleaning up /tmp/tmpWbQCmL...
./bin/busybox: armel
Querying database for architecture... armel
----Running----
----Copying Filesystem Tarball----
----Creating QEMU Image----
Formatting '/home/zhumengfan/firmadyne//scratch//32//image.raw', fmt=raw size=1073741824
----Creating Partition Table----

Welcome to fdisk (util-linux 2.27.1).
Changes will remain in memory only, until you decide to write them.
Be careful before using the write command.

Device does not contain a recognized partition table.
Created a new DOS disklabel with disk identifier 0x25656e3f.

Command (m for help): Created a new DOS disklabel with disk identifier 0x2f895cc4.

Command (m for help): Partition type
   p   primary (0 primary, 0 extended, 4 free)
   e   extended (container for logical partitions)
Select (default p): Partition number (1-4, default 1): First sector (2048-2097151, default 2048): Last sector, +sectors or +size{K,M,G,T,P} (2048-2097151, default 2097151): 
Created a new partition 1 of type 'Linux' and of size 1023 MiB.

Command (m for help): The partition table has been altered.
Syncing disks.

----Mounting QEMU Image----
add map loop0p1 (252:0): 0 2095104 linear 7:0 2048
----Creating Filesystem----
mke2fs 1.42.13 (17-May-2015)
Discarding device blocks:   4096/261888             done                            
Creating filesystem with 261888 4k blocks and 65536 inodes
Filesystem UUID: 975e7bbc-60fc-4fe5-930c-16865c348458
Superblock backups stored on blocks: 
	32768, 98304, 163840, 229376

Allocating group tables: 0/8   done                            
Writing inode tables: 0/8   done                            
Writing superblocks and filesystem accounting information: 0/8   done

----Making QEMU Image Mountpoint----
----Mounting QEMU Image Partition 1----
----Extracting Filesystem Tarball----
----Creating FIRMADYNE Directories----
----Patching Filesystem (chroot)----
Creating /etc/TZ!
Creating /etc/hosts!
Warning: Recreating device nodes!
mkdir: can't create directory '/dev/mtd': No such file or directory
mknod: /dev/mtd/0: No such file or directory
mknod: /dev/mtd/1: No such file or directory
mknod: /dev/mtd/2: No such file or directory
mknod: /dev/mtd/3: No such file or directory
mknod: /dev/mtd/4: No such file or directory
mknod: /dev/mtd/5: No such file or directory
mknod: /dev/mtd/6: No such file or directory
mknod: /dev/mtd/7: No such file or directory
mknod: /dev/mtd/8: No such file or directory
mknod: /dev/mtd/9: No such file or directory
mknod: /dev/mtd/10: No such file or directory
Removing /etc/scripts/sys_resetbutton!
----Setting up FIRMADYNE----
----Unmounting QEMU Image----
loop deleted : /dev/loop0
Querying database for architecture... armel
Running firmware 32: terminating after 60 secs...
qemu-system-arm: terminating on signal 2 from pid 75908 (timeout)
Inferring network...
Interfaces: []
Done!
[    0.000000] Booting Linux on physical CPU 0x0
[    0.000000] Linux version 4.1.17+ (vagrant@vagrant-ubuntu-trusty-64) (gcc version 5.3.0 (GCC) ) #1 Thu Feb 18 01:05:21 UTC 2016
[    0.000000] CPU: ARMv7 Processor [412fc0f1] revision 1 (ARMv7), cr=10c5387d
[    0.000000] CPU: PIPT / VIPT nonaliasing data cache, PIPT instruction cache
[    0.000000] Machine model: linux,dummy-virt
[    0.000000] debug: ignoring loglevel setting.
[    0.000000] Memory policy: Data cache writeback
[    0.000000] On node 0 totalpages: 65536
[    0.000000] free_area_init_node: node 0, pgdat c061dfe8, node_mem_map cfdf9000
[    0.000000]   Normal zone: 512 pages used for memmap
[    0.000000]   Normal zone: 0 pages reserved
[    0.000000]   Normal zone: 65536 pages, LIFO batch:15
[    0.000000] psci: probing for conduit method from DT.
[    0.000000] psci: PSCIv0.2 detected in firmware.
[    0.000000] psci: Using standard PSCI v0.2 function IDs
[    0.000000] CPU: All CPU(s) started in SVC mode.
[    0.000000] pcpu-alloc: s0 r0 d32768 u32768 alloc=1*32768
[    0.000000] pcpu-alloc: [0] 0 
[    0.000000] Built 1 zonelists in Zone order, mobility grouping on.  Total pages: 65024
[    0.000000] Kernel command line: firmadyne.syscall=1 root=/dev/vda1 console=ttyS0 nandsim.parts=64,64,64,64,64,64,64,64,64,64 rdinit=/firmadyne/preInit.sh rw debug ignore_loglevel print-fatal-signals=1 user_debug=31
[    0.000000] PID hash table entries: 1024 (order: 0, 4096 bytes)
[    0.000000] Dentry cache hash table entries: 32768 (order: 5, 131072 bytes)
[    0.000000] Inode-cache hash table entries: 16384 (order: 4, 65536 bytes)
[    0.000000] Memory: 253340K/262144K available (4297K kernel code, 170K rwdata, 1584K rodata, 180K init, 148K bss, 8804K reserved, 0K cma-reserved)
[    0.000000] Virtual kernel memory layout:
[    0.000000]     vector  : 0xffff0000 - 0xffff1000   (   4 kB)
[    0.000000]     fixmap  : 0xffc00000 - 0xfff00000   (3072 kB)
[    0.000000]     vmalloc : 0xd0800000 - 0xff000000   ( 744 MB)
[    0.000000]     lowmem  : 0xc0000000 - 0xd0000000   ( 256 MB)
[    0.000000]     modules : 0xbf000000 - 0xc0000000   (  16 MB)
[    0.000000]       .text : 0xc0008000 - 0xc05c67bc   (5882 kB)
[    0.000000]       .init : 0xc05c7000 - 0xc05f4000   ( 180 kB)
[    0.000000]       .data : 0xc05f4000 - 0xc061e840   ( 171 kB)
[    0.000000]        .bss : 0xc0621000 - 0xc06462d4   ( 149 kB)
[    0.000000] NR_IRQS:16 nr_irqs:16 16
[    0.000000] Architected cp15 timer(s) running at 62.50MHz (virt).
[    0.000000] clocksource arch_sys_counter: mask: 0xffffffffffffff max_cycles: 0x1cd42e208c, max_idle_ns: 881590405314 ns
[    0.000160] sched_clock: 56 bits at 62MHz, resolution 16ns, wraps every 4398046511096ns
[    0.000298] Switching to timer-based delay loop, resolution 16ns
[    0.003347] Console: colour dummy device 80x30
[    0.003667] Calibrating delay loop (skipped), value calculated using timer frequency.. 125.00 BogoMIPS (lpj=625000)
[    0.003794] pid_max: default: 32768 minimum: 301
[    0.004670] Mount-cache hash table entries: 1024 (order: 0, 4096 bytes)
[    0.004708] Mountpoint-cache hash table entries: 1024 (order: 0, 4096 bytes)
[    0.015305] CPU: Testing write buffer coherency: ok
[    0.021916] Setting up static identity map for 0x40008240 - 0x40008298
[    0.541334] VFP support v0.3: implementor 41 architecture 4 part 30 variant f rev 0
[    0.553802] clocksource jiffies: mask: 0xffffffff max_cycles: 0xffffffff, max_idle_ns: 19112604462750000 ns
[    0.563204] NET: Registered protocol family 16
[    0.566521] DMA: preallocated 256 KiB pool for atomic coherent allocations
[    0.570794] cpuidle: using governor ladder
[    0.570951] cpuidle: using governor menu
[    1.822706] Serial: AMBA PL011 UART driver
[    1.825063] 9000000.pl011: ttyS0 at MMIO 0x9000000 (irq = 54, base_baud = 0) is a PL011 rev1
[    1.833342] console [ttyS0] enabled
[    1.857074] vgaarb: loaded
[    1.858799] SCSI subsystem initialized
[    1.859923] usbcore: registered new interface driver usbfs
[    1.860331] usbcore: registered new interface driver hub
[    1.860696] usbcore: registered new device driver usb
[    1.870345] cfg80211: Calling CRDA to update world regulatory domain
[    1.872829] Switched to clocksource arch_sys_counter
[    2.124791] NET: Registered protocol family 2
[    2.130208] TCP established hash table entries: 2048 (order: 1, 8192 bytes)
[    2.130501] TCP bind hash table entries: 2048 (order: 1, 8192 bytes)
[    2.130814] TCP: Hash tables configured (established 2048 bind 2048)
[    2.131362] UDP hash table entries: 256 (order: 0, 4096 bytes)
[    2.131617] UDP-Lite hash table entries: 256 (order: 0, 4096 bytes)
[    2.133264] NET: Registered protocol family 1
[    2.133746] PCI: CLS 0 bytes, default 64
[    2.141032] NetWinder Floating Point Emulator V0.97 (extended precision)
[    2.144149] futex hash table entries: 256 (order: -1, 3072 bytes)
[    2.149813] squashfs: version 4.0 (2009/01/31) Phillip Lougher
[    2.150869] jffs2: version 2.2. (NAND) © 2001-2006 Red Hat, Inc.
[    2.151703] romfs: ROMFS MTD (C) 2007 Red Hat, Inc.
[    2.161028] Block layer SCSI generic (bsg) driver version 0.4 loaded (major 253)
[    2.161435] io scheduler noop registered
[    2.161680] io scheduler cfq registered (default)
[    2.162352] firmadyne: devfs: 1, execute: 1, procfs: 1, syscall: 1
[    2.163925] ------------[ cut here ]------------
[    2.164169] WARNING: CPU: 0 PID: 1 at /home/vagrant/firmadyne-kernel/kernel-v4.1/fs/sysfs/dir.c:31 sysfs_warn_dup+0x50/0x6c()
[    2.164410] sysfs: cannot create duplicate filename '/class/gpio'
[    2.164604] Modules linked in:
[    2.164910] CPU: 0 PID: 1 Comm: swapper Not tainted 4.1.17+ #1
[    2.165064] Hardware name: Generic DT based system
[    2.165807] [<c001c99c>] (unwind_backtrace) from [<c0019d30>] (show_stack+0x10/0x14)
[    2.166056] [<c0019d30>] (show_stack) from [<c0024ab4>] (warn_slowpath_common+0x80/0xa8)
[    2.166309] [<c0024ab4>] (warn_slowpath_common) from [<c0024b08>] (warn_slowpath_fmt+0x2c/0x3c)
[    2.166570] [<c0024b08>] (warn_slowpath_fmt) from [<c00e363c>] (sysfs_warn_dup+0x50/0x6c)
[    2.166792] [<c00e363c>] (sysfs_warn_dup) from [<c00e3714>] (sysfs_create_dir_ns+0x74/0x84)
[    2.166971] [<c00e3714>] (sysfs_create_dir_ns) from [<c018e6ac>] (kobject_add_internal+0xb8/0x2ac)
[    2.167190] [<c018e6ac>] (kobject_add_internal) from [<c018e9a8>] (kset_register+0x1c/0x44)
[    2.167386] [<c018e9a8>] (kset_register) from [<c02090b4>] (__class_register+0xa8/0x198)
[    2.167592] [<c02090b4>] (__class_register) from [<c02091e4>] (__class_create+0x40/0x70)
[    2.167753] [<c02091e4>] (__class_create) from [<c01adf68>] (register_devfs_stubs+0x314/0xbb4)
[    2.167920] [<c01adf68>] (register_devfs_stubs) from [<c05d9b08>] (init_module+0x28/0xa4)
[    2.168157] [<c05d9b08>] (init_module) from [<c0009670>] (do_one_initcall+0x104/0x1b4)
[    2.168343] [<c0009670>] (do_one_initcall) from [<c05c7d08>] (kernel_init_freeable+0xf0/0x1b0)
[    2.168585] [<c05c7d08>] (kernel_init_freeable) from [<c040f28c>] (kernel_init+0x8/0xe4)
[    2.168746] [<c040f28c>] (kernel_init) from [<c0016da8>] (ret_from_fork+0x14/0x2c)
[    2.168978] ---[ end trace acdfea26c29dc6eb ]---
[    2.169222] ------------[ cut here ]------------
[    2.169339] WARNING: CPU: 0 PID: 1 at /home/vagrant/firmadyne-kernel/kernel-v4.1/lib/kobject.c:240 kobject_add_internal+0x240/0x2ac()
[    2.169595] kobject_add_internal failed for gpio with -EEXIST, don't try to register things with the same name in the same directory.
[    2.169789] Modules linked in:
[    2.169917] CPU: 0 PID: 1 Comm: swapper Tainted: G        W       4.1.17+ #1
[    2.170042] Hardware name: Generic DT based system
[    2.170206] [<c001c99c>] (unwind_backtrace) from [<c0019d30>] (show_stack+0x10/0x14)
[    2.170377] [<c0019d30>] (show_stack) from [<c0024ab4>] (warn_slowpath_common+0x80/0xa8)
[    2.170567] [<c0024ab4>] (warn_slowpath_common) from [<c0024b08>] (warn_slowpath_fmt+0x2c/0x3c)
[    2.170730] [<c0024b08>] (warn_slowpath_fmt) from [<c018e834>] (kobject_add_internal+0x240/0x2ac)
[    2.170907] [<c018e834>] (kobject_add_internal) from [<c018e9a8>] (kset_register+0x1c/0x44)
[    2.171062] [<c018e9a8>] (kset_register) from [<c02090b4>] (__class_register+0xa8/0x198)
[    2.171281] [<c02090b4>] (__class_register) from [<c02091e4>] (__class_create+0x40/0x70)
[    2.171457] [<c02091e4>] (__class_create) from [<c01adf68>] (register_devfs_stubs+0x314/0xbb4)
[    2.171659] [<c01adf68>] (register_devfs_stubs) from [<c05d9b08>] (init_module+0x28/0xa4)
[    2.171812] [<c05d9b08>] (init_module) from [<c0009670>] (do_one_initcall+0x104/0x1b4)
[    2.171962] [<c0009670>] (do_one_initcall) from [<c05c7d08>] (kernel_init_freeable+0xf0/0x1b0)
[    2.172220] [<c05c7d08>] (kernel_init_freeable) from [<c040f28c>] (kernel_init+0x8/0xe4)
[    2.172394] [<c040f28c>] (kernel_init) from [<c0016da8>] (ret_from_fork+0x14/0x2c)
[    2.172798] ---[ end trace acdfea26c29dc6ec ]---
[    2.172966] firmadyne: Cannot create device class: gpio!
[    2.174729] firmadyne: Cannot register character device: watchdog, 0xa, 0x82!
[    2.174890] firmadyne: Cannot register character device: wdt, 0xfd, 0x0!
[    2.258137] PCI host bridge /pcie@10000000 ranges:
[    2.258731]    IO 0x3eff0000..0x3effffff -> 0x00000000
[    2.531021]   MEM 0x10000000..0x3efeffff -> 0x10000000
[    2.531212]   MEM 0x8000000000..0xffffffffff -> 0x8000000000
[    2.531936] pci-host-generic 3f000000.pcie: resource collision: [mem 0x00000000-0xffffffff] conflicts with /pl011@9000000 [mem 0x09000000-0x09000fff]
[    2.532799] pci-host-generic: probe of 3f000000.pcie failed with error -16
[    2.544556] Non-volatile memory driver v1.3
[    2.594406] brd: module loaded
[    2.605289] loop: module loaded
[    2.652158]  vda: vda1
[    2.665114] 0.flash: Found 2 x16 devices at 0x0 in 32-bit bank. Manufacturer ID 0x000000 Chip ID 0x000000
[    2.665799] Intel/Sharp Extended Query Table at 0x0031
[    2.666923] Using buffer write method
[    2.667337] erase region 0: offset=0x0,size=0x40000,blocks=256
[    2.675376] 0.flash: Found 2 x16 devices at 0x0 in 32-bit bank. Manufacturer ID 0x000000 Chip ID 0x000000
[    2.675650] Intel/Sharp Extended Query Table at 0x0031
[    2.676514] Using buffer write method
[    2.676631] erase region 0: offset=0x0,size=0x40000,blocks=256
[    2.676881] Concatenating MTD devices:
[    2.676984] (0): "0.flash"
[    2.677083] (1): "0.flash"
[    2.677184] into device "0.flash"
[    2.689972] [nandsim] warning: read_byte: unexpected data output cycle, state is STATE_READY return 0x0
[    2.690227] [nandsim] warning: read_byte: unexpected data output cycle, state is STATE_READY return 0x0
[    2.690428] [nandsim] warning: read_byte: unexpected data output cycle, state is STATE_READY return 0x0
[    2.690607] [nandsim] warning: read_byte: unexpected data output cycle, state is STATE_READY return 0x0
[    2.690813] [nandsim] warning: read_byte: unexpected data output cycle, state is STATE_READY return 0x0
[    2.690997] [nandsim] warning: read_byte: unexpected data output cycle, state is STATE_READY return 0x0
[    2.691433] nand: device found, Manufacturer ID: 0x98, Chip ID: 0x39
[    2.691589] nand: Toshiba NAND 128MiB 1,8V 8-bit
[    2.691716] nand: 128 MiB, SLC, erase size: 16 KiB, page size: 512, OOB size: 16
[    2.693297] flash size: 128 MiB
[    2.693397] page size: 512 bytes
[    2.693476] OOB area size: 16 bytes
[    2.693559] sector size: 16 KiB
[    2.693635] pages number: 262144
[    2.693711] pages per sector: 32
[    2.995233] bus width: 8
[    2.995354] bits in sector size: 14
[    2.995443] bits in page size: 9
[    2.995526] bits in OOB size: 4
[    2.995609] flash size with OOB: 135168 KiB
[    2.995703] page address bytes: 4
[    2.995781] sector address bytes: 3
[    2.995877] options: 0x42
[    3.115106] Scanning device for bad blocks
[    3.224187] firmadyne: do_execve: /firmadyne/console
[    3.224415] OFFSETS: offset of pid: 0x190 offset of comm: 0x270
[    3.224975] Creating 11 MTD partitions on "NAND 128MiB 1,8V 8-bit":
[    3.225425] 0x000000000000-0x000000100000 : "NAND simulator partition 0"
[    3.227752] 0x000000100000-0x000000200000 : "NAND simulator partition 1"
[    3.229314] 0x000000200000-0x000000300000 : "NAND simulator partition 2"
[    3.230654] 0x000000300000-0x000000400000 : "NAND simulator partition 3"
[    3.232129] 0x000000400000-0x000000500000 : "NAND simulator partition 4"
[    3.233752] 0x000000500000-0x000000600000 : "NAND simulator partition 5"
[    3.235162] 0x000000600000-0x000000700000 : "NAND simulator partition 6"
[    3.236790] 0x000000700000-0x000000800000 : "NAND simulator partition 7"
[    3.238149] 0x000000800000-0x000000900000 : "NAND simulator partition 8"
[    3.239515] 0x000000900000-0x000000a00000 : "NAND simulator partition 9"
[    3.240927] 0x000000a00000-0x000008000000 : "NAND simulator partition 10"
[    3.246853] tun: Universal TUN/TAP device driver, 1.6
[    3.247032] tun: (C) 1999-2004 Max Krasnyansky <maxk@qualcomm.com>
[    3.479438] PPP generic driver version 2.4.2
[    3.480239] PPP BSD Compression module registered
[    3.480427] PPP Deflate Compression module registered
[    3.480668] PPP MPPE Compression module registered
[    3.480807] NET: Registered protocol family 24
[    3.481132] PPTP driver version 0.8.5
[    3.729370] usbcore: registered new interface driver usb-storage
[    3.733276] rtc-pl031 9010000.pl031: rtc core: registered pl031 as rtc0
[    3.734127] hidraw: raw HID events driver (C) Jiri Kosina
[    3.734733] usbcore: registered new interface driver usbhid
[    3.734872] usbhid: USB HID core driver
[    3.735340] Netfilter messages via NETLINK v0.30.
[    3.736038] nf_conntrack version 0.5.0 (3958 buckets, 15832 max)
[    3.737544] ctnetlink v0.93: registering with nfnetlink.
[    3.739033] ipip: IPv4 over IPv4 tunneling driver
[    3.741347] gre: GRE over IPv4 demultiplexor driver
[    3.741542] ip_gre: GRE over IPv4 tunneling driver
[    3.746747] ip_tables: (C) 2000-2006 Netfilter Core Team
[    3.748602] arp_tables: (C) 2002 David S. Miller
[    3.749770] Initializing XFRM netlink socket
[    3.750413] NET: Registered protocol family 10
[    3.758017] ip6_tables: (C) 2000-2006 Netfilter Core Team
[    3.759825] sit: IPv6 over IPv4 tunneling driver
[    3.764154] NET: Registered protocol family 17
[    3.764902] bridge: automatic filtering via arp/ip/ip6tables has been deprecated. Update your scripts to load br_netfilter if you need this.
[    3.765270] Bridge firewalling registered
[    3.765421] Ebtables v2.0 registered
[    3.766680] 8021q: 802.1Q VLAN Support v1.8
[    3.767349] Registering SWP/SWPB emulation handler
[    3.770310] rtc-pl031 9010000.pl031: setting system clock to 2018-07-19 09:38:22 UTC (1531993102)
[    4.138079] EXT4-fs (vda1): couldn't mount as ext3 due to feature incompatibilities
[    4.139846] EXT4-fs (vda1): mounting ext2 file system using the ext4 subsystem
[    4.153570] EXT4-fs (vda1): mounted filesystem without journal. Opts: (null)
[    4.154735] VFS: Mounted root (ext2 filesystem) on device 254:1.
[    4.173619] Freeing unused kernel memory: 180K (c05c7000 - c05f4000)
[    5.331874] cfg80211: Calling CRDA to update world regulatory domain
[    5.372816] firmadyne: sys_reboot[PID: 54 (init)]: magic1:fee1dead, magic2:28121969, cmd:0
[    5.536284] firmadyne: sys_socket[PID: 1 (init)]: family:1, type:2, protocol:0
[    5.547154] firmadyne: sys_socket[PID: 55 (init)]: family:1, type:2, protocol:0
[    7.126597] firmadyne: sys_socket[PID: 64 (telnetd)]: family:2, type:1, protocol:0
[    7.129394] firmadyne: sys_setsockopt[PID: 64 (telnetd)]: fd:3, level:1, optname:2
[    7.130213] firmadyne: inet_bind[PID: 64 (telnetd)]: proto:SOCK_STREAM, port:23
Using /lib/modules/mvKernelExt.ko
insmod: kernel-module version mismatch
	/lib/modules/mvKernelExt.ko was compiled for kernel version 
	while this kernel is version 4.1.17+.
Using /lib/modules/mvPpDrv.ko
insmod: kernel-module version mismatch
	/lib/modules/mvPpDrv.ko was compiled for kernel version 
	while this kernel is version 4.1.17+.
Fri May 23 14:32:00 UTC 2008
[    8.272962] firmadyne: sys_socket[PID: 72 (ifconfig)]: family:2, type:2, protocol:0
[    8.274910] firmadyne: __inet_insert_ifa[PID: 72 (ifconfig)]: device:lo ifa:0x0100007f
[    8.279931] firmadyne: __inet_insert_ifa[PID: 72 (ifconfig)]: device:lo ifa:0x0100007f




[    8.494322] cfg80211: Calling CRDA to update world regulatory domain
Linux MARVELL_LINUX 4.1.17+ #1 Thu Feb 18 01:05:21 UTC 2016


Welcome to Embedded Linux
           _  _
          | ||_|
          | | _ ____  _   _  _  _ 
          | || |  _ \| | | |\ \/ /
          | || | | | | |_| |/    \
          |_||_|_| |_|\____|\_/\_/

          On Marvell's ARM board

For further information on the Marvell products check:
http://www.marvell.com/

toochain=gnueabi

Enjoy!



BusyBox v1.01 (2008.10.02-12:33+0000) Built-in shell (ash)
Enter 'help' for a list of built-in commands.

/ # [   11.643494] cfg80211: Calling CRDA to update world regulatory domain
[   14.792948] cfg80211: Calling CRDA to update world regulatory domain
[   17.943434] cfg80211: Calling CRDA to update world regulatory domain
[   21.093998] cfg80211: Calling CRDA to update world regulatory domain
[   24.244651] cfg80211: Calling CRDA to update world regulatory domain
[   27.393580] cfg80211: Calling CRDA to update world regulatory domain
[   30.543478] cfg80211: Calling CRDA to update world regulatory domain
[   33.695842] cfg80211: Calling CRDA to update world regulatory domain
[   36.844817] cfg80211: Exceeded CRDA call max attempts. Not calling CRDA
Starting firmware emulation... use Ctrl-a + x to exit
qemu-system-arm: terminating on signal 2 from pid 76108 (timeout)
[    0.000000] Booting Linux on physical CPU 0x0
[    0.000000] Linux version 4.1.17+ (vagrant@vagrant-ubuntu-trusty-64) (gcc version 5.3.0 (GCC) ) #1 Thu Feb 18 01:05:21 UTC 2016
[    0.000000] CPU: ARMv7 Processor [412fc0f1] revision 1 (ARMv7), cr=10c5387d
[    0.000000] CPU: PIPT / VIPT nonaliasing data cache, PIPT instruction cache
[    0.000000] Machine model: linux,dummy-virt
[    0.000000] debug: ignoring loglevel setting.
[    0.000000] Memory policy: Data cache writeback
[    0.000000] On node 0 totalpages: 65536
[    0.000000] free_area_init_node: node 0, pgdat c061dfe8, node_mem_map cfdf9000
[    0.000000]   Normal zone: 512 pages used for memmap
[    0.000000]   Normal zone: 0 pages reserved
[    0.000000]   Normal zone: 65536 pages, LIFO batch:15
[    0.000000] psci: probing for conduit method from DT.
[    0.000000] psci: PSCIv0.2 detected in firmware.
[    0.000000] psci: Using standard PSCI v0.2 function IDs
[    0.000000] CPU: All CPU(s) started in SVC mode.
[    0.000000] pcpu-alloc: s0 r0 d32768 u32768 alloc=1*32768
[    0.000000] pcpu-alloc: [0] 0 
[    0.000000] Built 1 zonelists in Zone order, mobility grouping on.  Total pages: 65024
[    0.000000] Kernel command line: root=/dev/vda1 console=ttyS0 nandsim.parts=64,64,64,64,64,64,64,64,64,64 rdinit=/firmadyne/preInit.sh rw debug ignore_loglevel print-fatal-signals=1 user_debug=31 firmadyne.syscall=0
[    0.000000] PID hash table entries: 1024 (order: 0, 4096 bytes)
[    0.000000] Dentry cache hash table entries: 32768 (order: 5, 131072 bytes)
[    0.000000] Inode-cache hash table entries: 16384 (order: 4, 65536 bytes)
[    0.000000] Memory: 253340K/262144K available (4297K kernel code, 170K rwdata, 1584K rodata, 180K init, 148K bss, 8804K reserved, 0K cma-reserved)
[    0.000000] Virtual kernel memory layout:
[    0.000000]     vector  : 0xffff0000 - 0xffff1000   (   4 kB)
[    0.000000]     fixmap  : 0xffc00000 - 0xfff00000   (3072 kB)
[    0.000000]     vmalloc : 0xd0800000 - 0xff000000   ( 744 MB)
[    0.000000]     lowmem  : 0xc0000000 - 0xd0000000   ( 256 MB)
[    0.000000]     modules : 0xbf000000 - 0xc0000000   (  16 MB)
[    0.000000]       .text : 0xc0008000 - 0xc05c67bc   (5882 kB)
[    0.000000]       .init : 0xc05c7000 - 0xc05f4000   ( 180 kB)
[    0.000000]       .data : 0xc05f4000 - 0xc061e840   ( 171 kB)
[    0.000000]        .bss : 0xc0621000 - 0xc06462d4   ( 149 kB)
[    0.000000] NR_IRQS:16 nr_irqs:16 16
[    0.000000] Architected cp15 timer(s) running at 62.50MHz (virt).
[    0.000000] clocksource arch_sys_counter: mask: 0xffffffffffffff max_cycles: 0x1cd42e208c, max_idle_ns: 881590405314 ns
[    0.000200] sched_clock: 56 bits at 62MHz, resolution 16ns, wraps every 4398046511096ns
[    0.000345] Switching to timer-based delay loop, resolution 16ns
[    0.003624] Console: colour dummy device 80x30
[    0.003951] Calibrating delay loop (skipped), value calculated using timer frequency.. 125.00 BogoMIPS (lpj=625000)
[    0.004140] pid_max: default: 32768 minimum: 301
[    0.005103] Mount-cache hash table entries: 1024 (order: 0, 4096 bytes)
[    0.005146] Mountpoint-cache hash table entries: 1024 (order: 0, 4096 bytes)
[    0.015448] CPU: Testing write buffer coherency: ok
[    0.240330] Setting up static identity map for 0x40008240 - 0x40008298
[    0.256199] VFP support v0.3: implementor 41 architecture 4 part 30 variant f rev 0
[    0.268727] clocksource jiffies: mask: 0xffffffff max_cycles: 0xffffffff, max_idle_ns: 19112604462750000 ns
[    1.699418] NET: Registered protocol family 16
[    1.702802] DMA: preallocated 256 KiB pool for atomic coherent allocations
[    1.707171] cpuidle: using governor ladder
[    1.707479] cpuidle: using governor menu
[    1.729469] Serial: AMBA PL011 UART driver
[    1.731799] 9000000.pl011: ttyS0 at MMIO 0x9000000 (irq = 54, base_baud = 0) is a PL011 rev1
[    1.740267] console [ttyS0] enabled
[    1.764121] vgaarb: loaded
[    1.765720] SCSI subsystem initialized
[    1.766871] usbcore: registered new interface driver usbfs
[    1.767295] usbcore: registered new interface driver hub
[    1.767628] usbcore: registered new device driver usb
[    2.055028] cfg80211: Calling CRDA to update world regulatory domain
[    2.057464] Switched to clocksource arch_sys_counter
[    2.075921] NET: Registered protocol family 2
[    2.081557] TCP established hash table entries: 2048 (order: 1, 8192 bytes)
[    2.081840] TCP bind hash table entries: 2048 (order: 1, 8192 bytes)
[    2.082163] TCP: Hash tables configured (established 2048 bind 2048)
[    2.082724] UDP hash table entries: 256 (order: 0, 4096 bytes)
[    2.082972] UDP-Lite hash table entries: 256 (order: 0, 4096 bytes)
[    2.084500] NET: Registered protocol family 1
[    2.084961] PCI: CLS 0 bytes, default 64
[    2.092552] NetWinder Floating Point Emulator V0.97 (extended precision)
[    2.095375] futex hash table entries: 256 (order: -1, 3072 bytes)
[    2.101208] squashfs: version 4.0 (2009/01/31) Phillip Lougher
[    2.102297] jffs2: version 2.2. (NAND) © 2001-2006 Red Hat, Inc.
[    2.103112] romfs: ROMFS MTD (C) 2007 Red Hat, Inc.
[    3.051147] Block layer SCSI generic (bsg) driver version 0.4 loaded (major 253)
[    3.051537] io scheduler noop registered
[    3.051771] io scheduler cfq registered (default)
[    3.052491] firmadyne: devfs: 1, execute: 1, procfs: 1, syscall: 0
[    3.053920] ------------[ cut here ]------------
[    3.054143] WARNING: CPU: 0 PID: 1 at /home/vagrant/firmadyne-kernel/kernel-v4.1/fs/sysfs/dir.c:31 sysfs_warn_dup+0x50/0x6c()
[    3.054397] sysfs: cannot create duplicate filename '/class/gpio'
[    3.054571] Modules linked in:
[    3.054887] CPU: 0 PID: 1 Comm: swapper Not tainted 4.1.17+ #1
[    3.055024] Hardware name: Generic DT based system
[    3.055733] [<c001c99c>] (unwind_backtrace) from [<c0019d30>] (show_stack+0x10/0x14)
[    3.056042] [<c0019d30>] (show_stack) from [<c0024ab4>] (warn_slowpath_common+0x80/0xa8)
[    3.056241] [<c0024ab4>] (warn_slowpath_common) from [<c0024b08>] (warn_slowpath_fmt+0x2c/0x3c)
[    3.056509] [<c0024b08>] (warn_slowpath_fmt) from [<c00e363c>] (sysfs_warn_dup+0x50/0x6c)
[    3.056689] [<c00e363c>] (sysfs_warn_dup) from [<c00e3714>] (sysfs_create_dir_ns+0x74/0x84)
[    3.056920] [<c00e3714>] (sysfs_create_dir_ns) from [<c018e6ac>] (kobject_add_internal+0xb8/0x2ac)
[    3.057129] [<c018e6ac>] (kobject_add_internal) from [<c018e9a8>] (kset_register+0x1c/0x44)
[    3.057516] [<c018e9a8>] (kset_register) from [<c02090b4>] (__class_register+0xa8/0x198)
[    3.057693] [<c02090b4>] (__class_register) from [<c02091e4>] (__class_create+0x40/0x70)
[    3.057899] [<c02091e4>] (__class_create) from [<c01adf68>] (register_devfs_stubs+0x314/0xbb4)
[    3.058108] [<c01adf68>] (register_devfs_stubs) from [<c05d9b08>] (init_module+0x28/0xa4)
[    3.058317] [<c05d9b08>] (init_module) from [<c0009670>] (do_one_initcall+0x104/0x1b4)
[    3.058518] [<c0009670>] (do_one_initcall) from [<c05c7d08>] (kernel_init_freeable+0xf0/0x1b0)
[    3.058703] [<c05c7d08>] (kernel_init_freeable) from [<c040f28c>] (kernel_init+0x8/0xe4)
[    3.058897] [<c040f28c>] (kernel_init) from [<c0016da8>] (ret_from_fork+0x14/0x2c)
[    3.059181] ---[ end trace d0ecc2e432793c69 ]---
[    3.059416] ------------[ cut here ]------------
[    3.059566] WARNING: CPU: 0 PID: 1 at /home/vagrant/firmadyne-kernel/kernel-v4.1/lib/kobject.c:240 kobject_add_internal+0x240/0x2ac()
[    3.059833] kobject_add_internal failed for gpio with -EEXIST, don't try to register things with the same name in the same directory.
[    3.060064] Modules linked in:
[    3.060209] CPU: 0 PID: 1 Comm: swapper Tainted: G        W       4.1.17+ #1
[    3.060360] Hardware name: Generic DT based system
[    3.060491] [<c001c99c>] (unwind_backtrace) from [<c0019d30>] (show_stack+0x10/0x14)
[    3.060663] [<c0019d30>] (show_stack) from [<c0024ab4>] (warn_slowpath_common+0x80/0xa8)
[    3.060852] [<c0024ab4>] (warn_slowpath_common) from [<c0024b08>] (warn_slowpath_fmt+0x2c/0x3c)
[    3.061064] [<c0024b08>] (warn_slowpath_fmt) from [<c018e834>] (kobject_add_internal+0x240/0x2ac)
[    3.061259] [<c018e834>] (kobject_add_internal) from [<c018e9a8>] (kset_register+0x1c/0x44)
[    3.061480] [<c018e9a8>] (kset_register) from [<c02090b4>] (__class_register+0xa8/0x198)
[    3.061668] [<c02090b4>] (__class_register) from [<c02091e4>] (__class_create+0x40/0x70)
[    3.061869] [<c02091e4>] (__class_create) from [<c01adf68>] (register_devfs_stubs+0x314/0xbb4)
[    3.062071] [<c01adf68>] (register_devfs_stubs) from [<c05d9b08>] (init_module+0x28/0xa4)
[    3.062241] [<c05d9b08>] (init_module) from [<c0009670>] (do_one_initcall+0x104/0x1b4)
[    3.062424] [<c0009670>] (do_one_initcall) from [<c05c7d08>] (kernel_init_freeable+0xf0/0x1b0)
[    3.062616] [<c05c7d08>] (kernel_init_freeable) from [<c040f28c>] (kernel_init+0x8/0xe4)
[    3.062782] [<c040f28c>] (kernel_init) from [<c0016da8>] (ret_from_fork+0x14/0x2c)
[    3.062992] ---[ end trace d0ecc2e432793c6a ]---
[    3.063174] firmadyne: Cannot create device class: gpio!
[    3.065109] firmadyne: Cannot register character device: watchdog, 0xa, 0x82!
[    3.065290] firmadyne: Cannot register character device: wdt, 0xfd, 0x0!
[    3.149755] PCI host bridge /pcie@10000000 ranges:
[    3.150348]    IO 0x3eff0000..0x3effffff -> 0x00000000
[    3.150739]   MEM 0x10000000..0x3efeffff -> 0x10000000
[    3.150872]   MEM 0x8000000000..0xffffffffff -> 0x8000000000
[    3.151553] pci-host-generic 3f000000.pcie: resource collision: [mem 0x00000000-0xffffffff] conflicts with /pl011@9000000 [mem 0x09000000-0x09000fff]
[    3.152271] pci-host-generic: probe of 3f000000.pcie failed with error -16
[    3.164216] Non-volatile memory driver v1.3
[    4.108782] brd: module loaded
[    4.119690] loop: module loaded
[    4.146736]  vda: vda1
[    4.159475] 0.flash: Found 2 x16 devices at 0x0 in 32-bit bank. Manufacturer ID 0x000000 Chip ID 0x000000
[    4.160174] Intel/Sharp Extended Query Table at 0x0031
[    4.161416] Using buffer write method
[    4.161891] erase region 0: offset=0x0,size=0x40000,blocks=256
[    4.169733] 0.flash: Found 2 x16 devices at 0x0 in 32-bit bank. Manufacturer ID 0x000000 Chip ID 0x000000
[    4.170035] Intel/Sharp Extended Query Table at 0x0031
[    4.170823] Using buffer write method
[    4.170958] erase region 0: offset=0x0,size=0x40000,blocks=256
[    4.171173] Concatenating MTD devices:
[    4.171279] (0): "0.flash"
[    4.171369] (1): "0.flash"
[    4.171440] into device "0.flash"
[    4.235575] [nandsim] warning: read_byte: unexpected data output cycle, state is STATE_READY return 0x0
[    4.235839] [nandsim] warning: read_byte: unexpected data output cycle, state is STATE_READY return 0x0
[    4.236053] [nandsim] warning: read_byte: unexpected data output cycle, state is STATE_READY return 0x0
[    4.236225] [nandsim] warning: read_byte: unexpected data output cycle, state is STATE_READY return 0x0
[    4.236411] [nandsim] warning: read_byte: unexpected data output cycle, state is STATE_READY return 0x0
[    4.236584] [nandsim] warning: read_byte: unexpected data output cycle, state is STATE_READY return 0x0
[    4.237024] nand: device found, Manufacturer ID: 0x98, Chip ID: 0x39
[    4.237347] nand: Toshiba NAND 128MiB 1,8V 8-bit
[    4.237494] nand: 128 MiB, SLC, erase size: 16 KiB, page size: 512, OOB size: 16
[    4.238437] flash size: 128 MiB
[    4.238524] page size: 512 bytes
[    4.238599] OOB area size: 16 bytes
[    4.238686] sector size: 16 KiB
[    4.238774] pages number: 262144
[    4.238848] pages per sector: 32
[    4.238920] bus width: 8
[    4.238985] bits in sector size: 14
[    4.239064] bits in page size: 9
[    4.239140] bits in OOB size: 4
[    4.239218] flash size with OOB: 135168 KiB
[    4.239307] page address bytes: 4
[    4.239396] sector address bytes: 3
[    4.239477] options: 0x42
[    4.309768] Scanning device for bad blocks
[    4.424826] firmadyne: do_execve: /firmadyne/console
[    4.425082] OFFSETS: offset of pid: 0x190 offset of comm: 0x270
[    4.425605] Creating 11 MTD partitions on "NAND 128MiB 1,8V 8-bit":
[    4.426122] 0x000000000000-0x000000100000 : "NAND simulator partition 0"
[    4.428704] 0x000000100000-0x000000200000 : "NAND simulator partition 1"
[    4.430179] 0x000000200000-0x000000300000 : "NAND simulator partition 2"
[    4.431635] 0x000000300000-0x000000400000 : "NAND simulator partition 3"
[    4.433211] 0x000000400000-0x000000500000 : "NAND simulator partition 4"
[    4.434693] 0x000000500000-0x000000600000 : "NAND simulator partition 5"
[    4.436251] 0x000000600000-0x000000700000 : "NAND simulator partition 6"
[    4.438075] 0x000000700000-0x000000800000 : "NAND simulator partition 7"
[    4.439483] 0x000000800000-0x000000900000 : "NAND simulator partition 8"
[    4.440947] 0x000000900000-0x000000a00000 : "NAND simulator partition 9"
[    4.442406] 0x000000a00000-0x000008000000 : "NAND simulator partition 10"
[    4.448593] tun: Universal TUN/TAP device driver, 1.6
[    4.448773] tun: (C) 1999-2004 Max Krasnyansky <maxk@qualcomm.com>
[    4.641541] PPP generic driver version 2.4.2
[    4.642403] PPP BSD Compression module registered
[    4.642584] PPP Deflate Compression module registered
[    4.642880] PPP MPPE Compression module registered
[    4.643017] NET: Registered protocol family 24
[    4.643399] PPTP driver version 0.8.5
[    4.739036] usbcore: registered new interface driver usb-storage
[    4.742682] rtc-pl031 9010000.pl031: rtc core: registered pl031 as rtc0
[    4.743529] hidraw: raw HID events driver (C) Jiri Kosina
[    4.744149] usbcore: registered new interface driver usbhid
[    4.744287] usbhid: USB HID core driver
[    4.744794] Netfilter messages via NETLINK v0.30.
[    4.745513] nf_conntrack version 0.5.0 (3958 buckets, 15832 max)
[    4.747061] ctnetlink v0.93: registering with nfnetlink.
[    4.748855] ipip: IPv4 over IPv4 tunneling driver
[    4.751314] gre: GRE over IPv4 demultiplexor driver
[    4.751489] ip_gre: GRE over IPv4 tunneling driver
[    4.756349] ip_tables: (C) 2000-2006 Netfilter Core Team
[    4.758530] arp_tables: (C) 2002 David S. Miller
[    4.759714] Initializing XFRM netlink socket
[    4.760313] NET: Registered protocol family 10
[    4.768577] ip6_tables: (C) 2000-2006 Netfilter Core Team
[    4.770510] sit: IPv6 over IPv4 tunneling driver
[    4.890341] NET: Registered protocol family 17
[    4.891086] bridge: automatic filtering via arp/ip/ip6tables has been deprecated. Update your scripts to load br_netfilter if you need this.
[    4.891452] Bridge firewalling registered
[    4.891601] Ebtables v2.0 registered
[    4.892859] 8021q: 802.1Q VLAN Support v1.8
[    4.893559] Registering SWP/SWPB emulation handler
[    4.896552] rtc-pl031 9010000.pl031: setting system clock to 2018-07-19 09:39:27 UTC (1531993167)
[    4.907726] EXT4-fs (vda1): couldn't mount as ext3 due to feature incompatibilities
[    4.909974] EXT4-fs (vda1): mounting ext2 file system using the ext4 subsystem
[    4.919837] EXT4-fs (vda1): warning: mounting unchecked fs, running e2fsck is recommended
[    4.922892] EXT4-fs (vda1): mounted filesystem without journal. Opts: (null)
[    4.924055] VFS: Mounted root (ext2 filesystem) on device 254:1.
[    4.942573] Freeing unused kernel memory: 180K (c05c7000 - c05f4000)
[    6.249707] cfg80211: Calling CRDA to update world regulatory domain
[    6.649005] firmadyne: sys_reboot[PID: 54 (init)]: magic1:fee1dead, magic2:28121969, cmd:0
[    9.489890] cfg80211: Calling CRDA to update world regulatory domain
Using /lib/modules/mvKernelExt.ko
insmod: kernel-module version mismatch
	/lib/modules/mvKernelExt.ko was compiled for kernel version 
	while this kernel is version 4.1.17+.
Using /lib/modules/mvPpDrv.ko
insmod: kernel-module version mismatch
	/lib/modules/mvPpDrv.ko was compiled for kernel version 
	while this kernel is version 4.1.17+.
Fri May 23 14:32:00 UTC 2008
[   12.654222] cfg80211: Calling CRDA to update world regulatory domain




Linux MARVELL_LINUX 4.1.17+ #1 Thu Feb 18 01:05:21 UTC 2016


Welcome to Embedded Linux
           _  _
          | ||_|
          | | _ ____  _   _  _  _ 
          | || |  _ \| | | |\ \/ /
          | || | | | | |_| |/    \
          |_||_|_| |_|\____|\_/\_/

          On Marvell's ARM board

For further information on the Marvell products check:
http://www.marvell.com/

toochain=gnueabi

Enjoy!



BusyBox v1.01 (2008.10.02-12:33+0000) Built-in shell (ash)
Enter 'help' for a list of built-in commands.

/ # [   15.798634] cfg80211: Calling CRDA to update world regulatory domain
[   18.947459] cfg80211: Calling CRDA to update world regulatory domain
[   22.098167] cfg80211: Calling CRDA to update world regulatory domain
[   25.249622] cfg80211: Calling CRDA to update world regulatory domain
[   28.397675] cfg80211: Calling CRDA to update world regulatory domain
[   31.548202] cfg80211: Calling CRDA to update world regulatory domain
[   34.698418] cfg80211: Calling CRDA to update world regulatory domain
[   37.850503] cfg80211: Exceeded CRDA call max attempts. Not calling CRDA
