>> Database Image ID: 14

/home/zhumengfan/firmware/firmwares/315ff3af56503e839c9e2021d3dc8ee6d8af67b1.ZIP
>> MD5: 66253a69a927c58c4a2628e076836882
>> Tag: 14
>> Temp: /tmp/tmp1shl3S
>> Status: Kernel: True, Rootfs: False, Do_Kernel: False,                 Do_Rootfs: True
>>>> Zip archive data, at least v2.0 to extract, compressed size: 8972396, uncompressed size: 9005488, name: DGS-1500-20_A1_2_50_008.hex
>> Recursing into archive ...
	
/tmp/tmp1shl3S/_315ff3af56503e839c9e2021d3dc8ee6d8af67b1.ZIP.extracted/DGS-1500-20_A1_2_50_008.hex
	>> MD5: 96926f4a44786d385ece51727f4b19a1
	>> Tag: 14
	>> Temp: /tmp/tmp_t229G
	>> Status: Kernel: True, Rootfs: False, Do_Kernel: False,                 Do_Rootfs: True
	>>>> Squashfs filesystem, little endian, version 3.1, size: 7724592 bytes, 217 inodes, blocksize: 131072 bytes, created: 2013-12-26 09:12:07
	>>>> Found Linux filesystem in /tmp/tmp_t229G/_DGS-1500-20_A1_2_50_008.hex.extracted/squashfs-root!
	>> Skipping: completed!
	>> Cleaning up /tmp/tmp_t229G...
>> Skipping: completed!
>> Cleaning up /tmp/tmp1shl3S...
./bin/busybox: armel
Querying database for architecture... armel
----Running----
----Copying Filesystem Tarball----
----Creating QEMU Image----
Formatting '/home/zhumengfan/firmadyne//scratch//14//image.raw', fmt=raw size=1073741824
----Creating Partition Table----

Welcome to fdisk (util-linux 2.27.1).
Changes will remain in memory only, until you decide to write them.
Be careful before using the write command.

Device does not contain a recognized partition table.
Created a new DOS disklabel with disk identifier 0xb2275fce.

Command (m for help): Created a new DOS disklabel with disk identifier 0x80e3bfe2.

Command (m for help): Partition type
   p   primary (0 primary, 0 extended, 4 free)
   e   extended (container for logical partitions)
Select (default p): Partition number (1-4, default 1): First sector (2048-2097151, default 2048): Last sector, +sectors or +size{K,M,G,T,P} (2048-2097151, default 2097151): 
Created a new partition 1 of type 'Linux' and of size 1023 MiB.

Command (m for help): The partition table has been altered.
Syncing disks.

----Mounting QEMU Image----
add map loop0p1 (252:0): 0 2095104 linear 7:0 2048
----Creating Filesystem----
mke2fs 1.42.13 (17-May-2015)
Discarding device blocks:   4096/261888             done                            
Creating filesystem with 261888 4k blocks and 65536 inodes
Filesystem UUID: 5c6b2def-5925-446b-9b41-e1726703099a
Superblock backups stored on blocks: 
	32768, 98304, 163840, 229376

Allocating group tables: 0/8   done                            
Writing inode tables: 0/8   done                            
Writing superblocks and filesystem accounting information: 0/8   done

----Making QEMU Image Mountpoint----
----Mounting QEMU Image Partition 1----
----Extracting Filesystem Tarball----
----Creating FIRMADYNE Directories----
----Patching Filesystem (chroot)----
Creating /etc/TZ!
Creating /etc/hosts!
Warning: Recreating device nodes!
mkdir: can't create directory '/dev/mtd': No such file or directory
mknod: /dev/mtd/0: No such file or directory
mknod: /dev/mtd/1: No such file or directory
mknod: /dev/mtd/2: No such file or directory
mknod: /dev/mtd/3: No such file or directory
mknod: /dev/mtd/4: No such file or directory
mknod: /dev/mtd/5: No such file or directory
mknod: /dev/mtd/6: No such file or directory
mknod: /dev/mtd/7: No such file or directory
mknod: /dev/mtd/8: No such file or directory
mknod: /dev/mtd/9: No such file or directory
mknod: /dev/mtd/10: No such file or directory
Removing /etc/scripts/sys_resetbutton!
----Setting up FIRMADYNE----
----Unmounting QEMU Image----
loop deleted : /dev/loop0
Querying database for architecture... armel
Running firmware 14: terminating after 60 secs...
qemu-system-arm: terminating on signal 2 from pid 47854 (timeout)
Inferring network...
Interfaces: []
Done!
[    0.000000] Booting Linux on physical CPU 0x0
[    0.000000] Linux version 4.1.17+ (vagrant@vagrant-ubuntu-trusty-64) (gcc version 5.3.0 (GCC) ) #1 Thu Feb 18 01:05:21 UTC 2016
[    0.000000] CPU: ARMv7 Processor [412fc0f1] revision 1 (ARMv7), cr=10c5387d
[    0.000000] CPU: PIPT / VIPT nonaliasing data cache, PIPT instruction cache
[    0.000000] Machine model: linux,dummy-virt
[    0.000000] debug: ignoring loglevel setting.
[    0.000000] Memory policy: Data cache writeback
[    0.000000] On node 0 totalpages: 65536
[    0.000000] free_area_init_node: node 0, pgdat c061dfe8, node_mem_map cfdf9000
[    0.000000]   Normal zone: 512 pages used for memmap
[    0.000000]   Normal zone: 0 pages reserved
[    0.000000]   Normal zone: 65536 pages, LIFO batch:15
[    0.000000] psci: probing for conduit method from DT.
[    0.000000] psci: PSCIv0.2 detected in firmware.
[    0.000000] psci: Using standard PSCI v0.2 function IDs
[    0.000000] CPU: All CPU(s) started in SVC mode.
[    0.000000] pcpu-alloc: s0 r0 d32768 u32768 alloc=1*32768
[    0.000000] pcpu-alloc: [0] 0 
[    0.000000] Built 1 zonelists in Zone order, mobility grouping on.  Total pages: 65024
[    0.000000] Kernel command line: firmadyne.syscall=1 root=/dev/vda1 console=ttyS0 nandsim.parts=64,64,64,64,64,64,64,64,64,64 rdinit=/firmadyne/preInit.sh rw debug ignore_loglevel print-fatal-signals=1 user_debug=31
[    0.000000] PID hash table entries: 1024 (order: 0, 4096 bytes)
[    0.000000] Dentry cache hash table entries: 32768 (order: 5, 131072 bytes)
[    0.000000] Inode-cache hash table entries: 16384 (order: 4, 65536 bytes)
[    0.000000] Memory: 253340K/262144K available (4297K kernel code, 170K rwdata, 1584K rodata, 180K init, 148K bss, 8804K reserved, 0K cma-reserved)
[    0.000000] Virtual kernel memory layout:
[    0.000000]     vector  : 0xffff0000 - 0xffff1000   (   4 kB)
[    0.000000]     fixmap  : 0xffc00000 - 0xfff00000   (3072 kB)
[    0.000000]     vmalloc : 0xd0800000 - 0xff000000   ( 744 MB)
[    0.000000]     lowmem  : 0xc0000000 - 0xd0000000   ( 256 MB)
[    0.000000]     modules : 0xbf000000 - 0xc0000000   (  16 MB)
[    0.000000]       .text : 0xc0008000 - 0xc05c67bc   (5882 kB)
[    0.000000]       .init : 0xc05c7000 - 0xc05f4000   ( 180 kB)
[    0.000000]       .data : 0xc05f4000 - 0xc061e840   ( 171 kB)
[    0.000000]        .bss : 0xc0621000 - 0xc06462d4   ( 149 kB)
[    0.000000] NR_IRQS:16 nr_irqs:16 16
[    0.000000] Architected cp15 timer(s) running at 62.50MHz (virt).
[    0.000000] clocksource arch_sys_counter: mask: 0xffffffffffffff max_cycles: 0x1cd42e208c, max_idle_ns: 881590405314 ns
[    0.000168] sched_clock: 56 bits at 62MHz, resolution 16ns, wraps every 4398046511096ns
[    0.000315] Switching to timer-based delay loop, resolution 16ns
[    0.003628] Console: colour dummy device 80x30
[    0.004007] Calibrating delay loop (skipped), value calculated using timer frequency.. 125.00 BogoMIPS (lpj=625000)
[    0.004166] pid_max: default: 32768 minimum: 301
[    0.005180] Mount-cache hash table entries: 1024 (order: 0, 4096 bytes)
[    0.005227] Mountpoint-cache hash table entries: 1024 (order: 0, 4096 bytes)
[    0.015869] CPU: Testing write buffer coherency: ok
[    0.022869] Setting up static identity map for 0x40008240 - 0x40008298
[    0.047087] VFP support v0.3: implementor 41 architecture 4 part 30 variant f rev 0
[    0.062525] clocksource jiffies: mask: 0xffffffff max_cycles: 0xffffffff, max_idle_ns: 19112604462750000 ns
[    0.076358] NET: Registered protocol family 16
[    0.081628] DMA: preallocated 256 KiB pool for atomic coherent allocations
[    0.157113] cpuidle: using governor ladder
[    0.157309] cpuidle: using governor menu
[    0.190554] Serial: AMBA PL011 UART driver
[    0.194979] 9000000.pl011: ttyS0 at MMIO 0x9000000 (irq = 54, base_baud = 0) is a PL011 rev1
[    0.207524] console [ttyS0] enabled
[    0.249183] vgaarb: loaded
[    0.251483] SCSI subsystem initialized
[    0.253477] usbcore: registered new interface driver usbfs
[    0.254332] usbcore: registered new interface driver hub
[    0.255123] usbcore: registered new device driver usb
[    0.271952] cfg80211: Calling CRDA to update world regulatory domain
[    0.303545] Switched to clocksource arch_sys_counter
[    0.386090] NET: Registered protocol family 2
[    0.421305] TCP established hash table entries: 2048 (order: 1, 8192 bytes)
[    0.422506] TCP bind hash table entries: 2048 (order: 1, 8192 bytes)
[    0.424724] TCP: Hash tables configured (established 2048 bind 2048)
[    0.428395] UDP hash table entries: 256 (order: 0, 4096 bytes)
[    0.429570] UDP-Lite hash table entries: 256 (order: 0, 4096 bytes)
[    0.434915] NET: Registered protocol family 1
[    0.436163] PCI: CLS 0 bytes, default 64
[    0.446530] NetWinder Floating Point Emulator V0.97 (extended precision)
[    0.455811] futex hash table entries: 256 (order: -1, 3072 bytes)
[    0.480857] squashfs: version 4.0 (2009/01/31) Phillip Lougher
[    0.486767] jffs2: version 2.2. (NAND) © 2001-2006 Red Hat, Inc.
[    0.491478] romfs: ROMFS MTD (C) 2007 Red Hat, Inc.
[    0.572134] Block layer SCSI generic (bsg) driver version 0.4 loaded (major 253)
[    0.572766] io scheduler noop registered
[    0.579385] io scheduler cfq registered (default)
[    0.581074] firmadyne: devfs: 1, execute: 1, procfs: 1, syscall: 1
[    0.584877] ------------[ cut here ]------------
[    0.585468] WARNING: CPU: 0 PID: 1 at /home/vagrant/firmadyne-kernel/kernel-v4.1/fs/sysfs/dir.c:31 sysfs_warn_dup+0x50/0x6c()
[    0.586057] sysfs: cannot create duplicate filename '/class/gpio'
[    0.586383] Modules linked in:
[    0.587137] CPU: 0 PID: 1 Comm: swapper Not tainted 4.1.17+ #1
[    0.587400] Hardware name: Generic DT based system
[    0.588869] [<c001c99c>] (unwind_backtrace) from [<c0019d30>] (show_stack+0x10/0x14)
[    0.589388] [<c0019d30>] (show_stack) from [<c0024ab4>] (warn_slowpath_common+0x80/0xa8)
[    0.589687] [<c0024ab4>] (warn_slowpath_common) from [<c0024b08>] (warn_slowpath_fmt+0x2c/0x3c)
[    0.590142] [<c0024b08>] (warn_slowpath_fmt) from [<c00e363c>] (sysfs_warn_dup+0x50/0x6c)
[    0.590350] [<c00e363c>] (sysfs_warn_dup) from [<c00e3714>] (sysfs_create_dir_ns+0x74/0x84)
[    0.590552] [<c00e3714>] (sysfs_create_dir_ns) from [<c018e6ac>] (kobject_add_internal+0xb8/0x2ac)
[    0.590760] [<c018e6ac>] (kobject_add_internal) from [<c018e9a8>] (kset_register+0x1c/0x44)
[    0.591435] [<c018e9a8>] (kset_register) from [<c02090b4>] (__class_register+0xa8/0x198)
[    0.593510] [<c02090b4>] (__class_register) from [<c02091e4>] (__class_create+0x40/0x70)
[    0.593909] [<c02091e4>] (__class_create) from [<c01adf68>] (register_devfs_stubs+0x314/0xbb4)
[    0.594494] [<c01adf68>] (register_devfs_stubs) from [<c05d9b08>] (init_module+0x28/0xa4)
[    0.596419] [<c05d9b08>] (init_module) from [<c0009670>] (do_one_initcall+0x104/0x1b4)
[    0.596751] [<c0009670>] (do_one_initcall) from [<c05c7d08>] (kernel_init_freeable+0xf0/0x1b0)
[    0.597261] [<c05c7d08>] (kernel_init_freeable) from [<c040f28c>] (kernel_init+0x8/0xe4)
[    0.597577] [<c040f28c>] (kernel_init) from [<c0016da8>] (ret_from_fork+0x14/0x2c)
[    0.598236] ---[ end trace 0a2c23e62209b4ce ]---
[    0.598575] ------------[ cut here ]------------
[    0.598721] WARNING: CPU: 0 PID: 1 at /home/vagrant/firmadyne-kernel/kernel-v4.1/lib/kobject.c:240 kobject_add_internal+0x240/0x2ac()
[    0.599141] kobject_add_internal failed for gpio with -EEXIST, don't try to register things with the same name in the same directory.
[    0.599385] Modules linked in:
[    0.599583] CPU: 0 PID: 1 Comm: swapper Tainted: G        W       4.1.17+ #1
[    0.599738] Hardware name: Generic DT based system
[    0.600099] [<c001c99c>] (unwind_backtrace) from [<c0019d30>] (show_stack+0x10/0x14)
[    0.600361] [<c0019d30>] (show_stack) from [<c0024ab4>] (warn_slowpath_common+0x80/0xa8)
[    0.600555] [<c0024ab4>] (warn_slowpath_common) from [<c0024b08>] (warn_slowpath_fmt+0x2c/0x3c)
[    0.600767] [<c0024b08>] (warn_slowpath_fmt) from [<c018e834>] (kobject_add_internal+0x240/0x2ac)
[    0.601195] [<c018e834>] (kobject_add_internal) from [<c018e9a8>] (kset_register+0x1c/0x44)
[    0.601398] [<c018e9a8>] (kset_register) from [<c02090b4>] (__class_register+0xa8/0x198)
[    0.601662] [<c02090b4>] (__class_register) from [<c02091e4>] (__class_create+0x40/0x70)
[    0.601866] [<c02091e4>] (__class_create) from [<c01adf68>] (register_devfs_stubs+0x314/0xbb4)
[    0.602280] [<c01adf68>] (register_devfs_stubs) from [<c05d9b08>] (init_module+0x28/0xa4)
[    0.602737] [<c05d9b08>] (init_module) from [<c0009670>] (do_one_initcall+0x104/0x1b4)
[    0.603134] [<c0009670>] (do_one_initcall) from [<c05c7d08>] (kernel_init_freeable+0xf0/0x1b0)
[    0.603343] [<c05c7d08>] (kernel_init_freeable) from [<c040f28c>] (kernel_init+0x8/0xe4)
[    0.603525] [<c040f28c>] (kernel_init) from [<c0016da8>] (ret_from_fork+0x14/0x2c)
[    0.603740] ---[ end trace 0a2c23e62209b4cf ]---
[    0.604195] firmadyne: Cannot create device class: gpio!
[    0.608363] firmadyne: Cannot register character device: watchdog, 0xa, 0x82!
[    0.608735] firmadyne: Cannot register character device: wdt, 0xfd, 0x0!
[    0.786442] PCI host bridge /pcie@10000000 ranges:
[    0.787422]    IO 0x3eff0000..0x3effffff -> 0x00000000
[    0.788074]   MEM 0x10000000..0x3efeffff -> 0x10000000
[    0.788344]   MEM 0x8000000000..0xffffffffff -> 0x8000000000
[    0.798219] pci-host-generic 3f000000.pcie: resource collision: [mem 0x00000000-0xffffffff] conflicts with /pl011@9000000 [mem 0x09000000-0x09000fff]
[    0.799822] pci-host-generic: probe of 3f000000.pcie failed with error -16
[    0.828558] Non-volatile memory driver v1.3
[    0.880513] brd: module loaded
[    0.896841] loop: module loaded
[    0.923174]  vda: vda1
[    0.940784] 0.flash: Found 2 x16 devices at 0x0 in 32-bit bank. Manufacturer ID 0x000000 Chip ID 0x000000
[    0.942131] Intel/Sharp Extended Query Table at 0x0031
[    0.944466] Using buffer write method
[    0.945337] erase region 0: offset=0x0,size=0x40000,blocks=256
[    0.958673] 0.flash: Found 2 x16 devices at 0x0 in 32-bit bank. Manufacturer ID 0x000000 Chip ID 0x000000
[    0.959164] Intel/Sharp Extended Query Table at 0x0031
[    0.960839] Using buffer write method
[    0.961172] erase region 0: offset=0x0,size=0x40000,blocks=256
[    0.961591] Concatenating MTD devices:
[    0.961786] (0): "0.flash"
[    0.961921] (1): "0.flash"
[    0.962045] into device "0.flash"
[    0.996283] [nandsim] warning: read_byte: unexpected data output cycle, state is STATE_READY return 0x0
[    0.996723] [nandsim] warning: read_byte: unexpected data output cycle, state is STATE_READY return 0x0
[    0.997030] [nandsim] warning: read_byte: unexpected data output cycle, state is STATE_READY return 0x0
[    0.997318] [nandsim] warning: read_byte: unexpected data output cycle, state is STATE_READY return 0x0
[    0.997645] [nandsim] warning: read_byte: unexpected data output cycle, state is STATE_READY return 0x0
[    0.997917] [nandsim] warning: read_byte: unexpected data output cycle, state is STATE_READY return 0x0
[    0.998655] nand: device found, Manufacturer ID: 0x98, Chip ID: 0x39
[    0.998899] nand: Toshiba NAND 128MiB 1,8V 8-bit
[    0.999119] nand: 128 MiB, SLC, erase size: 16 KiB, page size: 512, OOB size: 16
[    1.000613] flash size: 128 MiB
[    1.000812] page size: 512 bytes
[    1.000941] OOB area size: 16 bytes
[    1.001078] sector size: 16 KiB
[    1.001204] pages number: 262144
[    1.001332] pages per sector: 32
[    1.001473] bus width: 8
[    1.001584] bits in sector size: 14
[    1.001736] bits in page size: 9
[    1.001895] bits in OOB size: 4
[    1.002037] flash size with OOB: 135168 KiB
[    1.002191] page address bytes: 4
[    1.002326] sector address bytes: 3
[    1.003851] options: 0x42
[    1.017236] Scanning device for bad blocks
[    1.216328] firmadyne: do_execve: /firmadyne/console
[    1.216601] OFFSETS: offset of pid: 0x190 offset of comm: 0x270
[    1.217412] Creating 11 MTD partitions on "NAND 128MiB 1,8V 8-bit":
[    1.218171] 0x000000000000-0x000000100000 : "NAND simulator partition 0"
[    1.222480] 0x000000100000-0x000000200000 : "NAND simulator partition 1"
[    1.224886] 0x000000200000-0x000000300000 : "NAND simulator partition 2"
[    1.226675] 0x000000300000-0x000000400000 : "NAND simulator partition 3"
[    1.229220] 0x000000400000-0x000000500000 : "NAND simulator partition 4"
[    1.232344] 0x000000500000-0x000000600000 : "NAND simulator partition 5"
[    1.234848] 0x000000600000-0x000000700000 : "NAND simulator partition 6"
[    1.237356] 0x000000700000-0x000000800000 : "NAND simulator partition 7"
[    1.239645] 0x000000800000-0x000000900000 : "NAND simulator partition 8"
[    1.242023] 0x000000900000-0x000000a00000 : "NAND simulator partition 9"
[    1.244748] 0x000000a00000-0x000008000000 : "NAND simulator partition 10"
[    1.255083] tun: Universal TUN/TAP device driver, 1.6
[    1.255349] tun: (C) 1999-2004 Max Krasnyansky <maxk@qualcomm.com>
[    1.353851] PPP generic driver version 2.4.2
[    1.355195] PPP BSD Compression module registered
[    1.355574] PPP Deflate Compression module registered
[    1.356003] PPP MPPE Compression module registered
[    1.356254] NET: Registered protocol family 24
[    1.356858] PPTP driver version 0.8.5
[    1.369559] usbcore: registered new interface driver usb-storage
[    1.376612] rtc-pl031 9010000.pl031: rtc core: registered pl031 as rtc0
[    1.378296] hidraw: raw HID events driver (C) Jiri Kosina
[    1.379523] usbcore: registered new interface driver usbhid
[    1.379819] usbhid: USB HID core driver
[    1.380716] Netfilter messages via NETLINK v0.30.
[    1.381981] nf_conntrack version 0.5.0 (3958 buckets, 15832 max)
[    1.385107] ctnetlink v0.93: registering with nfnetlink.
[    1.387777] ipip: IPv4 over IPv4 tunneling driver
[    1.391782] gre: GRE over IPv4 demultiplexor driver
[    1.392099] ip_gre: GRE over IPv4 tunneling driver
[    1.400921] ip_tables: (C) 2000-2006 Netfilter Core Team
[    1.404701] arp_tables: (C) 2002 David S. Miller
[    1.406720] Initializing XFRM netlink socket
[    1.407759] NET: Registered protocol family 10
[    1.419024] ip6_tables: (C) 2000-2006 Netfilter Core Team
[    1.422366] sit: IPv6 over IPv4 tunneling driver
[    1.430079] NET: Registered protocol family 17
[    1.431420] bridge: automatic filtering via arp/ip/ip6tables has been deprecated. Update your scripts to load br_netfilter if you need this.
[    1.432113] Bridge firewalling registered
[    1.432465] Ebtables v2.0 registered
[    1.435078] 8021q: 802.1Q VLAN Support v1.8
[    1.436368] Registering SWP/SWPB emulation handler
[    1.441968] rtc-pl031 9010000.pl031: setting system clock to 2018-07-19 08:15:11 UTC (1531988111)
[    1.477258] EXT4-fs (vda1): couldn't mount as ext3 due to feature incompatibilities
[    1.480968] EXT4-fs (vda1): mounting ext2 file system using the ext4 subsystem
[    1.505236] EXT4-fs (vda1): mounted filesystem without journal. Opts: (null)
[    1.507311] VFS: Mounted root (ext2 filesystem) on device 254:1.
[    1.536494] Freeing unused kernel memory: 180K (c05c7000 - c05f4000)
[    1.744216] firmadyne: sys_reboot[PID: 54 (init)]: magic1:fee1dead, magic2:28121969, cmd:0
[    1.836186] firmadyne: sys_socket[PID: 1 (init)]: family:1, type:2, protocol:0
[    1.858086] firmadyne: sys_socket[PID: 55 (init)]: family:1, type:2, protocol:0
[    2.324220] firmadyne: sys_socket[PID: 64 (telnetd)]: family:2, type:1, protocol:0
[    2.327087] firmadyne: sys_setsockopt[PID: 64 (telnetd)]: fd:3, level:1, optname:2
[    2.327944] firmadyne: inet_bind[PID: 64 (telnetd)]: proto:SOCK_STREAM, port:23
Using /lib/modules/mvKernelExt.ko
insmod: kernel-module version mismatch
	/lib/modules/mvKernelExt.ko was compiled for kernel version 
	while this kernel is version 4.1.17+.
Using /lib/modules/mvPpDrv.ko
insmod: kernel-module version mismatch
	/lib/modules/mvPpDrv.ko was compiled for kernel version 
	while this kernel is version 4.1.17+.
Fri May 23 14:32:00 UTC 2008
[    2.629358] firmadyne: sys_socket[PID: 72 (ifconfig)]: family:2, type:2, protocol:0
[    2.631497] firmadyne: __inet_insert_ifa[PID: 72 (ifconfig)]: device:lo ifa:0x0100007f
[    2.638218] firmadyne: __inet_insert_ifa[PID: 72 (ifconfig)]: device:lo ifa:0x0100007f




Linux MARVELL_LINUX 4.1.17+ #1 Thu Feb 18 01:05:21 UTC 2016


Welcome to Embedded Linux
           _  _
          | ||_|
          | | _ ____  _   _  _  _ 
          | || |  _ \| | | |\ \/ /
          | || | | | | |_| |/    \
          |_||_|_| |_|\____|\_/\_/

          On Marvell's ARM board

For further information on the Marvell products check:
http://www.marvell.com/

toochain=gnueabi

Enjoy!



BusyBox v1.01 (2008.10.02-12:33+0000) Built-in shell (ash)
Enter 'help' for a list of built-in commands.

[    3.462233] cfg80211: Calling CRDA to update world regulatory domain
/ # [    6.613051] cfg80211: Calling CRDA to update world regulatory domain
[    9.764109] cfg80211: Calling CRDA to update world regulatory domain
[   12.913539] cfg80211: Calling CRDA to update world regulatory domain
[   16.066152] cfg80211: Calling CRDA to update world regulatory domain
[   19.215040] cfg80211: Calling CRDA to update world regulatory domain
[   22.364121] cfg80211: Calling CRDA to update world regulatory domain
[   25.513491] cfg80211: Calling CRDA to update world regulatory domain
[   28.663362] cfg80211: Calling CRDA to update world regulatory domain
[   31.815539] cfg80211: Calling CRDA to update world regulatory domain
[   34.964749] cfg80211: Exceeded CRDA call max attempts. Not calling CRDA
Starting firmware emulation... use Ctrl-a + x to exit
qemu-system-arm: terminating on signal 2 from pid 48019 (timeout)
[    0.000000] Booting Linux on physical CPU 0x0
[    0.000000] Linux version 4.1.17+ (vagrant@vagrant-ubuntu-trusty-64) (gcc version 5.3.0 (GCC) ) #1 Thu Feb 18 01:05:21 UTC 2016
[    0.000000] CPU: ARMv7 Processor [412fc0f1] revision 1 (ARMv7), cr=10c5387d
[    0.000000] CPU: PIPT / VIPT nonaliasing data cache, PIPT instruction cache
[    0.000000] Machine model: linux,dummy-virt
[    0.000000] debug: ignoring loglevel setting.
[    0.000000] Memory policy: Data cache writeback
[    0.000000] On node 0 totalpages: 65536
[    0.000000] free_area_init_node: node 0, pgdat c061dfe8, node_mem_map cfdf9000
[    0.000000]   Normal zone: 512 pages used for memmap
[    0.000000]   Normal zone: 0 pages reserved
[    0.000000]   Normal zone: 65536 pages, LIFO batch:15
[    0.000000] psci: probing for conduit method from DT.
[    0.000000] psci: PSCIv0.2 detected in firmware.
[    0.000000] psci: Using standard PSCI v0.2 function IDs
[    0.000000] CPU: All CPU(s) started in SVC mode.
[    0.000000] pcpu-alloc: s0 r0 d32768 u32768 alloc=1*32768
[    0.000000] pcpu-alloc: [0] 0 
[    0.000000] Built 1 zonelists in Zone order, mobility grouping on.  Total pages: 65024
[    0.000000] Kernel command line: root=/dev/vda1 console=ttyS0 nandsim.parts=64,64,64,64,64,64,64,64,64,64 rdinit=/firmadyne/preInit.sh rw debug ignore_loglevel print-fatal-signals=1 user_debug=31 firmadyne.syscall=0
[    0.000000] PID hash table entries: 1024 (order: 0, 4096 bytes)
[    0.000000] Dentry cache hash table entries: 32768 (order: 5, 131072 bytes)
[    0.000000] Inode-cache hash table entries: 16384 (order: 4, 65536 bytes)
[    0.000000] Memory: 253340K/262144K available (4297K kernel code, 170K rwdata, 1584K rodata, 180K init, 148K bss, 8804K reserved, 0K cma-reserved)
[    0.000000] Virtual kernel memory layout:
[    0.000000]     vector  : 0xffff0000 - 0xffff1000   (   4 kB)
[    0.000000]     fixmap  : 0xffc00000 - 0xfff00000   (3072 kB)
[    0.000000]     vmalloc : 0xd0800000 - 0xff000000   ( 744 MB)
[    0.000000]     lowmem  : 0xc0000000 - 0xd0000000   ( 256 MB)
[    0.000000]     modules : 0xbf000000 - 0xc0000000   (  16 MB)
[    0.000000]       .text : 0xc0008000 - 0xc05c67bc   (5882 kB)
[    0.000000]       .init : 0xc05c7000 - 0xc05f4000   ( 180 kB)
[    0.000000]       .data : 0xc05f4000 - 0xc061e840   ( 171 kB)
[    0.000000]        .bss : 0xc0621000 - 0xc06462d4   ( 149 kB)
[    0.000000] NR_IRQS:16 nr_irqs:16 16
[    0.000000] Architected cp15 timer(s) running at 62.50MHz (virt).
[    0.000000] clocksource arch_sys_counter: mask: 0xffffffffffffff max_cycles: 0x1cd42e208c, max_idle_ns: 881590405314 ns
[    0.000162] sched_clock: 56 bits at 62MHz, resolution 16ns, wraps every 4398046511096ns
[    0.000306] Switching to timer-based delay loop, resolution 16ns
[    0.003718] Console: colour dummy device 80x30
[    0.004191] Calibrating delay loop (skipped), value calculated using timer frequency.. 125.00 BogoMIPS (lpj=625000)
[    0.004332] pid_max: default: 32768 minimum: 301
[    0.005305] Mount-cache hash table entries: 1024 (order: 0, 4096 bytes)
[    0.005347] Mountpoint-cache hash table entries: 1024 (order: 0, 4096 bytes)
[    0.014946] CPU: Testing write buffer coherency: ok
[    0.021970] Setting up static identity map for 0x40008240 - 0x40008298
[    0.037894] VFP support v0.3: implementor 41 architecture 4 part 30 variant f rev 0
[    0.050504] clocksource jiffies: mask: 0xffffffff max_cycles: 0xffffffff, max_idle_ns: 19112604462750000 ns
[    0.060597] NET: Registered protocol family 16
[    0.064146] DMA: preallocated 256 KiB pool for atomic coherent allocations
[    0.068487] cpuidle: using governor ladder
[    0.068657] cpuidle: using governor menu
[    0.091288] Serial: AMBA PL011 UART driver
[    0.093572] 9000000.pl011: ttyS0 at MMIO 0x9000000 (irq = 54, base_baud = 0) is a PL011 rev1
[    0.101366] console [ttyS0] enabled
[    0.125940] vgaarb: loaded
[    0.127550] SCSI subsystem initialized
[    0.128622] usbcore: registered new interface driver usbfs
[    0.128978] usbcore: registered new interface driver hub
[    0.129339] usbcore: registered new device driver usb
[    0.139465] cfg80211: Calling CRDA to update world regulatory domain
[    0.141893] Switched to clocksource arch_sys_counter
[    0.160949] NET: Registered protocol family 2
[    0.166703] TCP established hash table entries: 2048 (order: 1, 8192 bytes)
[    0.167018] TCP bind hash table entries: 2048 (order: 1, 8192 bytes)
[    0.167308] TCP: Hash tables configured (established 2048 bind 2048)
[    0.167897] UDP hash table entries: 256 (order: 0, 4096 bytes)
[    0.168178] UDP-Lite hash table entries: 256 (order: 0, 4096 bytes)
[    0.169787] NET: Registered protocol family 1
[    0.170287] PCI: CLS 0 bytes, default 64
[    0.178336] NetWinder Floating Point Emulator V0.97 (extended precision)
[    0.181276] futex hash table entries: 256 (order: -1, 3072 bytes)
[    0.187372] squashfs: version 4.0 (2009/01/31) Phillip Lougher
[    0.189039] jffs2: version 2.2. (NAND) © 2001-2006 Red Hat, Inc.
[    0.189890] romfs: ROMFS MTD (C) 2007 Red Hat, Inc.
[    0.199037] Block layer SCSI generic (bsg) driver version 0.4 loaded (major 253)
[    0.199395] io scheduler noop registered
[    0.199644] io scheduler cfq registered (default)
[    0.200370] firmadyne: devfs: 1, execute: 1, procfs: 1, syscall: 0
[    0.202079] ------------[ cut here ]------------
[    0.202329] WARNING: CPU: 0 PID: 1 at /home/vagrant/firmadyne-kernel/kernel-v4.1/fs/sysfs/dir.c:31 sysfs_warn_dup+0x50/0x6c()
[    0.202558] sysfs: cannot create duplicate filename '/class/gpio'
[    0.202719] Modules linked in:
[    0.203036] CPU: 0 PID: 1 Comm: swapper Not tainted 4.1.17+ #1
[    0.203173] Hardware name: Generic DT based system
[    0.204012] [<c001c99c>] (unwind_backtrace) from [<c0019d30>] (show_stack+0x10/0x14)
[    0.204294] [<c0019d30>] (show_stack) from [<c0024ab4>] (warn_slowpath_common+0x80/0xa8)
[    0.204533] [<c0024ab4>] (warn_slowpath_common) from [<c0024b08>] (warn_slowpath_fmt+0x2c/0x3c)
[    0.204873] [<c0024b08>] (warn_slowpath_fmt) from [<c00e363c>] (sysfs_warn_dup+0x50/0x6c)
[    0.205108] [<c00e363c>] (sysfs_warn_dup) from [<c00e3714>] (sysfs_create_dir_ns+0x74/0x84)
[    0.205289] [<c00e3714>] (sysfs_create_dir_ns) from [<c018e6ac>] (kobject_add_internal+0xb8/0x2ac)
[    0.205475] [<c018e6ac>] (kobject_add_internal) from [<c018e9a8>] (kset_register+0x1c/0x44)
[    0.205651] [<c018e9a8>] (kset_register) from [<c02090b4>] (__class_register+0xa8/0x198)
[    0.205824] [<c02090b4>] (__class_register) from [<c02091e4>] (__class_create+0x40/0x70)
[    0.206025] [<c02091e4>] (__class_create) from [<c01adf68>] (register_devfs_stubs+0x314/0xbb4)
[    0.206194] [<c01adf68>] (register_devfs_stubs) from [<c05d9b08>] (init_module+0x28/0xa4)
[    0.206387] [<c05d9b08>] (init_module) from [<c0009670>] (do_one_initcall+0x104/0x1b4)
[    0.206588] [<c0009670>] (do_one_initcall) from [<c05c7d08>] (kernel_init_freeable+0xf0/0x1b0)
[    0.206769] [<c05c7d08>] (kernel_init_freeable) from [<c040f28c>] (kernel_init+0x8/0xe4)
[    0.206934] [<c040f28c>] (kernel_init) from [<c0016da8>] (ret_from_fork+0x14/0x2c)
[    0.207213] ---[ end trace bc317d848445f1c3 ]---
[    0.207404] ------------[ cut here ]------------
[    0.207549] WARNING: CPU: 0 PID: 1 at /home/vagrant/firmadyne-kernel/kernel-v4.1/lib/kobject.c:240 kobject_add_internal+0x240/0x2ac()
[    0.207778] kobject_add_internal failed for gpio with -EEXIST, don't try to register things with the same name in the same directory.
[    0.207992] Modules linked in:
[    0.208163] CPU: 0 PID: 1 Comm: swapper Tainted: G        W       4.1.17+ #1
[    0.208290] Hardware name: Generic DT based system
[    0.208401] [<c001c99c>] (unwind_backtrace) from [<c0019d30>] (show_stack+0x10/0x14)
[    0.208596] [<c0019d30>] (show_stack) from [<c0024ab4>] (warn_slowpath_common+0x80/0xa8)
[    0.208767] [<c0024ab4>] (warn_slowpath_common) from [<c0024b08>] (warn_slowpath_fmt+0x2c/0x3c)
[    0.208963] [<c0024b08>] (warn_slowpath_fmt) from [<c018e834>] (kobject_add_internal+0x240/0x2ac)
[    0.209180] [<c018e834>] (kobject_add_internal) from [<c018e9a8>] (kset_register+0x1c/0x44)
[    0.209368] [<c018e9a8>] (kset_register) from [<c02090b4>] (__class_register+0xa8/0x198)
[    0.209565] [<c02090b4>] (__class_register) from [<c02091e4>] (__class_create+0x40/0x70)
[    0.209733] [<c02091e4>] (__class_create) from [<c01adf68>] (register_devfs_stubs+0x314/0xbb4)
[    0.209913] [<c01adf68>] (register_devfs_stubs) from [<c05d9b08>] (init_module+0x28/0xa4)
[    0.210110] [<c05d9b08>] (init_module) from [<c0009670>] (do_one_initcall+0x104/0x1b4)
[    0.210264] [<c0009670>] (do_one_initcall) from [<c05c7d08>] (kernel_init_freeable+0xf0/0x1b0)
[    0.210444] [<c05c7d08>] (kernel_init_freeable) from [<c040f28c>] (kernel_init+0x8/0xe4)
[    0.210623] [<c040f28c>] (kernel_init) from [<c0016da8>] (ret_from_fork+0x14/0x2c)
[    0.210792] ---[ end trace bc317d848445f1c4 ]---
[    0.210956] firmadyne: Cannot create device class: gpio!
[    0.212920] firmadyne: Cannot register character device: watchdog, 0xa, 0x82!
[    0.213134] firmadyne: Cannot register character device: wdt, 0xfd, 0x0!
[    0.298981] PCI host bridge /pcie@10000000 ranges:
[    0.299587]    IO 0x3eff0000..0x3effffff -> 0x00000000
[    0.299955]   MEM 0x10000000..0x3efeffff -> 0x10000000
[    0.300086]   MEM 0x8000000000..0xffffffffff -> 0x8000000000
[    0.300795] pci-host-generic 3f000000.pcie: resource collision: [mem 0x00000000-0xffffffff] conflicts with /pl011@9000000 [mem 0x09000000-0x09000fff]
[    0.301627] pci-host-generic: probe of 3f000000.pcie failed with error -16
[    0.313990] Non-volatile memory driver v1.3
[    0.338430] brd: module loaded
[    0.349091] loop: module loaded
[    0.362667]  vda: vda1
[    0.375397] 0.flash: Found 2 x16 devices at 0x0 in 32-bit bank. Manufacturer ID 0x000000 Chip ID 0x000000
[    0.376094] Intel/Sharp Extended Query Table at 0x0031
[    0.377355] Using buffer write method
[    0.377830] erase region 0: offset=0x0,size=0x40000,blocks=256
[    0.385316] 0.flash: Found 2 x16 devices at 0x0 in 32-bit bank. Manufacturer ID 0x000000 Chip ID 0x000000
[    0.385612] Intel/Sharp Extended Query Table at 0x0031
[    0.386384] Using buffer write method
[    0.386516] erase region 0: offset=0x0,size=0x40000,blocks=256
[    0.386730] Concatenating MTD devices:
[    0.386840] (0): "0.flash"
[    0.386920] (1): "0.flash"
[    0.387039] into device "0.flash"
[    0.400198] [nandsim] warning: read_byte: unexpected data output cycle, state is STATE_READY return 0x0
[    0.400449] [nandsim] warning: read_byte: unexpected data output cycle, state is STATE_READY return 0x0
[    0.400643] [nandsim] warning: read_byte: unexpected data output cycle, state is STATE_READY return 0x0
[    0.400814] [nandsim] warning: read_byte: unexpected data output cycle, state is STATE_READY return 0x0
[    0.400998] [nandsim] warning: read_byte: unexpected data output cycle, state is STATE_READY return 0x0
[    0.401209] [nandsim] warning: read_byte: unexpected data output cycle, state is STATE_READY return 0x0
[    0.402363] nand: device found, Manufacturer ID: 0x98, Chip ID: 0x39
[    0.402527] nand: Toshiba NAND 128MiB 1,8V 8-bit
[    0.402653] nand: 128 MiB, SLC, erase size: 16 KiB, page size: 512, OOB size: 16
[    0.403592] flash size: 128 MiB
[    0.403705] page size: 512 bytes
[    0.403820] OOB area size: 16 bytes
[    0.403953] sector size: 16 KiB
[    0.404057] pages number: 262144
[    0.404137] pages per sector: 32
[    0.404211] bus width: 8
[    0.404272] bits in sector size: 14
[    0.404349] bits in page size: 9
[    0.404426] bits in OOB size: 4
[    0.404504] flash size with OOB: 135168 KiB
[    0.404647] page address bytes: 4
[    0.404767] sector address bytes: 3
[    0.404884] options: 0x42
[    0.409195] Scanning device for bad blocks
[    0.524576] firmadyne: do_execve: /firmadyne/console
[    0.524802] OFFSETS: offset of pid: 0x190 offset of comm: 0x270
[    0.525353] Creating 11 MTD partitions on "NAND 128MiB 1,8V 8-bit":
[    0.525771] 0x000000000000-0x000000100000 : "NAND simulator partition 0"
[    0.528021] 0x000000100000-0x000000200000 : "NAND simulator partition 1"
[    0.529500] 0x000000200000-0x000000300000 : "NAND simulator partition 2"
[    0.530894] 0x000000300000-0x000000400000 : "NAND simulator partition 3"
[    0.532502] 0x000000400000-0x000000500000 : "NAND simulator partition 4"
[    0.533936] 0x000000500000-0x000000600000 : "NAND simulator partition 5"
[    0.535427] 0x000000600000-0x000000700000 : "NAND simulator partition 6"
[    0.537373] 0x000000700000-0x000000800000 : "NAND simulator partition 7"
[    0.538778] 0x000000800000-0x000000900000 : "NAND simulator partition 8"
[    0.540163] 0x000000900000-0x000000a00000 : "NAND simulator partition 9"
[    0.541561] 0x000000a00000-0x000008000000 : "NAND simulator partition 10"
[    0.547550] tun: Universal TUN/TAP device driver, 1.6
[    0.547707] tun: (C) 1999-2004 Max Krasnyansky <maxk@qualcomm.com>
[    0.560012] PPP generic driver version 2.4.2
[    0.560784] PPP BSD Compression module registered
[    0.560981] PPP Deflate Compression module registered
[    0.561243] PPP MPPE Compression module registered
[    0.561393] NET: Registered protocol family 24
[    0.561886] PPTP driver version 0.8.5
[    0.563592] usbcore: registered new interface driver usb-storage
[    0.566983] rtc-pl031 9010000.pl031: rtc core: registered pl031 as rtc0
[    0.567747] hidraw: raw HID events driver (C) Jiri Kosina
[    0.568410] usbcore: registered new interface driver usbhid
[    0.568563] usbhid: USB HID core driver
[    0.569070] Netfilter messages via NETLINK v0.30.
[    0.569772] nf_conntrack version 0.5.0 (3958 buckets, 15832 max)
[    0.571240] ctnetlink v0.93: registering with nfnetlink.
[    0.572887] ipip: IPv4 over IPv4 tunneling driver
[    0.575143] gre: GRE over IPv4 demultiplexor driver
[    0.575302] ip_gre: GRE over IPv4 tunneling driver
[    0.580074] ip_tables: (C) 2000-2006 Netfilter Core Team
[    0.582034] arp_tables: (C) 2002 David S. Miller
[    0.583134] Initializing XFRM netlink socket
[    0.583670] NET: Registered protocol family 10
[    0.591066] ip6_tables: (C) 2000-2006 Netfilter Core Team
[    0.593111] sit: IPv6 over IPv4 tunneling driver
[    0.597099] NET: Registered protocol family 17
[    0.597796] bridge: automatic filtering via arp/ip/ip6tables has been deprecated. Update your scripts to load br_netfilter if you need this.
[    0.598142] Bridge firewalling registered
[    0.598290] Ebtables v2.0 registered
[    0.599522] 8021q: 802.1Q VLAN Support v1.8
[    0.600168] Registering SWP/SWPB emulation handler
[    0.603247] rtc-pl031 9010000.pl031: setting system clock to 2018-07-19 08:16:12 UTC (1531988172)
[    0.614177] EXT4-fs (vda1): couldn't mount as ext3 due to feature incompatibilities
[    0.616487] EXT4-fs (vda1): mounting ext2 file system using the ext4 subsystem
[    0.625374] EXT4-fs (vda1): warning: mounting unchecked fs, running e2fsck is recommended
[    0.628426] EXT4-fs (vda1): mounted filesystem without journal. Opts: (null)
[    0.629632] VFS: Mounted root (ext2 filesystem) on device 254:1.
[    0.648370] Freeing unused kernel memory: 180K (c05c7000 - c05f4000)
[    0.763641] firmadyne: sys_reboot[PID: 54 (init)]: magic1:fee1dead, magic2:28121969, cmd:0
Using /lib/modules/mvKernelExt.ko
insmod: kernel-module version mismatch
	/lib/modules/mvKernelExt.ko was compiled for kernel version 
	while this kernel is version 4.1.17+.
Using /lib/modules/mvPpDrv.ko
insmod: kernel-module version mismatch
	/lib/modules/mvPpDrv.ko was compiled for kernel version 
	while this kernel is version 4.1.17+.
Fri May 23 14:32:00 UTC 2008




Linux MARVELL_LINUX 4.1.17+ #1 Thu Feb 18 01:05:21 UTC 2016


Welcome to Embedded Linux
           _  _
          | ||_|
          | | _ ____  _   _  _  _ 
          | || |  _ \| | | |\ \/ /
          | || | | | | |_| |/    \
          |_||_|_| |_|\____|\_/\_/

          On Marvell's ARM board

For further information on the Marvell products check:
http://www.marvell.com/

toochain=gnueabi

Enjoy!



BusyBox v1.01 (2008.10.02-12:33+0000) Built-in shell (ash)
Enter 'help' for a list of built-in commands.

/ # [    3.294466] cfg80211: Calling CRDA to update world regulatory domain
[    6.442310] cfg80211: Calling CRDA to update world regulatory domain
[    9.592839] cfg80211: Calling CRDA to update world regulatory domain
[   12.742953] cfg80211: Calling CRDA to update world regulatory domain
[   15.893606] cfg80211: Calling CRDA to update world regulatory domain
[   19.042417] cfg80211: Calling CRDA to update world regulatory domain
[   22.203120] cfg80211: Calling CRDA to update world regulatory domain
[   25.352285] cfg80211: Calling CRDA to update world regulatory domain
[   28.502587] cfg80211: Calling CRDA to update world regulatory domain
[   31.653621] cfg80211: Calling CRDA to update world regulatory domain
[   34.804129] cfg80211: Exceeded CRDA call max attempts. Not calling CRDA
