>> Database Image ID: 190

/home/zhumengfan/firmware/firmwares/3aa3f9ff1f99afe0d50148ac20f16bd7b67765c7.ZIP
>> MD5: 825a505ff0e33c72d408e5d8b6a95e4c
>> Tag: 190
>> Temp: /tmp/tmpgZrd5j
>> Status: Kernel: True, Rootfs: False, Do_Kernel: False,                 Do_Rootfs: True
>>>> Zip archive data, at least v2.0 to extract, compressed size: 9048905, uncompressed size: 9083296, name: DGS-1500-28P_A1_A2_2_51_005.hex
>> Recursing into archive ...
	
/tmp/tmpgZrd5j/_3aa3f9ff1f99afe0d50148ac20f16bd7b67765c7.ZIP.extracted/DGS-1500-28P_A1_A2_2_51_005.hex
	>> MD5: 6424d11080c6412a6aecaee533f200fd
	>> Tag: 190
	>> Temp: /tmp/tmpqqzT5U
	>> Status: Kernel: True, Rootfs: False, Do_Kernel: False,                 Do_Rootfs: True
	>>>> Squashfs filesystem, little endian, version 3.1, size: 7801256 bytes, 217 inodes, blocksize: 131072 bytes, created: 2014-05-20 08:45:35
	>>>> Found Linux filesystem in /tmp/tmpqqzT5U/_DGS-1500-28P_A1_A2_2_51_005.hex.extracted/squashfs-root!
	>> Skipping: completed!
	>> Cleaning up /tmp/tmpqqzT5U...
>> Skipping: completed!
>> Cleaning up /tmp/tmpgZrd5j...
./bin/busybox: armel
Querying database for architecture... armel
----Running----
----Copying Filesystem Tarball----
----Creating QEMU Image----
Formatting '/home/zhumengfan/firmadyne//scratch//190//image.raw', fmt=raw size=1073741824
----Creating Partition Table----

Welcome to fdisk (util-linux 2.27.1).
Changes will remain in memory only, until you decide to write them.
Be careful before using the write command.

Device does not contain a recognized partition table.
Created a new DOS disklabel with disk identifier 0x8f9ac104.

Command (m for help): Created a new DOS disklabel with disk identifier 0xa639e339.

Command (m for help): Partition type
   p   primary (0 primary, 0 extended, 4 free)
   e   extended (container for logical partitions)
Select (default p): Partition number (1-4, default 1): First sector (2048-2097151, default 2048): Last sector, +sectors or +size{K,M,G,T,P} (2048-2097151, default 2097151): 
Created a new partition 1 of type 'Linux' and of size 1023 MiB.

Command (m for help): The partition table has been altered.
Syncing disks.

----Mounting QEMU Image----
add map loop0p1 (252:0): 0 2095104 linear 7:0 2048
----Creating Filesystem----
mke2fs 1.42.13 (17-May-2015)
Discarding device blocks:   4096/261888             done                            
Creating filesystem with 261888 4k blocks and 65536 inodes
Filesystem UUID: c88c0663-0e1a-4d85-b463-db2f3062ea56
Superblock backups stored on blocks: 
	32768, 98304, 163840, 229376

Allocating group tables: 0/8   done                            
Writing inode tables: 0/8   done                            
Writing superblocks and filesystem accounting information: 0/8   done

----Making QEMU Image Mountpoint----
----Mounting QEMU Image Partition 1----
----Extracting Filesystem Tarball----
----Creating FIRMADYNE Directories----
----Patching Filesystem (chroot)----
Creating /etc/TZ!
Creating /etc/hosts!
Warning: Recreating device nodes!
mkdir: can't create directory '/dev/mtd': No such file or directory
mknod: /dev/mtd/0: No such file or directory
mknod: /dev/mtd/1: No such file or directory
mknod: /dev/mtd/2: No such file or directory
mknod: /dev/mtd/3: No such file or directory
mknod: /dev/mtd/4: No such file or directory
mknod: /dev/mtd/5: No such file or directory
mknod: /dev/mtd/6: No such file or directory
mknod: /dev/mtd/7: No such file or directory
mknod: /dev/mtd/8: No such file or directory
mknod: /dev/mtd/9: No such file or directory
mknod: /dev/mtd/10: No such file or directory
Removing /etc/scripts/sys_resetbutton!
----Setting up FIRMADYNE----
----Unmounting QEMU Image----
loop deleted : /dev/loop0
Querying database for architecture... armel
Running firmware 190: terminating after 60 secs...
qemu-system-arm: terminating on signal 2 from pid 163757 (timeout)
Inferring network...
Interfaces: []
Done!
[    0.000000] Booting Linux on physical CPU 0x0
[    0.000000] Linux version 4.1.17+ (vagrant@vagrant-ubuntu-trusty-64) (gcc version 5.3.0 (GCC) ) #1 Thu Feb 18 01:05:21 UTC 2016
[    0.000000] CPU: ARMv7 Processor [412fc0f1] revision 1 (ARMv7), cr=10c5387d
[    0.000000] CPU: PIPT / VIPT nonaliasing data cache, PIPT instruction cache
[    0.000000] Machine model: linux,dummy-virt
[    0.000000] debug: ignoring loglevel setting.
[    0.000000] Memory policy: Data cache writeback
[    0.000000] On node 0 totalpages: 65536
[    0.000000] free_area_init_node: node 0, pgdat c061dfe8, node_mem_map cfdf9000
[    0.000000]   Normal zone: 512 pages used for memmap
[    0.000000]   Normal zone: 0 pages reserved
[    0.000000]   Normal zone: 65536 pages, LIFO batch:15
[    0.000000] psci: probing for conduit method from DT.
[    0.000000] psci: PSCIv0.2 detected in firmware.
[    0.000000] psci: Using standard PSCI v0.2 function IDs
[    0.000000] CPU: All CPU(s) started in SVC mode.
[    0.000000] pcpu-alloc: s0 r0 d32768 u32768 alloc=1*32768
[    0.000000] pcpu-alloc: [0] 0 
[    0.000000] Built 1 zonelists in Zone order, mobility grouping on.  Total pages: 65024
[    0.000000] Kernel command line: firmadyne.syscall=1 root=/dev/vda1 console=ttyS0 nandsim.parts=64,64,64,64,64,64,64,64,64,64 rdinit=/firmadyne/preInit.sh rw debug ignore_loglevel print-fatal-signals=1 user_debug=31
[    0.000000] PID hash table entries: 1024 (order: 0, 4096 bytes)
[    0.000000] Dentry cache hash table entries: 32768 (order: 5, 131072 bytes)
[    0.000000] Inode-cache hash table entries: 16384 (order: 4, 65536 bytes)
[    0.000000] Memory: 253340K/262144K available (4297K kernel code, 170K rwdata, 1584K rodata, 180K init, 148K bss, 8804K reserved, 0K cma-reserved)
[    0.000000] Virtual kernel memory layout:
[    0.000000]     vector  : 0xffff0000 - 0xffff1000   (   4 kB)
[    0.000000]     fixmap  : 0xffc00000 - 0xfff00000   (3072 kB)
[    0.000000]     vmalloc : 0xd0800000 - 0xff000000   ( 744 MB)
[    0.000000]     lowmem  : 0xc0000000 - 0xd0000000   ( 256 MB)
[    0.000000]     modules : 0xbf000000 - 0xc0000000   (  16 MB)
[    0.000000]       .text : 0xc0008000 - 0xc05c67bc   (5882 kB)
[    0.000000]       .init : 0xc05c7000 - 0xc05f4000   ( 180 kB)
[    0.000000]       .data : 0xc05f4000 - 0xc061e840   ( 171 kB)
[    0.000000]        .bss : 0xc0621000 - 0xc06462d4   ( 149 kB)
[    0.000000] NR_IRQS:16 nr_irqs:16 16
[    0.000000] Architected cp15 timer(s) running at 62.50MHz (virt).
[    0.000000] clocksource arch_sys_counter: mask: 0xffffffffffffff max_cycles: 0x1cd42e208c, max_idle_ns: 881590405314 ns
[    0.000158] sched_clock: 56 bits at 62MHz, resolution 16ns, wraps every 4398046511096ns
[    0.000301] Switching to timer-based delay loop, resolution 16ns
[    0.003390] Console: colour dummy device 80x30
[    0.003717] Calibrating delay loop (skipped), value calculated using timer frequency.. 125.00 BogoMIPS (lpj=625000)
[    0.003851] pid_max: default: 32768 minimum: 301
[    0.004760] Mount-cache hash table entries: 1024 (order: 0, 4096 bytes)
[    0.004800] Mountpoint-cache hash table entries: 1024 (order: 0, 4096 bytes)
[    0.014533] CPU: Testing write buffer coherency: ok
[    1.203567] Setting up static identity map for 0x40008240 - 0x40008298
[    1.218399] VFP support v0.3: implementor 41 architecture 4 part 30 variant f rev 0
[    1.230314] clocksource jiffies: mask: 0xffffffff max_cycles: 0xffffffff, max_idle_ns: 19112604462750000 ns
[    1.239403] NET: Registered protocol family 16
[    3.273635] DMA: preallocated 256 KiB pool for atomic coherent allocations
[    3.277958] cpuidle: using governor ladder
[    3.278134] cpuidle: using governor menu
[    3.299164] Serial: AMBA PL011 UART driver
[    3.301715] 9000000.pl011: ttyS0 at MMIO 0x9000000 (irq = 54, base_baud = 0) is a PL011 rev1
[    3.309046] console [ttyS0] enabled
[    3.332078] vgaarb: loaded
[    3.333642] SCSI subsystem initialized
[    3.334724] usbcore: registered new interface driver usbfs
[    3.335083] usbcore: registered new interface driver hub
[    3.335408] usbcore: registered new device driver usb
[    4.343977] cfg80211: Calling CRDA to update world regulatory domain
[    4.346323] Switched to clocksource arch_sys_counter
[    4.364062] NET: Registered protocol family 2
[    4.369463] TCP established hash table entries: 2048 (order: 1, 8192 bytes)
[    4.369723] TCP bind hash table entries: 2048 (order: 1, 8192 bytes)
[    4.370047] TCP: Hash tables configured (established 2048 bind 2048)
[    4.370584] UDP hash table entries: 256 (order: 0, 4096 bytes)
[    4.370833] UDP-Lite hash table entries: 256 (order: 0, 4096 bytes)
[    4.372313] NET: Registered protocol family 1
[    4.372761] PCI: CLS 0 bytes, default 64
[    4.380090] NetWinder Floating Point Emulator V0.97 (extended precision)
[    4.382694] futex hash table entries: 256 (order: -1, 3072 bytes)
[    4.388138] squashfs: version 4.0 (2009/01/31) Phillip Lougher
[    4.389162] jffs2: version 2.2. (NAND) © 2001-2006 Red Hat, Inc.
[    4.390026] romfs: ROMFS MTD (C) 2007 Red Hat, Inc.
[    4.398992] Block layer SCSI generic (bsg) driver version 0.4 loaded (major 253)
[    4.399315] io scheduler noop registered
[    4.399543] io scheduler cfq registered (default)
[    4.400218] firmadyne: devfs: 1, execute: 1, procfs: 1, syscall: 1
[    4.401523] ------------[ cut here ]------------
[    4.401725] WARNING: CPU: 0 PID: 1 at /home/vagrant/firmadyne-kernel/kernel-v4.1/fs/sysfs/dir.c:31 sysfs_warn_dup+0x50/0x6c()
[    4.401954] sysfs: cannot create duplicate filename '/class/gpio'
[    4.873152] Modules linked in:
[    4.874114] CPU: 0 PID: 1 Comm: swapper Not tainted 4.1.17+ #1
[    4.874261] Hardware name: Generic DT based system
[    4.874970] [<c001c99c>] (unwind_backtrace) from [<c0019d30>] (show_stack+0x10/0x14)
[    4.875251] [<c0019d30>] (show_stack) from [<c0024ab4>] (warn_slowpath_common+0x80/0xa8)
[    4.875453] [<c0024ab4>] (warn_slowpath_common) from [<c0024b08>] (warn_slowpath_fmt+0x2c/0x3c)
[    4.875697] [<c0024b08>] (warn_slowpath_fmt) from [<c00e363c>] (sysfs_warn_dup+0x50/0x6c)
[    4.875880] [<c00e363c>] (sysfs_warn_dup) from [<c00e3714>] (sysfs_create_dir_ns+0x74/0x84)
[    4.876163] [<c00e3714>] (sysfs_create_dir_ns) from [<c018e6ac>] (kobject_add_internal+0xb8/0x2ac)
[    4.876361] [<c018e6ac>] (kobject_add_internal) from [<c018e9a8>] (kset_register+0x1c/0x44)
[    4.876543] [<c018e9a8>] (kset_register) from [<c02090b4>] (__class_register+0xa8/0x198)
[    4.876720] [<c02090b4>] (__class_register) from [<c02091e4>] (__class_create+0x40/0x70)
[    4.876916] [<c02091e4>] (__class_create) from [<c01adf68>] (register_devfs_stubs+0x314/0xbb4)
[    4.877105] [<c01adf68>] (register_devfs_stubs) from [<c05d9b08>] (init_module+0x28/0xa4)
[    4.877316] [<c05d9b08>] (init_module) from [<c0009670>] (do_one_initcall+0x104/0x1b4)
[    4.877492] [<c0009670>] (do_one_initcall) from [<c05c7d08>] (kernel_init_freeable+0xf0/0x1b0)
[    4.877679] [<c05c7d08>] (kernel_init_freeable) from [<c040f28c>] (kernel_init+0x8/0xe4)
[    4.877849] [<c040f28c>] (kernel_init) from [<c0016da8>] (ret_from_fork+0x14/0x2c)
[    4.878115] ---[ end trace ab6c1d1942269c52 ]---
[    4.878318] ------------[ cut here ]------------
[    4.878435] WARNING: CPU: 0 PID: 1 at /home/vagrant/firmadyne-kernel/kernel-v4.1/lib/kobject.c:240 kobject_add_internal+0x240/0x2ac()
[    4.878655] kobject_add_internal failed for gpio with -EEXIST, don't try to register things with the same name in the same directory.
[    4.878868] Modules linked in:
[    4.879009] CPU: 0 PID: 1 Comm: swapper Tainted: G        W       4.1.17+ #1
[    4.879149] Hardware name: Generic DT based system
[    4.879267] [<c001c99c>] (unwind_backtrace) from [<c0019d30>] (show_stack+0x10/0x14)
[    4.879433] [<c0019d30>] (show_stack) from [<c0024ab4>] (warn_slowpath_common+0x80/0xa8)
[    4.879606] [<c0024ab4>] (warn_slowpath_common) from [<c0024b08>] (warn_slowpath_fmt+0x2c/0x3c)
[    4.879788] [<c0024b08>] (warn_slowpath_fmt) from [<c018e834>] (kobject_add_internal+0x240/0x2ac)
[    4.879980] [<c018e834>] (kobject_add_internal) from [<c018e9a8>] (kset_register+0x1c/0x44)
[    4.880154] [<c018e9a8>] (kset_register) from [<c02090b4>] (__class_register+0xa8/0x198)
[    4.880322] [<c02090b4>] (__class_register) from [<c02091e4>] (__class_create+0x40/0x70)
[    4.880492] [<c02091e4>] (__class_create) from [<c01adf68>] (register_devfs_stubs+0x314/0xbb4)
[    4.880673] [<c01adf68>] (register_devfs_stubs) from [<c05d9b08>] (init_module+0x28/0xa4)
[    4.880852] [<c05d9b08>] (init_module) from [<c0009670>] (do_one_initcall+0x104/0x1b4)
[    4.881021] [<c0009670>] (do_one_initcall) from [<c05c7d08>] (kernel_init_freeable+0xf0/0x1b0)
[    4.881197] [<c05c7d08>] (kernel_init_freeable) from [<c040f28c>] (kernel_init+0x8/0xe4)
[    4.881363] [<c040f28c>] (kernel_init) from [<c0016da8>] (ret_from_fork+0x14/0x2c)
[    4.881527] ---[ end trace ab6c1d1942269c53 ]---
[    4.881697] firmadyne: Cannot create device class: gpio!
[    4.883492] firmadyne: Cannot register character device: watchdog, 0xa, 0x82!
[    4.883670] firmadyne: Cannot register character device: wdt, 0xfd, 0x0!
[    4.963319] PCI host bridge /pcie@10000000 ranges:
[    4.963892]    IO 0x3eff0000..0x3effffff -> 0x00000000
[    4.964257]   MEM 0x10000000..0x3efeffff -> 0x10000000
[    4.964390]   MEM 0x8000000000..0xffffffffff -> 0x8000000000
[    4.965065] pci-host-generic 3f000000.pcie: resource collision: [mem 0x00000000-0xffffffff] conflicts with /pl011@9000000 [mem 0x09000000-0x09000fff]
[    4.965773] pci-host-generic: probe of 3f000000.pcie failed with error -16
[    4.977213] Non-volatile memory driver v1.3
[    5.978813] brd: module loaded
[    5.988829] loop: module loaded
[    6.981348]  vda: vda1
[    6.993957] 0.flash: Found 2 x16 devices at 0x0 in 32-bit bank. Manufacturer ID 0x000000 Chip ID 0x000000
[    6.994656] Intel/Sharp Extended Query Table at 0x0031
[    6.995856] Using buffer write method
[    6.996546] erase region 0: offset=0x0,size=0x40000,blocks=256
[    7.004149] 0.flash: Found 2 x16 devices at 0x0 in 32-bit bank. Manufacturer ID 0x000000 Chip ID 0x000000
[    7.004429] Intel/Sharp Extended Query Table at 0x0031
[    7.005283] Using buffer write method
[    7.005438] erase region 0: offset=0x0,size=0x40000,blocks=256
[    7.005651] Concatenating MTD devices:
[    7.005754] (0): "0.flash"
[    7.005828] (1): "0.flash"
[    7.005894] into device "0.flash"
[    7.019747] [nandsim] warning: read_byte: unexpected data output cycle, state is STATE_READY return 0x0
[    7.020012] [nandsim] warning: read_byte: unexpected data output cycle, state is STATE_READY return 0x0
[    7.020191] [nandsim] warning: read_byte: unexpected data output cycle, state is STATE_READY return 0x0
[    7.020363] [nandsim] warning: read_byte: unexpected data output cycle, state is STATE_READY return 0x0
[    7.020550] [nandsim] warning: read_byte: unexpected data output cycle, state is STATE_READY return 0x0
[    7.020714] [nandsim] warning: read_byte: unexpected data output cycle, state is STATE_READY return 0x0
[    7.021164] nand: device found, Manufacturer ID: 0x98, Chip ID: 0x39
[    7.021334] nand: Toshiba NAND 128MiB 1,8V 8-bit
[    7.021457] nand: 128 MiB, SLC, erase size: 16 KiB, page size: 512, OOB size: 16
[    7.022380] flash size: 128 MiB
[    7.022470] page size: 512 bytes
[    7.022551] OOB area size: 16 bytes
[    7.022633] sector size: 16 KiB
[    7.022708] pages number: 262144
[    7.022783] pages per sector: 32
[    7.022858] bus width: 8
[    7.022920] bits in sector size: 14
[    7.022999] bits in page size: 9
[    7.023078] bits in OOB size: 4
[    7.023158] flash size with OOB: 135168 KiB
[    7.023249] page address bytes: 4
[    7.023328] sector address bytes: 3
[    7.023411] options: 0x42
[    7.396690] Scanning device for bad blocks
[    7.511268] cfg80211: Calling CRDA to update world regulatory domain
[    7.512787] firmadyne: do_execve: /firmadyne/console
[    7.513010] OFFSETS: offset of pid: 0x190 offset of comm: 0x270
[    7.513521] Creating 11 MTD partitions on "NAND 128MiB 1,8V 8-bit":
[    7.513954] 0x000000000000-0x000000100000 : "NAND simulator partition 0"
[    7.516464] 0x000000100000-0x000000200000 : "NAND simulator partition 1"
[    7.517959] 0x000000200000-0x000000300000 : "NAND simulator partition 2"
[    7.519364] 0x000000300000-0x000000400000 : "NAND simulator partition 3"
[    7.520838] 0x000000400000-0x000000500000 : "NAND simulator partition 4"
[    7.522231] 0x000000500000-0x000000600000 : "NAND simulator partition 5"
[    7.523630] 0x000000600000-0x000000700000 : "NAND simulator partition 6"
[    7.525286] 0x000000700000-0x000000800000 : "NAND simulator partition 7"
[    7.526900] 0x000000800000-0x000000900000 : "NAND simulator partition 8"
[    7.528279] 0x000000900000-0x000000a00000 : "NAND simulator partition 9"
[    7.530037] 0x000000a00000-0x000008000000 : "NAND simulator partition 10"
[    7.536077] tun: Universal TUN/TAP device driver, 1.6
[    7.536422] tun: (C) 1999-2004 Max Krasnyansky <maxk@qualcomm.com>
[    7.665064] PPP generic driver version 2.4.2
[    7.665936] PPP BSD Compression module registered
[    7.666315] PPP Deflate Compression module registered
[    7.666597] PPP MPPE Compression module registered
[    7.666728] NET: Registered protocol family 24
[    7.667089] PPTP driver version 0.8.5
[    7.697080] usbcore: registered new interface driver usb-storage
[    7.700683] rtc-pl031 9010000.pl031: rtc core: registered pl031 as rtc0
[    7.701513] hidraw: raw HID events driver (C) Jiri Kosina
[    7.702075] usbcore: registered new interface driver usbhid
[    7.702209] usbhid: USB HID core driver
[    7.702682] Netfilter messages via NETLINK v0.30.
[    7.703395] nf_conntrack version 0.5.0 (3958 buckets, 15832 max)
[    7.704887] ctnetlink v0.93: registering with nfnetlink.
[    7.706576] ipip: IPv4 over IPv4 tunneling driver
[    7.708980] gre: GRE over IPv4 demultiplexor driver
[    7.709148] ip_gre: GRE over IPv4 tunneling driver
[    7.714073] ip_tables: (C) 2000-2006 Netfilter Core Team
[    7.715840] arp_tables: (C) 2002 David S. Miller
[    7.717127] Initializing XFRM netlink socket
[    7.717680] NET: Registered protocol family 10
[    7.724980] ip6_tables: (C) 2000-2006 Netfilter Core Team
[    7.726992] sit: IPv6 over IPv4 tunneling driver
[    7.731287] NET: Registered protocol family 17
[    7.731994] bridge: automatic filtering via arp/ip/ip6tables has been deprecated. Update your scripts to load br_netfilter if you need this.
[    7.732342] Bridge firewalling registered
[    7.732494] Ebtables v2.0 registered
[    7.863773] 8021q: 802.1Q VLAN Support v1.8
[    7.864525] Registering SWP/SWPB emulation handler
[    7.867836] rtc-pl031 9010000.pl031: setting system clock to 2018-07-19 14:51:06 UTC (1532011866)
[    7.878809] EXT4-fs (vda1): couldn't mount as ext3 due to feature incompatibilities
[    7.881106] EXT4-fs (vda1): mounting ext2 file system using the ext4 subsystem
[    7.893380] EXT4-fs (vda1): mounted filesystem without journal. Opts: (null)
[    7.894567] VFS: Mounted root (ext2 filesystem) on device 254:1.
[    7.913473] Freeing unused kernel memory: 180K (c05c7000 - c05f4000)
[    8.097222] firmadyne: sys_reboot[PID: 54 (init)]: magic1:fee1dead, magic2:28121969, cmd:0
[    8.119650] firmadyne: sys_socket[PID: 1 (init)]: family:1, type:2, protocol:0
[    8.130882] firmadyne: sys_socket[PID: 55 (init)]: family:1, type:2, protocol:0
[   11.203954] cfg80211: Calling CRDA to update world regulatory domain
[   14.346417] cfg80211: Calling CRDA to update world regulatory domain
[   14.702745] firmadyne: sys_socket[PID: 64 (telnetd)]: family:2, type:1, protocol:0
[   14.705684] firmadyne: sys_setsockopt[PID: 64 (telnetd)]: fd:3, level:1, optname:2
[   14.706702] firmadyne: inet_bind[PID: 64 (telnetd)]: proto:SOCK_STREAM, port:23
Using /lib/modules/mvKernelExt.ko
insmod: kernel-module version mismatch
	/lib/modules/mvKernelExt.ko was compiled for kernel version 
	while this kernel is version 4.1.17+.
Using /lib/modules/mvPpDrv.ko
insmod: kernel-module version mismatch
	/lib/modules/mvPpDrv.ko was compiled for kernel version 
	while this kernel is version 4.1.17+.
Fri May 23 14:32:00 UTC 2008
[   17.428660] firmadyne: sys_socket[PID: 72 (ifconfig)]: family:2, type:2, protocol:0
[   17.431926] firmadyne: __inet_insert_ifa[PID: 72 (ifconfig)]: device:lo ifa:0x0100007f
[   17.437973] firmadyne: __inet_insert_ifa[PID: 72 (ifconfig)]: device:lo ifa:0x0100007f
[   17.496748] cfg80211: Calling CRDA to update world regulatory domain




Linux MARVELL_LINUX 4.1.17+ #1 Thu Feb 18 01:05:21 UTC 2016


Welcome to Embedded Linux
           _  _
          | ||_|
          | | _ ____  _   _  _  _ 
          | || |  _ \| | | |\ \/ /
          | || | | | | |_| |/    \
          |_||_|_| |_|\____|\_/\_/

          On Marvell's ARM board

For further information on the Marvell products check:
http://www.marvell.com/

toochain=gnueabi

Enjoy!



BusyBox v1.01 (2008.10.02-12:33+0000) Built-in shell (ash)
Enter 'help' for a list of built-in commands.

/ # [   20.647033] cfg80211: Calling CRDA to update world regulatory domain
[   23.798227] cfg80211: Calling CRDA to update world regulatory domain
[   26.948308] cfg80211: Calling CRDA to update world regulatory domain
[   30.096773] cfg80211: Calling CRDA to update world regulatory domain
[   33.246458] cfg80211: Calling CRDA to update world regulatory domain
[   36.396623] cfg80211: Calling CRDA to update world regulatory domain
[   39.548808] cfg80211: Exceeded CRDA call max attempts. Not calling CRDA
Starting firmware emulation... use Ctrl-a + x to exit
qemu-system-arm: terminating on signal 2 from pid 163894 (timeout)
[    0.000000] Booting Linux on physical CPU 0x0
[    0.000000] Linux version 4.1.17+ (vagrant@vagrant-ubuntu-trusty-64) (gcc version 5.3.0 (GCC) ) #1 Thu Feb 18 01:05:21 UTC 2016
[    0.000000] CPU: ARMv7 Processor [412fc0f1] revision 1 (ARMv7), cr=10c5387d
[    0.000000] CPU: PIPT / VIPT nonaliasing data cache, PIPT instruction cache
[    0.000000] Machine model: linux,dummy-virt
[    0.000000] debug: ignoring loglevel setting.
[    0.000000] Memory policy: Data cache writeback
[    0.000000] On node 0 totalpages: 65536
[    0.000000] free_area_init_node: node 0, pgdat c061dfe8, node_mem_map cfdf9000
[    0.000000]   Normal zone: 512 pages used for memmap
[    0.000000]   Normal zone: 0 pages reserved
[    0.000000]   Normal zone: 65536 pages, LIFO batch:15
[    0.000000] psci: probing for conduit method from DT.
[    0.000000] psci: PSCIv0.2 detected in firmware.
[    0.000000] psci: Using standard PSCI v0.2 function IDs
[    0.000000] CPU: All CPU(s) started in SVC mode.
[    0.000000] pcpu-alloc: s0 r0 d32768 u32768 alloc=1*32768
[    0.000000] pcpu-alloc: [0] 0 
[    0.000000] Built 1 zonelists in Zone order, mobility grouping on.  Total pages: 65024
[    0.000000] Kernel command line: root=/dev/vda1 console=ttyS0 nandsim.parts=64,64,64,64,64,64,64,64,64,64 rdinit=/firmadyne/preInit.sh rw debug ignore_loglevel print-fatal-signals=1 user_debug=31 firmadyne.syscall=0
[    0.000000] PID hash table entries: 1024 (order: 0, 4096 bytes)
[    0.000000] Dentry cache hash table entries: 32768 (order: 5, 131072 bytes)
[    0.000000] Inode-cache hash table entries: 16384 (order: 4, 65536 bytes)
[    0.000000] Memory: 253340K/262144K available (4297K kernel code, 170K rwdata, 1584K rodata, 180K init, 148K bss, 8804K reserved, 0K cma-reserved)
[    0.000000] Virtual kernel memory layout:
[    0.000000]     vector  : 0xffff0000 - 0xffff1000   (   4 kB)
[    0.000000]     fixmap  : 0xffc00000 - 0xfff00000   (3072 kB)
[    0.000000]     vmalloc : 0xd0800000 - 0xff000000   ( 744 MB)
[    0.000000]     lowmem  : 0xc0000000 - 0xd0000000   ( 256 MB)
[    0.000000]     modules : 0xbf000000 - 0xc0000000   (  16 MB)
[    0.000000]       .text : 0xc0008000 - 0xc05c67bc   (5882 kB)
[    0.000000]       .init : 0xc05c7000 - 0xc05f4000   ( 180 kB)
[    0.000000]       .data : 0xc05f4000 - 0xc061e840   ( 171 kB)
[    0.000000]        .bss : 0xc0621000 - 0xc06462d4   ( 149 kB)
[    0.000000] NR_IRQS:16 nr_irqs:16 16
[    0.000000] Architected cp15 timer(s) running at 62.50MHz (virt).
[    0.000000] clocksource arch_sys_counter: mask: 0xffffffffffffff max_cycles: 0x1cd42e208c, max_idle_ns: 881590405314 ns
[    0.000162] sched_clock: 56 bits at 62MHz, resolution 16ns, wraps every 4398046511096ns
[    0.000309] Switching to timer-based delay loop, resolution 16ns
[    0.003423] Console: colour dummy device 80x30
[    0.003762] Calibrating delay loop (skipped), value calculated using timer frequency.. 125.00 BogoMIPS (lpj=625000)
[    0.003897] pid_max: default: 32768 minimum: 301
[    0.004814] Mount-cache hash table entries: 1024 (order: 0, 4096 bytes)
[    0.004856] Mountpoint-cache hash table entries: 1024 (order: 0, 4096 bytes)
[    0.014162] CPU: Testing write buffer coherency: ok
[    0.533520] Setting up static identity map for 0x40008240 - 0x40008298
[    0.548723] VFP support v0.3: implementor 41 architecture 4 part 30 variant f rev 0
[    0.560926] clocksource jiffies: mask: 0xffffffff max_cycles: 0xffffffff, max_idle_ns: 19112604462750000 ns
[    1.993391] NET: Registered protocol family 16
[    1.996625] DMA: preallocated 256 KiB pool for atomic coherent allocations
[    2.000977] cpuidle: using governor ladder
[    2.001156] cpuidle: using governor menu
[    2.022132] Serial: AMBA PL011 UART driver
[    2.024343] 9000000.pl011: ttyS0 at MMIO 0x9000000 (irq = 54, base_baud = 0) is a PL011 rev1
[    2.032011] console [ttyS0] enabled
[    2.055170] vgaarb: loaded
[    2.056740] SCSI subsystem initialized
[    2.057853] usbcore: registered new interface driver usbfs
[    2.058223] usbcore: registered new interface driver hub
[    2.058549] usbcore: registered new device driver usb
[    3.575085] cfg80211: Calling CRDA to update world regulatory domain
[    3.577421] Switched to clocksource arch_sys_counter
[    3.595806] NET: Registered protocol family 2
[    3.601137] TCP established hash table entries: 2048 (order: 1, 8192 bytes)
[    3.601404] TCP bind hash table entries: 2048 (order: 1, 8192 bytes)
[    3.601717] TCP: Hash tables configured (established 2048 bind 2048)
[    3.602250] UDP hash table entries: 256 (order: 0, 4096 bytes)
[    3.602503] UDP-Lite hash table entries: 256 (order: 0, 4096 bytes)
[    3.603937] NET: Registered protocol family 1
[    3.604391] PCI: CLS 0 bytes, default 64
[    3.611680] NetWinder Floating Point Emulator V0.97 (extended precision)
[    3.614378] futex hash table entries: 256 (order: -1, 3072 bytes)
[    3.619912] squashfs: version 4.0 (2009/01/31) Phillip Lougher
[    3.620932] jffs2: version 2.2. (NAND) © 2001-2006 Red Hat, Inc.
[    3.621730] romfs: ROMFS MTD (C) 2007 Red Hat, Inc.
[    5.348375] Block layer SCSI generic (bsg) driver version 0.4 loaded (major 253)
[    5.348750] io scheduler noop registered
[    5.348994] io scheduler cfq registered (default)
[    5.349695] firmadyne: devfs: 1, execute: 1, procfs: 1, syscall: 0
[    5.351139] ------------[ cut here ]------------
[    5.351358] WARNING: CPU: 0 PID: 1 at /home/vagrant/firmadyne-kernel/kernel-v4.1/fs/sysfs/dir.c:31 sysfs_warn_dup+0x50/0x6c()
[    5.351594] sysfs: cannot create duplicate filename '/class/gpio'
[    5.351769] Modules linked in:
[    5.352107] CPU: 0 PID: 1 Comm: swapper Not tainted 4.1.17+ #1
[    5.352253] Hardware name: Generic DT based system
[    5.352962] [<c001c99c>] (unwind_backtrace) from [<c0019d30>] (show_stack+0x10/0x14)
[    5.353247] [<c0019d30>] (show_stack) from [<c0024ab4>] (warn_slowpath_common+0x80/0xa8)
[    5.353452] [<c0024ab4>] (warn_slowpath_common) from [<c0024b08>] (warn_slowpath_fmt+0x2c/0x3c)
[    5.353701] [<c0024b08>] (warn_slowpath_fmt) from [<c00e363c>] (sysfs_warn_dup+0x50/0x6c)
[    5.353888] [<c00e363c>] (sysfs_warn_dup) from [<c00e3714>] (sysfs_create_dir_ns+0x74/0x84)
[    5.354074] [<c00e3714>] (sysfs_create_dir_ns) from [<c018e6ac>] (kobject_add_internal+0xb8/0x2ac)
[    5.354265] [<c018e6ac>] (kobject_add_internal) from [<c018e9a8>] (kset_register+0x1c/0x44)
[    5.354448] [<c018e9a8>] (kset_register) from [<c02090b4>] (__class_register+0xa8/0x198)
[    5.354628] [<c02090b4>] (__class_register) from [<c02091e4>] (__class_create+0x40/0x70)
[    5.354803] [<c02091e4>] (__class_create) from [<c01adf68>] (register_devfs_stubs+0x314/0xbb4)
[    5.354988] [<c01adf68>] (register_devfs_stubs) from [<c05d9b08>] (init_module+0x28/0xa4)
[    5.355195] [<c05d9b08>] (init_module) from [<c0009670>] (do_one_initcall+0x104/0x1b4)
[    5.355373] [<c0009670>] (do_one_initcall) from [<c05c7d08>] (kernel_init_freeable+0xf0/0x1b0)
[    5.355563] [<c05c7d08>] (kernel_init_freeable) from [<c040f28c>] (kernel_init+0x8/0xe4)
[    5.355741] [<c040f28c>] (kernel_init) from [<c0016da8>] (ret_from_fork+0x14/0x2c)
[    5.356025] ---[ end trace 5ed86f97f5da8a13 ]---
[    5.356234] ------------[ cut here ]------------
[    5.356353] WARNING: CPU: 0 PID: 1 at /home/vagrant/firmadyne-kernel/kernel-v4.1/lib/kobject.c:240 kobject_add_internal+0x240/0x2ac()
[    5.356577] kobject_add_internal failed for gpio with -EEXIST, don't try to register things with the same name in the same directory.
[    5.356792] Modules linked in:
[    5.356940] CPU: 0 PID: 1 Comm: swapper Tainted: G        W       4.1.17+ #1
[    5.357110] Hardware name: Generic DT based system
[    5.357408] [<c001c99c>] (unwind_backtrace) from [<c0019d30>] (show_stack+0x10/0x14)
[    5.357579] [<c0019d30>] (show_stack) from [<c0024ab4>] (warn_slowpath_common+0x80/0xa8)
[    5.357752] [<c0024ab4>] (warn_slowpath_common) from [<c0024b08>] (warn_slowpath_fmt+0x2c/0x3c)
[    5.357936] [<c0024b08>] (warn_slowpath_fmt) from [<c018e834>] (kobject_add_internal+0x240/0x2ac)
[    5.358130] [<c018e834>] (kobject_add_internal) from [<c018e9a8>] (kset_register+0x1c/0x44)
[    5.358306] [<c018e9a8>] (kset_register) from [<c02090b4>] (__class_register+0xa8/0x198)
[    5.358476] [<c02090b4>] (__class_register) from [<c02091e4>] (__class_create+0x40/0x70)
[    5.358647] [<c02091e4>] (__class_create) from [<c01adf68>] (register_devfs_stubs+0x314/0xbb4)
[    5.358830] [<c01adf68>] (register_devfs_stubs) from [<c05d9b08>] (init_module+0x28/0xa4)
[    5.359003] [<c05d9b08>] (init_module) from [<c0009670>] (do_one_initcall+0x104/0x1b4)
[    5.359173] [<c0009670>] (do_one_initcall) from [<c05c7d08>] (kernel_init_freeable+0xf0/0x1b0)
[    5.359352] [<c05c7d08>] (kernel_init_freeable) from [<c040f28c>] (kernel_init+0x8/0xe4)
[    5.359518] [<c040f28c>] (kernel_init) from [<c0016da8>] (ret_from_fork+0x14/0x2c)
[    5.359692] ---[ end trace 5ed86f97f5da8a14 ]---
[    5.359886] firmadyne: Cannot create device class: gpio!
[    5.361748] firmadyne: Cannot register character device: watchdog, 0xa, 0x82!
[    5.361934] firmadyne: Cannot register character device: wdt, 0xfd, 0x0!
[    5.443434] PCI host bridge /pcie@10000000 ranges:
[    5.444027]    IO 0x3eff0000..0x3effffff -> 0x00000000
[    5.444402]   MEM 0x10000000..0x3efeffff -> 0x10000000
[    5.444539]   MEM 0x8000000000..0xffffffffff -> 0x8000000000
[    5.445221] pci-host-generic 3f000000.pcie: resource collision: [mem 0x00000000-0xffffffff] conflicts with /pl011@9000000 [mem 0x09000000-0x09000fff]
[    5.445939] pci-host-generic: probe of 3f000000.pcie failed with error -16
[    5.458235] Non-volatile memory driver v1.3
[    6.974449] cfg80211: Calling CRDA to update world regulatory domain
[    6.994447] brd: module loaded
[    7.005112] loop: module loaded
[    8.361246]  vda: vda1
[    9.997915] 0.flash: Found 2 x16 devices at 0x0 in 32-bit bank. Manufacturer ID 0x000000 Chip ID 0x000000
[    9.998588] Intel/Sharp Extended Query Table at 0x0031
[   10.001021] Using buffer write method
[   10.001463] erase region 0: offset=0x0,size=0x40000,blocks=256
[   10.009134] 0.flash: Found 2 x16 devices at 0x0 in 32-bit bank. Manufacturer ID 0x000000 Chip ID 0x000000
[   10.009393] Intel/Sharp Extended Query Table at 0x0031
[   10.010188] Using buffer write method
[   10.010307] erase region 0: offset=0x0,size=0x40000,blocks=256
[   10.010533] Concatenating MTD devices:
[   10.010646] (0): "0.flash"
[   10.010725] (1): "0.flash"
[   10.010795] into device "0.flash"
[   10.022299] [nandsim] warning: read_byte: unexpected data output cycle, state is STATE_READY return 0x0
[   10.022549] [nandsim] warning: read_byte: unexpected data output cycle, state is STATE_READY return 0x0
[   10.022730] [nandsim] warning: read_byte: unexpected data output cycle, state is STATE_READY return 0x0
[   10.022903] [nandsim] warning: read_byte: unexpected data output cycle, state is STATE_READY return 0x0
[   10.023075] [nandsim] warning: read_byte: unexpected data output cycle, state is STATE_READY return 0x0
[   10.023247] [nandsim] warning: read_byte: unexpected data output cycle, state is STATE_READY return 0x0
[   10.023668] nand: device found, Manufacturer ID: 0x98, Chip ID: 0x39
[   10.023839] nand: Toshiba NAND 128MiB 1,8V 8-bit
[   10.023972] nand: 128 MiB, SLC, erase size: 16 KiB, page size: 512, OOB size: 16
[   10.024891] flash size: 128 MiB
[   10.024982] page size: 512 bytes
[   10.025062] OOB area size: 16 bytes
[   10.025147] sector size: 16 KiB
[   10.025224] pages number: 262144
[   10.025301] pages per sector: 32
[   10.025379] bus width: 8
[   10.025447] bits in sector size: 14
[   10.025530] bits in page size: 9
[   10.025646] bits in OOB size: 4
[   10.025729] flash size with OOB: 135168 KiB
[   10.025824] page address bytes: 4
[   10.025903] sector address bytes: 3
[   10.025986] options: 0x42
[   10.996024] Scanning device for bad blocks
[   11.102998] cfg80211: Calling CRDA to update world regulatory domain
[   11.104078] firmadyne: do_execve: /firmadyne/console
[   11.104278] OFFSETS: offset of pid: 0x190 offset of comm: 0x270
[   11.104773] Creating 11 MTD partitions on "NAND 128MiB 1,8V 8-bit":
[   11.105191] 0x000000000000-0x000000100000 : "NAND simulator partition 0"
[   11.107622] 0x000000100000-0x000000200000 : "NAND simulator partition 1"
[   11.109134] 0x000000200000-0x000000300000 : "NAND simulator partition 2"
[   11.110574] 0x000000300000-0x000000400000 : "NAND simulator partition 3"
[   11.112064] 0x000000400000-0x000000500000 : "NAND simulator partition 4"
[   11.113509] 0x000000500000-0x000000600000 : "NAND simulator partition 5"
[   11.114967] 0x000000600000-0x000000700000 : "NAND simulator partition 6"
[   11.116652] 0x000000700000-0x000000800000 : "NAND simulator partition 7"
[   11.118238] 0x000000800000-0x000000900000 : "NAND simulator partition 8"
[   11.119672] 0x000000900000-0x000000a00000 : "NAND simulator partition 9"
[   11.121161] 0x000000a00000-0x000008000000 : "NAND simulator partition 10"
[   11.126813] tun: Universal TUN/TAP device driver, 1.6
[   11.126956] tun: (C) 1999-2004 Max Krasnyansky <maxk@qualcomm.com>
[   14.790762] PPP generic driver version 2.4.2
[   14.791617] PPP BSD Compression module registered
[   14.791821] PPP Deflate Compression module registered
[   14.792084] PPP MPPE Compression module registered
[   14.792236] NET: Registered protocol family 24
[   14.792576] PPTP driver version 0.8.5
[   14.793426] cfg80211: Calling CRDA to update world regulatory domain
[   14.990686] usbcore: registered new interface driver usb-storage
[   14.994362] rtc-pl031 9010000.pl031: rtc core: registered pl031 as rtc0
[   14.995201] hidraw: raw HID events driver (C) Jiri Kosina
[   14.995795] usbcore: registered new interface driver usbhid
[   14.995932] usbhid: USB HID core driver
[   14.996430] Netfilter messages via NETLINK v0.30.
[   14.997262] nf_conntrack version 0.5.0 (3958 buckets, 15832 max)
[   14.998770] ctnetlink v0.93: registering with nfnetlink.
[   15.000273] ipip: IPv4 over IPv4 tunneling driver
[   15.002503] gre: GRE over IPv4 demultiplexor driver
[   15.002681] ip_gre: GRE over IPv4 tunneling driver
[   15.007631] ip_tables: (C) 2000-2006 Netfilter Core Team
[   15.009406] arp_tables: (C) 2002 David S. Miller
[   15.010504] Initializing XFRM netlink socket
[   15.011083] NET: Registered protocol family 10
[   15.590169] ip6_tables: (C) 2000-2006 Netfilter Core Team
[   15.592002] sit: IPv6 over IPv4 tunneling driver
[   15.596010] NET: Registered protocol family 17
[   15.596708] bridge: automatic filtering via arp/ip/ip6tables has been deprecated. Update your scripts to load br_netfilter if you need this.
[   15.597066] Bridge firewalling registered
[   15.597395] Ebtables v2.0 registered
[   15.598720] 8021q: 802.1Q VLAN Support v1.8
[   15.599398] Registering SWP/SWPB emulation handler
[   15.602364] rtc-pl031 9010000.pl031: setting system clock to 2018-07-19 14:52:19 UTC (1532011939)
[   15.613225] EXT4-fs (vda1): couldn't mount as ext3 due to feature incompatibilities
[   15.615116] EXT4-fs (vda1): mounting ext2 file system using the ext4 subsystem
[   15.624090] EXT4-fs (vda1): warning: mounting unchecked fs, running e2fsck is recommended
[   15.627062] EXT4-fs (vda1): mounted filesystem without journal. Opts: (null)
[   15.628347] VFS: Mounted root (ext2 filesystem) on device 254:1.
[   15.646661] Freeing unused kernel memory: 180K (c05c7000 - c05f4000)
[   18.101369] cfg80211: Calling CRDA to update world regulatory domain
[   20.120647] firmadyne: sys_reboot[PID: 54 (init)]: magic1:fee1dead, magic2:28121969, cmd:0
[   21.389438] cfg80211: Calling CRDA to update world regulatory domain
[   25.750062] cfg80211: Calling CRDA to update world regulatory domain
[   29.120482] cfg80211: Calling CRDA to update world regulatory domain
Using /lib/modules/mvKernelExt.ko
insmod: kernel-module version mismatch
	/lib/modules/mvKernelExt.ko was compiled for kernel version 
	while this kernel is version 4.1.17+.
Using /lib/modules/mvPpDrv.ko
insmod: kernel-module version mismatch
	/lib/modules/mvPpDrv.ko was compiled for kernel version 
	while this kernel is version 4.1.17+.
Fri May 23 14:32:00 UTC 2008
[   32.588701] cfg80211: Calling CRDA to update world regulatory domain




Linux MARVELL_LINUX 4.1.17+ #1 Thu Feb 18 01:05:21 UTC 2016


Welcome to Embedded Linux
           _  _
          | ||_|
          | | _ ____  _   _  _  _ 
          | || |  _ \| | | |\ \/ /
          | || | | | | |_| |/    \
          |_||_|_| |_|\____|\_/\_/

          On Marvell's ARM board

For further information on the Marvell products check:
http://www.marvell.com/

toochain=gnueabi

Enjoy!

[   36.789151] cfg80211: Calling CRDA to update world regulatory domain


BusyBox v1.01 (2008.10.02-12:33+0000) Built-in shell (ash)
Enter 'help' for a list of built-in commands.

/ # [   39.938143] cfg80211: Calling CRDA to update world regulatory domain
[   43.087574] cfg80211: Exceeded CRDA call max attempts. Not calling CRDA
