>> Database Image ID: 117

/home/zhumengfan/firmware/firmwares/3ebec1d8be158ab3d1def8b2c1e9aa2cf589dc22.ZIP
>> MD5: f888cf89608284ad24d1e22322d44368
>> Tag: 117
>> Temp: /tmp/tmpfZDLHn
>> Status: Kernel: True, Rootfs: False, Do_Kernel: False,                 Do_Rootfs: True
>>>> Zip archive data, at least v2.0 to extract, compressed size: 8985155, uncompressed size: 9017776, name: DGS-1500-52_A1_2_50_008.hex
>> Recursing into archive ...
	
/tmp/tmpfZDLHn/_3ebec1d8be158ab3d1def8b2c1e9aa2cf589dc22.ZIP.extracted/DGS-1500-52_A1_2_50_008.hex
	>> MD5: a1d3af3d8de3f39d916b1e113f9f0bf9
	>> Tag: 117
	>> Temp: /tmp/tmp4u_ktH
	>> Status: Kernel: True, Rootfs: False, Do_Kernel: False,                 Do_Rootfs: True
	>>>> Squashfs filesystem, little endian, version 3.1, size: 7737285 bytes, 217 inodes, blocksize: 131072 bytes, created: 2013-12-26 09:10:19
	>>>> Found Linux filesystem in /tmp/tmp4u_ktH/_DGS-1500-52_A1_2_50_008.hex.extracted/squashfs-root!
	>> Skipping: completed!
	>> Cleaning up /tmp/tmp4u_ktH...
>> Skipping: completed!
>> Cleaning up /tmp/tmpfZDLHn...
./bin/busybox: armel
Querying database for architecture... armel
----Running----
----Copying Filesystem Tarball----
----Creating QEMU Image----
Formatting '/home/zhumengfan/firmadyne//scratch//117//image.raw', fmt=raw size=1073741824
----Creating Partition Table----

Welcome to fdisk (util-linux 2.27.1).
Changes will remain in memory only, until you decide to write them.
Be careful before using the write command.

Device does not contain a recognized partition table.
Created a new DOS disklabel with disk identifier 0xb70d247f.

Command (m for help): Created a new DOS disklabel with disk identifier 0x0767b885.

Command (m for help): Partition type
   p   primary (0 primary, 0 extended, 4 free)
   e   extended (container for logical partitions)
Select (default p): Partition number (1-4, default 1): First sector (2048-2097151, default 2048): Last sector, +sectors or +size{K,M,G,T,P} (2048-2097151, default 2097151): 
Created a new partition 1 of type 'Linux' and of size 1023 MiB.

Command (m for help): The partition table has been altered.
Syncing disks.

----Mounting QEMU Image----
add map loop0p1 (252:0): 0 2095104 linear 7:0 2048
----Creating Filesystem----
mke2fs 1.42.13 (17-May-2015)
Discarding device blocks:   4096/261888             done                            
Creating filesystem with 261888 4k blocks and 65536 inodes
Filesystem UUID: 5934cf6b-f832-458d-bf03-504f4ff643a4
Superblock backups stored on blocks: 
	32768, 98304, 163840, 229376

Allocating group tables: 0/8   done                            
Writing inode tables: 0/8   done                            
Writing superblocks and filesystem accounting information: 0/8   done

----Making QEMU Image Mountpoint----
----Mounting QEMU Image Partition 1----
----Extracting Filesystem Tarball----
----Creating FIRMADYNE Directories----
----Patching Filesystem (chroot)----
Creating /etc/TZ!
Creating /etc/hosts!
Warning: Recreating device nodes!
mkdir: can't create directory '/dev/mtd': No such file or directory
mknod: /dev/mtd/0: No such file or directory
mknod: /dev/mtd/1: No such file or directory
mknod: /dev/mtd/2: No such file or directory
mknod: /dev/mtd/3: No such file or directory
mknod: /dev/mtd/4: No such file or directory
mknod: /dev/mtd/5: No such file or directory
mknod: /dev/mtd/6: No such file or directory
mknod: /dev/mtd/7: No such file or directory
mknod: /dev/mtd/8: No such file or directory
mknod: /dev/mtd/9: No such file or directory
mknod: /dev/mtd/10: No such file or directory
Removing /etc/scripts/sys_resetbutton!
----Setting up FIRMADYNE----
----Unmounting QEMU Image----
loop deleted : /dev/loop0
Querying database for architecture... armel
Running firmware 117: terminating after 60 secs...
qemu-system-arm: terminating on signal 2 from pid 124572 (timeout)
Inferring network...
Interfaces: []
Done!
[    0.000000] Booting Linux on physical CPU 0x0
[    0.000000] Linux version 4.1.17+ (vagrant@vagrant-ubuntu-trusty-64) (gcc version 5.3.0 (GCC) ) #1 Thu Feb 18 01:05:21 UTC 2016
[    0.000000] CPU: ARMv7 Processor [412fc0f1] revision 1 (ARMv7), cr=10c5387d
[    0.000000] CPU: PIPT / VIPT nonaliasing data cache, PIPT instruction cache
[    0.000000] Machine model: linux,dummy-virt
[    0.000000] debug: ignoring loglevel setting.
[    0.000000] Memory policy: Data cache writeback
[    0.000000] On node 0 totalpages: 65536
[    0.000000] free_area_init_node: node 0, pgdat c061dfe8, node_mem_map cfdf9000
[    0.000000]   Normal zone: 512 pages used for memmap
[    0.000000]   Normal zone: 0 pages reserved
[    0.000000]   Normal zone: 65536 pages, LIFO batch:15
[    0.000000] psci: probing for conduit method from DT.
[    0.000000] psci: PSCIv0.2 detected in firmware.
[    0.000000] psci: Using standard PSCI v0.2 function IDs
[    0.000000] CPU: All CPU(s) started in SVC mode.
[    0.000000] pcpu-alloc: s0 r0 d32768 u32768 alloc=1*32768
[    0.000000] pcpu-alloc: [0] 0 
[    0.000000] Built 1 zonelists in Zone order, mobility grouping on.  Total pages: 65024
[    0.000000] Kernel command line: firmadyne.syscall=1 root=/dev/vda1 console=ttyS0 nandsim.parts=64,64,64,64,64,64,64,64,64,64 rdinit=/firmadyne/preInit.sh rw debug ignore_loglevel print-fatal-signals=1 user_debug=31
[    0.000000] PID hash table entries: 1024 (order: 0, 4096 bytes)
[    0.000000] Dentry cache hash table entries: 32768 (order: 5, 131072 bytes)
[    0.000000] Inode-cache hash table entries: 16384 (order: 4, 65536 bytes)
[    0.000000] Memory: 253340K/262144K available (4297K kernel code, 170K rwdata, 1584K rodata, 180K init, 148K bss, 8804K reserved, 0K cma-reserved)
[    0.000000] Virtual kernel memory layout:
[    0.000000]     vector  : 0xffff0000 - 0xffff1000   (   4 kB)
[    0.000000]     fixmap  : 0xffc00000 - 0xfff00000   (3072 kB)
[    0.000000]     vmalloc : 0xd0800000 - 0xff000000   ( 744 MB)
[    0.000000]     lowmem  : 0xc0000000 - 0xd0000000   ( 256 MB)
[    0.000000]     modules : 0xbf000000 - 0xc0000000   (  16 MB)
[    0.000000]       .text : 0xc0008000 - 0xc05c67bc   (5882 kB)
[    0.000000]       .init : 0xc05c7000 - 0xc05f4000   ( 180 kB)
[    0.000000]       .data : 0xc05f4000 - 0xc061e840   ( 171 kB)
[    0.000000]        .bss : 0xc0621000 - 0xc06462d4   ( 149 kB)
[    0.000000] NR_IRQS:16 nr_irqs:16 16
[    0.000000] Architected cp15 timer(s) running at 62.50MHz (virt).
[    0.000000] clocksource arch_sys_counter: mask: 0xffffffffffffff max_cycles: 0x1cd42e208c, max_idle_ns: 881590405314 ns
[    0.000162] sched_clock: 56 bits at 62MHz, resolution 16ns, wraps every 4398046511096ns
[    0.000308] Switching to timer-based delay loop, resolution 16ns
[    0.005639] Console: colour dummy device 80x30
[    0.005975] Calibrating delay loop (skipped), value calculated using timer frequency.. 125.00 BogoMIPS (lpj=625000)
[    0.006110] pid_max: default: 32768 minimum: 301
[    0.007082] Mount-cache hash table entries: 1024 (order: 0, 4096 bytes)
[    0.007123] Mountpoint-cache hash table entries: 1024 (order: 0, 4096 bytes)
[    0.014851] CPU: Testing write buffer coherency: ok
[    0.021030] Setting up static identity map for 0x40008240 - 0x40008298
[    0.036185] VFP support v0.3: implementor 41 architecture 4 part 30 variant f rev 0
[    2.615463] clocksource jiffies: mask: 0xffffffff max_cycles: 0xffffffff, max_idle_ns: 19112604462750000 ns
[    2.624976] NET: Registered protocol family 16
[    2.628262] DMA: preallocated 256 KiB pool for atomic coherent allocations
[    2.632622] cpuidle: using governor ladder
[    2.632792] cpuidle: using governor menu
[    2.654119] Serial: AMBA PL011 UART driver
[    3.939638] 9000000.pl011: ttyS0 at MMIO 0x9000000 (irq = 54, base_baud = 0) is a PL011 rev1
[    3.947168] console [ttyS0] enabled
[    3.970478] vgaarb: loaded
[    3.972084] SCSI subsystem initialized
[    3.973243] usbcore: registered new interface driver usbfs
[    3.973619] usbcore: registered new interface driver hub
[    3.973956] usbcore: registered new device driver usb
[    3.983697] cfg80211: Calling CRDA to update world regulatory domain
[    3.986062] Switched to clocksource arch_sys_counter
[    4.004008] NET: Registered protocol family 2
[    4.009717] TCP established hash table entries: 2048 (order: 1, 8192 bytes)
[    4.010003] TCP bind hash table entries: 2048 (order: 1, 8192 bytes)
[    4.010317] TCP: Hash tables configured (established 2048 bind 2048)
[    4.010872] UDP hash table entries: 256 (order: 0, 4096 bytes)
[    4.011120] UDP-Lite hash table entries: 256 (order: 0, 4096 bytes)
[    4.012621] NET: Registered protocol family 1
[    4.013074] PCI: CLS 0 bytes, default 64
[    4.644262] NetWinder Floating Point Emulator V0.97 (extended precision)
[    4.647198] futex hash table entries: 256 (order: -1, 3072 bytes)
[    4.652737] squashfs: version 4.0 (2009/01/31) Phillip Lougher
[    4.653827] jffs2: version 2.2. (NAND) © 2001-2006 Red Hat, Inc.
[    4.654642] romfs: ROMFS MTD (C) 2007 Red Hat, Inc.
[    4.663962] Block layer SCSI generic (bsg) driver version 0.4 loaded (major 253)
[    4.664320] io scheduler noop registered
[    4.664556] io scheduler cfq registered (default)
[    4.665225] firmadyne: devfs: 1, execute: 1, procfs: 1, syscall: 1
[    4.666752] ------------[ cut here ]------------
[    4.666961] WARNING: CPU: 0 PID: 1 at /home/vagrant/firmadyne-kernel/kernel-v4.1/fs/sysfs/dir.c:31 sysfs_warn_dup+0x50/0x6c()
[    4.667189] sysfs: cannot create duplicate filename '/class/gpio'
[    4.667347] Modules linked in:
[    4.667660] CPU: 0 PID: 1 Comm: swapper Not tainted 4.1.17+ #1
[    4.667803] Hardware name: Generic DT based system
[    4.668491] [<c001c99c>] (unwind_backtrace) from [<c0019d30>] (show_stack+0x10/0x14)
[    4.668772] [<c0019d30>] (show_stack) from [<c0024ab4>] (warn_slowpath_common+0x80/0xa8)
[    4.668972] [<c0024ab4>] (warn_slowpath_common) from [<c0024b08>] (warn_slowpath_fmt+0x2c/0x3c)
[    4.669211] [<c0024b08>] (warn_slowpath_fmt) from [<c00e363c>] (sysfs_warn_dup+0x50/0x6c)
[    4.669391] [<c00e363c>] (sysfs_warn_dup) from [<c00e3714>] (sysfs_create_dir_ns+0x74/0x84)
[    4.669573] [<c00e3714>] (sysfs_create_dir_ns) from [<c018e6ac>] (kobject_add_internal+0xb8/0x2ac)
[    4.669781] [<c018e6ac>] (kobject_add_internal) from [<c018e9a8>] (kset_register+0x1c/0x44)
[    4.669962] [<c018e9a8>] (kset_register) from [<c02090b4>] (__class_register+0xa8/0x198)
[    4.670138] [<c02090b4>] (__class_register) from [<c02091e4>] (__class_create+0x40/0x70)
[    4.670311] [<c02091e4>] (__class_create) from [<c01adf68>] (register_devfs_stubs+0x314/0xbb4)
[    4.670495] [<c01adf68>] (register_devfs_stubs) from [<c05d9b08>] (init_module+0x28/0xa4)
[    4.670701] [<c05d9b08>] (init_module) from [<c0009670>] (do_one_initcall+0x104/0x1b4)
[    4.670874] [<c0009670>] (do_one_initcall) from [<c05c7d08>] (kernel_init_freeable+0xf0/0x1b0)
[    4.671059] [<c05c7d08>] (kernel_init_freeable) from [<c040f28c>] (kernel_init+0x8/0xe4)
[    4.671228] [<c040f28c>] (kernel_init) from [<c0016da8>] (ret_from_fork+0x14/0x2c)
[    4.671499] ---[ end trace cf75655a82c81321 ]---
[    4.671699] ------------[ cut here ]------------
[    4.671812] WARNING: CPU: 0 PID: 1 at /home/vagrant/firmadyne-kernel/kernel-v4.1/lib/kobject.c:240 kobject_add_internal+0x240/0x2ac()
[    4.672032] kobject_add_internal failed for gpio with -EEXIST, don't try to register things with the same name in the same directory.
[    4.672246] Modules linked in:
[    4.672387] CPU: 0 PID: 1 Comm: swapper Tainted: G        W       4.1.17+ #1
[    4.672523] Hardware name: Generic DT based system
[    4.672644] [<c001c99c>] (unwind_backtrace) from [<c0019d30>] (show_stack+0x10/0x14)
[    4.672810] [<c0019d30>] (show_stack) from [<c0024ab4>] (warn_slowpath_common+0x80/0xa8)
[    4.672982] [<c0024ab4>] (warn_slowpath_common) from [<c0024b08>] (warn_slowpath_fmt+0x2c/0x3c)
[    4.673162] [<c0024b08>] (warn_slowpath_fmt) from [<c018e834>] (kobject_add_internal+0x240/0x2ac)
[    4.673355] [<c018e834>] (kobject_add_internal) from [<c018e9a8>] (kset_register+0x1c/0x44)
[    4.673529] [<c018e9a8>] (kset_register) from [<c02090b4>] (__class_register+0xa8/0x198)
[    4.673708] [<c02090b4>] (__class_register) from [<c02091e4>] (__class_create+0x40/0x70)
[    4.673877] [<c02091e4>] (__class_create) from [<c01adf68>] (register_devfs_stubs+0x314/0xbb4)
[    4.674058] [<c01adf68>] (register_devfs_stubs) from [<c05d9b08>] (init_module+0x28/0xa4)
[    4.674229] [<c05d9b08>] (init_module) from [<c0009670>] (do_one_initcall+0x104/0x1b4)
[    4.674396] [<c0009670>] (do_one_initcall) from [<c05c7d08>] (kernel_init_freeable+0xf0/0x1b0)
[    4.674574] [<c05c7d08>] (kernel_init_freeable) from [<c040f28c>] (kernel_init+0x8/0xe4)
[    4.674738] [<c040f28c>] (kernel_init) from [<c0016da8>] (ret_from_fork+0x14/0x2c)
[    4.674909] ---[ end trace cf75655a82c81322 ]---
[    4.675075] firmadyne: Cannot create device class: gpio!
[    4.677009] firmadyne: Cannot register character device: watchdog, 0xa, 0x82!
[    4.677210] firmadyne: Cannot register character device: wdt, 0xfd, 0x0!
[    4.758860] PCI host bridge /pcie@10000000 ranges:
[    4.759438]    IO 0x3eff0000..0x3effffff -> 0x00000000
[    4.759807]   MEM 0x10000000..0x3efeffff -> 0x10000000
[    4.759938]   MEM 0x8000000000..0xffffffffff -> 0x8000000000
[    4.760617] pci-host-generic 3f000000.pcie: resource collision: [mem 0x00000000-0xffffffff] conflicts with /pl011@9000000 [mem 0x09000000-0x09000fff]
[    4.761337] pci-host-generic: probe of 3f000000.pcie failed with error -16
[    4.772880] Non-volatile memory driver v1.3
[    7.342720] cfg80211: Calling CRDA to update world regulatory domain
[    9.858996] brd: module loaded
[    9.869355] loop: module loaded
[   12.483547] cfg80211: Calling CRDA to update world regulatory domain
[   12.488204]  vda: vda1
[   12.500842] 0.flash: Found 2 x16 devices at 0x0 in 32-bit bank. Manufacturer ID 0x000000 Chip ID 0x000000
[   12.501516] Intel/Sharp Extended Query Table at 0x0031
[   12.503969] Using buffer write method
[   12.504409] erase region 0: offset=0x0,size=0x40000,blocks=256
[   12.512351] 0.flash: Found 2 x16 devices at 0x0 in 32-bit bank. Manufacturer ID 0x000000 Chip ID 0x000000
[   12.512612] Intel/Sharp Extended Query Table at 0x0031
[   12.513404] Using buffer write method
[   12.513526] erase region 0: offset=0x0,size=0x40000,blocks=256
[   12.513780] Concatenating MTD devices:
[   12.513889] (0): "0.flash"
[   12.513962] (1): "0.flash"
[   12.514028] into device "0.flash"
[   12.525438] [nandsim] warning: read_byte: unexpected data output cycle, state is STATE_READY return 0x0
[   12.525693] [nandsim] warning: read_byte: unexpected data output cycle, state is STATE_READY return 0x0
[   12.526276] [nandsim] warning: read_byte: unexpected data output cycle, state is STATE_READY return 0x0
[   12.526460] [nandsim] warning: read_byte: unexpected data output cycle, state is STATE_READY return 0x0
[   12.526633] [nandsim] warning: read_byte: unexpected data output cycle, state is STATE_READY return 0x0
[   12.526804] [nandsim] warning: read_byte: unexpected data output cycle, state is STATE_READY return 0x0
[   12.527241] nand: device found, Manufacturer ID: 0x98, Chip ID: 0x39
[   12.527389] nand: Toshiba NAND 128MiB 1,8V 8-bit
[   12.527515] nand: 128 MiB, SLC, erase size: 16 KiB, page size: 512, OOB size: 16
[   12.528440] flash size: 128 MiB
[   12.528525] page size: 512 bytes
[   12.528601] OOB area size: 16 bytes
[   12.528680] sector size: 16 KiB
[   12.528751] pages number: 262144
[   12.528824] pages per sector: 32
[   12.528896] bus width: 8
[   12.528957] bits in sector size: 14
[   12.529033] bits in page size: 9
[   12.529109] bits in OOB size: 4
[   12.529188] flash size with OOB: 135168 KiB
[   12.529278] page address bytes: 4
[   12.529352] sector address bytes: 3
[   12.529430] options: 0x42
[   15.135908] Scanning device for bad blocks
[   15.241118] firmadyne: do_execve: /firmadyne/console
[   15.241349] OFFSETS: offset of pid: 0x190 offset of comm: 0x270
[   15.241858] Creating 11 MTD partitions on "NAND 128MiB 1,8V 8-bit":
[   15.242292] 0x000000000000-0x000000100000 : "NAND simulator partition 0"
[   15.244540] 0x000000100000-0x000000200000 : "NAND simulator partition 1"
[   15.246126] 0x000000200000-0x000000300000 : "NAND simulator partition 2"
[   15.247514] 0x000000300000-0x000000400000 : "NAND simulator partition 3"
[   15.248926] 0x000000400000-0x000000500000 : "NAND simulator partition 4"
[   15.250319] 0x000000500000-0x000000600000 : "NAND simulator partition 5"
[   15.251710] 0x000000600000-0x000000700000 : "NAND simulator partition 6"
[   15.253315] 0x000000700000-0x000000800000 : "NAND simulator partition 7"
[   15.254674] 0x000000800000-0x000000900000 : "NAND simulator partition 8"
[   15.256198] 0x000000900000-0x000000a00000 : "NAND simulator partition 9"
[   15.257623] 0x000000a00000-0x000008000000 : "NAND simulator partition 10"
[   15.263401] tun: Universal TUN/TAP device driver, 1.6
[   15.263557] tun: (C) 1999-2004 Max Krasnyansky <maxk@qualcomm.com>
[   18.012308] PPP generic driver version 2.4.2
[   18.013122] PPP BSD Compression module registered
[   18.013305] PPP Deflate Compression module registered
[   18.013556] PPP MPPE Compression module registered
[   18.013716] NET: Registered protocol family 24
[   18.014060] PPTP driver version 0.8.5
[   18.015085] cfg80211: Calling CRDA to update world regulatory domain
[   18.066504] usbcore: registered new interface driver usb-storage
[   19.545518] rtc-pl031 9010000.pl031: rtc core: registered pl031 as rtc0
[   19.546522] hidraw: raw HID events driver (C) Jiri Kosina
[   19.547109] usbcore: registered new interface driver usbhid
[   19.547244] usbhid: USB HID core driver
[   19.547737] Netfilter messages via NETLINK v0.30.
[   19.548440] nf_conntrack version 0.5.0 (3958 buckets, 15832 max)
[   19.549964] ctnetlink v0.93: registering with nfnetlink.
[   19.551449] ipip: IPv4 over IPv4 tunneling driver
[   19.553643] gre: GRE over IPv4 demultiplexor driver
[   19.553815] ip_gre: GRE over IPv4 tunneling driver
[   19.558730] ip_tables: (C) 2000-2006 Netfilter Core Team
[   19.560478] arp_tables: (C) 2002 David S. Miller
[   19.561567] Initializing XFRM netlink socket
[   19.562110] NET: Registered protocol family 10
[   19.569556] ip6_tables: (C) 2000-2006 Netfilter Core Team
[   19.571396] sit: IPv6 over IPv4 tunneling driver
[   19.575314] NET: Registered protocol family 17
[   19.576161] bridge: automatic filtering via arp/ip/ip6tables has been deprecated. Update your scripts to load br_netfilter if you need this.
[   19.576518] Bridge firewalling registered
[   19.576662] Ebtables v2.0 registered
[   19.577911] 8021q: 802.1Q VLAN Support v1.8
[   19.578571] Registering SWP/SWPB emulation handler
[   19.581409] rtc-pl031 9010000.pl031: setting system clock to 2018-07-19 12:27:41 UTC (1532003261)
[   19.592391] EXT4-fs (vda1): couldn't mount as ext3 due to feature incompatibilities
[   19.593997] EXT4-fs (vda1): mounting ext2 file system using the ext4 subsystem
[   22.163481] EXT4-fs (vda1): mounted filesystem without journal. Opts: (null)
[   22.164624] VFS: Mounted root (ext2 filesystem) on device 254:1.
[   22.183295] Freeing unused kernel memory: 180K (c05c7000 - c05f4000)
[   22.189477] cfg80211: Calling CRDA to update world regulatory domain
[   25.484031] cfg80211: Calling CRDA to update world regulatory domain
[   25.513842] firmadyne: sys_reboot[PID: 54 (init)]: magic1:fee1dead, magic2:28121969, cmd:0
[   26.394440] firmadyne: sys_socket[PID: 1 (init)]: family:1, type:2, protocol:0
[   26.405256] firmadyne: sys_socket[PID: 55 (init)]: family:1, type:2, protocol:0
[   28.656548] cfg80211: Calling CRDA to update world regulatory domain
[   31.072339] firmadyne: sys_socket[PID: 64 (telnetd)]: family:2, type:1, protocol:0
[   31.075127] firmadyne: sys_setsockopt[PID: 64 (telnetd)]: fd:3, level:1, optname:2
[   31.076073] firmadyne: inet_bind[PID: 64 (telnetd)]: proto:SOCK_STREAM, port:23
[   32.033280] cfg80211: Calling CRDA to update world regulatory domain
Using /lib/modules/mvKernelExt.ko
insmod: kernel-module version mismatch
	/lib/modules/mvKernelExt.ko was compiled for kernel version 
	while this kernel is version 4.1.17+.
Using /lib/modules/mvPpDrv.ko
insmod: kernel-module version mismatch
	/lib/modules/mvPpDrv.ko was compiled for kernel version 
	while this kernel is version 4.1.17+.
Starting firmware emulation... use Ctrl-a + x to exit
qemu-system-arm: terminating on signal 2 from pid 124717 (timeout)
[    0.000000] Booting Linux on physical CPU 0x0
[    0.000000] Linux version 4.1.17+ (vagrant@vagrant-ubuntu-trusty-64) (gcc version 5.3.0 (GCC) ) #1 Thu Feb 18 01:05:21 UTC 2016
[    0.000000] CPU: ARMv7 Processor [412fc0f1] revision 1 (ARMv7), cr=10c5387d
[    0.000000] CPU: PIPT / VIPT nonaliasing data cache, PIPT instruction cache
[    0.000000] Machine model: linux,dummy-virt
[    0.000000] debug: ignoring loglevel setting.
[    0.000000] Memory policy: Data cache writeback
[    0.000000] On node 0 totalpages: 65536
[    0.000000] free_area_init_node: node 0, pgdat c061dfe8, node_mem_map cfdf9000
[    0.000000]   Normal zone: 512 pages used for memmap
[    0.000000]   Normal zone: 0 pages reserved
[    0.000000]   Normal zone: 65536 pages, LIFO batch:15
[    0.000000] psci: probing for conduit method from DT.
[    0.000000] psci: PSCIv0.2 detected in firmware.
[    0.000000] psci: Using standard PSCI v0.2 function IDs
[    0.000000] CPU: All CPU(s) started in SVC mode.
[    0.000000] pcpu-alloc: s0 r0 d32768 u32768 alloc=1*32768
[    0.000000] pcpu-alloc: [0] 0 
[    0.000000] Built 1 zonelists in Zone order, mobility grouping on.  Total pages: 65024
[    0.000000] Kernel command line: root=/dev/vda1 console=ttyS0 nandsim.parts=64,64,64,64,64,64,64,64,64,64 rdinit=/firmadyne/preInit.sh rw debug ignore_loglevel print-fatal-signals=1 user_debug=31 firmadyne.syscall=0
[    0.000000] PID hash table entries: 1024 (order: 0, 4096 bytes)
[    0.000000] Dentry cache hash table entries: 32768 (order: 5, 131072 bytes)
[    0.000000] Inode-cache hash table entries: 16384 (order: 4, 65536 bytes)
[    0.000000] Memory: 253340K/262144K available (4297K kernel code, 170K rwdata, 1584K rodata, 180K init, 148K bss, 8804K reserved, 0K cma-reserved)
[    0.000000] Virtual kernel memory layout:
[    0.000000]     vector  : 0xffff0000 - 0xffff1000   (   4 kB)
[    0.000000]     fixmap  : 0xffc00000 - 0xfff00000   (3072 kB)
[    0.000000]     vmalloc : 0xd0800000 - 0xff000000   ( 744 MB)
[    0.000000]     lowmem  : 0xc0000000 - 0xd0000000   ( 256 MB)
[    0.000000]     modules : 0xbf000000 - 0xc0000000   (  16 MB)
[    0.000000]       .text : 0xc0008000 - 0xc05c67bc   (5882 kB)
[    0.000000]       .init : 0xc05c7000 - 0xc05f4000   ( 180 kB)
[    0.000000]       .data : 0xc05f4000 - 0xc061e840   ( 171 kB)
[    0.000000]        .bss : 0xc0621000 - 0xc06462d4   ( 149 kB)
[    0.000000] NR_IRQS:16 nr_irqs:16 16
[    0.000000] Architected cp15 timer(s) running at 62.50MHz (virt).
[    0.000000] clocksource arch_sys_counter: mask: 0xffffffffffffff max_cycles: 0x1cd42e208c, max_idle_ns: 881590405314 ns
[    0.000166] sched_clock: 56 bits at 62MHz, resolution 16ns, wraps every 4398046511096ns
[    0.000320] Switching to timer-based delay loop, resolution 16ns
[    0.003596] Console: colour dummy device 80x30
[    0.003937] Calibrating delay loop (skipped), value calculated using timer frequency.. 125.00 BogoMIPS (lpj=625000)
[    0.004063] pid_max: default: 32768 minimum: 301
[    0.005003] Mount-cache hash table entries: 1024 (order: 0, 4096 bytes)
[    0.005041] Mountpoint-cache hash table entries: 1024 (order: 0, 4096 bytes)
[    0.014673] CPU: Testing write buffer coherency: ok
[    0.021314] Setting up static identity map for 0x40008240 - 0x40008298
[    3.037670] sched: RT throttling activated
[    3.052562] VFP support v0.3: implementor 41 architecture 4 part 30 variant f rev 0
[    3.059695] clocksource jiffies: mask: 0xffffffff max_cycles: 0xffffffff, max_idle_ns: 19112604462750000 ns
[    3.068510] NET: Registered protocol family 16
[    3.071754] DMA: preallocated 256 KiB pool for atomic coherent allocations
[    3.075844] cpuidle: using governor ladder
[    3.076001] cpuidle: using governor menu
[    4.389945] Serial: AMBA PL011 UART driver
[    4.392171] 9000000.pl011: ttyS0 at MMIO 0x9000000 (irq = 54, base_baud = 0) is a PL011 rev1
[    4.399554] console [ttyS0] enabled
[    4.422277] vgaarb: loaded
[    4.423814] SCSI subsystem initialized
[    4.424877] usbcore: registered new interface driver usbfs
[    4.425247] usbcore: registered new interface driver hub
[    4.425556] usbcore: registered new device driver usb
[    4.434858] cfg80211: Calling CRDA to update world regulatory domain
[    4.437223] Switched to clocksource arch_sys_counter
[    5.998481] NET: Registered protocol family 2
[    6.003528] TCP established hash table entries: 2048 (order: 1, 8192 bytes)
[    6.003788] TCP bind hash table entries: 2048 (order: 1, 8192 bytes)
[    6.004097] TCP: Hash tables configured (established 2048 bind 2048)
[    6.004654] UDP hash table entries: 256 (order: 0, 4096 bytes)
[    6.004903] UDP-Lite hash table entries: 256 (order: 0, 4096 bytes)
[    6.006312] NET: Registered protocol family 1
[    6.006767] PCI: CLS 0 bytes, default 64
[    6.014056] NetWinder Floating Point Emulator V0.97 (extended precision)
[    6.016658] futex hash table entries: 256 (order: -1, 3072 bytes)
[    6.022183] squashfs: version 4.0 (2009/01/31) Phillip Lougher
[    6.023186] jffs2: version 2.2. (NAND) © 2001-2006 Red Hat, Inc.
[    6.023974] romfs: ROMFS MTD (C) 2007 Red Hat, Inc.
[    6.032814] Block layer SCSI generic (bsg) driver version 0.4 loaded (major 253)
[    6.033134] io scheduler noop registered
[    6.033374] io scheduler cfq registered (default)
[    6.034036] firmadyne: devfs: 1, execute: 1, procfs: 1, syscall: 0
[    6.035318] ------------[ cut here ]------------
[    6.035519] WARNING: CPU: 0 PID: 1 at /home/vagrant/firmadyne-kernel/kernel-v4.1/fs/sysfs/dir.c:31 sysfs_warn_dup+0x50/0x6c()
[    6.035747] sysfs: cannot create duplicate filename '/class/gpio'
[    6.035904] Modules linked in:
[    6.036367] CPU: 0 PID: 1 Comm: swapper Not tainted 4.1.17+ #1
[    6.036505] Hardware name: Generic DT based system
[    6.037301] [<c001c99c>] (unwind_backtrace) from [<c0019d30>] (show_stack+0x10/0x14)
[    6.037582] [<c0019d30>] (show_stack) from [<c0024ab4>] (warn_slowpath_common+0x80/0xa8)
[    6.037779] [<c0024ab4>] (warn_slowpath_common) from [<c0024b08>] (warn_slowpath_fmt+0x2c/0x3c)
[    6.038014] [<c0024b08>] (warn_slowpath_fmt) from [<c00e363c>] (sysfs_warn_dup+0x50/0x6c)
[    6.038192] [<c00e363c>] (sysfs_warn_dup) from [<c00e3714>] (sysfs_create_dir_ns+0x74/0x84)
[    6.038373] [<c00e3714>] (sysfs_create_dir_ns) from [<c018e6ac>] (kobject_add_internal+0xb8/0x2ac)
[    6.038560] [<c018e6ac>] (kobject_add_internal) from [<c018e9a8>] (kset_register+0x1c/0x44)
[    6.038738] [<c018e9a8>] (kset_register) from [<c02090b4>] (__class_register+0xa8/0x198)
[    6.038911] [<c02090b4>] (__class_register) from [<c02091e4>] (__class_create+0x40/0x70)
[    6.039082] [<c02091e4>] (__class_create) from [<c01adf68>] (register_devfs_stubs+0x314/0xbb4)
[    6.039262] [<c01adf68>] (register_devfs_stubs) from [<c05d9b08>] (init_module+0x28/0xa4)
[    6.039463] [<c05d9b08>] (init_module) from [<c0009670>] (do_one_initcall+0x104/0x1b4)
[    6.039634] [<c0009670>] (do_one_initcall) from [<c05c7d08>] (kernel_init_freeable+0xf0/0x1b0)
[    6.039820] [<c05c7d08>] (kernel_init_freeable) from [<c040f28c>] (kernel_init+0x8/0xe4)
[    6.039987] [<c040f28c>] (kernel_init) from [<c0016da8>] (ret_from_fork+0x14/0x2c)
[    6.040232] ---[ end trace 34207c8a21bf4f41 ]---
[    6.040425] ------------[ cut here ]------------
[    6.040537] WARNING: CPU: 0 PID: 1 at /home/vagrant/firmadyne-kernel/kernel-v4.1/lib/kobject.c:240 kobject_add_internal+0x240/0x2ac()
[    6.040754] kobject_add_internal failed for gpio with -EEXIST, don't try to register things with the same name in the same directory.
[    6.040965] Modules linked in:
[    6.041102] CPU: 0 PID: 1 Comm: swapper Tainted: G        W       4.1.17+ #1
[    6.041244] Hardware name: Generic DT based system
[    6.041361] [<c001c99c>] (unwind_backtrace) from [<c0019d30>] (show_stack+0x10/0x14)
[    6.041525] [<c0019d30>] (show_stack) from [<c0024ab4>] (warn_slowpath_common+0x80/0xa8)
[    6.041695] [<c0024ab4>] (warn_slowpath_common) from [<c0024b08>] (warn_slowpath_fmt+0x2c/0x3c)
[    6.041874] [<c0024b08>] (warn_slowpath_fmt) from [<c018e834>] (kobject_add_internal+0x240/0x2ac)
[    6.042063] [<c018e834>] (kobject_add_internal) from [<c018e9a8>] (kset_register+0x1c/0x44)
[    6.042234] [<c018e9a8>] (kset_register) from [<c02090b4>] (__class_register+0xa8/0x198)
[    6.042401] [<c02090b4>] (__class_register) from [<c02091e4>] (__class_create+0x40/0x70)
[    6.042568] [<c02091e4>] (__class_create) from [<c01adf68>] (register_devfs_stubs+0x314/0xbb4)
[    6.042746] [<c01adf68>] (register_devfs_stubs) from [<c05d9b08>] (init_module+0x28/0xa4)
[    6.042915] [<c05d9b08>] (init_module) from [<c0009670>] (do_one_initcall+0x104/0x1b4)
[    6.043079] [<c0009670>] (do_one_initcall) from [<c05c7d08>] (kernel_init_freeable+0xf0/0x1b0)
[    6.043254] [<c05c7d08>] (kernel_init_freeable) from [<c040f28c>] (kernel_init+0x8/0xe4)
[    6.043416] [<c040f28c>] (kernel_init) from [<c0016da8>] (ret_from_fork+0x14/0x2c)
[    6.043578] ---[ end trace 34207c8a21bf4f42 ]---
[    6.043736] firmadyne: Cannot create device class: gpio!
[    6.045383] firmadyne: Cannot register character device: watchdog, 0xa, 0x82!
[    6.045561] firmadyne: Cannot register character device: wdt, 0xfd, 0x0!
[    6.125707] PCI host bridge /pcie@10000000 ranges:
[    6.126266]    IO 0x3eff0000..0x3effffff -> 0x00000000
[    6.126623]   MEM 0x10000000..0x3efeffff -> 0x10000000
[    6.126752]   MEM 0x8000000000..0xffffffffff -> 0x8000000000
[    7.200843] pci-host-generic 3f000000.pcie: resource collision: [mem 0x00000000-0xffffffff] conflicts with /pl011@9000000 [mem 0x09000000-0x09000fff]
[    7.201627] pci-host-generic: probe of 3f000000.pcie failed with error -16
[    7.213091] Non-volatile memory driver v1.3
[    7.443938] brd: module loaded
[    7.453990] loop: module loaded
[    8.325786] cfg80211: Calling CRDA to update world regulatory domain
[    8.331317]  vda: vda1
[    8.343817] 0.flash: Found 2 x16 devices at 0x0 in 32-bit bank. Manufacturer ID 0x000000 Chip ID 0x000000
[    8.344570] Intel/Sharp Extended Query Table at 0x0031
[    8.347423] Using buffer write method
[    8.347913] erase region 0: offset=0x0,size=0x40000,blocks=256
[    8.355775] 0.flash: Found 2 x16 devices at 0x0 in 32-bit bank. Manufacturer ID 0x000000 Chip ID 0x000000
[    8.356047] Intel/Sharp Extended Query Table at 0x0031
[    8.356856] Using buffer write method
[    8.357169] erase region 0: offset=0x0,size=0x40000,blocks=256
[    8.357421] Concatenating MTD devices:
[    8.357528] (0): "0.flash"
[    8.357599] (1): "0.flash"
[    8.357698] into device "0.flash"
[    8.383057] [nandsim] warning: read_byte: unexpected data output cycle, state is STATE_READY return 0x0
[    8.383317] [nandsim] warning: read_byte: unexpected data output cycle, state is STATE_READY return 0x0
[    8.383493] [nandsim] warning: read_byte: unexpected data output cycle, state is STATE_READY return 0x0
[    8.383664] [nandsim] warning: read_byte: unexpected data output cycle, state is STATE_READY return 0x0
[    8.383845] [nandsim] warning: read_byte: unexpected data output cycle, state is STATE_READY return 0x0
[    8.384016] [nandsim] warning: read_byte: unexpected data output cycle, state is STATE_READY return 0x0
[    8.384501] nand: device found, Manufacturer ID: 0x98, Chip ID: 0x39
[    8.384647] nand: Toshiba NAND 128MiB 1,8V 8-bit
[    8.384773] nand: 128 MiB, SLC, erase size: 16 KiB, page size: 512, OOB size: 16
[    8.385714] flash size: 128 MiB
[    8.385800] page size: 512 bytes
[    8.385874] OOB area size: 16 bytes
[    8.385953] sector size: 16 KiB
[    8.386025] pages number: 262144
[    8.386096] pages per sector: 32
[    8.386167] bus width: 8
[    8.386262] bits in sector size: 14
[    8.386337] bits in page size: 9
[    8.386415] bits in OOB size: 4
[    8.386492] flash size with OOB: 135168 KiB
[    8.386580] page address bytes: 4
[    8.386653] sector address bytes: 3
[    8.386729] options: 0x42
[    8.436330] Scanning device for bad blocks
[    8.548060] firmadyne: do_execve: /firmadyne/console
[    8.548295] OFFSETS: offset of pid: 0x190 offset of comm: 0x270
[    8.548850] Creating 11 MTD partitions on "NAND 128MiB 1,8V 8-bit":
[    8.549350] 0x000000000000-0x000000100000 : "NAND simulator partition 0"
[    8.551822] 0x000000100000-0x000000200000 : "NAND simulator partition 1"
[    8.553352] 0x000000200000-0x000000300000 : "NAND simulator partition 2"
[    8.554759] 0x000000300000-0x000000400000 : "NAND simulator partition 3"
[    8.556200] 0x000000400000-0x000000500000 : "NAND simulator partition 4"
[    8.557872] 0x000000500000-0x000000600000 : "NAND simulator partition 5"
[    8.559326] 0x000000600000-0x000000700000 : "NAND simulator partition 6"
[    8.560981] 0x000000700000-0x000000800000 : "NAND simulator partition 7"
[    8.562362] 0x000000800000-0x000000900000 : "NAND simulator partition 8"
[    8.563757] 0x000000900000-0x000000a00000 : "NAND simulator partition 9"
[    8.565164] 0x000000a00000-0x000008000000 : "NAND simulator partition 10"
[    8.571510] tun: Universal TUN/TAP device driver, 1.6
[    8.571677] tun: (C) 1999-2004 Max Krasnyansky <maxk@qualcomm.com>
[    8.701663] PPP generic driver version 2.4.2
[    8.702521] PPP BSD Compression module registered
[    8.702703] PPP Deflate Compression module registered
[    8.702943] PPP MPPE Compression module registered
[    8.703119] NET: Registered protocol family 24
[    8.703482] PPTP driver version 0.8.5
[    8.982699] usbcore: registered new interface driver usb-storage
[    8.987932] rtc-pl031 9010000.pl031: rtc core: registered pl031 as rtc0
[    8.988826] hidraw: raw HID events driver (C) Jiri Kosina
[    8.989491] usbcore: registered new interface driver usbhid
[    8.989626] usbhid: USB HID core driver
[    8.990128] Netfilter messages via NETLINK v0.30.
[    8.990866] nf_conntrack version 0.5.0 (3958 buckets, 15832 max)
[    8.992519] ctnetlink v0.93: registering with nfnetlink.
[    8.994037] ipip: IPv4 over IPv4 tunneling driver
[    8.996383] gre: GRE over IPv4 demultiplexor driver
[    8.996547] ip_gre: GRE over IPv4 tunneling driver
[    9.001834] ip_tables: (C) 2000-2006 Netfilter Core Team
[    9.003672] arp_tables: (C) 2002 David S. Miller
[    9.004801] Initializing XFRM netlink socket
[    9.005417] NET: Registered protocol family 10
[    9.013220] ip6_tables: (C) 2000-2006 Netfilter Core Team
[    9.015390] sit: IPv6 over IPv4 tunneling driver
[    9.019756] NET: Registered protocol family 17
[    9.020537] bridge: automatic filtering via arp/ip/ip6tables has been deprecated. Update your scripts to load br_netfilter if you need this.
[    9.020884] Bridge firewalling registered
[    9.021028] Ebtables v2.0 registered
[    9.022412] 8021q: 802.1Q VLAN Support v1.8
[    9.023107] Registering SWP/SWPB emulation handler
[    9.026123] rtc-pl031 9010000.pl031: setting system clock to 2018-07-19 12:28:21 UTC (1532003301)
[    9.106362] EXT4-fs (vda1): couldn't mount as ext3 due to feature incompatibilities
[    9.108888] EXT4-fs (vda1): mounting ext2 file system using the ext4 subsystem
[    9.118796] EXT4-fs (vda1): warning: mounting unchecked fs, running e2fsck is recommended
[    9.121943] EXT4-fs (vda1): mounted filesystem without journal. Opts: (null)
[    9.123212] VFS: Mounted root (ext2 filesystem) on device 254:1.
[    9.143021] Freeing unused kernel memory: 180K (c05c7000 - c05f4000)
[    9.290601] firmadyne: sys_reboot[PID: 54 (init)]: magic1:fee1dead, magic2:28121969, cmd:0
[   12.918158] cfg80211: Calling CRDA to update world regulatory domain
Using /lib/modules/mvKernelExt.ko
insmod: kernel-module version mismatch
	/lib/modules/mvKernelExt.ko was compiled for kernel version 
	while this kernel is version 4.1.17+.
Using /lib/modules/mvPpDrv.ko
insmod: kernel-module version mismatch
	/lib/modules/mvPpDrv.ko was compiled for kernel version 
	while this kernel is version 4.1.17+.
Fri May 23 14:32:00 UTC 2008
[   17.709200] cfg80211: Calling CRDA to update world regulatory domain




Linux MARVELL_LINUX 4.1.17+ #1 Thu Feb 18 01:05:21 UTC 2016


Welcome to Embedded Linux
           _  _
          | ||_|
          | | _ ____  _   _  _  _ 
          | || |  _ \| | | |\ \/ /
          | || | | | | |_| |/    \
          |_||_|_| |_|\____|\_/\_/

          On Marvell's ARM board

For further information on the Marvell products check:
http://www.marvell.com/

toochain=gnueabi

Enjoy!



BusyBox v1.01 (2008.10.02-12:33+0000) Built-in shell (ash)
Enter 'help' for a list of built-in commands.

/ # [   20.858071] cfg80211: Calling CRDA to update world regulatory domain
[   24.010224] cfg80211: Calling CRDA to update world regulatory domain
[   27.157710] cfg80211: Calling CRDA to update world regulatory domain
[   30.308356] cfg80211: Calling CRDA to update world regulatory domain
[   33.457525] cfg80211: Calling CRDA to update world regulatory domain
[   36.607596] cfg80211: Calling CRDA to update world regulatory domain
[   39.757805] cfg80211: Calling CRDA to update world regulatory domain
[   42.908949] cfg80211: Exceeded CRDA call max attempts. Not calling CRDA
