>> Database Image ID: 142

/home/zhumengfan/firmware/firmwares/6a166dd8b6d7917578d0cc7d5c7cf8992e08282c.ZIP
>> MD5: 48cf516c3debab06d1973ade59fca339
>> Tag: 142
>> Temp: /tmp/tmpRzt50x
>> Status: Kernel: True, Rootfs: False, Do_Kernel: False,                 Do_Rootfs: True
>>>> Zip archive data, at least v2.0 to extract, compressed size: 8448079, uncompressed size: 8481184, name: DES-1210-52_B1_v3.12.015.hex
>> Recursing into archive ...
	
/tmp/tmpRzt50x/_6a166dd8b6d7917578d0cc7d5c7cf8992e08282c.ZIP.extracted/DES-1210-52_B1_v3.12.015.hex
	>> MD5: 2127438235a9928eb114ad71a2888d5c
	>> Tag: 142
	>> Temp: /tmp/tmpC3zBWr
	>> Status: Kernel: True, Rootfs: False, Do_Kernel: False,                 Do_Rootfs: True
	>>>> Squashfs filesystem, little endian, version 3.1, size: 7199118 bytes, 222 inodes, blocksize: 131072 bytes, created: 2014-04-10 10:06:08
	>>>> Found Linux filesystem in /tmp/tmpC3zBWr/_DES-1210-52_B1_v3.12.015.hex.extracted/squashfs-root!
	>> Skipping: completed!
	>> Cleaning up /tmp/tmpC3zBWr...
>> Skipping: completed!
>> Cleaning up /tmp/tmpRzt50x...
./bin/busybox: armel
Querying database for architecture... armel
----Running----
----Copying Filesystem Tarball----
----Creating QEMU Image----
Formatting '/home/zhumengfan/firmadyne//scratch//142//image.raw', fmt=raw size=1073741824
----Creating Partition Table----

Welcome to fdisk (util-linux 2.27.1).
Changes will remain in memory only, until you decide to write them.
Be careful before using the write command.

Device does not contain a recognized partition table.
Created a new DOS disklabel with disk identifier 0xb2480666.

Command (m for help): Created a new DOS disklabel with disk identifier 0x0db47236.

Command (m for help): Partition type
   p   primary (0 primary, 0 extended, 4 free)
   e   extended (container for logical partitions)
Select (default p): Partition number (1-4, default 1): First sector (2048-2097151, default 2048): Last sector, +sectors or +size{K,M,G,T,P} (2048-2097151, default 2097151): 
Created a new partition 1 of type 'Linux' and of size 1023 MiB.

Command (m for help): The partition table has been altered.
Syncing disks.

----Mounting QEMU Image----
add map loop0p1 (252:0): 0 2095104 linear 7:0 2048
----Creating Filesystem----
mke2fs 1.42.13 (17-May-2015)
Discarding device blocks:   4096/261888             done                            
Creating filesystem with 261888 4k blocks and 65536 inodes
Filesystem UUID: 92e19d5f-85c6-4191-acc8-1221722da213
Superblock backups stored on blocks: 
	32768, 98304, 163840, 229376

Allocating group tables: 0/8   done                            
Writing inode tables: 0/8   done                            
Writing superblocks and filesystem accounting information: 0/8   done

----Making QEMU Image Mountpoint----
----Mounting QEMU Image Partition 1----
----Extracting Filesystem Tarball----
----Creating FIRMADYNE Directories----
----Patching Filesystem (chroot)----
Creating /etc/TZ!
Creating /etc/hosts!
Warning: Recreating device nodes!
mkdir: can't create directory '/dev/mtd': No such file or directory
mknod: /dev/mtd/0: No such file or directory
mknod: /dev/mtd/1: No such file or directory
mknod: /dev/mtd/2: No such file or directory
mknod: /dev/mtd/3: No such file or directory
mknod: /dev/mtd/4: No such file or directory
mknod: /dev/mtd/5: No such file or directory
mknod: /dev/mtd/6: No such file or directory
mknod: /dev/mtd/7: No such file or directory
mknod: /dev/mtd/8: No such file or directory
mknod: /dev/mtd/9: No such file or directory
mknod: /dev/mtd/10: No such file or directory
Removing /etc/scripts/sys_resetbutton!
----Setting up FIRMADYNE----
----Unmounting QEMU Image----
loop deleted : /dev/loop0
Querying database for architecture... armel
Running firmware 142: terminating after 60 secs...
qemu-system-arm: terminating on signal 2 from pid 139502 (timeout)
Inferring network...
Interfaces: []
Done!
[    0.000000] Booting Linux on physical CPU 0x0
[    0.000000] Linux version 4.1.17+ (vagrant@vagrant-ubuntu-trusty-64) (gcc version 5.3.0 (GCC) ) #1 Thu Feb 18 01:05:21 UTC 2016
[    0.000000] CPU: ARMv7 Processor [412fc0f1] revision 1 (ARMv7), cr=10c5387d
[    0.000000] CPU: PIPT / VIPT nonaliasing data cache, PIPT instruction cache
[    0.000000] Machine model: linux,dummy-virt
[    0.000000] debug: ignoring loglevel setting.
[    0.000000] Memory policy: Data cache writeback
[    0.000000] On node 0 totalpages: 65536
[    0.000000] free_area_init_node: node 0, pgdat c061dfe8, node_mem_map cfdf9000
[    0.000000]   Normal zone: 512 pages used for memmap
[    0.000000]   Normal zone: 0 pages reserved
[    0.000000]   Normal zone: 65536 pages, LIFO batch:15
[    0.000000] psci: probing for conduit method from DT.
[    0.000000] psci: PSCIv0.2 detected in firmware.
[    0.000000] psci: Using standard PSCI v0.2 function IDs
[    0.000000] CPU: All CPU(s) started in SVC mode.
[    0.000000] pcpu-alloc: s0 r0 d32768 u32768 alloc=1*32768
[    0.000000] pcpu-alloc: [0] 0 
[    0.000000] Built 1 zonelists in Zone order, mobility grouping on.  Total pages: 65024
[    0.000000] Kernel command line: firmadyne.syscall=1 root=/dev/vda1 console=ttyS0 nandsim.parts=64,64,64,64,64,64,64,64,64,64 rdinit=/firmadyne/preInit.sh rw debug ignore_loglevel print-fatal-signals=1 user_debug=31
[    0.000000] PID hash table entries: 1024 (order: 0, 4096 bytes)
[    0.000000] Dentry cache hash table entries: 32768 (order: 5, 131072 bytes)
[    0.000000] Inode-cache hash table entries: 16384 (order: 4, 65536 bytes)
[    0.000000] Memory: 253340K/262144K available (4297K kernel code, 170K rwdata, 1584K rodata, 180K init, 148K bss, 8804K reserved, 0K cma-reserved)
[    0.000000] Virtual kernel memory layout:
[    0.000000]     vector  : 0xffff0000 - 0xffff1000   (   4 kB)
[    0.000000]     fixmap  : 0xffc00000 - 0xfff00000   (3072 kB)
[    0.000000]     vmalloc : 0xd0800000 - 0xff000000   ( 744 MB)
[    0.000000]     lowmem  : 0xc0000000 - 0xd0000000   ( 256 MB)
[    0.000000]     modules : 0xbf000000 - 0xc0000000   (  16 MB)
[    0.000000]       .text : 0xc0008000 - 0xc05c67bc   (5882 kB)
[    0.000000]       .init : 0xc05c7000 - 0xc05f4000   ( 180 kB)
[    0.000000]       .data : 0xc05f4000 - 0xc061e840   ( 171 kB)
[    0.000000]        .bss : 0xc0621000 - 0xc06462d4   ( 149 kB)
[    0.000000] NR_IRQS:16 nr_irqs:16 16
[    0.000000] Architected cp15 timer(s) running at 62.50MHz (virt).
[    0.000000] clocksource arch_sys_counter: mask: 0xffffffffffffff max_cycles: 0x1cd42e208c, max_idle_ns: 881590405314 ns
[    0.000158] sched_clock: 56 bits at 62MHz, resolution 16ns, wraps every 4398046511096ns
[    0.000296] Switching to timer-based delay loop, resolution 16ns
[    0.003397] Console: colour dummy device 80x30
[    0.003727] Calibrating delay loop (skipped), value calculated using timer frequency.. 125.00 BogoMIPS (lpj=625000)
[    0.003859] pid_max: default: 32768 minimum: 301
[    0.004781] Mount-cache hash table entries: 1024 (order: 0, 4096 bytes)
[    0.004819] Mountpoint-cache hash table entries: 1024 (order: 0, 4096 bytes)
[    0.015040] CPU: Testing write buffer coherency: ok
[    2.894287] Setting up static identity map for 0x40008240 - 0x40008298
[    2.909324] VFP support v0.3: implementor 41 architecture 4 part 30 variant f rev 0
[    2.921167] clocksource jiffies: mask: 0xffffffff max_cycles: 0xffffffff, max_idle_ns: 19112604462750000 ns
[    2.930524] NET: Registered protocol family 16
[    3.118850] DMA: preallocated 256 KiB pool for atomic coherent allocations
[    3.123025] cpuidle: using governor ladder
[    3.123181] cpuidle: using governor menu
[    3.143752] Serial: AMBA PL011 UART driver
[    3.146226] 9000000.pl011: ttyS0 at MMIO 0x9000000 (irq = 54, base_baud = 0) is a PL011 rev1
[    3.154214] console [ttyS0] enabled
[    3.177063] vgaarb: loaded
[    3.178610] SCSI subsystem initialized
[    3.179714] usbcore: registered new interface driver usbfs
[    3.180080] usbcore: registered new interface driver hub
[    3.180417] usbcore: registered new device driver usb
[    7.371202] cfg80211: Calling CRDA to update world regulatory domain
[    7.373702] Switched to clocksource arch_sys_counter
[    7.391910] NET: Registered protocol family 2
[    7.397390] TCP established hash table entries: 2048 (order: 1, 8192 bytes)
[    7.397675] TCP bind hash table entries: 2048 (order: 1, 8192 bytes)
[    7.397993] TCP: Hash tables configured (established 2048 bind 2048)
[    7.398541] UDP hash table entries: 256 (order: 0, 4096 bytes)
[    7.398795] UDP-Lite hash table entries: 256 (order: 0, 4096 bytes)
[    7.400251] NET: Registered protocol family 1
[    7.400711] PCI: CLS 0 bytes, default 64
[    7.408079] NetWinder Floating Point Emulator V0.97 (extended precision)
[    7.410814] futex hash table entries: 256 (order: -1, 3072 bytes)
[    7.416559] squashfs: version 4.0 (2009/01/31) Phillip Lougher
[    7.417624] jffs2: version 2.2. (NAND) © 2001-2006 Red Hat, Inc.
[    7.418450] romfs: ROMFS MTD (C) 2007 Red Hat, Inc.
[    7.427513] Block layer SCSI generic (bsg) driver version 0.4 loaded (major 253)
[    7.427858] io scheduler noop registered
[    7.428104] io scheduler cfq registered (default)
[    7.428812] firmadyne: devfs: 1, execute: 1, procfs: 1, syscall: 1
[   10.672694] ------------[ cut here ]------------
[   10.672967] WARNING: CPU: 0 PID: 1 at /home/vagrant/firmadyne-kernel/kernel-v4.1/fs/sysfs/dir.c:31 sysfs_warn_dup+0x50/0x6c()
[   10.673215] sysfs: cannot create duplicate filename '/class/gpio'
[   10.673469] Modules linked in:
[   10.673822] CPU: 0 PID: 1 Comm: swapper Not tainted 4.1.17+ #1
[   10.673973] Hardware name: Generic DT based system
[   10.674727] [<c001c99c>] (unwind_backtrace) from [<c0019d30>] (show_stack+0x10/0x14)
[   10.675017] [<c0019d30>] (show_stack) from [<c0024ab4>] (warn_slowpath_common+0x80/0xa8)
[   10.675233] [<c0024ab4>] (warn_slowpath_common) from [<c0024b08>] (warn_slowpath_fmt+0x2c/0x3c)
[   10.675539] [<c0024b08>] (warn_slowpath_fmt) from [<c00e363c>] (sysfs_warn_dup+0x50/0x6c)
[   10.675733] [<c00e363c>] (sysfs_warn_dup) from [<c00e3714>] (sysfs_create_dir_ns+0x74/0x84)
[   10.675929] [<c00e3714>] (sysfs_create_dir_ns) from [<c018e6ac>] (kobject_add_internal+0xb8/0x2ac)
[   10.676132] [<c018e6ac>] (kobject_add_internal) from [<c018e9a8>] (kset_register+0x1c/0x44)
[   10.676341] [<c018e9a8>] (kset_register) from [<c02090b4>] (__class_register+0xa8/0x198)
[   10.676523] [<c02090b4>] (__class_register) from [<c02091e4>] (__class_create+0x40/0x70)
[   10.676724] [<c02091e4>] (__class_create) from [<c01adf68>] (register_devfs_stubs+0x314/0xbb4)
[   10.676920] [<c01adf68>] (register_devfs_stubs) from [<c05d9b08>] (init_module+0x28/0xa4)
[   10.677140] [<c05d9b08>] (init_module) from [<c0009670>] (do_one_initcall+0x104/0x1b4)
[   10.677327] [<c0009670>] (do_one_initcall) from [<c05c7d08>] (kernel_init_freeable+0xf0/0x1b0)
[   10.677526] [<c05c7d08>] (kernel_init_freeable) from [<c040f28c>] (kernel_init+0x8/0xe4)
[   10.677708] [<c040f28c>] (kernel_init) from [<c0016da8>] (ret_from_fork+0x14/0x2c)
[   10.677979] ---[ end trace 98a322eb4210a596 ]---
[   10.678185] ------------[ cut here ]------------
[   10.678321] WARNING: CPU: 0 PID: 1 at /home/vagrant/firmadyne-kernel/kernel-v4.1/lib/kobject.c:240 kobject_add_internal+0x240/0x2ac()
[   10.678548] kobject_add_internal failed for gpio with -EEXIST, don't try to register things with the same name in the same directory.
[   10.678794] Modules linked in:
[   10.678939] CPU: 0 PID: 1 Comm: swapper Tainted: G        W       4.1.17+ #1
[   10.679086] Hardware name: Generic DT based system
[   10.679212] [<c001c99c>] (unwind_backtrace) from [<c0019d30>] (show_stack+0x10/0x14)
[   10.679402] [<c0019d30>] (show_stack) from [<c0024ab4>] (warn_slowpath_common+0x80/0xa8)
[   10.679609] [<c0024ab4>] (warn_slowpath_common) from [<c0024b08>] (warn_slowpath_fmt+0x2c/0x3c)
[   10.679803] [<c0024b08>] (warn_slowpath_fmt) from [<c018e834>] (kobject_add_internal+0x240/0x2ac)
[   10.680011] [<c018e834>] (kobject_add_internal) from [<c018e9a8>] (kset_register+0x1c/0x44)
[   10.680195] [<c018e9a8>] (kset_register) from [<c02090b4>] (__class_register+0xa8/0x198)
[   10.680408] [<c02090b4>] (__class_register) from [<c02091e4>] (__class_create+0x40/0x70)
[   10.680616] [<c02091e4>] (__class_create) from [<c01adf68>] (register_devfs_stubs+0x314/0xbb4)
[   10.680808] [<c01adf68>] (register_devfs_stubs) from [<c05d9b08>] (init_module+0x28/0xa4)
[   10.680990] [<c05d9b08>] (init_module) from [<c0009670>] (do_one_initcall+0x104/0x1b4)
[   10.681167] [<c0009670>] (do_one_initcall) from [<c05c7d08>] (kernel_init_freeable+0xf0/0x1b0)
[   10.681357] [<c05c7d08>] (kernel_init_freeable) from [<c040f28c>] (kernel_init+0x8/0xe4)
[   10.681532] [<c040f28c>] (kernel_init) from [<c0016da8>] (ret_from_fork+0x14/0x2c)
[   10.681707] ---[ end trace 98a322eb4210a597 ]---
[   10.681881] firmadyne: Cannot create device class: gpio!
[   10.683736] firmadyne: Cannot register character device: watchdog, 0xa, 0x82!
[   10.683927] firmadyne: Cannot register character device: wdt, 0xfd, 0x0!
[   10.694246] cfg80211: Calling CRDA to update world regulatory domain
[   10.765457] PCI host bridge /pcie@10000000 ranges:
[   10.766028]    IO 0x3eff0000..0x3effffff -> 0x00000000
[   10.766399]   MEM 0x10000000..0x3efeffff -> 0x10000000
[   10.766541]   MEM 0x8000000000..0xffffffffff -> 0x8000000000
[   10.767213] pci-host-generic 3f000000.pcie: resource collision: [mem 0x00000000-0xffffffff] conflicts with /pl011@9000000 [mem 0x09000000-0x09000fff]
[   10.767937] pci-host-generic: probe of 3f000000.pcie failed with error -16
[   10.779278] Non-volatile memory driver v1.3
[   17.078041] cfg80211: Calling CRDA to update world regulatory domain
[   17.097507] brd: module loaded
[   17.107456] loop: module loaded
[   18.267700]  vda: vda1
[   18.279661] 0.flash: Found 2 x16 devices at 0x0 in 32-bit bank. Manufacturer ID 0x000000 Chip ID 0x000000
[   18.280334] Intel/Sharp Extended Query Table at 0x0031
[   18.282732] Using buffer write method
[   18.283170] erase region 0: offset=0x0,size=0x40000,blocks=256
[   18.290880] 0.flash: Found 2 x16 devices at 0x0 in 32-bit bank. Manufacturer ID 0x000000 Chip ID 0x000000
[   18.291174] Intel/Sharp Extended Query Table at 0x0031
[   18.292064] Using buffer write method
[   18.292190] erase region 0: offset=0x0,size=0x40000,blocks=256
[   18.292415] Concatenating MTD devices:
[   18.292527] (0): "0.flash"
[   18.292605] (1): "0.flash"
[   18.292675] into device "0.flash"
[   21.457411] cfg80211: Calling CRDA to update world regulatory domain
[   21.468532] [nandsim] warning: read_byte: unexpected data output cycle, state is STATE_READY return 0x0
[   21.468783] [nandsim] warning: read_byte: unexpected data output cycle, state is STATE_READY return 0x0
[   21.468974] [nandsim] warning: read_byte: unexpected data output cycle, state is STATE_READY return 0x0
[   21.469159] [nandsim] warning: read_byte: unexpected data output cycle, state is STATE_READY return 0x0
[   21.469342] [nandsim] warning: read_byte: unexpected data output cycle, state is STATE_READY return 0x0
[   21.469525] [nandsim] warning: read_byte: unexpected data output cycle, state is STATE_READY return 0x0
[   21.469979] nand: device found, Manufacturer ID: 0x98, Chip ID: 0x39
[   21.470136] nand: Toshiba NAND 128MiB 1,8V 8-bit
[   21.470264] nand: 128 MiB, SLC, erase size: 16 KiB, page size: 512, OOB size: 16
[   21.471199] flash size: 128 MiB
[   21.471289] page size: 512 bytes
[   21.471389] OOB area size: 16 bytes
[   21.471503] sector size: 16 KiB
[   21.471582] pages number: 262144
[   21.471660] pages per sector: 32
[   21.471738] bus width: 8
[   21.471822] bits in sector size: 14
[   21.471901] bits in page size: 9
[   21.471999] bits in OOB size: 4
[   21.472081] flash size with OOB: 135168 KiB
[   21.472177] page address bytes: 4
[   21.472258] sector address bytes: 3
[   21.472342] options: 0x42
[   24.620038] Scanning device for bad blocks
[   24.725999] cfg80211: Calling CRDA to update world regulatory domain
[   24.727199] firmadyne: do_execve: /firmadyne/console
[   24.727399] OFFSETS: offset of pid: 0x190 offset of comm: 0x270
[   24.727926] Creating 11 MTD partitions on "NAND 128MiB 1,8V 8-bit":
[   24.728351] 0x000000000000-0x000000100000 : "NAND simulator partition 0"
[   24.730583] 0x000000100000-0x000000200000 : "NAND simulator partition 1"
[   24.732012] 0x000000200000-0x000000300000 : "NAND simulator partition 2"
[   24.733557] 0x000000300000-0x000000400000 : "NAND simulator partition 3"
[   24.735027] 0x000000400000-0x000000500000 : "NAND simulator partition 4"
[   24.736436] 0x000000500000-0x000000600000 : "NAND simulator partition 5"
[   24.737847] 0x000000600000-0x000000700000 : "NAND simulator partition 6"
[   24.739445] 0x000000700000-0x000000800000 : "NAND simulator partition 7"
[   24.740825] 0x000000800000-0x000000900000 : "NAND simulator partition 8"
[   24.742198] 0x000000900000-0x000000a00000 : "NAND simulator partition 9"
[   24.743774] 0x000000a00000-0x000008000000 : "NAND simulator partition 10"
[   24.749353] tun: Universal TUN/TAP device driver, 1.6
[   24.749490] tun: (C) 1999-2004 Max Krasnyansky <maxk@qualcomm.com>
[   32.412415] PPP generic driver version 2.4.2
[   32.413237] PPP BSD Compression module registered
[   32.413528] PPP Deflate Compression module registered
[   32.413810] PPP MPPE Compression module registered
[   32.413957] NET: Registered protocol family 24
[   32.414300] PPTP driver version 0.8.5
[   32.415116] cfg80211: Calling CRDA to update world regulatory domain
[   33.572512] usbcore: registered new interface driver usb-storage
[   33.576249] rtc-pl031 9010000.pl031: rtc core: registered pl031 as rtc0
[   33.577071] hidraw: raw HID events driver (C) Jiri Kosina
[   33.577651] usbcore: registered new interface driver usbhid
[   33.577798] usbhid: USB HID core driver
[   33.578317] Netfilter messages via NETLINK v0.30.
[   33.579018] nf_conntrack version 0.5.0 (3958 buckets, 15832 max)
[   33.580586] ctnetlink v0.93: registering with nfnetlink.
[   33.582082] ipip: IPv4 over IPv4 tunneling driver
[   33.584350] gre: GRE over IPv4 demultiplexor driver
[   33.584533] ip_gre: GRE over IPv4 tunneling driver
[   33.589149] ip_tables: (C) 2000-2006 Netfilter Core Team
[   33.590870] arp_tables: (C) 2002 David S. Miller
[   33.591976] Initializing XFRM netlink socket
[   33.592505] NET: Registered protocol family 10
[   33.599691] ip6_tables: (C) 2000-2006 Netfilter Core Team
[   33.601423] sit: IPv6 over IPv4 tunneling driver
[   38.760182] NET: Registered protocol family 17
[   38.760949] bridge: automatic filtering via arp/ip/ip6tables has been deprecated. Update your scripts to load br_netfilter if you need this.
[   38.761352] Bridge firewalling registered
[   38.761522] Ebtables v2.0 registered
[   38.762200] cfg80211: Calling CRDA to update world regulatory domain
[   38.763249] 8021q: 802.1Q VLAN Support v1.8
[   38.764152] Registering SWP/SWPB emulation handler
[   38.767119] rtc-pl031 9010000.pl031: setting system clock to 2018-07-19 13:19:14 UTC (1532006354)
[   38.778143] EXT4-fs (vda1): couldn't mount as ext3 due to feature incompatibilities
[   38.779856] EXT4-fs (vda1): mounting ext2 file system using the ext4 subsystem
[   38.791689] EXT4-fs (vda1): mounted filesystem without journal. Opts: (null)
[   38.792861] VFS: Mounted root (ext2 filesystem) on device 254:1.
[   38.811611] Freeing unused kernel memory: 180K (c05c7000 - c05f4000)
[   45.066129] cfg80211: Calling CRDA to update world regulatory domain
[   48.133774] firmadyne: sys_reboot[PID: 54 (init)]: magic1:fee1dead, magic2:28121969, cmd:0
[   48.155187] firmadyne: sys_socket[PID: 1 (init)]: family:1, type:2, protocol:0
[   48.165391] firmadyne: sys_socket[PID: 55 (init)]: family:1, type:2, protocol:0
[   48.213738] cfg80211: Calling CRDA to update world regulatory domain
[   51.379212] cfg80211: Calling CRDA to update world regulatory domain
[   54.892263] cfg80211: Calling CRDA to update world regulatory domain
[   56.410897] firmadyne: sys_socket[PID: 64 (telnetd)]: family:2, type:1, protocol:0
[   56.414093] firmadyne: sys_setsockopt[PID: 64 (telnetd)]: fd:3, level:1, optname:2
[   56.414814] firmadyne: inet_bind[PID: 64 (telnetd)]: proto:SOCK_STREAM, port:23
Using /lib/modules/mvKernelExt.ko
insmod: kernel-module version mismatch
	/lib/modules/mvKernelExt.ko was compiled for kernel version 
	while this kernel is version 4.1.17+.
Using /lib/modules/mvPpDrv.ko
insmod: kernel-module version mismatch
	/lib/modules/mvPpDrv.ko was compiled for kernel version 
	while this kernel is version 4.1.17+.
Fri May 23 14:32:00 UTC 2008
[   57.997447] firmadyne: sys_socket[PID: 72 (ifconfig)]: family:2, type:2, protocol:0
[   57.999353] firmadyne: __inet_insert_ifa[PID: 72 (ifconfig)]: device:lo ifa:0x0100007f
[   58.004514] firmadyne: __inet_insert_ifa[PID: 72 (ifconfig)]: device:lo ifa:0x0100007f
[   58.184890] cfg80211: Exceeded CRDA call max attempts. Not calling CRDA




Linux MARVELL_LINUX 4.1.17+ #1 Thu Feb 18 01:05:21 UTC 2016


Welcome to Embedded Linux
           _  _
          | ||_|
          | | _ ____  _   _  _  _ 
          | || |  _ \| | | |\ \/ /
          | || | | | | |_| |/    \
          |_||_|_| |_|\____|\_/\_/

          On Marvell's ARM board

For further information on the Marvell products check:
http://www.marvell.com/

toochain=gnueabi

Enjoy!

Starting firmware emulation... use Ctrl-a + x to exit
qemu-system-arm: terminating on signal 2 from pid 139703 (timeout)
[    0.000000] Booting Linux on physical CPU 0x0
[    0.000000] Linux version 4.1.17+ (vagrant@vagrant-ubuntu-trusty-64) (gcc version 5.3.0 (GCC) ) #1 Thu Feb 18 01:05:21 UTC 2016
[    0.000000] CPU: ARMv7 Processor [412fc0f1] revision 1 (ARMv7), cr=10c5387d
[    0.000000] CPU: PIPT / VIPT nonaliasing data cache, PIPT instruction cache
[    0.000000] Machine model: linux,dummy-virt
[    0.000000] debug: ignoring loglevel setting.
[    0.000000] Memory policy: Data cache writeback
[    0.000000] On node 0 totalpages: 65536
[    0.000000] free_area_init_node: node 0, pgdat c061dfe8, node_mem_map cfdf9000
[    0.000000]   Normal zone: 512 pages used for memmap
[    0.000000]   Normal zone: 0 pages reserved
[    0.000000]   Normal zone: 65536 pages, LIFO batch:15
[    0.000000] psci: probing for conduit method from DT.
[    0.000000] psci: PSCIv0.2 detected in firmware.
[    0.000000] psci: Using standard PSCI v0.2 function IDs
[    0.000000] CPU: All CPU(s) started in SVC mode.
[    0.000000] pcpu-alloc: s0 r0 d32768 u32768 alloc=1*32768
[    0.000000] pcpu-alloc: [0] 0 
[    0.000000] Built 1 zonelists in Zone order, mobility grouping on.  Total pages: 65024
[    0.000000] Kernel command line: root=/dev/vda1 console=ttyS0 nandsim.parts=64,64,64,64,64,64,64,64,64,64 rdinit=/firmadyne/preInit.sh rw debug ignore_loglevel print-fatal-signals=1 user_debug=31 firmadyne.syscall=0
[    0.000000] PID hash table entries: 1024 (order: 0, 4096 bytes)
[    0.000000] Dentry cache hash table entries: 32768 (order: 5, 131072 bytes)
[    0.000000] Inode-cache hash table entries: 16384 (order: 4, 65536 bytes)
[    0.000000] Memory: 253340K/262144K available (4297K kernel code, 170K rwdata, 1584K rodata, 180K init, 148K bss, 8804K reserved, 0K cma-reserved)
[    0.000000] Virtual kernel memory layout:
[    0.000000]     vector  : 0xffff0000 - 0xffff1000   (   4 kB)
[    0.000000]     fixmap  : 0xffc00000 - 0xfff00000   (3072 kB)
[    0.000000]     vmalloc : 0xd0800000 - 0xff000000   ( 744 MB)
[    0.000000]     lowmem  : 0xc0000000 - 0xd0000000   ( 256 MB)
[    0.000000]     modules : 0xbf000000 - 0xc0000000   (  16 MB)
[    0.000000]       .text : 0xc0008000 - 0xc05c67bc   (5882 kB)
[    0.000000]       .init : 0xc05c7000 - 0xc05f4000   ( 180 kB)
[    0.000000]       .data : 0xc05f4000 - 0xc061e840   ( 171 kB)
[    0.000000]        .bss : 0xc0621000 - 0xc06462d4   ( 149 kB)
[    0.000000] NR_IRQS:16 nr_irqs:16 16
[    0.000000] Architected cp15 timer(s) running at 62.50MHz (virt).
[    0.000000] clocksource arch_sys_counter: mask: 0xffffffffffffff max_cycles: 0x1cd42e208c, max_idle_ns: 881590405314 ns
[    0.000162] sched_clock: 56 bits at 62MHz, resolution 16ns, wraps every 4398046511096ns
[    0.000304] Switching to timer-based delay loop, resolution 16ns
[    0.003519] Console: colour dummy device 80x30
[    0.003847] Calibrating delay loop (skipped), value calculated using timer frequency.. 125.00 BogoMIPS (lpj=625000)
[    0.003980] pid_max: default: 32768 minimum: 301
[    0.004882] Mount-cache hash table entries: 1024 (order: 0, 4096 bytes)
[    0.004923] Mountpoint-cache hash table entries: 1024 (order: 0, 4096 bytes)
[    0.015399] CPU: Testing write buffer coherency: ok
[    0.021917] Setting up static identity map for 0x40008240 - 0x40008298
[    0.040266] VFP support v0.3: implementor 41 architecture 4 part 30 variant f rev 0
[    0.052672] clocksource jiffies: mask: 0xffffffff max_cycles: 0xffffffff, max_idle_ns: 19112604462750000 ns
[    0.062446] NET: Registered protocol family 16
[    0.065776] DMA: preallocated 256 KiB pool for atomic coherent allocations
[    0.070153] cpuidle: using governor ladder
[    0.070407] cpuidle: using governor menu
[    0.093864] Serial: AMBA PL011 UART driver
[    0.096564] 9000000.pl011: ttyS0 at MMIO 0x9000000 (irq = 54, base_baud = 0) is a PL011 rev1
[    0.105639] console [ttyS0] enabled
[    0.148499] vgaarb: loaded
[    0.151312] SCSI subsystem initialized
[    0.153303] usbcore: registered new interface driver usbfs
[    0.153940] usbcore: registered new interface driver hub
[    0.154399] usbcore: registered new device driver usb
[    0.164024] cfg80211: Calling CRDA to update world regulatory domain
[    0.166492] Switched to clocksource arch_sys_counter
[    0.184838] NET: Registered protocol family 2
[    0.190460] TCP established hash table entries: 2048 (order: 1, 8192 bytes)
[    0.190731] TCP bind hash table entries: 2048 (order: 1, 8192 bytes)
[    0.191039] TCP: Hash tables configured (established 2048 bind 2048)
[    3.333830] UDP hash table entries: 256 (order: 0, 4096 bytes)
[    3.334207] UDP-Lite hash table entries: 256 (order: 0, 4096 bytes)
[    3.336387] NET: Registered protocol family 1
[    3.336926] PCI: CLS 0 bytes, default 64
[    3.344624] NetWinder Floating Point Emulator V0.97 (extended precision)
[    3.347881] futex hash table entries: 256 (order: -1, 3072 bytes)
[    3.350959] cfg80211: Calling CRDA to update world regulatory domain
[    3.354677] squashfs: version 4.0 (2009/01/31) Phillip Lougher
[    3.356298] jffs2: version 2.2. (NAND) © 2001-2006 Red Hat, Inc.
[    3.357154] romfs: ROMFS MTD (C) 2007 Red Hat, Inc.
[    3.367676] Block layer SCSI generic (bsg) driver version 0.4 loaded (major 253)
[    3.368043] io scheduler noop registered
[    3.368280] io scheduler cfq registered (default)
[    3.369029] firmadyne: devfs: 1, execute: 1, procfs: 1, syscall: 0
[    3.370455] ------------[ cut here ]------------
[    3.370671] WARNING: CPU: 0 PID: 1 at /home/vagrant/firmadyne-kernel/kernel-v4.1/fs/sysfs/dir.c:31 sysfs_warn_dup+0x50/0x6c()
[    3.370902] sysfs: cannot create duplicate filename '/class/gpio'
[    3.371061] Modules linked in:
[    3.371403] CPU: 0 PID: 1 Comm: swapper Not tainted 4.1.17+ #1
[    3.371545] Hardware name: Generic DT based system
[    3.372283] [<c001c99c>] (unwind_backtrace) from [<c0019d30>] (show_stack+0x10/0x14)
[    3.372584] [<c0019d30>] (show_stack) from [<c0024ab4>] (warn_slowpath_common+0x80/0xa8)
[    3.372784] [<c0024ab4>] (warn_slowpath_common) from [<c0024b08>] (warn_slowpath_fmt+0x2c/0x3c)
[    3.373022] [<c0024b08>] (warn_slowpath_fmt) from [<c00e363c>] (sysfs_warn_dup+0x50/0x6c)
[    3.373213] [<c00e363c>] (sysfs_warn_dup) from [<c00e3714>] (sysfs_create_dir_ns+0x74/0x84)
[    3.373429] [<c00e3714>] (sysfs_create_dir_ns) from [<c018e6ac>] (kobject_add_internal+0xb8/0x2ac)
[    3.373636] [<c018e6ac>] (kobject_add_internal) from [<c018e9a8>] (kset_register+0x1c/0x44)
[    3.373822] [<c018e9a8>] (kset_register) from [<c02090b4>] (__class_register+0xa8/0x198)
[    3.374019] [<c02090b4>] (__class_register) from [<c02091e4>] (__class_create+0x40/0x70)
[    3.374207] [<c02091e4>] (__class_create) from [<c01adf68>] (register_devfs_stubs+0x314/0xbb4)
[    3.374409] [<c01adf68>] (register_devfs_stubs) from [<c05d9b08>] (init_module+0x28/0xa4)
[    3.374614] [<c05d9b08>] (init_module) from [<c0009670>] (do_one_initcall+0x104/0x1b4)
[    3.374789] [<c0009670>] (do_one_initcall) from [<c05c7d08>] (kernel_init_freeable+0xf0/0x1b0)
[    3.374996] [<c05c7d08>] (kernel_init_freeable) from [<c040f28c>] (kernel_init+0x8/0xe4)
[    3.375174] [<c040f28c>] (kernel_init) from [<c0016da8>] (ret_from_fork+0x14/0x2c)
[    3.375465] ---[ end trace f761c79420ba62d8 ]---
[    3.375699] ------------[ cut here ]------------
[    3.375870] WARNING: CPU: 0 PID: 1 at /home/vagrant/firmadyne-kernel/kernel-v4.1/lib/kobject.c:240 kobject_add_internal+0x240/0x2ac()
[    3.376595] kobject_add_internal failed for gpio with -EEXIST, don't try to register things with the same name in the same directory.
[    3.376857] Modules linked in:
[    3.377012] CPU: 0 PID: 1 Comm: swapper Tainted: G        W       4.1.17+ #1
[    3.377156] Hardware name: Generic DT based system
[    3.377292] [<c001c99c>] (unwind_backtrace) from [<c0019d30>] (show_stack+0x10/0x14)
[    3.377462] [<c0019d30>] (show_stack) from [<c0024ab4>] (warn_slowpath_common+0x80/0xa8)
[    3.377642] [<c0024ab4>] (warn_slowpath_common) from [<c0024b08>] (warn_slowpath_fmt+0x2c/0x3c)
[    3.377823] [<c0024b08>] (warn_slowpath_fmt) from [<c018e834>] (kobject_add_internal+0x240/0x2ac)
[    3.378029] [<c018e834>] (kobject_add_internal) from [<c018e9a8>] (kset_register+0x1c/0x44)
[    3.378218] [<c018e9a8>] (kset_register) from [<c02090b4>] (__class_register+0xa8/0x198)
[    3.378403] [<c02090b4>] (__class_register) from [<c02091e4>] (__class_create+0x40/0x70)
[    3.378573] [<c02091e4>] (__class_create) from [<c01adf68>] (register_devfs_stubs+0x314/0xbb4)
[    3.378754] [<c01adf68>] (register_devfs_stubs) from [<c05d9b08>] (init_module+0x28/0xa4)
[    3.378924] [<c05d9b08>] (init_module) from [<c0009670>] (do_one_initcall+0x104/0x1b4)
[    3.379091] [<c0009670>] (do_one_initcall) from [<c05c7d08>] (kernel_init_freeable+0xf0/0x1b0)
[    3.379282] [<c05c7d08>] (kernel_init_freeable) from [<c040f28c>] (kernel_init+0x8/0xe4)
[    3.379449] [<c040f28c>] (kernel_init) from [<c0016da8>] (ret_from_fork+0x14/0x2c)
[    3.379617] ---[ end trace f761c79420ba62d9 ]---
[    3.379785] firmadyne: Cannot create device class: gpio!
[    3.381667] firmadyne: Cannot register character device: watchdog, 0xa, 0x82!
[    3.381845] firmadyne: Cannot register character device: wdt, 0xfd, 0x0!
[    3.467212] PCI host bridge /pcie@10000000 ranges:
[    3.467872]    IO 0x3eff0000..0x3effffff -> 0x00000000
[    3.468254]   MEM 0x10000000..0x3efeffff -> 0x10000000
[    3.468388]   MEM 0x8000000000..0xffffffffff -> 0x8000000000
[    3.469082] pci-host-generic 3f000000.pcie: resource collision: [mem 0x00000000-0xffffffff] conflicts with /pl011@9000000 [mem 0x09000000-0x09000fff]
[    3.469833] pci-host-generic: probe of 3f000000.pcie failed with error -16
[    3.482613] Non-volatile memory driver v1.3
[    3.506438] brd: module loaded
[    3.517042] loop: module loaded
[    3.530076]  vda: vda1
[    3.542773] 0.flash: Found 2 x16 devices at 0x0 in 32-bit bank. Manufacturer ID 0x000000 Chip ID 0x000000
[    3.543465] Intel/Sharp Extended Query Table at 0x0031
[    3.544671] Using buffer write method
[    3.545114] erase region 0: offset=0x0,size=0x40000,blocks=256
[    3.552841] 0.flash: Found 2 x16 devices at 0x0 in 32-bit bank. Manufacturer ID 0x000000 Chip ID 0x000000
[    3.553120] Intel/Sharp Extended Query Table at 0x0031
[    3.553922] Using buffer write method
[    3.554052] erase region 0: offset=0x0,size=0x40000,blocks=256
[    3.554313] Concatenating MTD devices:
[    3.554424] (0): "0.flash"
[    3.554499] (1): "0.flash"
[    3.554566] into device "0.flash"
[    3.569061] [nandsim] warning: read_byte: unexpected data output cycle, state is STATE_READY return 0x0
[    3.569337] [nandsim] warning: read_byte: unexpected data output cycle, state is STATE_READY return 0x0
[    3.569527] [nandsim] warning: read_byte: unexpected data output cycle, state is STATE_READY return 0x0
[    3.569697] [nandsim] warning: read_byte: unexpected data output cycle, state is STATE_READY return 0x0
[    3.569867] [nandsim] warning: read_byte: unexpected data output cycle, state is STATE_READY return 0x0
[    3.570037] [nandsim] warning: read_byte: unexpected data output cycle, state is STATE_READY return 0x0
[    3.570549] nand: device found, Manufacturer ID: 0x98, Chip ID: 0x39
[    3.570699] nand: Toshiba NAND 128MiB 1,8V 8-bit
[    3.570825] nand: 128 MiB, SLC, erase size: 16 KiB, page size: 512, OOB size: 16
[    3.571801] flash size: 128 MiB
[    3.571887] page size: 512 bytes
[    3.571961] OOB area size: 16 bytes
[    3.572069] sector size: 16 KiB
[    3.572135] pages number: 262144
[    3.572201] pages per sector: 32
[    3.572268] bus width: 8
[    3.572326] bits in sector size: 14
[    3.572398] bits in page size: 9
[    3.572467] bits in OOB size: 4
[    3.572538] flash size with OOB: 135168 KiB
[    3.572654] page address bytes: 4
[    3.572727] sector address bytes: 3
[    3.572804] options: 0x42
[    6.309351] Scanning device for bad blocks
[    6.424568] firmadyne: do_execve: /firmadyne/console
[    6.424796] OFFSETS: offset of pid: 0x190 offset of comm: 0x270
[    6.425298] Creating 11 MTD partitions on "NAND 128MiB 1,8V 8-bit":
[    6.425846] 0x000000000000-0x000000100000 : "NAND simulator partition 0"
[    6.429077] 0x000000100000-0x000000200000 : "NAND simulator partition 1"
[    6.430592] 0x000000200000-0x000000300000 : "NAND simulator partition 2"
[    6.432009] 0x000000300000-0x000000400000 : "NAND simulator partition 3"
[    6.433476] 0x000000400000-0x000000500000 : "NAND simulator partition 4"
[    6.434891] 0x000000500000-0x000000600000 : "NAND simulator partition 5"
[    6.436494] 0x000000600000-0x000000700000 : "NAND simulator partition 6"
[    6.438182] 0x000000700000-0x000000800000 : "NAND simulator partition 7"
[    6.439822] 0x000000800000-0x000000900000 : "NAND simulator partition 8"
[    6.441701] 0x000000900000-0x000000a00000 : "NAND simulator partition 9"
[    6.444088] 0x000000a00000-0x000008000000 : "NAND simulator partition 10"
[    6.450454] tun: Universal TUN/TAP device driver, 1.6
[    6.450619] tun: (C) 1999-2004 Max Krasnyansky <maxk@qualcomm.com>
[    6.464904] PPP generic driver version 2.4.2
[    6.465811] PPP BSD Compression module registered
[    6.466138] PPP Deflate Compression module registered
[    6.466427] PPP MPPE Compression module registered
[    6.466573] NET: Registered protocol family 24
[    6.466936] PPTP driver version 0.8.5
[    6.468762] usbcore: registered new interface driver usb-storage
[    6.472825] rtc-pl031 9010000.pl031: rtc core: registered pl031 as rtc0
[    6.473649] hidraw: raw HID events driver (C) Jiri Kosina
[    6.474242] usbcore: registered new interface driver usbhid
[    6.474377] usbhid: USB HID core driver
[    6.474924] Netfilter messages via NETLINK v0.30.
[    6.475622] nf_conntrack version 0.5.0 (3958 buckets, 15832 max)
[    6.477503] ctnetlink v0.93: registering with nfnetlink.
[    6.479052] ipip: IPv4 over IPv4 tunneling driver
[    6.481326] gre: GRE over IPv4 demultiplexor driver
[    6.481496] ip_gre: GRE over IPv4 tunneling driver
[    6.486314] ip_tables: (C) 2000-2006 Netfilter Core Team
[    6.488041] arp_tables: (C) 2002 David S. Miller
[    6.489114] Initializing XFRM netlink socket
[    6.489642] NET: Registered protocol family 10
[    6.497089] ip6_tables: (C) 2000-2006 Netfilter Core Team
[    6.498876] sit: IPv6 over IPv4 tunneling driver
[    6.502657] NET: Registered protocol family 17
[    6.503323] bridge: automatic filtering via arp/ip/ip6tables has been deprecated. Update your scripts to load br_netfilter if you need this.
[    6.503670] Bridge firewalling registered
[    6.503813] Ebtables v2.0 registered
[    6.504364] cfg80211: Calling CRDA to update world regulatory domain
[    6.505382] 8021q: 802.1Q VLAN Support v1.8
[    6.506178] Registering SWP/SWPB emulation handler
[    6.509111] rtc-pl031 9010000.pl031: setting system clock to 2018-07-19 13:19:44 UTC (1532006384)
[    6.521451] EXT4-fs (vda1): couldn't mount as ext3 due to feature incompatibilities
[    7.155253] EXT4-fs (vda1): mounting ext2 file system using the ext4 subsystem
[    7.164826] EXT4-fs (vda1): warning: mounting unchecked fs, running e2fsck is recommended
[    7.167819] EXT4-fs (vda1): mounted filesystem without journal. Opts: (null)
[    7.168958] VFS: Mounted root (ext2 filesystem) on device 254:1.
[    7.187733] Freeing unused kernel memory: 180K (c05c7000 - c05f4000)
[    7.466953] firmadyne: sys_reboot[PID: 54 (init)]: magic1:fee1dead, magic2:28121969, cmd:0
Using /lib/modules/mvKernelExt.ko
insmod: kernel-module version mismatch
	/lib/modules/mvKernelExt.ko was compiled for kernel version 
	while this kernel is version 4.1.17+.
Using /lib/modules/mvPpDrv.ko
insmod: kernel-module version mismatch
	/lib/modules/mvPpDrv.ko was compiled for kernel version 
	while this kernel is version 4.1.17+.
Fri May 23 14:32:00 UTC 2008

[   10.246777] cfg80211: Calling CRDA to update world regulatory domain



Linux MARVELL_LINUX 4.1.17+ #1 Thu Feb 18 01:05:21 UTC 2016


Welcome to Embedded Linux
           _  _
          | ||_|
          | | _ ____  _   _  _  _ 
          | || |  _ \| | | |\ \/ /
          | || | | | | |_| |/    \
          |_||_|_| |_|\____|\_/\_/

          On Marvell's ARM board

For further information on the Marvell products check:
http://www.marvell.com/

toochain=gnueabi

Enjoy!



BusyBox v1.01 (2008.10.02-12:33+0000) Built-in shell (ash)
Enter 'help' for a list of built-in commands.

/ # [   13.396783] cfg80211: Calling CRDA to update world regulatory domain
[   16.546710] cfg80211: Calling CRDA to update world regulatory domain
[   19.698714] cfg80211: Calling CRDA to update world regulatory domain
[   22.846619] cfg80211: Calling CRDA to update world regulatory domain
[   25.997569] cfg80211: Calling CRDA to update world regulatory domain
[   29.146611] cfg80211: Calling CRDA to update world regulatory domain
[   32.296870] cfg80211: Calling CRDA to update world regulatory domain
[   35.446631] cfg80211: Exceeded CRDA call max attempts. Not calling CRDA
