>> Database Image ID: 208

/home/zhumengfan/firmware/firmwares/8bb5b6f2836e6285e799d1bef9de35b55c6eeef9.ZIP
>> MD5: e6d172b7dbcb6faec83f088ed113b980
>> Tag: 208
>> Temp: /tmp/tmpgzHPWB
>> Status: Kernel: True, Rootfs: False, Do_Kernel: False,                 Do_Rootfs: True
>>>> Zip archive data, at least v2.0 to extract, compressed size: 6383630, uncompressed size: 6410192, name: DGS-121010P_FIRMWARE_2.01.014.HEX
>> Recursing into archive ...
	
/tmp/tmpgzHPWB/_8bb5b6f2836e6285e799d1bef9de35b55c6eeef9.ZIP.extracted/DGS-121010P_FIRMWARE_2.01.014.HEX
	>> MD5: 901a39b797308a6ceddfac55bc9cdcc0
	>> Tag: 208
	>> Temp: /tmp/tmpHLtt2e
	>> Status: Kernel: True, Rootfs: False, Do_Kernel: False,                 Do_Rootfs: True
	>>>> Squashfs filesystem, little endian, version 3.1, size: 5227801 bytes, 218 inodes, blocksize: 131072 bytes, created: 2011-07-15 07:23:14
	>>>> Found Linux filesystem in /tmp/tmpHLtt2e/_DGS-121010P_FIRMWARE_2.01.014.HEX.extracted/squashfs-root!
	>> Skipping: completed!
	>> Cleaning up /tmp/tmpHLtt2e...
>> Skipping: completed!
>> Cleaning up /tmp/tmpgzHPWB...
./bin/busybox: armel
Querying database for architecture... armel
----Running----
----Copying Filesystem Tarball----
----Creating QEMU Image----
Formatting '/home/zhumengfan/firmadyne//scratch//208//image.raw', fmt=raw size=1073741824
----Creating Partition Table----

Welcome to fdisk (util-linux 2.27.1).
Changes will remain in memory only, until you decide to write them.
Be careful before using the write command.

Device does not contain a recognized partition table.
Created a new DOS disklabel with disk identifier 0x875ef9a0.

Command (m for help): Created a new DOS disklabel with disk identifier 0x613cf27c.

Command (m for help): Partition type
   p   primary (0 primary, 0 extended, 4 free)
   e   extended (container for logical partitions)
Select (default p): Partition number (1-4, default 1): First sector (2048-2097151, default 2048): Last sector, +sectors or +size{K,M,G,T,P} (2048-2097151, default 2097151): 
Created a new partition 1 of type 'Linux' and of size 1023 MiB.

Command (m for help): The partition table has been altered.
Syncing disks.

----Mounting QEMU Image----
add map loop0p1 (252:0): 0 2095104 linear 7:0 2048
----Creating Filesystem----
mke2fs 1.42.13 (17-May-2015)
Discarding device blocks:   4096/261888             done                            
Creating filesystem with 261888 4k blocks and 65536 inodes
Filesystem UUID: 4598d687-bd35-4945-bc06-b4681957acd8
Superblock backups stored on blocks: 
	32768, 98304, 163840, 229376

Allocating group tables: 0/8   done                            
Writing inode tables: 0/8   done                            
Writing superblocks and filesystem accounting information: 0/8   done

----Making QEMU Image Mountpoint----
----Mounting QEMU Image Partition 1----
----Extracting Filesystem Tarball----
----Creating FIRMADYNE Directories----
----Patching Filesystem (chroot)----
Creating /etc/TZ!
Creating /etc/hosts!
Warning: Recreating device nodes!
Removing /etc/scripts/sys_resetbutton!
----Setting up FIRMADYNE----
----Unmounting QEMU Image----
loop deleted : /dev/loop0
Querying database for architecture... armel
Running firmware 208: terminating after 60 secs...
qemu-system-arm: terminating on signal 2 from pid 173402 (timeout)
Inferring network...
Interfaces: []
Done!
[    0.000000] Booting Linux on physical CPU 0x0
[    0.000000] Linux version 4.1.17+ (vagrant@vagrant-ubuntu-trusty-64) (gcc version 5.3.0 (GCC) ) #1 Thu Feb 18 01:05:21 UTC 2016
[    0.000000] CPU: ARMv7 Processor [412fc0f1] revision 1 (ARMv7), cr=10c5387d
[    0.000000] CPU: PIPT / VIPT nonaliasing data cache, PIPT instruction cache
[    0.000000] Machine model: linux,dummy-virt
[    0.000000] debug: ignoring loglevel setting.
[    0.000000] Memory policy: Data cache writeback
[    0.000000] On node 0 totalpages: 65536
[    0.000000] free_area_init_node: node 0, pgdat c061dfe8, node_mem_map cfdf9000
[    0.000000]   Normal zone: 512 pages used for memmap
[    0.000000]   Normal zone: 0 pages reserved
[    0.000000]   Normal zone: 65536 pages, LIFO batch:15
[    0.000000] psci: probing for conduit method from DT.
[    0.000000] psci: PSCIv0.2 detected in firmware.
[    0.000000] psci: Using standard PSCI v0.2 function IDs
[    0.000000] CPU: All CPU(s) started in SVC mode.
[    0.000000] pcpu-alloc: s0 r0 d32768 u32768 alloc=1*32768
[    0.000000] pcpu-alloc: [0] 0 
[    0.000000] Built 1 zonelists in Zone order, mobility grouping on.  Total pages: 65024
[    0.000000] Kernel command line: firmadyne.syscall=1 root=/dev/vda1 console=ttyS0 nandsim.parts=64,64,64,64,64,64,64,64,64,64 rdinit=/firmadyne/preInit.sh rw debug ignore_loglevel print-fatal-signals=1 user_debug=31
[    0.000000] PID hash table entries: 1024 (order: 0, 4096 bytes)
[    0.000000] Dentry cache hash table entries: 32768 (order: 5, 131072 bytes)
[    0.000000] Inode-cache hash table entries: 16384 (order: 4, 65536 bytes)
[    0.000000] Memory: 253340K/262144K available (4297K kernel code, 170K rwdata, 1584K rodata, 180K init, 148K bss, 8804K reserved, 0K cma-reserved)
[    0.000000] Virtual kernel memory layout:
[    0.000000]     vector  : 0xffff0000 - 0xffff1000   (   4 kB)
[    0.000000]     fixmap  : 0xffc00000 - 0xfff00000   (3072 kB)
[    0.000000]     vmalloc : 0xd0800000 - 0xff000000   ( 744 MB)
[    0.000000]     lowmem  : 0xc0000000 - 0xd0000000   ( 256 MB)
[    0.000000]     modules : 0xbf000000 - 0xc0000000   (  16 MB)
[    0.000000]       .text : 0xc0008000 - 0xc05c67bc   (5882 kB)
[    0.000000]       .init : 0xc05c7000 - 0xc05f4000   ( 180 kB)
[    0.000000]       .data : 0xc05f4000 - 0xc061e840   ( 171 kB)
[    0.000000]        .bss : 0xc0621000 - 0xc06462d4   ( 149 kB)
[    0.000000] NR_IRQS:16 nr_irqs:16 16
[    0.000000] Architected cp15 timer(s) running at 62.50MHz (virt).
[    0.000000] clocksource arch_sys_counter: mask: 0xffffffffffffff max_cycles: 0x1cd42e208c, max_idle_ns: 881590405314 ns
[    0.000156] sched_clock: 56 bits at 62MHz, resolution 16ns, wraps every 4398046511096ns
[    0.000298] Switching to timer-based delay loop, resolution 16ns
[    0.003386] Console: colour dummy device 80x30
[    0.003716] Calibrating delay loop (skipped), value calculated using timer frequency.. 125.00 BogoMIPS (lpj=625000)
[    0.003849] pid_max: default: 32768 minimum: 301
[    0.004749] Mount-cache hash table entries: 1024 (order: 0, 4096 bytes)
[    0.004787] Mountpoint-cache hash table entries: 1024 (order: 0, 4096 bytes)
[    0.015146] CPU: Testing write buffer coherency: ok
[    0.681961] Setting up static identity map for 0x40008240 - 0x40008298
[    0.696803] VFP support v0.3: implementor 41 architecture 4 part 30 variant f rev 0
[    0.708667] clocksource jiffies: mask: 0xffffffff max_cycles: 0xffffffff, max_idle_ns: 19112604462750000 ns
[    0.717762] NET: Registered protocol family 16
[    1.370686] DMA: preallocated 256 KiB pool for atomic coherent allocations
[    1.374869] cpuidle: using governor ladder
[    1.375022] cpuidle: using governor menu
[    1.396039] Serial: AMBA PL011 UART driver
[    1.398237] 9000000.pl011: ttyS0 at MMIO 0x9000000 (irq = 54, base_baud = 0) is a PL011 rev1
[    1.405769] console [ttyS0] enabled
[    1.428491] vgaarb: loaded
[    1.430159] SCSI subsystem initialized
[    1.431249] usbcore: registered new interface driver usbfs
[    1.431609] usbcore: registered new interface driver hub
[    1.431923] usbcore: registered new device driver usb
[    2.638774] cfg80211: Calling CRDA to update world regulatory domain
[    2.641118] Switched to clocksource arch_sys_counter
[    2.659747] NET: Registered protocol family 2
[    2.665211] TCP established hash table entries: 2048 (order: 1, 8192 bytes)
[    2.665489] TCP bind hash table entries: 2048 (order: 1, 8192 bytes)
[    2.665794] TCP: Hash tables configured (established 2048 bind 2048)
[    2.666332] UDP hash table entries: 256 (order: 0, 4096 bytes)
[    2.666578] UDP-Lite hash table entries: 256 (order: 0, 4096 bytes)
[    2.668081] NET: Registered protocol family 1
[    2.668540] PCI: CLS 0 bytes, default 64
[    2.675820] NetWinder Floating Point Emulator V0.97 (extended precision)
[    2.678547] futex hash table entries: 256 (order: -1, 3072 bytes)
[    2.684120] squashfs: version 4.0 (2009/01/31) Phillip Lougher
[    2.685172] jffs2: version 2.2. (NAND) © 2001-2006 Red Hat, Inc.
[    2.685988] romfs: ROMFS MTD (C) 2007 Red Hat, Inc.
[    2.695028] Block layer SCSI generic (bsg) driver version 0.4 loaded (major 253)
[    2.695371] io scheduler noop registered
[    2.695595] io scheduler cfq registered (default)
[    2.696266] firmadyne: devfs: 1, execute: 1, procfs: 1, syscall: 1
[    2.697615] ------------[ cut here ]------------
[    2.697815] WARNING: CPU: 0 PID: 1 at /home/vagrant/firmadyne-kernel/kernel-v4.1/fs/sysfs/dir.c:31 sysfs_warn_dup+0x50/0x6c()
[    2.698039] sysfs: cannot create duplicate filename '/class/gpio'
[    2.698199] Modules linked in:
[    2.698504] CPU: 0 PID: 1 Comm: swapper Not tainted 4.1.17+ #1
[    2.698638] Hardware name: Generic DT based system
[    2.699324] [<c001c99c>] (unwind_backtrace) from [<c0019d30>] (show_stack+0x10/0x14)
[    2.699597] [<c0019d30>] (show_stack) from [<c0024ab4>] (warn_slowpath_common+0x80/0xa8)
[    2.699792] [<c0024ab4>] (warn_slowpath_common) from [<c0024b08>] (warn_slowpath_fmt+0x2c/0x3c)
[    4.028247] [<c0024b08>] (warn_slowpath_fmt) from [<c00e363c>] (sysfs_warn_dup+0x50/0x6c)
[    4.028499] [<c00e363c>] (sysfs_warn_dup) from [<c00e3714>] (sysfs_create_dir_ns+0x74/0x84)
[    4.028683] [<c00e3714>] (sysfs_create_dir_ns) from [<c018e6ac>] (kobject_add_internal+0xb8/0x2ac)
[    4.028869] [<c018e6ac>] (kobject_add_internal) from [<c018e9a8>] (kset_register+0x1c/0x44)
[    4.029044] [<c018e9a8>] (kset_register) from [<c02090b4>] (__class_register+0xa8/0x198)
[    4.029216] [<c02090b4>] (__class_register) from [<c02091e4>] (__class_create+0x40/0x70)
[    4.029388] [<c02091e4>] (__class_create) from [<c01adf68>] (register_devfs_stubs+0x314/0xbb4)
[    4.029568] [<c01adf68>] (register_devfs_stubs) from [<c05d9b08>] (init_module+0x28/0xa4)
[    4.029772] [<c05d9b08>] (init_module) from [<c0009670>] (do_one_initcall+0x104/0x1b4)
[    4.029976] [<c0009670>] (do_one_initcall) from [<c05c7d08>] (kernel_init_freeable+0xf0/0x1b0)
[    4.030158] [<c05c7d08>] (kernel_init_freeable) from [<c040f28c>] (kernel_init+0x8/0xe4)
[    4.030324] [<c040f28c>] (kernel_init) from [<c0016da8>] (ret_from_fork+0x14/0x2c)
[    4.030615] ---[ end trace ef8d3ee9cd22823f ]---
[    4.030915] ------------[ cut here ]------------
[    4.031040] WARNING: CPU: 0 PID: 1 at /home/vagrant/firmadyne-kernel/kernel-v4.1/lib/kobject.c:240 kobject_add_internal+0x240/0x2ac()
[    4.031260] kobject_add_internal failed for gpio with -EEXIST, don't try to register things with the same name in the same directory.
[    4.031472] Modules linked in:
[    4.031625] CPU: 0 PID: 1 Comm: swapper Tainted: G        W       4.1.17+ #1
[    4.031761] Hardware name: Generic DT based system
[    4.031883] [<c001c99c>] (unwind_backtrace) from [<c0019d30>] (show_stack+0x10/0x14)
[    4.032046] [<c0019d30>] (show_stack) from [<c0024ab4>] (warn_slowpath_common+0x80/0xa8)
[    4.032215] [<c0024ab4>] (warn_slowpath_common) from [<c0024b08>] (warn_slowpath_fmt+0x2c/0x3c)
[    4.032422] [<c0024b08>] (warn_slowpath_fmt) from [<c018e834>] (kobject_add_internal+0x240/0x2ac)
[    4.032614] [<c018e834>] (kobject_add_internal) from [<c018e9a8>] (kset_register+0x1c/0x44)
[    4.032784] [<c018e9a8>] (kset_register) from [<c02090b4>] (__class_register+0xa8/0x198)
[    4.032950] [<c02090b4>] (__class_register) from [<c02091e4>] (__class_create+0x40/0x70)
[    4.033115] [<c02091e4>] (__class_create) from [<c01adf68>] (register_devfs_stubs+0x314/0xbb4)
[    4.033292] [<c01adf68>] (register_devfs_stubs) from [<c05d9b08>] (init_module+0x28/0xa4)
[    4.033460] [<c05d9b08>] (init_module) from [<c0009670>] (do_one_initcall+0x104/0x1b4)
[    4.033624] [<c0009670>] (do_one_initcall) from [<c05c7d08>] (kernel_init_freeable+0xf0/0x1b0)
[    4.033796] [<c05c7d08>] (kernel_init_freeable) from [<c040f28c>] (kernel_init+0x8/0xe4)
[    4.033957] [<c040f28c>] (kernel_init) from [<c0016da8>] (ret_from_fork+0x14/0x2c)
[    4.034120] ---[ end trace ef8d3ee9cd228240 ]---
[    4.034287] firmadyne: Cannot create device class: gpio!
[    4.036155] firmadyne: Cannot register character device: watchdog, 0xa, 0x82!
[    4.036331] firmadyne: Cannot register character device: wdt, 0xfd, 0x0!
[    4.118142] PCI host bridge /pcie@10000000 ranges:
[    4.118722]    IO 0x3eff0000..0x3effffff -> 0x00000000
[    4.119096]   MEM 0x10000000..0x3efeffff -> 0x10000000
[    4.119225]   MEM 0x8000000000..0xffffffffff -> 0x8000000000
[    4.119904] pci-host-generic 3f000000.pcie: resource collision: [mem 0x00000000-0xffffffff] conflicts with /pl011@9000000 [mem 0x09000000-0x09000fff]
[    4.120631] pci-host-generic: probe of 3f000000.pcie failed with error -16
[    4.132575] Non-volatile memory driver v1.3
[    5.231042] brd: module loaded
[    5.241829] loop: module loaded
[    6.568862] cfg80211: Calling CRDA to update world regulatory domain
[    6.573433]  vda: vda1
[    6.585704] 0.flash: Found 2 x16 devices at 0x0 in 32-bit bank. Manufacturer ID 0x000000 Chip ID 0x000000
[    6.586369] Intel/Sharp Extended Query Table at 0x0031
[    6.587611] Using buffer write method
[    6.589311] erase region 0: offset=0x0,size=0x40000,blocks=256
[    6.596865] 0.flash: Found 2 x16 devices at 0x0 in 32-bit bank. Manufacturer ID 0x000000 Chip ID 0x000000
[    6.597119] Intel/Sharp Extended Query Table at 0x0031
[    6.597910] Using buffer write method
[    6.598027] erase region 0: offset=0x0,size=0x40000,blocks=256
[    6.598247] Concatenating MTD devices:
[    6.598351] (0): "0.flash"
[    6.598422] (1): "0.flash"
[    6.598487] into device "0.flash"
[    7.930511] [nandsim] warning: read_byte: unexpected data output cycle, state is STATE_READY return 0x0
[    7.930747] [nandsim] warning: read_byte: unexpected data output cycle, state is STATE_READY return 0x0
[    7.931042] [nandsim] warning: read_byte: unexpected data output cycle, state is STATE_READY return 0x0
[    7.931225] [nandsim] warning: read_byte: unexpected data output cycle, state is STATE_READY return 0x0
[    7.931397] [nandsim] warning: read_byte: unexpected data output cycle, state is STATE_READY return 0x0
[    7.931575] [nandsim] warning: read_byte: unexpected data output cycle, state is STATE_READY return 0x0
[    7.932006] nand: device found, Manufacturer ID: 0x98, Chip ID: 0x39
[    7.932154] nand: Toshiba NAND 128MiB 1,8V 8-bit
[    7.932276] nand: 128 MiB, SLC, erase size: 16 KiB, page size: 512, OOB size: 16
[    7.933182] flash size: 128 MiB
[    7.933265] page size: 512 bytes
[    7.933339] OOB area size: 16 bytes
[    7.933417] sector size: 16 KiB
[    7.933491] pages number: 262144
[    7.933563] pages per sector: 32
[    7.933634] bus width: 8
[    7.933694] bits in sector size: 14
[    7.933770] bits in page size: 9
[    7.933845] bits in OOB size: 4
[    7.933920] flash size with OOB: 135168 KiB
[    7.934008] page address bytes: 4
[    7.934080] sector address bytes: 3
[    7.934157] options: 0x42
[    8.092533] Scanning device for bad blocks
[    8.199385] firmadyne: do_execve: /firmadyne/console
[    8.199590] OFFSETS: offset of pid: 0x190 offset of comm: 0x270
[    8.200067] Creating 11 MTD partitions on "NAND 128MiB 1,8V 8-bit":
[    8.200490] 0x000000000000-0x000000100000 : "NAND simulator partition 0"
[    8.202839] 0x000000100000-0x000000200000 : "NAND simulator partition 1"
[    8.204289] 0x000000200000-0x000000300000 : "NAND simulator partition 2"
[    8.205745] 0x000000300000-0x000000400000 : "NAND simulator partition 3"
[    8.207191] 0x000000400000-0x000000500000 : "NAND simulator partition 4"
[    8.208646] 0x000000500000-0x000000600000 : "NAND simulator partition 5"
[    8.210139] 0x000000600000-0x000000700000 : "NAND simulator partition 6"
[    8.211853] 0x000000700000-0x000000800000 : "NAND simulator partition 7"
[    8.213251] 0x000000800000-0x000000900000 : "NAND simulator partition 8"
[    8.214644] 0x000000900000-0x000000a00000 : "NAND simulator partition 9"
[    8.216064] 0x000000a00000-0x000008000000 : "NAND simulator partition 10"
[    8.221769] tun: Universal TUN/TAP device driver, 1.6
[    8.221896] tun: (C) 1999-2004 Max Krasnyansky <maxk@qualcomm.com>
[   10.192565] PPP generic driver version 2.4.2
[   10.193419] PPP BSD Compression module registered
[   10.193602] PPP Deflate Compression module registered
[   10.193852] PPP MPPE Compression module registered
[   10.193990] NET: Registered protocol family 24
[   10.194331] PPTP driver version 0.8.5
[   10.195206] cfg80211: Calling CRDA to update world regulatory domain
[   11.527815] usbcore: registered new interface driver usb-storage
[   11.531603] rtc-pl031 9010000.pl031: rtc core: registered pl031 as rtc0
[   11.532433] hidraw: raw HID events driver (C) Jiri Kosina
[   11.532994] usbcore: registered new interface driver usbhid
[   11.533125] usbhid: USB HID core driver
[   11.533607] Netfilter messages via NETLINK v0.30.
[   11.534273] nf_conntrack version 0.5.0 (3958 buckets, 15832 max)
[   11.535750] ctnetlink v0.93: registering with nfnetlink.
[   11.537208] ipip: IPv4 over IPv4 tunneling driver
[   11.539401] gre: GRE over IPv4 demultiplexor driver
[   11.539567] ip_gre: GRE over IPv4 tunneling driver
[   11.544442] ip_tables: (C) 2000-2006 Netfilter Core Team
[   11.546187] arp_tables: (C) 2002 David S. Miller
[   11.547257] Initializing XFRM netlink socket
[   11.547786] NET: Registered protocol family 10
[   11.555159] ip6_tables: (C) 2000-2006 Netfilter Core Team
[   11.556938] sit: IPv6 over IPv4 tunneling driver
[   11.560998] NET: Registered protocol family 17
[   11.561682] bridge: automatic filtering via arp/ip/ip6tables has been deprecated. Update your scripts to load br_netfilter if you need this.
[   11.562035] Bridge firewalling registered
[   11.562178] Ebtables v2.0 registered
[   12.864438] 8021q: 802.1Q VLAN Support v1.8
[   12.865209] Registering SWP/SWPB emulation handler
[   12.868178] rtc-pl031 9010000.pl031: setting system clock to 2018-07-19 15:26:30 UTC (1532013990)
[   12.878713] EXT4-fs (vda1): couldn't mount as ext3 due to feature incompatibilities
[   12.880354] EXT4-fs (vda1): mounting ext2 file system using the ext4 subsystem
[   12.891511] EXT4-fs (vda1): mounted filesystem without journal. Opts: (null)
[   12.892629] VFS: Mounted root (ext2 filesystem) on device 254:1.
[   12.910742] Freeing unused kernel memory: 180K (c05c7000 - c05f4000)
[   14.220256] cfg80211: Calling CRDA to update world regulatory domain
[   15.390242] firmadyne: sys_reboot[PID: 54 (init)]: magic1:fee1dead, magic2:28121969, cmd:0
[   15.411592] firmadyne: sys_socket[PID: 1 (init)]: family:1, type:2, protocol:0
[   15.421813] firmadyne: sys_socket[PID: 55 (init)]: family:1, type:2, protocol:0
[   17.832045] cfg80211: Calling CRDA to update world regulatory domain
[   20.149823] firmadyne: sys_socket[PID: 64 (telnetd)]: family:2, type:1, protocol:0
[   20.156990] firmadyne: sys_setsockopt[PID: 64 (telnetd)]: fd:3, level:1, optname:2
[   20.158006] firmadyne: inet_bind[PID: 64 (telnetd)]: proto:SOCK_STREAM, port:23
[   21.389317] cfg80211: Calling CRDA to update world regulatory domain
Using /lib/modules/mvKernelExt.ko
insmod: kernel-module version mismatch
	/lib/modules/mvKernelExt.ko was compiled for kernel version 
	while this kernel is version 4.1.17+.
Using /lib/modules/mvPpDrv.ko
insmod: kernel-module version mismatch
	/lib/modules/mvPpDrv.ko was compiled for kernel version 
	while this kernel is version 4.1.17+.
Fri May 23 14:32:00 UTC 2008
[   24.417893] firmadyne: sys_socket[PID: 72 (ifconfig)]: family:2, type:2, protocol:0
[   24.419753] firmadyne: __inet_insert_ifa[PID: 72 (ifconfig)]: device:lo ifa:0x0100007f
[   24.424908] firmadyne: __inet_insert_ifa[PID: 72 (ifconfig)]: device:lo ifa:0x0100007f
[   24.790745] cfg80211: Calling CRDA to update world regulatory domain




Linux MARVELL_LINUX 4.1.17+ #1 Thu Feb 18 01:05:21 UTC 2016


Welcome to Embedded Linux
           _  _
          | ||_|
          | | _ ____  _   _  _  _ 
          | || |  _ \| | | |\ \/ /
          | || | | | | |_| |/    \
          |_||_|_| |_|\____|\_/\_/

          On Marvell's ARM board

For further information on the Marvell products check:
http://www.marvell.com/

toochain=gnueabi

Enjoy!

[   28.365398] cfg80211: Calling CRDA to update world regulatory domain
[   31.668817] cfg80211: Calling CRDA to update world regulatory domain


BusyBox v1.01 (2008.10.02-12:33+0000) Built-in shell (ash)
Enter 'help' for a list of built-in commands.

/ # [   34.811518] cfg80211: Calling CRDA to update world regulatory domain
[   37.961458] cfg80211: Calling CRDA to update world regulatory domain
[   41.112814] cfg80211: Exceeded CRDA call max attempts. Not calling CRDA
Starting firmware emulation... use Ctrl-a + x to exit
qemu-system-arm: terminating on signal 2 from pid 173533 (timeout)
[    0.000000] Booting Linux on physical CPU 0x0
[    0.000000] Linux version 4.1.17+ (vagrant@vagrant-ubuntu-trusty-64) (gcc version 5.3.0 (GCC) ) #1 Thu Feb 18 01:05:21 UTC 2016
[    0.000000] CPU: ARMv7 Processor [412fc0f1] revision 1 (ARMv7), cr=10c5387d
[    0.000000] CPU: PIPT / VIPT nonaliasing data cache, PIPT instruction cache
[    0.000000] Machine model: linux,dummy-virt
[    0.000000] debug: ignoring loglevel setting.
[    0.000000] Memory policy: Data cache writeback
[    0.000000] On node 0 totalpages: 65536
[    0.000000] free_area_init_node: node 0, pgdat c061dfe8, node_mem_map cfdf9000
[    0.000000]   Normal zone: 512 pages used for memmap
[    0.000000]   Normal zone: 0 pages reserved
[    0.000000]   Normal zone: 65536 pages, LIFO batch:15
[    0.000000] psci: probing for conduit method from DT.
[    0.000000] psci: PSCIv0.2 detected in firmware.
[    0.000000] psci: Using standard PSCI v0.2 function IDs
[    0.000000] CPU: All CPU(s) started in SVC mode.
[    0.000000] pcpu-alloc: s0 r0 d32768 u32768 alloc=1*32768
[    0.000000] pcpu-alloc: [0] 0 
[    0.000000] Built 1 zonelists in Zone order, mobility grouping on.  Total pages: 65024
[    0.000000] Kernel command line: root=/dev/vda1 console=ttyS0 nandsim.parts=64,64,64,64,64,64,64,64,64,64 rdinit=/firmadyne/preInit.sh rw debug ignore_loglevel print-fatal-signals=1 user_debug=31 firmadyne.syscall=0
[    0.000000] PID hash table entries: 1024 (order: 0, 4096 bytes)
[    0.000000] Dentry cache hash table entries: 32768 (order: 5, 131072 bytes)
[    0.000000] Inode-cache hash table entries: 16384 (order: 4, 65536 bytes)
[    0.000000] Memory: 253340K/262144K available (4297K kernel code, 170K rwdata, 1584K rodata, 180K init, 148K bss, 8804K reserved, 0K cma-reserved)
[    0.000000] Virtual kernel memory layout:
[    0.000000]     vector  : 0xffff0000 - 0xffff1000   (   4 kB)
[    0.000000]     fixmap  : 0xffc00000 - 0xfff00000   (3072 kB)
[    0.000000]     vmalloc : 0xd0800000 - 0xff000000   ( 744 MB)
[    0.000000]     lowmem  : 0xc0000000 - 0xd0000000   ( 256 MB)
[    0.000000]     modules : 0xbf000000 - 0xc0000000   (  16 MB)
[    0.000000]       .text : 0xc0008000 - 0xc05c67bc   (5882 kB)
[    0.000000]       .init : 0xc05c7000 - 0xc05f4000   ( 180 kB)
[    0.000000]       .data : 0xc05f4000 - 0xc061e840   ( 171 kB)
[    0.000000]        .bss : 0xc0621000 - 0xc06462d4   ( 149 kB)
[    0.000000] NR_IRQS:16 nr_irqs:16 16
[    0.000000] Architected cp15 timer(s) running at 62.50MHz (virt).
[    0.000000] clocksource arch_sys_counter: mask: 0xffffffffffffff max_cycles: 0x1cd42e208c, max_idle_ns: 881590405314 ns
[    0.000166] sched_clock: 56 bits at 62MHz, resolution 16ns, wraps every 4398046511096ns
[    0.000328] Switching to timer-based delay loop, resolution 16ns
[    0.003634] Console: colour dummy device 80x30
[    0.003995] Calibrating delay loop (skipped), value calculated using timer frequency.. 125.00 BogoMIPS (lpj=625000)
[    0.004151] pid_max: default: 32768 minimum: 301
[    0.005093] Mount-cache hash table entries: 1024 (order: 0, 4096 bytes)
[    0.005134] Mountpoint-cache hash table entries: 1024 (order: 0, 4096 bytes)
[    0.015916] CPU: Testing write buffer coherency: ok
[    0.022444] Setting up static identity map for 0x40008240 - 0x40008298
[    0.037921] VFP support v0.3: implementor 41 architecture 4 part 30 variant f rev 0
[    0.050047] clocksource jiffies: mask: 0xffffffff max_cycles: 0xffffffff, max_idle_ns: 19112604462750000 ns
[    0.059865] NET: Registered protocol family 16
[    0.063272] DMA: preallocated 256 KiB pool for atomic coherent allocations
[    0.067559] cpuidle: using governor ladder
[    0.067717] cpuidle: using governor menu
[    0.089352] Serial: AMBA PL011 UART driver
[    0.091604] 9000000.pl011: ttyS0 at MMIO 0x9000000 (irq = 54, base_baud = 0) is a PL011 rev1
[    0.099472] console [ttyS0] enabled
[    0.987429] vgaarb: loaded
[    0.988975] SCSI subsystem initialized
[    0.990058] usbcore: registered new interface driver usbfs
[    0.990415] usbcore: registered new interface driver hub
[    0.990731] usbcore: registered new device driver usb
[    1.000712] cfg80211: Calling CRDA to update world regulatory domain
[    1.003179] Switched to clocksource arch_sys_counter
[    1.022030] NET: Registered protocol family 2
[    1.027875] TCP established hash table entries: 2048 (order: 1, 8192 bytes)
[    1.028166] TCP bind hash table entries: 2048 (order: 1, 8192 bytes)
[    1.028478] TCP: Hash tables configured (established 2048 bind 2048)
[    1.029049] UDP hash table entries: 256 (order: 0, 4096 bytes)
[    1.029300] UDP-Lite hash table entries: 256 (order: 0, 4096 bytes)
[    1.030759] NET: Registered protocol family 1
[    1.031216] PCI: CLS 0 bytes, default 64
[    1.038845] NetWinder Floating Point Emulator V0.97 (extended precision)
[    1.041751] futex hash table entries: 256 (order: -1, 3072 bytes)
[    1.047736] squashfs: version 4.0 (2009/01/31) Phillip Lougher
[    1.049214] jffs2: version 2.2. (NAND) © 2001-2006 Red Hat, Inc.
[    1.050048] romfs: ROMFS MTD (C) 2007 Red Hat, Inc.
[    1.059245] Block layer SCSI generic (bsg) driver version 0.4 loaded (major 253)
[    1.059594] io scheduler noop registered
[    1.059846] io scheduler cfq registered (default)
[    1.060529] firmadyne: devfs: 1, execute: 1, procfs: 1, syscall: 0
[    1.061893] ------------[ cut here ]------------
[    1.062138] WARNING: CPU: 0 PID: 1 at /home/vagrant/firmadyne-kernel/kernel-v4.1/fs/sysfs/dir.c:31 sysfs_warn_dup+0x50/0x6c()
[    1.062359] sysfs: cannot create duplicate filename '/class/gpio'
[    1.062514] Modules linked in:
[    1.062864] CPU: 0 PID: 1 Comm: swapper Not tainted 4.1.17+ #1
[    1.063161] Hardware name: Generic DT based system
[    1.063928] [<c001c99c>] (unwind_backtrace) from [<c0019d30>] (show_stack+0x10/0x14)
[    1.064221] [<c0019d30>] (show_stack) from [<c0024ab4>] (warn_slowpath_common+0x80/0xa8)
[    1.064413] [<c0024ab4>] (warn_slowpath_common) from [<c0024b08>] (warn_slowpath_fmt+0x2c/0x3c)
[    1.064639] [<c0024b08>] (warn_slowpath_fmt) from [<c00e363c>] (sysfs_warn_dup+0x50/0x6c)
[    1.064847] [<c00e363c>] (sysfs_warn_dup) from [<c00e3714>] (sysfs_create_dir_ns+0x74/0x84)
[    1.065039] [<c00e3714>] (sysfs_create_dir_ns) from [<c018e6ac>] (kobject_add_internal+0xb8/0x2ac)
[    1.065236] [<c018e6ac>] (kobject_add_internal) from [<c018e9a8>] (kset_register+0x1c/0x44)
[    1.065420] [<c018e9a8>] (kset_register) from [<c02090b4>] (__class_register+0xa8/0x198)
[    1.065639] [<c02090b4>] (__class_register) from [<c02091e4>] (__class_create+0x40/0x70)
[    1.065816] [<c02091e4>] (__class_create) from [<c01adf68>] (register_devfs_stubs+0x314/0xbb4)
[    1.066000] [<c01adf68>] (register_devfs_stubs) from [<c05d9b08>] (init_module+0x28/0xa4)
[    1.066208] [<c05d9b08>] (init_module) from [<c0009670>] (do_one_initcall+0x104/0x1b4)
[    1.066395] [<c0009670>] (do_one_initcall) from [<c05c7d08>] (kernel_init_freeable+0xf0/0x1b0)
[    1.066616] [<c05c7d08>] (kernel_init_freeable) from [<c040f28c>] (kernel_init+0x8/0xe4)
[    1.066810] [<c040f28c>] (kernel_init) from [<c0016da8>] (ret_from_fork+0x14/0x2c)
[    1.067073] ---[ end trace 86068aee9754d3ae ]---
[    1.067281] ------------[ cut here ]------------
[    1.067410] WARNING: CPU: 0 PID: 1 at /home/vagrant/firmadyne-kernel/kernel-v4.1/lib/kobject.c:240 kobject_add_internal+0x240/0x2ac()
[    1.067630] kobject_add_internal failed for gpio with -EEXIST, don't try to register things with the same name in the same directory.
[    1.067842] Modules linked in:
[    1.067991] CPU: 0 PID: 1 Comm: swapper Tainted: G        W       4.1.17+ #1
[    1.068129] Hardware name: Generic DT based system
[    1.068249] [<c001c99c>] (unwind_backtrace) from [<c0019d30>] (show_stack+0x10/0x14)
[    1.068414] [<c0019d30>] (show_stack) from [<c0024ab4>] (warn_slowpath_common+0x80/0xa8)
[    1.068585] [<c0024ab4>] (warn_slowpath_common) from [<c0024b08>] (warn_slowpath_fmt+0x2c/0x3c)
[    1.068766] [<c0024b08>] (warn_slowpath_fmt) from [<c018e834>] (kobject_add_internal+0x240/0x2ac)
[    1.068959] [<c018e834>] (kobject_add_internal) from [<c018e9a8>] (kset_register+0x1c/0x44)
[    1.069131] [<c018e9a8>] (kset_register) from [<c02090b4>] (__class_register+0xa8/0x198)
[    1.069318] [<c02090b4>] (__class_register) from [<c02091e4>] (__class_create+0x40/0x70)
[    1.069480] [<c02091e4>] (__class_create) from [<c01adf68>] (register_devfs_stubs+0x314/0xbb4)
[    1.069681] [<c01adf68>] (register_devfs_stubs) from [<c05d9b08>] (init_module+0x28/0xa4)
[    1.069854] [<c05d9b08>] (init_module) from [<c0009670>] (do_one_initcall+0x104/0x1b4)
[    1.070021] [<c0009670>] (do_one_initcall) from [<c05c7d08>] (kernel_init_freeable+0xf0/0x1b0)
[    1.070212] [<c05c7d08>] (kernel_init_freeable) from [<c040f28c>] (kernel_init+0x8/0xe4)
[    1.070370] [<c040f28c>] (kernel_init) from [<c0016da8>] (ret_from_fork+0x14/0x2c)
[    1.070529] ---[ end trace 86068aee9754d3af ]---
[    1.070708] firmadyne: Cannot create device class: gpio!
[    1.072507] firmadyne: Cannot register character device: watchdog, 0xa, 0x82!
[    1.072696] firmadyne: Cannot register character device: wdt, 0xfd, 0x0!
[    1.156036] PCI host bridge /pcie@10000000 ranges:
[    1.156608]    IO 0x3eff0000..0x3effffff -> 0x00000000
[    1.156970]   MEM 0x10000000..0x3efeffff -> 0x10000000
[    1.157100]   MEM 0x8000000000..0xffffffffff -> 0x8000000000
[    1.157780] pci-host-generic 3f000000.pcie: resource collision: [mem 0x00000000-0xffffffff] conflicts with /pl011@9000000 [mem 0x09000000-0x09000fff]
[    1.158526] pci-host-generic: probe of 3f000000.pcie failed with error -16
[    1.170833] Non-volatile memory driver v1.3
[    1.194901] brd: module loaded
[    1.205356] loop: module loaded
[    3.468473]  vda: vda1
[    3.480847] 0.flash: Found 2 x16 devices at 0x0 in 32-bit bank. Manufacturer ID 0x000000 Chip ID 0x000000
[    3.481475] Intel/Sharp Extended Query Table at 0x0031
[    3.482668] Using buffer write method
[    3.483240] erase region 0: offset=0x0,size=0x40000,blocks=256
[    3.490595] 0.flash: Found 2 x16 devices at 0x0 in 32-bit bank. Manufacturer ID 0x000000 Chip ID 0x000000
[    3.490832] Intel/Sharp Extended Query Table at 0x0031
[    3.491605] Using buffer write method
[    3.491733] erase region 0: offset=0x0,size=0x40000,blocks=256
[    3.491926] Concatenating MTD devices:
[    3.492034] (0): "0.flash"
[    3.492147] (1): "0.flash"
[    3.492212] into device "0.flash"
[    3.505288] [nandsim] warning: read_byte: unexpected data output cycle, state is STATE_READY return 0x0
[    3.505488] [nandsim] warning: read_byte: unexpected data output cycle, state is STATE_READY return 0x0
[    3.505689] [nandsim] warning: read_byte: unexpected data output cycle, state is STATE_READY return 0x0
[    3.505859] [nandsim] warning: read_byte: unexpected data output cycle, state is STATE_READY return 0x0
[    3.506028] [nandsim] warning: read_byte: unexpected data output cycle, state is STATE_READY return 0x0
[    3.506196] [nandsim] warning: read_byte: unexpected data output cycle, state is STATE_READY return 0x0
[    3.506614] nand: device found, Manufacturer ID: 0x98, Chip ID: 0x39
[    3.506761] nand: Toshiba NAND 128MiB 1,8V 8-bit
[    3.506888] nand: 128 MiB, SLC, erase size: 16 KiB, page size: 512, OOB size: 16
[    3.507781] flash size: 128 MiB
[    3.507867] page size: 512 bytes
[    3.507942] OOB area size: 16 bytes
[    3.508019] sector size: 16 KiB
[    3.508090] pages number: 262144
[    3.508161] pages per sector: 32
[    3.508232] bus width: 8
[    3.508292] bits in sector size: 14
[    3.508367] bits in page size: 9
[    3.508444] bits in OOB size: 4
[    3.508520] flash size with OOB: 135168 KiB
[    3.508608] page address bytes: 4
[    3.508714] sector address bytes: 3
[    3.508790] options: 0x42
[    3.512905] Scanning device for bad blocks
[    3.622510] firmadyne: do_execve: /firmadyne/console
[    3.622705] OFFSETS: offset of pid: 0x190 offset of comm: 0x270
[    3.623315] Creating 11 MTD partitions on "NAND 128MiB 1,8V 8-bit":
[    3.623683] 0x000000000000-0x000000100000 : "NAND simulator partition 0"
[    3.626376] 0x000000100000-0x000000200000 : "NAND simulator partition 1"
[    3.627859] 0x000000200000-0x000000300000 : "NAND simulator partition 2"
[    3.629279] 0x000000300000-0x000000400000 : "NAND simulator partition 3"
[    3.630700] 0x000000400000-0x000000500000 : "NAND simulator partition 4"
[    3.632080] 0x000000500000-0x000000600000 : "NAND simulator partition 5"
[    3.633913] 0x000000600000-0x000000700000 : "NAND simulator partition 6"
[    3.635640] 0x000000700000-0x000000800000 : "NAND simulator partition 7"
[    3.637014] 0x000000800000-0x000000900000 : "NAND simulator partition 8"
[    3.638423] 0x000000900000-0x000000a00000 : "NAND simulator partition 9"
[    3.639864] 0x000000a00000-0x000008000000 : "NAND simulator partition 10"
[    3.645774] tun: Universal TUN/TAP device driver, 1.6
[    3.645911] tun: (C) 1999-2004 Max Krasnyansky <maxk@qualcomm.com>
[    3.657585] PPP generic driver version 2.4.2
[    3.658348] PPP BSD Compression module registered
[    3.658528] PPP Deflate Compression module registered
[    3.658765] PPP MPPE Compression module registered
[    3.658902] NET: Registered protocol family 24
[    3.659221] PPTP driver version 0.8.5
[    3.660912] usbcore: registered new interface driver usb-storage
[    3.664476] rtc-pl031 9010000.pl031: rtc core: registered pl031 as rtc0
[    3.665280] hidraw: raw HID events driver (C) Jiri Kosina
[    3.665855] usbcore: registered new interface driver usbhid
[    3.665988] usbhid: USB HID core driver
[    3.666455] Netfilter messages via NETLINK v0.30.
[    3.667132] nf_conntrack version 0.5.0 (3958 buckets, 15832 max)
[    3.668747] ctnetlink v0.93: registering with nfnetlink.
[    3.670263] ipip: IPv4 over IPv4 tunneling driver
[    3.672472] gre: GRE over IPv4 demultiplexor driver
[    3.672628] ip_gre: GRE over IPv4 tunneling driver
[    3.677481] ip_tables: (C) 2000-2006 Netfilter Core Team
[    3.679281] arp_tables: (C) 2002 David S. Miller
[    3.680392] Initializing XFRM netlink socket
[    3.680962] NET: Registered protocol family 10
[    3.689283] ip6_tables: (C) 2000-2006 Netfilter Core Team
[    3.691155] sit: IPv6 over IPv4 tunneling driver
[    3.695639] NET: Registered protocol family 17
[    3.696416] bridge: automatic filtering via arp/ip/ip6tables has been deprecated. Update your scripts to load br_netfilter if you need this.
[    3.696800] Bridge firewalling registered
[    3.696947] Ebtables v2.0 registered
[    3.698235] 8021q: 802.1Q VLAN Support v1.8
[    3.698899] Registering SWP/SWPB emulation handler
[    3.701814] rtc-pl031 9010000.pl031: setting system clock to 2018-07-19 15:27:20 UTC (1532014040)
[    3.712488] EXT4-fs (vda1): couldn't mount as ext3 due to feature incompatibilities
[    3.714689] EXT4-fs (vda1): mounting ext2 file system using the ext4 subsystem
[    3.723526] EXT4-fs (vda1): warning: mounting unchecked fs, running e2fsck is recommended
[    3.726456] EXT4-fs (vda1): mounted filesystem without journal. Opts: (null)
[    3.727559] VFS: Mounted root (ext2 filesystem) on device 254:1.
[    3.745952] Freeing unused kernel memory: 180K (c05c7000 - c05f4000)
[    4.544821] cfg80211: Calling CRDA to update world regulatory domain
[    6.214528] firmadyne: sys_reboot[PID: 54 (init)]: magic1:fee1dead, magic2:28121969, cmd:0
[    7.777058] cfg80211: Calling CRDA to update world regulatory domain
[   10.943245] cfg80211: Calling CRDA to update world regulatory domain
Using /lib/modules/mvKernelExt.ko
insmod: kernel-module version mismatch
	/lib/modules/mvKernelExt.ko was compiled for kernel version 
	while this kernel is version 4.1.17+.
Using /lib/modules/mvPpDrv.ko
[   14.494046] cfg80211: Calling CRDA to update world regulatory domain
insmod: kernel-module version mismatch
	/lib/modules/mvPpDrv.ko was compiled for kernel version 
	while this kernel is version 4.1.17+.
Fri May 23 14:32:00 UTC 2008



[   17.943251] cfg80211: Calling CRDA to update world regulatory domain

Linux MARVELL_LINUX 4.1.17+ #1 Thu Feb 18 01:05:21 UTC 2016


Welcome to Embedded Linux
           _  _
          | ||_|
          | | _ ____  _   _  _  _ 
          | || |  _ \| | | |\ \/ /
          | || | | | | |_| |/    \
          |_||_|_| |_|\____|\_/\_/

          On Marvell's ARM board

For further information on the Marvell products check:
http://www.marvell.com/

toochain=gnueabi

Enjoy!



BusyBox v1.01 (2008.10.02-12:33+0000) Built-in shell (ash)
Enter 'help' for a list of built-in commands.

/ # [   21.093401] cfg80211: Calling CRDA to update world regulatory domain
[   24.245641] cfg80211: Calling CRDA to update world regulatory domain
[   27.393434] cfg80211: Calling CRDA to update world regulatory domain
[   30.543911] cfg80211: Calling CRDA to update world regulatory domain
[   33.694150] cfg80211: Calling CRDA to update world regulatory domain
[   36.844292] cfg80211: Exceeded CRDA call max attempts. Not calling CRDA
