>> Database Image ID: 82

/home/zhumengfan/firmware/firmwares/941ea24c2becde497a0b76351d38d7b375a02e62.ZIP
>> MD5: 8ca0ab7e75338244cf133c1e198d31ad
>> Tag: 82
>> Temp: /tmp/tmpZAmQ81
>> Status: Kernel: True, Rootfs: False, Do_Kernel: False,                 Do_Rootfs: True
>>>> Zip archive data, at least v2.0 to extract, compressed size: 7928251, uncompressed size: 7961424, name: R1.00.015/DGS-1500-52 FW R1.00.015.hex
>> Recursing into archive ...
	
/tmp/tmpZAmQ81/_941ea24c2becde497a0b76351d38d7b375a02e62.ZIP.extracted/R1.00.015/DGS-1500-52 FW R1.00.015.hex
	>> MD5: 8cec7c5416bac8c814b017dfa16d4991
	>> Tag: 82
	>> Temp: /tmp/tmpfozc0m
	>> Status: Kernel: True, Rootfs: False, Do_Kernel: False,                 Do_Rootfs: True
	>>>> Squashfs filesystem, little endian, version 3.1, size: 6677750 bytes, 216 inodes, blocksize: 131072 bytes, created: 2011-08-18 10:58:45
	>>>> Found Linux filesystem in /tmp/tmpfozc0m/_DGS-1500-52 FW R1.00.015.hex.extracted/squashfs-root!
	>> Skipping: completed!
	>> Cleaning up /tmp/tmpfozc0m...
>> Skipping: completed!
>> Cleaning up /tmp/tmpZAmQ81...
./bin/busybox: armel
Querying database for architecture... armel
----Running----
----Copying Filesystem Tarball----
----Creating QEMU Image----
Formatting '/home/zhumengfan/firmadyne//scratch//82//image.raw', fmt=raw size=1073741824
----Creating Partition Table----

Welcome to fdisk (util-linux 2.27.1).
Changes will remain in memory only, until you decide to write them.
Be careful before using the write command.

Device does not contain a recognized partition table.
Created a new DOS disklabel with disk identifier 0x7187dceb.

Command (m for help): Created a new DOS disklabel with disk identifier 0x05b3c113.

Command (m for help): Partition type
   p   primary (0 primary, 0 extended, 4 free)
   e   extended (container for logical partitions)
Select (default p): Partition number (1-4, default 1): First sector (2048-2097151, default 2048): Last sector, +sectors or +size{K,M,G,T,P} (2048-2097151, default 2097151): 
Created a new partition 1 of type 'Linux' and of size 1023 MiB.

Command (m for help): The partition table has been altered.
Syncing disks.

----Mounting QEMU Image----
add map loop0p1 (252:0): 0 2095104 linear 7:0 2048
----Creating Filesystem----
mke2fs 1.42.13 (17-May-2015)
Discarding device blocks:   4096/261888             done                            
Creating filesystem with 261888 4k blocks and 65536 inodes
Filesystem UUID: c055446f-27d3-4086-84e6-56de68c0fdfb
Superblock backups stored on blocks: 
	32768, 98304, 163840, 229376

Allocating group tables: 0/8   done                            
Writing inode tables: 0/8   done                            
Writing superblocks and filesystem accounting information: 0/8   done

----Making QEMU Image Mountpoint----
----Mounting QEMU Image Partition 1----
----Extracting Filesystem Tarball----
----Creating FIRMADYNE Directories----
----Patching Filesystem (chroot)----
Creating /etc/TZ!
Creating /etc/hosts!
Warning: Recreating device nodes!
mkdir: can't create directory '/dev/mtd': No such file or directory
mknod: /dev/mtd/0: No such file or directory
mknod: /dev/mtd/1: No such file or directory
mknod: /dev/mtd/2: No such file or directory
mknod: /dev/mtd/3: No such file or directory
mknod: /dev/mtd/4: No such file or directory
mknod: /dev/mtd/5: No such file or directory
mknod: /dev/mtd/6: No such file or directory
mknod: /dev/mtd/7: No such file or directory
mknod: /dev/mtd/8: No such file or directory
mknod: /dev/mtd/9: No such file or directory
mknod: /dev/mtd/10: No such file or directory
Removing /etc/scripts/sys_resetbutton!
----Setting up FIRMADYNE----
----Unmounting QEMU Image----
loop deleted : /dev/loop0
Querying database for architecture... armel
Running firmware 82: terminating after 60 secs...
qemu-system-arm: terminating on signal 2 from pid 103838 (timeout)
Inferring network...
Interfaces: []
Done!
[    0.000000] Booting Linux on physical CPU 0x0
[    0.000000] Linux version 4.1.17+ (vagrant@vagrant-ubuntu-trusty-64) (gcc version 5.3.0 (GCC) ) #1 Thu Feb 18 01:05:21 UTC 2016
[    0.000000] CPU: ARMv7 Processor [412fc0f1] revision 1 (ARMv7), cr=10c5387d
[    0.000000] CPU: PIPT / VIPT nonaliasing data cache, PIPT instruction cache
[    0.000000] Machine model: linux,dummy-virt
[    0.000000] debug: ignoring loglevel setting.
[    0.000000] Memory policy: Data cache writeback
[    0.000000] On node 0 totalpages: 65536
[    0.000000] free_area_init_node: node 0, pgdat c061dfe8, node_mem_map cfdf9000
[    0.000000]   Normal zone: 512 pages used for memmap
[    0.000000]   Normal zone: 0 pages reserved
[    0.000000]   Normal zone: 65536 pages, LIFO batch:15
[    0.000000] psci: probing for conduit method from DT.
[    0.000000] psci: PSCIv0.2 detected in firmware.
[    0.000000] psci: Using standard PSCI v0.2 function IDs
[    0.000000] CPU: All CPU(s) started in SVC mode.
[    0.000000] pcpu-alloc: s0 r0 d32768 u32768 alloc=1*32768
[    0.000000] pcpu-alloc: [0] 0 
[    0.000000] Built 1 zonelists in Zone order, mobility grouping on.  Total pages: 65024
[    0.000000] Kernel command line: firmadyne.syscall=1 root=/dev/vda1 console=ttyS0 nandsim.parts=64,64,64,64,64,64,64,64,64,64 rdinit=/firmadyne/preInit.sh rw debug ignore_loglevel print-fatal-signals=1 user_debug=31
[    0.000000] PID hash table entries: 1024 (order: 0, 4096 bytes)
[    0.000000] Dentry cache hash table entries: 32768 (order: 5, 131072 bytes)
[    0.000000] Inode-cache hash table entries: 16384 (order: 4, 65536 bytes)
[    0.000000] Memory: 253340K/262144K available (4297K kernel code, 170K rwdata, 1584K rodata, 180K init, 148K bss, 8804K reserved, 0K cma-reserved)
[    0.000000] Virtual kernel memory layout:
[    0.000000]     vector  : 0xffff0000 - 0xffff1000   (   4 kB)
[    0.000000]     fixmap  : 0xffc00000 - 0xfff00000   (3072 kB)
[    0.000000]     vmalloc : 0xd0800000 - 0xff000000   ( 744 MB)
[    0.000000]     lowmem  : 0xc0000000 - 0xd0000000   ( 256 MB)
[    0.000000]     modules : 0xbf000000 - 0xc0000000   (  16 MB)
[    0.000000]       .text : 0xc0008000 - 0xc05c67bc   (5882 kB)
[    0.000000]       .init : 0xc05c7000 - 0xc05f4000   ( 180 kB)
[    0.000000]       .data : 0xc05f4000 - 0xc061e840   ( 171 kB)
[    0.000000]        .bss : 0xc0621000 - 0xc06462d4   ( 149 kB)
[    0.000000] NR_IRQS:16 nr_irqs:16 16
[    0.000000] Architected cp15 timer(s) running at 62.50MHz (virt).
[    0.000000] clocksource arch_sys_counter: mask: 0xffffffffffffff max_cycles: 0x1cd42e208c, max_idle_ns: 881590405314 ns
[    0.000164] sched_clock: 56 bits at 62MHz, resolution 16ns, wraps every 4398046511096ns
[    0.000308] Switching to timer-based delay loop, resolution 16ns
[    0.003655] Console: colour dummy device 80x30
[    0.004005] Calibrating delay loop (skipped), value calculated using timer frequency.. 125.00 BogoMIPS (lpj=625000)
[    0.004156] pid_max: default: 32768 minimum: 301
[    0.005114] Mount-cache hash table entries: 1024 (order: 0, 4096 bytes)
[    0.005188] Mountpoint-cache hash table entries: 1024 (order: 0, 4096 bytes)
[    1.499449] CPU: Testing write buffer coherency: ok
[    1.505787] Setting up static identity map for 0x40008240 - 0x40008298
[    1.521060] VFP support v0.3: implementor 41 architecture 4 part 30 variant f rev 0
[    3.514810] clocksource jiffies: mask: 0xffffffff max_cycles: 0xffffffff, max_idle_ns: 19112604462750000 ns
[    3.524452] NET: Registered protocol family 16
[    3.527740] DMA: preallocated 256 KiB pool for atomic coherent allocations
[    3.532058] cpuidle: using governor ladder
[    3.532232] cpuidle: using governor menu
[    3.553365] Serial: AMBA PL011 UART driver
[    3.555649] 9000000.pl011: ttyS0 at MMIO 0x9000000 (irq = 54, base_baud = 0) is a PL011 rev1
[    3.563356] console [ttyS0] enabled
[    4.795386] vgaarb: loaded
[    4.797174] SCSI subsystem initialized
[    4.798286] usbcore: registered new interface driver usbfs
[    4.798651] usbcore: registered new interface driver hub
[    4.798972] usbcore: registered new device driver usb
[    4.808441] cfg80211: Calling CRDA to update world regulatory domain
[    4.810834] Switched to clocksource arch_sys_counter
[    4.828726] NET: Registered protocol family 2
[    4.834290] TCP established hash table entries: 2048 (order: 1, 8192 bytes)
[    4.834571] TCP bind hash table entries: 2048 (order: 1, 8192 bytes)
[    4.834880] TCP: Hash tables configured (established 2048 bind 2048)
[    4.835429] UDP hash table entries: 256 (order: 0, 4096 bytes)
[    4.835674] UDP-Lite hash table entries: 256 (order: 0, 4096 bytes)
[    4.837149] NET: Registered protocol family 1
[    4.837601] PCI: CLS 0 bytes, default 64
[    9.204474] NetWinder Floating Point Emulator V0.97 (extended precision)
[    9.207450] futex hash table entries: 256 (order: -1, 3072 bytes)
[    9.210985] cfg80211: Calling CRDA to update world regulatory domain
[    9.214575] squashfs: version 4.0 (2009/01/31) Phillip Lougher
[    9.215585] jffs2: version 2.2. (NAND) © 2001-2006 Red Hat, Inc.
[    9.216379] romfs: ROMFS MTD (C) 2007 Red Hat, Inc.
[    9.225758] Block layer SCSI generic (bsg) driver version 0.4 loaded (major 253)
[    9.226120] io scheduler noop registered
[    9.226361] io scheduler cfq registered (default)
[    9.227048] firmadyne: devfs: 1, execute: 1, procfs: 1, syscall: 1
[    9.228390] ------------[ cut here ]------------
[    9.228589] WARNING: CPU: 0 PID: 1 at /home/vagrant/firmadyne-kernel/kernel-v4.1/fs/sysfs/dir.c:31 sysfs_warn_dup+0x50/0x6c()
[    9.228817] sysfs: cannot create duplicate filename '/class/gpio'
[    9.228974] Modules linked in:
[    9.229313] CPU: 0 PID: 1 Comm: swapper Not tainted 4.1.17+ #1
[    9.229447] Hardware name: Generic DT based system
[    9.230127] [<c001c99c>] (unwind_backtrace) from [<c0019d30>] (show_stack+0x10/0x14)
[    9.230410] [<c0019d30>] (show_stack) from [<c0024ab4>] (warn_slowpath_common+0x80/0xa8)
[    9.230776] [<c0024ab4>] (warn_slowpath_common) from [<c0024b08>] (warn_slowpath_fmt+0x2c/0x3c)
[    9.231027] [<c0024b08>] (warn_slowpath_fmt) from [<c00e363c>] (sysfs_warn_dup+0x50/0x6c)
[    9.231206] [<c00e363c>] (sysfs_warn_dup) from [<c00e3714>] (sysfs_create_dir_ns+0x74/0x84)
[    9.231385] [<c00e3714>] (sysfs_create_dir_ns) from [<c018e6ac>] (kobject_add_internal+0xb8/0x2ac)
[    9.231578] [<c018e6ac>] (kobject_add_internal) from [<c018e9a8>] (kset_register+0x1c/0x44)
[    9.231755] [<c018e9a8>] (kset_register) from [<c02090b4>] (__class_register+0xa8/0x198)
[    9.231926] [<c02090b4>] (__class_register) from [<c02091e4>] (__class_create+0x40/0x70)
[    9.232096] [<c02091e4>] (__class_create) from [<c01adf68>] (register_devfs_stubs+0x314/0xbb4)
[    9.232274] [<c01adf68>] (register_devfs_stubs) from [<c05d9b08>] (init_module+0x28/0xa4)
[    9.232475] [<c05d9b08>] (init_module) from [<c0009670>] (do_one_initcall+0x104/0x1b4)
[    9.232643] [<c0009670>] (do_one_initcall) from [<c05c7d08>] (kernel_init_freeable+0xf0/0x1b0)
[    9.232825] [<c05c7d08>] (kernel_init_freeable) from [<c040f28c>] (kernel_init+0x8/0xe4)
[    9.232990] [<c040f28c>] (kernel_init) from [<c0016da8>] (ret_from_fork+0x14/0x2c)
[    9.233252] ---[ end trace c165ad617d9c0d7f ]---
[    9.233450] ------------[ cut here ]------------
[    9.233561] WARNING: CPU: 0 PID: 1 at /home/vagrant/firmadyne-kernel/kernel-v4.1/lib/kobject.c:240 kobject_add_internal+0x240/0x2ac()
[    9.233777] kobject_add_internal failed for gpio with -EEXIST, don't try to register things with the same name in the same directory.
[    9.233987] Modules linked in:
[    9.234123] CPU: 0 PID: 1 Comm: swapper Tainted: G        W       4.1.17+ #1
[    9.234285] Hardware name: Generic DT based system
[    9.234402] [<c001c99c>] (unwind_backtrace) from [<c0019d30>] (show_stack+0x10/0x14)
[    9.234564] [<c0019d30>] (show_stack) from [<c0024ab4>] (warn_slowpath_common+0x80/0xa8)
[    9.234733] [<c0024ab4>] (warn_slowpath_common) from [<c0024b08>] (warn_slowpath_fmt+0x2c/0x3c)
[    9.234911] [<c0024b08>] (warn_slowpath_fmt) from [<c018e834>] (kobject_add_internal+0x240/0x2ac)
[    9.235099] [<c018e834>] (kobject_add_internal) from [<c018e9a8>] (kset_register+0x1c/0x44)
[    9.235268] [<c018e9a8>] (kset_register) from [<c02090b4>] (__class_register+0xa8/0x198)
[    9.235433] [<c02090b4>] (__class_register) from [<c02091e4>] (__class_create+0x40/0x70)
[    9.235597] [<c02091e4>] (__class_create) from [<c01adf68>] (register_devfs_stubs+0x314/0xbb4)
[    9.235774] [<c01adf68>] (register_devfs_stubs) from [<c05d9b08>] (init_module+0x28/0xa4)
[    9.235942] [<c05d9b08>] (init_module) from [<c0009670>] (do_one_initcall+0x104/0x1b4)
[    9.236105] [<c0009670>] (do_one_initcall) from [<c05c7d08>] (kernel_init_freeable+0xf0/0x1b0)
[    9.236278] [<c05c7d08>] (kernel_init_freeable) from [<c040f28c>] (kernel_init+0x8/0xe4)
[    9.236438] [<c040f28c>] (kernel_init) from [<c0016da8>] (ret_from_fork+0x14/0x2c)
[    9.236599] ---[ end trace c165ad617d9c0d80 ]---
[    9.236759] firmadyne: Cannot create device class: gpio!
[    9.238411] firmadyne: Cannot register character device: watchdog, 0xa, 0x82!
[    9.238585] firmadyne: Cannot register character device: wdt, 0xfd, 0x0!
[    9.319038] PCI host bridge /pcie@10000000 ranges:
[    9.319606]    IO 0x3eff0000..0x3effffff -> 0x00000000
[    9.319971]   MEM 0x10000000..0x3efeffff -> 0x10000000
[    9.320099]   MEM 0x8000000000..0xffffffffff -> 0x8000000000
[    9.320854] pci-host-generic 3f000000.pcie: resource collision: [mem 0x00000000-0xffffffff] conflicts with /pl011@9000000 [mem 0x09000000-0x09000fff]
[    9.321573] pci-host-generic: probe of 3f000000.pcie failed with error -16
[    9.333146] Non-volatile memory driver v1.3
[   14.154253] cfg80211: Calling CRDA to update world regulatory domain
[   14.173957] brd: module loaded
[   14.634722] loop: module loaded
[   15.875452]  vda: vda1
[   15.888851] 0.flash: Found 2 x16 devices at 0x0 in 32-bit bank. Manufacturer ID 0x000000 Chip ID 0x000000
[   15.889558] Intel/Sharp Extended Query Table at 0x0031
[   15.892333] Using buffer write method
[   15.892806] erase region 0: offset=0x0,size=0x40000,blocks=256
[   15.902244] 0.flash: Found 2 x16 devices at 0x0 in 32-bit bank. Manufacturer ID 0x000000 Chip ID 0x000000
[   15.902532] Intel/Sharp Extended Query Table at 0x0031
[   15.903418] Using buffer write method
[   15.903542] erase region 0: offset=0x0,size=0x40000,blocks=256
[   15.903780] Concatenating MTD devices:
[   15.903882] (0): "0.flash"
[   15.903967] (1): "0.flash"
[   15.904032] into device "0.flash"
[   15.916105] [nandsim] warning: read_byte: unexpected data output cycle, state is STATE_READY return 0x0
[   15.916384] [nandsim] warning: read_byte: unexpected data output cycle, state is STATE_READY return 0x0
[   15.916562] [nandsim] warning: read_byte: unexpected data output cycle, state is STATE_READY return 0x0
[   15.916732] [nandsim] warning: read_byte: unexpected data output cycle, state is STATE_READY return 0x0
[   15.916918] [nandsim] warning: read_byte: unexpected data output cycle, state is STATE_READY return 0x0
[   15.917080] [nandsim] warning: read_byte: unexpected data output cycle, state is STATE_READY return 0x0
[   15.917530] nand: device found, Manufacturer ID: 0x98, Chip ID: 0x39
[   15.917678] nand: Toshiba NAND 128MiB 1,8V 8-bit
[   15.917802] nand: 128 MiB, SLC, erase size: 16 KiB, page size: 512, OOB size: 16
[   15.918758] flash size: 128 MiB
[   15.918845] page size: 512 bytes
[   15.918919] OOB area size: 16 bytes
[   15.919013] sector size: 16 KiB
[   15.919081] pages number: 262144
[   15.919149] pages per sector: 32
[   15.919236] bus width: 8
[   15.919296] bits in sector size: 14
[   15.919392] bits in page size: 9
[   15.919470] bits in OOB size: 4
[   15.919547] flash size with OOB: 135168 KiB
[   15.919635] page address bytes: 4
[   15.919708] sector address bytes: 3
[   15.919785] options: 0x42
[   15.924678] Scanning device for bad blocks
[   16.038084] firmadyne: do_execve: /firmadyne/console
[   16.038350] OFFSETS: offset of pid: 0x190 offset of comm: 0x270
[   16.038865] Creating 11 MTD partitions on "NAND 128MiB 1,8V 8-bit":
[   16.039292] 0x000000000000-0x000000100000 : "NAND simulator partition 0"
[   16.042002] 0x000000100000-0x000000200000 : "NAND simulator partition 1"
[   16.043539] 0x000000200000-0x000000300000 : "NAND simulator partition 2"
[   16.044956] 0x000000300000-0x000000400000 : "NAND simulator partition 3"
[   16.046453] 0x000000400000-0x000000500000 : "NAND simulator partition 4"
[   16.047893] 0x000000500000-0x000000600000 : "NAND simulator partition 5"
[   16.049348] 0x000000600000-0x000000700000 : "NAND simulator partition 6"
[   16.051235] 0x000000700000-0x000000800000 : "NAND simulator partition 7"
[   16.052675] 0x000000800000-0x000000900000 : "NAND simulator partition 8"
[   16.054322] 0x000000900000-0x000000a00000 : "NAND simulator partition 9"
[   16.055805] 0x000000a00000-0x000008000000 : "NAND simulator partition 10"
[   16.062166] tun: Universal TUN/TAP device driver, 1.6
[   16.062325] tun: (C) 1999-2004 Max Krasnyansky <maxk@qualcomm.com>
[   16.075193] PPP generic driver version 2.4.2
[   16.076026] PPP BSD Compression module registered
[   16.076212] PPP Deflate Compression module registered
[   16.076491] PPP MPPE Compression module registered
[   16.076629] NET: Registered protocol family 24
[   16.076980] PPTP driver version 0.8.5
[   16.078823] usbcore: registered new interface driver usb-storage
[   16.082720] rtc-pl031 9010000.pl031: rtc core: registered pl031 as rtc0
[   16.083542] hidraw: raw HID events driver (C) Jiri Kosina
[   16.084102] usbcore: registered new interface driver usbhid
[   16.084232] usbhid: USB HID core driver
[   16.084745] Netfilter messages via NETLINK v0.30.
[   16.085460] nf_conntrack version 0.5.0 (3958 buckets, 15832 max)
[   16.086988] ctnetlink v0.93: registering with nfnetlink.
[   16.088503] ipip: IPv4 over IPv4 tunneling driver
[   16.091059] gre: GRE over IPv4 demultiplexor driver
[   16.091241] ip_gre: GRE over IPv4 tunneling driver
[   16.096285] ip_tables: (C) 2000-2006 Netfilter Core Team
[   16.098146] arp_tables: (C) 2002 David S. Miller
[   16.099294] Initializing XFRM netlink socket
[   16.099886] NET: Registered protocol family 10
[   16.107990] ip6_tables: (C) 2000-2006 Netfilter Core Team
[   16.109880] sit: IPv6 over IPv4 tunneling driver
[   16.114406] NET: Registered protocol family 17
[   16.115357] bridge: automatic filtering via arp/ip/ip6tables has been deprecated. Update your scripts to load br_netfilter if you need this.
[   16.115884] Bridge firewalling registered
[   16.116035] Ebtables v2.0 registered
[   16.117363] 8021q: 802.1Q VLAN Support v1.8
[   16.118054] Registering SWP/SWPB emulation handler
[   16.121351] rtc-pl031 9010000.pl031: setting system clock to 2018-07-19 11:13:00 UTC (1531998780)
[   16.134128] EXT4-fs (vda1): couldn't mount as ext3 due to feature incompatibilities
[   16.135841] EXT4-fs (vda1): mounting ext2 file system using the ext4 subsystem
[   16.148924] EXT4-fs (vda1): mounted filesystem without journal. Opts: (null)
[   16.150227] VFS: Mounted root (ext2 filesystem) on device 254:1.
[   16.170075] Freeing unused kernel memory: 180K (c05c7000 - c05f4000)
[   16.284801] firmadyne: sys_reboot[PID: 54 (init)]: magic1:fee1dead, magic2:28121969, cmd:0
[   16.308199] firmadyne: sys_socket[PID: 1 (init)]: family:1, type:2, protocol:0
[   16.320002] firmadyne: sys_socket[PID: 55 (init)]: family:1, type:2, protocol:0
[   16.585850] firmadyne: sys_socket[PID: 64 (telnetd)]: family:2, type:1, protocol:0
[   16.588851] firmadyne: sys_setsockopt[PID: 64 (telnetd)]: fd:3, level:1, optname:2
[   16.589728] firmadyne: inet_bind[PID: 64 (telnetd)]: proto:SOCK_STREAM, port:23
Using /lib/modules/mvKernelExt.ko
insmod: kernel-module version mismatch
	/lib/modules/mvKernelExt.ko was compiled for kernel version 
	while this kernel is version 4.1.17+.
Using /lib/modules/mvPpDrv.ko
insmod: kernel-module version mismatch
	/lib/modules/mvPpDrv.ko was compiled for kernel version 
	while this kernel is version 4.1.17+.
Fri May 23 14:32:00 UTC 2008
[   16.826828] firmadyne: sys_socket[PID: 72 (ifconfig)]: family:2, type:2, protocol:0
[   16.828846] firmadyne: __inet_insert_ifa[PID: 72 (ifconfig)]: device:lo ifa:0x0100007f
[   16.835109] firmadyne: __inet_insert_ifa[PID: 72 (ifconfig)]: device:lo ifa:0x0100007f

[   17.366140] cfg80211: Calling CRDA to update world regulatory domain



Linux MARVELL_LINUX 4.1.17+ #1 Thu Feb 18 01:05:21 UTC 2016


Welcome to Embedded Linux
           _  _
          | ||_|
          | | _ ____  _   _  _  _ 
          | || |  _ \| | | |\ \/ /
          | || | | | | |_| |/    \
          |_||_|_| |_|\____|\_/\_/

          On Marvell's ARM board

For further information on the Marvell products check:
http://www.marvell.com/

toochain=gnueabi

Enjoy!



BusyBox v1.01 (2008.10.02-12:33+0000) Built-in shell (ash)
Enter 'help' for a list of built-in commands.

/ # [   20.512594] cfg80211: Calling CRDA to update world regulatory domain
Starting firmware emulation... use Ctrl-a + x to exit
qemu-system-arm: terminating on signal 2 from pid 103984 (timeout)
[    0.000000] Booting Linux on physical CPU 0x0
[    0.000000] Linux version 4.1.17+ (vagrant@vagrant-ubuntu-trusty-64) (gcc version 5.3.0 (GCC) ) #1 Thu Feb 18 01:05:21 UTC 2016
[    0.000000] CPU: ARMv7 Processor [412fc0f1] revision 1 (ARMv7), cr=10c5387d
[    0.000000] CPU: PIPT / VIPT nonaliasing data cache, PIPT instruction cache
[    0.000000] Machine model: linux,dummy-virt
[    0.000000] debug: ignoring loglevel setting.
[    0.000000] Memory policy: Data cache writeback
[    0.000000] On node 0 totalpages: 65536
[    0.000000] free_area_init_node: node 0, pgdat c061dfe8, node_mem_map cfdf9000
[    0.000000]   Normal zone: 512 pages used for memmap
[    0.000000]   Normal zone: 0 pages reserved
[    0.000000]   Normal zone: 65536 pages, LIFO batch:15
[    0.000000] psci: probing for conduit method from DT.
[    0.000000] psci: PSCIv0.2 detected in firmware.
[    0.000000] psci: Using standard PSCI v0.2 function IDs
[    0.000000] CPU: All CPU(s) started in SVC mode.
[    0.000000] pcpu-alloc: s0 r0 d32768 u32768 alloc=1*32768
[    0.000000] pcpu-alloc: [0] 0 
[    0.000000] Built 1 zonelists in Zone order, mobility grouping on.  Total pages: 65024
[    0.000000] Kernel command line: root=/dev/vda1 console=ttyS0 nandsim.parts=64,64,64,64,64,64,64,64,64,64 rdinit=/firmadyne/preInit.sh rw debug ignore_loglevel print-fatal-signals=1 user_debug=31 firmadyne.syscall=0
[    0.000000] PID hash table entries: 1024 (order: 0, 4096 bytes)
[    0.000000] Dentry cache hash table entries: 32768 (order: 5, 131072 bytes)
[    0.000000] Inode-cache hash table entries: 16384 (order: 4, 65536 bytes)
[    0.000000] Memory: 253340K/262144K available (4297K kernel code, 170K rwdata, 1584K rodata, 180K init, 148K bss, 8804K reserved, 0K cma-reserved)
[    0.000000] Virtual kernel memory layout:
[    0.000000]     vector  : 0xffff0000 - 0xffff1000   (   4 kB)
[    0.000000]     fixmap  : 0xffc00000 - 0xfff00000   (3072 kB)
[    0.000000]     vmalloc : 0xd0800000 - 0xff000000   ( 744 MB)
[    0.000000]     lowmem  : 0xc0000000 - 0xd0000000   ( 256 MB)
[    0.000000]     modules : 0xbf000000 - 0xc0000000   (  16 MB)
[    0.000000]       .text : 0xc0008000 - 0xc05c67bc   (5882 kB)
[    0.000000]       .init : 0xc05c7000 - 0xc05f4000   ( 180 kB)
[    0.000000]       .data : 0xc05f4000 - 0xc061e840   ( 171 kB)
[    0.000000]        .bss : 0xc0621000 - 0xc06462d4   ( 149 kB)
[    0.000000] NR_IRQS:16 nr_irqs:16 16
[    0.000000] Architected cp15 timer(s) running at 62.50MHz (virt).
[    0.000000] clocksource arch_sys_counter: mask: 0xffffffffffffff max_cycles: 0x1cd42e208c, max_idle_ns: 881590405314 ns
[    0.000161] sched_clock: 56 bits at 62MHz, resolution 16ns, wraps every 4398046511096ns
[    0.000307] Switching to timer-based delay loop, resolution 16ns
[    0.003467] Console: colour dummy device 80x30
[    0.003802] Calibrating delay loop (skipped), value calculated using timer frequency.. 125.00 BogoMIPS (lpj=625000)
[    0.003936] pid_max: default: 32768 minimum: 301
[    0.004852] Mount-cache hash table entries: 1024 (order: 0, 4096 bytes)
[    0.004894] Mountpoint-cache hash table entries: 1024 (order: 0, 4096 bytes)
[    0.015720] CPU: Testing write buffer coherency: ok
[    0.057150] Setting up static identity map for 0x40008240 - 0x40008298
[    0.072419] VFP support v0.3: implementor 41 architecture 4 part 30 variant f rev 0
[    0.084748] clocksource jiffies: mask: 0xffffffff max_cycles: 0xffffffff, max_idle_ns: 19112604462750000 ns
[    0.094416] NET: Registered protocol family 16
[    0.374459] DMA: preallocated 256 KiB pool for atomic coherent allocations
[    0.379041] cpuidle: using governor ladder
[    0.379213] cpuidle: using governor menu
[    0.400857] Serial: AMBA PL011 UART driver
[    0.403167] 9000000.pl011: ttyS0 at MMIO 0x9000000 (irq = 54, base_baud = 0) is a PL011 rev1
[    0.410892] console [ttyS0] enabled
[    0.433970] vgaarb: loaded
[    0.435746] SCSI subsystem initialized
[    0.436849] usbcore: registered new interface driver usbfs
[    0.437212] usbcore: registered new interface driver hub
[    0.437570] usbcore: registered new device driver usb
[    0.541071] cfg80211: Calling CRDA to update world regulatory domain
[    0.543416] Switched to clocksource arch_sys_counter
[    0.561709] NET: Registered protocol family 2
[    0.567424] TCP established hash table entries: 2048 (order: 1, 8192 bytes)
[    0.567698] TCP bind hash table entries: 2048 (order: 1, 8192 bytes)
[    0.568016] TCP: Hash tables configured (established 2048 bind 2048)
[    0.568570] UDP hash table entries: 256 (order: 0, 4096 bytes)
[    0.568815] UDP-Lite hash table entries: 256 (order: 0, 4096 bytes)
[    0.570344] NET: Registered protocol family 1
[    0.570804] PCI: CLS 0 bytes, default 64
[    0.578398] NetWinder Floating Point Emulator V0.97 (extended precision)
[    0.581274] futex hash table entries: 256 (order: -1, 3072 bytes)
[    0.587102] squashfs: version 4.0 (2009/01/31) Phillip Lougher
[    0.587769] jffs2: version 2.2. (NAND) © 2001-2006 Red Hat, Inc.
[    0.588563] romfs: ROMFS MTD (C) 2007 Red Hat, Inc.
[    0.598100] Block layer SCSI generic (bsg) driver version 0.4 loaded (major 253)
[    0.598439] io scheduler noop registered
[    0.598666] io scheduler cfq registered (default)
[    0.599349] firmadyne: devfs: 1, execute: 1, procfs: 1, syscall: 0
[    0.600732] ------------[ cut here ]------------
[    0.600956] WARNING: CPU: 0 PID: 1 at /home/vagrant/firmadyne-kernel/kernel-v4.1/fs/sysfs/dir.c:31 sysfs_warn_dup+0x50/0x6c()
[    0.601185] sysfs: cannot create duplicate filename '/class/gpio'
[    0.601375] Modules linked in:
[    0.601688] CPU: 0 PID: 1 Comm: swapper Not tainted 4.1.17+ #1
[    0.601841] Hardware name: Generic DT based system
[    0.602555] [<c001c99c>] (unwind_backtrace) from [<c0019d30>] (show_stack+0x10/0x14)
[    0.602819] [<c0019d30>] (show_stack) from [<c0024ab4>] (warn_slowpath_common+0x80/0xa8)
[    0.603027] [<c0024ab4>] (warn_slowpath_common) from [<c0024b08>] (warn_slowpath_fmt+0x2c/0x3c)
[    0.603459] [<c0024b08>] (warn_slowpath_fmt) from [<c00e363c>] (sysfs_warn_dup+0x50/0x6c)
[    0.603663] [<c00e363c>] (sysfs_warn_dup) from [<c00e3714>] (sysfs_create_dir_ns+0x74/0x84)
[    0.603838] [<c00e3714>] (sysfs_create_dir_ns) from [<c018e6ac>] (kobject_add_internal+0xb8/0x2ac)
[    0.604038] [<c018e6ac>] (kobject_add_internal) from [<c018e9a8>] (kset_register+0x1c/0x44)
[    0.604216] [<c018e9a8>] (kset_register) from [<c02090b4>] (__class_register+0xa8/0x198)
[    0.604390] [<c02090b4>] (__class_register) from [<c02091e4>] (__class_create+0x40/0x70)
[    0.604561] [<c02091e4>] (__class_create) from [<c01adf68>] (register_devfs_stubs+0x314/0xbb4)
[    0.604742] [<c01adf68>] (register_devfs_stubs) from [<c05d9b08>] (init_module+0x28/0xa4)
[    0.604964] [<c05d9b08>] (init_module) from [<c0009670>] (do_one_initcall+0x104/0x1b4)
[    0.605136] [<c0009670>] (do_one_initcall) from [<c05c7d08>] (kernel_init_freeable+0xf0/0x1b0)
[    0.605320] [<c05c7d08>] (kernel_init_freeable) from [<c040f28c>] (kernel_init+0x8/0xe4)
[    0.605488] [<c040f28c>] (kernel_init) from [<c0016da8>] (ret_from_fork+0x14/0x2c)
[    0.605746] ---[ end trace aa94e700b68231aa ]---
[    0.605954] ------------[ cut here ]------------
[    0.606067] WARNING: CPU: 0 PID: 1 at /home/vagrant/firmadyne-kernel/kernel-v4.1/lib/kobject.c:240 kobject_add_internal+0x240/0x2ac()
[    0.606283] kobject_add_internal failed for gpio with -EEXIST, don't try to register things with the same name in the same directory.
[    0.606494] Modules linked in:
[    0.606642] CPU: 0 PID: 1 Comm: swapper Tainted: G        W       4.1.17+ #1
[    0.606778] Hardware name: Generic DT based system
[    0.606896] [<c001c99c>] (unwind_backtrace) from [<c0019d30>] (show_stack+0x10/0x14)
[    0.607059] [<c0019d30>] (show_stack) from [<c0024ab4>] (warn_slowpath_common+0x80/0xa8)
[    0.607229] [<c0024ab4>] (warn_slowpath_common) from [<c0024b08>] (warn_slowpath_fmt+0x2c/0x3c)
[    0.607409] [<c0024b08>] (warn_slowpath_fmt) from [<c018e834>] (kobject_add_internal+0x240/0x2ac)
[    0.607600] [<c018e834>] (kobject_add_internal) from [<c018e9a8>] (kset_register+0x1c/0x44)
[    0.607770] [<c018e9a8>] (kset_register) from [<c02090b4>] (__class_register+0xa8/0x198)
[    0.607937] [<c02090b4>] (__class_register) from [<c02091e4>] (__class_create+0x40/0x70)
[    0.608103] [<c02091e4>] (__class_create) from [<c01adf68>] (register_devfs_stubs+0x314/0xbb4)
[    0.608283] [<c01adf68>] (register_devfs_stubs) from [<c05d9b08>] (init_module+0x28/0xa4)
[    0.608467] [<c05d9b08>] (init_module) from [<c0009670>] (do_one_initcall+0x104/0x1b4)
[    0.608625] [<c0009670>] (do_one_initcall) from [<c05c7d08>] (kernel_init_freeable+0xf0/0x1b0)
[    0.608793] [<c05c7d08>] (kernel_init_freeable) from [<c040f28c>] (kernel_init+0x8/0xe4)
[    0.608980] [<c040f28c>] (kernel_init) from [<c0016da8>] (ret_from_fork+0x14/0x2c)
[    0.609145] ---[ end trace aa94e700b68231ab ]---
[    0.609340] firmadyne: Cannot create device class: gpio!
[    0.611146] firmadyne: Cannot register character device: watchdog, 0xa, 0x82!
[    0.611323] firmadyne: Cannot register character device: wdt, 0xfd, 0x0!
[    0.745776] PCI host bridge /pcie@10000000 ranges:
[    0.746385]    IO 0x3eff0000..0x3effffff -> 0x00000000
[    0.746702]   MEM 0x10000000..0x3efeffff -> 0x10000000
[    0.746816]   MEM 0x8000000000..0xffffffffff -> 0x8000000000
[    0.747512] pci-host-generic 3f000000.pcie: resource collision: [mem 0x00000000-0xffffffff] conflicts with /pl011@9000000 [mem 0x09000000-0x09000fff]
[    0.748190] pci-host-generic: probe of 3f000000.pcie failed with error -16
[    0.759861] Non-volatile memory driver v1.3
[    0.794896] brd: module loaded
[    0.805377] loop: module loaded
[    0.982000]  vda: vda1
[    0.995321] 0.flash: Found 2 x16 devices at 0x0 in 32-bit bank. Manufacturer ID 0x000000 Chip ID 0x000000
[    0.996004] Intel/Sharp Extended Query Table at 0x0031
[    0.997247] Using buffer write method
[    0.997683] erase region 0: offset=0x0,size=0x40000,blocks=256
[    1.005734] 0.flash: Found 2 x16 devices at 0x0 in 32-bit bank. Manufacturer ID 0x000000 Chip ID 0x000000
[    1.006010] Intel/Sharp Extended Query Table at 0x0031
[    1.006812] Using buffer write method
[    1.006936] erase region 0: offset=0x0,size=0x40000,blocks=256
[    1.007180] Concatenating MTD devices:
[    1.007289] (0): "0.flash"
[    1.007381] (1): "0.flash"
[    1.007443] into device "0.flash"
[    1.511809] [nandsim] warning: read_byte: unexpected data output cycle, state is STATE_READY return 0x0
[    1.512089] [nandsim] warning: read_byte: unexpected data output cycle, state is STATE_READY return 0x0
[    1.512266] [nandsim] warning: read_byte: unexpected data output cycle, state is STATE_READY return 0x0
[    1.512449] [nandsim] warning: read_byte: unexpected data output cycle, state is STATE_READY return 0x0
[    1.512605] [nandsim] warning: read_byte: unexpected data output cycle, state is STATE_READY return 0x0
[    1.512760] [nandsim] warning: read_byte: unexpected data output cycle, state is STATE_READY return 0x0
[    1.513311] nand: device found, Manufacturer ID: 0x98, Chip ID: 0x39
[    1.513467] nand: Toshiba NAND 128MiB 1,8V 8-bit
[    1.513589] nand: 128 MiB, SLC, erase size: 16 KiB, page size: 512, OOB size: 16
[    1.514537] flash size: 128 MiB
[    1.514623] page size: 512 bytes
[    1.514697] OOB area size: 16 bytes
[    1.514779] sector size: 16 KiB
[    1.514850] pages number: 262144
[    1.514921] pages per sector: 32
[    1.514993] bus width: 8
[    1.515070] bits in sector size: 14
[    1.515148] bits in page size: 9
[    1.515249] bits in OOB size: 4
[    1.515327] flash size with OOB: 135168 KiB
[    1.515415] page address bytes: 4
[    1.515514] sector address bytes: 3
[    1.515593] options: 0x42
[    1.568695] Scanning device for bad blocks
[    1.676861] firmadyne: do_execve: /firmadyne/console
[    1.677068] OFFSETS: offset of pid: 0x190 offset of comm: 0x270
[    1.677557] Creating 11 MTD partitions on "NAND 128MiB 1,8V 8-bit":
[    1.677946] 0x000000000000-0x000000100000 : "NAND simulator partition 0"
[    1.680162] 0x000000100000-0x000000200000 : "NAND simulator partition 1"
[    1.681564] 0x000000200000-0x000000300000 : "NAND simulator partition 2"
[    1.682884] 0x000000300000-0x000000400000 : "NAND simulator partition 3"
[    1.684498] 0x000000400000-0x000000500000 : "NAND simulator partition 4"
[    1.685826] 0x000000500000-0x000000600000 : "NAND simulator partition 5"
[    1.687292] 0x000000600000-0x000000700000 : "NAND simulator partition 6"
[    1.688854] 0x000000700000-0x000000800000 : "NAND simulator partition 7"
[    1.690245] 0x000000800000-0x000000900000 : "NAND simulator partition 8"
[    1.691717] 0x000000900000-0x000000a00000 : "NAND simulator partition 9"
[    1.693445] 0x000000a00000-0x000008000000 : "NAND simulator partition 10"
[    1.699037] tun: Universal TUN/TAP device driver, 1.6
[    1.699163] tun: (C) 1999-2004 Max Krasnyansky <maxk@qualcomm.com>
[    4.992416] PPP generic driver version 2.4.2
[    4.993400] PPP BSD Compression module registered
[    4.993594] PPP Deflate Compression module registered
[    4.993841] PPP MPPE Compression module registered
[    4.993980] NET: Registered protocol family 24
[    4.994321] PPTP driver version 0.8.5
[    4.995995] cfg80211: Calling CRDA to update world regulatory domain
[    5.046430] usbcore: registered new interface driver usb-storage
[    5.050231] rtc-pl031 9010000.pl031: rtc core: registered pl031 as rtc0
[    5.051097] hidraw: raw HID events driver (C) Jiri Kosina
[    5.051669] usbcore: registered new interface driver usbhid
[    5.051816] usbhid: USB HID core driver
[    5.052335] Netfilter messages via NETLINK v0.30.
[    5.053066] nf_conntrack version 0.5.0 (3958 buckets, 15832 max)
[    5.054851] ctnetlink v0.93: registering with nfnetlink.
[    5.056348] ipip: IPv4 over IPv4 tunneling driver
[    5.058836] gre: GRE over IPv4 demultiplexor driver
[    5.059021] ip_gre: GRE over IPv4 tunneling driver
[    5.064210] ip_tables: (C) 2000-2006 Netfilter Core Team
[    5.066092] arp_tables: (C) 2002 David S. Miller
[    5.067211] Initializing XFRM netlink socket
[    5.067795] NET: Registered protocol family 10
[    5.075839] ip6_tables: (C) 2000-2006 Netfilter Core Team
[    5.077749] sit: IPv6 over IPv4 tunneling driver
[    5.082037] NET: Registered protocol family 17
[    5.082791] bridge: automatic filtering via arp/ip/ip6tables has been deprecated. Update your scripts to load br_netfilter if you need this.
[    5.083350] Bridge firewalling registered
[    5.083513] Ebtables v2.0 registered
[    5.084807] 8021q: 802.1Q VLAN Support v1.8
[    5.085517] Registering SWP/SWPB emulation handler
[    5.089038] rtc-pl031 9010000.pl031: setting system clock to 2018-07-19 11:13:21 UTC (1531998801)
[    5.100891] EXT4-fs (vda1): couldn't mount as ext3 due to feature incompatibilities
[    5.102842] EXT4-fs (vda1): mounting ext2 file system using the ext4 subsystem
[    5.113674] EXT4-fs (vda1): warning: mounting unchecked fs, running e2fsck is recommended
[    5.116628] EXT4-fs (vda1): mounted filesystem without journal. Opts: (null)
[    5.117779] VFS: Mounted root (ext2 filesystem) on device 254:1.
[    5.136453] Freeing unused kernel memory: 180K (c05c7000 - c05f4000)
[    5.390501] firmadyne: sys_reboot[PID: 54 (init)]: magic1:fee1dead, magic2:28121969, cmd:0
[   10.625654] cfg80211: Calling CRDA to update world regulatory domain
[   14.984787] cfg80211: Calling CRDA to update world regulatory domain
[   21.279061] cfg80211: Calling CRDA to update world regulatory domain
[   25.889553] cfg80211: Calling CRDA to update world regulatory domain
Using /lib/modules/mvKernelExt.ko
insmod: kernel-module version mismatch
	/lib/modules/mvKernelExt.ko was compiled for kernel version 
	while this kernel is version 4.1.17+.
Using /lib/modules/mvPpDrv.ko
insmod: kernel-module version mismatch
	/lib/modules/mvPpDrv.ko was compiled for kernel version 
	while this kernel is version 4.1.17+.
Fri May 23 14:32:00 UTC 2008

[   30.631378] cfg80211: Calling CRDA to update world regulatory domain



Linux MARVELL_LINUX 4.1.17+ #1 Thu Feb 18 01:05:21 UTC 2016
[   37.560305] cfg80211: Calling CRDA to update world regulatory domain


Welcome to Embedded Linux
           _  _
          | ||_|
          | | _ ____  _   _  _  _ 
          | || |  _ \| | | |\ \/ /
          | || | | | | |_| |/    \
          |_||_|_| |_|\____|\_/\_/

          On Marvell's ARM board

For further information on the Marvell products check:
http://www.marvell.com/

toochain=gnueabi

Enjoy!

[   50.248367] cfg80211: Calling CRDA to update world regulatory domain
