>> Database Image ID: 150

/home/zhumengfan/firmware/firmwares/9bcf8fd0c4e4cc5fdb2bee1fdc19b11625c5bdbb.ZIP
>> MD5: 7e281e2b0f9f66a8ce49b8369719c2a2
>> Tag: 150
>> Temp: /tmp/tmpsFW8cn
>> Status: Kernel: True, Rootfs: False, Do_Kernel: False,                 Do_Rootfs: True
>>>> Zip archive data, at least v2.0 to extract, compressed size: 5954827, uncompressed size: 5980064, name: des121028_FW_200011.hex
>> Recursing into archive ...
	
/tmp/tmpsFW8cn/_9bcf8fd0c4e4cc5fdb2bee1fdc19b11625c5bdbb.ZIP.extracted/des121028_FW_200011.hex
	>> MD5: 45da482abd51c9fa2a0f5d79e697f6d9
	>> Tag: 150
	>> Temp: /tmp/tmpdKJbF_
	>> Status: Kernel: True, Rootfs: False, Do_Kernel: False,                 Do_Rootfs: True
	>>>> Squashfs filesystem, little endian, version 3.1, size: 4799059 bytes, 218 inodes, blocksize: 131072 bytes, created: 2010-08-30 04:27:45
	>>>> Found Linux filesystem in /tmp/tmpdKJbF_/_des121028_FW_200011.hex.extracted/squashfs-root!
	>> Skipping: completed!
	>> Cleaning up /tmp/tmpdKJbF_...
>> Skipping: completed!
>> Cleaning up /tmp/tmpsFW8cn...
./bin/busybox: armel
Querying database for architecture... armel
----Running----
----Copying Filesystem Tarball----
----Creating QEMU Image----
Formatting '/home/zhumengfan/firmadyne//scratch//150//image.raw', fmt=raw size=1073741824
----Creating Partition Table----

Welcome to fdisk (util-linux 2.27.1).
Changes will remain in memory only, until you decide to write them.
Be careful before using the write command.

Device does not contain a recognized partition table.
Created a new DOS disklabel with disk identifier 0x17848572.

Command (m for help): Created a new DOS disklabel with disk identifier 0xa2da5015.

Command (m for help): Partition type
   p   primary (0 primary, 0 extended, 4 free)
   e   extended (container for logical partitions)
Select (default p): Partition number (1-4, default 1): First sector (2048-2097151, default 2048): Last sector, +sectors or +size{K,M,G,T,P} (2048-2097151, default 2097151): 
Created a new partition 1 of type 'Linux' and of size 1023 MiB.

Command (m for help): The partition table has been altered.
Syncing disks.

----Mounting QEMU Image----
add map loop0p1 (252:0): 0 2095104 linear 7:0 2048
----Creating Filesystem----
mke2fs 1.42.13 (17-May-2015)
Discarding device blocks:   4096/261888             done                            
Creating filesystem with 261888 4k blocks and 65536 inodes
Filesystem UUID: 518a8beb-05b6-4de9-8a52-5be91515bf61
Superblock backups stored on blocks: 
	32768, 98304, 163840, 229376

Allocating group tables: 0/8   done                            
Writing inode tables: 0/8   done                            
Writing superblocks and filesystem accounting information: 0/8   done

----Making QEMU Image Mountpoint----
----Mounting QEMU Image Partition 1----
----Extracting Filesystem Tarball----
----Creating FIRMADYNE Directories----
----Patching Filesystem (chroot)----
Creating /etc/TZ!
Creating /etc/hosts!
Warning: Recreating device nodes!
Removing /etc/scripts/sys_resetbutton!
----Setting up FIRMADYNE----
----Unmounting QEMU Image----
loop deleted : /dev/loop0
Querying database for architecture... armel
Running firmware 150: terminating after 60 secs...
qemu-system-arm: terminating on signal 2 from pid 143666 (timeout)
Inferring network...
Interfaces: []
Done!
[    0.000000] Booting Linux on physical CPU 0x0
[    0.000000] Linux version 4.1.17+ (vagrant@vagrant-ubuntu-trusty-64) (gcc version 5.3.0 (GCC) ) #1 Thu Feb 18 01:05:21 UTC 2016
[    0.000000] CPU: ARMv7 Processor [412fc0f1] revision 1 (ARMv7), cr=10c5387d
[    0.000000] CPU: PIPT / VIPT nonaliasing data cache, PIPT instruction cache
[    0.000000] Machine model: linux,dummy-virt
[    0.000000] debug: ignoring loglevel setting.
[    0.000000] Memory policy: Data cache writeback
[    0.000000] On node 0 totalpages: 65536
[    0.000000] free_area_init_node: node 0, pgdat c061dfe8, node_mem_map cfdf9000
[    0.000000]   Normal zone: 512 pages used for memmap
[    0.000000]   Normal zone: 0 pages reserved
[    0.000000]   Normal zone: 65536 pages, LIFO batch:15
[    0.000000] psci: probing for conduit method from DT.
[    0.000000] psci: PSCIv0.2 detected in firmware.
[    0.000000] psci: Using standard PSCI v0.2 function IDs
[    0.000000] CPU: All CPU(s) started in SVC mode.
[    0.000000] pcpu-alloc: s0 r0 d32768 u32768 alloc=1*32768
[    0.000000] pcpu-alloc: [0] 0 
[    0.000000] Built 1 zonelists in Zone order, mobility grouping on.  Total pages: 65024
[    0.000000] Kernel command line: firmadyne.syscall=1 root=/dev/vda1 console=ttyS0 nandsim.parts=64,64,64,64,64,64,64,64,64,64 rdinit=/firmadyne/preInit.sh rw debug ignore_loglevel print-fatal-signals=1 user_debug=31
[    0.000000] PID hash table entries: 1024 (order: 0, 4096 bytes)
[    0.000000] Dentry cache hash table entries: 32768 (order: 5, 131072 bytes)
[    0.000000] Inode-cache hash table entries: 16384 (order: 4, 65536 bytes)
[    0.000000] Memory: 253340K/262144K available (4297K kernel code, 170K rwdata, 1584K rodata, 180K init, 148K bss, 8804K reserved, 0K cma-reserved)
[    0.000000] Virtual kernel memory layout:
[    0.000000]     vector  : 0xffff0000 - 0xffff1000   (   4 kB)
[    0.000000]     fixmap  : 0xffc00000 - 0xfff00000   (3072 kB)
[    0.000000]     vmalloc : 0xd0800000 - 0xff000000   ( 744 MB)
[    0.000000]     lowmem  : 0xc0000000 - 0xd0000000   ( 256 MB)
[    0.000000]     modules : 0xbf000000 - 0xc0000000   (  16 MB)
[    0.000000]       .text : 0xc0008000 - 0xc05c67bc   (5882 kB)
[    0.000000]       .init : 0xc05c7000 - 0xc05f4000   ( 180 kB)
[    0.000000]       .data : 0xc05f4000 - 0xc061e840   ( 171 kB)
[    0.000000]        .bss : 0xc0621000 - 0xc06462d4   ( 149 kB)
[    0.000000] NR_IRQS:16 nr_irqs:16 16
[    0.000000] Architected cp15 timer(s) running at 62.50MHz (virt).
[    0.000000] clocksource arch_sys_counter: mask: 0xffffffffffffff max_cycles: 0x1cd42e208c, max_idle_ns: 881590405314 ns
[    0.000162] sched_clock: 56 bits at 62MHz, resolution 16ns, wraps every 4398046511096ns
[    0.000300] Switching to timer-based delay loop, resolution 16ns
[    0.003433] Console: colour dummy device 80x30
[    0.003758] Calibrating delay loop (skipped), value calculated using timer frequency.. 125.00 BogoMIPS (lpj=625000)
[    0.003889] pid_max: default: 32768 minimum: 301
[    0.004802] Mount-cache hash table entries: 1024 (order: 0, 4096 bytes)
[    0.004840] Mountpoint-cache hash table entries: 1024 (order: 0, 4096 bytes)
[    0.014192] CPU: Testing write buffer coherency: ok
[    0.020314] Setting up static identity map for 0x40008240 - 0x40008298
[    0.035347] VFP support v0.3: implementor 41 architecture 4 part 30 variant f rev 0
[    0.047696] clocksource jiffies: mask: 0xffffffff max_cycles: 0xffffffff, max_idle_ns: 19112604462750000 ns
[    0.057098] NET: Registered protocol family 16
[    0.060289] DMA: preallocated 256 KiB pool for atomic coherent allocations
[    0.064764] cpuidle: using governor ladder
[    0.064949] cpuidle: using governor menu
[    0.086463] Serial: AMBA PL011 UART driver
[    0.088810] 9000000.pl011: ttyS0 at MMIO 0x9000000 (irq = 54, base_baud = 0) is a PL011 rev1
[    0.096593] console [ttyS0] enabled
[    0.120199] vgaarb: loaded
[    0.121758] SCSI subsystem initialized
[    0.122890] usbcore: registered new interface driver usbfs
[    0.123254] usbcore: registered new interface driver hub
[    0.123611] usbcore: registered new device driver usb
[    0.133084] cfg80211: Calling CRDA to update world regulatory domain
[    0.135688] Switched to clocksource arch_sys_counter
[    0.152999] NET: Registered protocol family 2
[    0.159251] TCP established hash table entries: 2048 (order: 1, 8192 bytes)
[    0.159541] TCP bind hash table entries: 2048 (order: 1, 8192 bytes)
[    0.159851] TCP: Hash tables configured (established 2048 bind 2048)
[    0.160389] UDP hash table entries: 256 (order: 0, 4096 bytes)
[    0.160635] UDP-Lite hash table entries: 256 (order: 0, 4096 bytes)
[    0.162103] NET: Registered protocol family 1
[    0.162558] PCI: CLS 0 bytes, default 64
[    0.170349] NetWinder Floating Point Emulator V0.97 (extended precision)
[    0.173130] futex hash table entries: 256 (order: -1, 3072 bytes)
[    0.178862] squashfs: version 4.0 (2009/01/31) Phillip Lougher
[    0.179952] jffs2: version 2.2. (NAND) © 2001-2006 Red Hat, Inc.
[    0.180782] romfs: ROMFS MTD (C) 2007 Red Hat, Inc.
[    0.190267] Block layer SCSI generic (bsg) driver version 0.4 loaded (major 253)
[    0.190612] io scheduler noop registered
[    0.190845] io scheduler cfq registered (default)
[    0.191569] firmadyne: devfs: 1, execute: 1, procfs: 1, syscall: 1
[    0.193003] ------------[ cut here ]------------
[    0.193206] WARNING: CPU: 0 PID: 1 at /home/vagrant/firmadyne-kernel/kernel-v4.1/fs/sysfs/dir.c:31 sysfs_warn_dup+0x50/0x6c()
[    0.193469] sysfs: cannot create duplicate filename '/class/gpio'
[    0.193644] Modules linked in:
[    0.193962] CPU: 0 PID: 1 Comm: swapper Not tainted 4.1.17+ #1
[    0.194099] Hardware name: Generic DT based system
[    0.194780] [<c001c99c>] (unwind_backtrace) from [<c0019d30>] (show_stack+0x10/0x14)
[    0.195055] [<c0019d30>] (show_stack) from [<c0024ab4>] (warn_slowpath_common+0x80/0xa8)
[    0.195378] [<c0024ab4>] (warn_slowpath_common) from [<c0024b08>] (warn_slowpath_fmt+0x2c/0x3c)
[    0.195660] [<c0024b08>] (warn_slowpath_fmt) from [<c00e363c>] (sysfs_warn_dup+0x50/0x6c)
[    0.195838] [<c00e363c>] (sysfs_warn_dup) from [<c00e3714>] (sysfs_create_dir_ns+0x74/0x84)
[    0.196017] [<c00e3714>] (sysfs_create_dir_ns) from [<c018e6ac>] (kobject_add_internal+0xb8/0x2ac)
[    0.196203] [<c018e6ac>] (kobject_add_internal) from [<c018e9a8>] (kset_register+0x1c/0x44)
[    0.196380] [<c018e9a8>] (kset_register) from [<c02090b4>] (__class_register+0xa8/0x198)
[    0.196551] [<c02090b4>] (__class_register) from [<c02091e4>] (__class_create+0x40/0x70)
[    0.196722] [<c02091e4>] (__class_create) from [<c01adf68>] (register_devfs_stubs+0x314/0xbb4)
[    0.196902] [<c01adf68>] (register_devfs_stubs) from [<c05d9b08>] (init_module+0x28/0xa4)
[    0.197106] [<c05d9b08>] (init_module) from [<c0009670>] (do_one_initcall+0x104/0x1b4)
[    0.197295] [<c0009670>] (do_one_initcall) from [<c05c7d08>] (kernel_init_freeable+0xf0/0x1b0)
[    0.197488] [<c05c7d08>] (kernel_init_freeable) from [<c040f28c>] (kernel_init+0x8/0xe4)
[    0.197655] [<c040f28c>] (kernel_init) from [<c0016da8>] (ret_from_fork+0x14/0x2c)
[    0.197937] ---[ end trace 2d087e665f74f3bd ]---
[    0.198133] ------------[ cut here ]------------
[    0.198247] WARNING: CPU: 0 PID: 1 at /home/vagrant/firmadyne-kernel/kernel-v4.1/lib/kobject.c:240 kobject_add_internal+0x240/0x2ac()
[    0.198465] kobject_add_internal failed for gpio with -EEXIST, don't try to register things with the same name in the same directory.
[    0.198676] Modules linked in:
[    0.198815] CPU: 0 PID: 1 Comm: swapper Tainted: G        W       4.1.17+ #1
[    0.198952] Hardware name: Generic DT based system
[    0.199070] [<c001c99c>] (unwind_backtrace) from [<c0019d30>] (show_stack+0x10/0x14)
[    0.199251] [<c0019d30>] (show_stack) from [<c0024ab4>] (warn_slowpath_common+0x80/0xa8)
[    0.199452] [<c0024ab4>] (warn_slowpath_common) from [<c0024b08>] (warn_slowpath_fmt+0x2c/0x3c)
[    0.199634] [<c0024b08>] (warn_slowpath_fmt) from [<c018e834>] (kobject_add_internal+0x240/0x2ac)
[    0.199903] [<c018e834>] (kobject_add_internal) from [<c018e9a8>] (kset_register+0x1c/0x44)
[    0.200076] [<c018e9a8>] (kset_register) from [<c02090b4>] (__class_register+0xa8/0x198)
[    0.200244] [<c02090b4>] (__class_register) from [<c02091e4>] (__class_create+0x40/0x70)
[    0.200413] [<c02091e4>] (__class_create) from [<c01adf68>] (register_devfs_stubs+0x314/0xbb4)
[    0.200593] [<c01adf68>] (register_devfs_stubs) from [<c05d9b08>] (init_module+0x28/0xa4)
[    0.200776] [<c05d9b08>] (init_module) from [<c0009670>] (do_one_initcall+0x104/0x1b4)
[    0.200956] [<c0009670>] (do_one_initcall) from [<c05c7d08>] (kernel_init_freeable+0xf0/0x1b0)
[    0.201132] [<c05c7d08>] (kernel_init_freeable) from [<c040f28c>] (kernel_init+0x8/0xe4)
[    0.201319] [<c040f28c>] (kernel_init) from [<c0016da8>] (ret_from_fork+0x14/0x2c)
[    0.201476] ---[ end trace 2d087e665f74f3be ]---
[    0.201665] firmadyne: Cannot create device class: gpio!
[    0.203634] firmadyne: Cannot register character device: watchdog, 0xa, 0x82!
[    0.203840] firmadyne: Cannot register character device: wdt, 0xfd, 0x0!
[    0.286040] PCI host bridge /pcie@10000000 ranges:
[    0.286638]    IO 0x3eff0000..0x3effffff -> 0x00000000
[    0.287014]   MEM 0x10000000..0x3efeffff -> 0x10000000
[    0.287145]   MEM 0x8000000000..0xffffffffff -> 0x8000000000
[    0.287881] pci-host-generic 3f000000.pcie: resource collision: [mem 0x00000000-0xffffffff] conflicts with /pl011@9000000 [mem 0x09000000-0x09000fff]
[    0.288574] pci-host-generic: probe of 3f000000.pcie failed with error -16
[    0.300627] Non-volatile memory driver v1.3
[    0.324706] brd: module loaded
[    0.335452] loop: module loaded
[    0.347585]  vda: vda1
[    0.359764] 0.flash: Found 2 x16 devices at 0x0 in 32-bit bank. Manufacturer ID 0x000000 Chip ID 0x000000
[    0.360416] Intel/Sharp Extended Query Table at 0x0031
[    0.361555] Using buffer write method
[    0.361977] erase region 0: offset=0x0,size=0x40000,blocks=256
[    0.369128] 0.flash: Found 2 x16 devices at 0x0 in 32-bit bank. Manufacturer ID 0x000000 Chip ID 0x000000
[    0.369353] Intel/Sharp Extended Query Table at 0x0031
[    0.370084] Using buffer write method
[    0.370199] erase region 0: offset=0x0,size=0x40000,blocks=256
[    0.370391] Concatenating MTD devices:
[    0.370497] (0): "0.flash"
[    0.370572] (1): "0.flash"
[    0.370639] into device "0.flash"
[    0.382949] [nandsim] warning: read_byte: unexpected data output cycle, state is STATE_READY return 0x0
[    0.383176] [nandsim] warning: read_byte: unexpected data output cycle, state is STATE_READY return 0x0
[    0.383353] [nandsim] warning: read_byte: unexpected data output cycle, state is STATE_READY return 0x0
[    0.383553] [nandsim] warning: read_byte: unexpected data output cycle, state is STATE_READY return 0x0
[    0.383725] [nandsim] warning: read_byte: unexpected data output cycle, state is STATE_READY return 0x0
[    0.383963] [nandsim] warning: read_byte: unexpected data output cycle, state is STATE_READY return 0x0
[    0.384406] nand: device found, Manufacturer ID: 0x98, Chip ID: 0x39
[    0.384541] nand: Toshiba NAND 128MiB 1,8V 8-bit
[    0.384658] nand: 128 MiB, SLC, erase size: 16 KiB, page size: 512, OOB size: 16
[    0.386024] flash size: 128 MiB
[    0.386116] page size: 512 bytes
[    0.386192] OOB area size: 16 bytes
[    0.386271] sector size: 16 KiB
[    0.386359] pages number: 262144
[    0.386445] pages per sector: 32
[    0.386517] bus width: 8
[    0.386580] bits in sector size: 14
[    0.386658] bits in page size: 9
[    0.386734] bits in OOB size: 4
[    0.386810] flash size with OOB: 135168 KiB
[    0.386898] page address bytes: 4
[    0.386972] sector address bytes: 3
[    0.387049] options: 0x42
[    0.391307] Scanning device for bad blocks
[    0.531828] firmadyne: do_execve: /firmadyne/console
[    0.532056] OFFSETS: offset of pid: 0x190 offset of comm: 0x270
[    0.532556] Creating 11 MTD partitions on "NAND 128MiB 1,8V 8-bit":
[    0.532972] 0x000000000000-0x000000100000 : "NAND simulator partition 0"
[    0.535434] 0x000000100000-0x000000200000 : "NAND simulator partition 1"
[    0.537007] 0x000000200000-0x000000300000 : "NAND simulator partition 2"
[    0.538486] 0x000000300000-0x000000400000 : "NAND simulator partition 3"
[    0.540024] 0x000000400000-0x000000500000 : "NAND simulator partition 4"
[    0.541527] 0x000000500000-0x000000600000 : "NAND simulator partition 5"
[    0.543021] 0x000000600000-0x000000700000 : "NAND simulator partition 6"
[    0.544724] 0x000000700000-0x000000800000 : "NAND simulator partition 7"
[    0.546348] 0x000000800000-0x000000900000 : "NAND simulator partition 8"
[    0.547855] 0x000000900000-0x000000a00000 : "NAND simulator partition 9"
[    0.549334] 0x000000a00000-0x000008000000 : "NAND simulator partition 10"
[    0.555105] tun: Universal TUN/TAP device driver, 1.6
[    0.555445] tun: (C) 1999-2004 Max Krasnyansky <maxk@qualcomm.com>
[    0.567633] PPP generic driver version 2.4.2
[    0.568426] PPP BSD Compression module registered
[    0.568616] PPP Deflate Compression module registered
[    0.568855] PPP MPPE Compression module registered
[    0.568993] NET: Registered protocol family 24
[    0.569313] PPTP driver version 0.8.5
[    0.571049] usbcore: registered new interface driver usb-storage
[    0.574592] rtc-pl031 9010000.pl031: rtc core: registered pl031 as rtc0
[    0.575593] hidraw: raw HID events driver (C) Jiri Kosina
[    0.576216] usbcore: registered new interface driver usbhid
[    0.576350] usbhid: USB HID core driver
[    0.576852] Netfilter messages via NETLINK v0.30.
[    0.577545] nf_conntrack version 0.5.0 (3958 buckets, 15832 max)
[    0.579031] ctnetlink v0.93: registering with nfnetlink.
[    0.580526] ipip: IPv4 over IPv4 tunneling driver
[    0.582753] gre: GRE over IPv4 demultiplexor driver
[    0.582922] ip_gre: GRE over IPv4 tunneling driver
[    0.587837] ip_tables: (C) 2000-2006 Netfilter Core Team
[    0.589604] arp_tables: (C) 2002 David S. Miller
[    0.590685] Initializing XFRM netlink socket
[    0.591227] NET: Registered protocol family 10
[    0.598706] ip6_tables: (C) 2000-2006 Netfilter Core Team
[    0.600514] sit: IPv6 over IPv4 tunneling driver
[    0.604449] NET: Registered protocol family 17
[    0.605139] bridge: automatic filtering via arp/ip/ip6tables has been deprecated. Update your scripts to load br_netfilter if you need this.
[    0.605676] Bridge firewalling registered
[    0.605835] Ebtables v2.0 registered
[    0.607088] 8021q: 802.1Q VLAN Support v1.8
[    0.607779] Registering SWP/SWPB emulation handler
[    0.610717] rtc-pl031 9010000.pl031: setting system clock to 2018-07-19 13:33:31 UTC (1532007211)
[    0.621262] EXT4-fs (vda1): couldn't mount as ext3 due to feature incompatibilities
[    0.623036] EXT4-fs (vda1): mounting ext2 file system using the ext4 subsystem
[    0.635195] EXT4-fs (vda1): mounted filesystem without journal. Opts: (null)
[    0.636478] VFS: Mounted root (ext2 filesystem) on device 254:1.
[    0.654979] Freeing unused kernel memory: 180K (c05c7000 - c05f4000)
[    0.761562] firmadyne: sys_reboot[PID: 54 (init)]: magic1:fee1dead, magic2:28121969, cmd:0
[    0.783702] firmadyne: sys_socket[PID: 1 (init)]: family:1, type:2, protocol:0
[    0.793765] firmadyne: sys_socket[PID: 55 (init)]: family:1, type:2, protocol:0
[    1.048558] firmadyne: sys_socket[PID: 64 (telnetd)]: family:2, type:1, protocol:0
[    1.051298] firmadyne: sys_setsockopt[PID: 64 (telnetd)]: fd:3, level:1, optname:2
[    1.052139] firmadyne: inet_bind[PID: 64 (telnetd)]: proto:SOCK_STREAM, port:23
Using /lib/modules/mvKernelExt.ko
insmod: kernel-module version mismatch
	/lib/modules/mvKernelExt.ko was compiled for kernel version 
	while this kernel is version 4.1.17+.
Using /lib/modules/mvPpDrv.ko
insmod: kernel-module version mismatch
	/lib/modules/mvPpDrv.ko was compiled for kernel version 
	while this kernel is version 4.1.17+.
Fri May 23 14:32:00 UTC 2008
[    1.281118] firmadyne: sys_socket[PID: 72 (ifconfig)]: family:2, type:2, protocol:0
[    1.283200] firmadyne: __inet_insert_ifa[PID: 72 (ifconfig)]: device:lo ifa:0x0100007f
[    1.289785] firmadyne: __inet_insert_ifa[PID: 72 (ifconfig)]: device:lo ifa:0x0100007f
[    4.975877] cfg80211: Calling CRDA to update world regulatory domain




Linux MARVELL_LINUX 4.1.17+ #1 Thu Feb 18 01:05:21 UTC 2016


Welcome to Embedded Linux
           _  _
          | ||_|
          | | _ ____  _   _  _  _ 
          | || |  _ \| | | |\ \/ /
          | || | | | | |_| |/    \
          |_||_|_| |_|\____|\_/\_/

          On Marvell's ARM board

For further information on the Marvell products check:
http://www.marvell.com/

toochain=gnueabi

Enjoy!



BusyBox v1.01 (2008.10.02-12:33+0000) Built-in shell (ash)
Enter 'help' for a list of built-in commands.

/ # [    8.125774] cfg80211: Calling CRDA to update world regulatory domain
[   11.275804] cfg80211: Calling CRDA to update world regulatory domain
[   14.427110] cfg80211: Calling CRDA to update world regulatory domain
[   17.576173] cfg80211: Calling CRDA to update world regulatory domain
[   20.725738] cfg80211: Calling CRDA to update world regulatory domain
[   23.876198] cfg80211: Calling CRDA to update world regulatory domain
[   27.026931] cfg80211: Calling CRDA to update world regulatory domain
[   30.175990] cfg80211: Calling CRDA to update world regulatory domain
[   33.325918] cfg80211: Calling CRDA to update world regulatory domain
[   36.476062] cfg80211: Exceeded CRDA call max attempts. Not calling CRDA
Starting firmware emulation... use Ctrl-a + x to exit
qemu-system-arm: terminating on signal 2 from pid 143798 (timeout)
[    0.000000] Booting Linux on physical CPU 0x0
[    0.000000] Linux version 4.1.17+ (vagrant@vagrant-ubuntu-trusty-64) (gcc version 5.3.0 (GCC) ) #1 Thu Feb 18 01:05:21 UTC 2016
[    0.000000] CPU: ARMv7 Processor [412fc0f1] revision 1 (ARMv7), cr=10c5387d
[    0.000000] CPU: PIPT / VIPT nonaliasing data cache, PIPT instruction cache
[    0.000000] Machine model: linux,dummy-virt
[    0.000000] debug: ignoring loglevel setting.
[    0.000000] Memory policy: Data cache writeback
[    0.000000] On node 0 totalpages: 65536
[    0.000000] free_area_init_node: node 0, pgdat c061dfe8, node_mem_map cfdf9000
[    0.000000]   Normal zone: 512 pages used for memmap
[    0.000000]   Normal zone: 0 pages reserved
[    0.000000]   Normal zone: 65536 pages, LIFO batch:15
[    0.000000] psci: probing for conduit method from DT.
[    0.000000] psci: PSCIv0.2 detected in firmware.
[    0.000000] psci: Using standard PSCI v0.2 function IDs
[    0.000000] CPU: All CPU(s) started in SVC mode.
[    0.000000] pcpu-alloc: s0 r0 d32768 u32768 alloc=1*32768
[    0.000000] pcpu-alloc: [0] 0 
[    0.000000] Built 1 zonelists in Zone order, mobility grouping on.  Total pages: 65024
[    0.000000] Kernel command line: root=/dev/vda1 console=ttyS0 nandsim.parts=64,64,64,64,64,64,64,64,64,64 rdinit=/firmadyne/preInit.sh rw debug ignore_loglevel print-fatal-signals=1 user_debug=31 firmadyne.syscall=0
[    0.000000] PID hash table entries: 1024 (order: 0, 4096 bytes)
[    0.000000] Dentry cache hash table entries: 32768 (order: 5, 131072 bytes)
[    0.000000] Inode-cache hash table entries: 16384 (order: 4, 65536 bytes)
[    0.000000] Memory: 253340K/262144K available (4297K kernel code, 170K rwdata, 1584K rodata, 180K init, 148K bss, 8804K reserved, 0K cma-reserved)
[    0.000000] Virtual kernel memory layout:
[    0.000000]     vector  : 0xffff0000 - 0xffff1000   (   4 kB)
[    0.000000]     fixmap  : 0xffc00000 - 0xfff00000   (3072 kB)
[    0.000000]     vmalloc : 0xd0800000 - 0xff000000   ( 744 MB)
[    0.000000]     lowmem  : 0xc0000000 - 0xd0000000   ( 256 MB)
[    0.000000]     modules : 0xbf000000 - 0xc0000000   (  16 MB)
[    0.000000]       .text : 0xc0008000 - 0xc05c67bc   (5882 kB)
[    0.000000]       .init : 0xc05c7000 - 0xc05f4000   ( 180 kB)
[    0.000000]       .data : 0xc05f4000 - 0xc061e840   ( 171 kB)
[    0.000000]        .bss : 0xc0621000 - 0xc06462d4   ( 149 kB)
[    0.000000] NR_IRQS:16 nr_irqs:16 16
[    0.000000] Architected cp15 timer(s) running at 62.50MHz (virt).
[    0.000000] clocksource arch_sys_counter: mask: 0xffffffffffffff max_cycles: 0x1cd42e208c, max_idle_ns: 881590405314 ns
[    0.000161] sched_clock: 56 bits at 62MHz, resolution 16ns, wraps every 4398046511096ns
[    0.000303] Switching to timer-based delay loop, resolution 16ns
[    0.003505] Console: colour dummy device 80x30
[    0.003850] Calibrating delay loop (skipped), value calculated using timer frequency.. 125.00 BogoMIPS (lpj=625000)
[    0.003985] pid_max: default: 32768 minimum: 301
[    0.004903] Mount-cache hash table entries: 1024 (order: 0, 4096 bytes)
[    0.004946] Mountpoint-cache hash table entries: 1024 (order: 0, 4096 bytes)
[    0.014833] CPU: Testing write buffer coherency: ok
[    0.021630] Setting up static identity map for 0x40008240 - 0x40008298
[    0.037276] VFP support v0.3: implementor 41 architecture 4 part 30 variant f rev 0
[    0.050254] clocksource jiffies: mask: 0xffffffff max_cycles: 0xffffffff, max_idle_ns: 19112604462750000 ns
[    0.059926] NET: Registered protocol family 16
[    0.063316] DMA: preallocated 256 KiB pool for atomic coherent allocations
[    0.067824] cpuidle: using governor ladder
[    0.067993] cpuidle: using governor menu
[    0.090919] Serial: AMBA PL011 UART driver
[    0.093243] 9000000.pl011: ttyS0 at MMIO 0x9000000 (irq = 54, base_baud = 0) is a PL011 rev1
[    0.101504] console [ttyS0] enabled
[    0.126582] vgaarb: loaded
[    0.128250] SCSI subsystem initialized
[    0.129608] usbcore: registered new interface driver usbfs
[    0.130042] usbcore: registered new interface driver hub
[    0.130385] usbcore: registered new device driver usb
[    0.140291] cfg80211: Calling CRDA to update world regulatory domain
[    0.143005] Switched to clocksource arch_sys_counter
[    0.162050] NET: Registered protocol family 2
[    0.167932] TCP established hash table entries: 2048 (order: 1, 8192 bytes)
[    0.168197] TCP bind hash table entries: 2048 (order: 1, 8192 bytes)
[    0.168507] TCP: Hash tables configured (established 2048 bind 2048)
[    0.169164] UDP hash table entries: 256 (order: 0, 4096 bytes)
[    0.169451] UDP-Lite hash table entries: 256 (order: 0, 4096 bytes)
[    0.171101] NET: Registered protocol family 1
[    0.171558] PCI: CLS 0 bytes, default 64
[    0.179064] NetWinder Floating Point Emulator V0.97 (extended precision)
[    0.181756] futex hash table entries: 256 (order: -1, 3072 bytes)
[    0.187422] squashfs: version 4.0 (2009/01/31) Phillip Lougher
[    0.188459] jffs2: version 2.2. (NAND) © 2001-2006 Red Hat, Inc.
[    0.189274] romfs: ROMFS MTD (C) 2007 Red Hat, Inc.
[    0.198434] Block layer SCSI generic (bsg) driver version 0.4 loaded (major 253)
[    0.198756] io scheduler noop registered
[    0.199018] io scheduler cfq registered (default)
[    0.199705] firmadyne: devfs: 1, execute: 1, procfs: 1, syscall: 0
[    0.201139] ------------[ cut here ]------------
[    0.201431] WARNING: CPU: 0 PID: 1 at /home/vagrant/firmadyne-kernel/kernel-v4.1/fs/sysfs/dir.c:31 sysfs_warn_dup+0x50/0x6c()
[    0.201742] sysfs: cannot create duplicate filename '/class/gpio'
[    0.201961] Modules linked in:
[    0.202277] CPU: 0 PID: 1 Comm: swapper Not tainted 4.1.17+ #1
[    0.202417] Hardware name: Generic DT based system
[    0.203431] [<c001c99c>] (unwind_backtrace) from [<c0019d30>] (show_stack+0x10/0x14)
[    0.203820] [<c0019d30>] (show_stack) from [<c0024ab4>] (warn_slowpath_common+0x80/0xa8)
[    0.204082] [<c0024ab4>] (warn_slowpath_common) from [<c0024b08>] (warn_slowpath_fmt+0x2c/0x3c)
[    0.204325] [<c0024b08>] (warn_slowpath_fmt) from [<c00e363c>] (sysfs_warn_dup+0x50/0x6c)
[    0.204504] [<c00e363c>] (sysfs_warn_dup) from [<c00e3714>] (sysfs_create_dir_ns+0x74/0x84)
[    0.204701] [<c00e3714>] (sysfs_create_dir_ns) from [<c018e6ac>] (kobject_add_internal+0xb8/0x2ac)
[    0.204933] [<c018e6ac>] (kobject_add_internal) from [<c018e9a8>] (kset_register+0x1c/0x44)
[    0.205116] [<c018e9a8>] (kset_register) from [<c02090b4>] (__class_register+0xa8/0x198)
[    0.205289] [<c02090b4>] (__class_register) from [<c02091e4>] (__class_create+0x40/0x70)
[    0.205460] [<c02091e4>] (__class_create) from [<c01adf68>] (register_devfs_stubs+0x314/0xbb4)
[    0.205642] [<c01adf68>] (register_devfs_stubs) from [<c05d9b08>] (init_module+0x28/0xa4)
[    0.205873] [<c05d9b08>] (init_module) from [<c0009670>] (do_one_initcall+0x104/0x1b4)
[    0.206089] [<c0009670>] (do_one_initcall) from [<c05c7d08>] (kernel_init_freeable+0xf0/0x1b0)
[    0.206274] [<c05c7d08>] (kernel_init_freeable) from [<c040f28c>] (kernel_init+0x8/0xe4)
[    0.206461] [<c040f28c>] (kernel_init) from [<c0016da8>] (ret_from_fork+0x14/0x2c)
[    0.206719] ---[ end trace c5aa999c1e2f55d8 ]---
[    0.206966] ------------[ cut here ]------------
[    0.207083] WARNING: CPU: 0 PID: 1 at /home/vagrant/firmadyne-kernel/kernel-v4.1/lib/kobject.c:240 kobject_add_internal+0x240/0x2ac()
[    0.207303] kobject_add_internal failed for gpio with -EEXIST, don't try to register things with the same name in the same directory.
[    0.207525] Modules linked in:
[    0.207665] CPU: 0 PID: 1 Comm: swapper Tainted: G        W       4.1.17+ #1
[    0.207816] Hardware name: Generic DT based system
[    0.207969] [<c001c99c>] (unwind_backtrace) from [<c0019d30>] (show_stack+0x10/0x14)
[    0.208136] [<c0019d30>] (show_stack) from [<c0024ab4>] (warn_slowpath_common+0x80/0xa8)
[    0.208307] [<c0024ab4>] (warn_slowpath_common) from [<c0024b08>] (warn_slowpath_fmt+0x2c/0x3c)
[    0.208503] [<c0024b08>] (warn_slowpath_fmt) from [<c018e834>] (kobject_add_internal+0x240/0x2ac)
[    0.208710] [<c018e834>] (kobject_add_internal) from [<c018e9a8>] (kset_register+0x1c/0x44)
[    0.208923] [<c018e9a8>] (kset_register) from [<c02090b4>] (__class_register+0xa8/0x198)
[    0.209094] [<c02090b4>] (__class_register) from [<c02091e4>] (__class_create+0x40/0x70)
[    0.209263] [<c02091e4>] (__class_create) from [<c01adf68>] (register_devfs_stubs+0x314/0xbb4)
[    0.209443] [<c01adf68>] (register_devfs_stubs) from [<c05d9b08>] (init_module+0x28/0xa4)
[    0.209614] [<c05d9b08>] (init_module) from [<c0009670>] (do_one_initcall+0x104/0x1b4)
[    0.209782] [<c0009670>] (do_one_initcall) from [<c05c7d08>] (kernel_init_freeable+0xf0/0x1b0)
[    0.209983] [<c05c7d08>] (kernel_init_freeable) from [<c040f28c>] (kernel_init+0x8/0xe4)
[    0.210149] [<c040f28c>] (kernel_init) from [<c0016da8>] (ret_from_fork+0x14/0x2c)
[    0.210324] ---[ end trace c5aa999c1e2f55d9 ]---
[    0.210482] firmadyne: Cannot create device class: gpio!
[    0.212275] firmadyne: Cannot register character device: watchdog, 0xa, 0x82!
[    0.212454] firmadyne: Cannot register character device: wdt, 0xfd, 0x0!
[    0.299710] PCI host bridge /pcie@10000000 ranges:
[    0.300301]    IO 0x3eff0000..0x3effffff -> 0x00000000
[    0.300663]   MEM 0x10000000..0x3efeffff -> 0x10000000
[    0.300799]   MEM 0x8000000000..0xffffffffff -> 0x8000000000
[    0.301494] pci-host-generic 3f000000.pcie: resource collision: [mem 0x00000000-0xffffffff] conflicts with /pl011@9000000 [mem 0x09000000-0x09000fff]
[    0.302240] pci-host-generic: probe of 3f000000.pcie failed with error -16
[    0.314037] Non-volatile memory driver v1.3
[    0.339306] brd: module loaded
[    0.349770] loop: module loaded
[    0.363280]  vda: vda1
[    0.375795] 0.flash: Found 2 x16 devices at 0x0 in 32-bit bank. Manufacturer ID 0x000000 Chip ID 0x000000
[    0.376498] Intel/Sharp Extended Query Table at 0x0031
[    0.377751] Using buffer write method
[    0.378221] erase region 0: offset=0x0,size=0x40000,blocks=256
[    0.386006] 0.flash: Found 2 x16 devices at 0x0 in 32-bit bank. Manufacturer ID 0x000000 Chip ID 0x000000
[    0.386266] Intel/Sharp Extended Query Table at 0x0031
[    0.387149] Using buffer write method
[    0.387271] erase region 0: offset=0x0,size=0x40000,blocks=256
[    0.387506] Concatenating MTD devices:
[    0.387615] (0): "0.flash"
[    0.387695] (1): "0.flash"
[    0.387766] into device "0.flash"
[    0.400922] [nandsim] warning: read_byte: unexpected data output cycle, state is STATE_READY return 0x0
[    0.401169] [nandsim] warning: read_byte: unexpected data output cycle, state is STATE_READY return 0x0
[    0.401347] [nandsim] warning: read_byte: unexpected data output cycle, state is STATE_READY return 0x0
[    0.401519] [nandsim] warning: read_byte: unexpected data output cycle, state is STATE_READY return 0x0
[    0.401690] [nandsim] warning: read_byte: unexpected data output cycle, state is STATE_READY return 0x0
[    0.401897] [nandsim] warning: read_byte: unexpected data output cycle, state is STATE_READY return 0x0
[    0.402464] nand: device found, Manufacturer ID: 0x98, Chip ID: 0x39
[    0.403186] nand: Toshiba NAND 128MiB 1,8V 8-bit
[    0.403324] nand: 128 MiB, SLC, erase size: 16 KiB, page size: 512, OOB size: 16
[    0.404332] flash size: 128 MiB
[    0.404422] page size: 512 bytes
[    0.404502] OOB area size: 16 bytes
[    0.404584] sector size: 16 KiB
[    0.404658] pages number: 262144
[    0.404732] pages per sector: 32
[    0.404806] bus width: 8
[    0.404894] bits in sector size: 14
[    0.404977] bits in page size: 9
[    0.405056] bits in OOB size: 4
[    0.405135] flash size with OOB: 135168 KiB
[    0.405230] page address bytes: 4
[    0.405306] sector address bytes: 3
[    0.405387] options: 0x42
[    0.409618] Scanning device for bad blocks
[    0.523858] firmadyne: do_execve: /firmadyne/console
[    0.524091] OFFSETS: offset of pid: 0x190 offset of comm: 0x270
[    0.524562] Creating 11 MTD partitions on "NAND 128MiB 1,8V 8-bit":
[    0.525019] 0x000000000000-0x000000100000 : "NAND simulator partition 0"
[    0.527312] 0x000000100000-0x000000200000 : "NAND simulator partition 1"
[    0.528815] 0x000000200000-0x000000300000 : "NAND simulator partition 2"
[    0.530269] 0x000000300000-0x000000400000 : "NAND simulator partition 3"
[    0.531762] 0x000000400000-0x000000500000 : "NAND simulator partition 4"
[    0.533419] 0x000000500000-0x000000600000 : "NAND simulator partition 5"
[    0.534875] 0x000000600000-0x000000700000 : "NAND simulator partition 6"
[    0.536599] 0x000000700000-0x000000800000 : "NAND simulator partition 7"
[    0.538019] 0x000000800000-0x000000900000 : "NAND simulator partition 8"
[    0.539428] 0x000000900000-0x000000a00000 : "NAND simulator partition 9"
[    0.540858] 0x000000a00000-0x000008000000 : "NAND simulator partition 10"
[    0.547283] tun: Universal TUN/TAP device driver, 1.6
[    0.547421] tun: (C) 1999-2004 Max Krasnyansky <maxk@qualcomm.com>
[    0.559610] PPP generic driver version 2.4.2
[    0.560461] PPP BSD Compression module registered
[    0.560645] PPP Deflate Compression module registered
[    0.560908] PPP MPPE Compression module registered
[    0.561057] NET: Registered protocol family 24
[    0.561366] PPTP driver version 0.8.5
[    0.563192] usbcore: registered new interface driver usb-storage
[    0.566752] rtc-pl031 9010000.pl031: rtc core: registered pl031 as rtc0
[    0.567618] hidraw: raw HID events driver (C) Jiri Kosina
[    0.568273] usbcore: registered new interface driver usbhid
[    0.568408] usbhid: USB HID core driver
[    0.568877] Netfilter messages via NETLINK v0.30.
[    0.569547] nf_conntrack version 0.5.0 (3958 buckets, 15832 max)
[    0.571031] ctnetlink v0.93: registering with nfnetlink.
[    0.572506] ipip: IPv4 over IPv4 tunneling driver
[    0.574754] gre: GRE over IPv4 demultiplexor driver
[    0.574950] ip_gre: GRE over IPv4 tunneling driver
[    0.580223] ip_tables: (C) 2000-2006 Netfilter Core Team
[    0.582052] arp_tables: (C) 2002 David S. Miller
[    0.583448] Initializing XFRM netlink socket
[    0.584005] NET: Registered protocol family 10
[    0.591727] ip6_tables: (C) 2000-2006 Netfilter Core Team
[    0.593770] sit: IPv6 over IPv4 tunneling driver
[    0.598051] NET: Registered protocol family 17
[    0.598727] bridge: automatic filtering via arp/ip/ip6tables has been deprecated. Update your scripts to load br_netfilter if you need this.
[    0.599146] Bridge firewalling registered
[    0.599311] Ebtables v2.0 registered
[    0.600580] 8021q: 802.1Q VLAN Support v1.8
[    0.601266] Registering SWP/SWPB emulation handler
[    0.604307] rtc-pl031 9010000.pl031: setting system clock to 2018-07-19 13:34:33 UTC (1532007273)
[    0.615775] EXT4-fs (vda1): couldn't mount as ext3 due to feature incompatibilities
[    0.617951] EXT4-fs (vda1): mounting ext2 file system using the ext4 subsystem
[    0.626974] EXT4-fs (vda1): warning: mounting unchecked fs, running e2fsck is recommended
[    0.630117] EXT4-fs (vda1): mounted filesystem without journal. Opts: (null)
[    0.631413] VFS: Mounted root (ext2 filesystem) on device 254:1.
[    0.650455] Freeing unused kernel memory: 180K (c05c7000 - c05f4000)
[    0.761706] firmadyne: sys_reboot[PID: 54 (init)]: magic1:fee1dead, magic2:28121969, cmd:0
Using /lib/modules/mvKernelExt.ko
insmod: kernel-module version mismatch
	/lib/modules/mvKernelExt.ko was compiled for kernel version 
	while this kernel is version 4.1.17+.
Using /lib/modules/mvPpDrv.ko
insmod: kernel-module version mismatch
	/lib/modules/mvPpDrv.ko was compiled for kernel version 
	while this kernel is version 4.1.17+.
Fri May 23 14:32:00 UTC 2008




Linux MARVELL_LINUX 4.1.17+ #1 Thu Feb 18 01:05:21 UTC 2016


Welcome to Embedded Linux
           _  _
          | ||_|
          | | _ ____  _   _  _  _ 
          | || |  _ \| | | |\ \/ /
          | || | | | | |_| |/    \
          |_||_|_| |_|\____|\_/\_/

          On Marvell's ARM board

For further information on the Marvell products check:
http://www.marvell.com/

toochain=gnueabi

Enjoy!

[    3.395296] cfg80211: Calling CRDA to update world regulatory domain


BusyBox v1.01 (2008.10.02-12:33+0000) Built-in shell (ash)
Enter 'help' for a list of built-in commands.

/ # [    6.543604] cfg80211: Calling CRDA to update world regulatory domain
[    9.693904] cfg80211: Calling CRDA to update world regulatory domain
[   12.844032] cfg80211: Calling CRDA to update world regulatory domain
[   15.993378] cfg80211: Calling CRDA to update world regulatory domain
[   19.144855] cfg80211: Calling CRDA to update world regulatory domain
[   22.294271] cfg80211: Calling CRDA to update world regulatory domain
[   25.443567] cfg80211: Calling CRDA to update world regulatory domain
[   28.593539] cfg80211: Calling CRDA to update world regulatory domain
[   31.745805] cfg80211: Calling CRDA to update world regulatory domain
[   34.894911] cfg80211: Exceeded CRDA call max attempts. Not calling CRDA
