>> Database Image ID: 49

/home/zhumengfan/firmware/firmwares/ba0b979384ee2a8bd793b92ffa0a45b37662377c.ZIP
>> MD5: a93f75268a514961b5b831e9869b6618
>> Tag: 49
>> Temp: /tmp/tmp3tfMRA
>> Status: Kernel: True, Rootfs: False, Do_Kernel: False,                 Do_Rootfs: True
>>>> Zip archive data, at least v1.0 to extract, name: des121028_fw_100021/
>> Recursing into archive ...
	
/tmp/tmp3tfMRA/_ba0b979384ee2a8bd793b92ffa0a45b37662377c.ZIP.extracted/des121028_fw_100021/DES-1210-28_A1_1_00_021.hex
	>> MD5: e8e43dfbfefd69d70fa6418d8f13c22d
	>> Tag: 49
	>> Temp: /tmp/tmpJnBZEi
	>> Status: Kernel: True, Rootfs: False, Do_Kernel: False,                 Do_Rootfs: True
	>>>> Squashfs filesystem, little endian, version 3.1, size: 4341565 bytes, 217 inodes, blocksize: 131072 bytes, created: 2010-05-17 10:46:34
	>>>> Found Linux filesystem in /tmp/tmpJnBZEi/_DES-1210-28_A1_1_00_021.hex.extracted/squashfs-root!
	>> Skipping: completed!
	>> Cleaning up /tmp/tmpJnBZEi...
>> Skipping: completed!
>> Cleaning up /tmp/tmp3tfMRA...
./bin/busybox: armel
Querying database for architecture... armel
----Running----
----Copying Filesystem Tarball----
----Creating QEMU Image----
Formatting '/home/zhumengfan/firmadyne//scratch//49//image.raw', fmt=raw size=1073741824
----Creating Partition Table----

Welcome to fdisk (util-linux 2.27.1).
Changes will remain in memory only, until you decide to write them.
Be careful before using the write command.

Device does not contain a recognized partition table.
Created a new DOS disklabel with disk identifier 0xcc6ea237.

Command (m for help): Created a new DOS disklabel with disk identifier 0x6e88c3db.

Command (m for help): Partition type
   p   primary (0 primary, 0 extended, 4 free)
   e   extended (container for logical partitions)
Select (default p): Partition number (1-4, default 1): First sector (2048-2097151, default 2048): Last sector, +sectors or +size{K,M,G,T,P} (2048-2097151, default 2097151): 
Created a new partition 1 of type 'Linux' and of size 1023 MiB.

Command (m for help): The partition table has been altered.
Syncing disks.

----Mounting QEMU Image----
add map loop0p1 (252:0): 0 2095104 linear 7:0 2048
----Creating Filesystem----
mke2fs 1.42.13 (17-May-2015)
Discarding device blocks:   4096/261888             done                            
Creating filesystem with 261888 4k blocks and 65536 inodes
Filesystem UUID: f334b8d0-7a3a-4909-a949-a18c9d8826c6
Superblock backups stored on blocks: 
	32768, 98304, 163840, 229376

Allocating group tables: 0/8   done                            
Writing inode tables: 0/8   done                            
Writing superblocks and filesystem accounting information: 0/8   done

----Making QEMU Image Mountpoint----
----Mounting QEMU Image Partition 1----
----Extracting Filesystem Tarball----
----Creating FIRMADYNE Directories----
----Patching Filesystem (chroot)----
Creating /etc/TZ!
Creating /etc/hosts!
Warning: Recreating device nodes!
Removing /etc/scripts/sys_resetbutton!
----Setting up FIRMADYNE----
----Unmounting QEMU Image----
loop deleted : /dev/loop0
Querying database for architecture... armel
Running firmware 49: terminating after 60 secs...
qemu-system-arm: terminating on signal 2 from pid 86187 (timeout)
Inferring network...
Interfaces: []
Done!
[    0.000000] Booting Linux on physical CPU 0x0
[    0.000000] Linux version 4.1.17+ (vagrant@vagrant-ubuntu-trusty-64) (gcc version 5.3.0 (GCC) ) #1 Thu Feb 18 01:05:21 UTC 2016
[    0.000000] CPU: ARMv7 Processor [412fc0f1] revision 1 (ARMv7), cr=10c5387d
[    0.000000] CPU: PIPT / VIPT nonaliasing data cache, PIPT instruction cache
[    0.000000] Machine model: linux,dummy-virt
[    0.000000] debug: ignoring loglevel setting.
[    0.000000] Memory policy: Data cache writeback
[    0.000000] On node 0 totalpages: 65536
[    0.000000] free_area_init_node: node 0, pgdat c061dfe8, node_mem_map cfdf9000
[    0.000000]   Normal zone: 512 pages used for memmap
[    0.000000]   Normal zone: 0 pages reserved
[    0.000000]   Normal zone: 65536 pages, LIFO batch:15
[    0.000000] psci: probing for conduit method from DT.
[    0.000000] psci: PSCIv0.2 detected in firmware.
[    0.000000] psci: Using standard PSCI v0.2 function IDs
[    0.000000] CPU: All CPU(s) started in SVC mode.
[    0.000000] pcpu-alloc: s0 r0 d32768 u32768 alloc=1*32768
[    0.000000] pcpu-alloc: [0] 0 
[    0.000000] Built 1 zonelists in Zone order, mobility grouping on.  Total pages: 65024
[    0.000000] Kernel command line: firmadyne.syscall=1 root=/dev/vda1 console=ttyS0 nandsim.parts=64,64,64,64,64,64,64,64,64,64 rdinit=/firmadyne/preInit.sh rw debug ignore_loglevel print-fatal-signals=1 user_debug=31
[    0.000000] PID hash table entries: 1024 (order: 0, 4096 bytes)
[    0.000000] Dentry cache hash table entries: 32768 (order: 5, 131072 bytes)
[    0.000000] Inode-cache hash table entries: 16384 (order: 4, 65536 bytes)
[    0.000000] Memory: 253340K/262144K available (4297K kernel code, 170K rwdata, 1584K rodata, 180K init, 148K bss, 8804K reserved, 0K cma-reserved)
[    0.000000] Virtual kernel memory layout:
[    0.000000]     vector  : 0xffff0000 - 0xffff1000   (   4 kB)
[    0.000000]     fixmap  : 0xffc00000 - 0xfff00000   (3072 kB)
[    0.000000]     vmalloc : 0xd0800000 - 0xff000000   ( 744 MB)
[    0.000000]     lowmem  : 0xc0000000 - 0xd0000000   ( 256 MB)
[    0.000000]     modules : 0xbf000000 - 0xc0000000   (  16 MB)
[    0.000000]       .text : 0xc0008000 - 0xc05c67bc   (5882 kB)
[    0.000000]       .init : 0xc05c7000 - 0xc05f4000   ( 180 kB)
[    0.000000]       .data : 0xc05f4000 - 0xc061e840   ( 171 kB)
[    0.000000]        .bss : 0xc0621000 - 0xc06462d4   ( 149 kB)
[    0.000000] NR_IRQS:16 nr_irqs:16 16
[    0.000000] Architected cp15 timer(s) running at 62.50MHz (virt).
[    0.000000] clocksource arch_sys_counter: mask: 0xffffffffffffff max_cycles: 0x1cd42e208c, max_idle_ns: 881590405314 ns
[    0.000159] sched_clock: 56 bits at 62MHz, resolution 16ns, wraps every 4398046511096ns
[    0.000299] Switching to timer-based delay loop, resolution 16ns
[    0.003486] Console: colour dummy device 80x30
[    0.003822] Calibrating delay loop (skipped), value calculated using timer frequency.. 125.00 BogoMIPS (lpj=625000)
[    0.003955] pid_max: default: 32768 minimum: 301
[    0.004850] Mount-cache hash table entries: 1024 (order: 0, 4096 bytes)
[    0.004889] Mountpoint-cache hash table entries: 1024 (order: 0, 4096 bytes)
[    0.015803] CPU: Testing write buffer coherency: ok
[    0.084755] Setting up static identity map for 0x40008240 - 0x40008298
[    0.099895] VFP support v0.3: implementor 41 architecture 4 part 30 variant f rev 0
[    0.112312] clocksource jiffies: mask: 0xffffffff max_cycles: 0xffffffff, max_idle_ns: 19112604462750000 ns
[    0.121828] NET: Registered protocol family 16
[    0.157646] DMA: preallocated 256 KiB pool for atomic coherent allocations
[    0.161888] cpuidle: using governor ladder
[    0.162049] cpuidle: using governor menu
[    0.183518] Serial: AMBA PL011 UART driver
[    0.185750] 9000000.pl011: ttyS0 at MMIO 0x9000000 (irq = 54, base_baud = 0) is a PL011 rev1
[    0.193679] console [ttyS0] enabled
[    0.216763] vgaarb: loaded
[    0.218311] SCSI subsystem initialized
[    0.219482] usbcore: registered new interface driver usbfs
[    0.219892] usbcore: registered new interface driver hub
[    0.220224] usbcore: registered new device driver usb
[    0.257835] cfg80211: Calling CRDA to update world regulatory domain
[    0.260291] Switched to clocksource arch_sys_counter
[    0.278678] NET: Registered protocol family 2
[    0.284288] TCP established hash table entries: 2048 (order: 1, 8192 bytes)
[    0.284575] TCP bind hash table entries: 2048 (order: 1, 8192 bytes)
[    0.284889] TCP: Hash tables configured (established 2048 bind 2048)
[    0.285444] UDP hash table entries: 256 (order: 0, 4096 bytes)
[    0.285695] UDP-Lite hash table entries: 256 (order: 0, 4096 bytes)
[    0.287167] NET: Registered protocol family 1
[    0.287645] PCI: CLS 0 bytes, default 64
[    0.295212] NetWinder Floating Point Emulator V0.97 (extended precision)
[    0.298094] futex hash table entries: 256 (order: -1, 3072 bytes)
[    0.303724] squashfs: version 4.0 (2009/01/31) Phillip Lougher
[    0.304829] jffs2: version 2.2. (NAND) © 2001-2006 Red Hat, Inc.
[    0.305622] romfs: ROMFS MTD (C) 2007 Red Hat, Inc.
[    0.314930] Block layer SCSI generic (bsg) driver version 0.4 loaded (major 253)
[    0.315289] io scheduler noop registered
[    0.315522] io scheduler cfq registered (default)
[    0.316207] firmadyne: devfs: 1, execute: 1, procfs: 1, syscall: 1
[    0.317538] ------------[ cut here ]------------
[    0.317742] WARNING: CPU: 0 PID: 1 at /home/vagrant/firmadyne-kernel/kernel-v4.1/fs/sysfs/dir.c:31 sysfs_warn_dup+0x50/0x6c()
[    0.317976] sysfs: cannot create duplicate filename '/class/gpio'
[    0.318140] Modules linked in:
[    0.318457] CPU: 0 PID: 1 Comm: swapper Not tainted 4.1.17+ #1
[    0.318597] Hardware name: Generic DT based system
[    0.319296] [<c001c99c>] (unwind_backtrace) from [<c0019d30>] (show_stack+0x10/0x14)
[    0.319573] [<c0019d30>] (show_stack) from [<c0024ab4>] (warn_slowpath_common+0x80/0xa8)
[    0.319776] [<c0024ab4>] (warn_slowpath_common) from [<c0024b08>] (warn_slowpath_fmt+0x2c/0x3c)
[    0.320200] [<c0024b08>] (warn_slowpath_fmt) from [<c00e363c>] (sysfs_warn_dup+0x50/0x6c)
[    0.320389] [<c00e363c>] (sysfs_warn_dup) from [<c00e3714>] (sysfs_create_dir_ns+0x74/0x84)
[    0.320575] [<c00e3714>] (sysfs_create_dir_ns) from [<c018e6ac>] (kobject_add_internal+0xb8/0x2ac)
[    0.320767] [<c018e6ac>] (kobject_add_internal) from [<c018e9a8>] (kset_register+0x1c/0x44)
[    0.320950] [<c018e9a8>] (kset_register) from [<c02090b4>] (__class_register+0xa8/0x198)
[    0.321126] [<c02090b4>] (__class_register) from [<c02091e4>] (__class_create+0x40/0x70)
[    0.321302] [<c02091e4>] (__class_create) from [<c01adf68>] (register_devfs_stubs+0x314/0xbb4)
[    0.321490] [<c01adf68>] (register_devfs_stubs) from [<c05d9b08>] (init_module+0x28/0xa4)
[    0.321700] [<c05d9b08>] (init_module) from [<c0009670>] (do_one_initcall+0x104/0x1b4)
[    0.321876] [<c0009670>] (do_one_initcall) from [<c05c7d08>] (kernel_init_freeable+0xf0/0x1b0)
[    0.322062] [<c05c7d08>] (kernel_init_freeable) from [<c040f28c>] (kernel_init+0x8/0xe4)
[    0.322233] [<c040f28c>] (kernel_init) from [<c0016da8>] (ret_from_fork+0x14/0x2c)
[    0.322551] ---[ end trace 9785b704a4dd4b9b ]---
[    0.322769] ------------[ cut here ]------------
[    0.322889] WARNING: CPU: 0 PID: 1 at /home/vagrant/firmadyne-kernel/kernel-v4.1/lib/kobject.c:240 kobject_add_internal+0x240/0x2ac()
[    0.323114] kobject_add_internal failed for gpio with -EEXIST, don't try to register things with the same name in the same directory.
[    0.323332] Modules linked in:
[    0.323481] CPU: 0 PID: 1 Comm: swapper Tainted: G        W       4.1.17+ #1
[    0.323624] Hardware name: Generic DT based system
[    0.323748] [<c001c99c>] (unwind_backtrace) from [<c0019d30>] (show_stack+0x10/0x14)
[    0.323918] [<c0019d30>] (show_stack) from [<c0024ab4>] (warn_slowpath_common+0x80/0xa8)
[    0.324094] [<c0024ab4>] (warn_slowpath_common) from [<c0024b08>] (warn_slowpath_fmt+0x2c/0x3c)
[    0.324281] [<c0024b08>] (warn_slowpath_fmt) from [<c018e834>] (kobject_add_internal+0x240/0x2ac)
[    0.324477] [<c018e834>] (kobject_add_internal) from [<c018e9a8>] (kset_register+0x1c/0x44)
[    0.324655] [<c018e9a8>] (kset_register) from [<c02090b4>] (__class_register+0xa8/0x198)
[    0.324828] [<c02090b4>] (__class_register) from [<c02091e4>] (__class_create+0x40/0x70)
[    0.325001] [<c02091e4>] (__class_create) from [<c01adf68>] (register_devfs_stubs+0x314/0xbb4)
[    0.325187] [<c01adf68>] (register_devfs_stubs) from [<c05d9b08>] (init_module+0x28/0xa4)
[    0.325364] [<c05d9b08>] (init_module) from [<c0009670>] (do_one_initcall+0x104/0x1b4)
[    0.325536] [<c0009670>] (do_one_initcall) from [<c05c7d08>] (kernel_init_freeable+0xf0/0x1b0)
[    0.325717] [<c05c7d08>] (kernel_init_freeable) from [<c040f28c>] (kernel_init+0x8/0xe4)
[    0.325887] [<c040f28c>] (kernel_init) from [<c0016da8>] (ret_from_fork+0x14/0x2c)
[    0.326058] ---[ end trace 9785b704a4dd4b9c ]---
[    0.326226] firmadyne: Cannot create device class: gpio!
[    0.328006] firmadyne: Cannot register character device: watchdog, 0xa, 0x82!
[    0.328191] firmadyne: Cannot register character device: wdt, 0xfd, 0x0!
[    0.410377] PCI host bridge /pcie@10000000 ranges:
[    0.410990]    IO 0x3eff0000..0x3effffff -> 0x00000000
[    0.411358]   MEM 0x10000000..0x3efeffff -> 0x10000000
[    0.411492]   MEM 0x8000000000..0xffffffffff -> 0x8000000000
[    0.412184] pci-host-generic 3f000000.pcie: resource collision: [mem 0x00000000-0xffffffff] conflicts with /pl011@9000000 [mem 0x09000000-0x09000fff]
[    0.412922] pci-host-generic: probe of 3f000000.pcie failed with error -16
[    0.424769] Non-volatile memory driver v1.3
[    1.307422] brd: module loaded
[    1.317648] loop: module loaded
[    1.491219]  vda: vda1
[    1.503782] 0.flash: Found 2 x16 devices at 0x0 in 32-bit bank. Manufacturer ID 0x000000 Chip ID 0x000000
[    1.504457] Intel/Sharp Extended Query Table at 0x0031
[    1.505643] Using buffer write method
[    1.506078] erase region 0: offset=0x0,size=0x40000,blocks=256
[    1.513900] 0.flash: Found 2 x16 devices at 0x0 in 32-bit bank. Manufacturer ID 0x000000 Chip ID 0x000000
[    1.514175] Intel/Sharp Extended Query Table at 0x0031
[    1.515074] Using buffer write method
[    1.515198] erase region 0: offset=0x0,size=0x40000,blocks=256
[    1.515418] Concatenating MTD devices:
[    1.515527] (0): "0.flash"
[    1.515605] (1): "0.flash"
[    1.515675] into device "0.flash"
[    1.692673] [nandsim] warning: read_byte: unexpected data output cycle, state is STATE_READY return 0x0
[    1.692921] [nandsim] warning: read_byte: unexpected data output cycle, state is STATE_READY return 0x0
[    1.693103] [nandsim] warning: read_byte: unexpected data output cycle, state is STATE_READY return 0x0
[    1.693280] [nandsim] warning: read_byte: unexpected data output cycle, state is STATE_READY return 0x0
[    1.693455] [nandsim] warning: read_byte: unexpected data output cycle, state is STATE_READY return 0x0
[    1.693630] [nandsim] warning: read_byte: unexpected data output cycle, state is STATE_READY return 0x0
[    1.694086] nand: device found, Manufacturer ID: 0x98, Chip ID: 0x39
[    1.694236] nand: Toshiba NAND 128MiB 1,8V 8-bit
[    1.694364] nand: 128 MiB, SLC, erase size: 16 KiB, page size: 512, OOB size: 16
[    1.695389] flash size: 128 MiB
[    1.695478] page size: 512 bytes
[    1.695573] OOB area size: 16 bytes
[    1.695652] sector size: 16 KiB
[    1.695723] pages number: 262144
[    1.695811] pages per sector: 32
[    1.695886] bus width: 8
[    1.695948] bits in sector size: 14
[    1.696030] bits in page size: 9
[    1.696109] bits in OOB size: 4
[    1.696188] flash size with OOB: 135168 KiB
[    1.696279] page address bytes: 4
[    1.696355] sector address bytes: 3
[    1.696434] options: 0x42
[    2.259523] Scanning device for bad blocks
[    2.372107] firmadyne: do_execve: /firmadyne/console
[    2.372335] OFFSETS: offset of pid: 0x190 offset of comm: 0x270
[    2.372871] Creating 11 MTD partitions on "NAND 128MiB 1,8V 8-bit":
[    2.373294] 0x000000000000-0x000000100000 : "NAND simulator partition 0"
[    2.375629] 0x000000100000-0x000000200000 : "NAND simulator partition 1"
[    2.377150] 0x000000200000-0x000000300000 : "NAND simulator partition 2"
[    2.378570] 0x000000300000-0x000000400000 : "NAND simulator partition 3"
[    2.380230] 0x000000400000-0x000000500000 : "NAND simulator partition 4"
[    2.381712] 0x000000500000-0x000000600000 : "NAND simulator partition 5"
[    2.383228] 0x000000600000-0x000000700000 : "NAND simulator partition 6"
[    2.384953] 0x000000700000-0x000000800000 : "NAND simulator partition 7"
[    2.386332] 0x000000800000-0x000000900000 : "NAND simulator partition 8"
[    2.387723] 0x000000900000-0x000000a00000 : "NAND simulator partition 9"
[    2.389182] 0x000000a00000-0x000008000000 : "NAND simulator partition 10"
[    2.395313] tun: Universal TUN/TAP device driver, 1.6
[    2.395472] tun: (C) 1999-2004 Max Krasnyansky <maxk@qualcomm.com>
[    2.869079] PPP generic driver version 2.4.2
[    2.869876] PPP BSD Compression module registered
[    2.870181] PPP Deflate Compression module registered
[    2.870431] PPP MPPE Compression module registered
[    2.870572] NET: Registered protocol family 24
[    2.870953] PPTP driver version 0.8.5
[    3.086143] usbcore: registered new interface driver usb-storage
[    3.089589] rtc-pl031 9010000.pl031: rtc core: registered pl031 as rtc0
[    3.090493] hidraw: raw HID events driver (C) Jiri Kosina
[    3.091072] usbcore: registered new interface driver usbhid
[    3.091210] usbhid: USB HID core driver
[    3.091675] Netfilter messages via NETLINK v0.30.
[    3.092342] nf_conntrack version 0.5.0 (3958 buckets, 15832 max)
[    3.093842] ctnetlink v0.93: registering with nfnetlink.
[    3.095310] ipip: IPv4 over IPv4 tunneling driver
[    3.097498] gre: GRE over IPv4 demultiplexor driver
[    3.097670] ip_gre: GRE over IPv4 tunneling driver
[    3.102481] ip_tables: (C) 2000-2006 Netfilter Core Team
[    3.104250] arp_tables: (C) 2002 David S. Miller
[    3.105335] Initializing XFRM netlink socket
[    3.105864] NET: Registered protocol family 10
[    3.113262] ip6_tables: (C) 2000-2006 Netfilter Core Team
[    3.115098] sit: IPv6 over IPv4 tunneling driver
[    3.118945] NET: Registered protocol family 17
[    3.119614] bridge: automatic filtering via arp/ip/ip6tables has been deprecated. Update your scripts to load br_netfilter if you need this.
[    3.120153] Bridge firewalling registered
[    3.120316] Ebtables v2.0 registered
[    3.121552] 8021q: 802.1Q VLAN Support v1.8
[    3.122196] Registering SWP/SWPB emulation handler
[    3.885048] rtc-pl031 9010000.pl031: setting system clock to 2018-07-19 10:10:25 UTC (1531995025)
[    3.888452] cfg80211: Calling CRDA to update world regulatory domain
[    3.896801] EXT4-fs (vda1): couldn't mount as ext3 due to feature incompatibilities
[    3.898545] EXT4-fs (vda1): mounting ext2 file system using the ext4 subsystem
[    3.910301] EXT4-fs (vda1): mounted filesystem without journal. Opts: (null)
[    3.911469] VFS: Mounted root (ext2 filesystem) on device 254:1.
[    3.930240] Freeing unused kernel memory: 180K (c05c7000 - c05f4000)
[    4.629280] firmadyne: sys_reboot[PID: 54 (init)]: magic1:fee1dead, magic2:28121969, cmd:0
[    4.652860] firmadyne: sys_socket[PID: 1 (init)]: family:1, type:2, protocol:0
[    4.665705] firmadyne: sys_socket[PID: 55 (init)]: family:1, type:2, protocol:0
[    5.028582] firmadyne: sys_socket[PID: 64 (telnetd)]: family:2, type:1, protocol:0
[    5.031635] firmadyne: sys_setsockopt[PID: 64 (telnetd)]: fd:3, level:1, optname:2
[    5.032462] firmadyne: inet_bind[PID: 64 (telnetd)]: proto:SOCK_STREAM, port:23
Using /lib/modules/mvKernelExt.ko
insmod: kernel-module version mismatch
	/lib/modules/mvKernelExt.ko was compiled for kernel version 
	while this kernel is version 4.1.17+.
Using /lib/modules/mvPpDrv.ko
insmod: kernel-module version mismatch
	/lib/modules/mvPpDrv.ko was compiled for kernel version 
	while this kernel is version 4.1.17+.
Fri May 23 14:32:00 UTC 2008
[    5.516138] firmadyne: sys_socket[PID: 72 (ifconfig)]: family:2, type:2, protocol:0
[    5.518053] firmadyne: __inet_insert_ifa[PID: 72 (ifconfig)]: device:lo ifa:0x0100007f
[    5.523457] firmadyne: __inet_insert_ifa[PID: 72 (ifconfig)]: device:lo ifa:0x0100007f



[    7.092253] cfg80211: Calling CRDA to update world regulatory domain

Linux MARVELL_LINUX 4.1.17+ #1 Thu Feb 18 01:05:21 UTC 2016


Welcome to Embedded Linux
           _  _
          | ||_|
          | | _ ____  _   _  _  _ 
          | || |  _ \| | | |\ \/ /
          | || | | | | |_| |/    \
          |_||_|_| |_|\____|\_/\_/

          On Marvell's ARM board

For further information on the Marvell products check:
http://www.marvell.com/

toochain=gnueabi

Enjoy!



BusyBox v1.01 (2008.10.02-12:33+0000) Built-in shell (ash)
Enter 'help' for a list of built-in commands.

/ # [   10.241319] cfg80211: Calling CRDA to update world regulatory domain
[   13.390476] cfg80211: Calling CRDA to update world regulatory domain
[   16.540875] cfg80211: Calling CRDA to update world regulatory domain
[   19.690590] cfg80211: Calling CRDA to update world regulatory domain
[   22.842198] cfg80211: Calling CRDA to update world regulatory domain
[   25.991264] cfg80211: Calling CRDA to update world regulatory domain
[   29.140381] cfg80211: Calling CRDA to update world regulatory domain
[   32.290524] cfg80211: Calling CRDA to update world regulatory domain
[   35.441374] cfg80211: Exceeded CRDA call max attempts. Not calling CRDA
Starting firmware emulation... use Ctrl-a + x to exit
qemu-system-arm: terminating on signal 2 from pid 86335 (timeout)
[    0.000000] Booting Linux on physical CPU 0x0
[    0.000000] Linux version 4.1.17+ (vagrant@vagrant-ubuntu-trusty-64) (gcc version 5.3.0 (GCC) ) #1 Thu Feb 18 01:05:21 UTC 2016
[    0.000000] CPU: ARMv7 Processor [412fc0f1] revision 1 (ARMv7), cr=10c5387d
[    0.000000] CPU: PIPT / VIPT nonaliasing data cache, PIPT instruction cache
[    0.000000] Machine model: linux,dummy-virt
[    0.000000] debug: ignoring loglevel setting.
[    0.000000] Memory policy: Data cache writeback
[    0.000000] On node 0 totalpages: 65536
[    0.000000] free_area_init_node: node 0, pgdat c061dfe8, node_mem_map cfdf9000
[    0.000000]   Normal zone: 512 pages used for memmap
[    0.000000]   Normal zone: 0 pages reserved
[    0.000000]   Normal zone: 65536 pages, LIFO batch:15
[    0.000000] psci: probing for conduit method from DT.
[    0.000000] psci: PSCIv0.2 detected in firmware.
[    0.000000] psci: Using standard PSCI v0.2 function IDs
[    0.000000] CPU: All CPU(s) started in SVC mode.
[    0.000000] pcpu-alloc: s0 r0 d32768 u32768 alloc=1*32768
[    0.000000] pcpu-alloc: [0] 0 
[    0.000000] Built 1 zonelists in Zone order, mobility grouping on.  Total pages: 65024
[    0.000000] Kernel command line: root=/dev/vda1 console=ttyS0 nandsim.parts=64,64,64,64,64,64,64,64,64,64 rdinit=/firmadyne/preInit.sh rw debug ignore_loglevel print-fatal-signals=1 user_debug=31 firmadyne.syscall=0
[    0.000000] PID hash table entries: 1024 (order: 0, 4096 bytes)
[    0.000000] Dentry cache hash table entries: 32768 (order: 5, 131072 bytes)
[    0.000000] Inode-cache hash table entries: 16384 (order: 4, 65536 bytes)
[    0.000000] Memory: 253340K/262144K available (4297K kernel code, 170K rwdata, 1584K rodata, 180K init, 148K bss, 8804K reserved, 0K cma-reserved)
[    0.000000] Virtual kernel memory layout:
[    0.000000]     vector  : 0xffff0000 - 0xffff1000   (   4 kB)
[    0.000000]     fixmap  : 0xffc00000 - 0xfff00000   (3072 kB)
[    0.000000]     vmalloc : 0xd0800000 - 0xff000000   ( 744 MB)
[    0.000000]     lowmem  : 0xc0000000 - 0xd0000000   ( 256 MB)
[    0.000000]     modules : 0xbf000000 - 0xc0000000   (  16 MB)
[    0.000000]       .text : 0xc0008000 - 0xc05c67bc   (5882 kB)
[    0.000000]       .init : 0xc05c7000 - 0xc05f4000   ( 180 kB)
[    0.000000]       .data : 0xc05f4000 - 0xc061e840   ( 171 kB)
[    0.000000]        .bss : 0xc0621000 - 0xc06462d4   ( 149 kB)
[    0.000000] NR_IRQS:16 nr_irqs:16 16
[    0.000000] Architected cp15 timer(s) running at 62.50MHz (virt).
[    0.000000] clocksource arch_sys_counter: mask: 0xffffffffffffff max_cycles: 0x1cd42e208c, max_idle_ns: 881590405314 ns
[    0.000161] sched_clock: 56 bits at 62MHz, resolution 16ns, wraps every 4398046511096ns
[    0.000308] Switching to timer-based delay loop, resolution 16ns
[    0.003525] Console: colour dummy device 80x30
[    0.003862] Calibrating delay loop (skipped), value calculated using timer frequency.. 125.00 BogoMIPS (lpj=625000)
[    0.004001] pid_max: default: 32768 minimum: 301
[    0.004918] Mount-cache hash table entries: 1024 (order: 0, 4096 bytes)
[    0.004959] Mountpoint-cache hash table entries: 1024 (order: 0, 4096 bytes)
[    0.015714] CPU: Testing write buffer coherency: ok
[    0.022116] Setting up static identity map for 0x40008240 - 0x40008298
[    0.036936] VFP support v0.3: implementor 41 architecture 4 part 30 variant f rev 0
[    0.318077] clocksource jiffies: mask: 0xffffffff max_cycles: 0xffffffff, max_idle_ns: 19112604462750000 ns
[    0.327504] NET: Registered protocol family 16
[    0.330892] DMA: preallocated 256 KiB pool for atomic coherent allocations
[    0.335236] cpuidle: using governor ladder
[    0.335426] cpuidle: using governor menu
[    0.650681] Serial: AMBA PL011 UART driver
[    0.652895] 9000000.pl011: ttyS0 at MMIO 0x9000000 (irq = 54, base_baud = 0) is a PL011 rev1
[    0.660544] console [ttyS0] enabled
[    0.683713] vgaarb: loaded
[    0.685264] SCSI subsystem initialized
[    0.686333] usbcore: registered new interface driver usbfs
[    0.686697] usbcore: registered new interface driver hub
[    0.687021] usbcore: registered new device driver usb
[    0.696313] cfg80211: Calling CRDA to update world regulatory domain
[    0.698680] Switched to clocksource arch_sys_counter
[    0.716848] NET: Registered protocol family 2
[    0.722533] TCP established hash table entries: 2048 (order: 1, 8192 bytes)
[    0.722821] TCP bind hash table entries: 2048 (order: 1, 8192 bytes)
[    0.723114] TCP: Hash tables configured (established 2048 bind 2048)
[    0.723668] UDP hash table entries: 256 (order: 0, 4096 bytes)
[    0.723928] UDP-Lite hash table entries: 256 (order: 0, 4096 bytes)
[    1.393675] NET: Registered protocol family 1
[    1.394209] PCI: CLS 0 bytes, default 64
[    1.401744] NetWinder Floating Point Emulator V0.97 (extended precision)
[    1.404531] futex hash table entries: 256 (order: -1, 3072 bytes)
[    1.410208] squashfs: version 4.0 (2009/01/31) Phillip Lougher
[    1.411668] jffs2: version 2.2. (NAND) © 2001-2006 Red Hat, Inc.
[    1.412475] romfs: ROMFS MTD (C) 2007 Red Hat, Inc.
[    1.421532] Block layer SCSI generic (bsg) driver version 0.4 loaded (major 253)
[    1.421889] io scheduler noop registered
[    1.422117] io scheduler cfq registered (default)
[    1.422793] firmadyne: devfs: 1, execute: 1, procfs: 1, syscall: 0
[    1.424101] ------------[ cut here ]------------
[    1.424302] WARNING: CPU: 0 PID: 1 at /home/vagrant/firmadyne-kernel/kernel-v4.1/fs/sysfs/dir.c:31 sysfs_warn_dup+0x50/0x6c()
[    1.424530] sysfs: cannot create duplicate filename '/class/gpio'
[    1.424690] Modules linked in:
[    1.425002] CPU: 0 PID: 1 Comm: swapper Not tainted 4.1.17+ #1
[    1.425139] Hardware name: Generic DT based system
[    1.425851] [<c001c99c>] (unwind_backtrace) from [<c0019d30>] (show_stack+0x10/0x14)
[    1.426128] [<c0019d30>] (show_stack) from [<c0024ab4>] (warn_slowpath_common+0x80/0xa8)
[    1.426328] [<c0024ab4>] (warn_slowpath_common) from [<c0024b08>] (warn_slowpath_fmt+0x2c/0x3c)
[    1.426567] [<c0024b08>] (warn_slowpath_fmt) from [<c00e363c>] (sysfs_warn_dup+0x50/0x6c)
[    1.426747] [<c00e363c>] (sysfs_warn_dup) from [<c00e3714>] (sysfs_create_dir_ns+0x74/0x84)
[    1.426930] [<c00e3714>] (sysfs_create_dir_ns) from [<c018e6ac>] (kobject_add_internal+0xb8/0x2ac)
[    1.427119] [<c018e6ac>] (kobject_add_internal) from [<c018e9a8>] (kset_register+0x1c/0x44)
[    1.427300] [<c018e9a8>] (kset_register) from [<c02090b4>] (__class_register+0xa8/0x198)
[    1.427487] [<c02090b4>] (__class_register) from [<c02091e4>] (__class_create+0x40/0x70)
[    1.427677] [<c02091e4>] (__class_create) from [<c01adf68>] (register_devfs_stubs+0x314/0xbb4)
[    1.427862] [<c01adf68>] (register_devfs_stubs) from [<c05d9b08>] (init_module+0x28/0xa4)
[    1.428069] [<c05d9b08>] (init_module) from [<c0009670>] (do_one_initcall+0x104/0x1b4)
[    1.428242] [<c0009670>] (do_one_initcall) from [<c05c7d08>] (kernel_init_freeable+0xf0/0x1b0)
[    1.428635] [<c05c7d08>] (kernel_init_freeable) from [<c040f28c>] (kernel_init+0x8/0xe4)
[    1.428816] [<c040f28c>] (kernel_init) from [<c0016da8>] (ret_from_fork+0x14/0x2c)
[    1.429085] ---[ end trace 5e90d25aee2bea39 ]---
[    1.429322] ------------[ cut here ]------------
[    1.429440] WARNING: CPU: 0 PID: 1 at /home/vagrant/firmadyne-kernel/kernel-v4.1/lib/kobject.c:240 kobject_add_internal+0x240/0x2ac()
[    1.429658] kobject_add_internal failed for gpio with -EEXIST, don't try to register things with the same name in the same directory.
[    1.429870] Modules linked in:
[    1.430016] CPU: 0 PID: 1 Comm: swapper Tainted: G        W       4.1.17+ #1
[    1.430153] Hardware name: Generic DT based system
[    1.430275] [<c001c99c>] (unwind_backtrace) from [<c0019d30>] (show_stack+0x10/0x14)
[    1.430440] [<c0019d30>] (show_stack) from [<c0024ab4>] (warn_slowpath_common+0x80/0xa8)
[    1.430614] [<c0024ab4>] (warn_slowpath_common) from [<c0024b08>] (warn_slowpath_fmt+0x2c/0x3c)
[    1.430795] [<c0024b08>] (warn_slowpath_fmt) from [<c018e834>] (kobject_add_internal+0x240/0x2ac)
[    1.430992] [<c018e834>] (kobject_add_internal) from [<c018e9a8>] (kset_register+0x1c/0x44)
[    1.431164] [<c018e9a8>] (kset_register) from [<c02090b4>] (__class_register+0xa8/0x198)
[    1.431335] [<c02090b4>] (__class_register) from [<c02091e4>] (__class_create+0x40/0x70)
[    1.431504] [<c02091e4>] (__class_create) from [<c01adf68>] (register_devfs_stubs+0x314/0xbb4)
[    1.431685] [<c01adf68>] (register_devfs_stubs) from [<c05d9b08>] (init_module+0x28/0xa4)
[    1.431873] [<c05d9b08>] (init_module) from [<c0009670>] (do_one_initcall+0x104/0x1b4)
[    1.432035] [<c0009670>] (do_one_initcall) from [<c05c7d08>] (kernel_init_freeable+0xf0/0x1b0)
[    1.432205] [<c05c7d08>] (kernel_init_freeable) from [<c040f28c>] (kernel_init+0x8/0xe4)
[    1.432383] [<c040f28c>] (kernel_init) from [<c0016da8>] (ret_from_fork+0x14/0x2c)
[    1.432562] ---[ end trace 5e90d25aee2bea3a ]---
[    1.432727] firmadyne: Cannot create device class: gpio!
[    1.434627] firmadyne: Cannot register character device: watchdog, 0xa, 0x82!
[    1.434810] firmadyne: Cannot register character device: wdt, 0xfd, 0x0!
[    1.545330] PCI host bridge /pcie@10000000 ranges:
[    1.545902]    IO 0x3eff0000..0x3effffff -> 0x00000000
[    1.546262]   MEM 0x10000000..0x3efeffff -> 0x10000000
[    1.546391]   MEM 0x8000000000..0xffffffffff -> 0x8000000000
[    1.547094] pci-host-generic 3f000000.pcie: resource collision: [mem 0x00000000-0xffffffff] conflicts with /pl011@9000000 [mem 0x09000000-0x09000fff]
[    1.547805] pci-host-generic: probe of 3f000000.pcie failed with error -16
[    1.559720] Non-volatile memory driver v1.3
[    1.860208] brd: module loaded
[    1.870516] loop: module loaded
[    2.017794]  vda: vda1
[    2.030149] 0.flash: Found 2 x16 devices at 0x0 in 32-bit bank. Manufacturer ID 0x000000 Chip ID 0x000000
[    2.030817] Intel/Sharp Extended Query Table at 0x0031
[    2.032046] Using buffer write method
[    2.032520] erase region 0: offset=0x0,size=0x40000,blocks=256
[    2.039914] 0.flash: Found 2 x16 devices at 0x0 in 32-bit bank. Manufacturer ID 0x000000 Chip ID 0x000000
[    2.040184] Intel/Sharp Extended Query Table at 0x0031
[    2.041021] Using buffer write method
[    2.041141] erase region 0: offset=0x0,size=0x40000,blocks=256
[    2.041374] Concatenating MTD devices:
[    2.041483] (0): "0.flash"
[    2.041558] (1): "0.flash"
[    2.041625] into device "0.flash"
[    2.054425] [nandsim] warning: read_byte: unexpected data output cycle, state is STATE_READY return 0x0
[    2.054671] [nandsim] warning: read_byte: unexpected data output cycle, state is STATE_READY return 0x0
[    2.054847] [nandsim] warning: read_byte: unexpected data output cycle, state is STATE_READY return 0x0
[    2.055018] [nandsim] warning: read_byte: unexpected data output cycle, state is STATE_READY return 0x0
[    2.055191] [nandsim] warning: read_byte: unexpected data output cycle, state is STATE_READY return 0x0
[    2.055361] [nandsim] warning: read_byte: unexpected data output cycle, state is STATE_READY return 0x0
[    2.055791] nand: device found, Manufacturer ID: 0x98, Chip ID: 0x39
[    2.055938] nand: Toshiba NAND 128MiB 1,8V 8-bit
[    2.056060] nand: 128 MiB, SLC, erase size: 16 KiB, page size: 512, OOB size: 16
[    2.056973] flash size: 128 MiB
[    2.057055] page size: 512 bytes
[    2.057145] OOB area size: 16 bytes
[    2.057223] sector size: 16 KiB
[    2.057312] pages number: 262144
[    2.057385] pages per sector: 32
[    2.057457] bus width: 8
[    2.057517] bits in sector size: 14
[    2.057593] bits in page size: 9
[    2.057669] bits in OOB size: 4
[    2.057748] flash size with OOB: 135168 KiB
[    2.057837] page address bytes: 4
[    2.057910] sector address bytes: 3
[    2.057987] options: 0x42
[    2.163464] Scanning device for bad blocks
[    2.272499] firmadyne: do_execve: /firmadyne/console
[    2.272733] OFFSETS: offset of pid: 0x190 offset of comm: 0x270
[    2.273220] Creating 11 MTD partitions on "NAND 128MiB 1,8V 8-bit":
[    2.273662] 0x000000000000-0x000000100000 : "NAND simulator partition 0"
[    2.275870] 0x000000100000-0x000000200000 : "NAND simulator partition 1"
[    2.277310] 0x000000200000-0x000000300000 : "NAND simulator partition 2"
[    2.278872] 0x000000300000-0x000000400000 : "NAND simulator partition 3"
[    2.280353] 0x000000400000-0x000000500000 : "NAND simulator partition 4"
[    2.281847] 0x000000500000-0x000000600000 : "NAND simulator partition 5"
[    2.283245] 0x000000600000-0x000000700000 : "NAND simulator partition 6"
[    2.284851] 0x000000700000-0x000000800000 : "NAND simulator partition 7"
[    2.286201] 0x000000800000-0x000000900000 : "NAND simulator partition 8"
[    2.287618] 0x000000900000-0x000000a00000 : "NAND simulator partition 9"
[    2.289274] 0x000000a00000-0x000008000000 : "NAND simulator partition 10"
[    2.295120] tun: Universal TUN/TAP device driver, 1.6
[    2.295268] tun: (C) 1999-2004 Max Krasnyansky <maxk@qualcomm.com>
[    3.591150] PPP generic driver version 2.4.2
[    3.591926] PPP BSD Compression module registered
[    3.592108] PPP Deflate Compression module registered
[    3.592344] PPP MPPE Compression module registered
[    3.592479] NET: Registered protocol family 24
[    3.592802] PPTP driver version 0.8.5
[    3.690091] usbcore: registered new interface driver usb-storage
[    4.130236] rtc-pl031 9010000.pl031: rtc core: registered pl031 as rtc0
[    4.131050] hidraw: raw HID events driver (C) Jiri Kosina
[    4.131613] usbcore: registered new interface driver usbhid
[    4.131744] usbhid: USB HID core driver
[    4.132202] Netfilter messages via NETLINK v0.30.
[    4.132863] nf_conntrack version 0.5.0 (3958 buckets, 15832 max)
[    4.134332] ctnetlink v0.93: registering with nfnetlink.
[    4.135779] ipip: IPv4 over IPv4 tunneling driver
[    4.137970] gre: GRE over IPv4 demultiplexor driver
[    4.138142] ip_gre: GRE over IPv4 tunneling driver
[    4.142947] ip_tables: (C) 2000-2006 Netfilter Core Team
[    4.144699] arp_tables: (C) 2002 David S. Miller
[    4.145780] Initializing XFRM netlink socket
[    4.146483] NET: Registered protocol family 10
[    4.150593] cfg80211: Calling CRDA to update world regulatory domain
[    4.154908] ip6_tables: (C) 2000-2006 Netfilter Core Team
[    4.156684] sit: IPv6 over IPv4 tunneling driver
[    4.160774] NET: Registered protocol family 17
[    4.161470] bridge: automatic filtering via arp/ip/ip6tables has been deprecated. Update your scripts to load br_netfilter if you need this.
[    4.161831] Bridge firewalling registered
[    4.161989] Ebtables v2.0 registered
[    4.163255] 8021q: 802.1Q VLAN Support v1.8
[    4.164031] Registering SWP/SWPB emulation handler
[    4.167216] rtc-pl031 9010000.pl031: setting system clock to 2018-07-19 10:11:29 UTC (1531995089)
[    4.177992] EXT4-fs (vda1): couldn't mount as ext3 due to feature incompatibilities
[    4.180227] EXT4-fs (vda1): mounting ext2 file system using the ext4 subsystem
[    4.602284] EXT4-fs (vda1): warning: mounting unchecked fs, running e2fsck is recommended
[    4.605413] EXT4-fs (vda1): mounted filesystem without journal. Opts: (null)
[    4.606551] VFS: Mounted root (ext2 filesystem) on device 254:1.
[    4.624716] Freeing unused kernel memory: 180K (c05c7000 - c05f4000)
[    5.560290] firmadyne: sys_reboot[PID: 54 (init)]: magic1:fee1dead, magic2:28121969, cmd:0
Using /lib/modules/mvKernelExt.ko
insmod: kernel-module version mismatch
	/lib/modules/mvKernelExt.ko was compiled for kernel version 
	while this kernel is version 4.1.17+.
Using /lib/modules/mvPpDrv.ko
insmod: kernel-module version mismatch
	/lib/modules/mvPpDrv.ko was compiled for kernel version 
	while this kernel is version 4.1.17+.
[    7.530671] cfg80211: Calling CRDA to update world regulatory domain
Fri May 23 14:32:00 UTC 2008



[   11.337842] cfg80211: Calling CRDA to update world regulatory domain

Linux MARVELL_LINUX 4.1.17+ #1 Thu Feb 18 01:05:21 UTC 2016


Welcome to Embedded Linux
           _  _
          | ||_|
          | | _ ____  _   _  _  _ 
          | || |  _ \| | | |\ \/ /
          | || | | | | |_| |/    \
          |_||_|_| |_|\____|\_/\_/

          On Marvell's ARM board

For further information on the Marvell products check:
http://www.marvell.com/

toochain=gnueabi

Enjoy!



BusyBox v1.01 (2008.10.02-12:33+0000) Built-in shell (ash)
Enter 'help' for a list of built-in commands.

/ # [   14.479568] cfg80211: Calling CRDA to update world regulatory domain
[   17.628774] cfg80211: Calling CRDA to update world regulatory domain
[   20.779046] cfg80211: Calling CRDA to update world regulatory domain
[   23.929689] cfg80211: Calling CRDA to update world regulatory domain
[   27.079511] cfg80211: Calling CRDA to update world regulatory domain
[   30.229441] cfg80211: Calling CRDA to update world regulatory domain
[   33.379754] cfg80211: Calling CRDA to update world regulatory domain
[   36.528783] cfg80211: Exceeded CRDA call max attempts. Not calling CRDA
