>> Database Image ID: 186

/home/zhumengfan/firmware/firmwares/bd69c43ad7d5be23f90e7a1ef3bcedf3e8532d7a.ZIP
>> MD5: 9071d39d6912c923e91c4bdfd5b357e5
>> Tag: 186
>> Temp: /tmp/tmpCWmWBy
>> Status: Kernel: True, Rootfs: False, Do_Kernel: False,                 Do_Rootfs: True
>>>> Zip archive data, at least v1.0 to extract, name: dgs121016_fw_100015/
>> Recursing into archive ...
	
/tmp/tmpCWmWBy/_bd69c43ad7d5be23f90e7a1ef3bcedf3e8532d7a.ZIP.extracted/dgs121016_fw_100015/DGS-1210-16_A1_1.00.015.hex
	>> MD5: 1acc7d1d7f5aac604799beda4c82d374
	>> Tag: 186
	>> Temp: /tmp/tmpQ5HNth
	>> Status: Kernel: True, Rootfs: False, Do_Kernel: False,                 Do_Rootfs: True
	>>>> Squashfs filesystem, little endian, version 3.1, size: 4354312 bytes, 221 inodes, blocksize: 131072 bytes, created: 2009-12-22 12:56:00
	>>>> Found Linux filesystem in /tmp/tmpQ5HNth/_DGS-1210-16_A1_1.00.015.hex.extracted/squashfs-root!
	>> Skipping: completed!
	>> Cleaning up /tmp/tmpQ5HNth...
>> Skipping: completed!
>> Cleaning up /tmp/tmpCWmWBy...
./bin/busybox: armel
Querying database for architecture... armel
----Running----
----Copying Filesystem Tarball----
----Creating QEMU Image----
Formatting '/home/zhumengfan/firmadyne//scratch//186//image.raw', fmt=raw size=1073741824
----Creating Partition Table----

Welcome to fdisk (util-linux 2.27.1).
Changes will remain in memory only, until you decide to write them.
Be careful before using the write command.

Device does not contain a recognized partition table.
Created a new DOS disklabel with disk identifier 0xe623fb4e.

Command (m for help): Created a new DOS disklabel with disk identifier 0xce2064a7.

Command (m for help): Partition type
   p   primary (0 primary, 0 extended, 4 free)
   e   extended (container for logical partitions)
Select (default p): Partition number (1-4, default 1): First sector (2048-2097151, default 2048): Last sector, +sectors or +size{K,M,G,T,P} (2048-2097151, default 2097151): 
Created a new partition 1 of type 'Linux' and of size 1023 MiB.

Command (m for help): The partition table has been altered.
Syncing disks.

----Mounting QEMU Image----
add map loop0p1 (252:0): 0 2095104 linear 7:0 2048
----Creating Filesystem----
mke2fs 1.42.13 (17-May-2015)
Discarding device blocks:   4096/261888             done                            
Creating filesystem with 261888 4k blocks and 65536 inodes
Filesystem UUID: 55fbfae5-d3fe-43c1-b1a2-734ffd27b209
Superblock backups stored on blocks: 
	32768, 98304, 163840, 229376

Allocating group tables: 0/8   done                            
Writing inode tables: 0/8   done                            
Writing superblocks and filesystem accounting information: 0/8   done

----Making QEMU Image Mountpoint----
----Mounting QEMU Image Partition 1----
----Extracting Filesystem Tarball----
----Creating FIRMADYNE Directories----
----Patching Filesystem (chroot)----
Creating /etc/TZ!
Creating /etc/hosts!
Warning: Recreating device nodes!
mkdir: can't create directory '/dev/mtd': No such file or directory
mknod: /dev/mtd/0: No such file or directory
mknod: /dev/mtd/1: No such file or directory
mknod: /dev/mtd/2: No such file or directory
mknod: /dev/mtd/3: No such file or directory
mknod: /dev/mtd/4: No such file or directory
mknod: /dev/mtd/5: No such file or directory
mknod: /dev/mtd/6: No such file or directory
mknod: /dev/mtd/7: No such file or directory
mknod: /dev/mtd/8: No such file or directory
mknod: /dev/mtd/9: No such file or directory
mknod: /dev/mtd/10: No such file or directory
Removing /etc/scripts/sys_resetbutton!
----Setting up FIRMADYNE----
----Unmounting QEMU Image----
loop deleted : /dev/loop0
Querying database for architecture... armel
Running firmware 186: terminating after 60 secs...
qemu-system-arm: terminating on signal 2 from pid 162128 (timeout)
Inferring network...
Interfaces: []
Done!
[    0.000000] Booting Linux on physical CPU 0x0
[    0.000000] Linux version 4.1.17+ (vagrant@vagrant-ubuntu-trusty-64) (gcc version 5.3.0 (GCC) ) #1 Thu Feb 18 01:05:21 UTC 2016
[    0.000000] CPU: ARMv7 Processor [412fc0f1] revision 1 (ARMv7), cr=10c5387d
[    0.000000] CPU: PIPT / VIPT nonaliasing data cache, PIPT instruction cache
[    0.000000] Machine model: linux,dummy-virt
[    0.000000] debug: ignoring loglevel setting.
[    0.000000] Memory policy: Data cache writeback
[    0.000000] On node 0 totalpages: 65536
[    0.000000] free_area_init_node: node 0, pgdat c061dfe8, node_mem_map cfdf9000
[    0.000000]   Normal zone: 512 pages used for memmap
[    0.000000]   Normal zone: 0 pages reserved
[    0.000000]   Normal zone: 65536 pages, LIFO batch:15
[    0.000000] psci: probing for conduit method from DT.
[    0.000000] psci: PSCIv0.2 detected in firmware.
[    0.000000] psci: Using standard PSCI v0.2 function IDs
[    0.000000] CPU: All CPU(s) started in SVC mode.
[    0.000000] pcpu-alloc: s0 r0 d32768 u32768 alloc=1*32768
[    0.000000] pcpu-alloc: [0] 0 
[    0.000000] Built 1 zonelists in Zone order, mobility grouping on.  Total pages: 65024
[    0.000000] Kernel command line: firmadyne.syscall=1 root=/dev/vda1 console=ttyS0 nandsim.parts=64,64,64,64,64,64,64,64,64,64 rdinit=/firmadyne/preInit.sh rw debug ignore_loglevel print-fatal-signals=1 user_debug=31
[    0.000000] PID hash table entries: 1024 (order: 0, 4096 bytes)
[    0.000000] Dentry cache hash table entries: 32768 (order: 5, 131072 bytes)
[    0.000000] Inode-cache hash table entries: 16384 (order: 4, 65536 bytes)
[    0.000000] Memory: 253340K/262144K available (4297K kernel code, 170K rwdata, 1584K rodata, 180K init, 148K bss, 8804K reserved, 0K cma-reserved)
[    0.000000] Virtual kernel memory layout:
[    0.000000]     vector  : 0xffff0000 - 0xffff1000   (   4 kB)
[    0.000000]     fixmap  : 0xffc00000 - 0xfff00000   (3072 kB)
[    0.000000]     vmalloc : 0xd0800000 - 0xff000000   ( 744 MB)
[    0.000000]     lowmem  : 0xc0000000 - 0xd0000000   ( 256 MB)
[    0.000000]     modules : 0xbf000000 - 0xc0000000   (  16 MB)
[    0.000000]       .text : 0xc0008000 - 0xc05c67bc   (5882 kB)
[    0.000000]       .init : 0xc05c7000 - 0xc05f4000   ( 180 kB)
[    0.000000]       .data : 0xc05f4000 - 0xc061e840   ( 171 kB)
[    0.000000]        .bss : 0xc0621000 - 0xc06462d4   ( 149 kB)
[    0.000000] NR_IRQS:16 nr_irqs:16 16
[    0.000000] Architected cp15 timer(s) running at 62.50MHz (virt).
[    0.000000] clocksource arch_sys_counter: mask: 0xffffffffffffff max_cycles: 0x1cd42e208c, max_idle_ns: 881590405314 ns
[    0.000164] sched_clock: 56 bits at 62MHz, resolution 16ns, wraps every 4398046511096ns
[    0.000306] Switching to timer-based delay loop, resolution 16ns
[    0.003442] Console: colour dummy device 80x30
[    0.003785] Calibrating delay loop (skipped), value calculated using timer frequency.. 125.00 BogoMIPS (lpj=625000)
[    0.003920] pid_max: default: 32768 minimum: 301
[    0.004829] Mount-cache hash table entries: 1024 (order: 0, 4096 bytes)
[    0.004867] Mountpoint-cache hash table entries: 1024 (order: 0, 4096 bytes)
[    2.171562] CPU: Testing write buffer coherency: ok
[    2.178104] Setting up static identity map for 0x40008240 - 0x40008298
[    2.193456] VFP support v0.3: implementor 41 architecture 4 part 30 variant f rev 0
[    4.312855] clocksource jiffies: mask: 0xffffffff max_cycles: 0xffffffff, max_idle_ns: 19112604462750000 ns
[    4.322507] NET: Registered protocol family 16
[    4.325723] DMA: preallocated 256 KiB pool for atomic coherent allocations
[    4.329767] cpuidle: using governor ladder
[    4.329922] cpuidle: using governor menu
[    4.351358] Serial: AMBA PL011 UART driver
[    4.353951] 9000000.pl011: ttyS0 at MMIO 0x9000000 (irq = 54, base_baud = 0) is a PL011 rev1
[    4.361645] console [ttyS0] enabled
[    6.577334] vgaarb: loaded
[    6.578951] SCSI subsystem initialized
[    6.580062] usbcore: registered new interface driver usbfs
[    6.580418] usbcore: registered new interface driver hub
[    6.580757] usbcore: registered new device driver usb
[    6.590304] cfg80211: Calling CRDA to update world regulatory domain
[    6.592884] Switched to clocksource arch_sys_counter
[    6.610891] NET: Registered protocol family 2
[    6.616495] TCP established hash table entries: 2048 (order: 1, 8192 bytes)
[    6.616777] TCP bind hash table entries: 2048 (order: 1, 8192 bytes)
[    6.617085] TCP: Hash tables configured (established 2048 bind 2048)
[    6.617645] UDP hash table entries: 256 (order: 0, 4096 bytes)
[    6.617893] UDP-Lite hash table entries: 256 (order: 0, 4096 bytes)
[    6.619399] NET: Registered protocol family 1
[    6.619861] PCI: CLS 0 bytes, default 64
[    6.627332] NetWinder Floating Point Emulator V0.97 (extended precision)
[    6.630080] futex hash table entries: 256 (order: -1, 3072 bytes)
[    7.707044] squashfs: version 4.0 (2009/01/31) Phillip Lougher
[    7.708100] jffs2: version 2.2. (NAND) © 2001-2006 Red Hat, Inc.
[    7.708892] romfs: ROMFS MTD (C) 2007 Red Hat, Inc.
[    7.718079] Block layer SCSI generic (bsg) driver version 0.4 loaded (major 253)
[    7.718433] io scheduler noop registered
[    7.718661] io scheduler cfq registered (default)
[    7.719329] firmadyne: devfs: 1, execute: 1, procfs: 1, syscall: 1
[    7.720655] ------------[ cut here ]------------
[    7.720857] WARNING: CPU: 0 PID: 1 at /home/vagrant/firmadyne-kernel/kernel-v4.1/fs/sysfs/dir.c:31 sysfs_warn_dup+0x50/0x6c()
[    7.721083] sysfs: cannot create duplicate filename '/class/gpio'
[    7.721242] Modules linked in:
[    7.721565] CPU: 0 PID: 1 Comm: swapper Not tainted 4.1.17+ #1
[    7.721712] Hardware name: Generic DT based system
[    7.722393] [<c001c99c>] (unwind_backtrace) from [<c0019d30>] (show_stack+0x10/0x14)
[    7.722844] [<c0019d30>] (show_stack) from [<c0024ab4>] (warn_slowpath_common+0x80/0xa8)
[    7.723052] [<c0024ab4>] (warn_slowpath_common) from [<c0024b08>] (warn_slowpath_fmt+0x2c/0x3c)
[    7.723292] [<c0024b08>] (warn_slowpath_fmt) from [<c00e363c>] (sysfs_warn_dup+0x50/0x6c)
[    7.723471] [<c00e363c>] (sysfs_warn_dup) from [<c00e3714>] (sysfs_create_dir_ns+0x74/0x84)
[    7.723653] [<c00e3714>] (sysfs_create_dir_ns) from [<c018e6ac>] (kobject_add_internal+0xb8/0x2ac)
[    7.723842] [<c018e6ac>] (kobject_add_internal) from [<c018e9a8>] (kset_register+0x1c/0x44)
[    7.724021] [<c018e9a8>] (kset_register) from [<c02090b4>] (__class_register+0xa8/0x198)
[    7.724196] [<c02090b4>] (__class_register) from [<c02091e4>] (__class_create+0x40/0x70)
[    7.724368] [<c02091e4>] (__class_create) from [<c01adf68>] (register_devfs_stubs+0x314/0xbb4)
[    7.724551] [<c01adf68>] (register_devfs_stubs) from [<c05d9b08>] (init_module+0x28/0xa4)
[    7.724753] [<c05d9b08>] (init_module) from [<c0009670>] (do_one_initcall+0x104/0x1b4)
[    7.724927] [<c0009670>] (do_one_initcall) from [<c05c7d08>] (kernel_init_freeable+0xf0/0x1b0)
[    7.725112] [<c05c7d08>] (kernel_init_freeable) from [<c040f28c>] (kernel_init+0x8/0xe4)
[    7.725281] [<c040f28c>] (kernel_init) from [<c0016da8>] (ret_from_fork+0x14/0x2c)
[    7.725540] ---[ end trace a48358c7174a033d ]---
[    7.725753] ------------[ cut here ]------------
[    7.725867] WARNING: CPU: 0 PID: 1 at /home/vagrant/firmadyne-kernel/kernel-v4.1/lib/kobject.c:240 kobject_add_internal+0x240/0x2ac()
[    7.726085] kobject_add_internal failed for gpio with -EEXIST, don't try to register things with the same name in the same directory.
[    7.726296] Modules linked in:
[    7.726444] CPU: 0 PID: 1 Comm: swapper Tainted: G        W       4.1.17+ #1
[    7.726580] Hardware name: Generic DT based system
[    7.726699] [<c001c99c>] (unwind_backtrace) from [<c0019d30>] (show_stack+0x10/0x14)
[    7.726864] [<c0019d30>] (show_stack) from [<c0024ab4>] (warn_slowpath_common+0x80/0xa8)
[    7.727036] [<c0024ab4>] (warn_slowpath_common) from [<c0024b08>] (warn_slowpath_fmt+0x2c/0x3c)
[    7.727217] [<c0024b08>] (warn_slowpath_fmt) from [<c018e834>] (kobject_add_internal+0x240/0x2ac)
[    7.727410] [<c018e834>] (kobject_add_internal) from [<c018e9a8>] (kset_register+0x1c/0x44)
[    7.727581] [<c018e9a8>] (kset_register) from [<c02090b4>] (__class_register+0xa8/0x198)
[    7.727749] [<c02090b4>] (__class_register) from [<c02091e4>] (__class_create+0x40/0x70)
[    7.727916] [<c02091e4>] (__class_create) from [<c01adf68>] (register_devfs_stubs+0x314/0xbb4)
[    7.728096] [<c01adf68>] (register_devfs_stubs) from [<c05d9b08>] (init_module+0x28/0xa4)
[    7.728267] [<c05d9b08>] (init_module) from [<c0009670>] (do_one_initcall+0x104/0x1b4)
[    7.728434] [<c0009670>] (do_one_initcall) from [<c05c7d08>] (kernel_init_freeable+0xf0/0x1b0)
[    7.728609] [<c05c7d08>] (kernel_init_freeable) from [<c040f28c>] (kernel_init+0x8/0xe4)
[    7.728773] [<c040f28c>] (kernel_init) from [<c0016da8>] (ret_from_fork+0x14/0x2c)
[    7.728938] ---[ end trace a48358c7174a033e ]---
[    7.729100] firmadyne: Cannot create device class: gpio!
[    7.730855] firmadyne: Cannot register character device: watchdog, 0xa, 0x82!
[    7.731034] firmadyne: Cannot register character device: wdt, 0xfd, 0x0!
[    7.811869] PCI host bridge /pcie@10000000 ranges:
[    7.812448]    IO 0x3eff0000..0x3effffff -> 0x00000000
[    7.812968]   MEM 0x10000000..0x3efeffff -> 0x10000000
[    7.813106]   MEM 0x8000000000..0xffffffffff -> 0x8000000000
[    7.813803] pci-host-generic 3f000000.pcie: resource collision: [mem 0x00000000-0xffffffff] conflicts with /pl011@9000000 [mem 0x09000000-0x09000fff]
[    7.814508] pci-host-generic: probe of 3f000000.pcie failed with error -16
[    7.826087] Non-volatile memory driver v1.3
[    9.778835] cfg80211: Calling CRDA to update world regulatory domain
[    9.797929] brd: module loaded
[    9.807946] loop: module loaded
[   12.214237]  vda: vda1
[   12.227572] 0.flash: Found 2 x16 devices at 0x0 in 32-bit bank. Manufacturer ID 0x000000 Chip ID 0x000000
[   12.228281] Intel/Sharp Extended Query Table at 0x0031
[   12.230809] Using buffer write method
[   12.231289] erase region 0: offset=0x0,size=0x40000,blocks=256
[   12.239657] 0.flash: Found 2 x16 devices at 0x0 in 32-bit bank. Manufacturer ID 0x000000 Chip ID 0x000000
[   12.239925] Intel/Sharp Extended Query Table at 0x0031
[   12.240770] Using buffer write method
[   12.240890] erase region 0: offset=0x0,size=0x40000,blocks=256
[   12.241105] Concatenating MTD devices:
[   12.241214] (0): "0.flash"
[   12.241287] (1): "0.flash"
[   12.241352] into device "0.flash"
[   12.253242] [nandsim] warning: read_byte: unexpected data output cycle, state is STATE_READY return 0x0
[   12.253458] [nandsim] warning: read_byte: unexpected data output cycle, state is STATE_READY return 0x0
[   12.253644] [nandsim] warning: read_byte: unexpected data output cycle, state is STATE_READY return 0x0
[   12.253815] [nandsim] warning: read_byte: unexpected data output cycle, state is STATE_READY return 0x0
[   12.253984] [nandsim] warning: read_byte: unexpected data output cycle, state is STATE_READY return 0x0
[   12.254153] [nandsim] warning: read_byte: unexpected data output cycle, state is STATE_READY return 0x0
[   12.254599] nand: device found, Manufacturer ID: 0x98, Chip ID: 0x39
[   12.254745] nand: Toshiba NAND 128MiB 1,8V 8-bit
[   12.254868] nand: 128 MiB, SLC, erase size: 16 KiB, page size: 512, OOB size: 16
[   12.255791] flash size: 128 MiB
[   12.255875] page size: 512 bytes
[   12.255948] OOB area size: 16 bytes
[   12.256026] sector size: 16 KiB
[   12.256096] pages number: 262144
[   12.256167] pages per sector: 32
[   12.256238] bus width: 8
[   12.256297] bits in sector size: 14
[   12.256373] bits in page size: 9
[   12.256447] bits in OOB size: 4
[   12.256524] flash size with OOB: 135168 KiB
[   12.256611] page address bytes: 4
[   12.256684] sector address bytes: 3
[   12.256760] options: 0x42
[   14.127011] Scanning device for bad blocks
[   14.232071] cfg80211: Calling CRDA to update world regulatory domain
[   14.233217] firmadyne: do_execve: /firmadyne/console
[   14.233408] OFFSETS: offset of pid: 0x190 offset of comm: 0x270
[   14.233893] Creating 11 MTD partitions on "NAND 128MiB 1,8V 8-bit":
[   14.234304] 0x000000000000-0x000000100000 : "NAND simulator partition 0"
[   14.236493] 0x000000100000-0x000000200000 : "NAND simulator partition 1"
[   14.237878] 0x000000200000-0x000000300000 : "NAND simulator partition 2"
[   14.239235] 0x000000300000-0x000000400000 : "NAND simulator partition 3"
[   14.240635] 0x000000400000-0x000000500000 : "NAND simulator partition 4"
[   14.242009] 0x000000500000-0x000000600000 : "NAND simulator partition 5"
[   14.243502] 0x000000600000-0x000000700000 : "NAND simulator partition 6"
[   14.245062] 0x000000700000-0x000000800000 : "NAND simulator partition 7"
[   14.246404] 0x000000800000-0x000000900000 : "NAND simulator partition 8"
[   14.247764] 0x000000900000-0x000000a00000 : "NAND simulator partition 9"
[   14.249138] 0x000000a00000-0x000008000000 : "NAND simulator partition 10"
[   14.254787] tun: Universal TUN/TAP device driver, 1.6
[   14.254910] tun: (C) 1999-2004 Max Krasnyansky <maxk@qualcomm.com>
[   16.300479] PPP generic driver version 2.4.2
[   16.301319] PPP BSD Compression module registered
[   16.301506] PPP Deflate Compression module registered
[   16.301794] PPP MPPE Compression module registered
[   16.301933] NET: Registered protocol family 24
[   16.302270] PPTP driver version 0.8.5
[   18.170359] cfg80211: Calling CRDA to update world regulatory domain
[   18.171345] usbcore: registered new interface driver usb-storage
[   18.174905] rtc-pl031 9010000.pl031: rtc core: registered pl031 as rtc0
[   18.175653] hidraw: raw HID events driver (C) Jiri Kosina
[   18.176196] usbcore: registered new interface driver usbhid
[   18.176327] usbhid: USB HID core driver
[   18.176798] Netfilter messages via NETLINK v0.30.
[   18.177461] nf_conntrack version 0.5.0 (3958 buckets, 15832 max)
[   18.178909] ctnetlink v0.93: registering with nfnetlink.
[   18.180359] ipip: IPv4 over IPv4 tunneling driver
[   18.182478] gre: GRE over IPv4 demultiplexor driver
[   18.182761] ip_gre: GRE over IPv4 tunneling driver
[   18.699095] ip_tables: (C) 2000-2006 Netfilter Core Team
[   18.700862] arp_tables: (C) 2002 David S. Miller
[   18.701953] Initializing XFRM netlink socket
[   18.702483] NET: Registered protocol family 10
[   18.709708] ip6_tables: (C) 2000-2006 Netfilter Core Team
[   18.711426] sit: IPv6 over IPv4 tunneling driver
[   18.715334] NET: Registered protocol family 17
[   18.715985] bridge: automatic filtering via arp/ip/ip6tables has been deprecated. Update your scripts to load br_netfilter if you need this.
[   18.716331] Bridge firewalling registered
[   18.716476] Ebtables v2.0 registered
[   18.717682] 8021q: 802.1Q VLAN Support v1.8
[   18.718357] Registering SWP/SWPB emulation handler
[   18.721160] rtc-pl031 9010000.pl031: setting system clock to 2018-07-19 14:45:20 UTC (1532011520)
[   18.731883] EXT4-fs (vda1): couldn't mount as ext3 due to feature incompatibilities
[   18.734332] EXT4-fs (vda1): mounting ext2 file system using the ext4 subsystem
[   18.745888] EXT4-fs (vda1): mounted filesystem without journal. Opts: (null)
[   18.747116] VFS: Mounted root (ext2 filesystem) on device 254:1.
[   18.766678] Freeing unused kernel memory: 180K (c05c7000 - c05f4000)
[   18.880441] firmadyne: sys_reboot[PID: 54 (init)]: magic1:fee1dead, magic2:28121969, cmd:0
[   18.903996] firmadyne: sys_socket[PID: 1 (init)]: family:1, type:2, protocol:0
[   18.915381] firmadyne: sys_socket[PID: 55 (init)]: family:1, type:2, protocol:0
[   21.335758] cfg80211: Calling CRDA to update world regulatory domain
[   22.848327] firmadyne: sys_socket[PID: 64 (telnetd)]: family:2, type:1, protocol:0
[   22.851524] firmadyne: sys_setsockopt[PID: 64 (telnetd)]: fd:3, level:1, optname:2
[   22.855818] firmadyne: inet_bind[PID: 64 (telnetd)]: proto:SOCK_STREAM, port:23
Using /lib/modules/mvKernelExt.ko
insmod: kernel-module version mismatch
	/lib/modules/mvKernelExt.ko was compiled for kernel version 
	while this kernel is version 4.1.17+.
Using /lib/modules/mvPpDrv.ko
insmod: kernel-module version mismatch
	/lib/modules/mvPpDrv.ko was compiled for kernel version 
	while this kernel is version 4.1.17+.
Fri May 23 14:32:00 UTC 2008
[   23.456965] firmadyne: sys_socket[PID: 72 (ifconfig)]: family:2, type:2, protocol:0
[   23.459764] firmadyne: __inet_insert_ifa[PID: 72 (ifconfig)]: device:lo ifa:0x0100007f
[   23.466181] firmadyne: __inet_insert_ifa[PID: 72 (ifconfig)]: device:lo ifa:0x0100007f




Linux MARVELL_LINUX 4.1.17+ #1 Thu Feb 18 01:05:21 UTC 2016


Welcome to Embedded Linux
           _  _
          | ||_|
          | | _ ____  _   _  _  _ 
          | || |  _ \| | | |\ \/ /
          | || | | | | |_| |/    \
          |_||_|_| |_|\____|\_/\_/

          On Marvell's ARM board

For further information on the Marvell products check:
http://www.marvell.com/

toochain=gnueabi

Enjoy!



BusyBox v1.01 (2008.10.02-12:33+0000) Built-in shell (ash)
Enter 'help' for a list of built-in commands.

/ # [   24.483373] cfg80211: Calling CRDA to update world regulatory domain
[   27.633657] cfg80211: Calling CRDA to update world regulatory domain
[   30.783421] cfg80211: Calling CRDA to update world regulatory domain
[   33.933178] cfg80211: Calling CRDA to update world regulatory domain
[   37.083631] cfg80211: Calling CRDA to update world regulatory domain
Starting firmware emulation... use Ctrl-a + x to exit
qemu-system-arm: terminating on signal 2 from pid 162258 (timeout)
[    0.000000] Booting Linux on physical CPU 0x0
[    0.000000] Linux version 4.1.17+ (vagrant@vagrant-ubuntu-trusty-64) (gcc version 5.3.0 (GCC) ) #1 Thu Feb 18 01:05:21 UTC 2016
[    0.000000] CPU: ARMv7 Processor [412fc0f1] revision 1 (ARMv7), cr=10c5387d
[    0.000000] CPU: PIPT / VIPT nonaliasing data cache, PIPT instruction cache
[    0.000000] Machine model: linux,dummy-virt
[    0.000000] debug: ignoring loglevel setting.
[    0.000000] Memory policy: Data cache writeback
[    0.000000] On node 0 totalpages: 65536
[    0.000000] free_area_init_node: node 0, pgdat c061dfe8, node_mem_map cfdf9000
[    0.000000]   Normal zone: 512 pages used for memmap
[    0.000000]   Normal zone: 0 pages reserved
[    0.000000]   Normal zone: 65536 pages, LIFO batch:15
[    0.000000] psci: probing for conduit method from DT.
[    0.000000] psci: PSCIv0.2 detected in firmware.
[    0.000000] psci: Using standard PSCI v0.2 function IDs
[    0.000000] CPU: All CPU(s) started in SVC mode.
[    0.000000] pcpu-alloc: s0 r0 d32768 u32768 alloc=1*32768
[    0.000000] pcpu-alloc: [0] 0 
[    0.000000] Built 1 zonelists in Zone order, mobility grouping on.  Total pages: 65024
[    0.000000] Kernel command line: root=/dev/vda1 console=ttyS0 nandsim.parts=64,64,64,64,64,64,64,64,64,64 rdinit=/firmadyne/preInit.sh rw debug ignore_loglevel print-fatal-signals=1 user_debug=31 firmadyne.syscall=0
[    0.000000] PID hash table entries: 1024 (order: 0, 4096 bytes)
[    0.000000] Dentry cache hash table entries: 32768 (order: 5, 131072 bytes)
[    0.000000] Inode-cache hash table entries: 16384 (order: 4, 65536 bytes)
[    0.000000] Memory: 253340K/262144K available (4297K kernel code, 170K rwdata, 1584K rodata, 180K init, 148K bss, 8804K reserved, 0K cma-reserved)
[    0.000000] Virtual kernel memory layout:
[    0.000000]     vector  : 0xffff0000 - 0xffff1000   (   4 kB)
[    0.000000]     fixmap  : 0xffc00000 - 0xfff00000   (3072 kB)
[    0.000000]     vmalloc : 0xd0800000 - 0xff000000   ( 744 MB)
[    0.000000]     lowmem  : 0xc0000000 - 0xd0000000   ( 256 MB)
[    0.000000]     modules : 0xbf000000 - 0xc0000000   (  16 MB)
[    0.000000]       .text : 0xc0008000 - 0xc05c67bc   (5882 kB)
[    0.000000]       .init : 0xc05c7000 - 0xc05f4000   ( 180 kB)
[    0.000000]       .data : 0xc05f4000 - 0xc061e840   ( 171 kB)
[    0.000000]        .bss : 0xc0621000 - 0xc06462d4   ( 149 kB)
[    0.000000] NR_IRQS:16 nr_irqs:16 16
[    0.000000] Architected cp15 timer(s) running at 62.50MHz (virt).
[    0.000000] clocksource arch_sys_counter: mask: 0xffffffffffffff max_cycles: 0x1cd42e208c, max_idle_ns: 881590405314 ns
[    0.000162] sched_clock: 56 bits at 62MHz, resolution 16ns, wraps every 4398046511096ns
[    0.000308] Switching to timer-based delay loop, resolution 16ns
[    0.003483] Console: colour dummy device 80x30
[    0.003827] Calibrating delay loop (skipped), value calculated using timer frequency.. 125.00 BogoMIPS (lpj=625000)
[    0.003966] pid_max: default: 32768 minimum: 301
[    0.004899] Mount-cache hash table entries: 1024 (order: 0, 4096 bytes)
[    0.004940] Mountpoint-cache hash table entries: 1024 (order: 0, 4096 bytes)
[    1.264247] CPU: Testing write buffer coherency: ok
[    1.270604] Setting up static identity map for 0x40008240 - 0x40008298
[    1.285700] VFP support v0.3: implementor 41 architecture 4 part 30 variant f rev 0
[    1.297727] clocksource jiffies: mask: 0xffffffff max_cycles: 0xffffffff, max_idle_ns: 19112604462750000 ns
[    3.478396] NET: Registered protocol family 16
[    3.481633] DMA: preallocated 256 KiB pool for atomic coherent allocations
[    3.486045] cpuidle: using governor ladder
[    3.486205] cpuidle: using governor menu
[    3.507274] Serial: AMBA PL011 UART driver
[    3.509511] 9000000.pl011: ttyS0 at MMIO 0x9000000 (irq = 54, base_baud = 0) is a PL011 rev1
[    3.517490] console [ttyS0] enabled
[    3.540256] vgaarb: loaded
[    3.541807] SCSI subsystem initialized
[    3.542895] usbcore: registered new interface driver usbfs
[    3.543262] usbcore: registered new interface driver hub
[    3.543588] usbcore: registered new device driver usb
[    4.820979] cfg80211: Calling CRDA to update world regulatory domain
[    4.823490] Switched to clocksource arch_sys_counter
[    4.841548] NET: Registered protocol family 2
[    4.846987] TCP established hash table entries: 2048 (order: 1, 8192 bytes)
[    4.847252] TCP bind hash table entries: 2048 (order: 1, 8192 bytes)
[    4.847565] TCP: Hash tables configured (established 2048 bind 2048)
[    4.848117] UDP hash table entries: 256 (order: 0, 4096 bytes)
[    4.848369] UDP-Lite hash table entries: 256 (order: 0, 4096 bytes)
[    4.849831] NET: Registered protocol family 1
[    4.850293] PCI: CLS 0 bytes, default 64
[    4.857703] NetWinder Floating Point Emulator V0.97 (extended precision)
[    4.860434] futex hash table entries: 256 (order: -1, 3072 bytes)
[    4.866103] squashfs: version 4.0 (2009/01/31) Phillip Lougher
[    4.867138] jffs2: version 2.2. (NAND) © 2001-2006 Red Hat, Inc.
[    4.867944] romfs: ROMFS MTD (C) 2007 Red Hat, Inc.
[    6.208806] Block layer SCSI generic (bsg) driver version 0.4 loaded (major 253)
[    6.209193] io scheduler noop registered
[    6.209429] io scheduler cfq registered (default)
[    6.210147] firmadyne: devfs: 1, execute: 1, procfs: 1, syscall: 0
[    6.211539] ------------[ cut here ]------------
[    6.211743] WARNING: CPU: 0 PID: 1 at /home/vagrant/firmadyne-kernel/kernel-v4.1/fs/sysfs/dir.c:31 sysfs_warn_dup+0x50/0x6c()
[    6.212012] sysfs: cannot create duplicate filename '/class/gpio'
[    6.212182] Modules linked in:
[    6.212505] CPU: 0 PID: 1 Comm: swapper Not tainted 4.1.17+ #1
[    6.212659] Hardware name: Generic DT based system
[    6.213515] [<c001c99c>] (unwind_backtrace) from [<c0019d30>] (show_stack+0x10/0x14)
[    6.213811] [<c0019d30>] (show_stack) from [<c0024ab4>] (warn_slowpath_common+0x80/0xa8)
[    6.214027] [<c0024ab4>] (warn_slowpath_common) from [<c0024b08>] (warn_slowpath_fmt+0x2c/0x3c)
[    6.214270] [<c0024b08>] (warn_slowpath_fmt) from [<c00e363c>] (sysfs_warn_dup+0x50/0x6c)
[    6.214454] [<c00e363c>] (sysfs_warn_dup) from [<c00e3714>] (sysfs_create_dir_ns+0x74/0x84)
[    6.214642] [<c00e3714>] (sysfs_create_dir_ns) from [<c018e6ac>] (kobject_add_internal+0xb8/0x2ac)
[    6.214836] [<c018e6ac>] (kobject_add_internal) from [<c018e9a8>] (kset_register+0x1c/0x44)
[    6.215050] [<c018e9a8>] (kset_register) from [<c02090b4>] (__class_register+0xa8/0x198)
[    6.215230] [<c02090b4>] (__class_register) from [<c02091e4>] (__class_create+0x40/0x70)
[    6.215408] [<c02091e4>] (__class_create) from [<c01adf68>] (register_devfs_stubs+0x314/0xbb4)
[    6.215595] [<c01adf68>] (register_devfs_stubs) from [<c05d9b08>] (init_module+0x28/0xa4)
[    6.215803] [<c05d9b08>] (init_module) from [<c0009670>] (do_one_initcall+0x104/0x1b4)
[    6.215990] [<c0009670>] (do_one_initcall) from [<c05c7d08>] (kernel_init_freeable+0xf0/0x1b0)
[    6.216180] [<c05c7d08>] (kernel_init_freeable) from [<c040f28c>] (kernel_init+0x8/0xe4)
[    6.216353] [<c040f28c>] (kernel_init) from [<c0016da8>] (ret_from_fork+0x14/0x2c)
[    6.216611] ---[ end trace 78c817efa1c6ccd5 ]---
[    6.216857] ------------[ cut here ]------------
[    6.216975] WARNING: CPU: 0 PID: 1 at /home/vagrant/firmadyne-kernel/kernel-v4.1/lib/kobject.c:240 kobject_add_internal+0x240/0x2ac()
[    6.217202] kobject_add_internal failed for gpio with -EEXIST, don't try to register things with the same name in the same directory.
[    6.217422] Modules linked in:
[    6.217562] CPU: 0 PID: 1 Comm: swapper Tainted: G        W       4.1.17+ #1
[    6.217703] Hardware name: Generic DT based system
[    6.217824] [<c001c99c>] (unwind_backtrace) from [<c0019d30>] (show_stack+0x10/0x14)
[    6.217994] [<c0019d30>] (show_stack) from [<c0024ab4>] (warn_slowpath_common+0x80/0xa8)
[    6.218201] [<c0024ab4>] (warn_slowpath_common) from [<c0024b08>] (warn_slowpath_fmt+0x2c/0x3c)
[    6.218387] [<c0024b08>] (warn_slowpath_fmt) from [<c018e834>] (kobject_add_internal+0x240/0x2ac)
[    6.218583] [<c018e834>] (kobject_add_internal) from [<c018e9a8>] (kset_register+0x1c/0x44)
[    6.218761] [<c018e9a8>] (kset_register) from [<c02090b4>] (__class_register+0xa8/0x198)
[    6.218935] [<c02090b4>] (__class_register) from [<c02091e4>] (__class_create+0x40/0x70)
[    6.219108] [<c02091e4>] (__class_create) from [<c01adf68>] (register_devfs_stubs+0x314/0xbb4)
[    6.219293] [<c01adf68>] (register_devfs_stubs) from [<c05d9b08>] (init_module+0x28/0xa4)
[    6.219469] [<c05d9b08>] (init_module) from [<c0009670>] (do_one_initcall+0x104/0x1b4)
[    6.219641] [<c0009670>] (do_one_initcall) from [<c05c7d08>] (kernel_init_freeable+0xf0/0x1b0)
[    6.219822] [<c05c7d08>] (kernel_init_freeable) from [<c040f28c>] (kernel_init+0x8/0xe4)
[    6.219991] [<c040f28c>] (kernel_init) from [<c0016da8>] (ret_from_fork+0x14/0x2c)
[    6.220168] ---[ end trace 78c817efa1c6ccd6 ]---
[    6.220348] firmadyne: Cannot create device class: gpio!
[    6.222118] firmadyne: Cannot register character device: watchdog, 0xa, 0x82!
[    6.222300] firmadyne: Cannot register character device: wdt, 0xfd, 0x0!
[    6.304366] PCI host bridge /pcie@10000000 ranges:
[    6.304989]    IO 0x3eff0000..0x3effffff -> 0x00000000
[    6.305362]   MEM 0x10000000..0x3efeffff -> 0x10000000
[    6.305496]   MEM 0x8000000000..0xffffffffff -> 0x8000000000
[    6.306165] pci-host-generic 3f000000.pcie: resource collision: [mem 0x00000000-0xffffffff] conflicts with /pl011@9000000 [mem 0x09000000-0x09000fff]
[    6.306875] pci-host-generic: probe of 3f000000.pcie failed with error -16
[    6.318637] Non-volatile memory driver v1.3
[    7.178311] brd: module loaded
[    7.189393] loop: module loaded
[    9.264049] cfg80211: Calling CRDA to update world regulatory domain
[    9.268592]  vda: vda1
[   10.410117] 0.flash: Found 2 x16 devices at 0x0 in 32-bit bank. Manufacturer ID 0x000000 Chip ID 0x000000
[   10.410788] Intel/Sharp Extended Query Table at 0x0031
[   10.413200] Using buffer write method
[   10.413722] erase region 0: offset=0x0,size=0x40000,blocks=256
[   10.421087] 0.flash: Found 2 x16 devices at 0x0 in 32-bit bank. Manufacturer ID 0x000000 Chip ID 0x000000
[   10.421324] Intel/Sharp Extended Query Table at 0x0031
[   10.422096] Using buffer write method
[   10.422216] erase region 0: offset=0x0,size=0x40000,blocks=256
[   10.422425] Concatenating MTD devices:
[   10.422534] (0): "0.flash"
[   10.422610] (1): "0.flash"
[   10.422678] into device "0.flash"
[   10.434036] [nandsim] warning: read_byte: unexpected data output cycle, state is STATE_READY return 0x0
[   10.434290] [nandsim] warning: read_byte: unexpected data output cycle, state is STATE_READY return 0x0
[   10.434477] [nandsim] warning: read_byte: unexpected data output cycle, state is STATE_READY return 0x0
[   10.434658] [nandsim] warning: read_byte: unexpected data output cycle, state is STATE_READY return 0x0
[   10.434837] [nandsim] warning: read_byte: unexpected data output cycle, state is STATE_READY return 0x0
[   10.435016] [nandsim] warning: read_byte: unexpected data output cycle, state is STATE_READY return 0x0
[   10.435470] nand: device found, Manufacturer ID: 0x98, Chip ID: 0x39
[   10.435630] nand: Toshiba NAND 128MiB 1,8V 8-bit
[   10.435757] nand: 128 MiB, SLC, erase size: 16 KiB, page size: 512, OOB size: 16
[   10.436700] flash size: 128 MiB
[   10.436816] page size: 512 bytes
[   10.436896] OOB area size: 16 bytes
[   10.436978] sector size: 16 KiB
[   10.437054] pages number: 262144
[   10.437129] pages per sector: 32
[   10.437216] bus width: 8
[   10.437298] bits in sector size: 14
[   10.437381] bits in page size: 9
[   10.437461] bits in OOB size: 4
[   10.437541] flash size with OOB: 135168 KiB
[   10.437635] page address bytes: 4
[   10.437712] sector address bytes: 3
[   10.437794] options: 0x42
[   11.540379] Scanning device for bad blocks
[   11.648996] firmadyne: do_execve: /firmadyne/console
[   11.649224] OFFSETS: offset of pid: 0x190 offset of comm: 0x270
[   11.649713] Creating 11 MTD partitions on "NAND 128MiB 1,8V 8-bit":
[   11.650152] 0x000000000000-0x000000100000 : "NAND simulator partition 0"
[   11.652386] 0x000000100000-0x000000200000 : "NAND simulator partition 1"
[   11.653973] 0x000000200000-0x000000300000 : "NAND simulator partition 2"
[   11.655372] 0x000000300000-0x000000400000 : "NAND simulator partition 3"
[   11.656840] 0x000000400000-0x000000500000 : "NAND simulator partition 4"
[   11.658238] 0x000000500000-0x000000600000 : "NAND simulator partition 5"
[   11.659644] 0x000000600000-0x000000700000 : "NAND simulator partition 6"
[   11.661295] 0x000000700000-0x000000800000 : "NAND simulator partition 7"
[   11.662656] 0x000000800000-0x000000900000 : "NAND simulator partition 8"
[   11.664204] 0x000000900000-0x000000a00000 : "NAND simulator partition 9"
[   11.665655] 0x000000a00000-0x000008000000 : "NAND simulator partition 10"
[   11.671374] tun: Universal TUN/TAP device driver, 1.6
[   11.671524] tun: (C) 1999-2004 Max Krasnyansky <maxk@qualcomm.com>
[   14.486910] PPP generic driver version 2.4.2
[   14.487740] PPP BSD Compression module registered
[   14.487930] PPP Deflate Compression module registered
[   14.488193] PPP MPPE Compression module registered
[   14.488337] NET: Registered protocol family 24
[   14.488674] PPTP driver version 0.8.5
[   14.489532] cfg80211: Calling CRDA to update world regulatory domain
[   16.274136] usbcore: registered new interface driver usb-storage
[   16.277711] rtc-pl031 9010000.pl031: rtc core: registered pl031 as rtc0
[   16.278505] hidraw: raw HID events driver (C) Jiri Kosina
[   16.279072] usbcore: registered new interface driver usbhid
[   16.279211] usbhid: USB HID core driver
[   16.279696] Netfilter messages via NETLINK v0.30.
[   16.280380] nf_conntrack version 0.5.0 (3958 buckets, 15832 max)
[   16.281911] ctnetlink v0.93: registering with nfnetlink.
[   16.283562] ipip: IPv4 over IPv4 tunneling driver
[   16.285840] gre: GRE over IPv4 demultiplexor driver
[   16.286020] ip_gre: GRE over IPv4 tunneling driver
[   16.290753] ip_tables: (C) 2000-2006 Netfilter Core Team
[   16.292528] arp_tables: (C) 2002 David S. Miller
[   16.293802] Initializing XFRM netlink socket
[   16.294353] NET: Registered protocol family 10
[   17.468256] ip6_tables: (C) 2000-2006 Netfilter Core Team
[   17.470091] sit: IPv6 over IPv4 tunneling driver
[   17.474097] NET: Registered protocol family 17
[   17.474770] bridge: automatic filtering via arp/ip/ip6tables has been deprecated. Update your scripts to load br_netfilter if you need this.
[   17.475131] Bridge firewalling registered
[   17.475282] Ebtables v2.0 registered
[   17.476613] 8021q: 802.1Q VLAN Support v1.8
[   17.477293] Registering SWP/SWPB emulation handler
[   17.480105] rtc-pl031 9010000.pl031: setting system clock to 2018-07-19 14:46:15 UTC (1532011575)
[   17.490750] EXT4-fs (vda1): couldn't mount as ext3 due to feature incompatibilities
[   17.492430] EXT4-fs (vda1): mounting ext2 file system using the ext4 subsystem
[   17.500799] EXT4-fs (vda1): warning: mounting unchecked fs, running e2fsck is recommended
[   17.504033] EXT4-fs (vda1): mounted filesystem without journal. Opts: (null)
[   17.505168] VFS: Mounted root (ext2 filesystem) on device 254:1.
[   17.523625] Freeing unused kernel memory: 180K (c05c7000 - c05f4000)
[   19.088906] cfg80211: Calling CRDA to update world regulatory domain
[   21.642631] firmadyne: sys_reboot[PID: 54 (init)]: magic1:fee1dead, magic2:28121969, cmd:0
[   22.742224] cfg80211: Calling CRDA to update world regulatory domain
[   27.057695] cfg80211: Calling CRDA to update world regulatory domain
[   32.304792] cfg80211: Calling CRDA to update world regulatory domain
[   36.550301] cfg80211: Calling CRDA to update world regulatory domain
Using /lib/modules/mvKernelExt.ko
insmod: kernel-module version mismatch
	/lib/modules/mvKernelExt.ko was compiled for kernel version 
	while this kernel is version 4.1.17+.
Using /lib/modules/mvPpDrv.ko
insmod: kernel-module version mismatch
	/lib/modules/mvPpDrv.ko was compiled for kernel version 
	while this kernel is version 4.1.17+.
[   40.966906] cfg80211: Calling CRDA to update world regulatory domain
Fri May 23 14:32:00 UTC 2008
