>> Database Image ID: 154

/home/zhumengfan/firmware/firmwares/c3c2b58faaed268dc6f8c128e8b996303aca0243.ZIP
>> MD5: aec0fa37e8db9da31d096c853b83878b
>> Tag: 154
>> Temp: /tmp/tmpCUSvyE
>> Status: Kernel: True, Rootfs: False, Do_Kernel: False,                 Do_Rootfs: True
>>>> Zip archive data, at least v2.0 to extract, compressed size: 8974266, uncompressed size: 9009680, name: DGS-1500-28_A1_2_50_008.hex
>> Recursing into archive ...
	
/tmp/tmpCUSvyE/_c3c2b58faaed268dc6f8c128e8b996303aca0243.ZIP.extracted/DGS-1500-28_A1_2_50_008.hex
	>> MD5: 9fb54a31b301e97a232480c6e3194084
	>> Tag: 154
	>> Temp: /tmp/tmprwmqaz
	>> Status: Kernel: True, Rootfs: False, Do_Kernel: False,                 Do_Rootfs: True
	>>>> Squashfs filesystem, little endian, version 3.1, size: 7725823 bytes, 217 inodes, blocksize: 131072 bytes, created: 2013-12-26 10:17:10
	>>>> Found Linux filesystem in /tmp/tmprwmqaz/_DGS-1500-28_A1_2_50_008.hex.extracted/squashfs-root!
	>> Skipping: completed!
	>> Cleaning up /tmp/tmprwmqaz...
>> Skipping: completed!
>> Cleaning up /tmp/tmpCUSvyE...
./bin/busybox: armel
Querying database for architecture... armel
----Running----
----Copying Filesystem Tarball----
----Creating QEMU Image----
Formatting '/home/zhumengfan/firmadyne//scratch//154//image.raw', fmt=raw size=1073741824
----Creating Partition Table----

Welcome to fdisk (util-linux 2.27.1).
Changes will remain in memory only, until you decide to write them.
Be careful before using the write command.

Device does not contain a recognized partition table.
Created a new DOS disklabel with disk identifier 0x5910ffcc.

Command (m for help): Created a new DOS disklabel with disk identifier 0xd323609b.

Command (m for help): Partition type
   p   primary (0 primary, 0 extended, 4 free)
   e   extended (container for logical partitions)
Select (default p): Partition number (1-4, default 1): First sector (2048-2097151, default 2048): Last sector, +sectors or +size{K,M,G,T,P} (2048-2097151, default 2097151): 
Created a new partition 1 of type 'Linux' and of size 1023 MiB.

Command (m for help): The partition table has been altered.
Syncing disks.

----Mounting QEMU Image----
add map loop0p1 (252:0): 0 2095104 linear 7:0 2048
----Creating Filesystem----
mke2fs 1.42.13 (17-May-2015)
Discarding device blocks:   4096/261888             done                            
Creating filesystem with 261888 4k blocks and 65536 inodes
Filesystem UUID: 833a82d0-9022-44af-9a30-ee1fbbae7fac
Superblock backups stored on blocks: 
	32768, 98304, 163840, 229376

Allocating group tables: 0/8   done                            
Writing inode tables: 0/8   done                            
Writing superblocks and filesystem accounting information: 0/8   done

----Making QEMU Image Mountpoint----
----Mounting QEMU Image Partition 1----
----Extracting Filesystem Tarball----
----Creating FIRMADYNE Directories----
----Patching Filesystem (chroot)----
Creating /etc/TZ!
Creating /etc/hosts!
Warning: Recreating device nodes!
mkdir: can't create directory '/dev/mtd': No such file or directory
mknod: /dev/mtd/0: No such file or directory
mknod: /dev/mtd/1: No such file or directory
mknod: /dev/mtd/2: No such file or directory
mknod: /dev/mtd/3: No such file or directory
mknod: /dev/mtd/4: No such file or directory
mknod: /dev/mtd/5: No such file or directory
mknod: /dev/mtd/6: No such file or directory
mknod: /dev/mtd/7: No such file or directory
mknod: /dev/mtd/8: No such file or directory
mknod: /dev/mtd/9: No such file or directory
mknod: /dev/mtd/10: No such file or directory
Removing /etc/scripts/sys_resetbutton!
----Setting up FIRMADYNE----
----Unmounting QEMU Image----
loop deleted : /dev/loop0
Querying database for architecture... armel
Running firmware 154: terminating after 60 secs...
qemu-system-arm: terminating on signal 2 from pid 145873 (timeout)
Inferring network...
Interfaces: []
Done!
[    0.000000] Booting Linux on physical CPU 0x0
[    0.000000] Linux version 4.1.17+ (vagrant@vagrant-ubuntu-trusty-64) (gcc version 5.3.0 (GCC) ) #1 Thu Feb 18 01:05:21 UTC 2016
[    0.000000] CPU: ARMv7 Processor [412fc0f1] revision 1 (ARMv7), cr=10c5387d
[    0.000000] CPU: PIPT / VIPT nonaliasing data cache, PIPT instruction cache
[    0.000000] Machine model: linux,dummy-virt
[    0.000000] debug: ignoring loglevel setting.
[    0.000000] Memory policy: Data cache writeback
[    0.000000] On node 0 totalpages: 65536
[    0.000000] free_area_init_node: node 0, pgdat c061dfe8, node_mem_map cfdf9000
[    0.000000]   Normal zone: 512 pages used for memmap
[    0.000000]   Normal zone: 0 pages reserved
[    0.000000]   Normal zone: 65536 pages, LIFO batch:15
[    0.000000] psci: probing for conduit method from DT.
[    0.000000] psci: PSCIv0.2 detected in firmware.
[    0.000000] psci: Using standard PSCI v0.2 function IDs
[    0.000000] CPU: All CPU(s) started in SVC mode.
[    0.000000] pcpu-alloc: s0 r0 d32768 u32768 alloc=1*32768
[    0.000000] pcpu-alloc: [0] 0 
[    0.000000] Built 1 zonelists in Zone order, mobility grouping on.  Total pages: 65024
[    0.000000] Kernel command line: firmadyne.syscall=1 root=/dev/vda1 console=ttyS0 nandsim.parts=64,64,64,64,64,64,64,64,64,64 rdinit=/firmadyne/preInit.sh rw debug ignore_loglevel print-fatal-signals=1 user_debug=31
[    0.000000] PID hash table entries: 1024 (order: 0, 4096 bytes)
[    0.000000] Dentry cache hash table entries: 32768 (order: 5, 131072 bytes)
[    0.000000] Inode-cache hash table entries: 16384 (order: 4, 65536 bytes)
[    0.000000] Memory: 253340K/262144K available (4297K kernel code, 170K rwdata, 1584K rodata, 180K init, 148K bss, 8804K reserved, 0K cma-reserved)
[    0.000000] Virtual kernel memory layout:
[    0.000000]     vector  : 0xffff0000 - 0xffff1000   (   4 kB)
[    0.000000]     fixmap  : 0xffc00000 - 0xfff00000   (3072 kB)
[    0.000000]     vmalloc : 0xd0800000 - 0xff000000   ( 744 MB)
[    0.000000]     lowmem  : 0xc0000000 - 0xd0000000   ( 256 MB)
[    0.000000]     modules : 0xbf000000 - 0xc0000000   (  16 MB)
[    0.000000]       .text : 0xc0008000 - 0xc05c67bc   (5882 kB)
[    0.000000]       .init : 0xc05c7000 - 0xc05f4000   ( 180 kB)
[    0.000000]       .data : 0xc05f4000 - 0xc061e840   ( 171 kB)
[    0.000000]        .bss : 0xc0621000 - 0xc06462d4   ( 149 kB)
[    0.000000] NR_IRQS:16 nr_irqs:16 16
[    0.000000] Architected cp15 timer(s) running at 62.50MHz (virt).
[    0.000000] clocksource arch_sys_counter: mask: 0xffffffffffffff max_cycles: 0x1cd42e208c, max_idle_ns: 881590405314 ns
[    0.000158] sched_clock: 56 bits at 62MHz, resolution 16ns, wraps every 4398046511096ns
[    0.000297] Switching to timer-based delay loop, resolution 16ns
[    0.003420] Console: colour dummy device 80x30
[    0.003750] Calibrating delay loop (skipped), value calculated using timer frequency.. 125.00 BogoMIPS (lpj=625000)
[    0.003879] pid_max: default: 32768 minimum: 301
[    0.004768] Mount-cache hash table entries: 1024 (order: 0, 4096 bytes)
[    0.004805] Mountpoint-cache hash table entries: 1024 (order: 0, 4096 bytes)
[    0.014302] CPU: Testing write buffer coherency: ok
[    0.020829] Setting up static identity map for 0x40008240 - 0x40008298
[    2.716796] VFP support v0.3: implementor 41 architecture 4 part 30 variant f rev 0
[    2.729752] clocksource jiffies: mask: 0xffffffff max_cycles: 0xffffffff, max_idle_ns: 19112604462750000 ns
[    2.739818] NET: Registered protocol family 16
[    2.743381] DMA: preallocated 256 KiB pool for atomic coherent allocations
[    2.748151] cpuidle: using governor ladder
[    2.748317] cpuidle: using governor menu
[    7.367815] Serial: AMBA PL011 UART driver
[    7.370240] 9000000.pl011: ttyS0 at MMIO 0x9000000 (irq = 54, base_baud = 0) is a PL011 rev1
[    7.378105] console [ttyS0] enabled
[    7.402633] vgaarb: loaded
[    7.404280] SCSI subsystem initialized
[    7.405446] usbcore: registered new interface driver usbfs
[    7.405820] usbcore: registered new interface driver hub
[    7.406157] usbcore: registered new device driver usb
[    7.415794] cfg80211: Calling CRDA to update world regulatory domain
[    7.418162] Switched to clocksource arch_sys_counter
[    7.436937] NET: Registered protocol family 2
[    9.798100] TCP established hash table entries: 2048 (order: 1, 8192 bytes)
[    9.798447] TCP bind hash table entries: 2048 (order: 1, 8192 bytes)
[    9.798968] TCP: Hash tables configured (established 2048 bind 2048)
[    9.799772] UDP hash table entries: 256 (order: 0, 4096 bytes)
[    9.800040] UDP-Lite hash table entries: 256 (order: 0, 4096 bytes)
[    9.801633] NET: Registered protocol family 1
[    9.802137] PCI: CLS 0 bytes, default 64
[    9.810013] NetWinder Floating Point Emulator V0.97 (extended precision)
[    9.813059] futex hash table entries: 256 (order: -1, 3072 bytes)
[    9.819347] squashfs: version 4.0 (2009/01/31) Phillip Lougher
[    9.820826] jffs2: version 2.2. (NAND) © 2001-2006 Red Hat, Inc.
[    9.821672] romfs: ROMFS MTD (C) 2007 Red Hat, Inc.
[    9.831234] Block layer SCSI generic (bsg) driver version 0.4 loaded (major 253)
[    9.831609] io scheduler noop registered
[    9.831853] io scheduler cfq registered (default)
[    9.832572] firmadyne: devfs: 1, execute: 1, procfs: 1, syscall: 1
[    9.833969] ------------[ cut here ]------------
[    9.834183] WARNING: CPU: 0 PID: 1 at /home/vagrant/firmadyne-kernel/kernel-v4.1/fs/sysfs/dir.c:31 sysfs_warn_dup+0x50/0x6c()
[    9.834446] sysfs: cannot create duplicate filename '/class/gpio'
[    9.834625] Modules linked in:
[    9.834962] CPU: 0 PID: 1 Comm: swapper Not tainted 4.1.17+ #1
[    9.835114] Hardware name: Generic DT based system
[    9.835882] [<c001c99c>] (unwind_backtrace) from [<c0019d30>] (show_stack+0x10/0x14)
[    9.836206] [<c0019d30>] (show_stack) from [<c0024ab4>] (warn_slowpath_common+0x80/0xa8)
[    9.836448] [<c0024ab4>] (warn_slowpath_common) from [<c0024b08>] (warn_slowpath_fmt+0x2c/0x3c)
[    9.836704] [<c0024b08>] (warn_slowpath_fmt) from [<c00e363c>] (sysfs_warn_dup+0x50/0x6c)
[    9.836923] [<c00e363c>] (sysfs_warn_dup) from [<c00e3714>] (sysfs_create_dir_ns+0x74/0x84)
[    9.837106] [<c00e3714>] (sysfs_create_dir_ns) from [<c018e6ac>] (kobject_add_internal+0xb8/0x2ac)
[    9.837297] [<c018e6ac>] (kobject_add_internal) from [<c018e9a8>] (kset_register+0x1c/0x44)
[    9.837511] [<c018e9a8>] (kset_register) from [<c02090b4>] (__class_register+0xa8/0x198)
[    9.837691] [<c02090b4>] (__class_register) from [<c02091e4>] (__class_create+0x40/0x70)
[    9.838004] [<c02091e4>] (__class_create) from [<c01adf68>] (register_devfs_stubs+0x314/0xbb4)
[    9.838211] [<c01adf68>] (register_devfs_stubs) from [<c05d9b08>] (init_module+0x28/0xa4)
[    9.838449] [<c05d9b08>] (init_module) from [<c0009670>] (do_one_initcall+0x104/0x1b4)
[    9.838669] [<c0009670>] (do_one_initcall) from [<c05c7d08>] (kernel_init_freeable+0xf0/0x1b0)
[    9.838923] [<c05c7d08>] (kernel_init_freeable) from [<c040f28c>] (kernel_init+0x8/0xe4)
[    9.839154] [<c040f28c>] (kernel_init) from [<c0016da8>] (ret_from_fork+0x14/0x2c)
[    9.839465] ---[ end trace 4cda4ddef4c2c9e4 ]---
[    9.839703] ------------[ cut here ]------------
[    9.839824] WARNING: CPU: 0 PID: 1 at /home/vagrant/firmadyne-kernel/kernel-v4.1/lib/kobject.c:240 kobject_add_internal+0x240/0x2ac()
[    9.840048] kobject_add_internal failed for gpio with -EEXIST, don't try to register things with the same name in the same directory.
[    9.840265] Modules linked in:
[    9.840437] CPU: 0 PID: 1 Comm: swapper Tainted: G        W       4.1.17+ #1
[    9.840594] Hardware name: Generic DT based system
[    9.840717] [<c001c99c>] (unwind_backtrace) from [<c0019d30>] (show_stack+0x10/0x14)
[    9.840887] [<c0019d30>] (show_stack) from [<c0024ab4>] (warn_slowpath_common+0x80/0xa8)
[    9.841063] [<c0024ab4>] (warn_slowpath_common) from [<c0024b08>] (warn_slowpath_fmt+0x2c/0x3c)
[    9.841249] [<c0024b08>] (warn_slowpath_fmt) from [<c018e834>] (kobject_add_internal+0x240/0x2ac)
[    9.841480] [<c018e834>] (kobject_add_internal) from [<c018e9a8>] (kset_register+0x1c/0x44)
[    9.841661] [<c018e9a8>] (kset_register) from [<c02090b4>] (__class_register+0xa8/0x198)
[    9.841834] [<c02090b4>] (__class_register) from [<c02091e4>] (__class_create+0x40/0x70)
[    9.842006] [<c02091e4>] (__class_create) from [<c01adf68>] (register_devfs_stubs+0x314/0xbb4)
[    9.842191] [<c01adf68>] (register_devfs_stubs) from [<c05d9b08>] (init_module+0x28/0xa4)
[    9.842378] [<c05d9b08>] (init_module) from [<c0009670>] (do_one_initcall+0x104/0x1b4)
[    9.842577] [<c0009670>] (do_one_initcall) from [<c05c7d08>] (kernel_init_freeable+0xf0/0x1b0)
[    9.842760] [<c05c7d08>] (kernel_init_freeable) from [<c040f28c>] (kernel_init+0x8/0xe4)
[    9.842939] [<c040f28c>] (kernel_init) from [<c0016da8>] (ret_from_fork+0x14/0x2c)
[    9.843113] ---[ end trace 4cda4ddef4c2c9e5 ]---
[    9.843284] firmadyne: Cannot create device class: gpio!
[    9.845164] firmadyne: Cannot register character device: watchdog, 0xa, 0x82!
[    9.845349] firmadyne: Cannot register character device: wdt, 0xfd, 0x0!
[    9.931096] PCI host bridge /pcie@10000000 ranges:
[    9.931710]    IO 0x3eff0000..0x3effffff -> 0x00000000
[    9.932106]   MEM 0x10000000..0x3efeffff -> 0x10000000
[    9.932246]   MEM 0x8000000000..0xffffffffff -> 0x8000000000
[    9.932971] pci-host-generic 3f000000.pcie: resource collision: [mem 0x00000000-0xffffffff] conflicts with /pl011@9000000 [mem 0x09000000-0x09000fff]
[    9.933738] pci-host-generic: probe of 3f000000.pcie failed with error -16
[    9.946231] Non-volatile memory driver v1.3
[   17.413281] cfg80211: Calling CRDA to update world regulatory domain
[   17.433288] brd: module loaded
[   17.443678] loop: module loaded
[   17.723431]  vda: vda1
[   17.735541] 0.flash: Found 2 x16 devices at 0x0 in 32-bit bank. Manufacturer ID 0x000000 Chip ID 0x000000
[   17.736176] Intel/Sharp Extended Query Table at 0x0031
[   17.737320] Using buffer write method
[   17.739158] erase region 0: offset=0x0,size=0x40000,blocks=256
[   17.747052] 0.flash: Found 2 x16 devices at 0x0 in 32-bit bank. Manufacturer ID 0x000000 Chip ID 0x000000
[   17.747280] Intel/Sharp Extended Query Table at 0x0031
[   17.748193] Using buffer write method
[   17.748329] erase region 0: offset=0x0,size=0x40000,blocks=256
[   17.748533] Concatenating MTD devices:
[   17.748646] (0): "0.flash"
[   17.748726] (1): "0.flash"
[   17.748811] into device "0.flash"
[   17.760771] [nandsim] warning: read_byte: unexpected data output cycle, state is STATE_READY return 0x0
[   17.761000] [nandsim] warning: read_byte: unexpected data output cycle, state is STATE_READY return 0x0
[   17.761200] [nandsim] warning: read_byte: unexpected data output cycle, state is STATE_READY return 0x0
[   17.761386] [nandsim] warning: read_byte: unexpected data output cycle, state is STATE_READY return 0x0
[   17.761561] [nandsim] warning: read_byte: unexpected data output cycle, state is STATE_READY return 0x0
[   17.761736] [nandsim] warning: read_byte: unexpected data output cycle, state is STATE_READY return 0x0
[   17.762161] nand: device found, Manufacturer ID: 0x98, Chip ID: 0x39
[   17.762345] nand: Toshiba NAND 128MiB 1,8V 8-bit
[   17.762477] nand: 128 MiB, SLC, erase size: 16 KiB, page size: 512, OOB size: 16
[   17.763389] flash size: 128 MiB
[   17.763480] page size: 512 bytes
[   17.763562] OOB area size: 16 bytes
[   17.763647] sector size: 16 KiB
[   17.763725] pages number: 262144
[   17.763803] pages per sector: 32
[   17.763885] bus width: 8
[   17.763953] bits in sector size: 14
[   17.764036] bits in page size: 9
[   17.764118] bits in OOB size: 4
[   17.764201] flash size with OOB: 135168 KiB
[   17.764296] page address bytes: 4
[   17.764376] sector address bytes: 3
[   17.764460] options: 0x42
[   18.142766] Scanning device for bad blocks
[   18.256254] firmadyne: do_execve: /firmadyne/console
[   18.256527] OFFSETS: offset of pid: 0x190 offset of comm: 0x270
[   18.257017] Creating 11 MTD partitions on "NAND 128MiB 1,8V 8-bit":
[   18.257450] 0x000000000000-0x000000100000 : "NAND simulator partition 0"
[   18.259841] 0x000000100000-0x000000200000 : "NAND simulator partition 1"
[   18.261252] 0x000000200000-0x000000300000 : "NAND simulator partition 2"
[   18.262641] 0x000000300000-0x000000400000 : "NAND simulator partition 3"
[   18.264106] 0x000000400000-0x000000500000 : "NAND simulator partition 4"
[   18.265535] 0x000000500000-0x000000600000 : "NAND simulator partition 5"
[   18.266978] 0x000000600000-0x000000700000 : "NAND simulator partition 6"
[   18.268905] 0x000000700000-0x000000800000 : "NAND simulator partition 7"
[   18.270311] 0x000000800000-0x000000900000 : "NAND simulator partition 8"
[   18.271719] 0x000000900000-0x000000a00000 : "NAND simulator partition 9"
[   18.273165] 0x000000a00000-0x000008000000 : "NAND simulator partition 10"
[   18.278830] tun: Universal TUN/TAP device driver, 1.6
[   18.278976] tun: (C) 1999-2004 Max Krasnyansky <maxk@qualcomm.com>
[   26.282139] PPP generic driver version 2.4.2
[   26.283068] PPP BSD Compression module registered
[   26.283262] PPP Deflate Compression module registered
[   26.283535] PPP MPPE Compression module registered
[   26.283681] NET: Registered protocol family 24
[   26.284040] PPTP driver version 0.8.5
[   26.285158] cfg80211: Calling CRDA to update world regulatory domain
[   30.910124] cfg80211: Calling CRDA to update world regulatory domain
[   30.911210] usbcore: registered new interface driver usb-storage
[   30.914985] rtc-pl031 9010000.pl031: rtc core: registered pl031 as rtc0
[   30.915867] hidraw: raw HID events driver (C) Jiri Kosina
[   30.916462] usbcore: registered new interface driver usbhid
[   30.916602] usbhid: USB HID core driver
[   30.917131] Netfilter messages via NETLINK v0.30.
[   30.917867] nf_conntrack version 0.5.0 (3958 buckets, 15832 max)
[   30.919633] ctnetlink v0.93: registering with nfnetlink.
[   30.921480] ipip: IPv4 over IPv4 tunneling driver
[   30.923843] gre: GRE over IPv4 demultiplexor driver
[   30.924039] ip_gre: GRE over IPv4 tunneling driver
[   30.929129] ip_tables: (C) 2000-2006 Netfilter Core Team
[   30.930964] arp_tables: (C) 2002 David S. Miller
[   30.932099] Initializing XFRM netlink socket
[   30.932682] NET: Registered protocol family 10
[   30.940583] ip6_tables: (C) 2000-2006 Netfilter Core Team
[   30.942416] sit: IPv6 over IPv4 tunneling driver
[   30.946495] NET: Registered protocol family 17
[   30.947253] bridge: automatic filtering via arp/ip/ip6tables has been deprecated. Update your scripts to load br_netfilter if you need this.
[   30.947618] Bridge firewalling registered
[   30.947774] Ebtables v2.0 registered
[   30.949256] 8021q: 802.1Q VLAN Support v1.8
[   30.949951] Registering SWP/SWPB emulation handler
[   30.953418] rtc-pl031 9010000.pl031: setting system clock to 2018-07-19 13:42:47 UTC (1532007767)
[   33.858943] EXT4-fs (vda1): couldn't mount as ext3 due to feature incompatibilities
[   33.860832] EXT4-fs (vda1): mounting ext2 file system using the ext4 subsystem
[   33.873653] EXT4-fs (vda1): mounted filesystem without journal. Opts: (null)
[   33.874835] VFS: Mounted root (ext2 filesystem) on device 254:1.
[   33.894301] Freeing unused kernel memory: 180K (c05c7000 - c05f4000)
[   39.719684] cfg80211: Calling CRDA to update world regulatory domain
[   42.902471] cfg80211: Calling CRDA to update world regulatory domain
[   42.946258] firmadyne: sys_reboot[PID: 54 (init)]: magic1:fee1dead, magic2:28121969, cmd:0
Starting firmware emulation... use Ctrl-a + x to exit
qemu-system-arm: terminating on signal 2 from pid 146002 (timeout)
[    0.000000] Booting Linux on physical CPU 0x0
[    0.000000] Linux version 4.1.17+ (vagrant@vagrant-ubuntu-trusty-64) (gcc version 5.3.0 (GCC) ) #1 Thu Feb 18 01:05:21 UTC 2016
[    0.000000] CPU: ARMv7 Processor [412fc0f1] revision 1 (ARMv7), cr=10c5387d
[    0.000000] CPU: PIPT / VIPT nonaliasing data cache, PIPT instruction cache
[    0.000000] Machine model: linux,dummy-virt
[    0.000000] debug: ignoring loglevel setting.
[    0.000000] Memory policy: Data cache writeback
[    0.000000] On node 0 totalpages: 65536
[    0.000000] free_area_init_node: node 0, pgdat c061dfe8, node_mem_map cfdf9000
[    0.000000]   Normal zone: 512 pages used for memmap
[    0.000000]   Normal zone: 0 pages reserved
[    0.000000]   Normal zone: 65536 pages, LIFO batch:15
[    0.000000] psci: probing for conduit method from DT.
[    0.000000] psci: PSCIv0.2 detected in firmware.
[    0.000000] psci: Using standard PSCI v0.2 function IDs
[    0.000000] CPU: All CPU(s) started in SVC mode.
[    0.000000] pcpu-alloc: s0 r0 d32768 u32768 alloc=1*32768
[    0.000000] pcpu-alloc: [0] 0 
[    0.000000] Built 1 zonelists in Zone order, mobility grouping on.  Total pages: 65024
[    0.000000] Kernel command line: root=/dev/vda1 console=ttyS0 nandsim.parts=64,64,64,64,64,64,64,64,64,64 rdinit=/firmadyne/preInit.sh rw debug ignore_loglevel print-fatal-signals=1 user_debug=31 firmadyne.syscall=0
[    0.000000] PID hash table entries: 1024 (order: 0, 4096 bytes)
[    0.000000] Dentry cache hash table entries: 32768 (order: 5, 131072 bytes)
[    0.000000] Inode-cache hash table entries: 16384 (order: 4, 65536 bytes)
[    0.000000] Memory: 253340K/262144K available (4297K kernel code, 170K rwdata, 1584K rodata, 180K init, 148K bss, 8804K reserved, 0K cma-reserved)
[    0.000000] Virtual kernel memory layout:
[    0.000000]     vector  : 0xffff0000 - 0xffff1000   (   4 kB)
[    0.000000]     fixmap  : 0xffc00000 - 0xfff00000   (3072 kB)
[    0.000000]     vmalloc : 0xd0800000 - 0xff000000   ( 744 MB)
[    0.000000]     lowmem  : 0xc0000000 - 0xd0000000   ( 256 MB)
[    0.000000]     modules : 0xbf000000 - 0xc0000000   (  16 MB)
[    0.000000]       .text : 0xc0008000 - 0xc05c67bc   (5882 kB)
[    0.000000]       .init : 0xc05c7000 - 0xc05f4000   ( 180 kB)
[    0.000000]       .data : 0xc05f4000 - 0xc061e840   ( 171 kB)
[    0.000000]        .bss : 0xc0621000 - 0xc06462d4   ( 149 kB)
[    0.000000] NR_IRQS:16 nr_irqs:16 16
[    0.000000] Architected cp15 timer(s) running at 62.50MHz (virt).
[    0.000000] clocksource arch_sys_counter: mask: 0xffffffffffffff max_cycles: 0x1cd42e208c, max_idle_ns: 881590405314 ns
[    0.000158] sched_clock: 56 bits at 62MHz, resolution 16ns, wraps every 4398046511096ns
[    0.000301] Switching to timer-based delay loop, resolution 16ns
[    0.003377] Console: colour dummy device 80x30
[    0.003739] Calibrating delay loop (skipped), value calculated using timer frequency.. 125.00 BogoMIPS (lpj=625000)
[    0.003872] pid_max: default: 32768 minimum: 301
[    0.004791] Mount-cache hash table entries: 1024 (order: 0, 4096 bytes)
[    0.004832] Mountpoint-cache hash table entries: 1024 (order: 0, 4096 bytes)
[    1.569143] CPU: Testing write buffer coherency: ok
[    1.575398] Setting up static identity map for 0x40008240 - 0x40008298
[    1.590371] VFP support v0.3: implementor 41 architecture 4 part 30 variant f rev 0
[    1.639809] clocksource jiffies: mask: 0xffffffff max_cycles: 0xffffffff, max_idle_ns: 19112604462750000 ns
[    1.649078] NET: Registered protocol family 16
[    1.652245] DMA: preallocated 256 KiB pool for atomic coherent allocations
[    1.656405] cpuidle: using governor ladder
[    1.656570] cpuidle: using governor menu
[    1.677123] Serial: AMBA PL011 UART driver
[    1.679564] 9000000.pl011: ttyS0 at MMIO 0x9000000 (irq = 54, base_baud = 0) is a PL011 rev1
[    1.686800] console [ttyS0] enabled
[    1.718796] vgaarb: loaded
[    1.720311] SCSI subsystem initialized
[    1.721376] usbcore: registered new interface driver usbfs
[    1.721744] usbcore: registered new interface driver hub
[    1.722069] usbcore: registered new device driver usb
[    1.731077] cfg80211: Calling CRDA to update world regulatory domain
[    1.733434] Switched to clocksource arch_sys_counter
[    1.751009] NET: Registered protocol family 2
[    1.756224] TCP established hash table entries: 2048 (order: 1, 8192 bytes)
[    1.756479] TCP bind hash table entries: 2048 (order: 1, 8192 bytes)
[    1.756784] TCP: Hash tables configured (established 2048 bind 2048)
[    1.757304] UDP hash table entries: 256 (order: 0, 4096 bytes)
[    1.757548] UDP-Lite hash table entries: 256 (order: 0, 4096 bytes)
[    1.758957] NET: Registered protocol family 1
[    1.759397] PCI: CLS 0 bytes, default 64
[    1.766560] NetWinder Floating Point Emulator V0.97 (extended precision)
[    1.832143] futex hash table entries: 256 (order: -1, 3072 bytes)
[    1.837609] squashfs: version 4.0 (2009/01/31) Phillip Lougher
[    1.838612] jffs2: version 2.2. (NAND) © 2001-2006 Red Hat, Inc.
[    1.839393] romfs: ROMFS MTD (C) 2007 Red Hat, Inc.
[    1.848215] Block layer SCSI generic (bsg) driver version 0.4 loaded (major 253)
[    1.848533] io scheduler noop registered
[    1.848764] io scheduler cfq registered (default)
[    1.849421] firmadyne: devfs: 1, execute: 1, procfs: 1, syscall: 0
[    1.850701] ------------[ cut here ]------------
[    1.850899] WARNING: CPU: 0 PID: 1 at /home/vagrant/firmadyne-kernel/kernel-v4.1/fs/sysfs/dir.c:31 sysfs_warn_dup+0x50/0x6c()
[    1.851126] sysfs: cannot create duplicate filename '/class/gpio'
[    1.851285] Modules linked in:
[    1.851593] CPU: 0 PID: 1 Comm: swapper Not tainted 4.1.17+ #1
[    1.851740] Hardware name: Generic DT based system
[    1.852408] [<c001c99c>] (unwind_backtrace) from [<c0019d30>] (show_stack+0x10/0x14)
[    1.852681] [<c0019d30>] (show_stack) from [<c0024ab4>] (warn_slowpath_common+0x80/0xa8)
[    1.852878] [<c0024ab4>] (warn_slowpath_common) from [<c0024b08>] (warn_slowpath_fmt+0x2c/0x3c)
[    1.853125] [<c0024b08>] (warn_slowpath_fmt) from [<c00e363c>] (sysfs_warn_dup+0x50/0x6c)
[    1.853401] [<c00e363c>] (sysfs_warn_dup) from [<c00e3714>] (sysfs_create_dir_ns+0x74/0x84)
[    1.853585] [<c00e3714>] (sysfs_create_dir_ns) from [<c018e6ac>] (kobject_add_internal+0xb8/0x2ac)
[    1.853774] [<c018e6ac>] (kobject_add_internal) from [<c018e9a8>] (kset_register+0x1c/0x44)
[    1.853953] [<c018e9a8>] (kset_register) from [<c02090b4>] (__class_register+0xa8/0x198)
[    1.854128] [<c02090b4>] (__class_register) from [<c02091e4>] (__class_create+0x40/0x70)
[    1.854299] [<c02091e4>] (__class_create) from [<c01adf68>] (register_devfs_stubs+0x314/0xbb4)
[    1.854480] [<c01adf68>] (register_devfs_stubs) from [<c05d9b08>] (init_module+0x28/0xa4)
[    1.854688] [<c05d9b08>] (init_module) from [<c0009670>] (do_one_initcall+0x104/0x1b4)
[    1.854861] [<c0009670>] (do_one_initcall) from [<c05c7d08>] (kernel_init_freeable+0xf0/0x1b0)
[    1.855045] [<c05c7d08>] (kernel_init_freeable) from [<c040f28c>] (kernel_init+0x8/0xe4)
[    1.855213] [<c040f28c>] (kernel_init) from [<c0016da8>] (ret_from_fork+0x14/0x2c)
[    1.855461] ---[ end trace 4b5ba4583d76ac5c ]---
[    1.855666] ------------[ cut here ]------------
[    1.855779] WARNING: CPU: 0 PID: 1 at /home/vagrant/firmadyne-kernel/kernel-v4.1/lib/kobject.c:240 kobject_add_internal+0x240/0x2ac()
[    1.855996] kobject_add_internal failed for gpio with -EEXIST, don't try to register things with the same name in the same directory.
[    1.856207] Modules linked in:
[    1.856346] CPU: 0 PID: 1 Comm: swapper Tainted: G        W       4.1.17+ #1
[    1.856482] Hardware name: Generic DT based system
[    1.856600] [<c001c99c>] (unwind_backtrace) from [<c0019d30>] (show_stack+0x10/0x14)
[    1.856765] [<c0019d30>] (show_stack) from [<c0024ab4>] (warn_slowpath_common+0x80/0xa8)
[    1.856936] [<c0024ab4>] (warn_slowpath_common) from [<c0024b08>] (warn_slowpath_fmt+0x2c/0x3c)
[    1.857116] [<c0024b08>] (warn_slowpath_fmt) from [<c018e834>] (kobject_add_internal+0x240/0x2ac)
[    1.857307] [<c018e834>] (kobject_add_internal) from [<c018e9a8>] (kset_register+0x1c/0x44)
[    1.857480] [<c018e9a8>] (kset_register) from [<c02090b4>] (__class_register+0xa8/0x198)
[    1.857649] [<c02090b4>] (__class_register) from [<c02091e4>] (__class_create+0x40/0x70)
[    1.857817] [<c02091e4>] (__class_create) from [<c01adf68>] (register_devfs_stubs+0x314/0xbb4)
[    1.857996] [<c01adf68>] (register_devfs_stubs) from [<c05d9b08>] (init_module+0x28/0xa4)
[    1.858167] [<c05d9b08>] (init_module) from [<c0009670>] (do_one_initcall+0x104/0x1b4)
[    1.858333] [<c0009670>] (do_one_initcall) from [<c05c7d08>] (kernel_init_freeable+0xf0/0x1b0)
[    1.858509] [<c05c7d08>] (kernel_init_freeable) from [<c040f28c>] (kernel_init+0x8/0xe4)
[    1.858674] [<c040f28c>] (kernel_init) from [<c0016da8>] (ret_from_fork+0x14/0x2c)
[    1.858838] ---[ end trace 4b5ba4583d76ac5d ]---
[    1.858998] firmadyne: Cannot create device class: gpio!
[    1.860658] firmadyne: Cannot register character device: watchdog, 0xa, 0x82!
[    1.860834] firmadyne: Cannot register character device: wdt, 0xfd, 0x0!
[    1.941496] PCI host bridge /pcie@10000000 ranges:
[    1.942047]    IO 0x3eff0000..0x3effffff -> 0x00000000
[    1.942406]   MEM 0x10000000..0x3efeffff -> 0x10000000
[    1.942535]   MEM 0x8000000000..0xffffffffff -> 0x8000000000
[    1.943204] pci-host-generic 3f000000.pcie: resource collision: [mem 0x00000000-0xffffffff] conflicts with /pl011@9000000 [mem 0x09000000-0x09000fff]
[    1.944041] pci-host-generic: probe of 3f000000.pcie failed with error -16
[    1.955562] Non-volatile memory driver v1.3
[    2.075404] brd: module loaded
[    2.085672] loop: module loaded
[    2.629258]  vda: vda1
[    2.641496] 0.flash: Found 2 x16 devices at 0x0 in 32-bit bank. Manufacturer ID 0x000000 Chip ID 0x000000
[    2.642115] Intel/Sharp Extended Query Table at 0x0031
[    2.643398] Using buffer write method
[    2.643829] erase region 0: offset=0x0,size=0x40000,blocks=256
[    2.651386] 0.flash: Found 2 x16 devices at 0x0 in 32-bit bank. Manufacturer ID 0x000000 Chip ID 0x000000
[    2.651630] Intel/Sharp Extended Query Table at 0x0031
[    2.652376] Using buffer write method
[    2.652489] erase region 0: offset=0x0,size=0x40000,blocks=256
[    2.652680] Concatenating MTD devices:
[    2.652787] (0): "0.flash"
[    2.652861] (1): "0.flash"
[    2.652929] into device "0.flash"
[    2.665430] [nandsim] warning: read_byte: unexpected data output cycle, state is STATE_READY return 0x0
[    2.665647] [nandsim] warning: read_byte: unexpected data output cycle, state is STATE_READY return 0x0
[    2.665824] [nandsim] warning: read_byte: unexpected data output cycle, state is STATE_READY return 0x0
[    2.665994] [nandsim] warning: read_byte: unexpected data output cycle, state is STATE_READY return 0x0
[    2.666164] [nandsim] warning: read_byte: unexpected data output cycle, state is STATE_READY return 0x0
[    2.666333] [nandsim] warning: read_byte: unexpected data output cycle, state is STATE_READY return 0x0
[    2.666742] nand: device found, Manufacturer ID: 0x98, Chip ID: 0x39
[    2.666891] nand: Toshiba NAND 128MiB 1,8V 8-bit
[    2.667013] nand: 128 MiB, SLC, erase size: 16 KiB, page size: 512, OOB size: 16
[    2.667904] flash size: 128 MiB
[    2.667990] page size: 512 bytes
[    2.668065] OOB area size: 16 bytes
[    2.668143] sector size: 16 KiB
[    2.668214] pages number: 262144
[    2.668286] pages per sector: 32
[    2.668357] bus width: 8
[    2.668420] bits in sector size: 14
[    2.668496] bits in page size: 9
[    2.668571] bits in OOB size: 4
[    2.668646] flash size with OOB: 135168 KiB
[    2.668734] page address bytes: 4
[    2.668807] sector address bytes: 3
[    2.668883] options: 0x42
[    2.681290] Scanning device for bad blocks
[    2.789229] firmadyne: do_execve: /firmadyne/console
[    2.789440] OFFSETS: offset of pid: 0x190 offset of comm: 0x270
[    2.789908] Creating 11 MTD partitions on "NAND 128MiB 1,8V 8-bit":
[    2.790319] 0x000000000000-0x000000100000 : "NAND simulator partition 0"
[    2.792537] 0x000000100000-0x000000200000 : "NAND simulator partition 1"
[    2.794026] 0x000000200000-0x000000300000 : "NAND simulator partition 2"
[    2.795390] 0x000000300000-0x000000400000 : "NAND simulator partition 3"
[    2.796797] 0x000000400000-0x000000500000 : "NAND simulator partition 4"
[    2.798158] 0x000000500000-0x000000600000 : "NAND simulator partition 5"
[    2.799536] 0x000000600000-0x000000700000 : "NAND simulator partition 6"
[    2.801102] 0x000000700000-0x000000800000 : "NAND simulator partition 7"
[    2.802429] 0x000000800000-0x000000900000 : "NAND simulator partition 8"
[    2.803880] 0x000000900000-0x000000a00000 : "NAND simulator partition 9"
[    2.805259] 0x000000a00000-0x000008000000 : "NAND simulator partition 10"
[    2.810760] tun: Universal TUN/TAP device driver, 1.6
[    2.810886] tun: (C) 1999-2004 Max Krasnyansky <maxk@qualcomm.com>
[    3.354032] PPP generic driver version 2.4.2
[    3.354795] PPP BSD Compression module registered
[    3.354975] PPP Deflate Compression module registered
[    3.355214] PPP MPPE Compression module registered
[    3.355352] NET: Registered protocol family 24
[    3.355683] PPTP driver version 0.8.5
[    3.403389] usbcore: registered new interface driver usb-storage
[    3.406769] rtc-pl031 9010000.pl031: rtc core: registered pl031 as rtc0
[    3.407508] hidraw: raw HID events driver (C) Jiri Kosina
[    3.408057] usbcore: registered new interface driver usbhid
[    3.408192] usbhid: USB HID core driver
[    3.408645] Netfilter messages via NETLINK v0.30.
[    3.409294] nf_conntrack version 0.5.0 (3958 buckets, 15832 max)
[    3.410710] ctnetlink v0.93: registering with nfnetlink.
[    3.412142] ipip: IPv4 over IPv4 tunneling driver
[    3.414353] gre: GRE over IPv4 demultiplexor driver
[    3.414524] ip_gre: GRE over IPv4 tunneling driver
[    3.419093] ip_tables: (C) 2000-2006 Netfilter Core Team
[    3.672967] arp_tables: (C) 2002 David S. Miller
[    3.674199] Initializing XFRM netlink socket
[    3.674802] NET: Registered protocol family 10
[    3.682286] ip6_tables: (C) 2000-2006 Netfilter Core Team
[    3.684273] sit: IPv6 over IPv4 tunneling driver
[    3.688251] NET: Registered protocol family 17
[    3.688972] bridge: automatic filtering via arp/ip/ip6tables has been deprecated. Update your scripts to load br_netfilter if you need this.
[    3.689319] Bridge firewalling registered
[    3.689467] Ebtables v2.0 registered
[    3.690772] 8021q: 802.1Q VLAN Support v1.8
[    3.691446] Registering SWP/SWPB emulation handler
[    3.694542] rtc-pl031 9010000.pl031: setting system clock to 2018-07-19 13:43:46 UTC (1532007826)
[    3.706060] EXT4-fs (vda1): couldn't mount as ext3 due to feature incompatibilities
[    3.708088] EXT4-fs (vda1): mounting ext2 file system using the ext4 subsystem
[    3.718112] EXT4-fs (vda1): warning: mounting unchecked fs, running e2fsck is recommended
[    3.721164] EXT4-fs (vda1): mounted filesystem without journal. Opts: (null)
[    3.722331] VFS: Mounted root (ext2 filesystem) on device 254:1.
[    3.741634] Freeing unused kernel memory: 180K (c05c7000 - c05f4000)
[    3.979051] firmadyne: sys_reboot[PID: 54 (init)]: magic1:fee1dead, magic2:28121969, cmd:0
[    5.157767] cfg80211: Calling CRDA to update world regulatory domain
[    8.564323] cfg80211: Calling CRDA to update world regulatory domain
Using /lib/modules/mvKernelExt.ko
insmod: kernel-module version mismatch
	/lib/modules/mvKernelExt.ko was compiled for kernel version 
	while this kernel is version 4.1.17+.
Using /lib/modules/mvPpDrv.ko
insmod: kernel-module version mismatch
	/lib/modules/mvPpDrv.ko was compiled for kernel version 
	while this kernel is version 4.1.17+.
Fri May 23 14:32:00 UTC 2008



[   11.950694] cfg80211: Calling CRDA to update world regulatory domain

Linux MARVELL_LINUX 4.1.17+ #1 Thu Feb 18 01:05:21 UTC 2016


Welcome to Embedded Linux
           _  _
          | ||_|
          | | _ ____  _   _  _  _ 
          | || |  _ \| | | |\ \/ /
          | || | | | | |_| |/    \
          |_||_|_| |_|\____|\_/\_/

          On Marvell's ARM board

For further information on the Marvell products check:
http://www.marvell.com/

toochain=gnueabi

Enjoy!



BusyBox v1.01 (2008.10.02-12:33+0000) Built-in shell (ash)
Enter 'help' for a list of built-in commands.

/ # [   15.094242] cfg80211: Calling CRDA to update world regulatory domain
[   18.244392] cfg80211: Calling CRDA to update world regulatory domain
[   21.396104] cfg80211: Calling CRDA to update world regulatory domain
