>> Database Image ID: 29

/home/zhumengfan/firmware/firmwares/c59f759db03970b01e48db398f75ac6de1837fbb.ZIP
>> MD5: faa5e6453a11b2e06fa2ac84ae2f8789
>> Tag: 29
>> Temp: /tmp/tmpKHrkbc
>> Status: Kernel: True, Rootfs: False, Do_Kernel: False,                 Do_Rootfs: True
>>>> Zip archive data, at least v2.0 to extract, compressed size: 8921780, uncompressed size: 8956320, name: R2.00.015/DGS-1500-28P FW R2.00.015.hex
>> Recursing into archive ...
	
/tmp/tmpKHrkbc/_c59f759db03970b01e48db398f75ac6de1837fbb.ZIP.extracted/R2.00.015/DGS-1500-28P FW R2.00.015.hex
	>> MD5: 98cc217db875b2b304ba00d4d200e09e
	>> Tag: 29
	>> Temp: /tmp/tmpD6RD3O
	>> Status: Kernel: True, Rootfs: False, Do_Kernel: False,                 Do_Rootfs: True
	>>>> Squashfs filesystem, little endian, version 3.1, size: 7674290 bytes, 217 inodes, blocksize: 131072 bytes, created: 2012-06-15 08:13:22
	>>>> Found Linux filesystem in /tmp/tmpD6RD3O/_DGS-1500-28P FW R2.00.015.hex.extracted/squashfs-root!
	>> Skipping: completed!
	>> Cleaning up /tmp/tmpD6RD3O...
>> Skipping: completed!
>> Cleaning up /tmp/tmpKHrkbc...
./bin/busybox: armel
Querying database for architecture... armel
----Running----
----Copying Filesystem Tarball----
----Creating QEMU Image----
Formatting '/home/zhumengfan/firmadyne//scratch//29//image.raw', fmt=raw size=1073741824
----Creating Partition Table----

Welcome to fdisk (util-linux 2.27.1).
Changes will remain in memory only, until you decide to write them.
Be careful before using the write command.

Device does not contain a recognized partition table.
Created a new DOS disklabel with disk identifier 0x15062755.

Command (m for help): Created a new DOS disklabel with disk identifier 0xf7e29a73.

Command (m for help): Partition type
   p   primary (0 primary, 0 extended, 4 free)
   e   extended (container for logical partitions)
Select (default p): Partition number (1-4, default 1): First sector (2048-2097151, default 2048): Last sector, +sectors or +size{K,M,G,T,P} (2048-2097151, default 2097151): 
Created a new partition 1 of type 'Linux' and of size 1023 MiB.

Command (m for help): The partition table has been altered.
Syncing disks.

----Mounting QEMU Image----
add map loop0p1 (252:0): 0 2095104 linear 7:0 2048
----Creating Filesystem----
mke2fs 1.42.13 (17-May-2015)
Discarding device blocks:   4096/261888             done                            
Creating filesystem with 261888 4k blocks and 65536 inodes
Filesystem UUID: 9e0efb7f-2531-4145-9527-ce176449859c
Superblock backups stored on blocks: 
	32768, 98304, 163840, 229376

Allocating group tables: 0/8   done                            
Writing inode tables: 0/8   done                            
Writing superblocks and filesystem accounting information: 0/8   done

----Making QEMU Image Mountpoint----
----Mounting QEMU Image Partition 1----
----Extracting Filesystem Tarball----
----Creating FIRMADYNE Directories----
----Patching Filesystem (chroot)----
Creating /etc/TZ!
Creating /etc/hosts!
Warning: Recreating device nodes!
mkdir: can't create directory '/dev/mtd': No such file or directory
mknod: /dev/mtd/0: No such file or directory
mknod: /dev/mtd/1: No such file or directory
mknod: /dev/mtd/2: No such file or directory
mknod: /dev/mtd/3: No such file or directory
mknod: /dev/mtd/4: No such file or directory
mknod: /dev/mtd/5: No such file or directory
mknod: /dev/mtd/6: No such file or directory
mknod: /dev/mtd/7: No such file or directory
mknod: /dev/mtd/8: No such file or directory
mknod: /dev/mtd/9: No such file or directory
mknod: /dev/mtd/10: No such file or directory
Removing /etc/scripts/sys_resetbutton!
----Setting up FIRMADYNE----
----Unmounting QEMU Image----
loop deleted : /dev/loop0
Querying database for architecture... armel
Running firmware 29: terminating after 60 secs...
qemu-system-arm: terminating on signal 2 from pid 66888 (timeout)
Inferring network...
Interfaces: []
Done!
[    0.000000] Booting Linux on physical CPU 0x0
[    0.000000] Linux version 4.1.17+ (vagrant@vagrant-ubuntu-trusty-64) (gcc version 5.3.0 (GCC) ) #1 Thu Feb 18 01:05:21 UTC 2016
[    0.000000] CPU: ARMv7 Processor [412fc0f1] revision 1 (ARMv7), cr=10c5387d
[    0.000000] CPU: PIPT / VIPT nonaliasing data cache, PIPT instruction cache
[    0.000000] Machine model: linux,dummy-virt
[    0.000000] debug: ignoring loglevel setting.
[    0.000000] Memory policy: Data cache writeback
[    0.000000] On node 0 totalpages: 65536
[    0.000000] free_area_init_node: node 0, pgdat c061dfe8, node_mem_map cfdf9000
[    0.000000]   Normal zone: 512 pages used for memmap
[    0.000000]   Normal zone: 0 pages reserved
[    0.000000]   Normal zone: 65536 pages, LIFO batch:15
[    0.000000] psci: probing for conduit method from DT.
[    0.000000] psci: PSCIv0.2 detected in firmware.
[    0.000000] psci: Using standard PSCI v0.2 function IDs
[    0.000000] CPU: All CPU(s) started in SVC mode.
[    0.000000] pcpu-alloc: s0 r0 d32768 u32768 alloc=1*32768
[    0.000000] pcpu-alloc: [0] 0 
[    0.000000] Built 1 zonelists in Zone order, mobility grouping on.  Total pages: 65024
[    0.000000] Kernel command line: firmadyne.syscall=1 root=/dev/vda1 console=ttyS0 nandsim.parts=64,64,64,64,64,64,64,64,64,64 rdinit=/firmadyne/preInit.sh rw debug ignore_loglevel print-fatal-signals=1 user_debug=31
[    0.000000] PID hash table entries: 1024 (order: 0, 4096 bytes)
[    0.000000] Dentry cache hash table entries: 32768 (order: 5, 131072 bytes)
[    0.000000] Inode-cache hash table entries: 16384 (order: 4, 65536 bytes)
[    0.000000] Memory: 253340K/262144K available (4297K kernel code, 170K rwdata, 1584K rodata, 180K init, 148K bss, 8804K reserved, 0K cma-reserved)
[    0.000000] Virtual kernel memory layout:
[    0.000000]     vector  : 0xffff0000 - 0xffff1000   (   4 kB)
[    0.000000]     fixmap  : 0xffc00000 - 0xfff00000   (3072 kB)
[    0.000000]     vmalloc : 0xd0800000 - 0xff000000   ( 744 MB)
[    0.000000]     lowmem  : 0xc0000000 - 0xd0000000   ( 256 MB)
[    0.000000]     modules : 0xbf000000 - 0xc0000000   (  16 MB)
[    0.000000]       .text : 0xc0008000 - 0xc05c67bc   (5882 kB)
[    0.000000]       .init : 0xc05c7000 - 0xc05f4000   ( 180 kB)
[    0.000000]       .data : 0xc05f4000 - 0xc061e840   ( 171 kB)
[    0.000000]        .bss : 0xc0621000 - 0xc06462d4   ( 149 kB)
[    0.000000] NR_IRQS:16 nr_irqs:16 16
[    0.000000] Architected cp15 timer(s) running at 62.50MHz (virt).
[    0.000000] clocksource arch_sys_counter: mask: 0xffffffffffffff max_cycles: 0x1cd42e208c, max_idle_ns: 881590405314 ns
[    0.000172] sched_clock: 56 bits at 62MHz, resolution 16ns, wraps every 4398046511096ns
[    0.000333] Switching to timer-based delay loop, resolution 16ns
[    0.004447] Console: colour dummy device 80x30
[    0.004826] Calibrating delay loop (skipped), value calculated using timer frequency.. 125.00 BogoMIPS (lpj=625000)
[    0.004960] pid_max: default: 32768 minimum: 301
[    0.005897] Mount-cache hash table entries: 1024 (order: 0, 4096 bytes)
[    0.005935] Mountpoint-cache hash table entries: 1024 (order: 0, 4096 bytes)
[    0.017330] CPU: Testing write buffer coherency: ok
[    0.024998] Setting up static identity map for 0x40008240 - 0x40008298
[    0.053027] VFP support v0.3: implementor 41 architecture 4 part 30 variant f rev 0
[    0.066587] clocksource jiffies: mask: 0xffffffff max_cycles: 0xffffffff, max_idle_ns: 19112604462750000 ns
[    0.076543] NET: Registered protocol family 16
[    0.079967] DMA: preallocated 256 KiB pool for atomic coherent allocations
[    0.976387] cpuidle: using governor ladder
[    0.976603] cpuidle: using governor menu
[    0.999845] Serial: AMBA PL011 UART driver
[    1.002865] 9000000.pl011: ttyS0 at MMIO 0x9000000 (irq = 54, base_baud = 0) is a PL011 rev1
[    1.010796] console [ttyS0] enabled
[    1.037043] vgaarb: loaded
[    1.038682] SCSI subsystem initialized
[    1.039812] usbcore: registered new interface driver usbfs
[    1.040184] usbcore: registered new interface driver hub
[    1.040544] usbcore: registered new device driver usb
[    1.051186] cfg80211: Calling CRDA to update world regulatory domain
[    1.053722] Switched to clocksource arch_sys_counter
[    1.539762] NET: Registered protocol family 2
[    1.545630] TCP established hash table entries: 2048 (order: 1, 8192 bytes)
[    1.545929] TCP bind hash table entries: 2048 (order: 1, 8192 bytes)
[    1.546260] TCP: Hash tables configured (established 2048 bind 2048)
[    1.546827] UDP hash table entries: 256 (order: 0, 4096 bytes)
[    1.547074] UDP-Lite hash table entries: 256 (order: 0, 4096 bytes)
[    1.548657] NET: Registered protocol family 1
[    1.549304] PCI: CLS 0 bytes, default 64
[    1.558003] NetWinder Floating Point Emulator V0.97 (extended precision)
[    1.560949] futex hash table entries: 256 (order: -1, 3072 bytes)
[    1.566873] squashfs: version 4.0 (2009/01/31) Phillip Lougher
[    1.569163] jffs2: version 2.2. (NAND) © 2001-2006 Red Hat, Inc.
[    1.570100] romfs: ROMFS MTD (C) 2007 Red Hat, Inc.
[    1.579461] Block layer SCSI generic (bsg) driver version 0.4 loaded (major 253)
[    1.579830] io scheduler noop registered
[    1.580061] io scheduler cfq registered (default)
[    1.580826] firmadyne: devfs: 1, execute: 1, procfs: 1, syscall: 1
[    1.583052] ------------[ cut here ]------------
[    1.583411] WARNING: CPU: 0 PID: 1 at /home/vagrant/firmadyne-kernel/kernel-v4.1/fs/sysfs/dir.c:31 sysfs_warn_dup+0x50/0x6c()
[    1.583960] sysfs: cannot create duplicate filename '/class/gpio'
[    1.584128] Modules linked in:
[    1.584460] CPU: 0 PID: 1 Comm: swapper Not tainted 4.1.17+ #1
[    1.584599] Hardware name: Generic DT based system
[    1.585310] [<c001c99c>] (unwind_backtrace) from [<c0019d30>] (show_stack+0x10/0x14)
[    1.585585] [<c0019d30>] (show_stack) from [<c0024ab4>] (warn_slowpath_common+0x80/0xa8)
[    1.585801] [<c0024ab4>] (warn_slowpath_common) from [<c0024b08>] (warn_slowpath_fmt+0x2c/0x3c)
[    1.586040] [<c0024b08>] (warn_slowpath_fmt) from [<c00e363c>] (sysfs_warn_dup+0x50/0x6c)
[    1.586216] [<c00e363c>] (sysfs_warn_dup) from [<c00e3714>] (sysfs_create_dir_ns+0x74/0x84)
[    1.586395] [<c00e3714>] (sysfs_create_dir_ns) from [<c018e6ac>] (kobject_add_internal+0xb8/0x2ac)
[    1.586580] [<c018e6ac>] (kobject_add_internal) from [<c018e9a8>] (kset_register+0x1c/0x44)
[    1.586782] [<c018e9a8>] (kset_register) from [<c02090b4>] (__class_register+0xa8/0x198)
[    1.586954] [<c02090b4>] (__class_register) from [<c02091e4>] (__class_create+0x40/0x70)
[    1.587124] [<c02091e4>] (__class_create) from [<c01adf68>] (register_devfs_stubs+0x314/0xbb4)
[    1.587304] [<c01adf68>] (register_devfs_stubs) from [<c05d9b08>] (init_module+0x28/0xa4)
[    1.587506] [<c05d9b08>] (init_module) from [<c0009670>] (do_one_initcall+0x104/0x1b4)
[    1.587676] [<c0009670>] (do_one_initcall) from [<c05c7d08>] (kernel_init_freeable+0xf0/0x1b0)
[    1.587874] [<c05c7d08>] (kernel_init_freeable) from [<c040f28c>] (kernel_init+0x8/0xe4)
[    1.588058] [<c040f28c>] (kernel_init) from [<c0016da8>] (ret_from_fork+0x14/0x2c)
[    1.588329] ---[ end trace 3c040c20005a62fd ]---
[    1.588547] ------------[ cut here ]------------
[    1.588684] WARNING: CPU: 0 PID: 1 at /home/vagrant/firmadyne-kernel/kernel-v4.1/lib/kobject.c:240 kobject_add_internal+0x240/0x2ac()
[    1.588963] kobject_add_internal failed for gpio with -EEXIST, don't try to register things with the same name in the same directory.
[    1.589195] Modules linked in:
[    1.589383] CPU: 0 PID: 1 Comm: swapper Tainted: G        W       4.1.17+ #1
[    1.589518] Hardware name: Generic DT based system
[    1.589636] [<c001c99c>] (unwind_backtrace) from [<c0019d30>] (show_stack+0x10/0x14)
[    1.589851] [<c0019d30>] (show_stack) from [<c0024ab4>] (warn_slowpath_common+0x80/0xa8)
[    1.590023] [<c0024ab4>] (warn_slowpath_common) from [<c0024b08>] (warn_slowpath_fmt+0x2c/0x3c)
[    1.590235] [<c0024b08>] (warn_slowpath_fmt) from [<c018e834>] (kobject_add_internal+0x240/0x2ac)
[    1.590414] [<c018e834>] (kobject_add_internal) from [<c018e9a8>] (kset_register+0x1c/0x44)
[    1.590574] [<c018e9a8>] (kset_register) from [<c02090b4>] (__class_register+0xa8/0x198)
[    1.590772] [<c02090b4>] (__class_register) from [<c02091e4>] (__class_create+0x40/0x70)
[    1.590952] [<c02091e4>] (__class_create) from [<c01adf68>] (register_devfs_stubs+0x314/0xbb4)
[    1.591168] [<c01adf68>] (register_devfs_stubs) from [<c05d9b08>] (init_module+0x28/0xa4)
[    1.591325] [<c05d9b08>] (init_module) from [<c0009670>] (do_one_initcall+0x104/0x1b4)
[    1.591496] [<c0009670>] (do_one_initcall) from [<c05c7d08>] (kernel_init_freeable+0xf0/0x1b0)
[    1.591680] [<c05c7d08>] (kernel_init_freeable) from [<c040f28c>] (kernel_init+0x8/0xe4)
[    1.591861] [<c040f28c>] (kernel_init) from [<c0016da8>] (ret_from_fork+0x14/0x2c)
[    1.592029] ---[ end trace 3c040c20005a62fe ]---
[    1.592225] firmadyne: Cannot create device class: gpio!
[    1.594342] firmadyne: Cannot register character device: watchdog, 0xa, 0x82!
[    1.594513] firmadyne: Cannot register character device: wdt, 0xfd, 0x0!
[    2.605278] PCI host bridge /pcie@10000000 ranges:
[    2.605855]    IO 0x3eff0000..0x3effffff -> 0x00000000
[    2.606219]   MEM 0x10000000..0x3efeffff -> 0x10000000
[    2.606350]   MEM 0x8000000000..0xffffffffff -> 0x8000000000
[    2.607038] pci-host-generic 3f000000.pcie: resource collision: [mem 0x00000000-0xffffffff] conflicts with /pl011@9000000 [mem 0x09000000-0x09000fff]
[    2.607750] pci-host-generic: probe of 3f000000.pcie failed with error -16
[    2.619503] Non-volatile memory driver v1.3
[    3.532802] brd: module loaded
[    3.543536] loop: module loaded
[    4.220623] cfg80211: Calling CRDA to update world regulatory domain
[    4.225258]  vda: vda1
[    4.237609] 0.flash: Found 2 x16 devices at 0x0 in 32-bit bank. Manufacturer ID 0x000000 Chip ID 0x000000
[    4.238278] Intel/Sharp Extended Query Table at 0x0031
[    4.239437] Using buffer write method
[    4.239869] erase region 0: offset=0x0,size=0x40000,blocks=256
[    4.247483] 0.flash: Found 2 x16 devices at 0x0 in 32-bit bank. Manufacturer ID 0x000000 Chip ID 0x000000
[    4.247758] Intel/Sharp Extended Query Table at 0x0031
[    4.248589] Using buffer write method
[    4.248733] erase region 0: offset=0x0,size=0x40000,blocks=256
[    4.248953] Concatenating MTD devices:
[    4.249058] (0): "0.flash"
[    4.249148] (1): "0.flash"
[    4.249211] into device "0.flash"
[    4.340719] [nandsim] warning: read_byte: unexpected data output cycle, state is STATE_READY return 0x0
[    4.341008] [nandsim] warning: read_byte: unexpected data output cycle, state is STATE_READY return 0x0
[    4.341190] [nandsim] warning: read_byte: unexpected data output cycle, state is STATE_READY return 0x0
[    4.341364] [nandsim] warning: read_byte: unexpected data output cycle, state is STATE_READY return 0x0
[    4.341539] [nandsim] warning: read_byte: unexpected data output cycle, state is STATE_READY return 0x0
[    4.341716] [nandsim] warning: read_byte: unexpected data output cycle, state is STATE_READY return 0x0
[    4.342186] nand: device found, Manufacturer ID: 0x98, Chip ID: 0x39
[    4.342341] nand: Toshiba NAND 128MiB 1,8V 8-bit
[    4.342471] nand: 128 MiB, SLC, erase size: 16 KiB, page size: 512, OOB size: 16
[    4.343630] flash size: 128 MiB
[    4.343742] page size: 512 bytes
[    4.343856] OOB area size: 16 bytes
[    4.343987] sector size: 16 KiB
[    4.344074] pages number: 262144
[    4.344185] pages per sector: 32
[    4.344315] bus width: 8
[    4.344422] bits in sector size: 14
[    4.344560] bits in page size: 9
[    4.344649] bits in OOB size: 4
[    4.344770] flash size with OOB: 135168 KiB
[    4.344915] page address bytes: 4
[    4.345039] sector address bytes: 3
[    4.345174] options: 0x42
[    4.359333] Scanning device for bad blocks
[    4.480503] firmadyne: do_execve: /firmadyne/console
[    4.480783] OFFSETS: offset of pid: 0x190 offset of comm: 0x270
[    4.481262] Creating 11 MTD partitions on "NAND 128MiB 1,8V 8-bit":
[    4.481672] 0x000000000000-0x000000100000 : "NAND simulator partition 0"
[    4.484173] 0x000000100000-0x000000200000 : "NAND simulator partition 1"
[    4.486163] 0x000000200000-0x000000300000 : "NAND simulator partition 2"
[    4.488384] 0x000000300000-0x000000400000 : "NAND simulator partition 3"
[    4.489901] 0x000000400000-0x000000500000 : "NAND simulator partition 4"
[    4.491351] 0x000000500000-0x000000600000 : "NAND simulator partition 5"
[    4.492872] 0x000000600000-0x000000700000 : "NAND simulator partition 6"
[    4.494727] 0x000000700000-0x000000800000 : "NAND simulator partition 7"
[    4.496193] 0x000000800000-0x000000900000 : "NAND simulator partition 8"
[    4.497666] 0x000000900000-0x000000a00000 : "NAND simulator partition 9"
[    4.499199] 0x000000a00000-0x000008000000 : "NAND simulator partition 10"
[    4.506305] tun: Universal TUN/TAP device driver, 1.6
[    4.506469] tun: (C) 1999-2004 Max Krasnyansky <maxk@qualcomm.com>
[    4.673311] PPP generic driver version 2.4.2
[    4.674755] PPP BSD Compression module registered
[    4.675052] PPP Deflate Compression module registered
[    4.675453] PPP MPPE Compression module registered
[    4.675674] NET: Registered protocol family 24
[    4.676105] PPTP driver version 0.8.5
[    4.738819] usbcore: registered new interface driver usb-storage
[    4.742543] rtc-pl031 9010000.pl031: rtc core: registered pl031 as rtc0
[    4.743544] hidraw: raw HID events driver (C) Jiri Kosina
[    4.744140] usbcore: registered new interface driver usbhid
[    4.744323] usbhid: USB HID core driver
[    4.744852] Netfilter messages via NETLINK v0.30.
[    4.745556] nf_conntrack version 0.5.0 (3958 buckets, 15832 max)
[    4.747104] ctnetlink v0.93: registering with nfnetlink.
[    4.748627] ipip: IPv4 over IPv4 tunneling driver
[    4.750952] gre: GRE over IPv4 demultiplexor driver
[    4.751151] ip_gre: GRE over IPv4 tunneling driver
[    4.757118] ip_tables: (C) 2000-2006 Netfilter Core Team
[    4.758989] arp_tables: (C) 2002 David S. Miller
[    4.760131] Initializing XFRM netlink socket
[    4.760748] NET: Registered protocol family 10
[    4.769636] ip6_tables: (C) 2000-2006 Netfilter Core Team
[    4.771485] sit: IPv6 over IPv4 tunneling driver
[    4.775809] NET: Registered protocol family 17
[    4.776574] bridge: automatic filtering via arp/ip/ip6tables has been deprecated. Update your scripts to load br_netfilter if you need this.
[    4.776954] Bridge firewalling registered
[    4.777098] Ebtables v2.0 registered
[    4.778405] 8021q: 802.1Q VLAN Support v1.8
[    4.779108] Registering SWP/SWPB emulation handler
[    4.782208] rtc-pl031 9010000.pl031: setting system clock to 2018-07-19 08:49:46 UTC (1531990186)
[    4.813129] EXT4-fs (vda1): couldn't mount as ext3 due to feature incompatibilities
[    4.815524] EXT4-fs (vda1): mounting ext2 file system using the ext4 subsystem
[    4.829150] EXT4-fs (vda1): mounted filesystem without journal. Opts: (null)
[    4.830956] VFS: Mounted root (ext2 filesystem) on device 254:1.
[    4.851393] Freeing unused kernel memory: 180K (c05c7000 - c05f4000)
[    5.189733] firmadyne: sys_reboot[PID: 54 (init)]: magic1:fee1dead, magic2:28121969, cmd:0
[    5.212182] firmadyne: sys_socket[PID: 1 (init)]: family:1, type:2, protocol:0
[    5.225079] firmadyne: sys_socket[PID: 55 (init)]: family:1, type:2, protocol:0
[    7.603661] cfg80211: Calling CRDA to update world regulatory domain
[    8.589912] firmadyne: sys_socket[PID: 64 (telnetd)]: family:2, type:1, protocol:0
[    8.592970] firmadyne: sys_setsockopt[PID: 64 (telnetd)]: fd:3, level:1, optname:2
[    8.593978] firmadyne: inet_bind[PID: 64 (telnetd)]: proto:SOCK_STREAM, port:23
Using /lib/modules/mvKernelExt.ko
insmod: kernel-module version mismatch
	/lib/modules/mvKernelExt.ko was compiled for kernel version 
	while this kernel is version 4.1.17+.
Using /lib/modules/mvPpDrv.ko
insmod: kernel-module version mismatch
	/lib/modules/mvPpDrv.ko was compiled for kernel version 
	while this kernel is version 4.1.17+.
Fri May 23 14:32:00 UTC 2008
[    9.663420] firmadyne: sys_socket[PID: 72 (ifconfig)]: family:2, type:2, protocol:0
[    9.665559] firmadyne: __inet_insert_ifa[PID: 72 (ifconfig)]: device:lo ifa:0x0100007f
[    9.670726] firmadyne: __inet_insert_ifa[PID: 72 (ifconfig)]: device:lo ifa:0x0100007f




Linux MARVELL_LINUX 4.1.17+ #1 Thu Feb 18 01:05:21 UTC 2016


Welcome to Embedded Linux
           _  _
          | ||_|
          | | _ ____  _   _  _  _ 
          | || |  _ \| | | |\ \/ /
          | || | | | | |_| |/    \
          |_||_|_| |_|\____|\_/\_/

          On Marvell's ARM board

For further information on the Marvell products check:
http://www.marvell.com/

toochain=gnueabi

Enjoy!

[   11.101803] cfg80211: Calling CRDA to update world regulatory domain


BusyBox v1.01 (2008.10.02-12:33+0000) Built-in shell (ash)
Enter 'help' for a list of built-in commands.

/ # [   14.244342] cfg80211: Calling CRDA to update world regulatory domain
[   17.394249] cfg80211: Calling CRDA to update world regulatory domain
[   20.544331] cfg80211: Calling CRDA to update world regulatory domain
[   23.694109] cfg80211: Calling CRDA to update world regulatory domain
[   26.844726] cfg80211: Calling CRDA to update world regulatory domain
[   29.993747] cfg80211: Calling CRDA to update world regulatory domain
[   33.143981] cfg80211: Calling CRDA to update world regulatory domain
[   36.295080] cfg80211: Exceeded CRDA call max attempts. Not calling CRDA
Starting firmware emulation... use Ctrl-a + x to exit
qemu-system-arm: terminating on signal 2 from pid 67034 (timeout)
[    0.000000] Booting Linux on physical CPU 0x0
[    0.000000] Linux version 4.1.17+ (vagrant@vagrant-ubuntu-trusty-64) (gcc version 5.3.0 (GCC) ) #1 Thu Feb 18 01:05:21 UTC 2016
[    0.000000] CPU: ARMv7 Processor [412fc0f1] revision 1 (ARMv7), cr=10c5387d
[    0.000000] CPU: PIPT / VIPT nonaliasing data cache, PIPT instruction cache
[    0.000000] Machine model: linux,dummy-virt
[    0.000000] debug: ignoring loglevel setting.
[    0.000000] Memory policy: Data cache writeback
[    0.000000] On node 0 totalpages: 65536
[    0.000000] free_area_init_node: node 0, pgdat c061dfe8, node_mem_map cfdf9000
[    0.000000]   Normal zone: 512 pages used for memmap
[    0.000000]   Normal zone: 0 pages reserved
[    0.000000]   Normal zone: 65536 pages, LIFO batch:15
[    0.000000] psci: probing for conduit method from DT.
[    0.000000] psci: PSCIv0.2 detected in firmware.
[    0.000000] psci: Using standard PSCI v0.2 function IDs
[    0.000000] CPU: All CPU(s) started in SVC mode.
[    0.000000] pcpu-alloc: s0 r0 d32768 u32768 alloc=1*32768
[    0.000000] pcpu-alloc: [0] 0 
[    0.000000] Built 1 zonelists in Zone order, mobility grouping on.  Total pages: 65024
[    0.000000] Kernel command line: root=/dev/vda1 console=ttyS0 nandsim.parts=64,64,64,64,64,64,64,64,64,64 rdinit=/firmadyne/preInit.sh rw debug ignore_loglevel print-fatal-signals=1 user_debug=31 firmadyne.syscall=0
[    0.000000] PID hash table entries: 1024 (order: 0, 4096 bytes)
[    0.000000] Dentry cache hash table entries: 32768 (order: 5, 131072 bytes)
[    0.000000] Inode-cache hash table entries: 16384 (order: 4, 65536 bytes)
[    0.000000] Memory: 253340K/262144K available (4297K kernel code, 170K rwdata, 1584K rodata, 180K init, 148K bss, 8804K reserved, 0K cma-reserved)
[    0.000000] Virtual kernel memory layout:
[    0.000000]     vector  : 0xffff0000 - 0xffff1000   (   4 kB)
[    0.000000]     fixmap  : 0xffc00000 - 0xfff00000   (3072 kB)
[    0.000000]     vmalloc : 0xd0800000 - 0xff000000   ( 744 MB)
[    0.000000]     lowmem  : 0xc0000000 - 0xd0000000   ( 256 MB)
[    0.000000]     modules : 0xbf000000 - 0xc0000000   (  16 MB)
[    0.000000]       .text : 0xc0008000 - 0xc05c67bc   (5882 kB)
[    0.000000]       .init : 0xc05c7000 - 0xc05f4000   ( 180 kB)
[    0.000000]       .data : 0xc05f4000 - 0xc061e840   ( 171 kB)
[    0.000000]        .bss : 0xc0621000 - 0xc06462d4   ( 149 kB)
[    0.000000] NR_IRQS:16 nr_irqs:16 16
[    0.000000] Architected cp15 timer(s) running at 62.50MHz (virt).
[    0.000000] clocksource arch_sys_counter: mask: 0xffffffffffffff max_cycles: 0x1cd42e208c, max_idle_ns: 881590405314 ns
[    0.000160] sched_clock: 56 bits at 62MHz, resolution 16ns, wraps every 4398046511096ns
[    0.000302] Switching to timer-based delay loop, resolution 16ns
[    0.003433] Console: colour dummy device 80x30
[    0.003793] Calibrating delay loop (skipped), value calculated using timer frequency.. 125.00 BogoMIPS (lpj=625000)
[    0.003973] pid_max: default: 32768 minimum: 301
[    0.004932] Mount-cache hash table entries: 1024 (order: 0, 4096 bytes)
[    0.004972] Mountpoint-cache hash table entries: 1024 (order: 0, 4096 bytes)
[    0.014681] CPU: Testing write buffer coherency: ok
[    0.021032] Setting up static identity map for 0x40008240 - 0x40008298
[    0.287675] VFP support v0.3: implementor 41 architecture 4 part 30 variant f rev 0
[    0.300153] clocksource jiffies: mask: 0xffffffff max_cycles: 0xffffffff, max_idle_ns: 19112604462750000 ns
[    0.309415] NET: Registered protocol family 16
[    0.312616] DMA: preallocated 256 KiB pool for atomic coherent allocations
[    0.571137] cpuidle: using governor ladder
[    0.571329] cpuidle: using governor menu
[    0.592534] Serial: AMBA PL011 UART driver
[    0.594756] 9000000.pl011: ttyS0 at MMIO 0x9000000 (irq = 54, base_baud = 0) is a PL011 rev1
[    0.602435] console [ttyS0] enabled
[    0.625512] vgaarb: loaded
[    0.627047] SCSI subsystem initialized
[    0.628163] usbcore: registered new interface driver usbfs
[    0.628524] usbcore: registered new interface driver hub
[    0.628843] usbcore: registered new device driver usb
[    0.638676] Switched to clocksource arch_sys_counter
[    0.904028] NET: Registered protocol family 2
[    0.913317] TCP established hash table entries: 2048 (order: 1, 8192 bytes)
[    0.913767] TCP bind hash table entries: 2048 (order: 1, 8192 bytes)
[    0.914266] TCP: Hash tables configured (established 2048 bind 2048)
[    0.915156] UDP hash table entries: 256 (order: 0, 4096 bytes)
[    0.915559] UDP-Lite hash table entries: 256 (order: 0, 4096 bytes)
[    0.917337] NET: Registered protocol family 1
[    0.917848] PCI: CLS 0 bytes, default 64
[    0.925730] NetWinder Floating Point Emulator V0.97 (extended precision)
[    0.929013] futex hash table entries: 256 (order: -1, 3072 bytes)
[    0.933361] cfg80211: Calling CRDA to update world regulatory domain
[    0.937545] squashfs: version 4.0 (2009/01/31) Phillip Lougher
[    0.939264] jffs2: version 2.2. (NAND) © 2001-2006 Red Hat, Inc.
[    0.940301] romfs: ROMFS MTD (C) 2007 Red Hat, Inc.
[    0.950956] Block layer SCSI generic (bsg) driver version 0.4 loaded (major 253)
[    0.951365] io scheduler noop registered
[    0.951620] io scheduler cfq registered (default)
[    0.952348] firmadyne: devfs: 1, execute: 1, procfs: 1, syscall: 0
[    0.953914] ------------[ cut here ]------------
[    0.954195] WARNING: CPU: 0 PID: 1 at /home/vagrant/firmadyne-kernel/kernel-v4.1/fs/sysfs/dir.c:31 sysfs_warn_dup+0x50/0x6c()
[    0.954457] sysfs: cannot create duplicate filename '/class/gpio'
[    0.954616] Modules linked in:
[    0.954978] CPU: 0 PID: 1 Comm: swapper Not tainted 4.1.17+ #1
[    0.955124] Hardware name: Generic DT based system
[    0.955900] [<c001c99c>] (unwind_backtrace) from [<c0019d30>] (show_stack+0x10/0x14)
[    0.956210] [<c0019d30>] (show_stack) from [<c0024ab4>] (warn_slowpath_common+0x80/0xa8)
[    0.956426] [<c0024ab4>] (warn_slowpath_common) from [<c0024b08>] (warn_slowpath_fmt+0x2c/0x3c)
[    0.956681] [<c0024b08>] (warn_slowpath_fmt) from [<c00e363c>] (sysfs_warn_dup+0x50/0x6c)
[    0.956873] [<c00e363c>] (sysfs_warn_dup) from [<c00e3714>] (sysfs_create_dir_ns+0x74/0x84)
[    0.957091] [<c00e3714>] (sysfs_create_dir_ns) from [<c018e6ac>] (kobject_add_internal+0xb8/0x2ac)
[    0.957308] [<c018e6ac>] (kobject_add_internal) from [<c018e9a8>] (kset_register+0x1c/0x44)
[    0.957517] [<c018e9a8>] (kset_register) from [<c02090b4>] (__class_register+0xa8/0x198)
[    0.957713] [<c02090b4>] (__class_register) from [<c02091e4>] (__class_create+0x40/0x70)
[    0.957903] [<c02091e4>] (__class_create) from [<c01adf68>] (register_devfs_stubs+0x314/0xbb4)
[    0.958109] [<c01adf68>] (register_devfs_stubs) from [<c05d9b08>] (init_module+0x28/0xa4)
[    0.958350] [<c05d9b08>] (init_module) from [<c0009670>] (do_one_initcall+0x104/0x1b4)
[    0.958804] [<c0009670>] (do_one_initcall) from [<c05c7d08>] (kernel_init_freeable+0xf0/0x1b0)
[    0.959041] [<c05c7d08>] (kernel_init_freeable) from [<c040f28c>] (kernel_init+0x8/0xe4)
[    0.959221] [<c040f28c>] (kernel_init) from [<c0016da8>] (ret_from_fork+0x14/0x2c)
[    0.959535] ---[ end trace 7730b145fd9bf21f ]---
[    0.959760] ------------[ cut here ]------------
[    0.959890] WARNING: CPU: 0 PID: 1 at /home/vagrant/firmadyne-kernel/kernel-v4.1/lib/kobject.c:240 kobject_add_internal+0x240/0x2ac()
[    0.960166] kobject_add_internal failed for gpio with -EEXIST, don't try to register things with the same name in the same directory.
[    0.960507] Modules linked in:
[    0.960753] CPU: 0 PID: 1 Comm: swapper Tainted: G        W       4.1.17+ #1
[    0.960974] Hardware name: Generic DT based system
[    0.961168] [<c001c99c>] (unwind_backtrace) from [<c0019d30>] (show_stack+0x10/0x14)
[    0.961407] [<c0019d30>] (show_stack) from [<c0024ab4>] (warn_slowpath_common+0x80/0xa8)
[    0.961702] [<c0024ab4>] (warn_slowpath_common) from [<c0024b08>] (warn_slowpath_fmt+0x2c/0x3c)
[    0.961983] [<c0024b08>] (warn_slowpath_fmt) from [<c018e834>] (kobject_add_internal+0x240/0x2ac)
[    0.962298] [<c018e834>] (kobject_add_internal) from [<c018e9a8>] (kset_register+0x1c/0x44)
[    0.962570] [<c018e9a8>] (kset_register) from [<c02090b4>] (__class_register+0xa8/0x198)
[    0.962766] [<c02090b4>] (__class_register) from [<c02091e4>] (__class_create+0x40/0x70)
[    0.962945] [<c02091e4>] (__class_create) from [<c01adf68>] (register_devfs_stubs+0x314/0xbb4)
[    0.963142] [<c01adf68>] (register_devfs_stubs) from [<c05d9b08>] (init_module+0x28/0xa4)
[    0.963335] [<c05d9b08>] (init_module) from [<c0009670>] (do_one_initcall+0x104/0x1b4)
[    0.963500] [<c0009670>] (do_one_initcall) from [<c05c7d08>] (kernel_init_freeable+0xf0/0x1b0)
[    0.963672] [<c05c7d08>] (kernel_init_freeable) from [<c040f28c>] (kernel_init+0x8/0xe4)
[    0.963833] [<c040f28c>] (kernel_init) from [<c0016da8>] (ret_from_fork+0x14/0x2c)
[    0.964039] ---[ end trace 7730b145fd9bf220 ]---
[    0.964219] firmadyne: Cannot create device class: gpio!
[    0.966291] firmadyne: Cannot register character device: watchdog, 0xa, 0x82!
[    0.966466] firmadyne: Cannot register character device: wdt, 0xfd, 0x0!
[    1.267714] PCI host bridge /pcie@10000000 ranges:
[    1.268378]    IO 0x3eff0000..0x3effffff -> 0x00000000
[    1.268959]   MEM 0x10000000..0x3efeffff -> 0x10000000
[    1.269105]   MEM 0x8000000000..0xffffffffff -> 0x8000000000
[    1.269859] pci-host-generic 3f000000.pcie: resource collision: [mem 0x00000000-0xffffffff] conflicts with /pl011@9000000 [mem 0x09000000-0x09000fff]
[    1.270620] pci-host-generic: probe of 3f000000.pcie failed with error -16
[    1.284628] Non-volatile memory driver v1.3
[    1.387524] brd: module loaded
[    1.399263] loop: module loaded
[    1.418181]  vda: vda1
[    1.432355] 0.flash: Found 2 x16 devices at 0x0 in 32-bit bank. Manufacturer ID 0x000000 Chip ID 0x000000
[    1.433084] Intel/Sharp Extended Query Table at 0x0031
[    1.434462] Using buffer write method
[    1.434946] erase region 0: offset=0x0,size=0x40000,blocks=256
[    1.443178] 0.flash: Found 2 x16 devices at 0x0 in 32-bit bank. Manufacturer ID 0x000000 Chip ID 0x000000
[    1.443452] Intel/Sharp Extended Query Table at 0x0031
[    1.444395] Using buffer write method
[    1.444515] erase region 0: offset=0x0,size=0x40000,blocks=256
[    1.444738] Concatenating MTD devices:
[    1.444839] (0): "0.flash"
[    1.444930] (1): "0.flash"
[    1.445041] into device "0.flash"
[    1.707483] [nandsim] warning: read_byte: unexpected data output cycle, state is STATE_READY return 0x0
[    1.707735] [nandsim] warning: read_byte: unexpected data output cycle, state is STATE_READY return 0x0
[    1.707916] [nandsim] warning: read_byte: unexpected data output cycle, state is STATE_READY return 0x0
[    1.708127] [nandsim] warning: read_byte: unexpected data output cycle, state is STATE_READY return 0x0
[    1.708302] [nandsim] warning: read_byte: unexpected data output cycle, state is STATE_READY return 0x0
[    1.708768] [nandsim] warning: read_byte: unexpected data output cycle, state is STATE_READY return 0x0
[    1.709350] nand: device found, Manufacturer ID: 0x98, Chip ID: 0x39
[    1.709540] nand: Toshiba NAND 128MiB 1,8V 8-bit
[    1.709671] nand: 128 MiB, SLC, erase size: 16 KiB, page size: 512, OOB size: 16
[    1.710704] flash size: 128 MiB
[    1.710796] page size: 512 bytes
[    1.710875] OOB area size: 16 bytes
[    1.710978] sector size: 16 KiB
[    1.711056] pages number: 262144
[    1.711137] pages per sector: 32
[    1.711214] bus width: 8
[    1.711279] bits in sector size: 14
[    1.711360] bits in page size: 9
[    1.711440] bits in OOB size: 4
[    1.711522] flash size with OOB: 135168 KiB
[    1.711615] page address bytes: 4
[    1.711693] sector address bytes: 3
[    1.711775] options: 0x42
[    1.883412] Scanning device for bad blocks
[    2.005709] firmadyne: do_execve: /firmadyne/console
[    2.006045] OFFSETS: offset of pid: 0x190 offset of comm: 0x270
[    2.006747] Creating 11 MTD partitions on "NAND 128MiB 1,8V 8-bit":
[    2.007363] 0x000000000000-0x000000100000 : "NAND simulator partition 0"
[    2.010819] 0x000000100000-0x000000200000 : "NAND simulator partition 1"
[    2.012404] 0x000000200000-0x000000300000 : "NAND simulator partition 2"
[    2.013949] 0x000000300000-0x000000400000 : "NAND simulator partition 3"
[    2.015465] 0x000000400000-0x000000500000 : "NAND simulator partition 4"
[    2.016948] 0x000000500000-0x000000600000 : "NAND simulator partition 5"
[    2.018756] 0x000000600000-0x000000700000 : "NAND simulator partition 6"
[    2.020551] 0x000000700000-0x000000800000 : "NAND simulator partition 7"
[    2.022075] 0x000000800000-0x000000900000 : "NAND simulator partition 8"
[    2.024298] 0x000000900000-0x000000a00000 : "NAND simulator partition 9"
[    2.025834] 0x000000a00000-0x000008000000 : "NAND simulator partition 10"
[    2.032091] tun: Universal TUN/TAP device driver, 1.6
[    2.032250] tun: (C) 1999-2004 Max Krasnyansky <maxk@qualcomm.com>
[    2.648204] PPP generic driver version 2.4.2
[    2.649492] PPP BSD Compression module registered
[    2.649691] PPP Deflate Compression module registered
[    2.649962] PPP MPPE Compression module registered
[    2.650101] NET: Registered protocol family 24
[    2.650479] PPTP driver version 0.8.5
[    2.662875] usbcore: registered new interface driver usb-storage
[    2.666866] rtc-pl031 9010000.pl031: rtc core: registered pl031 as rtc0
[    2.667721] hidraw: raw HID events driver (C) Jiri Kosina
[    2.668324] usbcore: registered new interface driver usbhid
[    2.668641] usbhid: USB HID core driver
[    2.669268] Netfilter messages via NETLINK v0.30.
[    2.670061] nf_conntrack version 0.5.0 (3958 buckets, 15832 max)
[    2.671690] ctnetlink v0.93: registering with nfnetlink.
[    2.673218] ipip: IPv4 over IPv4 tunneling driver
[    2.675571] gre: GRE over IPv4 demultiplexor driver
[    2.675738] ip_gre: GRE over IPv4 tunneling driver
[    2.680960] ip_tables: (C) 2000-2006 Netfilter Core Team
[    2.682869] arp_tables: (C) 2002 David S. Miller
[    2.684024] Initializing XFRM netlink socket
[    2.684610] NET: Registered protocol family 10
[    2.692838] ip6_tables: (C) 2000-2006 Netfilter Core Team
[    2.694736] sit: IPv6 over IPv4 tunneling driver
[    2.699019] NET: Registered protocol family 17
[    2.699749] bridge: automatic filtering via arp/ip/ip6tables has been deprecated. Update your scripts to load br_netfilter if you need this.
[    2.700119] Bridge firewalling registered
[    2.700270] Ebtables v2.0 registered
[    2.701627] 8021q: 802.1Q VLAN Support v1.8
[    2.702365] Registering SWP/SWPB emulation handler
[    2.705420] rtc-pl031 9010000.pl031: setting system clock to 2018-07-19 08:50:42 UTC (1531990242)
[    3.118870] EXT4-fs (vda1): couldn't mount as ext3 due to feature incompatibilities
[    3.121378] EXT4-fs (vda1): mounting ext2 file system using the ext4 subsystem
[    3.131409] EXT4-fs (vda1): warning: mounting unchecked fs, running e2fsck is recommended
[    3.134550] EXT4-fs (vda1): mounted filesystem without journal. Opts: (null)
[    3.135761] VFS: Mounted root (ext2 filesystem) on device 254:1.
[    3.156475] Freeing unused kernel memory: 180K (c05c7000 - c05f4000)
[    3.603180] firmadyne: sys_reboot[PID: 54 (init)]: magic1:fee1dead, magic2:28121969, cmd:0
[    4.079881] cfg80211: Calling CRDA to update world regulatory domain
Using /lib/modules/mvKernelExt.ko
insmod: kernel-module version mismatch
	/lib/modules/mvKernelExt.ko was compiled for kernel version 
	while this kernel is version 4.1.17+.
Using /lib/modules/mvPpDrv.ko
insmod: kernel-module version mismatch
	/lib/modules/mvPpDrv.ko was compiled for kernel version 
	while this kernel is version 4.1.17+.
[    7.374104] cfg80211: Calling CRDA to update world regulatory domain
Fri May 23 14:32:00 UTC 2008




Linux MARVELL_LINUX 4.1.17+ #1 Thu Feb 18 01:05:21 UTC 2016


Welcome to Embedded Linux
           _  _
          | ||_|
          | | _ ____  _   _  _  _ 
          | || |  _ \| | | |\ \/ /
          | || | | | | |_| |/    \
          |_||_|_| |_|\____|\_/\_/

          On Marvell's ARM board

For further information on the Marvell products check:
http://www.marvell.com/

toochain=gnueabi

Enjoy!



BusyBox v1.01 (2008.10.02-12:33+0000) Built-in shell (ash)
Enter 'help' for a list of built-in commands.

/ # [   10.519530] cfg80211: Calling CRDA to update world regulatory domain
[   13.668862] cfg80211: Calling CRDA to update world regulatory domain
[   16.819426] cfg80211: Calling CRDA to update world regulatory domain
[   19.970607] cfg80211: Calling CRDA to update world regulatory domain
[   23.120568] cfg80211: Calling CRDA to update world regulatory domain
[   26.269871] cfg80211: Calling CRDA to update world regulatory domain
[   29.419716] cfg80211: Calling CRDA to update world regulatory domain
[   32.569027] cfg80211: Calling CRDA to update world regulatory domain
[   35.721077] cfg80211: Exceeded CRDA call max attempts. Not calling CRDA
