>> Database Image ID: 7

/home/zhumengfan/firmware/firmwares/c66f0d670cb6f4bb076ad3a63096098d5afe2e75.ZIP
>> MD5: 7fb0b9737748e6dbbb78e2ce25713de3
>> Tag: 7
>> Temp: /tmp/tmpMWDEaZ
>> Status: Kernel: True, Rootfs: False, Do_Kernel: False,                 Do_Rootfs: True
>>>> Zip archive data, at least v2.0 to extract, compressed size: 7997830, uncompressed size: 8030864, name: R1.00.018/DGS-1500-28P FW R1.00.018.hex
>> Recursing into archive ...
	
/tmp/tmpMWDEaZ/_c66f0d670cb6f4bb076ad3a63096098d5afe2e75.ZIP.extracted/R1.00.018/DGS-1500-28P FW R1.00.018.hex
	>> MD5: ec788e487ced5829a9ea673b6a4857ae
	>> Tag: 7
	>> Temp: /tmp/tmpGMkPih
	>> Status: Kernel: True, Rootfs: False, Do_Kernel: False,                 Do_Rootfs: True
	>>>> Squashfs filesystem, little endian, version 3.1, size: 6746737 bytes, 216 inodes, blocksize: 131072 bytes, created: 2011-10-14 11:31:48
	>>>> Found Linux filesystem in /tmp/tmpGMkPih/_DGS-1500-28P FW R1.00.018.hex.extracted/squashfs-root!
	>> Skipping: completed!
	>> Cleaning up /tmp/tmpGMkPih...
>> Skipping: completed!
>> Cleaning up /tmp/tmpMWDEaZ...
./bin/busybox: armel
Traceback (most recent call last):
  File "/home/zhumengfan/firmadyne/scripts/tar2db.py", line 100, in <module>
    main()
  File "/home/zhumengfan/firmadyne/scripts/tar2db.py", line 97, in main
    process(iid, infile)
  File "/home/zhumengfan/firmadyne/scripts/tar2db.py", line 77, in process
    insertObjectToImage(iid, file2oid, links, cur)
  File "/home/zhumengfan/firmadyne/scripts/tar2db.py", line 57, in insertObjectToImage
    for x in files2oids])
psycopg2.IntegrityError: duplicate key value violates unique constraint "object_to_image_oid_iid_filename_key"
DETAIL:  Key (oid, iid, filename)=(3205, 7, /lib/libSegFault.so) already exists.

Querying database for architecture... armel
----Running----
----Copying Filesystem Tarball----
----Creating QEMU Image----
Formatting '/home/zhumengfan/firmadyne//scratch//7//image.raw', fmt=raw size=1073741824
----Creating Partition Table----

Welcome to fdisk (util-linux 2.27.1).
Changes will remain in memory only, until you decide to write them.
Be careful before using the write command.

Device does not contain a recognized partition table.
Created a new DOS disklabel with disk identifier 0xb1a9a113.

Command (m for help): Created a new DOS disklabel with disk identifier 0x9c6933ef.

Command (m for help): Partition type
   p   primary (0 primary, 0 extended, 4 free)
   e   extended (container for logical partitions)
Select (default p): Partition number (1-4, default 1): First sector (2048-2097151, default 2048): Last sector, +sectors or +size{K,M,G,T,P} (2048-2097151, default 2097151): 
Created a new partition 1 of type 'Linux' and of size 1023 MiB.

Command (m for help): The partition table has been altered.
Syncing disks.

----Mounting QEMU Image----
add map loop0p1 (252:0): 0 2095104 linear 7:0 2048
----Creating Filesystem----
mke2fs 1.42.13 (17-May-2015)
Discarding device blocks:   4096/261888             done                            
Creating filesystem with 261888 4k blocks and 65536 inodes
Filesystem UUID: 56efb67f-5256-47ea-b974-9135ef258f06
Superblock backups stored on blocks: 
	32768, 98304, 163840, 229376

Allocating group tables: 0/8   done                            
Writing inode tables: 0/8   done                            
Writing superblocks and filesystem accounting information: 0/8   done

----Making QEMU Image Mountpoint----
----Mounting QEMU Image Partition 1----
----Extracting Filesystem Tarball----
----Creating FIRMADYNE Directories----
----Patching Filesystem (chroot)----
Creating /etc/TZ!
Creating /etc/hosts!
Warning: Recreating device nodes!
mkdir: can't create directory '/dev/mtd': No such file or directory
mknod: /dev/mtd/0: No such file or directory
mknod: /dev/mtd/1: No such file or directory
mknod: /dev/mtd/2: No such file or directory
mknod: /dev/mtd/3: No such file or directory
mknod: /dev/mtd/4: No such file or directory
mknod: /dev/mtd/5: No such file or directory
mknod: /dev/mtd/6: No such file or directory
mknod: /dev/mtd/7: No such file or directory
mknod: /dev/mtd/8: No such file or directory
mknod: /dev/mtd/9: No such file or directory
mknod: /dev/mtd/10: No such file or directory
Removing /etc/scripts/sys_resetbutton!
----Setting up FIRMADYNE----
----Unmounting QEMU Image----
loop deleted : /dev/loop0
Querying database for architecture... armel
Running firmware 7: terminating after 60 secs...
qemu-system-arm: terminating on signal 2 from pid 42765 (timeout)
Inferring network...
Interfaces: []
Done!
[    0.000000] Booting Linux on physical CPU 0x0
[    0.000000] Linux version 4.1.17+ (vagrant@vagrant-ubuntu-trusty-64) (gcc version 5.3.0 (GCC) ) #1 Thu Feb 18 01:05:21 UTC 2016
[    0.000000] CPU: ARMv7 Processor [412fc0f1] revision 1 (ARMv7), cr=10c5387d
[    0.000000] CPU: PIPT / VIPT nonaliasing data cache, PIPT instruction cache
[    0.000000] Machine model: linux,dummy-virt
[    0.000000] debug: ignoring loglevel setting.
[    0.000000] Memory policy: Data cache writeback
[    0.000000] On node 0 totalpages: 65536
[    0.000000] free_area_init_node: node 0, pgdat c061dfe8, node_mem_map cfdf9000
[    0.000000]   Normal zone: 512 pages used for memmap
[    0.000000]   Normal zone: 0 pages reserved
[    0.000000]   Normal zone: 65536 pages, LIFO batch:15
[    0.000000] psci: probing for conduit method from DT.
[    0.000000] psci: PSCIv0.2 detected in firmware.
[    0.000000] psci: Using standard PSCI v0.2 function IDs
[    0.000000] CPU: All CPU(s) started in SVC mode.
[    0.000000] pcpu-alloc: s0 r0 d32768 u32768 alloc=1*32768
[    0.000000] pcpu-alloc: [0] 0 
[    0.000000] Built 1 zonelists in Zone order, mobility grouping on.  Total pages: 65024
[    0.000000] Kernel command line: firmadyne.syscall=1 root=/dev/vda1 console=ttyS0 nandsim.parts=64,64,64,64,64,64,64,64,64,64 rdinit=/firmadyne/preInit.sh rw debug ignore_loglevel print-fatal-signals=1 user_debug=31
[    0.000000] PID hash table entries: 1024 (order: 0, 4096 bytes)
[    0.000000] Dentry cache hash table entries: 32768 (order: 5, 131072 bytes)
[    0.000000] Inode-cache hash table entries: 16384 (order: 4, 65536 bytes)
[    0.000000] Memory: 253340K/262144K available (4297K kernel code, 170K rwdata, 1584K rodata, 180K init, 148K bss, 8804K reserved, 0K cma-reserved)
[    0.000000] Virtual kernel memory layout:
[    0.000000]     vector  : 0xffff0000 - 0xffff1000   (   4 kB)
[    0.000000]     fixmap  : 0xffc00000 - 0xfff00000   (3072 kB)
[    0.000000]     vmalloc : 0xd0800000 - 0xff000000   ( 744 MB)
[    0.000000]     lowmem  : 0xc0000000 - 0xd0000000   ( 256 MB)
[    0.000000]     modules : 0xbf000000 - 0xc0000000   (  16 MB)
[    0.000000]       .text : 0xc0008000 - 0xc05c67bc   (5882 kB)
[    0.000000]       .init : 0xc05c7000 - 0xc05f4000   ( 180 kB)
[    0.000000]       .data : 0xc05f4000 - 0xc061e840   ( 171 kB)
[    0.000000]        .bss : 0xc0621000 - 0xc06462d4   ( 149 kB)
[    0.000000] NR_IRQS:16 nr_irqs:16 16
[    0.000000] Architected cp15 timer(s) running at 62.50MHz (virt).
[    0.000000] clocksource arch_sys_counter: mask: 0xffffffffffffff max_cycles: 0x1cd42e208c, max_idle_ns: 881590405314 ns
[    0.000172] sched_clock: 56 bits at 62MHz, resolution 16ns, wraps every 4398046511096ns
[    0.000306] Switching to timer-based delay loop, resolution 16ns
[    0.003662] Console: colour dummy device 80x30
[    0.004172] Calibrating delay loop (skipped), value calculated using timer frequency.. 125.00 BogoMIPS (lpj=625000)
[    0.004385] pid_max: default: 32768 minimum: 301
[    0.005924] Mount-cache hash table entries: 1024 (order: 0, 4096 bytes)
[    0.005989] Mountpoint-cache hash table entries: 1024 (order: 0, 4096 bytes)
[    0.017058] CPU: Testing write buffer coherency: ok
[    0.024353] Setting up static identity map for 0x40008240 - 0x40008298
[    0.051033] VFP support v0.3: implementor 41 architecture 4 part 30 variant f rev 0
[    0.064558] clocksource jiffies: mask: 0xffffffff max_cycles: 0xffffffff, max_idle_ns: 19112604462750000 ns
[    0.075344] NET: Registered protocol family 16
[    0.078858] DMA: preallocated 256 KiB pool for atomic coherent allocations
[    0.084027] cpuidle: using governor ladder
[    0.084242] cpuidle: using governor menu
[    0.118689] Serial: AMBA PL011 UART driver
[    0.120947] 9000000.pl011: ttyS0 at MMIO 0x9000000 (irq = 54, base_baud = 0) is a PL011 rev1
[    0.129716] console [ttyS0] enabled
[    0.154404] vgaarb: loaded
[    0.156040] SCSI subsystem initialized
[    0.157149] usbcore: registered new interface driver usbfs
[    0.157537] usbcore: registered new interface driver hub
[    0.157870] usbcore: registered new device driver usb
[    0.168852] cfg80211: Calling CRDA to update world regulatory domain
[    0.171297] Switched to clocksource arch_sys_counter
[    0.190766] NET: Registered protocol family 2
[    0.207174] TCP established hash table entries: 2048 (order: 1, 8192 bytes)
[    0.207470] TCP bind hash table entries: 2048 (order: 1, 8192 bytes)
[    0.207827] TCP: Hash tables configured (established 2048 bind 2048)
[    0.208624] UDP hash table entries: 256 (order: 0, 4096 bytes)
[    0.209033] UDP-Lite hash table entries: 256 (order: 0, 4096 bytes)
[    0.210968] NET: Registered protocol family 1
[    0.211627] PCI: CLS 0 bytes, default 64
[    0.218953] NetWinder Floating Point Emulator V0.97 (extended precision)
[    0.222036] futex hash table entries: 256 (order: -1, 3072 bytes)
[    0.228713] squashfs: version 4.0 (2009/01/31) Phillip Lougher
[    0.229812] jffs2: version 2.2. (NAND) © 2001-2006 Red Hat, Inc.
[    0.230646] romfs: ROMFS MTD (C) 2007 Red Hat, Inc.
[    0.240165] Block layer SCSI generic (bsg) driver version 0.4 loaded (major 253)
[    0.240713] io scheduler noop registered
[    0.241340] io scheduler cfq registered (default)
[    0.242411] firmadyne: devfs: 1, execute: 1, procfs: 1, syscall: 1
[    0.243890] ------------[ cut here ]------------
[    0.244094] WARNING: CPU: 0 PID: 1 at /home/vagrant/firmadyne-kernel/kernel-v4.1/fs/sysfs/dir.c:31 sysfs_warn_dup+0x50/0x6c()
[    0.244324] sysfs: cannot create duplicate filename '/class/gpio'
[    0.244492] Modules linked in:
[    0.244820] CPU: 0 PID: 1 Comm: swapper Not tainted 4.1.17+ #1
[    0.244958] Hardware name: Generic DT based system
[    0.245699] [<c001c99c>] (unwind_backtrace) from [<c0019d30>] (show_stack+0x10/0x14)
[    0.245974] [<c0019d30>] (show_stack) from [<c0024ab4>] (warn_slowpath_common+0x80/0xa8)
[    0.246173] [<c0024ab4>] (warn_slowpath_common) from [<c0024b08>] (warn_slowpath_fmt+0x2c/0x3c)
[    0.246414] [<c0024b08>] (warn_slowpath_fmt) from [<c00e363c>] (sysfs_warn_dup+0x50/0x6c)
[    0.246609] [<c00e363c>] (sysfs_warn_dup) from [<c00e3714>] (sysfs_create_dir_ns+0x74/0x84)
[    0.246791] [<c00e3714>] (sysfs_create_dir_ns) from [<c018e6ac>] (kobject_add_internal+0xb8/0x2ac)
[    0.246979] [<c018e6ac>] (kobject_add_internal) from [<c018e9a8>] (kset_register+0x1c/0x44)
[    0.247157] [<c018e9a8>] (kset_register) from [<c02090b4>] (__class_register+0xa8/0x198)
[    0.247333] [<c02090b4>] (__class_register) from [<c02091e4>] (__class_create+0x40/0x70)
[    0.247522] [<c02091e4>] (__class_create) from [<c01adf68>] (register_devfs_stubs+0x314/0xbb4)
[    0.247710] [<c01adf68>] (register_devfs_stubs) from [<c05d9b08>] (init_module+0x28/0xa4)
[    0.247916] [<c05d9b08>] (init_module) from [<c0009670>] (do_one_initcall+0x104/0x1b4)
[    0.248087] [<c0009670>] (do_one_initcall) from [<c05c7d08>] (kernel_init_freeable+0xf0/0x1b0)
[    0.248270] [<c05c7d08>] (kernel_init_freeable) from [<c040f28c>] (kernel_init+0x8/0xe4)
[    0.248437] [<c040f28c>] (kernel_init) from [<c0016da8>] (ret_from_fork+0x14/0x2c)
[    0.248748] ---[ end trace 9b1e0d5a120b5dda ]---
[    0.248951] ------------[ cut here ]------------
[    0.249073] WARNING: CPU: 0 PID: 1 at /home/vagrant/firmadyne-kernel/kernel-v4.1/lib/kobject.c:240 kobject_add_internal+0x240/0x2ac()
[    0.249296] kobject_add_internal failed for gpio with -EEXIST, don't try to register things with the same name in the same directory.
[    0.249527] Modules linked in:
[    0.249673] CPU: 0 PID: 1 Comm: swapper Tainted: G        W       4.1.17+ #1
[    0.249810] Hardware name: Generic DT based system
[    0.249931] [<c001c99c>] (unwind_backtrace) from [<c0019d30>] (show_stack+0x10/0x14)
[    0.250097] [<c0019d30>] (show_stack) from [<c0024ab4>] (warn_slowpath_common+0x80/0xa8)
[    0.250269] [<c0024ab4>] (warn_slowpath_common) from [<c0024b08>] (warn_slowpath_fmt+0x2c/0x3c)
[    0.250451] [<c0024b08>] (warn_slowpath_fmt) from [<c018e834>] (kobject_add_internal+0x240/0x2ac)
[    0.250663] [<c018e834>] (kobject_add_internal) from [<c018e9a8>] (kset_register+0x1c/0x44)
[    0.250837] [<c018e9a8>] (kset_register) from [<c02090b4>] (__class_register+0xa8/0x198)
[    0.251028] [<c02090b4>] (__class_register) from [<c02091e4>] (__class_create+0x40/0x70)
[    0.251347] [<c02091e4>] (__class_create) from [<c01adf68>] (register_devfs_stubs+0x314/0xbb4)
[    0.251549] [<c01adf68>] (register_devfs_stubs) from [<c05d9b08>] (init_module+0x28/0xa4)
[    0.251725] [<c05d9b08>] (init_module) from [<c0009670>] (do_one_initcall+0x104/0x1b4)
[    0.251893] [<c0009670>] (do_one_initcall) from [<c05c7d08>] (kernel_init_freeable+0xf0/0x1b0)
[    0.252070] [<c05c7d08>] (kernel_init_freeable) from [<c040f28c>] (kernel_init+0x8/0xe4)
[    0.252236] [<c040f28c>] (kernel_init) from [<c0016da8>] (ret_from_fork+0x14/0x2c)
[    0.252409] ---[ end trace 9b1e0d5a120b5ddb ]---
[    0.252588] firmadyne: Cannot create device class: gpio!
[    0.254379] firmadyne: Cannot register character device: watchdog, 0xa, 0x82!
[    0.254613] firmadyne: Cannot register character device: wdt, 0xfd, 0x0!
[    0.344007] PCI host bridge /pcie@10000000 ranges:
[    0.344594]    IO 0x3eff0000..0x3effffff -> 0x00000000
[    0.344954]   MEM 0x10000000..0x3efeffff -> 0x10000000
[    0.345102]   MEM 0x8000000000..0xffffffffff -> 0x8000000000
[    0.345787] pci-host-generic 3f000000.pcie: resource collision: [mem 0x00000000-0xffffffff] conflicts with /pl011@9000000 [mem 0x09000000-0x09000fff]
[    0.346503] pci-host-generic: probe of 3f000000.pcie failed with error -16
[    0.359453] Non-volatile memory driver v1.3
[    0.405293] brd: module loaded
[    0.418757] loop: module loaded
[    0.442006]  vda: vda1
[    0.455285] 0.flash: Found 2 x16 devices at 0x0 in 32-bit bank. Manufacturer ID 0x000000 Chip ID 0x000000
[    0.455958] Intel/Sharp Extended Query Table at 0x0031
[    0.457115] Using buffer write method
[    0.457563] erase region 0: offset=0x0,size=0x40000,blocks=256
[    0.465987] 0.flash: Found 2 x16 devices at 0x0 in 32-bit bank. Manufacturer ID 0x000000 Chip ID 0x000000
[    0.466256] Intel/Sharp Extended Query Table at 0x0031
[    0.467036] Using buffer write method
[    0.467159] erase region 0: offset=0x0,size=0x40000,blocks=256
[    0.467376] Concatenating MTD devices:
[    0.467485] (0): "0.flash"
[    0.467575] (1): "0.flash"
[    0.467644] into device "0.flash"
[    0.482065] [nandsim] warning: read_byte: unexpected data output cycle, state is STATE_READY return 0x0
[    0.482310] [nandsim] warning: read_byte: unexpected data output cycle, state is STATE_READY return 0x0
[    0.482496] [nandsim] warning: read_byte: unexpected data output cycle, state is STATE_READY return 0x0
[    0.482683] [nandsim] warning: read_byte: unexpected data output cycle, state is STATE_READY return 0x0
[    0.482856] [nandsim] warning: read_byte: unexpected data output cycle, state is STATE_READY return 0x0
[    0.483028] [nandsim] warning: read_byte: unexpected data output cycle, state is STATE_READY return 0x0
[    0.483458] nand: device found, Manufacturer ID: 0x98, Chip ID: 0x39
[    0.483622] nand: Toshiba NAND 128MiB 1,8V 8-bit
[    0.483747] nand: 128 MiB, SLC, erase size: 16 KiB, page size: 512, OOB size: 16
[    0.484676] flash size: 128 MiB
[    0.484777] page size: 512 bytes
[    0.484853] OOB area size: 16 bytes
[    0.484932] sector size: 16 KiB
[    0.485022] pages number: 262144
[    0.485096] pages per sector: 32
[    0.485168] bus width: 8
[    0.485229] bits in sector size: 14
[    0.485305] bits in page size: 9
[    0.485381] bits in OOB size: 4
[    0.485481] flash size with OOB: 135168 KiB
[    0.485591] page address bytes: 4
[    0.485667] sector address bytes: 3
[    0.485745] options: 0x42
[    0.500346] Scanning device for bad blocks
[    0.619406] firmadyne: do_execve: /firmadyne/console
[    0.619651] OFFSETS: offset of pid: 0x190 offset of comm: 0x270
[    0.620119] Creating 11 MTD partitions on "NAND 128MiB 1,8V 8-bit":
[    0.620551] 0x000000000000-0x000000100000 : "NAND simulator partition 0"
[    0.622973] 0x000000100000-0x000000200000 : "NAND simulator partition 1"
[    0.624395] 0x000000200000-0x000000300000 : "NAND simulator partition 2"
[    0.625829] 0x000000300000-0x000000400000 : "NAND simulator partition 3"
[    0.627268] 0x000000400000-0x000000500000 : "NAND simulator partition 4"
[    0.628691] 0x000000500000-0x000000600000 : "NAND simulator partition 5"
[    0.630121] 0x000000600000-0x000000700000 : "NAND simulator partition 6"
[    0.632740] 0x000000700000-0x000000800000 : "NAND simulator partition 7"
[    0.634638] 0x000000800000-0x000000900000 : "NAND simulator partition 8"
[    0.636032] 0x000000900000-0x000000a00000 : "NAND simulator partition 9"
[    0.637454] 0x000000a00000-0x000008000000 : "NAND simulator partition 10"
[    0.643338] tun: Universal TUN/TAP device driver, 1.6
[    0.643498] tun: (C) 1999-2004 Max Krasnyansky <maxk@qualcomm.com>
[    0.687611] PPP generic driver version 2.4.2
[    0.688413] PPP BSD Compression module registered
[    0.688619] PPP Deflate Compression module registered
[    0.688861] PPP MPPE Compression module registered
[    0.689009] NET: Registered protocol family 24
[    0.689344] PPTP driver version 0.8.5
[    0.702039] usbcore: registered new interface driver usb-storage
[    0.705629] rtc-pl031 9010000.pl031: rtc core: registered pl031 as rtc0
[    0.706427] hidraw: raw HID events driver (C) Jiri Kosina
[    0.707300] usbcore: registered new interface driver usbhid
[    0.707535] usbhid: USB HID core driver
[    0.708286] Netfilter messages via NETLINK v0.30.
[    0.709173] nf_conntrack version 0.5.0 (3958 buckets, 15832 max)
[    0.710686] ctnetlink v0.93: registering with nfnetlink.
[    0.712324] ipip: IPv4 over IPv4 tunneling driver
[    0.714610] gre: GRE over IPv4 demultiplexor driver
[    0.714774] ip_gre: GRE over IPv4 tunneling driver
[    0.719531] ip_tables: (C) 2000-2006 Netfilter Core Team
[    0.721475] arp_tables: (C) 2002 David S. Miller
[    0.722586] Initializing XFRM netlink socket
[    0.723122] NET: Registered protocol family 10
[    0.731892] ip6_tables: (C) 2000-2006 Netfilter Core Team
[    0.733737] sit: IPv6 over IPv4 tunneling driver
[    0.737708] NET: Registered protocol family 17
[    0.738390] bridge: automatic filtering via arp/ip/ip6tables has been deprecated. Update your scripts to load br_netfilter if you need this.
[    0.738779] Bridge firewalling registered
[    0.738945] Ebtables v2.0 registered
[    0.740905] 8021q: 802.1Q VLAN Support v1.8
[    0.742000] Registering SWP/SWPB emulation handler
[    0.744937] rtc-pl031 9010000.pl031: setting system clock to 2018-07-19 08:01:10 UTC (1531987270)
[    0.766580] EXT4-fs (vda1): couldn't mount as ext3 due to feature incompatibilities
[    0.768961] EXT4-fs (vda1): mounting ext2 file system using the ext4 subsystem
[    0.781948] EXT4-fs (vda1): mounted filesystem without journal. Opts: (null)
[    0.783089] VFS: Mounted root (ext2 filesystem) on device 254:1.
[    0.801242] Freeing unused kernel memory: 180K (c05c7000 - c05f4000)
[    0.929421] firmadyne: sys_reboot[PID: 54 (init)]: magic1:fee1dead, magic2:28121969, cmd:0
[    0.961707] firmadyne: sys_socket[PID: 1 (init)]: family:1, type:2, protocol:0
[    0.974284] firmadyne: sys_socket[PID: 55 (init)]: family:1, type:2, protocol:0
[    1.277196] firmadyne: sys_socket[PID: 64 (telnetd)]: family:2, type:1, protocol:0
[    1.279995] firmadyne: sys_setsockopt[PID: 64 (telnetd)]: fd:3, level:1, optname:2
[    1.280813] firmadyne: inet_bind[PID: 64 (telnetd)]: proto:SOCK_STREAM, port:23
Using /lib/modules/mvKernelExt.ko
insmod: kernel-module version mismatch
	/lib/modules/mvKernelExt.ko was compiled for kernel version 
	while this kernel is version 4.1.17+.
Using /lib/modules/mvPpDrv.ko
insmod: kernel-module version mismatch
	/lib/modules/mvPpDrv.ko was compiled for kernel version 
	while this kernel is version 4.1.17+.
Fri May 23 14:32:00 UTC 2008
[    1.580694] firmadyne: sys_socket[PID: 72 (ifconfig)]: family:2, type:2, protocol:0
[    1.584977] firmadyne: __inet_insert_ifa[PID: 72 (ifconfig)]: device:lo ifa:0x0100007f
[    1.588587] firmadyne: __inet_insert_ifa[PID: 72 (ifconfig)]: device:lo ifa:0x0100007f




Linux MARVELL_LINUX 4.1.17+ #1 Thu Feb 18 01:05:21 UTC 2016


Welcome to Embedded Linux
           _  _
          | ||_|
          | | _ ____  _   _  _  _ 
          | || |  _ \| | | |\ \/ /
          | || | | | | |_| |/    \
          |_||_|_| |_|\____|\_/\_/

          On Marvell's ARM board

For further information on the Marvell products check:
http://www.marvell.com/

toochain=gnueabi

Enjoy!



BusyBox v1.01 (2008.10.02-12:33+0000) Built-in shell (ash)
Enter 'help' for a list of built-in commands.

/ # [    3.322309] cfg80211: Calling CRDA to update world regulatory domain
[    6.471792] cfg80211: Calling CRDA to update world regulatory domain
[    9.622214] cfg80211: Calling CRDA to update world regulatory domain
[   12.772411] cfg80211: Calling CRDA to update world regulatory domain
[   15.921505] cfg80211: Calling CRDA to update world regulatory domain
[   19.073505] cfg80211: Calling CRDA to update world regulatory domain
[   22.221436] cfg80211: Calling CRDA to update world regulatory domain
[   25.371747] cfg80211: Calling CRDA to update world regulatory domain
[   28.521871] cfg80211: Calling CRDA to update world regulatory domain
[   31.673431] cfg80211: Calling CRDA to update world regulatory domain
[   34.823292] cfg80211: Exceeded CRDA call max attempts. Not calling CRDA
Starting firmware emulation... use Ctrl-a + x to exit
qemu-system-arm: terminating on signal 2 from pid 42960 (timeout)
[    0.000000] Booting Linux on physical CPU 0x0
[    0.000000] Linux version 4.1.17+ (vagrant@vagrant-ubuntu-trusty-64) (gcc version 5.3.0 (GCC) ) #1 Thu Feb 18 01:05:21 UTC 2016
[    0.000000] CPU: ARMv7 Processor [412fc0f1] revision 1 (ARMv7), cr=10c5387d
[    0.000000] CPU: PIPT / VIPT nonaliasing data cache, PIPT instruction cache
[    0.000000] Machine model: linux,dummy-virt
[    0.000000] debug: ignoring loglevel setting.
[    0.000000] Memory policy: Data cache writeback
[    0.000000] On node 0 totalpages: 65536
[    0.000000] free_area_init_node: node 0, pgdat c061dfe8, node_mem_map cfdf9000
[    0.000000]   Normal zone: 512 pages used for memmap
[    0.000000]   Normal zone: 0 pages reserved
[    0.000000]   Normal zone: 65536 pages, LIFO batch:15
[    0.000000] psci: probing for conduit method from DT.
[    0.000000] psci: PSCIv0.2 detected in firmware.
[    0.000000] psci: Using standard PSCI v0.2 function IDs
[    0.000000] CPU: All CPU(s) started in SVC mode.
[    0.000000] pcpu-alloc: s0 r0 d32768 u32768 alloc=1*32768
[    0.000000] pcpu-alloc: [0] 0 
[    0.000000] Built 1 zonelists in Zone order, mobility grouping on.  Total pages: 65024
[    0.000000] Kernel command line: root=/dev/vda1 console=ttyS0 nandsim.parts=64,64,64,64,64,64,64,64,64,64 rdinit=/firmadyne/preInit.sh rw debug ignore_loglevel print-fatal-signals=1 user_debug=31 firmadyne.syscall=0
[    0.000000] PID hash table entries: 1024 (order: 0, 4096 bytes)
[    0.000000] Dentry cache hash table entries: 32768 (order: 5, 131072 bytes)
[    0.000000] Inode-cache hash table entries: 16384 (order: 4, 65536 bytes)
[    0.000000] Memory: 253340K/262144K available (4297K kernel code, 170K rwdata, 1584K rodata, 180K init, 148K bss, 8804K reserved, 0K cma-reserved)
[    0.000000] Virtual kernel memory layout:
[    0.000000]     vector  : 0xffff0000 - 0xffff1000   (   4 kB)
[    0.000000]     fixmap  : 0xffc00000 - 0xfff00000   (3072 kB)
[    0.000000]     vmalloc : 0xd0800000 - 0xff000000   ( 744 MB)
[    0.000000]     lowmem  : 0xc0000000 - 0xd0000000   ( 256 MB)
[    0.000000]     modules : 0xbf000000 - 0xc0000000   (  16 MB)
[    0.000000]       .text : 0xc0008000 - 0xc05c67bc   (5882 kB)
[    0.000000]       .init : 0xc05c7000 - 0xc05f4000   ( 180 kB)
[    0.000000]       .data : 0xc05f4000 - 0xc061e840   ( 171 kB)
[    0.000000]        .bss : 0xc0621000 - 0xc06462d4   ( 149 kB)
[    0.000000] NR_IRQS:16 nr_irqs:16 16
[    0.000000] Architected cp15 timer(s) running at 62.50MHz (virt).
[    0.000000] clocksource arch_sys_counter: mask: 0xffffffffffffff max_cycles: 0x1cd42e208c, max_idle_ns: 881590405314 ns
[    0.000158] sched_clock: 56 bits at 62MHz, resolution 16ns, wraps every 4398046511096ns
[    0.000304] Switching to timer-based delay loop, resolution 16ns
[    0.003413] Console: colour dummy device 80x30
[    0.003740] Calibrating delay loop (skipped), value calculated using timer frequency.. 125.00 BogoMIPS (lpj=625000)
[    0.003872] pid_max: default: 32768 minimum: 301
[    0.004763] Mount-cache hash table entries: 1024 (order: 0, 4096 bytes)
[    0.004804] Mountpoint-cache hash table entries: 1024 (order: 0, 4096 bytes)
[    0.014536] CPU: Testing write buffer coherency: ok
[    0.020915] Setting up static identity map for 0x40008240 - 0x40008298
[    0.035998] VFP support v0.3: implementor 41 architecture 4 part 30 variant f rev 0
[    0.048247] clocksource jiffies: mask: 0xffffffff max_cycles: 0xffffffff, max_idle_ns: 19112604462750000 ns
[    0.057743] NET: Registered protocol family 16
[    0.061008] DMA: preallocated 256 KiB pool for atomic coherent allocations
[    0.065277] cpuidle: using governor ladder
[    0.065437] cpuidle: using governor menu
[    0.086389] Serial: AMBA PL011 UART driver
[    0.088587] 9000000.pl011: ttyS0 at MMIO 0x9000000 (irq = 54, base_baud = 0) is a PL011 rev1
[    0.096480] console [ttyS0] enabled
[    0.119604] vgaarb: loaded
[    0.121174] SCSI subsystem initialized
[    0.122241] usbcore: registered new interface driver usbfs
[    0.122598] usbcore: registered new interface driver hub
[    0.122925] usbcore: registered new device driver usb
[    0.132427] cfg80211: Calling CRDA to update world regulatory domain
[    0.134858] Switched to clocksource arch_sys_counter
[    0.153183] NET: Registered protocol family 2
[    0.158720] TCP established hash table entries: 2048 (order: 1, 8192 bytes)
[    0.159006] TCP bind hash table entries: 2048 (order: 1, 8192 bytes)
[    0.159320] TCP: Hash tables configured (established 2048 bind 2048)
[    0.159866] UDP hash table entries: 256 (order: 0, 4096 bytes)
[    0.160113] UDP-Lite hash table entries: 256 (order: 0, 4096 bytes)
[    0.161564] NET: Registered protocol family 1
[    0.162028] PCI: CLS 0 bytes, default 64
[    0.169482] NetWinder Floating Point Emulator V0.97 (extended precision)
[    0.172201] futex hash table entries: 256 (order: -1, 3072 bytes)
[    0.177912] squashfs: version 4.0 (2009/01/31) Phillip Lougher
[    0.179018] jffs2: version 2.2. (NAND) © 2001-2006 Red Hat, Inc.
[    0.179823] romfs: ROMFS MTD (C) 2007 Red Hat, Inc.
[    0.188932] Block layer SCSI generic (bsg) driver version 0.4 loaded (major 253)
[    0.189289] io scheduler noop registered
[    0.189516] io scheduler cfq registered (default)
[    0.190232] firmadyne: devfs: 1, execute: 1, procfs: 1, syscall: 0
[    0.191599] ------------[ cut here ]------------
[    0.191816] WARNING: CPU: 0 PID: 1 at /home/vagrant/firmadyne-kernel/kernel-v4.1/fs/sysfs/dir.c:31 sysfs_warn_dup+0x50/0x6c()
[    0.192050] sysfs: cannot create duplicate filename '/class/gpio'
[    0.192244] Modules linked in:
[    0.192564] CPU: 0 PID: 1 Comm: swapper Not tainted 4.1.17+ #1
[    0.192713] Hardware name: Generic DT based system
[    0.193400] [<c001c99c>] (unwind_backtrace) from [<c0019d30>] (show_stack+0x10/0x14)
[    0.193677] [<c0019d30>] (show_stack) from [<c0024ab4>] (warn_slowpath_common+0x80/0xa8)
[    0.193875] [<c0024ab4>] (warn_slowpath_common) from [<c0024b08>] (warn_slowpath_fmt+0x2c/0x3c)
[    0.194107] [<c0024b08>] (warn_slowpath_fmt) from [<c00e363c>] (sysfs_warn_dup+0x50/0x6c)
[    0.194321] [<c00e363c>] (sysfs_warn_dup) from [<c00e3714>] (sysfs_create_dir_ns+0x74/0x84)
[    0.194498] [<c00e3714>] (sysfs_create_dir_ns) from [<c018e6ac>] (kobject_add_internal+0xb8/0x2ac)
[    0.194883] [<c018e6ac>] (kobject_add_internal) from [<c018e9a8>] (kset_register+0x1c/0x44)
[    0.195071] [<c018e9a8>] (kset_register) from [<c02090b4>] (__class_register+0xa8/0x198)
[    0.195242] [<c02090b4>] (__class_register) from [<c02091e4>] (__class_create+0x40/0x70)
[    0.195429] [<c02091e4>] (__class_create) from [<c01adf68>] (register_devfs_stubs+0x314/0xbb4)
[    0.195602] [<c01adf68>] (register_devfs_stubs) from [<c05d9b08>] (init_module+0x28/0xa4)
[    0.195828] [<c05d9b08>] (init_module) from [<c0009670>] (do_one_initcall+0x104/0x1b4)
[    0.195998] [<c0009670>] (do_one_initcall) from [<c05c7d08>] (kernel_init_freeable+0xf0/0x1b0)
[    0.196177] [<c05c7d08>] (kernel_init_freeable) from [<c040f28c>] (kernel_init+0x8/0xe4)
[    0.196341] [<c040f28c>] (kernel_init) from [<c0016da8>] (ret_from_fork+0x14/0x2c)
[    0.196605] ---[ end trace f51d76765beec04f ]---
[    0.196816] ------------[ cut here ]------------
[    0.196927] WARNING: CPU: 0 PID: 1 at /home/vagrant/firmadyne-kernel/kernel-v4.1/lib/kobject.c:240 kobject_add_internal+0x240/0x2ac()
[    0.197159] kobject_add_internal failed for gpio with -EEXIST, don't try to register things with the same name in the same directory.
[    0.197361] Modules linked in:
[    0.197496] CPU: 0 PID: 1 Comm: swapper Tainted: G        W       4.1.17+ #1
[    0.197643] Hardware name: Generic DT based system
[    0.197761] [<c001c99c>] (unwind_backtrace) from [<c0019d30>] (show_stack+0x10/0x14)
[    0.197923] [<c0019d30>] (show_stack) from [<c0024ab4>] (warn_slowpath_common+0x80/0xa8)
[    0.198125] [<c0024ab4>] (warn_slowpath_common) from [<c0024b08>] (warn_slowpath_fmt+0x2c/0x3c)
[    0.198333] [<c0024b08>] (warn_slowpath_fmt) from [<c018e834>] (kobject_add_internal+0x240/0x2ac)
[    0.198525] [<c018e834>] (kobject_add_internal) from [<c018e9a8>] (kset_register+0x1c/0x44)
[    0.198695] [<c018e9a8>] (kset_register) from [<c02090b4>] (__class_register+0xa8/0x198)
[    0.198862] [<c02090b4>] (__class_register) from [<c02091e4>] (__class_create+0x40/0x70)
[    0.199028] [<c02091e4>] (__class_create) from [<c01adf68>] (register_devfs_stubs+0x314/0xbb4)
[    0.199205] [<c01adf68>] (register_devfs_stubs) from [<c05d9b08>] (init_module+0x28/0xa4)
[    0.199379] [<c05d9b08>] (init_module) from [<c0009670>] (do_one_initcall+0x104/0x1b4)
[    0.199544] [<c0009670>] (do_one_initcall) from [<c05c7d08>] (kernel_init_freeable+0xf0/0x1b0)
[    0.199717] [<c05c7d08>] (kernel_init_freeable) from [<c040f28c>] (kernel_init+0x8/0xe4)
[    0.199879] [<c040f28c>] (kernel_init) from [<c0016da8>] (ret_from_fork+0x14/0x2c)
[    0.200046] ---[ end trace f51d76765beec050 ]---
[    0.200223] firmadyne: Cannot create device class: gpio!
[    0.201953] firmadyne: Cannot register character device: watchdog, 0xa, 0x82!
[    0.202128] firmadyne: Cannot register character device: wdt, 0xfd, 0x0!
[    0.285581] PCI host bridge /pcie@10000000 ranges:
[    0.286161]    IO 0x3eff0000..0x3effffff -> 0x00000000
[    0.286554]   MEM 0x10000000..0x3efeffff -> 0x10000000
[    0.286697]   MEM 0x8000000000..0xffffffffff -> 0x8000000000
[    0.287354] pci-host-generic 3f000000.pcie: resource collision: [mem 0x00000000-0xffffffff] conflicts with /pl011@9000000 [mem 0x09000000-0x09000fff]
[    0.288054] pci-host-generic: probe of 3f000000.pcie failed with error -16
[    0.299559] Non-volatile memory driver v1.3
[    0.322727] brd: module loaded
[    0.333015] loop: module loaded
[    0.345634]  vda: vda1
[    0.357640] 0.flash: Found 2 x16 devices at 0x0 in 32-bit bank. Manufacturer ID 0x000000 Chip ID 0x000000
[    0.358305] Intel/Sharp Extended Query Table at 0x0031
[    0.359439] Using buffer write method
[    0.359855] erase region 0: offset=0x0,size=0x40000,blocks=256
[    0.367240] 0.flash: Found 2 x16 devices at 0x0 in 32-bit bank. Manufacturer ID 0x000000 Chip ID 0x000000
[    0.367502] Intel/Sharp Extended Query Table at 0x0031
[    0.368291] Using buffer write method
[    0.368410] erase region 0: offset=0x0,size=0x40000,blocks=256
[    0.368631] Concatenating MTD devices:
[    0.368761] (0): "0.flash"
[    0.368836] (1): "0.flash"
[    0.368902] into device "0.flash"
[    0.381696] [nandsim] warning: read_byte: unexpected data output cycle, state is STATE_READY return 0x0
[    0.381946] [nandsim] warning: read_byte: unexpected data output cycle, state is STATE_READY return 0x0
[    0.382123] [nandsim] warning: read_byte: unexpected data output cycle, state is STATE_READY return 0x0
[    0.382301] [nandsim] warning: read_byte: unexpected data output cycle, state is STATE_READY return 0x0
[    0.382470] [nandsim] warning: read_byte: unexpected data output cycle, state is STATE_READY return 0x0
[    0.382657] [nandsim] warning: read_byte: unexpected data output cycle, state is STATE_READY return 0x0
[    0.383092] nand: device found, Manufacturer ID: 0x98, Chip ID: 0x39
[    0.383240] nand: Toshiba NAND 128MiB 1,8V 8-bit
[    0.383361] nand: 128 MiB, SLC, erase size: 16 KiB, page size: 512, OOB size: 16
[    0.384288] flash size: 128 MiB
[    0.384374] page size: 512 bytes
[    0.384448] OOB area size: 16 bytes
[    0.384547] sector size: 16 KiB
[    0.385225] pages number: 262144
[    0.385305] pages per sector: 32
[    0.385378] bus width: 8
[    0.385438] bits in sector size: 14
[    0.385515] bits in page size: 9
[    0.385590] bits in OOB size: 4
[    0.385695] flash size with OOB: 135168 KiB
[    0.385786] page address bytes: 4
[    0.385858] sector address bytes: 3
[    0.385935] options: 0x42
[    0.390124] Scanning device for bad blocks
[    0.502376] firmadyne: do_execve: /firmadyne/console
[    0.502617] OFFSETS: offset of pid: 0x190 offset of comm: 0x270
[    0.503116] Creating 11 MTD partitions on "NAND 128MiB 1,8V 8-bit":
[    0.503512] 0x000000000000-0x000000100000 : "NAND simulator partition 0"
[    0.505899] 0x000000100000-0x000000200000 : "NAND simulator partition 1"
[    0.507314] 0x000000200000-0x000000300000 : "NAND simulator partition 2"
[    0.508721] 0x000000300000-0x000000400000 : "NAND simulator partition 3"
[    0.510172] 0x000000400000-0x000000500000 : "NAND simulator partition 4"
[    0.511579] 0x000000500000-0x000000600000 : "NAND simulator partition 5"
[    0.512983] 0x000000600000-0x000000700000 : "NAND simulator partition 6"
[    0.514767] 0x000000700000-0x000000800000 : "NAND simulator partition 7"
[    0.516128] 0x000000800000-0x000000900000 : "NAND simulator partition 8"
[    0.517483] 0x000000900000-0x000000a00000 : "NAND simulator partition 9"
[    0.518879] 0x000000a00000-0x000008000000 : "NAND simulator partition 10"
[    0.524755] tun: Universal TUN/TAP device driver, 1.6
[    0.524904] tun: (C) 1999-2004 Max Krasnyansky <maxk@qualcomm.com>
[    0.536610] PPP generic driver version 2.4.2
[    0.537365] PPP BSD Compression module registered
[    0.537546] PPP Deflate Compression module registered
[    0.537777] PPP MPPE Compression module registered
[    0.537909] NET: Registered protocol family 24
[    0.538222] PPTP driver version 0.8.5
[    0.539870] usbcore: registered new interface driver usb-storage
[    0.543291] rtc-pl031 9010000.pl031: rtc core: registered pl031 as rtc0
[    0.544043] hidraw: raw HID events driver (C) Jiri Kosina
[    0.544754] usbcore: registered new interface driver usbhid
[    0.544892] usbhid: USB HID core driver
[    0.545353] Netfilter messages via NETLINK v0.30.
[    0.546004] nf_conntrack version 0.5.0 (3958 buckets, 15832 max)
[    0.547460] ctnetlink v0.93: registering with nfnetlink.
[    0.548911] ipip: IPv4 over IPv4 tunneling driver
[    0.551160] gre: GRE over IPv4 demultiplexor driver
[    0.551319] ip_gre: GRE over IPv4 tunneling driver
[    0.556182] ip_tables: (C) 2000-2006 Netfilter Core Team
[    0.557939] arp_tables: (C) 2002 David S. Miller
[    0.559096] Initializing XFRM netlink socket
[    0.559598] NET: Registered protocol family 10
[    0.566968] ip6_tables: (C) 2000-2006 Netfilter Core Team
[    0.568772] sit: IPv6 over IPv4 tunneling driver
[    0.572606] NET: Registered protocol family 17
[    0.573286] bridge: automatic filtering via arp/ip/ip6tables has been deprecated. Update your scripts to load br_netfilter if you need this.
[    0.573655] Bridge firewalling registered
[    0.573802] Ebtables v2.0 registered
[    0.575233] 8021q: 802.1Q VLAN Support v1.8
[    0.575879] Registering SWP/SWPB emulation handler
[    0.578679] rtc-pl031 9010000.pl031: setting system clock to 2018-07-19 08:02:12 UTC (1531987332)
[    0.589310] EXT4-fs (vda1): couldn't mount as ext3 due to feature incompatibilities
[    0.591108] EXT4-fs (vda1): mounting ext2 file system using the ext4 subsystem
[    0.600228] EXT4-fs (vda1): warning: mounting unchecked fs, running e2fsck is recommended
[    0.603130] EXT4-fs (vda1): mounted filesystem without journal. Opts: (null)
[    0.604237] VFS: Mounted root (ext2 filesystem) on device 254:1.
[    0.622831] Freeing unused kernel memory: 180K (c05c7000 - c05f4000)
[    0.732518] firmadyne: sys_reboot[PID: 54 (init)]: magic1:fee1dead, magic2:28121969, cmd:0
Using /lib/modules/mvKernelExt.ko
insmod: kernel-module version mismatch
	/lib/modules/mvKernelExt.ko was compiled for kernel version 
	while this kernel is version 4.1.17+.
Using /lib/modules/mvPpDrv.ko
insmod: kernel-module version mismatch
	/lib/modules/mvPpDrv.ko was compiled for kernel version 
	while this kernel is version 4.1.17+.
Fri May 23 14:32:00 UTC 2008




Linux MARVELL_LINUX 4.1.17+ #1 Thu Feb 18 01:05:21 UTC 2016


Welcome to Embedded Linux
           _  _
          | ||_|
          | | _ ____  _   _  _  _ 
          | || |  _ \| | | |\ \/ /
          | || | | | | |_| |/    \
          |_||_|_| |_|\____|\_/\_/

          On Marvell's ARM board

For further information on the Marvell products check:
http://www.marvell.com/

toochain=gnueabi

Enjoy!



BusyBox v1.01 (2008.10.02-12:33+0000) Built-in shell (ash)
Enter 'help' for a list of built-in commands.

/ # [    3.287598] cfg80211: Calling CRDA to update world regulatory domain
[    6.435204] cfg80211: Calling CRDA to update world regulatory domain
[    9.586034] cfg80211: Calling CRDA to update world regulatory domain
[   12.736169] cfg80211: Calling CRDA to update world regulatory domain
[   15.888250] cfg80211: Calling CRDA to update world regulatory domain
[   19.037342] cfg80211: Calling CRDA to update world regulatory domain
[   22.186310] cfg80211: Calling CRDA to update world regulatory domain
[   25.335194] cfg80211: Calling CRDA to update world regulatory domain
[   28.485326] cfg80211: Calling CRDA to update world regulatory domain
[   31.637832] cfg80211: Calling CRDA to update world regulatory domain
[   34.786751] cfg80211: Exceeded CRDA call max attempts. Not calling CRDA
