>> Database Image ID: 93

/home/zhumengfan/firmware/firmwares/d0ef346a1aa394c404ec3413793c975284d01f0c.ZIP
>> MD5: d7202debea237e03d9b8e02bf20be9c2
>> Tag: 93
>> Temp: /tmp/tmpHgpsu6
>> Status: Kernel: True, Rootfs: False, Do_Kernel: False,                 Do_Rootfs: True
>>>> Zip archive data, at least v2.0 to extract, compressed size: 6384945, uncompressed size: 6414288, name: dgs121010p_fw_202A005.hex
>> Recursing into archive ...
	
/tmp/tmpHgpsu6/_d0ef346a1aa394c404ec3413793c975284d01f0c.ZIP.extracted/dgs121010p_fw_202A005.hex
	>> MD5: 970e99fa4397c48c836f437fdd47ade0
	>> Tag: 93
	>> Temp: /tmp/tmpLECORe
	>> Status: Kernel: True, Rootfs: False, Do_Kernel: False,                 Do_Rootfs: True
	>>>> Squashfs filesystem, little endian, version 3.1, size: 5232385 bytes, 218 inodes, blocksize: 131072 bytes, created: 2012-05-02 10:24:16
	>>>> Found Linux filesystem in /tmp/tmpLECORe/_dgs121010p_fw_202A005.hex.extracted/squashfs-root!
	>> Skipping: completed!
	>> Cleaning up /tmp/tmpLECORe...
>> Skipping: completed!
>> Cleaning up /tmp/tmpHgpsu6...
./bin/busybox: armel
Querying database for architecture... armel
----Running----
----Copying Filesystem Tarball----
----Creating QEMU Image----
Formatting '/home/zhumengfan/firmadyne//scratch//93//image.raw', fmt=raw size=1073741824
----Creating Partition Table----

Welcome to fdisk (util-linux 2.27.1).
Changes will remain in memory only, until you decide to write them.
Be careful before using the write command.

Device does not contain a recognized partition table.
Created a new DOS disklabel with disk identifier 0x02b0597f.

Command (m for help): Created a new DOS disklabel with disk identifier 0xe18c72ff.

Command (m for help): Partition type
   p   primary (0 primary, 0 extended, 4 free)
   e   extended (container for logical partitions)
Select (default p): Partition number (1-4, default 1): First sector (2048-2097151, default 2048): Last sector, +sectors or +size{K,M,G,T,P} (2048-2097151, default 2097151): 
Created a new partition 1 of type 'Linux' and of size 1023 MiB.

Command (m for help): The partition table has been altered.
Syncing disks.

----Mounting QEMU Image----
add map loop0p1 (252:0): 0 2095104 linear 7:0 2048
----Creating Filesystem----
mke2fs 1.42.13 (17-May-2015)
Discarding device blocks:   4096/261888             done                            
Creating filesystem with 261888 4k blocks and 65536 inodes
Filesystem UUID: 3871821f-6d70-43d8-9bec-f14c61939304
Superblock backups stored on blocks: 
	32768, 98304, 163840, 229376

Allocating group tables: 0/8   done                            
Writing inode tables: 0/8   done                            
Writing superblocks and filesystem accounting information: 0/8   done

----Making QEMU Image Mountpoint----
----Mounting QEMU Image Partition 1----
----Extracting Filesystem Tarball----
----Creating FIRMADYNE Directories----
----Patching Filesystem (chroot)----
Creating /etc/TZ!
Creating /etc/hosts!
Warning: Recreating device nodes!
Removing /etc/scripts/sys_resetbutton!
----Setting up FIRMADYNE----
----Unmounting QEMU Image----
loop deleted : /dev/loop0
Querying database for architecture... armel
Running firmware 93: terminating after 60 secs...
qemu-system-arm: terminating on signal 2 from pid 110232 (timeout)
Inferring network...
Interfaces: []
Done!
[    0.000000] Booting Linux on physical CPU 0x0
[    0.000000] Linux version 4.1.17+ (vagrant@vagrant-ubuntu-trusty-64) (gcc version 5.3.0 (GCC) ) #1 Thu Feb 18 01:05:21 UTC 2016
[    0.000000] CPU: ARMv7 Processor [412fc0f1] revision 1 (ARMv7), cr=10c5387d
[    0.000000] CPU: PIPT / VIPT nonaliasing data cache, PIPT instruction cache
[    0.000000] Machine model: linux,dummy-virt
[    0.000000] debug: ignoring loglevel setting.
[    0.000000] Memory policy: Data cache writeback
[    0.000000] On node 0 totalpages: 65536
[    0.000000] free_area_init_node: node 0, pgdat c061dfe8, node_mem_map cfdf9000
[    0.000000]   Normal zone: 512 pages used for memmap
[    0.000000]   Normal zone: 0 pages reserved
[    0.000000]   Normal zone: 65536 pages, LIFO batch:15
[    0.000000] psci: probing for conduit method from DT.
[    0.000000] psci: PSCIv0.2 detected in firmware.
[    0.000000] psci: Using standard PSCI v0.2 function IDs
[    0.000000] CPU: All CPU(s) started in SVC mode.
[    0.000000] pcpu-alloc: s0 r0 d32768 u32768 alloc=1*32768
[    0.000000] pcpu-alloc: [0] 0 
[    0.000000] Built 1 zonelists in Zone order, mobility grouping on.  Total pages: 65024
[    0.000000] Kernel command line: firmadyne.syscall=1 root=/dev/vda1 console=ttyS0 nandsim.parts=64,64,64,64,64,64,64,64,64,64 rdinit=/firmadyne/preInit.sh rw debug ignore_loglevel print-fatal-signals=1 user_debug=31
[    0.000000] PID hash table entries: 1024 (order: 0, 4096 bytes)
[    0.000000] Dentry cache hash table entries: 32768 (order: 5, 131072 bytes)
[    0.000000] Inode-cache hash table entries: 16384 (order: 4, 65536 bytes)
[    0.000000] Memory: 253340K/262144K available (4297K kernel code, 170K rwdata, 1584K rodata, 180K init, 148K bss, 8804K reserved, 0K cma-reserved)
[    0.000000] Virtual kernel memory layout:
[    0.000000]     vector  : 0xffff0000 - 0xffff1000   (   4 kB)
[    0.000000]     fixmap  : 0xffc00000 - 0xfff00000   (3072 kB)
[    0.000000]     vmalloc : 0xd0800000 - 0xff000000   ( 744 MB)
[    0.000000]     lowmem  : 0xc0000000 - 0xd0000000   ( 256 MB)
[    0.000000]     modules : 0xbf000000 - 0xc0000000   (  16 MB)
[    0.000000]       .text : 0xc0008000 - 0xc05c67bc   (5882 kB)
[    0.000000]       .init : 0xc05c7000 - 0xc05f4000   ( 180 kB)
[    0.000000]       .data : 0xc05f4000 - 0xc061e840   ( 171 kB)
[    0.000000]        .bss : 0xc0621000 - 0xc06462d4   ( 149 kB)
[    0.000000] NR_IRQS:16 nr_irqs:16 16
[    0.000000] Architected cp15 timer(s) running at 62.50MHz (virt).
[    0.000000] clocksource arch_sys_counter: mask: 0xffffffffffffff max_cycles: 0x1cd42e208c, max_idle_ns: 881590405314 ns
[    0.000163] sched_clock: 56 bits at 62MHz, resolution 16ns, wraps every 4398046511096ns
[    0.000308] Switching to timer-based delay loop, resolution 16ns
[    0.003430] Console: colour dummy device 80x30
[    0.003770] Calibrating delay loop (skipped), value calculated using timer frequency.. 125.00 BogoMIPS (lpj=625000)
[    0.003911] pid_max: default: 32768 minimum: 301
[    0.004817] Mount-cache hash table entries: 1024 (order: 0, 4096 bytes)
[    0.004858] Mountpoint-cache hash table entries: 1024 (order: 0, 4096 bytes)
[    0.014177] CPU: Testing write buffer coherency: ok
[    0.020216] Setting up static identity map for 0x40008240 - 0x40008298
[    0.789805] VFP support v0.3: implementor 41 architecture 4 part 30 variant f rev 0
[    0.801763] clocksource jiffies: mask: 0xffffffff max_cycles: 0xffffffff, max_idle_ns: 19112604462750000 ns
[    0.810953] NET: Registered protocol family 16
[    0.814117] DMA: preallocated 256 KiB pool for atomic coherent allocations
[    0.818322] cpuidle: using governor ladder
[    0.818486] cpuidle: using governor menu
[    1.030007] Serial: AMBA PL011 UART driver
[    1.032488] 9000000.pl011: ttyS0 at MMIO 0x9000000 (irq = 54, base_baud = 0) is a PL011 rev1
[    1.040082] console [ttyS0] enabled
[    1.062944] vgaarb: loaded
[    1.064459] SCSI subsystem initialized
[    1.065583] usbcore: registered new interface driver usbfs
[    1.065952] usbcore: registered new interface driver hub
[    1.066283] usbcore: registered new device driver usb
[    1.075400] cfg80211: Calling CRDA to update world regulatory domain
[    1.077671] Switched to clocksource arch_sys_counter
[    1.239470] NET: Registered protocol family 2
[    1.244584] TCP established hash table entries: 2048 (order: 1, 8192 bytes)
[    1.244855] TCP bind hash table entries: 2048 (order: 1, 8192 bytes)
[    1.245176] TCP: Hash tables configured (established 2048 bind 2048)
[    1.245763] UDP hash table entries: 256 (order: 0, 4096 bytes)
[    1.246026] UDP-Lite hash table entries: 256 (order: 0, 4096 bytes)
[    1.247624] NET: Registered protocol family 1
[    1.248093] PCI: CLS 0 bytes, default 64
[    1.255267] NetWinder Floating Point Emulator V0.97 (extended precision)
[    1.258108] futex hash table entries: 256 (order: -1, 3072 bytes)
[    1.263494] squashfs: version 4.0 (2009/01/31) Phillip Lougher
[    1.264518] jffs2: version 2.2. (NAND) © 2001-2006 Red Hat, Inc.
[    1.265333] romfs: ROMFS MTD (C) 2007 Red Hat, Inc.
[    1.274265] Block layer SCSI generic (bsg) driver version 0.4 loaded (major 253)
[    1.274594] io scheduler noop registered
[    1.274830] io scheduler cfq registered (default)
[    1.275510] firmadyne: devfs: 1, execute: 1, procfs: 1, syscall: 1
[    1.276837] ------------[ cut here ]------------
[    1.277044] WARNING: CPU: 0 PID: 1 at /home/vagrant/firmadyne-kernel/kernel-v4.1/fs/sysfs/dir.c:31 sysfs_warn_dup+0x50/0x6c()
[    1.277288] sysfs: cannot create duplicate filename '/class/gpio'
[    1.277582] Modules linked in:
[    1.277914] CPU: 0 PID: 1 Comm: swapper Not tainted 4.1.17+ #1
[    1.278065] Hardware name: Generic DT based system
[    1.278762] [<c001c99c>] (unwind_backtrace) from [<c0019d30>] (show_stack+0x10/0x14)
[    1.279047] [<c0019d30>] (show_stack) from [<c0024ab4>] (warn_slowpath_common+0x80/0xa8)
[    1.279258] [<c0024ab4>] (warn_slowpath_common) from [<c0024b08>] (warn_slowpath_fmt+0x2c/0x3c)
[    1.279507] [<c0024b08>] (warn_slowpath_fmt) from [<c00e363c>] (sysfs_warn_dup+0x50/0x6c)
[    1.279698] [<c00e363c>] (sysfs_warn_dup) from [<c00e3714>] (sysfs_create_dir_ns+0x74/0x84)
[    1.279890] [<c00e3714>] (sysfs_create_dir_ns) from [<c018e6ac>] (kobject_add_internal+0xb8/0x2ac)
[    1.280088] [<c018e6ac>] (kobject_add_internal) from [<c018e9a8>] (kset_register+0x1c/0x44)
[    1.280277] [<c018e9a8>] (kset_register) from [<c02090b4>] (__class_register+0xa8/0x198)
[    1.280461] [<c02090b4>] (__class_register) from [<c02091e4>] (__class_create+0x40/0x70)
[    1.280642] [<c02091e4>] (__class_create) from [<c01adf68>] (register_devfs_stubs+0x314/0xbb4)
[    1.280833] [<c01adf68>] (register_devfs_stubs) from [<c05d9b08>] (init_module+0x28/0xa4)
[    1.281049] [<c05d9b08>] (init_module) from [<c0009670>] (do_one_initcall+0x104/0x1b4)
[    1.281234] [<c0009670>] (do_one_initcall) from [<c05c7d08>] (kernel_init_freeable+0xf0/0x1b0)
[    1.281438] [<c05c7d08>] (kernel_init_freeable) from [<c040f28c>] (kernel_init+0x8/0xe4)
[    1.281616] [<c040f28c>] (kernel_init) from [<c0016da8>] (ret_from_fork+0x14/0x2c)
[    1.281877] ---[ end trace a31576d49021afc7 ]---
[    1.282077] ------------[ cut here ]------------
[    1.282198] WARNING: CPU: 0 PID: 1 at /home/vagrant/firmadyne-kernel/kernel-v4.1/lib/kobject.c:240 kobject_add_internal+0x240/0x2ac()
[    1.282430] kobject_add_internal failed for gpio with -EEXIST, don't try to register things with the same name in the same directory.
[    1.282654] Modules linked in:
[    1.282799] CPU: 0 PID: 1 Comm: swapper Tainted: G        W       4.1.17+ #1
[    1.282945] Hardware name: Generic DT based system
[    1.283069] [<c001c99c>] (unwind_backtrace) from [<c0019d30>] (show_stack+0x10/0x14)
[    1.283243] [<c0019d30>] (show_stack) from [<c0024ab4>] (warn_slowpath_common+0x80/0xa8)
[    1.283424] [<c0024ab4>] (warn_slowpath_common) from [<c0024b08>] (warn_slowpath_fmt+0x2c/0x3c)
[    1.283615] [<c0024b08>] (warn_slowpath_fmt) from [<c018e834>] (kobject_add_internal+0x240/0x2ac)
[    1.283818] [<c018e834>] (kobject_add_internal) from [<c018e9a8>] (kset_register+0x1c/0x44)
[    1.284000] [<c018e9a8>] (kset_register) from [<c02090b4>] (__class_register+0xa8/0x198)
[    1.284177] [<c02090b4>] (__class_register) from [<c02091e4>] (__class_create+0x40/0x70)
[    1.284355] [<c02091e4>] (__class_create) from [<c01adf68>] (register_devfs_stubs+0x314/0xbb4)
[    1.284544] [<c01adf68>] (register_devfs_stubs) from [<c05d9b08>] (init_module+0x28/0xa4)
[    1.284722] [<c05d9b08>] (init_module) from [<c0009670>] (do_one_initcall+0x104/0x1b4)
[    1.284898] [<c0009670>] (do_one_initcall) from [<c05c7d08>] (kernel_init_freeable+0xf0/0x1b0)
[    1.285085] [<c05c7d08>] (kernel_init_freeable) from [<c040f28c>] (kernel_init+0x8/0xe4)
[    1.285257] [<c040f28c>] (kernel_init) from [<c0016da8>] (ret_from_fork+0x14/0x2c)
[    1.285434] ---[ end trace a31576d49021afc8 ]---
[    1.285605] firmadyne: Cannot create device class: gpio!
[    1.287310] firmadyne: Cannot register character device: watchdog, 0xa, 0x82!
[    1.287594] firmadyne: Cannot register character device: wdt, 0xfd, 0x0!
[    1.367831] PCI host bridge /pcie@10000000 ranges:
[    1.368394]    IO 0x3eff0000..0x3effffff -> 0x00000000
[    1.368766]   MEM 0x10000000..0x3efeffff -> 0x10000000
[    1.368906]   MEM 0x8000000000..0xffffffffff -> 0x8000000000
[    1.369587] pci-host-generic 3f000000.pcie: resource collision: [mem 0x00000000-0xffffffff] conflicts with /pl011@9000000 [mem 0x09000000-0x09000fff]
[    1.370321] pci-host-generic: probe of 3f000000.pcie failed with error -16
[    1.514899] Non-volatile memory driver v1.3
[    1.554217] brd: module loaded
[    1.564974] loop: module loaded
[    1.619668]  vda: vda1
[    1.632326] 0.flash: Found 2 x16 devices at 0x0 in 32-bit bank. Manufacturer ID 0x000000 Chip ID 0x000000
[    1.633036] Intel/Sharp Extended Query Table at 0x0031
[    1.634265] Using buffer write method
[    1.634696] erase region 0: offset=0x0,size=0x40000,blocks=256
[    1.642424] 0.flash: Found 2 x16 devices at 0x0 in 32-bit bank. Manufacturer ID 0x000000 Chip ID 0x000000
[    1.642719] Intel/Sharp Extended Query Table at 0x0031
[    1.643525] Using buffer write method
[    1.643646] erase region 0: offset=0x0,size=0x40000,blocks=256
[    1.643874] Concatenating MTD devices:
[    1.643991] (0): "0.flash"
[    1.644073] (1): "0.flash"
[    1.644146] into device "0.flash"
[    1.658463] [nandsim] warning: read_byte: unexpected data output cycle, state is STATE_READY return 0x0
[    1.658739] [nandsim] warning: read_byte: unexpected data output cycle, state is STATE_READY return 0x0
[    1.658944] [nandsim] warning: read_byte: unexpected data output cycle, state is STATE_READY return 0x0
[    1.659135] [nandsim] warning: read_byte: unexpected data output cycle, state is STATE_READY return 0x0
[    1.659316] [nandsim] warning: read_byte: unexpected data output cycle, state is STATE_READY return 0x0
[    1.659528] [nandsim] warning: read_byte: unexpected data output cycle, state is STATE_READY return 0x0
[    1.659993] nand: device found, Manufacturer ID: 0x98, Chip ID: 0x39
[    1.660171] nand: Toshiba NAND 128MiB 1,8V 8-bit
[    1.660297] nand: 128 MiB, SLC, erase size: 16 KiB, page size: 512, OOB size: 16
[    1.661289] flash size: 128 MiB
[    1.661433] page size: 512 bytes
[    1.661514] OOB area size: 16 bytes
[    1.661599] sector size: 16 KiB
[    1.661678] pages number: 262144
[    1.661757] pages per sector: 32
[    1.661833] bus width: 8
[    1.661916] bits in sector size: 14
[    1.661995] bits in page size: 9
[    1.662073] bits in OOB size: 4
[    1.662153] flash size with OOB: 135168 KiB
[    1.662260] page address bytes: 4
[    1.662339] sector address bytes: 3
[    1.662422] options: 0x42
[    1.666693] Scanning device for bad blocks
[    1.777055] firmadyne: do_execve: /firmadyne/console
[    1.777303] OFFSETS: offset of pid: 0x190 offset of comm: 0x270
[    1.777997] Creating 11 MTD partitions on "NAND 128MiB 1,8V 8-bit":
[    1.778458] 0x000000000000-0x000000100000 : "NAND simulator partition 0"
[    1.781117] 0x000000100000-0x000000200000 : "NAND simulator partition 1"
[    1.782682] 0x000000200000-0x000000300000 : "NAND simulator partition 2"
[    1.784197] 0x000000300000-0x000000400000 : "NAND simulator partition 3"
[    1.785733] 0x000000400000-0x000000500000 : "NAND simulator partition 4"
[    1.787201] 0x000000500000-0x000000600000 : "NAND simulator partition 5"
[    1.788938] 0x000000600000-0x000000700000 : "NAND simulator partition 6"
[    1.790638] 0x000000700000-0x000000800000 : "NAND simulator partition 7"
[    1.792129] 0x000000800000-0x000000900000 : "NAND simulator partition 8"
[    1.793586] 0x000000900000-0x000000a00000 : "NAND simulator partition 9"
[    1.795025] 0x000000a00000-0x000008000000 : "NAND simulator partition 10"
[    1.801103] tun: Universal TUN/TAP device driver, 1.6
[    1.801284] tun: (C) 1999-2004 Max Krasnyansky <maxk@qualcomm.com>
[    1.813519] PPP generic driver version 2.4.2
[    1.814326] PPP BSD Compression module registered
[    1.814516] PPP Deflate Compression module registered
[    1.814770] PPP MPPE Compression module registered
[    1.814936] NET: Registered protocol family 24
[    1.815258] PPTP driver version 0.8.5
[    1.817124] usbcore: registered new interface driver usb-storage
[    1.820822] rtc-pl031 9010000.pl031: rtc core: registered pl031 as rtc0
[    1.821626] hidraw: raw HID events driver (C) Jiri Kosina
[    1.822210] usbcore: registered new interface driver usbhid
[    1.822350] usbhid: USB HID core driver
[    1.822824] Netfilter messages via NETLINK v0.30.
[    1.823560] nf_conntrack version 0.5.0 (3958 buckets, 15832 max)
[    1.825132] ctnetlink v0.93: registering with nfnetlink.
[    1.826594] ipip: IPv4 over IPv4 tunneling driver
[    1.829160] gre: GRE over IPv4 demultiplexor driver
[    1.829333] ip_gre: GRE over IPv4 tunneling driver
[    1.834099] ip_tables: (C) 2000-2006 Netfilter Core Team
[    1.835902] arp_tables: (C) 2002 David S. Miller
[    1.837056] Initializing XFRM netlink socket
[    1.837824] NET: Registered protocol family 10
[    1.845474] ip6_tables: (C) 2000-2006 Netfilter Core Team
[    1.847277] sit: IPv6 over IPv4 tunneling driver
[    1.851603] NET: Registered protocol family 17
[    1.852315] bridge: automatic filtering via arp/ip/ip6tables has been deprecated. Update your scripts to load br_netfilter if you need this.
[    1.852712] Bridge firewalling registered
[    1.852868] Ebtables v2.0 registered
[    1.854187] 8021q: 802.1Q VLAN Support v1.8
[    1.854907] Registering SWP/SWPB emulation handler
[    1.858072] rtc-pl031 9010000.pl031: setting system clock to 2018-07-19 11:36:16 UTC (1532000176)
[    1.868984] EXT4-fs (vda1): couldn't mount as ext3 due to feature incompatibilities
[    1.871325] EXT4-fs (vda1): mounting ext2 file system using the ext4 subsystem
[    1.883916] EXT4-fs (vda1): mounted filesystem without journal. Opts: (null)
[    1.885167] VFS: Mounted root (ext2 filesystem) on device 254:1.
[    1.904047] Freeing unused kernel memory: 180K (c05c7000 - c05f4000)
[    2.013136] firmadyne: sys_reboot[PID: 54 (init)]: magic1:fee1dead, magic2:28121969, cmd:0
[    2.036022] firmadyne: sys_socket[PID: 1 (init)]: family:1, type:2, protocol:0
[    2.047238] firmadyne: sys_socket[PID: 55 (init)]: family:1, type:2, protocol:0
[    2.317482] firmadyne: sys_socket[PID: 64 (telnetd)]: family:2, type:1, protocol:0
[    2.320579] firmadyne: sys_setsockopt[PID: 64 (telnetd)]: fd:3, level:1, optname:2
[    2.321451] firmadyne: inet_bind[PID: 64 (telnetd)]: proto:SOCK_STREAM, port:23
Using /lib/modules/mvKernelExt.ko
insmod: kernel-module version mismatch
	/lib/modules/mvKernelExt.ko was compiled for kernel version 
	while this kernel is version 4.1.17+.
Using /lib/modules/mvPpDrv.ko
insmod: kernel-module version mismatch
	/lib/modules/mvPpDrv.ko was compiled for kernel version 
	while this kernel is version 4.1.17+.
Fri May 23 14:32:00 UTC 2008
[    3.227809] firmadyne: sys_socket[PID: 72 (ifconfig)]: family:2, type:2, protocol:0
[    3.229824] firmadyne: __inet_insert_ifa[PID: 72 (ifconfig)]: device:lo ifa:0x0100007f
[    3.235146] firmadyne: __inet_insert_ifa[PID: 72 (ifconfig)]: device:lo ifa:0x0100007f



[    6.436005] cfg80211: Calling CRDA to update world regulatory domain

Linux MARVELL_LINUX 4.1.17+ #1 Thu Feb 18 01:05:21 UTC 2016


Welcome to Embedded Linux
           _  _
          | ||_|
          | | _ ____  _   _  _  _ 
          | || |  _ \| | | |\ \/ /
          | || | | | | |_| |/    \
          |_||_|_| |_|\____|\_/\_/

          On Marvell's ARM board

For further information on the Marvell products check:
http://www.marvell.com/

toochain=gnueabi

Enjoy!



BusyBox v1.01 (2008.10.02-12:33+0000) Built-in shell (ash)
Enter 'help' for a list of built-in commands.

[   11.928223] cfg80211: Calling CRDA to update world regulatory domain
/ # [   15.079282] cfg80211: Calling CRDA to update world regulatory domain
[   18.228021] cfg80211: Calling CRDA to update world regulatory domain
[   21.378282] cfg80211: Calling CRDA to update world regulatory domain
[   24.530516] cfg80211: Calling CRDA to update world regulatory domain
[   27.678096] cfg80211: Calling CRDA to update world regulatory domain
Starting firmware emulation... use Ctrl-a + x to exit
qemu-system-arm: terminating on signal 2 from pid 110381 (timeout)
[    0.000000] Booting Linux on physical CPU 0x0
[    0.000000] Linux version 4.1.17+ (vagrant@vagrant-ubuntu-trusty-64) (gcc version 5.3.0 (GCC) ) #1 Thu Feb 18 01:05:21 UTC 2016
[    0.000000] CPU: ARMv7 Processor [412fc0f1] revision 1 (ARMv7), cr=10c5387d
[    0.000000] CPU: PIPT / VIPT nonaliasing data cache, PIPT instruction cache
[    0.000000] Machine model: linux,dummy-virt
[    0.000000] debug: ignoring loglevel setting.
[    0.000000] Memory policy: Data cache writeback
[    0.000000] On node 0 totalpages: 65536
[    0.000000] free_area_init_node: node 0, pgdat c061dfe8, node_mem_map cfdf9000
[    0.000000]   Normal zone: 512 pages used for memmap
[    0.000000]   Normal zone: 0 pages reserved
[    0.000000]   Normal zone: 65536 pages, LIFO batch:15
[    0.000000] psci: probing for conduit method from DT.
[    0.000000] psci: PSCIv0.2 detected in firmware.
[    0.000000] psci: Using standard PSCI v0.2 function IDs
[    0.000000] CPU: All CPU(s) started in SVC mode.
[    0.000000] pcpu-alloc: s0 r0 d32768 u32768 alloc=1*32768
[    0.000000] pcpu-alloc: [0] 0 
[    0.000000] Built 1 zonelists in Zone order, mobility grouping on.  Total pages: 65024
[    0.000000] Kernel command line: root=/dev/vda1 console=ttyS0 nandsim.parts=64,64,64,64,64,64,64,64,64,64 rdinit=/firmadyne/preInit.sh rw debug ignore_loglevel print-fatal-signals=1 user_debug=31 firmadyne.syscall=0
[    0.000000] PID hash table entries: 1024 (order: 0, 4096 bytes)
[    0.000000] Dentry cache hash table entries: 32768 (order: 5, 131072 bytes)
[    0.000000] Inode-cache hash table entries: 16384 (order: 4, 65536 bytes)
[    0.000000] Memory: 253340K/262144K available (4297K kernel code, 170K rwdata, 1584K rodata, 180K init, 148K bss, 8804K reserved, 0K cma-reserved)
[    0.000000] Virtual kernel memory layout:
[    0.000000]     vector  : 0xffff0000 - 0xffff1000   (   4 kB)
[    0.000000]     fixmap  : 0xffc00000 - 0xfff00000   (3072 kB)
[    0.000000]     vmalloc : 0xd0800000 - 0xff000000   ( 744 MB)
[    0.000000]     lowmem  : 0xc0000000 - 0xd0000000   ( 256 MB)
[    0.000000]     modules : 0xbf000000 - 0xc0000000   (  16 MB)
[    0.000000]       .text : 0xc0008000 - 0xc05c67bc   (5882 kB)
[    0.000000]       .init : 0xc05c7000 - 0xc05f4000   ( 180 kB)
[    0.000000]       .data : 0xc05f4000 - 0xc061e840   ( 171 kB)
[    0.000000]        .bss : 0xc0621000 - 0xc06462d4   ( 149 kB)
[    0.000000] NR_IRQS:16 nr_irqs:16 16
[    0.000000] Architected cp15 timer(s) running at 62.50MHz (virt).
[    0.000000] clocksource arch_sys_counter: mask: 0xffffffffffffff max_cycles: 0x1cd42e208c, max_idle_ns: 881590405314 ns
[    0.000177] sched_clock: 56 bits at 62MHz, resolution 16ns, wraps every 4398046511096ns
[    0.000325] Switching to timer-based delay loop, resolution 16ns
[    0.003573] Console: colour dummy device 80x30
[    0.003931] Calibrating delay loop (skipped), value calculated using timer frequency.. 125.00 BogoMIPS (lpj=625000)
[    0.004071] pid_max: default: 32768 minimum: 301
[    0.005025] Mount-cache hash table entries: 1024 (order: 0, 4096 bytes)
[    0.005068] Mountpoint-cache hash table entries: 1024 (order: 0, 4096 bytes)
[    0.014699] CPU: Testing write buffer coherency: ok
[    0.021189] Setting up static identity map for 0x40008240 - 0x40008298
[    4.994566] VFP support v0.3: implementor 41 architecture 4 part 30 variant f rev 0
[    5.006707] clocksource jiffies: mask: 0xffffffff max_cycles: 0xffffffff, max_idle_ns: 19112604462750000 ns
[    5.016003] NET: Registered protocol family 16
[    5.019166] DMA: preallocated 256 KiB pool for atomic coherent allocations
[    5.023388] cpuidle: using governor ladder
[    5.023550] cpuidle: using governor menu
[    7.001586] Serial: AMBA PL011 UART driver
[    7.003777] 9000000.pl011: ttyS0 at MMIO 0x9000000 (irq = 54, base_baud = 0) is a PL011 rev1
[    7.011633] console [ttyS0] enabled
[    7.034928] vgaarb: loaded
[    7.036666] SCSI subsystem initialized
[    7.037778] usbcore: registered new interface driver usbfs
[    7.038144] usbcore: registered new interface driver hub
[    7.038490] usbcore: registered new device driver usb
[    7.048071] cfg80211: Calling CRDA to update world regulatory domain
[    7.050474] Switched to clocksource arch_sys_counter
[    7.068897] NET: Registered protocol family 2
[    8.308768] TCP established hash table entries: 2048 (order: 1, 8192 bytes)
[    8.309067] TCP bind hash table entries: 2048 (order: 1, 8192 bytes)
[    8.309384] TCP: Hash tables configured (established 2048 bind 2048)
[    8.309975] UDP hash table entries: 256 (order: 0, 4096 bytes)
[    8.310312] UDP-Lite hash table entries: 256 (order: 0, 4096 bytes)
[    8.311792] NET: Registered protocol family 1
[    8.312263] PCI: CLS 0 bytes, default 64
[    8.319466] NetWinder Floating Point Emulator V0.97 (extended precision)
[    8.322315] futex hash table entries: 256 (order: -1, 3072 bytes)
[    8.327796] squashfs: version 4.0 (2009/01/31) Phillip Lougher
[    8.328818] jffs2: version 2.2. (NAND) © 2001-2006 Red Hat, Inc.
[    8.329617] romfs: ROMFS MTD (C) 2007 Red Hat, Inc.
[    8.338894] Block layer SCSI generic (bsg) driver version 0.4 loaded (major 253)
[    8.339220] io scheduler noop registered
[    8.339460] io scheduler cfq registered (default)
[    8.340133] firmadyne: devfs: 1, execute: 1, procfs: 1, syscall: 0
[    8.341632] ------------[ cut here ]------------
[    8.341836] WARNING: CPU: 0 PID: 1 at /home/vagrant/firmadyne-kernel/kernel-v4.1/fs/sysfs/dir.c:31 sysfs_warn_dup+0x50/0x6c()
[    8.342064] sysfs: cannot create duplicate filename '/class/gpio'
[    8.342222] Modules linked in:
[    8.342535] CPU: 0 PID: 1 Comm: swapper Not tainted 4.1.17+ #1
[    8.342676] Hardware name: Generic DT based system
[    8.343365] [<c001c99c>] (unwind_backtrace) from [<c0019d30>] (show_stack+0x10/0x14)
[    8.343636] [<c0019d30>] (show_stack) from [<c0024ab4>] (warn_slowpath_common+0x80/0xa8)
[    8.343844] [<c0024ab4>] (warn_slowpath_common) from [<c0024b08>] (warn_slowpath_fmt+0x2c/0x3c)
[    8.344077] [<c0024b08>] (warn_slowpath_fmt) from [<c00e363c>] (sysfs_warn_dup+0x50/0x6c)
[    8.344255] [<c00e363c>] (sysfs_warn_dup) from [<c00e3714>] (sysfs_create_dir_ns+0x74/0x84)
[    8.344436] [<c00e3714>] (sysfs_create_dir_ns) from [<c018e6ac>] (kobject_add_internal+0xb8/0x2ac)
[    8.344624] [<c018e6ac>] (kobject_add_internal) from [<c018e9a8>] (kset_register+0x1c/0x44)
[    8.344802] [<c018e9a8>] (kset_register) from [<c02090b4>] (__class_register+0xa8/0x198)
[    8.344978] [<c02090b4>] (__class_register) from [<c02091e4>] (__class_create+0x40/0x70)
[    8.345150] [<c02091e4>] (__class_create) from [<c01adf68>] (register_devfs_stubs+0x314/0xbb4)
[    8.345340] [<c01adf68>] (register_devfs_stubs) from [<c05d9b08>] (init_module+0x28/0xa4)
[    8.345545] [<c05d9b08>] (init_module) from [<c0009670>] (do_one_initcall+0x104/0x1b4)
[    8.345719] [<c0009670>] (do_one_initcall) from [<c05c7d08>] (kernel_init_freeable+0xf0/0x1b0)
[    8.345904] [<c05c7d08>] (kernel_init_freeable) from [<c040f28c>] (kernel_init+0x8/0xe4)
[    8.346072] [<c040f28c>] (kernel_init) from [<c0016da8>] (ret_from_fork+0x14/0x2c)
[    8.346316] ---[ end trace e1f3837326dd744c ]---
[    8.346508] ------------[ cut here ]------------
[    8.346620] WARNING: CPU: 0 PID: 1 at /home/vagrant/firmadyne-kernel/kernel-v4.1/lib/kobject.c:240 kobject_add_internal+0x240/0x2ac()
[    8.346870] kobject_add_internal failed for gpio with -EEXIST, don't try to register things with the same name in the same directory.
[    8.347096] Modules linked in:
[    8.347229] CPU: 0 PID: 1 Comm: swapper Tainted: G        W       4.1.17+ #1
[    8.347382] Hardware name: Generic DT based system
[    8.347499] [<c001c99c>] (unwind_backtrace) from [<c0019d30>] (show_stack+0x10/0x14)
[    8.347692] [<c0019d30>] (show_stack) from [<c0024ab4>] (warn_slowpath_common+0x80/0xa8)
[    8.347863] [<c0024ab4>] (warn_slowpath_common) from [<c0024b08>] (warn_slowpath_fmt+0x2c/0x3c)
[    8.348043] [<c0024b08>] (warn_slowpath_fmt) from [<c018e834>] (kobject_add_internal+0x240/0x2ac)
[    8.348244] [<c018e834>] (kobject_add_internal) from [<c018e9a8>] (kset_register+0x1c/0x44)
[    8.348430] [<c018e9a8>] (kset_register) from [<c02090b4>] (__class_register+0xa8/0x198)
[    8.348598] [<c02090b4>] (__class_register) from [<c02091e4>] (__class_create+0x40/0x70)
[    8.348795] [<c02091e4>] (__class_create) from [<c01adf68>] (register_devfs_stubs+0x314/0xbb4)
[    8.348974] [<c01adf68>] (register_devfs_stubs) from [<c05d9b08>] (init_module+0x28/0xa4)
[    8.349157] [<c05d9b08>] (init_module) from [<c0009670>] (do_one_initcall+0x104/0x1b4)
[    8.349355] [<c0009670>] (do_one_initcall) from [<c05c7d08>] (kernel_init_freeable+0xf0/0x1b0)
[    8.349530] [<c05c7d08>] (kernel_init_freeable) from [<c040f28c>] (kernel_init+0x8/0xe4)
[    8.349724] [<c040f28c>] (kernel_init) from [<c0016da8>] (ret_from_fork+0x14/0x2c)
[    8.349887] ---[ end trace e1f3837326dd744d ]---
[    8.350045] firmadyne: Cannot create device class: gpio!
[    8.351877] firmadyne: Cannot register character device: watchdog, 0xa, 0x82!
[    8.352054] firmadyne: Cannot register character device: wdt, 0xfd, 0x0!
[    8.433422] PCI host bridge /pcie@10000000 ranges:
[    8.433981]    IO 0x3eff0000..0x3effffff -> 0x00000000
[    8.434341]   MEM 0x10000000..0x3efeffff -> 0x10000000
[    8.434488]   MEM 0x8000000000..0xffffffffff -> 0x8000000000
[    8.435157] pci-host-generic 3f000000.pcie: resource collision: [mem 0x00000000-0xffffffff] conflicts with /pl011@9000000 [mem 0x09000000-0x09000fff]
[    8.435856] pci-host-generic: probe of 3f000000.pcie failed with error -16
[    8.447309] Non-volatile memory driver v1.3
