>> Database Image ID: 21

/home/zhumengfan/firmware/firmwares/dfffee1dc3c2e150151289235ca2506355ea55ca.ZIP
>> MD5: 630db00c5cdf31a807d5d3ccffb44733
>> Tag: 21
>> Temp: /tmp/tmprF6bld
>> Status: Kernel: True, Rootfs: False, Do_Kernel: False,                 Do_Rootfs: True
>>>> Zip archive data, at least v2.0 to extract, compressed size: 8524006, uncompressed size: 8559120, name: DGS-1210-10P-B1-3-12-015.hex
>> Recursing into archive ...
	
/tmp/tmprF6bld/_dfffee1dc3c2e150151289235ca2506355ea55ca.ZIP.extracted/DGS-1210-10P-B1-3-12-015.hex
	>> MD5: 2a16090650569dcb167c4527a99357a5
	>> Tag: 21
	>> Temp: /tmp/tmpGJ9tzy
	>> Status: Kernel: True, Rootfs: False, Do_Kernel: False,                 Do_Rootfs: True
	>>>> Squashfs filesystem, little endian, version 3.1, size: 7275431 bytes, 213 inodes, blocksize: 131072 bytes, created: 2014-04-10 08:41:48
	>>>> Found Linux filesystem in /tmp/tmpGJ9tzy/_DGS-1210-10P-B1-3-12-015.hex.extracted/squashfs-root!
	>> Skipping: completed!
	>> Cleaning up /tmp/tmpGJ9tzy...
>> Skipping: completed!
>> Cleaning up /tmp/tmprF6bld...
./bin/busybox: armel
Querying database for architecture... armel
----Running----
----Copying Filesystem Tarball----
----Creating QEMU Image----
Formatting '/home/zhumengfan/firmadyne//scratch//21//image.raw', fmt=raw size=1073741824
----Creating Partition Table----

Welcome to fdisk (util-linux 2.27.1).
Changes will remain in memory only, until you decide to write them.
Be careful before using the write command.

Device does not contain a recognized partition table.
Created a new DOS disklabel with disk identifier 0x3a692733.

Command (m for help): Created a new DOS disklabel with disk identifier 0xaf4ebebb.

Command (m for help): Partition type
   p   primary (0 primary, 0 extended, 4 free)
   e   extended (container for logical partitions)
Select (default p): Partition number (1-4, default 1): First sector (2048-2097151, default 2048): Last sector, +sectors or +size{K,M,G,T,P} (2048-2097151, default 2097151): 
Created a new partition 1 of type 'Linux' and of size 1023 MiB.

Command (m for help): The partition table has been altered.
Syncing disks.

----Mounting QEMU Image----
add map loop0p1 (252:0): 0 2095104 linear 7:0 2048
----Creating Filesystem----
mke2fs 1.42.13 (17-May-2015)
Discarding device blocks:   4096/261888             done                            
Creating filesystem with 261888 4k blocks and 65536 inodes
Filesystem UUID: 56a5c455-1e21-4703-942f-130963600570
Superblock backups stored on blocks: 
	32768, 98304, 163840, 229376

Allocating group tables: 0/8   done                            
Writing inode tables: 0/8   done                            
Writing superblocks and filesystem accounting information: 0/8   done

----Making QEMU Image Mountpoint----
----Mounting QEMU Image Partition 1----
----Extracting Filesystem Tarball----
----Creating FIRMADYNE Directories----
----Patching Filesystem (chroot)----
Creating /etc/TZ!
Creating /etc/hosts!
Warning: Recreating device nodes!
Removing /etc/scripts/sys_resetbutton!
----Setting up FIRMADYNE----
----Unmounting QEMU Image----
loop deleted : /dev/loop0
Querying database for architecture... armel
Running firmware 21: terminating after 60 secs...
qemu-system-arm: terminating on signal 2 from pid 60922 (timeout)
Inferring network...
Interfaces: []
Done!
[    0.000000] Booting Linux on physical CPU 0x0
[    0.000000] Linux version 4.1.17+ (vagrant@vagrant-ubuntu-trusty-64) (gcc version 5.3.0 (GCC) ) #1 Thu Feb 18 01:05:21 UTC 2016
[    0.000000] CPU: ARMv7 Processor [412fc0f1] revision 1 (ARMv7), cr=10c5387d
[    0.000000] CPU: PIPT / VIPT nonaliasing data cache, PIPT instruction cache
[    0.000000] Machine model: linux,dummy-virt
[    0.000000] debug: ignoring loglevel setting.
[    0.000000] Memory policy: Data cache writeback
[    0.000000] On node 0 totalpages: 65536
[    0.000000] free_area_init_node: node 0, pgdat c061dfe8, node_mem_map cfdf9000
[    0.000000]   Normal zone: 512 pages used for memmap
[    0.000000]   Normal zone: 0 pages reserved
[    0.000000]   Normal zone: 65536 pages, LIFO batch:15
[    0.000000] psci: probing for conduit method from DT.
[    0.000000] psci: PSCIv0.2 detected in firmware.
[    0.000000] psci: Using standard PSCI v0.2 function IDs
[    0.000000] CPU: All CPU(s) started in SVC mode.
[    0.000000] pcpu-alloc: s0 r0 d32768 u32768 alloc=1*32768
[    0.000000] pcpu-alloc: [0] 0 
[    0.000000] Built 1 zonelists in Zone order, mobility grouping on.  Total pages: 65024
[    0.000000] Kernel command line: firmadyne.syscall=1 root=/dev/vda1 console=ttyS0 nandsim.parts=64,64,64,64,64,64,64,64,64,64 rdinit=/firmadyne/preInit.sh rw debug ignore_loglevel print-fatal-signals=1 user_debug=31
[    0.000000] PID hash table entries: 1024 (order: 0, 4096 bytes)
[    0.000000] Dentry cache hash table entries: 32768 (order: 5, 131072 bytes)
[    0.000000] Inode-cache hash table entries: 16384 (order: 4, 65536 bytes)
[    0.000000] Memory: 253340K/262144K available (4297K kernel code, 170K rwdata, 1584K rodata, 180K init, 148K bss, 8804K reserved, 0K cma-reserved)
[    0.000000] Virtual kernel memory layout:
[    0.000000]     vector  : 0xffff0000 - 0xffff1000   (   4 kB)
[    0.000000]     fixmap  : 0xffc00000 - 0xfff00000   (3072 kB)
[    0.000000]     vmalloc : 0xd0800000 - 0xff000000   ( 744 MB)
[    0.000000]     lowmem  : 0xc0000000 - 0xd0000000   ( 256 MB)
[    0.000000]     modules : 0xbf000000 - 0xc0000000   (  16 MB)
[    0.000000]       .text : 0xc0008000 - 0xc05c67bc   (5882 kB)
[    0.000000]       .init : 0xc05c7000 - 0xc05f4000   ( 180 kB)
[    0.000000]       .data : 0xc05f4000 - 0xc061e840   ( 171 kB)
[    0.000000]        .bss : 0xc0621000 - 0xc06462d4   ( 149 kB)
[    0.000000] NR_IRQS:16 nr_irqs:16 16
[    0.000000] Architected cp15 timer(s) running at 62.50MHz (virt).
[    0.000000] clocksource arch_sys_counter: mask: 0xffffffffffffff max_cycles: 0x1cd42e208c, max_idle_ns: 881590405314 ns
[    0.000158] sched_clock: 56 bits at 62MHz, resolution 16ns, wraps every 4398046511096ns
[    0.000298] Switching to timer-based delay loop, resolution 16ns
[    0.003416] Console: colour dummy device 80x30
[    0.003747] Calibrating delay loop (skipped), value calculated using timer frequency.. 125.00 BogoMIPS (lpj=625000)
[    0.003884] pid_max: default: 32768 minimum: 301
[    0.004812] Mount-cache hash table entries: 1024 (order: 0, 4096 bytes)
[    0.004850] Mountpoint-cache hash table entries: 1024 (order: 0, 4096 bytes)
[    0.015170] CPU: Testing write buffer coherency: ok
[    0.021577] Setting up static identity map for 0x40008240 - 0x40008298
[    0.052488] VFP support v0.3: implementor 41 architecture 4 part 30 variant f rev 0
[    0.065009] clocksource jiffies: mask: 0xffffffff max_cycles: 0xffffffff, max_idle_ns: 19112604462750000 ns
[    0.074547] NET: Registered protocol family 16
[    0.077796] DMA: preallocated 256 KiB pool for atomic coherent allocations
[    0.149823] cpuidle: using governor ladder
[    0.150031] cpuidle: using governor menu
[    0.171781] Serial: AMBA PL011 UART driver
[    0.174011] 9000000.pl011: ttyS0 at MMIO 0x9000000 (irq = 54, base_baud = 0) is a PL011 rev1
[    0.181810] console [ttyS0] enabled
[    0.204916] vgaarb: loaded
[    0.206467] SCSI subsystem initialized
[    0.207588] usbcore: registered new interface driver usbfs
[    0.207946] usbcore: registered new interface driver hub
[    0.208293] usbcore: registered new device driver usb
[    0.217829] cfg80211: Calling CRDA to update world regulatory domain
[    0.220174] Switched to clocksource arch_sys_counter
[    1.627179] NET: Registered protocol family 2
[    1.632794] TCP established hash table entries: 2048 (order: 1, 8192 bytes)
[    1.633077] TCP bind hash table entries: 2048 (order: 1, 8192 bytes)
[    1.633433] TCP: Hash tables configured (established 2048 bind 2048)
[    1.634011] UDP hash table entries: 256 (order: 0, 4096 bytes)
[    1.634282] UDP-Lite hash table entries: 256 (order: 0, 4096 bytes)
[    1.635746] NET: Registered protocol family 1
[    1.636247] PCI: CLS 0 bytes, default 64
[    1.643813] NetWinder Floating Point Emulator V0.97 (extended precision)
[    1.646663] futex hash table entries: 256 (order: -1, 3072 bytes)
[    1.652518] squashfs: version 4.0 (2009/01/31) Phillip Lougher
[    1.654010] jffs2: version 2.2. (NAND) © 2001-2006 Red Hat, Inc.
[    1.654873] romfs: ROMFS MTD (C) 2007 Red Hat, Inc.
[    1.664043] Block layer SCSI generic (bsg) driver version 0.4 loaded (major 253)
[    1.664420] io scheduler noop registered
[    1.664648] io scheduler cfq registered (default)
[    1.665353] firmadyne: devfs: 1, execute: 1, procfs: 1, syscall: 1
[    1.666727] ------------[ cut here ]------------
[    1.666951] WARNING: CPU: 0 PID: 1 at /home/vagrant/firmadyne-kernel/kernel-v4.1/fs/sysfs/dir.c:31 sysfs_warn_dup+0x50/0x6c()
[    1.667183] sysfs: cannot create duplicate filename '/class/gpio'
[    1.667356] Modules linked in:
[    1.667676] CPU: 0 PID: 1 Comm: swapper Not tainted 4.1.17+ #1
[    1.667831] Hardware name: Generic DT based system
[    1.668523] [<c001c99c>] (unwind_backtrace) from [<c0019d30>] (show_stack+0x10/0x14)
[    1.668811] [<c0019d30>] (show_stack) from [<c0024ab4>] (warn_slowpath_common+0x80/0xa8)
[    1.669013] [<c0024ab4>] (warn_slowpath_common) from [<c0024b08>] (warn_slowpath_fmt+0x2c/0x3c)
[    1.669270] [<c0024b08>] (warn_slowpath_fmt) from [<c00e363c>] (sysfs_warn_dup+0x50/0x6c)
[    1.669485] [<c00e363c>] (sysfs_warn_dup) from [<c00e3714>] (sysfs_create_dir_ns+0x74/0x84)
[    1.669670] [<c00e3714>] (sysfs_create_dir_ns) from [<c018e6ac>] (kobject_add_internal+0xb8/0x2ac)
[    1.669860] [<c018e6ac>] (kobject_add_internal) from [<c018e9a8>] (kset_register+0x1c/0x44)
[    1.670234] [<c018e9a8>] (kset_register) from [<c02090b4>] (__class_register+0xa8/0x198)
[    1.670420] [<c02090b4>] (__class_register) from [<c02091e4>] (__class_create+0x40/0x70)
[    1.670608] [<c02091e4>] (__class_create) from [<c01adf68>] (register_devfs_stubs+0x314/0xbb4)
[    1.670803] [<c01adf68>] (register_devfs_stubs) from [<c05d9b08>] (init_module+0x28/0xa4)
[    1.671013] [<c05d9b08>] (init_module) from [<c0009670>] (do_one_initcall+0x104/0x1b4)
[    1.671188] [<c0009670>] (do_one_initcall) from [<c05c7d08>] (kernel_init_freeable+0xf0/0x1b0)
[    1.671388] [<c05c7d08>] (kernel_init_freeable) from [<c040f28c>] (kernel_init+0x8/0xe4)
[    1.671551] [<c040f28c>] (kernel_init) from [<c0016da8>] (ret_from_fork+0x14/0x2c)
[    1.671824] ---[ end trace 2b67bb65f0a6904f ]---
[    1.672026] ------------[ cut here ]------------
[    1.672141] WARNING: CPU: 0 PID: 1 at /home/vagrant/firmadyne-kernel/kernel-v4.1/lib/kobject.c:240 kobject_add_internal+0x240/0x2ac()
[    1.672360] kobject_add_internal failed for gpio with -EEXIST, don't try to register things with the same name in the same directory.
[    1.672573] Modules linked in:
[    1.672721] CPU: 0 PID: 1 Comm: swapper Tainted: G        W       4.1.17+ #1
[    1.672859] Hardware name: Generic DT based system
[    1.672979] [<c001c99c>] (unwind_backtrace) from [<c0019d30>] (show_stack+0x10/0x14)
[    1.673146] [<c0019d30>] (show_stack) from [<c0024ab4>] (warn_slowpath_common+0x80/0xa8)
[    1.673319] [<c0024ab4>] (warn_slowpath_common) from [<c0024b08>] (warn_slowpath_fmt+0x2c/0x3c)
[    1.673520] [<c0024b08>] (warn_slowpath_fmt) from [<c018e834>] (kobject_add_internal+0x240/0x2ac)
[    1.673715] [<c018e834>] (kobject_add_internal) from [<c018e9a8>] (kset_register+0x1c/0x44)
[    1.673898] [<c018e9a8>] (kset_register) from [<c02090b4>] (__class_register+0xa8/0x198)
[    1.674068] [<c02090b4>] (__class_register) from [<c02091e4>] (__class_create+0x40/0x70)
[    1.674237] [<c02091e4>] (__class_create) from [<c01adf68>] (register_devfs_stubs+0x314/0xbb4)
[    1.674418] [<c01adf68>] (register_devfs_stubs) from [<c05d9b08>] (init_module+0x28/0xa4)
[    1.674590] [<c05d9b08>] (init_module) from [<c0009670>] (do_one_initcall+0x104/0x1b4)
[    1.674758] [<c0009670>] (do_one_initcall) from [<c05c7d08>] (kernel_init_freeable+0xf0/0x1b0)
[    1.674935] [<c05c7d08>] (kernel_init_freeable) from [<c040f28c>] (kernel_init+0x8/0xe4)
[    1.675101] [<c040f28c>] (kernel_init) from [<c0016da8>] (ret_from_fork+0x14/0x2c)
[    1.675268] ---[ end trace 2b67bb65f0a69050 ]---
[    1.675434] firmadyne: Cannot create device class: gpio!
[    1.677303] firmadyne: Cannot register character device: watchdog, 0xa, 0x82!
[    1.677511] firmadyne: Cannot register character device: wdt, 0xfd, 0x0!
[    1.760849] PCI host bridge /pcie@10000000 ranges:
[    1.821833]    IO 0x3eff0000..0x3effffff -> 0x00000000
[    1.822255]   MEM 0x10000000..0x3efeffff -> 0x10000000
[    1.822391]   MEM 0x8000000000..0xffffffffff -> 0x8000000000
[    1.823096] pci-host-generic 3f000000.pcie: resource collision: [mem 0x00000000-0xffffffff] conflicts with /pl011@9000000 [mem 0x09000000-0x09000fff]
[    1.823816] pci-host-generic: probe of 3f000000.pcie failed with error -16
[    1.835889] Non-volatile memory driver v1.3
[    2.063929] brd: module loaded
[    2.074412] loop: module loaded
[    2.153612]  vda: vda1
[    2.166103] 0.flash: Found 2 x16 devices at 0x0 in 32-bit bank. Manufacturer ID 0x000000 Chip ID 0x000000
[    2.166765] Intel/Sharp Extended Query Table at 0x0031
[    2.167995] Using buffer write method
[    2.168443] erase region 0: offset=0x0,size=0x40000,blocks=256
[    2.176142] 0.flash: Found 2 x16 devices at 0x0 in 32-bit bank. Manufacturer ID 0x000000 Chip ID 0x000000
[    2.176437] Intel/Sharp Extended Query Table at 0x0031
[    2.177282] Using buffer write method
[    2.177421] erase region 0: offset=0x0,size=0x40000,blocks=256
[    2.177640] Concatenating MTD devices:
[    2.177748] (0): "0.flash"
[    2.177824] (1): "0.flash"
[    2.177896] into device "0.flash"
[    2.191498] [nandsim] warning: read_byte: unexpected data output cycle, state is STATE_READY return 0x0
[    2.191746] [nandsim] warning: read_byte: unexpected data output cycle, state is STATE_READY return 0x0
[    2.191925] [nandsim] warning: read_byte: unexpected data output cycle, state is STATE_READY return 0x0
[    2.192098] [nandsim] warning: read_byte: unexpected data output cycle, state is STATE_READY return 0x0
[    2.192269] [nandsim] warning: read_byte: unexpected data output cycle, state is STATE_READY return 0x0
[    2.192440] [nandsim] warning: read_byte: unexpected data output cycle, state is STATE_READY return 0x0
[    2.192892] nand: device found, Manufacturer ID: 0x98, Chip ID: 0x39
[    2.193040] nand: Toshiba NAND 128MiB 1,8V 8-bit
[    2.193181] nand: 128 MiB, SLC, erase size: 16 KiB, page size: 512, OOB size: 16
[    2.262075] flash size: 128 MiB
[    2.262202] page size: 512 bytes
[    2.262316] OOB area size: 16 bytes
[    2.262399] sector size: 16 KiB
[    2.262474] pages number: 262144
[    2.262548] pages per sector: 32
[    2.262621] bus width: 8
[    2.262683] bits in sector size: 14
[    2.262760] bits in page size: 9
[    2.262837] bits in OOB size: 4
[    2.262914] flash size with OOB: 135168 KiB
[    2.263004] page address bytes: 4
[    2.263081] sector address bytes: 3
[    2.263163] options: 0x42
[    2.757215] Scanning device for bad blocks
[    2.875280] firmadyne: do_execve: /firmadyne/console
[    2.875509] OFFSETS: offset of pid: 0x190 offset of comm: 0x270
[    2.876011] Creating 11 MTD partitions on "NAND 128MiB 1,8V 8-bit":
[    2.876433] 0x000000000000-0x000000100000 : "NAND simulator partition 0"
[    2.878748] 0x000000100000-0x000000200000 : "NAND simulator partition 1"
[    2.880406] 0x000000200000-0x000000300000 : "NAND simulator partition 2"
[    2.881897] 0x000000300000-0x000000400000 : "NAND simulator partition 3"
[    2.883413] 0x000000400000-0x000000500000 : "NAND simulator partition 4"
[    2.884828] 0x000000500000-0x000000600000 : "NAND simulator partition 5"
[    2.886293] 0x000000600000-0x000000700000 : "NAND simulator partition 6"
[    2.887983] 0x000000700000-0x000000800000 : "NAND simulator partition 7"
[    2.889427] 0x000000800000-0x000000900000 : "NAND simulator partition 8"
[    2.891085] 0x000000900000-0x000000a00000 : "NAND simulator partition 9"
[    2.893006] 0x000000a00000-0x000008000000 : "NAND simulator partition 10"
[    2.898912] tun: Universal TUN/TAP device driver, 1.6
[    2.899068] tun: (C) 1999-2004 Max Krasnyansky <maxk@qualcomm.com>
[    3.020051] PPP generic driver version 2.4.2
[    3.020852] PPP BSD Compression module registered
[    3.021061] PPP Deflate Compression module registered
[    3.021319] PPP MPPE Compression module registered
[    3.021501] NET: Registered protocol family 24
[    3.021866] PPTP driver version 0.8.5
[    3.042434] usbcore: registered new interface driver usb-storage
[    3.046137] rtc-pl031 9010000.pl031: rtc core: registered pl031 as rtc0
[    3.046978] hidraw: raw HID events driver (C) Jiri Kosina
[    3.047576] usbcore: registered new interface driver usbhid
[    3.047725] usbhid: USB HID core driver
[    3.048227] Netfilter messages via NETLINK v0.30.
[    3.048938] nf_conntrack version 0.5.0 (3958 buckets, 15832 max)
[    3.051040] ctnetlink v0.93: registering with nfnetlink.
[    3.053319] ipip: IPv4 over IPv4 tunneling driver
[    3.055741] gre: GRE over IPv4 demultiplexor driver
[    3.055950] ip_gre: GRE over IPv4 tunneling driver
[    3.061052] ip_tables: (C) 2000-2006 Netfilter Core Team
[    3.062929] arp_tables: (C) 2002 David S. Miller
[    3.064033] Initializing XFRM netlink socket
[    3.064571] NET: Registered protocol family 10
[    3.072364] ip6_tables: (C) 2000-2006 Netfilter Core Team
[    3.074258] sit: IPv6 over IPv4 tunneling driver
[    3.078481] NET: Registered protocol family 17
[    3.079190] bridge: automatic filtering via arp/ip/ip6tables has been deprecated. Update your scripts to load br_netfilter if you need this.
[    3.079543] Bridge firewalling registered
[    3.079690] Ebtables v2.0 registered
[    3.081161] 8021q: 802.1Q VLAN Support v1.8
[    3.081889] Registering SWP/SWPB emulation handler
[    3.084851] rtc-pl031 9010000.pl031: setting system clock to 2018-07-19 08:31:06 UTC (1531989066)
[    3.577141] EXT4-fs (vda1): couldn't mount as ext3 due to feature incompatibilities
[    3.578246] cfg80211: Calling CRDA to update world regulatory domain
[    3.580035] EXT4-fs (vda1): mounting ext2 file system using the ext4 subsystem
[    3.592022] EXT4-fs (vda1): mounted filesystem without journal. Opts: (null)
[    3.593214] VFS: Mounted root (ext2 filesystem) on device 254:1.
[    3.612172] Freeing unused kernel memory: 180K (c05c7000 - c05f4000)
[    3.848034] firmadyne: sys_reboot[PID: 54 (init)]: magic1:fee1dead, magic2:28121969, cmd:0
[    3.926727] firmadyne: sys_socket[PID: 1 (init)]: family:1, type:2, protocol:0
[    3.939620] firmadyne: sys_socket[PID: 55 (init)]: family:1, type:2, protocol:0
[    4.523684] firmadyne: sys_socket[PID: 64 (telnetd)]: family:2, type:1, protocol:0
[    4.526654] firmadyne: sys_setsockopt[PID: 64 (telnetd)]: fd:3, level:1, optname:2
[    4.527540] firmadyne: inet_bind[PID: 64 (telnetd)]: proto:SOCK_STREAM, port:23
Using /lib/modules/mvKernelExt.ko
insmod: kernel-module version mismatch
	/lib/modules/mvKernelExt.ko was compiled for kernel version 
	while this kernel is version 4.1.17+.
Using /lib/modules/mvPpDrv.ko
insmod: kernel-module version mismatch
	/lib/modules/mvPpDrv.ko was compiled for kernel version 
	while this kernel is version 4.1.17+.
Fri May 23 14:32:00 UTC 2008
[    5.059519] firmadyne: sys_socket[PID: 72 (ifconfig)]: family:2, type:2, protocol:0
[    5.061794] firmadyne: __inet_insert_ifa[PID: 72 (ifconfig)]: device:lo ifa:0x0100007f
[    5.067214] firmadyne: __inet_insert_ifa[PID: 72 (ifconfig)]: device:lo ifa:0x0100007f




Linux MARVELL_LINUX 4.1.17+ #1 Thu Feb 18 01:05:21 UTC 2016


Welcome to Embedded Linux
           _  _
          | ||_|
          | | _ ____  _   _  _  _ 
          | || |  _ \| | | |\ \/ /
          | || | | | | |_| |/    \
          |_||_|_| |_|\____|\_/\_/

          On Marvell's ARM board

For further information on the Marvell products check:
http://www.marvell.com/

toochain=gnueabi

Enjoy!



BusyBox v1.01 (2008.10.02-12:33+0000) Built-in shell (ash)
Enter 'help' for a list of built-in commands.

/ # [    6.721656] cfg80211: Calling CRDA to update world regulatory domain
[    9.871229] cfg80211: Calling CRDA to update world regulatory domain
[   13.021400] cfg80211: Calling CRDA to update world regulatory domain
[   16.170590] cfg80211: Calling CRDA to update world regulatory domain
[   19.322526] cfg80211: Calling CRDA to update world regulatory domain
[   22.471835] cfg80211: Calling CRDA to update world regulatory domain
[   25.620778] cfg80211: Calling CRDA to update world regulatory domain
[   28.770890] cfg80211: Calling CRDA to update world regulatory domain
[   31.923100] cfg80211: Calling CRDA to update world regulatory domain
[   35.072240] cfg80211: Exceeded CRDA call max attempts. Not calling CRDA
Starting firmware emulation... use Ctrl-a + x to exit
qemu-system-arm: terminating on signal 2 from pid 61067 (timeout)
[    0.000000] Booting Linux on physical CPU 0x0
[    0.000000] Linux version 4.1.17+ (vagrant@vagrant-ubuntu-trusty-64) (gcc version 5.3.0 (GCC) ) #1 Thu Feb 18 01:05:21 UTC 2016
[    0.000000] CPU: ARMv7 Processor [412fc0f1] revision 1 (ARMv7), cr=10c5387d
[    0.000000] CPU: PIPT / VIPT nonaliasing data cache, PIPT instruction cache
[    0.000000] Machine model: linux,dummy-virt
[    0.000000] debug: ignoring loglevel setting.
[    0.000000] Memory policy: Data cache writeback
[    0.000000] On node 0 totalpages: 65536
[    0.000000] free_area_init_node: node 0, pgdat c061dfe8, node_mem_map cfdf9000
[    0.000000]   Normal zone: 512 pages used for memmap
[    0.000000]   Normal zone: 0 pages reserved
[    0.000000]   Normal zone: 65536 pages, LIFO batch:15
[    0.000000] psci: probing for conduit method from DT.
[    0.000000] psci: PSCIv0.2 detected in firmware.
[    0.000000] psci: Using standard PSCI v0.2 function IDs
[    0.000000] CPU: All CPU(s) started in SVC mode.
[    0.000000] pcpu-alloc: s0 r0 d32768 u32768 alloc=1*32768
[    0.000000] pcpu-alloc: [0] 0 
[    0.000000] Built 1 zonelists in Zone order, mobility grouping on.  Total pages: 65024
[    0.000000] Kernel command line: root=/dev/vda1 console=ttyS0 nandsim.parts=64,64,64,64,64,64,64,64,64,64 rdinit=/firmadyne/preInit.sh rw debug ignore_loglevel print-fatal-signals=1 user_debug=31 firmadyne.syscall=0
[    0.000000] PID hash table entries: 1024 (order: 0, 4096 bytes)
[    0.000000] Dentry cache hash table entries: 32768 (order: 5, 131072 bytes)
[    0.000000] Inode-cache hash table entries: 16384 (order: 4, 65536 bytes)
[    0.000000] Memory: 253340K/262144K available (4297K kernel code, 170K rwdata, 1584K rodata, 180K init, 148K bss, 8804K reserved, 0K cma-reserved)
[    0.000000] Virtual kernel memory layout:
[    0.000000]     vector  : 0xffff0000 - 0xffff1000   (   4 kB)
[    0.000000]     fixmap  : 0xffc00000 - 0xfff00000   (3072 kB)
[    0.000000]     vmalloc : 0xd0800000 - 0xff000000   ( 744 MB)
[    0.000000]     lowmem  : 0xc0000000 - 0xd0000000   ( 256 MB)
[    0.000000]     modules : 0xbf000000 - 0xc0000000   (  16 MB)
[    0.000000]       .text : 0xc0008000 - 0xc05c67bc   (5882 kB)
[    0.000000]       .init : 0xc05c7000 - 0xc05f4000   ( 180 kB)
[    0.000000]       .data : 0xc05f4000 - 0xc061e840   ( 171 kB)
[    0.000000]        .bss : 0xc0621000 - 0xc06462d4   ( 149 kB)
[    0.000000] NR_IRQS:16 nr_irqs:16 16
[    0.000000] Architected cp15 timer(s) running at 62.50MHz (virt).
[    0.000000] clocksource arch_sys_counter: mask: 0xffffffffffffff max_cycles: 0x1cd42e208c, max_idle_ns: 881590405314 ns
[    0.000158] sched_clock: 56 bits at 62MHz, resolution 16ns, wraps every 4398046511096ns
[    0.000301] Switching to timer-based delay loop, resolution 16ns
[    0.003410] Console: colour dummy device 80x30
[    0.003738] Calibrating delay loop (skipped), value calculated using timer frequency.. 125.00 BogoMIPS (lpj=625000)
[    0.003872] pid_max: default: 32768 minimum: 301
[    0.004761] Mount-cache hash table entries: 1024 (order: 0, 4096 bytes)
[    0.004802] Mountpoint-cache hash table entries: 1024 (order: 0, 4096 bytes)
[    0.014533] CPU: Testing write buffer coherency: ok
[    0.020996] Setting up static identity map for 0x40008240 - 0x40008298
[    0.156909] VFP support v0.3: implementor 41 architecture 4 part 30 variant f rev 0
[    0.169136] clocksource jiffies: mask: 0xffffffff max_cycles: 0xffffffff, max_idle_ns: 19112604462750000 ns
[    0.178509] NET: Registered protocol family 16
[    0.181797] DMA: preallocated 256 KiB pool for atomic coherent allocations
[    0.185915] cpuidle: using governor ladder
[    0.186072] cpuidle: using governor menu
[    0.492008] Serial: AMBA PL011 UART driver
[    0.494224] 9000000.pl011: ttyS0 at MMIO 0x9000000 (irq = 54, base_baud = 0) is a PL011 rev1
[    0.501598] console [ttyS0] enabled
[    0.524279] vgaarb: loaded
[    0.525807] SCSI subsystem initialized
[    0.526865] usbcore: registered new interface driver usbfs
[    0.527247] usbcore: registered new interface driver hub
[    0.527565] usbcore: registered new device driver usb
[    0.536591] cfg80211: Calling CRDA to update world regulatory domain
[    0.538846] Switched to clocksource arch_sys_counter
[    0.827560] NET: Registered protocol family 2
[    0.833076] TCP established hash table entries: 2048 (order: 1, 8192 bytes)
[    0.833331] TCP bind hash table entries: 2048 (order: 1, 8192 bytes)
[    0.833636] TCP: Hash tables configured (established 2048 bind 2048)
[    0.834167] UDP hash table entries: 256 (order: 0, 4096 bytes)
[    0.834414] UDP-Lite hash table entries: 256 (order: 0, 4096 bytes)
[    0.835823] NET: Registered protocol family 1
[    0.836267] PCI: CLS 0 bytes, default 64
[    0.843465] NetWinder Floating Point Emulator V0.97 (extended precision)
[    0.846034] futex hash table entries: 256 (order: -1, 3072 bytes)
[    0.851556] squashfs: version 4.0 (2009/01/31) Phillip Lougher
[    0.852550] jffs2: version 2.2. (NAND) © 2001-2006 Red Hat, Inc.
[    0.853330] romfs: ROMFS MTD (C) 2007 Red Hat, Inc.
[    0.862576] Block layer SCSI generic (bsg) driver version 0.4 loaded (major 253)
[    0.862892] io scheduler noop registered
[    0.863166] io scheduler cfq registered (default)
[    0.863828] firmadyne: devfs: 1, execute: 1, procfs: 1, syscall: 0
[    0.865113] ------------[ cut here ]------------
[    0.865311] WARNING: CPU: 0 PID: 1 at /home/vagrant/firmadyne-kernel/kernel-v4.1/fs/sysfs/dir.c:31 sysfs_warn_dup+0x50/0x6c()
[    0.865538] sysfs: cannot create duplicate filename '/class/gpio'
[    0.865696] Modules linked in:
[    0.865998] CPU: 0 PID: 1 Comm: swapper Not tainted 4.1.17+ #1
[    0.866135] Hardware name: Generic DT based system
[    0.866810] [<c001c99c>] (unwind_backtrace) from [<c0019d30>] (show_stack+0x10/0x14)
[    0.867089] [<c0019d30>] (show_stack) from [<c0024ab4>] (warn_slowpath_common+0x80/0xa8)
[    0.867287] [<c0024ab4>] (warn_slowpath_common) from [<c0024b08>] (warn_slowpath_fmt+0x2c/0x3c)
[    0.867524] [<c0024b08>] (warn_slowpath_fmt) from [<c00e363c>] (sysfs_warn_dup+0x50/0x6c)
[    0.867703] [<c00e363c>] (sysfs_warn_dup) from [<c00e3714>] (sysfs_create_dir_ns+0x74/0x84)
[    0.867883] [<c00e3714>] (sysfs_create_dir_ns) from [<c018e6ac>] (kobject_add_internal+0xb8/0x2ac)
[    0.868071] [<c018e6ac>] (kobject_add_internal) from [<c018e9a8>] (kset_register+0x1c/0x44)
[    0.868249] [<c018e9a8>] (kset_register) from [<c02090b4>] (__class_register+0xa8/0x198)
[    0.868424] [<c02090b4>] (__class_register) from [<c02091e4>] (__class_create+0x40/0x70)
[    0.868714] [<c02091e4>] (__class_create) from [<c01adf68>] (register_devfs_stubs+0x314/0xbb4)
[    0.868904] [<c01adf68>] (register_devfs_stubs) from [<c05d9b08>] (init_module+0x28/0xa4)
[    0.869110] [<c05d9b08>] (init_module) from [<c0009670>] (do_one_initcall+0x104/0x1b4)
[    0.869282] [<c0009670>] (do_one_initcall) from [<c05c7d08>] (kernel_init_freeable+0xf0/0x1b0)
[    0.869466] [<c05c7d08>] (kernel_init_freeable) from [<c040f28c>] (kernel_init+0x8/0xe4)
[    0.869633] [<c040f28c>] (kernel_init) from [<c0016da8>] (ret_from_fork+0x14/0x2c)
[    0.869877] ---[ end trace 3f435dd809ea338a ]---
[    0.870073] ------------[ cut here ]------------
[    0.870185] WARNING: CPU: 0 PID: 1 at /home/vagrant/firmadyne-kernel/kernel-v4.1/lib/kobject.c:240 kobject_add_internal+0x240/0x2ac()
[    0.870401] kobject_add_internal failed for gpio with -EEXIST, don't try to register things with the same name in the same directory.
[    0.870612] Modules linked in:
[    0.870752] CPU: 0 PID: 1 Comm: swapper Tainted: G        W       4.1.17+ #1
[    0.870889] Hardware name: Generic DT based system
[    0.871020] [<c001c99c>] (unwind_backtrace) from [<c0019d30>] (show_stack+0x10/0x14)
[    0.871184] [<c0019d30>] (show_stack) from [<c0024ab4>] (warn_slowpath_common+0x80/0xa8)
[    0.871354] [<c0024ab4>] (warn_slowpath_common) from [<c0024b08>] (warn_slowpath_fmt+0x2c/0x3c)
[    0.871533] [<c0024b08>] (warn_slowpath_fmt) from [<c018e834>] (kobject_add_internal+0x240/0x2ac)
[    0.871723] [<c018e834>] (kobject_add_internal) from [<c018e9a8>] (kset_register+0x1c/0x44)
[    0.871895] [<c018e9a8>] (kset_register) from [<c02090b4>] (__class_register+0xa8/0x198)
[    0.872063] [<c02090b4>] (__class_register) from [<c02091e4>] (__class_create+0x40/0x70)
[    0.872230] [<c02091e4>] (__class_create) from [<c01adf68>] (register_devfs_stubs+0x314/0xbb4)
[    0.872409] [<c01adf68>] (register_devfs_stubs) from [<c05d9b08>] (init_module+0x28/0xa4)
[    0.872579] [<c05d9b08>] (init_module) from [<c0009670>] (do_one_initcall+0x104/0x1b4)
[    0.872744] [<c0009670>] (do_one_initcall) from [<c05c7d08>] (kernel_init_freeable+0xf0/0x1b0)
[    0.872933] [<c05c7d08>] (kernel_init_freeable) from [<c040f28c>] (kernel_init+0x8/0xe4)
[    0.873089] [<c040f28c>] (kernel_init) from [<c0016da8>] (ret_from_fork+0x14/0x2c)
[    0.873246] ---[ end trace 3f435dd809ea338b ]---
[    0.873425] firmadyne: Cannot create device class: gpio!
[    0.875100] firmadyne: Cannot register character device: watchdog, 0xa, 0x82!
[    0.875293] firmadyne: Cannot register character device: wdt, 0xfd, 0x0!
[    0.956324] PCI host bridge /pcie@10000000 ranges:
[    0.956949]    IO 0x3eff0000..0x3effffff -> 0x00000000
[    0.957305]   MEM 0x10000000..0x3efeffff -> 0x10000000
[    0.957435]   MEM 0x8000000000..0xffffffffff -> 0x8000000000
[    0.958105] pci-host-generic 3f000000.pcie: resource collision: [mem 0x00000000-0xffffffff] conflicts with /pl011@9000000 [mem 0x09000000-0x09000fff]
[    1.217890] pci-host-generic: probe of 3f000000.pcie failed with error -16
[    1.229789] Non-volatile memory driver v1.3
[    1.531417] brd: module loaded
[    1.541865] loop: module loaded
[    1.833069]  vda: vda1
[    1.845276] 0.flash: Found 2 x16 devices at 0x0 in 32-bit bank. Manufacturer ID 0x000000 Chip ID 0x000000
[    1.845947] Intel/Sharp Extended Query Table at 0x0031
[    1.847170] Using buffer write method
[    1.847597] erase region 0: offset=0x0,size=0x40000,blocks=256
[    1.855102] 0.flash: Found 2 x16 devices at 0x0 in 32-bit bank. Manufacturer ID 0x000000 Chip ID 0x000000
[    1.855331] Intel/Sharp Extended Query Table at 0x0031
[    1.856071] Using buffer write method
[    1.856200] erase region 0: offset=0x0,size=0x40000,blocks=256
[    1.856403] Concatenating MTD devices:
[    1.856507] (0): "0.flash"
[    1.856583] (1): "0.flash"
[    1.856655] into device "0.flash"
[    1.869671] [nandsim] warning: read_byte: unexpected data output cycle, state is STATE_READY return 0x0
[    1.869892] [nandsim] warning: read_byte: unexpected data output cycle, state is STATE_READY return 0x0
[    1.870069] [nandsim] warning: read_byte: unexpected data output cycle, state is STATE_READY return 0x0
[    1.870259] [nandsim] warning: read_byte: unexpected data output cycle, state is STATE_READY return 0x0
[    1.870469] [nandsim] warning: read_byte: unexpected data output cycle, state is STATE_READY return 0x0
[    1.870643] [nandsim] warning: read_byte: unexpected data output cycle, state is STATE_READY return 0x0
[    1.871078] nand: device found, Manufacturer ID: 0x98, Chip ID: 0x39
[    1.871226] nand: Toshiba NAND 128MiB 1,8V 8-bit
[    1.871348] nand: 128 MiB, SLC, erase size: 16 KiB, page size: 512, OOB size: 16
[    1.872257] flash size: 128 MiB
[    1.872343] page size: 512 bytes
[    1.872421] OOB area size: 16 bytes
[    1.872522] sector size: 16 KiB
[    1.872598] pages number: 262144
[    1.872671] pages per sector: 32
[    1.872763] bus width: 8
[    1.872822] bits in sector size: 14
[    1.872896] bits in page size: 9
[    1.872970] bits in OOB size: 4
[    1.873061] flash size with OOB: 135168 KiB
[    1.873150] page address bytes: 4
[    1.873228] sector address bytes: 3
[    1.873306] options: 0x42
[    2.129791] Scanning device for bad blocks
[    2.509911] firmadyne: do_execve: /firmadyne/console
[    2.510127] OFFSETS: offset of pid: 0x190 offset of comm: 0x270
[    2.510596] Creating 11 MTD partitions on "NAND 128MiB 1,8V 8-bit":
[    2.511021] 0x000000000000-0x000000100000 : "NAND simulator partition 0"
[    2.513215] 0x000000100000-0x000000200000 : "NAND simulator partition 1"
[    2.514598] 0x000000200000-0x000000300000 : "NAND simulator partition 2"
[    2.515976] 0x000000300000-0x000000400000 : "NAND simulator partition 3"
[    2.517377] 0x000000400000-0x000000500000 : "NAND simulator partition 4"
[    2.518857] 0x000000500000-0x000000600000 : "NAND simulator partition 5"
[    2.520274] 0x000000600000-0x000000700000 : "NAND simulator partition 6"
[    2.521847] 0x000000700000-0x000000800000 : "NAND simulator partition 7"
[    2.523196] 0x000000800000-0x000000900000 : "NAND simulator partition 8"
[    2.524545] 0x000000900000-0x000000a00000 : "NAND simulator partition 9"
[    2.525918] 0x000000a00000-0x000008000000 : "NAND simulator partition 10"
[    2.531502] tun: Universal TUN/TAP device driver, 1.6
[    2.531633] tun: (C) 1999-2004 Max Krasnyansky <maxk@qualcomm.com>
[    2.968794] PPP generic driver version 2.4.2
[    2.969559] PPP BSD Compression module registered
[    2.969772] PPP Deflate Compression module registered
[    2.970015] PPP MPPE Compression module registered
[    2.970150] NET: Registered protocol family 24
[    2.970481] PPTP driver version 0.8.5
[    3.107905] usbcore: registered new interface driver usb-storage
[    3.111442] rtc-pl031 9010000.pl031: rtc core: registered pl031 as rtc0
[    3.112196] hidraw: raw HID events driver (C) Jiri Kosina
[    3.112745] usbcore: registered new interface driver usbhid
[    3.112876] usbhid: USB HID core driver
[    3.113338] Netfilter messages via NETLINK v0.30.
[    3.113995] nf_conntrack version 0.5.0 (3958 buckets, 15832 max)
[    3.115508] ctnetlink v0.93: registering with nfnetlink.
[    3.116983] ipip: IPv4 over IPv4 tunneling driver
[    3.119214] gre: GRE over IPv4 demultiplexor driver
[    3.119427] ip_gre: GRE over IPv4 tunneling driver
[    3.123995] ip_tables: (C) 2000-2006 Netfilter Core Team
[    3.125714] arp_tables: (C) 2002 David S. Miller
[    3.126864] Initializing XFRM netlink socket
[    3.127454] NET: Registered protocol family 10
[    3.134609] ip6_tables: (C) 2000-2006 Netfilter Core Team
[    3.136336] sit: IPv6 over IPv4 tunneling driver
[    3.140138] NET: Registered protocol family 17
[    3.140788] bridge: automatic filtering via arp/ip/ip6tables has been deprecated. Update your scripts to load br_netfilter if you need this.
[    3.141130] Bridge firewalling registered
[    3.141275] Ebtables v2.0 registered
[    3.142464] 8021q: 802.1Q VLAN Support v1.8
[    3.143113] Registering SWP/SWPB emulation handler
[    3.145822] rtc-pl031 9010000.pl031: setting system clock to 2018-07-19 08:32:09 UTC (1531989129)
[    3.268374] EXT4-fs (vda1): couldn't mount as ext3 due to feature incompatibilities
[    3.270801] EXT4-fs (vda1): mounting ext2 file system using the ext4 subsystem
[    3.280049] EXT4-fs (vda1): warning: mounting unchecked fs, running e2fsck is recommended
[    3.283015] EXT4-fs (vda1): mounted filesystem without journal. Opts: (null)
[    3.284159] VFS: Mounted root (ext2 filesystem) on device 254:1.
[    3.302742] Freeing unused kernel memory: 180K (c05c7000 - c05f4000)
[    3.884008] cfg80211: Calling CRDA to update world regulatory domain
[    3.919692] firmadyne: sys_reboot[PID: 54 (init)]: magic1:fee1dead, magic2:28121969, cmd:0
Using /lib/modules/mvKernelExt.ko
insmod: kernel-module version mismatch
	/lib/modules/mvKernelExt.ko was compiled for kernel version 
	while this kernel is version 4.1.17+.
Using /lib/modules/mvPpDrv.ko
insmod: kernel-module version mismatch
	/lib/modules/mvPpDrv.ko was compiled for kernel version 
	while this kernel is version 4.1.17+.
Fri May 23 14:32:00 UTC 2008
[    7.107327] cfg80211: Calling CRDA to update world regulatory domain




Linux MARVELL_LINUX 4.1.17+ #1 Thu Feb 18 01:05:21 UTC 2016


Welcome to Embedded Linux
           _  _
          | ||_|
          | | _ ____  _   _  _  _ 
          | || |  _ \| | | |\ \/ /
          | || | | | | |_| |/    \
          |_||_|_| |_|\____|\_/\_/

          On Marvell's ARM board

For further information on the Marvell products check:
http://www.marvell.com/

toochain=gnueabi

Enjoy!



BusyBox v1.01 (2008.10.02-12:33+0000) Built-in shell (ash)
Enter 'help' for a list of built-in commands.

/ # [   10.249500] cfg80211: Calling CRDA to update world regulatory domain
[   13.399803] cfg80211: Calling CRDA to update world regulatory domain
[   16.549070] cfg80211: Calling CRDA to update world regulatory domain
[   19.699250] cfg80211: Calling CRDA to update world regulatory domain
[   22.850205] cfg80211: Calling CRDA to update world regulatory domain
[   25.999522] cfg80211: Calling CRDA to update world regulatory domain
[   29.149291] cfg80211: Calling CRDA to update world regulatory domain
[   32.311744] cfg80211: Calling CRDA to update world regulatory domain
[   35.459565] cfg80211: Exceeded CRDA call max attempts. Not calling CRDA
