>> Database Image ID: 45

/home/zhumengfan/firmware/firmwares/e1ae2272cfb8a6dc655d2b43e99359ad41601313.ZIP
>> MD5: 28b4e6f0fc9de5bd5baab53572f58f03
>> Tag: 45
>> Temp: /tmp/tmpdEqz2w
>> Status: Kernel: True, Rootfs: False, Do_Kernel: False,                 Do_Rootfs: True
>>>> Zip archive data, at least v2.0 to extract, compressed size: 6389295, uncompressed size: 6418320, name: des121028P_fw_202A005.hex
>> Recursing into archive ...
	
/tmp/tmpdEqz2w/_e1ae2272cfb8a6dc655d2b43e99359ad41601313.ZIP.extracted/des121028P_fw_202A005.hex
	>> MD5: 187bae0dbccef7f6aeb10ec0201ed5dc
	>> Tag: 45
	>> Temp: /tmp/tmpzvorsz
	>> Status: Kernel: True, Rootfs: False, Do_Kernel: False,                 Do_Rootfs: True
	>>>> Squashfs filesystem, little endian, version 3.1, size: 5237745 bytes, 219 inodes, blocksize: 131072 bytes, created: 2012-05-02 10:45:11
	>>>> Found Linux filesystem in /tmp/tmpzvorsz/_des121028P_fw_202A005.hex.extracted/squashfs-root!
	>> Skipping: completed!
	>> Cleaning up /tmp/tmpzvorsz...
>> Skipping: completed!
>> Cleaning up /tmp/tmpdEqz2w...
./bin/busybox: armel
Querying database for architecture... armel
----Running----
----Copying Filesystem Tarball----
----Creating QEMU Image----
Formatting '/home/zhumengfan/firmadyne//scratch//45//image.raw', fmt=raw size=1073741824
----Creating Partition Table----

Welcome to fdisk (util-linux 2.27.1).
Changes will remain in memory only, until you decide to write them.
Be careful before using the write command.

Device does not contain a recognized partition table.
Created a new DOS disklabel with disk identifier 0xb2390bc7.

Command (m for help): Created a new DOS disklabel with disk identifier 0x561a49b8.

Command (m for help): Partition type
   p   primary (0 primary, 0 extended, 4 free)
   e   extended (container for logical partitions)
Select (default p): Partition number (1-4, default 1): First sector (2048-2097151, default 2048): Last sector, +sectors or +size{K,M,G,T,P} (2048-2097151, default 2097151): 
Created a new partition 1 of type 'Linux' and of size 1023 MiB.

Command (m for help): The partition table has been altered.
Syncing disks.

----Mounting QEMU Image----
add map loop0p1 (252:0): 0 2095104 linear 7:0 2048
----Creating Filesystem----
mke2fs 1.42.13 (17-May-2015)
Discarding device blocks:   4096/261888             done                            
Creating filesystem with 261888 4k blocks and 65536 inodes
Filesystem UUID: 56ccce9a-5437-4238-87b1-afd174590d7e
Superblock backups stored on blocks: 
	32768, 98304, 163840, 229376

Allocating group tables: 0/8   done                            
Writing inode tables: 0/85/8   done                            
Writing superblocks and filesystem accounting information: 0/8   done

----Making QEMU Image Mountpoint----
----Mounting QEMU Image Partition 1----
----Extracting Filesystem Tarball----
----Creating FIRMADYNE Directories----
----Patching Filesystem (chroot)----
Creating /etc/TZ!
Creating /etc/hosts!
Warning: Recreating device nodes!
Removing /etc/scripts/sys_resetbutton!
----Setting up FIRMADYNE----
----Unmounting QEMU Image----
loop deleted : /dev/loop0
Querying database for architecture... armel
Running firmware 45: terminating after 60 secs...
qemu-system-arm: terminating on signal 2 from pid 83837 (timeout)
Inferring network...
Interfaces: []
Done!
[    0.000000] Booting Linux on physical CPU 0x0
[    0.000000] Linux version 4.1.17+ (vagrant@vagrant-ubuntu-trusty-64) (gcc version 5.3.0 (GCC) ) #1 Thu Feb 18 01:05:21 UTC 2016
[    0.000000] CPU: ARMv7 Processor [412fc0f1] revision 1 (ARMv7), cr=10c5387d
[    0.000000] CPU: PIPT / VIPT nonaliasing data cache, PIPT instruction cache
[    0.000000] Machine model: linux,dummy-virt
[    0.000000] debug: ignoring loglevel setting.
[    0.000000] Memory policy: Data cache writeback
[    0.000000] On node 0 totalpages: 65536
[    0.000000] free_area_init_node: node 0, pgdat c061dfe8, node_mem_map cfdf9000
[    0.000000]   Normal zone: 512 pages used for memmap
[    0.000000]   Normal zone: 0 pages reserved
[    0.000000]   Normal zone: 65536 pages, LIFO batch:15
[    0.000000] psci: probing for conduit method from DT.
[    0.000000] psci: PSCIv0.2 detected in firmware.
[    0.000000] psci: Using standard PSCI v0.2 function IDs
[    0.000000] CPU: All CPU(s) started in SVC mode.
[    0.000000] pcpu-alloc: s0 r0 d32768 u32768 alloc=1*32768
[    0.000000] pcpu-alloc: [0] 0 
[    0.000000] Built 1 zonelists in Zone order, mobility grouping on.  Total pages: 65024
[    0.000000] Kernel command line: firmadyne.syscall=1 root=/dev/vda1 console=ttyS0 nandsim.parts=64,64,64,64,64,64,64,64,64,64 rdinit=/firmadyne/preInit.sh rw debug ignore_loglevel print-fatal-signals=1 user_debug=31
[    0.000000] PID hash table entries: 1024 (order: 0, 4096 bytes)
[    0.000000] Dentry cache hash table entries: 32768 (order: 5, 131072 bytes)
[    0.000000] Inode-cache hash table entries: 16384 (order: 4, 65536 bytes)
[    0.000000] Memory: 253340K/262144K available (4297K kernel code, 170K rwdata, 1584K rodata, 180K init, 148K bss, 8804K reserved, 0K cma-reserved)
[    0.000000] Virtual kernel memory layout:
[    0.000000]     vector  : 0xffff0000 - 0xffff1000   (   4 kB)
[    0.000000]     fixmap  : 0xffc00000 - 0xfff00000   (3072 kB)
[    0.000000]     vmalloc : 0xd0800000 - 0xff000000   ( 744 MB)
[    0.000000]     lowmem  : 0xc0000000 - 0xd0000000   ( 256 MB)
[    0.000000]     modules : 0xbf000000 - 0xc0000000   (  16 MB)
[    0.000000]       .text : 0xc0008000 - 0xc05c67bc   (5882 kB)
[    0.000000]       .init : 0xc05c7000 - 0xc05f4000   ( 180 kB)
[    0.000000]       .data : 0xc05f4000 - 0xc061e840   ( 171 kB)
[    0.000000]        .bss : 0xc0621000 - 0xc06462d4   ( 149 kB)
[    0.000000] NR_IRQS:16 nr_irqs:16 16
[    0.000000] Architected cp15 timer(s) running at 62.50MHz (virt).
[    0.000000] clocksource arch_sys_counter: mask: 0xffffffffffffff max_cycles: 0x1cd42e208c, max_idle_ns: 881590405314 ns
[    0.000192] sched_clock: 56 bits at 62MHz, resolution 16ns, wraps every 4398046511096ns
[    0.000316] Switching to timer-based delay loop, resolution 16ns
[    0.003478] Console: colour dummy device 80x30
[    0.003836] Calibrating delay loop (skipped), value calculated using timer frequency.. 125.00 BogoMIPS (lpj=625000)
[    0.003976] pid_max: default: 32768 minimum: 301
[    0.004940] Mount-cache hash table entries: 1024 (order: 0, 4096 bytes)
[    0.004979] Mountpoint-cache hash table entries: 1024 (order: 0, 4096 bytes)
[    0.014567] CPU: Testing write buffer coherency: ok
[    0.021268] Setting up static identity map for 0x40008240 - 0x40008298
[    1.264309] VFP support v0.3: implementor 41 architecture 4 part 30 variant f rev 0
[    1.277010] clocksource jiffies: mask: 0xffffffff max_cycles: 0xffffffff, max_idle_ns: 19112604462750000 ns
[    1.286983] NET: Registered protocol family 16
[    1.290367] DMA: preallocated 256 KiB pool for atomic coherent allocations
[    1.295308] cpuidle: using governor ladder
[    1.295570] cpuidle: using governor menu
[    1.399112] Serial: AMBA PL011 UART driver
[    1.401366] 9000000.pl011: ttyS0 at MMIO 0x9000000 (irq = 54, base_baud = 0) is a PL011 rev1
[    1.409274] console [ttyS0] enabled
[    1.432222] vgaarb: loaded
[    1.433804] SCSI subsystem initialized
[    1.435020] usbcore: registered new interface driver usbfs
[    1.435383] usbcore: registered new interface driver hub
[    1.435706] usbcore: registered new device driver usb
[    1.445281] cfg80211: Calling CRDA to update world regulatory domain
[    1.447637] Switched to clocksource arch_sys_counter
[    1.465898] NET: Registered protocol family 2
[    1.535969] TCP established hash table entries: 2048 (order: 1, 8192 bytes)
[    1.536286] TCP bind hash table entries: 2048 (order: 1, 8192 bytes)
[    1.536586] TCP: Hash tables configured (established 2048 bind 2048)
[    1.537197] UDP hash table entries: 256 (order: 0, 4096 bytes)
[    1.537580] UDP-Lite hash table entries: 256 (order: 0, 4096 bytes)
[    1.539167] NET: Registered protocol family 1
[    1.539590] PCI: CLS 0 bytes, default 64
[    1.547018] NetWinder Floating Point Emulator V0.97 (extended precision)
[    1.550079] futex hash table entries: 256 (order: -1, 3072 bytes)
[    1.555636] squashfs: version 4.0 (2009/01/31) Phillip Lougher
[    1.556749] jffs2: version 2.2. (NAND) © 2001-2006 Red Hat, Inc.
[    1.557875] romfs: ROMFS MTD (C) 2007 Red Hat, Inc.
[    1.566890] Block layer SCSI generic (bsg) driver version 0.4 loaded (major 253)
[    1.567239] io scheduler noop registered
[    1.567648] io scheduler cfq registered (default)
[    1.568328] firmadyne: devfs: 1, execute: 1, procfs: 1, syscall: 1
[    1.569679] ------------[ cut here ]------------
[    1.569912] WARNING: CPU: 0 PID: 1 at /home/vagrant/firmadyne-kernel/kernel-v4.1/fs/sysfs/dir.c:31 sysfs_warn_dup+0x50/0x6c()
[    1.570138] sysfs: cannot create duplicate filename '/class/gpio'
[    1.570299] Modules linked in:
[    1.570611] CPU: 0 PID: 1 Comm: swapper Not tainted 4.1.17+ #1
[    1.570749] Hardware name: Generic DT based system
[    1.571438] [<c001c99c>] (unwind_backtrace) from [<c0019d30>] (show_stack+0x10/0x14)
[    1.571712] [<c0019d30>] (show_stack) from [<c0024ab4>] (warn_slowpath_common+0x80/0xa8)
[    1.571908] [<c0024ab4>] (warn_slowpath_common) from [<c0024b08>] (warn_slowpath_fmt+0x2c/0x3c)
[    1.572173] [<c0024b08>] (warn_slowpath_fmt) from [<c00e363c>] (sysfs_warn_dup+0x50/0x6c)
[    1.572337] [<c00e363c>] (sysfs_warn_dup) from [<c00e3714>] (sysfs_create_dir_ns+0x74/0x84)
[    1.572522] [<c00e3714>] (sysfs_create_dir_ns) from [<c018e6ac>] (kobject_add_internal+0xb8/0x2ac)
[    1.572730] [<c018e6ac>] (kobject_add_internal) from [<c018e9a8>] (kset_register+0x1c/0x44)
[    1.572908] [<c018e9a8>] (kset_register) from [<c02090b4>] (__class_register+0xa8/0x198)
[    1.573081] [<c02090b4>] (__class_register) from [<c02091e4>] (__class_create+0x40/0x70)
[    1.573305] [<c02091e4>] (__class_create) from [<c01adf68>] (register_devfs_stubs+0x314/0xbb4)
[    1.573473] [<c01adf68>] (register_devfs_stubs) from [<c05d9b08>] (init_module+0x28/0xa4)
[    1.573661] [<c05d9b08>] (init_module) from [<c0009670>] (do_one_initcall+0x104/0x1b4)
[    1.573858] [<c0009670>] (do_one_initcall) from [<c05c7d08>] (kernel_init_freeable+0xf0/0x1b0)
[    1.574042] [<c05c7d08>] (kernel_init_freeable) from [<c040f28c>] (kernel_init+0x8/0xe4)
[    1.574240] [<c040f28c>] (kernel_init) from [<c0016da8>] (ret_from_fork+0x14/0x2c)
[    1.574497] ---[ end trace a4a52ac52dd82922 ]---
[    1.574768] ------------[ cut here ]------------
[    1.574879] WARNING: CPU: 0 PID: 1 at /home/vagrant/firmadyne-kernel/kernel-v4.1/lib/kobject.c:240 kobject_add_internal+0x240/0x2ac()
[    1.575096] kobject_add_internal failed for gpio with -EEXIST, don't try to register things with the same name in the same directory.
[    1.575334] Modules linked in:
[    1.575479] CPU: 0 PID: 1 Comm: swapper Tainted: G        W       4.1.17+ #1
[    1.575597] Hardware name: Generic DT based system
[    1.575699] [<c001c99c>] (unwind_backtrace) from [<c0019d30>] (show_stack+0x10/0x14)
[    1.575905] [<c0019d30>] (show_stack) from [<c0024ab4>] (warn_slowpath_common+0x80/0xa8)
[    1.576075] [<c0024ab4>] (warn_slowpath_common) from [<c0024b08>] (warn_slowpath_fmt+0x2c/0x3c)
[    1.576272] [<c0024b08>] (warn_slowpath_fmt) from [<c018e834>] (kobject_add_internal+0x240/0x2ac)
[    1.576438] [<c018e834>] (kobject_add_internal) from [<c018e9a8>] (kset_register+0x1c/0x44)
[    1.576585] [<c018e9a8>] (kset_register) from [<c02090b4>] (__class_register+0xa8/0x198)
[    1.576771] [<c02090b4>] (__class_register) from [<c02091e4>] (__class_create+0x40/0x70)
[    1.576938] [<c02091e4>] (__class_create) from [<c01adf68>] (register_devfs_stubs+0x314/0xbb4)
[    1.577146] [<c01adf68>] (register_devfs_stubs) from [<c05d9b08>] (init_module+0x28/0xa4)
[    1.577307] [<c05d9b08>] (init_module) from [<c0009670>] (do_one_initcall+0x104/0x1b4)
[    1.577641] [<c0009670>] (do_one_initcall) from [<c05c7d08>] (kernel_init_freeable+0xf0/0x1b0)
[    1.577839] [<c05c7d08>] (kernel_init_freeable) from [<c040f28c>] (kernel_init+0x8/0xe4)
[    1.578002] [<c040f28c>] (kernel_init) from [<c0016da8>] (ret_from_fork+0x14/0x2c)
[    1.578198] ---[ end trace a4a52ac52dd82923 ]---
[    1.578359] firmadyne: Cannot create device class: gpio!
[    1.580193] firmadyne: Cannot register character device: watchdog, 0xa, 0x82!
[    1.580345] firmadyne: Cannot register character device: wdt, 0xfd, 0x0!
[    1.663825] PCI host bridge /pcie@10000000 ranges:
[    1.664413]    IO 0x3eff0000..0x3effffff -> 0x00000000
[    1.664786]   MEM 0x10000000..0x3efeffff -> 0x10000000
[    1.664916]   MEM 0x8000000000..0xffffffffff -> 0x8000000000
[    1.665672] pci-host-generic 3f000000.pcie: resource collision: [mem 0x00000000-0xffffffff] conflicts with /pl011@9000000 [mem 0x09000000-0x09000fff]
[    1.666419] pci-host-generic: probe of 3f000000.pcie failed with error -16
[    1.678314] Non-volatile memory driver v1.3
[    1.853803] brd: module loaded
[    1.864300] loop: module loaded
[    1.958577]  vda: vda1
[    1.970733] 0.flash: Found 2 x16 devices at 0x0 in 32-bit bank. Manufacturer ID 0x000000 Chip ID 0x000000
[    1.971414] Intel/Sharp Extended Query Table at 0x0031
[    1.972592] Using buffer write method
[    1.973054] erase region 0: offset=0x0,size=0x40000,blocks=256
[    1.980792] 0.flash: Found 2 x16 devices at 0x0 in 32-bit bank. Manufacturer ID 0x000000 Chip ID 0x000000
[    1.981046] Intel/Sharp Extended Query Table at 0x0031
[    1.981900] Using buffer write method
[    1.982015] erase region 0: offset=0x0,size=0x40000,blocks=256
[    1.982257] Concatenating MTD devices:
[    1.982373] (0): "0.flash"
[    1.982462] (1): "0.flash"
[    1.982529] into device "0.flash"
[    1.995391] [nandsim] warning: read_byte: unexpected data output cycle, state is STATE_READY return 0x0
[    1.995626] [nandsim] warning: read_byte: unexpected data output cycle, state is STATE_READY return 0x0
[    1.995826] [nandsim] warning: read_byte: unexpected data output cycle, state is STATE_READY return 0x0
[    1.995995] [nandsim] warning: read_byte: unexpected data output cycle, state is STATE_READY return 0x0
[    1.996181] [nandsim] warning: read_byte: unexpected data output cycle, state is STATE_READY return 0x0
[    1.996337] [nandsim] warning: read_byte: unexpected data output cycle, state is STATE_READY return 0x0
[    1.996771] nand: device found, Manufacturer ID: 0x98, Chip ID: 0x39
[    1.996919] nand: Toshiba NAND 128MiB 1,8V 8-bit
[    1.997040] nand: 128 MiB, SLC, erase size: 16 KiB, page size: 512, OOB size: 16
[    1.998623] flash size: 128 MiB
[    1.998729] page size: 512 bytes
[    1.998821] OOB area size: 16 bytes
[    1.998899] sector size: 16 KiB
[    1.998972] pages number: 262144
[    1.999047] pages per sector: 32
[    1.999119] bus width: 8
[    1.999180] bits in sector size: 14
[    1.999255] bits in page size: 9
[    1.999330] bits in OOB size: 4
[    1.999423] flash size with OOB: 135168 KiB
[    1.999507] page address bytes: 4
[    1.999577] sector address bytes: 3
[    1.999651] options: 0x42
[    2.021416] Scanning device for bad blocks
[    2.133313] firmadyne: do_execve: /firmadyne/console
[    2.133549] OFFSETS: offset of pid: 0x190 offset of comm: 0x270
[    2.134033] Creating 11 MTD partitions on "NAND 128MiB 1,8V 8-bit":
[    2.134476] 0x000000000000-0x000000100000 : "NAND simulator partition 0"
[    2.136851] 0x000000100000-0x000000200000 : "NAND simulator partition 1"
[    2.138502] 0x000000200000-0x000000300000 : "NAND simulator partition 2"
[    2.139982] 0x000000300000-0x000000400000 : "NAND simulator partition 3"
[    2.141400] 0x000000400000-0x000000500000 : "NAND simulator partition 4"
[    2.142819] 0x000000500000-0x000000600000 : "NAND simulator partition 5"
[    2.144222] 0x000000600000-0x000000700000 : "NAND simulator partition 6"
[    2.145908] 0x000000700000-0x000000800000 : "NAND simulator partition 7"
[    2.147312] 0x000000800000-0x000000900000 : "NAND simulator partition 8"
[    2.148848] 0x000000900000-0x000000a00000 : "NAND simulator partition 9"
[    2.150248] 0x000000a00000-0x000008000000 : "NAND simulator partition 10"
[    2.156002] tun: Universal TUN/TAP device driver, 1.6
[    2.156183] tun: (C) 1999-2004 Max Krasnyansky <maxk@qualcomm.com>
[    2.865140] PPP generic driver version 2.4.2
[    2.865952] PPP BSD Compression module registered
[    2.866133] PPP Deflate Compression module registered
[    2.866381] PPP MPPE Compression module registered
[    2.866514] NET: Registered protocol family 24
[    2.866859] PPTP driver version 0.8.5
[    3.462817] usbcore: registered new interface driver usb-storage
[    3.466381] rtc-pl031 9010000.pl031: rtc core: registered pl031 as rtc0
[    3.467176] hidraw: raw HID events driver (C) Jiri Kosina
[    3.467889] usbcore: registered new interface driver usbhid
[    3.468025] usbhid: USB HID core driver
[    3.468491] Netfilter messages via NETLINK v0.30.
[    3.469174] nf_conntrack version 0.5.0 (3958 buckets, 15832 max)
[    3.470649] ctnetlink v0.93: registering with nfnetlink.
[    3.472081] ipip: IPv4 over IPv4 tunneling driver
[    3.474325] gre: GRE over IPv4 demultiplexor driver
[    3.474507] ip_gre: GRE over IPv4 tunneling driver
[    3.479549] ip_tables: (C) 2000-2006 Netfilter Core Team
[    3.481426] arp_tables: (C) 2002 David S. Miller
[    3.482573] Initializing XFRM netlink socket
[    3.483140] NET: Registered protocol family 10
[    3.490648] ip6_tables: (C) 2000-2006 Netfilter Core Team
[    3.492449] sit: IPv6 over IPv4 tunneling driver
[    3.496448] NET: Registered protocol family 17
[    3.497153] bridge: automatic filtering via arp/ip/ip6tables has been deprecated. Update your scripts to load br_netfilter if you need this.
[    3.497678] Bridge firewalling registered
[    3.497831] Ebtables v2.0 registered
[    3.499081] 8021q: 802.1Q VLAN Support v1.8
[    3.499738] Registering SWP/SWPB emulation handler
[    3.502645] rtc-pl031 9010000.pl031: setting system clock to 2018-07-19 10:05:08 UTC (1531994708)
[    3.513649] EXT4-fs (vda1): couldn't mount as ext3 due to feature incompatibilities
[    3.906529] EXT4-fs (vda1): mounting ext2 file system using the ext4 subsystem
[    3.917828] EXT4-fs (vda1): mounted filesystem without journal. Opts: (null)
[    3.918981] VFS: Mounted root (ext2 filesystem) on device 254:1.
[    3.937126] Freeing unused kernel memory: 180K (c05c7000 - c05f4000)
[    5.348934] cfg80211: Calling CRDA to update world regulatory domain
[    5.389078] firmadyne: sys_reboot[PID: 54 (init)]: magic1:fee1dead, magic2:28121969, cmd:0
[    5.876929] firmadyne: sys_socket[PID: 1 (init)]: family:1, type:2, protocol:0
[    5.889706] firmadyne: sys_socket[PID: 55 (init)]: family:1, type:2, protocol:0
[    6.930966] firmadyne: sys_socket[PID: 64 (telnetd)]: family:2, type:1, protocol:0
[    6.933784] firmadyne: sys_setsockopt[PID: 64 (telnetd)]: fd:3, level:1, optname:2
[    6.934609] firmadyne: inet_bind[PID: 64 (telnetd)]: proto:SOCK_STREAM, port:23
Using /lib/modules/mvKernelExt.ko
insmod: kernel-module version mismatch
	/lib/modules/mvKernelExt.ko was compiled for kernel version 
	while this kernel is version 4.1.17+.
Using /lib/modules/mvPpDrv.ko
insmod: kernel-module version mismatch
	/lib/modules/mvPpDrv.ko was compiled for kernel version 
	while this kernel is version 4.1.17+.
Fri May 23 14:32:00 UTC 2008
[    7.721507] firmadyne: sys_socket[PID: 72 (ifconfig)]: family:2, type:2, protocol:0
[    7.723460] firmadyne: __inet_insert_ifa[PID: 72 (ifconfig)]: device:lo ifa:0x0100007f
[    7.728968] firmadyne: __inet_insert_ifa[PID: 72 (ifconfig)]: device:lo ifa:0x0100007f
[    8.672012] cfg80211: Calling CRDA to update world regulatory domain




Linux MARVELL_LINUX 4.1.17+ #1 Thu Feb 18 01:05:21 UTC 2016


Welcome to Embedded Linux
           _  _
          | ||_|
          | | _ ____  _   _  _  _ 
          | || |  _ \| | | |\ \/ /
          | || | | | | |_| |/    \
          |_||_|_| |_|\____|\_/\_/

          On Marvell's ARM board

For further information on the Marvell products check:
http://www.marvell.com/

toochain=gnueabi

Enjoy!



BusyBox v1.01 (2008.10.02-12:33+0000) Built-in shell (ash)
Enter 'help' for a list of built-in commands.

/ # [   11.818526] cfg80211: Calling CRDA to update world regulatory domain
[   14.968214] cfg80211: Calling CRDA to update world regulatory domain
[   18.118807] cfg80211: Calling CRDA to update world regulatory domain
[   21.268222] cfg80211: Calling CRDA to update world regulatory domain
[   24.417883] cfg80211: Calling CRDA to update world regulatory domain
[   27.568188] cfg80211: Calling CRDA to update world regulatory domain
[   30.718132] cfg80211: Calling CRDA to update world regulatory domain
[   33.868248] cfg80211: Calling CRDA to update world regulatory domain
[   37.020446] cfg80211: Exceeded CRDA call max attempts. Not calling CRDA
Starting firmware emulation... use Ctrl-a + x to exit
qemu-system-arm: terminating on signal 2 from pid 83998 (timeout)
[    0.000000] Booting Linux on physical CPU 0x0
[    0.000000] Linux version 4.1.17+ (vagrant@vagrant-ubuntu-trusty-64) (gcc version 5.3.0 (GCC) ) #1 Thu Feb 18 01:05:21 UTC 2016
[    0.000000] CPU: ARMv7 Processor [412fc0f1] revision 1 (ARMv7), cr=10c5387d
[    0.000000] CPU: PIPT / VIPT nonaliasing data cache, PIPT instruction cache
[    0.000000] Machine model: linux,dummy-virt
[    0.000000] debug: ignoring loglevel setting.
[    0.000000] Memory policy: Data cache writeback
[    0.000000] On node 0 totalpages: 65536
[    0.000000] free_area_init_node: node 0, pgdat c061dfe8, node_mem_map cfdf9000
[    0.000000]   Normal zone: 512 pages used for memmap
[    0.000000]   Normal zone: 0 pages reserved
[    0.000000]   Normal zone: 65536 pages, LIFO batch:15
[    0.000000] psci: probing for conduit method from DT.
[    0.000000] psci: PSCIv0.2 detected in firmware.
[    0.000000] psci: Using standard PSCI v0.2 function IDs
[    0.000000] CPU: All CPU(s) started in SVC mode.
[    0.000000] pcpu-alloc: s0 r0 d32768 u32768 alloc=1*32768
[    0.000000] pcpu-alloc: [0] 0 
[    0.000000] Built 1 zonelists in Zone order, mobility grouping on.  Total pages: 65024
[    0.000000] Kernel command line: root=/dev/vda1 console=ttyS0 nandsim.parts=64,64,64,64,64,64,64,64,64,64 rdinit=/firmadyne/preInit.sh rw debug ignore_loglevel print-fatal-signals=1 user_debug=31 firmadyne.syscall=0
[    0.000000] PID hash table entries: 1024 (order: 0, 4096 bytes)
[    0.000000] Dentry cache hash table entries: 32768 (order: 5, 131072 bytes)
[    0.000000] Inode-cache hash table entries: 16384 (order: 4, 65536 bytes)
[    0.000000] Memory: 253340K/262144K available (4297K kernel code, 170K rwdata, 1584K rodata, 180K init, 148K bss, 8804K reserved, 0K cma-reserved)
[    0.000000] Virtual kernel memory layout:
[    0.000000]     vector  : 0xffff0000 - 0xffff1000   (   4 kB)
[    0.000000]     fixmap  : 0xffc00000 - 0xfff00000   (3072 kB)
[    0.000000]     vmalloc : 0xd0800000 - 0xff000000   ( 744 MB)
[    0.000000]     lowmem  : 0xc0000000 - 0xd0000000   ( 256 MB)
[    0.000000]     modules : 0xbf000000 - 0xc0000000   (  16 MB)
[    0.000000]       .text : 0xc0008000 - 0xc05c67bc   (5882 kB)
[    0.000000]       .init : 0xc05c7000 - 0xc05f4000   ( 180 kB)
[    0.000000]       .data : 0xc05f4000 - 0xc061e840   ( 171 kB)
[    0.000000]        .bss : 0xc0621000 - 0xc06462d4   ( 149 kB)
[    0.000000] NR_IRQS:16 nr_irqs:16 16
[    0.000000] Architected cp15 timer(s) running at 62.50MHz (virt).
[    0.000000] clocksource arch_sys_counter: mask: 0xffffffffffffff max_cycles: 0x1cd42e208c, max_idle_ns: 881590405314 ns
[    0.000157] sched_clock: 56 bits at 62MHz, resolution 16ns, wraps every 4398046511096ns
[    0.000300] Switching to timer-based delay loop, resolution 16ns
[    0.003422] Console: colour dummy device 80x30
[    0.003760] Calibrating delay loop (skipped), value calculated using timer frequency.. 125.00 BogoMIPS (lpj=625000)
[    0.003893] pid_max: default: 32768 minimum: 301
[    0.004852] Mount-cache hash table entries: 1024 (order: 0, 4096 bytes)
[    0.004894] Mountpoint-cache hash table entries: 1024 (order: 0, 4096 bytes)
[    0.081158] CPU: Testing write buffer coherency: ok
[    0.087607] Setting up static identity map for 0x40008240 - 0x40008298
[    0.102451] VFP support v0.3: implementor 41 architecture 4 part 30 variant f rev 0
[    0.876038] clocksource jiffies: mask: 0xffffffff max_cycles: 0xffffffff, max_idle_ns: 19112604462750000 ns
[    0.885687] NET: Registered protocol family 16
[    0.888972] DMA: preallocated 256 KiB pool for atomic coherent allocations
[    0.893231] cpuidle: using governor ladder
[    0.893394] cpuidle: using governor menu
[    0.915001] Serial: AMBA PL011 UART driver
[    0.917578] 9000000.pl011: ttyS0 at MMIO 0x9000000 (irq = 54, base_baud = 0) is a PL011 rev1
[    0.925403] console [ttyS0] enabled
[    1.080312] vgaarb: loaded
[    1.081907] SCSI subsystem initialized
[    1.083006] usbcore: registered new interface driver usbfs
[    1.083368] usbcore: registered new interface driver hub
[    1.083706] usbcore: registered new device driver usb
[    1.093178] cfg80211: Calling CRDA to update world regulatory domain
[    1.095808] Switched to clocksource arch_sys_counter
[    1.114109] NET: Registered protocol family 2
[    1.119865] TCP established hash table entries: 2048 (order: 1, 8192 bytes)
[    1.120160] TCP bind hash table entries: 2048 (order: 1, 8192 bytes)
[    1.120475] TCP: Hash tables configured (established 2048 bind 2048)
[    1.121033] UDP hash table entries: 256 (order: 0, 4096 bytes)
[    1.121284] UDP-Lite hash table entries: 256 (order: 0, 4096 bytes)
[    1.122743] NET: Registered protocol family 1
[    1.123231] PCI: CLS 0 bytes, default 64
[    1.130872] NetWinder Floating Point Emulator V0.97 (extended precision)
[    1.133757] futex hash table entries: 256 (order: -1, 3072 bytes)
[    1.421206] squashfs: version 4.0 (2009/01/31) Phillip Lougher
[    1.422705] jffs2: version 2.2. (NAND) © 2001-2006 Red Hat, Inc.
[    1.423602] romfs: ROMFS MTD (C) 2007 Red Hat, Inc.
[    1.432768] Block layer SCSI generic (bsg) driver version 0.4 loaded (major 253)
[    1.433147] io scheduler noop registered
[    1.433388] io scheduler cfq registered (default)
[    1.434066] firmadyne: devfs: 1, execute: 1, procfs: 1, syscall: 0
[    1.435409] ------------[ cut here ]------------
[    1.435869] WARNING: CPU: 0 PID: 1 at /home/vagrant/firmadyne-kernel/kernel-v4.1/fs/sysfs/dir.c:31 sysfs_warn_dup+0x50/0x6c()
[    1.436116] sysfs: cannot create duplicate filename '/class/gpio'
[    1.436293] Modules linked in:
[    1.436594] CPU: 0 PID: 1 Comm: swapper Not tainted 4.1.17+ #1
[    1.436773] Hardware name: Generic DT based system
[    1.437479] [<c001c99c>] (unwind_backtrace) from [<c0019d30>] (show_stack+0x10/0x14)
[    1.437742] [<c0019d30>] (show_stack) from [<c0024ab4>] (warn_slowpath_common+0x80/0xa8)
[    1.437976] [<c0024ab4>] (warn_slowpath_common) from [<c0024b08>] (warn_slowpath_fmt+0x2c/0x3c)
[    1.438251] [<c0024b08>] (warn_slowpath_fmt) from [<c00e363c>] (sysfs_warn_dup+0x50/0x6c)
[    1.438424] [<c00e363c>] (sysfs_warn_dup) from [<c00e3714>] (sysfs_create_dir_ns+0x74/0x84)
[    1.438609] [<c00e3714>] (sysfs_create_dir_ns) from [<c018e6ac>] (kobject_add_internal+0xb8/0x2ac)
[    1.438832] [<c018e6ac>] (kobject_add_internal) from [<c018e9a8>] (kset_register+0x1c/0x44)
[    1.439017] [<c018e9a8>] (kset_register) from [<c02090b4>] (__class_register+0xa8/0x198)
[    1.439215] [<c02090b4>] (__class_register) from [<c02091e4>] (__class_create+0x40/0x70)
[    1.439422] [<c02091e4>] (__class_create) from [<c01adf68>] (register_devfs_stubs+0x314/0xbb4)
[    1.439628] [<c01adf68>] (register_devfs_stubs) from [<c05d9b08>] (init_module+0x28/0xa4)
[    1.439906] [<c05d9b08>] (init_module) from [<c0009670>] (do_one_initcall+0x104/0x1b4)
[    1.440085] [<c0009670>] (do_one_initcall) from [<c05c7d08>] (kernel_init_freeable+0xf0/0x1b0)
[    1.440284] [<c05c7d08>] (kernel_init_freeable) from [<c040f28c>] (kernel_init+0x8/0xe4)
[    1.440463] [<c040f28c>] (kernel_init) from [<c0016da8>] (ret_from_fork+0x14/0x2c)
[    1.440757] ---[ end trace 5d137c5eae3033a8 ]---
[    1.440958] ------------[ cut here ]------------
[    1.441075] WARNING: CPU: 0 PID: 1 at /home/vagrant/firmadyne-kernel/kernel-v4.1/lib/kobject.c:240 kobject_add_internal+0x240/0x2ac()
[    1.441331] kobject_add_internal failed for gpio with -EEXIST, don't try to register things with the same name in the same directory.
[    1.441553] Modules linked in:
[    1.441702] CPU: 0 PID: 1 Comm: swapper Tainted: G        W       4.1.17+ #1
[    1.441888] Hardware name: Generic DT based system
[    1.442010] [<c001c99c>] (unwind_backtrace) from [<c0019d30>] (show_stack+0x10/0x14)
[    1.442213] [<c0019d30>] (show_stack) from [<c0024ab4>] (warn_slowpath_common+0x80/0xa8)
[    1.442371] [<c0024ab4>] (warn_slowpath_common) from [<c0024b08>] (warn_slowpath_fmt+0x2c/0x3c)
[    1.442561] [<c0024b08>] (warn_slowpath_fmt) from [<c018e834>] (kobject_add_internal+0x240/0x2ac)
[    1.442776] [<c018e834>] (kobject_add_internal) from [<c018e9a8>] (kset_register+0x1c/0x44)
[    1.442986] [<c018e9a8>] (kset_register) from [<c02090b4>] (__class_register+0xa8/0x198)
[    1.443160] [<c02090b4>] (__class_register) from [<c02091e4>] (__class_create+0x40/0x70)
[    1.443374] [<c02091e4>] (__class_create) from [<c01adf68>] (register_devfs_stubs+0x314/0xbb4)
[    1.443589] [<c01adf68>] (register_devfs_stubs) from [<c05d9b08>] (init_module+0x28/0xa4)
[    1.443765] [<c05d9b08>] (init_module) from [<c0009670>] (do_one_initcall+0x104/0x1b4)
[    1.443938] [<c0009670>] (do_one_initcall) from [<c05c7d08>] (kernel_init_freeable+0xf0/0x1b0)
[    1.444120] [<c05c7d08>] (kernel_init_freeable) from [<c040f28c>] (kernel_init+0x8/0xe4)
[    1.444312] [<c040f28c>] (kernel_init) from [<c0016da8>] (ret_from_fork+0x14/0x2c)
[    1.444470] ---[ end trace 5d137c5eae3033a9 ]---
[    1.444669] firmadyne: Cannot create device class: gpio!
[    1.446613] firmadyne: Cannot register character device: watchdog, 0xa, 0x82!
[    1.446801] firmadyne: Cannot register character device: wdt, 0xfd, 0x0!
[    1.530329] PCI host bridge /pcie@10000000 ranges:
[    1.530919]    IO 0x3eff0000..0x3effffff -> 0x00000000
[    1.531285]   MEM 0x10000000..0x3efeffff -> 0x10000000
[    1.531422]   MEM 0x8000000000..0xffffffffff -> 0x8000000000
[    1.532108] pci-host-generic 3f000000.pcie: resource collision: [mem 0x00000000-0xffffffff] conflicts with /pl011@9000000 [mem 0x09000000-0x09000fff]
[    1.532860] pci-host-generic: probe of 3f000000.pcie failed with error -16
[    1.544822] Non-volatile memory driver v1.3
[    1.633978] brd: module loaded
[    1.644327] loop: module loaded
[    1.710361]  vda: vda1
[    1.722554] 0.flash: Found 2 x16 devices at 0x0 in 32-bit bank. Manufacturer ID 0x000000 Chip ID 0x000000
[    1.723221] Intel/Sharp Extended Query Table at 0x0031
[    1.724380] Using buffer write method
[    1.724811] erase region 0: offset=0x0,size=0x40000,blocks=256
[    1.732183] 0.flash: Found 2 x16 devices at 0x0 in 32-bit bank. Manufacturer ID 0x000000 Chip ID 0x000000
[    1.732473] Intel/Sharp Extended Query Table at 0x0031
[    1.733262] Using buffer write method
[    1.733401] erase region 0: offset=0x0,size=0x40000,blocks=256
[    1.733613] Concatenating MTD devices:
[    1.733733] (0): "0.flash"
[    1.733811] (1): "0.flash"
[    1.733882] into device "0.flash"
[    1.747062] [nandsim] warning: read_byte: unexpected data output cycle, state is STATE_READY return 0x0
[    1.747323] [nandsim] warning: read_byte: unexpected data output cycle, state is STATE_READY return 0x0
[    1.747524] [nandsim] warning: read_byte: unexpected data output cycle, state is STATE_READY return 0x0
[    1.747738] [nandsim] warning: read_byte: unexpected data output cycle, state is STATE_READY return 0x0
[    1.747917] [nandsim] warning: read_byte: unexpected data output cycle, state is STATE_READY return 0x0
[    1.748096] [nandsim] warning: read_byte: unexpected data output cycle, state is STATE_READY return 0x0
[    1.748549] nand: device found, Manufacturer ID: 0x98, Chip ID: 0x39
[    1.748732] nand: Toshiba NAND 128MiB 1,8V 8-bit
[    1.748860] nand: 128 MiB, SLC, erase size: 16 KiB, page size: 512, OOB size: 16
[    1.749796] flash size: 128 MiB
[    1.749885] page size: 512 bytes
[    1.749963] OOB area size: 16 bytes
[    1.750048] sector size: 16 KiB
[    1.750125] pages number: 262144
[    1.750217] pages per sector: 32
[    1.750289] bus width: 8
[    1.750350] bits in sector size: 14
[    1.750427] bits in page size: 9
[    1.750503] bits in OOB size: 4
[    1.750598] flash size with OOB: 135168 KiB
[    1.750690] page address bytes: 4
[    1.750767] sector address bytes: 3
[    1.750851] options: 0x42
[    1.883178] Scanning device for bad blocks
[    1.996772] firmadyne: do_execve: /firmadyne/console
[    1.997005] OFFSETS: offset of pid: 0x190 offset of comm: 0x270
[    1.997498] Creating 11 MTD partitions on "NAND 128MiB 1,8V 8-bit":
[    1.997932] 0x000000000000-0x000000100000 : "NAND simulator partition 0"
[    2.000263] 0x000000100000-0x000000200000 : "NAND simulator partition 1"
[    2.001710] 0x000000200000-0x000000300000 : "NAND simulator partition 2"
[    2.003189] 0x000000300000-0x000000400000 : "NAND simulator partition 3"
[    2.004728] 0x000000400000-0x000000500000 : "NAND simulator partition 4"
[    2.006416] 0x000000500000-0x000000600000 : "NAND simulator partition 5"
[    2.007981] 0x000000600000-0x000000700000 : "NAND simulator partition 6"
[    2.009689] 0x000000700000-0x000000800000 : "NAND simulator partition 7"
[    2.011047] 0x000000800000-0x000000900000 : "NAND simulator partition 8"
[    2.012418] 0x000000900000-0x000000a00000 : "NAND simulator partition 9"
[    2.013876] 0x000000a00000-0x000008000000 : "NAND simulator partition 10"
[    2.020106] tun: Universal TUN/TAP device driver, 1.6
[    2.020291] tun: (C) 1999-2004 Max Krasnyansky <maxk@qualcomm.com>
[    2.364384] PPP generic driver version 2.4.2
[    2.365254] PPP BSD Compression module registered
[    2.365467] PPP Deflate Compression module registered
[    2.365886] PPP MPPE Compression module registered
[    2.366031] NET: Registered protocol family 24
[    2.366364] PPTP driver version 0.8.5
[    3.276236] usbcore: registered new interface driver usb-storage
[    3.279714] rtc-pl031 9010000.pl031: rtc core: registered pl031 as rtc0
[    3.280508] hidraw: raw HID events driver (C) Jiri Kosina
[    3.281083] usbcore: registered new interface driver usbhid
[    3.281219] usbhid: USB HID core driver
[    3.281715] Netfilter messages via NETLINK v0.30.
[    3.282393] nf_conntrack version 0.5.0 (3958 buckets, 15832 max)
[    3.283849] ctnetlink v0.93: registering with nfnetlink.
[    3.285299] ipip: IPv4 over IPv4 tunneling driver
[    3.287661] gre: GRE over IPv4 demultiplexor driver
[    3.287836] ip_gre: GRE over IPv4 tunneling driver
[    3.292459] ip_tables: (C) 2000-2006 Netfilter Core Team
[    3.474809] arp_tables: (C) 2002 David S. Miller
[    3.476114] Initializing XFRM netlink socket
[    3.476710] NET: Registered protocol family 10
[    3.484249] ip6_tables: (C) 2000-2006 Netfilter Core Team
[    3.486321] sit: IPv6 over IPv4 tunneling driver
[    3.490529] NET: Registered protocol family 17
[    3.491256] bridge: automatic filtering via arp/ip/ip6tables has been deprecated. Update your scripts to load br_netfilter if you need this.
[    3.491644] Bridge firewalling registered
[    3.491798] Ebtables v2.0 registered
[    3.493081] 8021q: 802.1Q VLAN Support v1.8
[    3.493762] Registering SWP/SWPB emulation handler
[    3.496969] rtc-pl031 9010000.pl031: setting system clock to 2018-07-19 10:06:08 UTC (1531994768)
[    3.508027] EXT4-fs (vda1): couldn't mount as ext3 due to feature incompatibilities
[    3.510460] EXT4-fs (vda1): mounting ext2 file system using the ext4 subsystem
[    3.519674] EXT4-fs (vda1): warning: mounting unchecked fs, running e2fsck is recommended
[    3.523532] EXT4-fs (vda1): mounted filesystem without journal. Opts: (null)
[    3.524729] VFS: Mounted root (ext2 filesystem) on device 254:1.
[    3.543746] Freeing unused kernel memory: 180K (c05c7000 - c05f4000)
[    5.338340] cfg80211: Calling CRDA to update world regulatory domain
[    5.647228] firmadyne: sys_reboot[PID: 54 (init)]: magic1:fee1dead, magic2:28121969, cmd:0
Using /lib/modules/mvKernelExt.ko
insmod: kernel-module version mismatch
	/lib/modules/mvKernelExt.ko was compiled for kernel version 
	while this kernel is version 4.1.17+.
[    8.509762] cfg80211: Calling CRDA to update world regulatory domain
Using /lib/modules/mvPpDrv.ko
insmod: kernel-module version mismatch
	/lib/modules/mvPpDrv.ko was compiled for kernel version 
	while this kernel is version 4.1.17+.
Fri May 23 14:32:00 UTC 2008




Linux MARVELL_LINUX 4.1.17+ #1 Thu Feb 18 01:05:21 UTC 2016


Welcome to Embedded Linux
           _  _
          | ||_|
          | | _ ____  _   _  _  _ 
          | || |  _ \| | | |\ \/ /
          | || | | | | |_| |/    \
          |_||_|_| |_|\____|\_/\_/

          On Marvell's ARM board

For further information on the Marvell products check:
http://www.marvell.com/

toochain=gnueabi

Enjoy!

[   11.946126] cfg80211: Calling CRDA to update world regulatory domain


BusyBox v1.01 (2008.10.02-12:33+0000) Built-in shell (ash)
Enter 'help' for a list of built-in commands.

/ # [   15.095824] cfg80211: Calling CRDA to update world regulatory domain
[   18.246352] cfg80211: Calling CRDA to update world regulatory domain
[   21.396190] cfg80211: Calling CRDA to update world regulatory domain
[   24.548683] cfg80211: Calling CRDA to update world regulatory domain
[   27.697653] cfg80211: Calling CRDA to update world regulatory domain
[   30.846782] cfg80211: Calling CRDA to update world regulatory domain
[   33.996073] cfg80211: Calling CRDA to update world regulatory domain
[   37.146110] cfg80211: Exceeded CRDA call max attempts. Not calling CRDA
