>> Database Image ID: 192

/home/zhumengfan/firmware/firmwares/eb99a50d5c5cb35d41b7f5d4d1c9e7284f052ac3.ZIP
>> MD5: 2351f3554e8061866dd2d9645e3d8fc5
>> Tag: 192
>> Temp: /tmp/tmpgaRvGG
>> Status: Kernel: True, Rootfs: False, Do_Kernel: False,                 Do_Rootfs: True
>>>> Zip archive data, at least v2.0 to extract, compressed size: 7796496, uncompressed size: 7830176, name: DGS_1210_52_Firmware_R3_00_012.hex
>> Recursing into archive ...
	
/tmp/tmpgaRvGG/_eb99a50d5c5cb35d41b7f5d4d1c9e7284f052ac3.ZIP.extracted/DGS_1210_52_Firmware_R3_00_012.hex
	>> MD5: 9eead388e17a567ddb8daf7228f90dda
	>> Tag: 192
	>> Temp: /tmp/tmpQVorU7
	>> Status: Kernel: True, Rootfs: False, Do_Kernel: False,                 Do_Rootfs: True
	>>>> Squashfs filesystem, little endian, version 3.1, size: 6548808 bytes, 212 inodes, blocksize: 131072 bytes, created: 2012-01-04 10:26:54
	>>>> Found Linux filesystem in /tmp/tmpQVorU7/_DGS_1210_52_Firmware_R3_00_012.hex.extracted/squashfs-root!
	>> Skipping: completed!
	>> Cleaning up /tmp/tmpQVorU7...
>> Skipping: completed!
>> Cleaning up /tmp/tmpgaRvGG...
./bin/busybox: armel
Querying database for architecture... armel
----Running----
----Copying Filesystem Tarball----
----Creating QEMU Image----
Formatting '/home/zhumengfan/firmadyne//scratch//192//image.raw', fmt=raw size=1073741824
----Creating Partition Table----

Welcome to fdisk (util-linux 2.27.1).
Changes will remain in memory only, until you decide to write them.
Be careful before using the write command.

Device does not contain a recognized partition table.
Created a new DOS disklabel with disk identifier 0xfb74228c.

Command (m for help): Created a new DOS disklabel with disk identifier 0xee997c7b.

Command (m for help): Partition type
   p   primary (0 primary, 0 extended, 4 free)
   e   extended (container for logical partitions)
Select (default p): Partition number (1-4, default 1): First sector (2048-2097151, default 2048): Last sector, +sectors or +size{K,M,G,T,P} (2048-2097151, default 2097151): 
Created a new partition 1 of type 'Linux' and of size 1023 MiB.

Command (m for help): The partition table has been altered.
Syncing disks.

----Mounting QEMU Image----
add map loop0p1 (252:0): 0 2095104 linear 7:0 2048
----Creating Filesystem----
mke2fs 1.42.13 (17-May-2015)
Discarding device blocks:   4096/261888             done                            
Creating filesystem with 261888 4k blocks and 65536 inodes
Filesystem UUID: 1ba0be39-6e4f-485e-8e35-30ee276f2193
Superblock backups stored on blocks: 
	32768, 98304, 163840, 229376

Allocating group tables: 0/8   done                            
Writing inode tables: 0/8   done                            
Writing superblocks and filesystem accounting information: 0/8   done

----Making QEMU Image Mountpoint----
----Mounting QEMU Image Partition 1----
----Extracting Filesystem Tarball----
----Creating FIRMADYNE Directories----
----Patching Filesystem (chroot)----
Creating /etc/TZ!
Creating /etc/hosts!
Warning: Recreating device nodes!
Removing /etc/scripts/sys_resetbutton!
----Setting up FIRMADYNE----
----Unmounting QEMU Image----
loop deleted : /dev/loop0
Querying database for architecture... armel
Running firmware 192: terminating after 60 secs...
qemu-system-arm: terminating on signal 2 from pid 165095 (timeout)
Inferring network...
Interfaces: []
Done!
[    0.000000] Booting Linux on physical CPU 0x0
[    0.000000] Linux version 4.1.17+ (vagrant@vagrant-ubuntu-trusty-64) (gcc version 5.3.0 (GCC) ) #1 Thu Feb 18 01:05:21 UTC 2016
[    0.000000] CPU: ARMv7 Processor [412fc0f1] revision 1 (ARMv7), cr=10c5387d
[    0.000000] CPU: PIPT / VIPT nonaliasing data cache, PIPT instruction cache
[    0.000000] Machine model: linux,dummy-virt
[    0.000000] debug: ignoring loglevel setting.
[    0.000000] Memory policy: Data cache writeback
[    0.000000] On node 0 totalpages: 65536
[    0.000000] free_area_init_node: node 0, pgdat c061dfe8, node_mem_map cfdf9000
[    0.000000]   Normal zone: 512 pages used for memmap
[    0.000000]   Normal zone: 0 pages reserved
[    0.000000]   Normal zone: 65536 pages, LIFO batch:15
[    0.000000] psci: probing for conduit method from DT.
[    0.000000] psci: PSCIv0.2 detected in firmware.
[    0.000000] psci: Using standard PSCI v0.2 function IDs
[    0.000000] CPU: All CPU(s) started in SVC mode.
[    0.000000] pcpu-alloc: s0 r0 d32768 u32768 alloc=1*32768
[    0.000000] pcpu-alloc: [0] 0 
[    0.000000] Built 1 zonelists in Zone order, mobility grouping on.  Total pages: 65024
[    0.000000] Kernel command line: firmadyne.syscall=1 root=/dev/vda1 console=ttyS0 nandsim.parts=64,64,64,64,64,64,64,64,64,64 rdinit=/firmadyne/preInit.sh rw debug ignore_loglevel print-fatal-signals=1 user_debug=31
[    0.000000] PID hash table entries: 1024 (order: 0, 4096 bytes)
[    0.000000] Dentry cache hash table entries: 32768 (order: 5, 131072 bytes)
[    0.000000] Inode-cache hash table entries: 16384 (order: 4, 65536 bytes)
[    0.000000] Memory: 253340K/262144K available (4297K kernel code, 170K rwdata, 1584K rodata, 180K init, 148K bss, 8804K reserved, 0K cma-reserved)
[    0.000000] Virtual kernel memory layout:
[    0.000000]     vector  : 0xffff0000 - 0xffff1000   (   4 kB)
[    0.000000]     fixmap  : 0xffc00000 - 0xfff00000   (3072 kB)
[    0.000000]     vmalloc : 0xd0800000 - 0xff000000   ( 744 MB)
[    0.000000]     lowmem  : 0xc0000000 - 0xd0000000   ( 256 MB)
[    0.000000]     modules : 0xbf000000 - 0xc0000000   (  16 MB)
[    0.000000]       .text : 0xc0008000 - 0xc05c67bc   (5882 kB)
[    0.000000]       .init : 0xc05c7000 - 0xc05f4000   ( 180 kB)
[    0.000000]       .data : 0xc05f4000 - 0xc061e840   ( 171 kB)
[    0.000000]        .bss : 0xc0621000 - 0xc06462d4   ( 149 kB)
[    0.000000] NR_IRQS:16 nr_irqs:16 16
[    0.000000] Architected cp15 timer(s) running at 62.50MHz (virt).
[    0.000000] clocksource arch_sys_counter: mask: 0xffffffffffffff max_cycles: 0x1cd42e208c, max_idle_ns: 881590405314 ns
[    0.000173] sched_clock: 56 bits at 62MHz, resolution 16ns, wraps every 4398046511096ns
[    0.000322] Switching to timer-based delay loop, resolution 16ns
[    0.003511] Console: colour dummy device 80x30
[    0.003842] Calibrating delay loop (skipped), value calculated using timer frequency.. 125.00 BogoMIPS (lpj=625000)
[    0.003980] pid_max: default: 32768 minimum: 301
[    0.004889] Mount-cache hash table entries: 1024 (order: 0, 4096 bytes)
[    0.004927] Mountpoint-cache hash table entries: 1024 (order: 0, 4096 bytes)
[    1.925257] CPU: Testing write buffer coherency: ok
[    1.931612] Setting up static identity map for 0x40008240 - 0x40008298
[    1.946653] VFP support v0.3: implementor 41 architecture 4 part 30 variant f rev 0
[    1.958749] clocksource jiffies: mask: 0xffffffff max_cycles: 0xffffffff, max_idle_ns: 19112604462750000 ns
[    3.055245] NET: Registered protocol family 16
[    3.058453] DMA: preallocated 256 KiB pool for atomic coherent allocations
[    3.062781] cpuidle: using governor ladder
[    3.062942] cpuidle: using governor menu
[    3.084071] Serial: AMBA PL011 UART driver
[    3.086326] 9000000.pl011: ttyS0 at MMIO 0x9000000 (irq = 54, base_baud = 0) is a PL011 rev1
[    3.094193] console [ttyS0] enabled
[    3.117508] vgaarb: loaded
[    3.119061] SCSI subsystem initialized
[    3.120190] usbcore: registered new interface driver usbfs
[    3.120560] usbcore: registered new interface driver hub
[    3.120885] usbcore: registered new device driver usb
[    4.851141] cfg80211: Calling CRDA to update world regulatory domain
[    4.853694] Switched to clocksource arch_sys_counter
[    4.872433] NET: Registered protocol family 2
[    4.877986] TCP established hash table entries: 2048 (order: 1, 8192 bytes)
[    4.878270] TCP bind hash table entries: 2048 (order: 1, 8192 bytes)
[    4.878579] TCP: Hash tables configured (established 2048 bind 2048)
[    4.879153] UDP hash table entries: 256 (order: 0, 4096 bytes)
[    4.879420] UDP-Lite hash table entries: 256 (order: 0, 4096 bytes)
[    4.880913] NET: Registered protocol family 1
[    4.881394] PCI: CLS 0 bytes, default 64
[    4.888863] NetWinder Floating Point Emulator V0.97 (extended precision)
[    4.891713] futex hash table entries: 256 (order: -1, 3072 bytes)
[    4.897550] squashfs: version 4.0 (2009/01/31) Phillip Lougher
[    4.898609] jffs2: version 2.2. (NAND) © 2001-2006 Red Hat, Inc.
[    4.899403] romfs: ROMFS MTD (C) 2007 Red Hat, Inc.
[    5.244807] Block layer SCSI generic (bsg) driver version 0.4 loaded (major 253)
[    5.245163] io scheduler noop registered
[    5.245416] io scheduler cfq registered (default)
[    5.246103] firmadyne: devfs: 1, execute: 1, procfs: 1, syscall: 1
[    5.247483] ------------[ cut here ]------------
[    5.247690] WARNING: CPU: 0 PID: 1 at /home/vagrant/firmadyne-kernel/kernel-v4.1/fs/sysfs/dir.c:31 sysfs_warn_dup+0x50/0x6c()
[    5.247924] sysfs: cannot create duplicate filename '/class/gpio'
[    5.248085] Modules linked in:
[    5.248413] CPU: 0 PID: 1 Comm: swapper Not tainted 4.1.17+ #1
[    5.248553] Hardware name: Generic DT based system
[    5.249243] [<c001c99c>] (unwind_backtrace) from [<c0019d30>] (show_stack+0x10/0x14)
[    5.249528] [<c0019d30>] (show_stack) from [<c0024ab4>] (warn_slowpath_common+0x80/0xa8)
[    5.249733] [<c0024ab4>] (warn_slowpath_common) from [<c0024b08>] (warn_slowpath_fmt+0x2c/0x3c)
[    5.249977] [<c0024b08>] (warn_slowpath_fmt) from [<c00e363c>] (sysfs_warn_dup+0x50/0x6c)
[    5.250162] [<c00e363c>] (sysfs_warn_dup) from [<c00e3714>] (sysfs_create_dir_ns+0x74/0x84)
[    5.250349] [<c00e3714>] (sysfs_create_dir_ns) from [<c018e6ac>] (kobject_add_internal+0xb8/0x2ac)
[    5.250541] [<c018e6ac>] (kobject_add_internal) from [<c018e9a8>] (kset_register+0x1c/0x44)
[    5.250725] [<c018e9a8>] (kset_register) from [<c02090b4>] (__class_register+0xa8/0x198)
[    5.250904] [<c02090b4>] (__class_register) from [<c02091e4>] (__class_create+0x40/0x70)
[    5.251082] [<c02091e4>] (__class_create) from [<c01adf68>] (register_devfs_stubs+0x314/0xbb4)
[    5.251268] [<c01adf68>] (register_devfs_stubs) from [<c05d9b08>] (init_module+0x28/0xa4)
[    5.251475] [<c05d9b08>] (init_module) from [<c0009670>] (do_one_initcall+0x104/0x1b4)
[    5.251651] [<c0009670>] (do_one_initcall) from [<c05c7d08>] (kernel_init_freeable+0xf0/0x1b0)
[    5.251841] [<c05c7d08>] (kernel_init_freeable) from [<c040f28c>] (kernel_init+0x8/0xe4)
[    5.252013] [<c040f28c>] (kernel_init) from [<c0016da8>] (ret_from_fork+0x14/0x2c)
[    5.252276] ---[ end trace 7366ad0df0d1d4e4 ]---
[    5.252476] ------------[ cut here ]------------
[    5.252592] WARNING: CPU: 0 PID: 1 at /home/vagrant/firmadyne-kernel/kernel-v4.1/lib/kobject.c:240 kobject_add_internal+0x240/0x2ac()
[    5.252814] kobject_add_internal failed for gpio with -EEXIST, don't try to register things with the same name in the same directory.
[    5.253030] Modules linked in:
[    5.253176] CPU: 0 PID: 1 Comm: swapper Tainted: G        W       4.1.17+ #1
[    5.253324] Hardware name: Generic DT based system
[    5.253656] [<c001c99c>] (unwind_backtrace) from [<c0019d30>] (show_stack+0x10/0x14)
[    5.253833] [<c0019d30>] (show_stack) from [<c0024ab4>] (warn_slowpath_common+0x80/0xa8)
[    5.254008] [<c0024ab4>] (warn_slowpath_common) from [<c0024b08>] (warn_slowpath_fmt+0x2c/0x3c)
[    5.254194] [<c0024b08>] (warn_slowpath_fmt) from [<c018e834>] (kobject_add_internal+0x240/0x2ac)
[    5.254395] [<c018e834>] (kobject_add_internal) from [<c018e9a8>] (kset_register+0x1c/0x44)
[    5.254572] [<c018e9a8>] (kset_register) from [<c02090b4>] (__class_register+0xa8/0x198)
[    5.254742] [<c02090b4>] (__class_register) from [<c02091e4>] (__class_create+0x40/0x70)
[    5.254915] [<c02091e4>] (__class_create) from [<c01adf68>] (register_devfs_stubs+0x314/0xbb4)
[    5.255099] [<c01adf68>] (register_devfs_stubs) from [<c05d9b08>] (init_module+0x28/0xa4)
[    5.255274] [<c05d9b08>] (init_module) from [<c0009670>] (do_one_initcall+0x104/0x1b4)
[    5.255445] [<c0009670>] (do_one_initcall) from [<c05c7d08>] (kernel_init_freeable+0xf0/0x1b0)
[    5.255625] [<c05c7d08>] (kernel_init_freeable) from [<c040f28c>] (kernel_init+0x8/0xe4)
[    5.255793] [<c040f28c>] (kernel_init) from [<c0016da8>] (ret_from_fork+0x14/0x2c)
[    5.255963] ---[ end trace 7366ad0df0d1d4e5 ]---
[    5.256132] firmadyne: Cannot create device class: gpio!
[    5.257968] firmadyne: Cannot register character device: watchdog, 0xa, 0x82!
[    5.258150] firmadyne: Cannot register character device: wdt, 0xfd, 0x0!
[    5.340291] PCI host bridge /pcie@10000000 ranges:
[    5.340859]    IO 0x3eff0000..0x3effffff -> 0x00000000
[    5.341246]   MEM 0x10000000..0x3efeffff -> 0x10000000
[    5.341380]   MEM 0x8000000000..0xffffffffff -> 0x8000000000
[    5.342053] pci-host-generic 3f000000.pcie: resource collision: [mem 0x00000000-0xffffffff] conflicts with /pl011@9000000 [mem 0x09000000-0x09000fff]
[    5.342762] pci-host-generic: probe of 3f000000.pcie failed with error -16
[    5.354995] Non-volatile memory driver v1.3
[    7.374403] brd: module loaded
[    7.384998] loop: module loaded
[    8.086332] cfg80211: Calling CRDA to update world regulatory domain
[    8.090945]  vda: vda1
[    8.562556] 0.flash: Found 2 x16 devices at 0x0 in 32-bit bank. Manufacturer ID 0x000000 Chip ID 0x000000
[    8.563237] Intel/Sharp Extended Query Table at 0x0031
[    8.564566] Using buffer write method
[    8.564989] erase region 0: offset=0x0,size=0x40000,blocks=256
[    8.572063] 0.flash: Found 2 x16 devices at 0x0 in 32-bit bank. Manufacturer ID 0x000000 Chip ID 0x000000
[    8.572286] Intel/Sharp Extended Query Table at 0x0031
[    8.573025] Using buffer write method
[    8.573138] erase region 0: offset=0x0,size=0x40000,blocks=256
[    8.573343] Concatenating MTD devices:
[    8.573579] (0): "0.flash"
[    8.573662] (1): "0.flash"
[    8.573736] into device "0.flash"
[    8.586436] [nandsim] warning: read_byte: unexpected data output cycle, state is STATE_READY return 0x0
[    8.586658] [nandsim] warning: read_byte: unexpected data output cycle, state is STATE_READY return 0x0
[    8.586837] [nandsim] warning: read_byte: unexpected data output cycle, state is STATE_READY return 0x0
[    8.587010] [nandsim] warning: read_byte: unexpected data output cycle, state is STATE_READY return 0x0
[    8.587183] [nandsim] warning: read_byte: unexpected data output cycle, state is STATE_READY return 0x0
[    8.587355] [nandsim] warning: read_byte: unexpected data output cycle, state is STATE_READY return 0x0
[    8.587772] nand: device found, Manufacturer ID: 0x98, Chip ID: 0x39
[    8.587920] nand: Toshiba NAND 128MiB 1,8V 8-bit
[    8.588044] nand: 128 MiB, SLC, erase size: 16 KiB, page size: 512, OOB size: 16
[    8.588937] flash size: 128 MiB
[    8.589026] page size: 512 bytes
[    8.589102] OOB area size: 16 bytes
[    8.589182] sector size: 16 KiB
[    8.589262] pages number: 262144
[    8.589336] pages per sector: 32
[    8.589409] bus width: 8
[    8.589471] bits in sector size: 14
[    8.589548] bits in page size: 9
[    8.589625] bits in OOB size: 4
[    8.589714] flash size with OOB: 135168 KiB
[    8.589807] page address bytes: 4
[    8.589882] sector address bytes: 3
[    8.589960] options: 0x42
[    8.883615] Scanning device for bad blocks
[    8.993154] firmadyne: do_execve: /firmadyne/console
[    8.993421] OFFSETS: offset of pid: 0x190 offset of comm: 0x270
[    8.994010] Creating 11 MTD partitions on "NAND 128MiB 1,8V 8-bit":
[    8.994441] 0x000000000000-0x000000100000 : "NAND simulator partition 0"
[    8.996783] 0x000000100000-0x000000200000 : "NAND simulator partition 1"
[    8.998348] 0x000000200000-0x000000300000 : "NAND simulator partition 2"
[    8.999826] 0x000000300000-0x000000400000 : "NAND simulator partition 3"
[    9.001339] 0x000000400000-0x000000500000 : "NAND simulator partition 4"
[    9.002816] 0x000000500000-0x000000600000 : "NAND simulator partition 5"
[    9.004731] 0x000000600000-0x000000700000 : "NAND simulator partition 6"
[    9.006846] 0x000000700000-0x000000800000 : "NAND simulator partition 7"
[    9.008262] 0x000000800000-0x000000900000 : "NAND simulator partition 8"
[    9.009690] 0x000000900000-0x000000a00000 : "NAND simulator partition 9"
[    9.011143] 0x000000a00000-0x000008000000 : "NAND simulator partition 10"
[    9.016955] tun: Universal TUN/TAP device driver, 1.6
[    9.017096] tun: (C) 1999-2004 Max Krasnyansky <maxk@qualcomm.com>
[   12.047208] PPP generic driver version 2.4.2
[   12.048041] PPP BSD Compression module registered
[   12.048232] PPP Deflate Compression module registered
[   12.048489] PPP MPPE Compression module registered
[   12.048634] NET: Registered protocol family 24
[   12.048978] PPTP driver version 0.8.5
[   12.050027] cfg80211: Calling CRDA to update world regulatory domain
[   13.278669] usbcore: registered new interface driver usb-storage
[   13.282224] rtc-pl031 9010000.pl031: rtc core: registered pl031 as rtc0
[   13.283011] hidraw: raw HID events driver (C) Jiri Kosina
[   13.283699] usbcore: registered new interface driver usbhid
[   13.283843] usbhid: USB HID core driver
[   13.284333] Netfilter messages via NETLINK v0.30.
[   13.285017] nf_conntrack version 0.5.0 (3958 buckets, 15832 max)
[   13.286781] ctnetlink v0.93: registering with nfnetlink.
[   13.288650] ipip: IPv4 over IPv4 tunneling driver
[   13.290821] gre: GRE over IPv4 demultiplexor driver
[   13.290987] ip_gre: GRE over IPv4 tunneling driver
[   13.295775] ip_tables: (C) 2000-2006 Netfilter Core Team
[   13.297506] arp_tables: (C) 2002 David S. Miller
[   13.298591] Initializing XFRM netlink socket
[   13.299113] NET: Registered protocol family 10
[   14.349859] ip6_tables: (C) 2000-2006 Netfilter Core Team
[   14.352113] sit: IPv6 over IPv4 tunneling driver
[   14.356442] NET: Registered protocol family 17
[   14.357136] bridge: automatic filtering via arp/ip/ip6tables has been deprecated. Update your scripts to load br_netfilter if you need this.
[   14.357520] Bridge firewalling registered
[   14.357669] Ebtables v2.0 registered
[   14.358909] 8021q: 802.1Q VLAN Support v1.8
[   14.359578] Registering SWP/SWPB emulation handler
[   14.362497] rtc-pl031 9010000.pl031: setting system clock to 2018-07-19 14:56:24 UTC (1532012184)
[   14.373045] EXT4-fs (vda1): couldn't mount as ext3 due to feature incompatibilities
[   14.375305] EXT4-fs (vda1): mounting ext2 file system using the ext4 subsystem
[   14.386505] EXT4-fs (vda1): mounted filesystem without journal. Opts: (null)
[   14.387642] VFS: Mounted root (ext2 filesystem) on device 254:1.
[   14.406759] Freeing unused kernel memory: 180K (c05c7000 - c05f4000)
[   15.652516] cfg80211: Calling CRDA to update world regulatory domain
[   18.879760] cfg80211: Calling CRDA to update world regulatory domain
[   18.887268] firmadyne: sys_reboot[PID: 54 (init)]: magic1:fee1dead, magic2:28121969, cmd:0
[   18.912910] firmadyne: sys_socket[PID: 1 (init)]: family:1, type:2, protocol:0
[   18.926161] firmadyne: sys_socket[PID: 55 (init)]: family:1, type:2, protocol:0
[   22.081375] cfg80211: Calling CRDA to update world regulatory domain
[   27.128251] cfg80211: Calling CRDA to update world regulatory domain
[   27.149737] firmadyne: sys_socket[PID: 64 (telnetd)]: family:2, type:1, protocol:0
[   27.152589] firmadyne: sys_setsockopt[PID: 64 (telnetd)]: fd:3, level:1, optname:2
[   27.153665] firmadyne: inet_bind[PID: 64 (telnetd)]: proto:SOCK_STREAM, port:23
Using /lib/modules/mvKernelExt.ko
insmod: [   30.879590] cfg80211: Calling CRDA to update world regulatory domain
kernel-module version mismatch
	/lib/modules/mvKernelExt.ko was compiled for kernel version 
	while this kernel is version 4.1.17+.
Using /lib/modules/mvPpDrv.ko
insmod: kernel-module version mismatch
	/lib/modules/mvPpDrv.ko was compiled for kernel version 
	while this kernel is version 4.1.17+.
Fri May 23 14:32:00 UTC 2008
[   31.942030] firmadyne: sys_socket[PID: 72 (ifconfig)]: family:2, type:2, protocol:0
[   31.944127] firmadyne: __inet_insert_ifa[PID: 72 (ifconfig)]: device:lo ifa:0x0100007f
[   31.949308] firmadyne: __inet_insert_ifa[PID: 72 (ifconfig)]: device:lo ifa:0x0100007f
[   34.610472] cfg80211: Calling CRDA to update world regulatory domain




Linux MARVELL_LINUX 4.1.17+ #1 Thu Feb 18 01:05:21 UTC 2016


Welcome to Embedded Linux
           _  _
          | ||_|
          | | _ ____  _   _  _  _ 
          | || |  _ \| | | |\ \/ /
          | || | | | | |_| |/    \
          |_||_|_| |_|\____|\_/\_/

          On Marvell's ARM board

For further information on the Marvell products check:
http://www.marvell.com/

toochain=gnueabi

Enjoy!

[   38.279665] cfg80211: Calling CRDA to update world regulatory domain


BusyBox v1.01 (2008.10.02-12:33+0000) Built-in shell (ash)
Enter 'help' for a list of built-in commands.

/ # [   41.423956] cfg80211: Calling CRDA to update world regulatory domain
Starting firmware emulation... use Ctrl-a + x to exit
qemu-system-arm: terminating on signal 2 from pid 165229 (timeout)
[    0.000000] Booting Linux on physical CPU 0x0
[    0.000000] Linux version 4.1.17+ (vagrant@vagrant-ubuntu-trusty-64) (gcc version 5.3.0 (GCC) ) #1 Thu Feb 18 01:05:21 UTC 2016
[    0.000000] CPU: ARMv7 Processor [412fc0f1] revision 1 (ARMv7), cr=10c5387d
[    0.000000] CPU: PIPT / VIPT nonaliasing data cache, PIPT instruction cache
[    0.000000] Machine model: linux,dummy-virt
[    0.000000] debug: ignoring loglevel setting.
[    0.000000] Memory policy: Data cache writeback
[    0.000000] On node 0 totalpages: 65536
[    0.000000] free_area_init_node: node 0, pgdat c061dfe8, node_mem_map cfdf9000
[    0.000000]   Normal zone: 512 pages used for memmap
[    0.000000]   Normal zone: 0 pages reserved
[    0.000000]   Normal zone: 65536 pages, LIFO batch:15
[    0.000000] psci: probing for conduit method from DT.
[    0.000000] psci: PSCIv0.2 detected in firmware.
[    0.000000] psci: Using standard PSCI v0.2 function IDs
[    0.000000] CPU: All CPU(s) started in SVC mode.
[    0.000000] pcpu-alloc: s0 r0 d32768 u32768 alloc=1*32768
[    0.000000] pcpu-alloc: [0] 0 
[    0.000000] Built 1 zonelists in Zone order, mobility grouping on.  Total pages: 65024
[    0.000000] Kernel command line: root=/dev/vda1 console=ttyS0 nandsim.parts=64,64,64,64,64,64,64,64,64,64 rdinit=/firmadyne/preInit.sh rw debug ignore_loglevel print-fatal-signals=1 user_debug=31 firmadyne.syscall=0
[    0.000000] PID hash table entries: 1024 (order: 0, 4096 bytes)
[    0.000000] Dentry cache hash table entries: 32768 (order: 5, 131072 bytes)
[    0.000000] Inode-cache hash table entries: 16384 (order: 4, 65536 bytes)
[    0.000000] Memory: 253340K/262144K available (4297K kernel code, 170K rwdata, 1584K rodata, 180K init, 148K bss, 8804K reserved, 0K cma-reserved)
[    0.000000] Virtual kernel memory layout:
[    0.000000]     vector  : 0xffff0000 - 0xffff1000   (   4 kB)
[    0.000000]     fixmap  : 0xffc00000 - 0xfff00000   (3072 kB)
[    0.000000]     vmalloc : 0xd0800000 - 0xff000000   ( 744 MB)
[    0.000000]     lowmem  : 0xc0000000 - 0xd0000000   ( 256 MB)
[    0.000000]     modules : 0xbf000000 - 0xc0000000   (  16 MB)
[    0.000000]       .text : 0xc0008000 - 0xc05c67bc   (5882 kB)
[    0.000000]       .init : 0xc05c7000 - 0xc05f4000   ( 180 kB)
[    0.000000]       .data : 0xc05f4000 - 0xc061e840   ( 171 kB)
[    0.000000]        .bss : 0xc0621000 - 0xc06462d4   ( 149 kB)
[    0.000000] NR_IRQS:16 nr_irqs:16 16
[    0.000000] Architected cp15 timer(s) running at 62.50MHz (virt).
[    0.000000] clocksource arch_sys_counter: mask: 0xffffffffffffff max_cycles: 0x1cd42e208c, max_idle_ns: 881590405314 ns
[    0.000160] sched_clock: 56 bits at 62MHz, resolution 16ns, wraps every 4398046511096ns
[    0.000306] Switching to timer-based delay loop, resolution 16ns
[    0.003515] Console: colour dummy device 80x30
[    0.003855] Calibrating delay loop (skipped), value calculated using timer frequency.. 125.00 BogoMIPS (lpj=625000)
[    0.003993] pid_max: default: 32768 minimum: 301
[    0.004947] Mount-cache hash table entries: 1024 (order: 0, 4096 bytes)
[    0.004994] Mountpoint-cache hash table entries: 1024 (order: 0, 4096 bytes)
[    0.014779] CPU: Testing write buffer coherency: ok
[    0.021116] Setting up static identity map for 0x40008240 - 0x40008298
[    0.036028] VFP support v0.3: implementor 41 architecture 4 part 30 variant f rev 0
[    1.032073] clocksource jiffies: mask: 0xffffffff max_cycles: 0xffffffff, max_idle_ns: 19112604462750000 ns
[    1.041504] NET: Registered protocol family 16
[    1.044964] DMA: preallocated 256 KiB pool for atomic coherent allocations
[    1.049230] cpuidle: using governor ladder
[    1.049396] cpuidle: using governor menu
[    3.020806] Serial: AMBA PL011 UART driver
[    3.023392] 9000000.pl011: ttyS0 at MMIO 0x9000000 (irq = 54, base_baud = 0) is a PL011 rev1
[    3.031195] console [ttyS0] enabled
[    3.056719] vgaarb: loaded
[    3.058319] SCSI subsystem initialized
[    3.059419] usbcore: registered new interface driver usbfs
[    3.059784] usbcore: registered new interface driver hub
[    3.060120] usbcore: registered new device driver usb
[    3.069687] cfg80211: Calling CRDA to update world regulatory domain
[    3.072257] Switched to clocksource arch_sys_counter
[    3.090155] NET: Registered protocol family 2
[    3.096108] TCP established hash table entries: 2048 (order: 1, 8192 bytes)
[    3.096391] TCP bind hash table entries: 2048 (order: 1, 8192 bytes)
[    3.096709] TCP: Hash tables configured (established 2048 bind 2048)
[    3.097258] UDP hash table entries: 256 (order: 0, 4096 bytes)
[    3.097509] UDP-Lite hash table entries: 256 (order: 0, 4096 bytes)
[    3.099027] NET: Registered protocol family 1
[    3.099486] PCI: CLS 0 bytes, default 64
[    4.449650] NetWinder Floating Point Emulator V0.97 (extended precision)
[    4.452629] futex hash table entries: 256 (order: -1, 3072 bytes)
[    4.458148] squashfs: version 4.0 (2009/01/31) Phillip Lougher
[    4.459211] jffs2: version 2.2. (NAND) © 2001-2006 Red Hat, Inc.
[    4.460009] romfs: ROMFS MTD (C) 2007 Red Hat, Inc.
[    4.469316] Block layer SCSI generic (bsg) driver version 0.4 loaded (major 253)
[    4.469672] io scheduler noop registered
[    4.469905] io scheduler cfq registered (default)
[    4.470595] firmadyne: devfs: 1, execute: 1, procfs: 1, syscall: 0
[    4.471926] ------------[ cut here ]------------
[    4.472305] WARNING: CPU: 0 PID: 1 at /home/vagrant/firmadyne-kernel/kernel-v4.1/fs/sysfs/dir.c:31 sysfs_warn_dup+0x50/0x6c()
[    4.472546] sysfs: cannot create duplicate filename '/class/gpio'
[    4.472712] Modules linked in:
[    4.473033] CPU: 0 PID: 1 Comm: swapper Not tainted 4.1.17+ #1
[    4.473176] Hardware name: Generic DT based system
[    4.473864] [<c001c99c>] (unwind_backtrace) from [<c0019d30>] (show_stack+0x10/0x14)
[    4.474165] [<c0019d30>] (show_stack) from [<c0024ab4>] (warn_slowpath_common+0x80/0xa8)
[    4.474373] [<c0024ab4>] (warn_slowpath_common) from [<c0024b08>] (warn_slowpath_fmt+0x2c/0x3c)
[    4.474614] [<c0024b08>] (warn_slowpath_fmt) from [<c00e363c>] (sysfs_warn_dup+0x50/0x6c)
[    4.474799] [<c00e363c>] (sysfs_warn_dup) from [<c00e3714>] (sysfs_create_dir_ns+0x74/0x84)
[    4.474985] [<c00e3714>] (sysfs_create_dir_ns) from [<c018e6ac>] (kobject_add_internal+0xb8/0x2ac)
[    4.475178] [<c018e6ac>] (kobject_add_internal) from [<c018e9a8>] (kset_register+0x1c/0x44)
[    4.475361] [<c018e9a8>] (kset_register) from [<c02090b4>] (__class_register+0xa8/0x198)
[    4.475541] [<c02090b4>] (__class_register) from [<c02091e4>] (__class_create+0x40/0x70)
[    4.475717] [<c02091e4>] (__class_create) from [<c01adf68>] (register_devfs_stubs+0x314/0xbb4)
[    4.475905] [<c01adf68>] (register_devfs_stubs) from [<c05d9b08>] (init_module+0x28/0xa4)
[    4.476118] [<c05d9b08>] (init_module) from [<c0009670>] (do_one_initcall+0x104/0x1b4)
[    4.476296] [<c0009670>] (do_one_initcall) from [<c05c7d08>] (kernel_init_freeable+0xf0/0x1b0)
[    4.476486] [<c05c7d08>] (kernel_init_freeable) from [<c040f28c>] (kernel_init+0x8/0xe4)
[    4.476659] [<c040f28c>] (kernel_init) from [<c0016da8>] (ret_from_fork+0x14/0x2c)
[    4.476921] ---[ end trace 5d1b179e1513fd17 ]---
[    4.477121] ------------[ cut here ]------------
[    4.477237] WARNING: CPU: 0 PID: 1 at /home/vagrant/firmadyne-kernel/kernel-v4.1/lib/kobject.c:240 kobject_add_internal+0x240/0x2ac()
[    4.477462] kobject_add_internal failed for gpio with -EEXIST, don't try to register things with the same name in the same directory.
[    4.477681] Modules linked in:
[    4.477824] CPU: 0 PID: 1 Comm: swapper Tainted: G        W       4.1.17+ #1
[    4.477965] Hardware name: Generic DT based system
[    4.478104] [<c001c99c>] (unwind_backtrace) from [<c0019d30>] (show_stack+0x10/0x14)
[    4.478274] [<c0019d30>] (show_stack) from [<c0024ab4>] (warn_slowpath_common+0x80/0xa8)
[    4.478450] [<c0024ab4>] (warn_slowpath_common) from [<c0024b08>] (warn_slowpath_fmt+0x2c/0x3c)
[    4.478634] [<c0024b08>] (warn_slowpath_fmt) from [<c018e834>] (kobject_add_internal+0x240/0x2ac)
[    4.478832] [<c018e834>] (kobject_add_internal) from [<c018e9a8>] (kset_register+0x1c/0x44)
[    4.479008] [<c018e9a8>] (kset_register) from [<c02090b4>] (__class_register+0xa8/0x198)
[    4.479181] [<c02090b4>] (__class_register) from [<c02091e4>] (__class_create+0x40/0x70)
[    4.479354] [<c02091e4>] (__class_create) from [<c01adf68>] (register_devfs_stubs+0x314/0xbb4)
[    4.479539] [<c01adf68>] (register_devfs_stubs) from [<c05d9b08>] (init_module+0x28/0xa4)
[    4.479714] [<c05d9b08>] (init_module) from [<c0009670>] (do_one_initcall+0x104/0x1b4)
[    4.479884] [<c0009670>] (do_one_initcall) from [<c05c7d08>] (kernel_init_freeable+0xf0/0x1b0)
[    4.480066] [<c05c7d08>] (kernel_init_freeable) from [<c040f28c>] (kernel_init+0x8/0xe4)
[    4.480234] [<c040f28c>] (kernel_init) from [<c0016da8>] (ret_from_fork+0x14/0x2c)
[    4.480404] ---[ end trace 5d1b179e1513fd18 ]---
[    4.480573] firmadyne: Cannot create device class: gpio!
[    4.482559] firmadyne: Cannot register character device: watchdog, 0xa, 0x82!
[    4.482748] firmadyne: Cannot register character device: wdt, 0xfd, 0x0!
[    4.567086] PCI host bridge /pcie@10000000 ranges:
[    4.567667]    IO 0x3eff0000..0x3effffff -> 0x00000000
[    4.568038]   MEM 0x10000000..0x3efeffff -> 0x10000000
[    4.568171]   MEM 0x8000000000..0xffffffffff -> 0x8000000000
[    4.568841] pci-host-generic 3f000000.pcie: resource collision: [mem 0x00000000-0xffffffff] conflicts with /pl011@9000000 [mem 0x09000000-0x09000fff]
[    4.569548] pci-host-generic: probe of 3f000000.pcie failed with error -16
[    4.581319] Non-volatile memory driver v1.3
[    6.936061] cfg80211: Calling CRDA to update world regulatory domain
[    6.953358] brd: module loaded
[    6.963739] loop: module loaded
[    8.476592]  vda: vda1
[    8.488968] 0.flash: Found 2 x16 devices at 0x0 in 32-bit bank. Manufacturer ID 0x000000 Chip ID 0x000000
[    8.489636] Intel/Sharp Extended Query Table at 0x0031
[    8.490825] Using buffer write method
[    8.491251] erase region 0: offset=0x0,size=0x40000,blocks=256
[    8.500030] 0.flash: Found 2 x16 devices at 0x0 in 32-bit bank. Manufacturer ID 0x000000 Chip ID 0x000000
[    8.500294] Intel/Sharp Extended Query Table at 0x0031
[    8.501082] Using buffer write method
[    8.501202] erase region 0: offset=0x0,size=0x40000,blocks=256
[    8.501427] Concatenating MTD devices:
[    8.501534] (0): "0.flash"
[    8.501607] (1): "0.flash"
[    8.501674] into device "0.flash"
[    8.513566] [nandsim] warning: read_byte: unexpected data output cycle, state is STATE_READY return 0x0
[    8.538299] [nandsim] warning: read_byte: unexpected data output cycle, state is STATE_READY return 0x0
[    8.538754] [nandsim] warning: read_byte: unexpected data output cycle, state is STATE_READY return 0x0
[    8.538950] [nandsim] warning: read_byte: unexpected data output cycle, state is STATE_READY return 0x0
[    8.539126] [nandsim] warning: read_byte: unexpected data output cycle, state is STATE_READY return 0x0
[    8.539319] [nandsim] warning: read_byte: unexpected data output cycle, state is STATE_READY return 0x0
[    8.539794] nand: device found, Manufacturer ID: 0x98, Chip ID: 0x39
[    8.539949] nand: Toshiba NAND 128MiB 1,8V 8-bit
[    8.540080] nand: 128 MiB, SLC, erase size: 16 KiB, page size: 512, OOB size: 16
[    8.541048] flash size: 128 MiB
[    8.541151] page size: 512 bytes
[    8.541227] OOB area size: 16 bytes
[    8.541308] sector size: 16 KiB
[    8.541381] pages number: 262144
[    8.541455] pages per sector: 32
[    8.541546] bus width: 8
[    8.541606] bits in sector size: 14
[    8.541684] bits in page size: 9
[    8.541759] bits in OOB size: 4
[    8.541835] flash size with OOB: 135168 KiB
[    8.541941] page address bytes: 4
[    8.542136] sector address bytes: 3
[    8.542231] options: 0x42
[    8.854464] Scanning device for bad blocks
[    8.965881] firmadyne: do_execve: /firmadyne/console
[    8.966139] OFFSETS: offset of pid: 0x190 offset of comm: 0x270
[    8.966626] Creating 11 MTD partitions on "NAND 128MiB 1,8V 8-bit":
[    8.967061] 0x000000000000-0x000000100000 : "NAND simulator partition 0"
[    8.969380] 0x000000100000-0x000000200000 : "NAND simulator partition 1"
[    8.970832] 0x000000200000-0x000000300000 : "NAND simulator partition 2"
[    8.972412] 0x000000300000-0x000000400000 : "NAND simulator partition 3"
[    8.973868] 0x000000400000-0x000000500000 : "NAND simulator partition 4"
[    8.975287] 0x000000500000-0x000000600000 : "NAND simulator partition 5"
[    8.976699] 0x000000600000-0x000000700000 : "NAND simulator partition 6"
[    8.978331] 0x000000700000-0x000000800000 : "NAND simulator partition 7"
[    8.979699] 0x000000800000-0x000000900000 : "NAND simulator partition 8"
[    8.981080] 0x000000900000-0x000000a00000 : "NAND simulator partition 9"
[    8.982694] 0x000000a00000-0x000008000000 : "NAND simulator partition 10"
[    8.988375] tun: Universal TUN/TAP device driver, 1.6
[    8.988522] tun: (C) 1999-2004 Max Krasnyansky <maxk@qualcomm.com>
[   11.447356] PPP generic driver version 2.4.2
[   11.448163] PPP BSD Compression module registered
[   11.448351] PPP Deflate Compression module registered
[   11.448605] PPP MPPE Compression module registered
[   11.448748] NET: Registered protocol family 24
[   11.449092] PPTP driver version 0.8.5
[   12.067221] cfg80211: Calling CRDA to update world regulatory domain
[   13.869970] usbcore: registered new interface driver usb-storage
[   13.874580] rtc-pl031 9010000.pl031: rtc core: registered pl031 as rtc0
[   13.875434] hidraw: raw HID events driver (C) Jiri Kosina
[   13.876009] usbcore: registered new interface driver usbhid
[   13.876146] usbhid: USB HID core driver
[   13.876664] Netfilter messages via NETLINK v0.30.
[   13.877394] nf_conntrack version 0.5.0 (3958 buckets, 15832 max)
[   13.878949] ctnetlink v0.93: registering with nfnetlink.
[   13.880434] ipip: IPv4 over IPv4 tunneling driver
[   13.882922] gre: GRE over IPv4 demultiplexor driver
[   13.883100] ip_gre: GRE over IPv4 tunneling driver
[   13.888009] ip_tables: (C) 2000-2006 Netfilter Core Team
[   13.889781] arp_tables: (C) 2002 David S. Miller
[   13.890907] Initializing XFRM netlink socket
[   13.891467] NET: Registered protocol family 10
[   13.899032] ip6_tables: (C) 2000-2006 Netfilter Core Team
[   13.900873] sit: IPv6 over IPv4 tunneling driver
[   13.905539] NET: Registered protocol family 17
[   13.906237] bridge: automatic filtering via arp/ip/ip6tables has been deprecated. Update your scripts to load br_netfilter if you need this.
[   13.906593] Bridge firewalling registered
[   13.906742] Ebtables v2.0 registered
[   13.907994] 8021q: 802.1Q VLAN Support v1.8
[   13.908667] Registering SWP/SWPB emulation handler
[   13.911583] rtc-pl031 9010000.pl031: setting system clock to 2018-07-19 14:57:20 UTC (1532012240)
[   13.923397] EXT4-fs (vda1): couldn't mount as ext3 due to feature incompatibilities
[   13.925582] EXT4-fs (vda1): mounting ext2 file system using the ext4 subsystem
[   15.423636] cfg80211: Calling CRDA to update world regulatory domain
[   15.430376] EXT4-fs (vda1): warning: mounting unchecked fs, running e2fsck is recommended
[   15.433545] EXT4-fs (vda1): mounted filesystem without journal. Opts: (null)
[   15.434670] VFS: Mounted root (ext2 filesystem) on device 254:1.
[   15.452898] Freeing unused kernel memory: 180K (c05c7000 - c05f4000)
[   18.073458] firmadyne: sys_reboot[PID: 54 (init)]: magic1:fee1dead, magic2:28121969, cmd:0
[   19.367041] cfg80211: Calling CRDA to update world regulatory domain
[   23.618593] cfg80211: Calling CRDA to update world regulatory domain
[   27.596652] cfg80211: Calling CRDA to update world regulatory domain
[   30.868538] cfg80211: Calling CRDA to update world regulatory domain
Using /lib/modules/mvKernelExt.ko
insmod: kernel-module version mismatch
	/lib/modules/mvKernelExt.ko was compiled for kernel version 
	while this kernel is version 4.1.17+.
Using /lib/modules/mvPpDrv.ko
insmod: kernel-module version mismatch
	/lib/modules/mvPpDrv.ko was compiled for kernel version 
	while this kernel is version 4.1.17+.
Fri May 23 14:32:00 UTC 2008
[   34.670040] cfg80211: Calling CRDA to update world regulatory domain




Linux MARVELL_LINUX 4.1.17+ #1 Thu Feb 18 01:05:21 UTC 2016


Welcome to Embedded Linux
           _  _
          | ||_|
          | | _ ____  _   _  _  _ 
          | || |  _ \| | | |\ \/ /
          | || | | | | |_| |/    \
          |_||_|_| |_|\____|\_/\_/

          On Marvell's ARM board

For further information on the Marvell products check:
http://www.marvell.com/

toochain=gnueabi

Enjoy!

[   38.866715] cfg80211: Calling CRDA to update world regulatory domain


BusyBox v1.01 (2008.10.02-12:33+0000) Built-in shell (ash)
Enter 'help' for a list of built-in commands.

/ # [   42.042665] cfg80211: Calling CRDA to update world regulatory domain
[   45.192731] cfg80211: Exceeded CRDA call max attempts. Not calling CRDA
