>> Database Image ID: 35

/home/zhumengfan/firmware/firmwares/f23dc06241775dd04f3c2678cedcb448dc4c65bb.ZIP
>> MD5: 04bfe7893ad4f84bfe597531c938e292
>> Tag: 35
>> Temp: /tmp/tmpVA8wkF
>> Status: Kernel: True, Rootfs: False, Do_Kernel: False,                 Do_Rootfs: True
>>>> Zip archive data, at least v2.0 to extract, compressed size: 7933869, uncompressed size: 7965024, name: R1.10.005/DGS-1500-20 FW R1.10.005.hex
>> Recursing into archive ...
	
/tmp/tmpVA8wkF/_f23dc06241775dd04f3c2678cedcb448dc4c65bb.ZIP.extracted/R1.10.005/DGS-1500-20 FW R1.10.005.hex
	>> MD5: 54340ee570c7747b3a7c4c51307f7aa2
	>> Tag: 35
	>> Temp: /tmp/tmpieb7fi
	>> Status: Kernel: True, Rootfs: False, Do_Kernel: False,                 Do_Rootfs: True
	>>>> Squashfs filesystem, little endian, version 3.1, size: 6683890 bytes, 216 inodes, blocksize: 131072 bytes, created: 2012-03-09 11:40:32
	>>>> Found Linux filesystem in /tmp/tmpieb7fi/_DGS-1500-20 FW R1.10.005.hex.extracted/squashfs-root!
	>> Skipping: completed!
	>> Cleaning up /tmp/tmpieb7fi...
>> Skipping: completed!
>> Cleaning up /tmp/tmpVA8wkF...
./bin/busybox: armel
Querying database for architecture... armel
----Running----
----Copying Filesystem Tarball----
----Creating QEMU Image----
Formatting '/home/zhumengfan/firmadyne//scratch//35//image.raw', fmt=raw size=1073741824
----Creating Partition Table----

Welcome to fdisk (util-linux 2.27.1).
Changes will remain in memory only, until you decide to write them.
Be careful before using the write command.

Device does not contain a recognized partition table.
Created a new DOS disklabel with disk identifier 0x6a4b75e8.

Command (m for help): Created a new DOS disklabel with disk identifier 0x237884c0.

Command (m for help): Partition type
   p   primary (0 primary, 0 extended, 4 free)
   e   extended (container for logical partitions)
Select (default p): Partition number (1-4, default 1): First sector (2048-2097151, default 2048): Last sector, +sectors or +size{K,M,G,T,P} (2048-2097151, default 2097151): 
Created a new partition 1 of type 'Linux' and of size 1023 MiB.

Command (m for help): The partition table has been altered.
Syncing disks.

----Mounting QEMU Image----
add map loop0p1 (252:0): 0 2095104 linear 7:0 2048
----Creating Filesystem----
mke2fs 1.42.13 (17-May-2015)
Discarding device blocks:   4096/261888             done                            
Creating filesystem with 261888 4k blocks and 65536 inodes
Filesystem UUID: dd419b09-f000-414d-82a5-63747c68cf8c
Superblock backups stored on blocks: 
	32768, 98304, 163840, 229376

Allocating group tables: 0/8   done                            
Writing inode tables: 0/8   done                            
Writing superblocks and filesystem accounting information: 0/8   done

----Making QEMU Image Mountpoint----
----Mounting QEMU Image Partition 1----
----Extracting Filesystem Tarball----
----Creating FIRMADYNE Directories----
----Patching Filesystem (chroot)----
Creating /etc/TZ!
Creating /etc/hosts!
Warning: Recreating device nodes!
mkdir: can't create directory '/dev/mtd': No such file or directory
mknod: /dev/mtd/0: No such file or directory
mknod: /dev/mtd/1: No such file or directory
mknod: /dev/mtd/2: No such file or directory
mknod: /dev/mtd/3: No such file or directory
mknod: /dev/mtd/4: No such file or directory
mknod: /dev/mtd/5: No such file or directory
mknod: /dev/mtd/6: No such file or directory
mknod: /dev/mtd/7: No such file or directory
mknod: /dev/mtd/8: No such file or directory
mknod: /dev/mtd/9: No such file or directory
mknod: /dev/mtd/10: No such file or directory
Removing /etc/scripts/sys_resetbutton!
----Setting up FIRMADYNE----
----Unmounting QEMU Image----
loop deleted : /dev/loop0
Querying database for architecture... armel
Running firmware 35: terminating after 60 secs...
qemu-system-arm: terminating on signal 2 from pid 78003 (timeout)
Inferring network...
Interfaces: []
Done!
[    0.000000] Booting Linux on physical CPU 0x0
[    0.000000] Linux version 4.1.17+ (vagrant@vagrant-ubuntu-trusty-64) (gcc version 5.3.0 (GCC) ) #1 Thu Feb 18 01:05:21 UTC 2016
[    0.000000] CPU: ARMv7 Processor [412fc0f1] revision 1 (ARMv7), cr=10c5387d
[    0.000000] CPU: PIPT / VIPT nonaliasing data cache, PIPT instruction cache
[    0.000000] Machine model: linux,dummy-virt
[    0.000000] debug: ignoring loglevel setting.
[    0.000000] Memory policy: Data cache writeback
[    0.000000] On node 0 totalpages: 65536
[    0.000000] free_area_init_node: node 0, pgdat c061dfe8, node_mem_map cfdf9000
[    0.000000]   Normal zone: 512 pages used for memmap
[    0.000000]   Normal zone: 0 pages reserved
[    0.000000]   Normal zone: 65536 pages, LIFO batch:15
[    0.000000] psci: probing for conduit method from DT.
[    0.000000] psci: PSCIv0.2 detected in firmware.
[    0.000000] psci: Using standard PSCI v0.2 function IDs
[    0.000000] CPU: All CPU(s) started in SVC mode.
[    0.000000] pcpu-alloc: s0 r0 d32768 u32768 alloc=1*32768
[    0.000000] pcpu-alloc: [0] 0 
[    0.000000] Built 1 zonelists in Zone order, mobility grouping on.  Total pages: 65024
[    0.000000] Kernel command line: firmadyne.syscall=1 root=/dev/vda1 console=ttyS0 nandsim.parts=64,64,64,64,64,64,64,64,64,64 rdinit=/firmadyne/preInit.sh rw debug ignore_loglevel print-fatal-signals=1 user_debug=31
[    0.000000] PID hash table entries: 1024 (order: 0, 4096 bytes)
[    0.000000] Dentry cache hash table entries: 32768 (order: 5, 131072 bytes)
[    0.000000] Inode-cache hash table entries: 16384 (order: 4, 65536 bytes)
[    0.000000] Memory: 253340K/262144K available (4297K kernel code, 170K rwdata, 1584K rodata, 180K init, 148K bss, 8804K reserved, 0K cma-reserved)
[    0.000000] Virtual kernel memory layout:
[    0.000000]     vector  : 0xffff0000 - 0xffff1000   (   4 kB)
[    0.000000]     fixmap  : 0xffc00000 - 0xfff00000   (3072 kB)
[    0.000000]     vmalloc : 0xd0800000 - 0xff000000   ( 744 MB)
[    0.000000]     lowmem  : 0xc0000000 - 0xd0000000   ( 256 MB)
[    0.000000]     modules : 0xbf000000 - 0xc0000000   (  16 MB)
[    0.000000]       .text : 0xc0008000 - 0xc05c67bc   (5882 kB)
[    0.000000]       .init : 0xc05c7000 - 0xc05f4000   ( 180 kB)
[    0.000000]       .data : 0xc05f4000 - 0xc061e840   ( 171 kB)
[    0.000000]        .bss : 0xc0621000 - 0xc06462d4   ( 149 kB)
[    0.000000] NR_IRQS:16 nr_irqs:16 16
[    0.000000] Architected cp15 timer(s) running at 62.50MHz (virt).
[    0.000000] clocksource arch_sys_counter: mask: 0xffffffffffffff max_cycles: 0x1cd42e208c, max_idle_ns: 881590405314 ns
[    0.000159] sched_clock: 56 bits at 62MHz, resolution 16ns, wraps every 4398046511096ns
[    0.000301] Switching to timer-based delay loop, resolution 16ns
[    0.003472] Console: colour dummy device 80x30
[    0.003808] Calibrating delay loop (skipped), value calculated using timer frequency.. 125.00 BogoMIPS (lpj=625000)
[    0.003942] pid_max: default: 32768 minimum: 301
[    0.004858] Mount-cache hash table entries: 1024 (order: 0, 4096 bytes)
[    0.004896] Mountpoint-cache hash table entries: 1024 (order: 0, 4096 bytes)
[    0.015844] CPU: Testing write buffer coherency: ok
[    0.022363] Setting up static identity map for 0x40008240 - 0x40008298
[    0.516449] VFP support v0.3: implementor 41 architecture 4 part 30 variant f rev 0
[    0.528603] clocksource jiffies: mask: 0xffffffff max_cycles: 0xffffffff, max_idle_ns: 19112604462750000 ns
[    0.538121] NET: Registered protocol family 16
[    0.541335] DMA: preallocated 256 KiB pool for atomic coherent allocations
[    0.649230] cpuidle: using governor ladder
[    0.649415] cpuidle: using governor menu
[    0.671069] Serial: AMBA PL011 UART driver
[    0.673346] 9000000.pl011: ttyS0 at MMIO 0x9000000 (irq = 54, base_baud = 0) is a PL011 rev1
[    0.681127] console [ttyS0] enabled
[    0.704907] vgaarb: loaded
[    0.706502] SCSI subsystem initialized
[    0.707649] usbcore: registered new interface driver usbfs
[    0.708019] usbcore: registered new interface driver hub
[    0.708509] usbcore: registered new device driver usb
[    0.718056] cfg80211: Calling CRDA to update world regulatory domain
[    0.730160] Switched to clocksource arch_sys_counter
[    0.747372] NET: Registered protocol family 2
[    0.753878] TCP established hash table entries: 2048 (order: 1, 8192 bytes)
[    0.754191] TCP bind hash table entries: 2048 (order: 1, 8192 bytes)
[    0.754491] TCP: Hash tables configured (established 2048 bind 2048)
[    0.755048] UDP hash table entries: 256 (order: 0, 4096 bytes)
[    0.755313] UDP-Lite hash table entries: 256 (order: 0, 4096 bytes)
[    0.756863] NET: Registered protocol family 1
[    0.757333] PCI: CLS 0 bytes, default 64
[    0.765315] NetWinder Floating Point Emulator V0.97 (extended precision)
[    0.768288] futex hash table entries: 256 (order: -1, 3072 bytes)
[    0.774291] squashfs: version 4.0 (2009/01/31) Phillip Lougher
[    0.775776] jffs2: version 2.2. (NAND) © 2001-2006 Red Hat, Inc.
[    0.776596] romfs: ROMFS MTD (C) 2007 Red Hat, Inc.
[    0.785921] Block layer SCSI generic (bsg) driver version 0.4 loaded (major 253)
[    0.786302] io scheduler noop registered
[    0.786534] io scheduler cfq registered (default)
[    0.787257] firmadyne: devfs: 1, execute: 1, procfs: 1, syscall: 1
[    0.788625] ------------[ cut here ]------------
[    0.788853] WARNING: CPU: 0 PID: 1 at /home/vagrant/firmadyne-kernel/kernel-v4.1/fs/sysfs/dir.c:31 sysfs_warn_dup+0x50/0x6c()
[    0.789086] sysfs: cannot create duplicate filename '/class/gpio'
[    0.789247] Modules linked in:
[    0.789569] CPU: 0 PID: 1 Comm: swapper Not tainted 4.1.17+ #1
[    0.789930] Hardware name: Generic DT based system
[    0.790650] [<c001c99c>] (unwind_backtrace) from [<c0019d30>] (show_stack+0x10/0x14)
[    0.790933] [<c0019d30>] (show_stack) from [<c0024ab4>] (warn_slowpath_common+0x80/0xa8)
[    0.791137] [<c0024ab4>] (warn_slowpath_common) from [<c0024b08>] (warn_slowpath_fmt+0x2c/0x3c)
[    0.791401] [<c0024b08>] (warn_slowpath_fmt) from [<c00e363c>] (sysfs_warn_dup+0x50/0x6c)
[    0.791593] [<c00e363c>] (sysfs_warn_dup) from [<c00e3714>] (sysfs_create_dir_ns+0x74/0x84)
[    0.791773] [<c00e3714>] (sysfs_create_dir_ns) from [<c018e6ac>] (kobject_add_internal+0xb8/0x2ac)
[    0.791958] [<c018e6ac>] (kobject_add_internal) from [<c018e9a8>] (kset_register+0x1c/0x44)
[    0.792134] [<c018e9a8>] (kset_register) from [<c02090b4>] (__class_register+0xa8/0x198)
[    0.792321] [<c02090b4>] (__class_register) from [<c02091e4>] (__class_create+0x40/0x70)
[    0.792484] [<c02091e4>] (__class_create) from [<c01adf68>] (register_devfs_stubs+0x314/0xbb4)
[    0.792676] [<c01adf68>] (register_devfs_stubs) from [<c05d9b08>] (init_module+0x28/0xa4)
[    0.792883] [<c05d9b08>] (init_module) from [<c0009670>] (do_one_initcall+0x104/0x1b4)
[    0.793058] [<c0009670>] (do_one_initcall) from [<c05c7d08>] (kernel_init_freeable+0xf0/0x1b0)
[    0.793258] [<c05c7d08>] (kernel_init_freeable) from [<c040f28c>] (kernel_init+0x8/0xe4)
[    0.793419] [<c040f28c>] (kernel_init) from [<c0016da8>] (ret_from_fork+0x14/0x2c)
[    0.793708] ---[ end trace f161e2d4aba9cc2c ]---
[    0.793912] ------------[ cut here ]------------
[    0.794030] WARNING: CPU: 0 PID: 1 at /home/vagrant/firmadyne-kernel/kernel-v4.1/lib/kobject.c:240 kobject_add_internal+0x240/0x2ac()
[    0.794262] kobject_add_internal failed for gpio with -EEXIST, don't try to register things with the same name in the same directory.
[    0.794483] Modules linked in:
[    0.794658] CPU: 0 PID: 1 Comm: swapper Tainted: G        W       4.1.17+ #1
[    0.794799] Hardware name: Generic DT based system
[    0.794921] [<c001c99c>] (unwind_backtrace) from [<c0019d30>] (show_stack+0x10/0x14)
[    0.795085] [<c0019d30>] (show_stack) from [<c0024ab4>] (warn_slowpath_common+0x80/0xa8)
[    0.795254] [<c0024ab4>] (warn_slowpath_common) from [<c0024b08>] (warn_slowpath_fmt+0x2c/0x3c)
[    0.795433] [<c0024b08>] (warn_slowpath_fmt) from [<c018e834>] (kobject_add_internal+0x240/0x2ac)
[    0.795626] [<c018e834>] (kobject_add_internal) from [<c018e9a8>] (kset_register+0x1c/0x44)
[    0.795796] [<c018e9a8>] (kset_register) from [<c02090b4>] (__class_register+0xa8/0x198)
[    0.795962] [<c02090b4>] (__class_register) from [<c02091e4>] (__class_create+0x40/0x70)
[    0.796128] [<c02091e4>] (__class_create) from [<c01adf68>] (register_devfs_stubs+0x314/0xbb4)
[    0.796306] [<c01adf68>] (register_devfs_stubs) from [<c05d9b08>] (init_module+0x28/0xa4)
[    0.796475] [<c05d9b08>] (init_module) from [<c0009670>] (do_one_initcall+0x104/0x1b4)
[    0.796641] [<c0009670>] (do_one_initcall) from [<c05c7d08>] (kernel_init_freeable+0xf0/0x1b0)
[    0.796816] [<c05c7d08>] (kernel_init_freeable) from [<c040f28c>] (kernel_init+0x8/0xe4)
[    0.796978] [<c040f28c>] (kernel_init) from [<c0016da8>] (ret_from_fork+0x14/0x2c)
[    0.797153] ---[ end trace f161e2d4aba9cc2d ]---
[    0.797324] firmadyne: Cannot create device class: gpio!
[    0.799270] firmadyne: Cannot register character device: watchdog, 0xa, 0x82!
[    0.799453] firmadyne: Cannot register character device: wdt, 0xfd, 0x0!
[    0.899219] PCI host bridge /pcie@10000000 ranges:
[    0.899935]    IO 0x3eff0000..0x3effffff -> 0x00000000
[    0.900309]   MEM 0x10000000..0x3efeffff -> 0x10000000
[    0.900445]   MEM 0x8000000000..0xffffffffff -> 0x8000000000
[    0.901127] pci-host-generic 3f000000.pcie: resource collision: [mem 0x00000000-0xffffffff] conflicts with /pl011@9000000 [mem 0x09000000-0x09000fff]
[    0.901848] pci-host-generic: probe of 3f000000.pcie failed with error -16
[    0.913966] Non-volatile memory driver v1.3
[    1.270343] brd: module loaded
[    1.281056] loop: module loaded
[    1.354857]  vda: vda1
[    1.367436] 0.flash: Found 2 x16 devices at 0x0 in 32-bit bank. Manufacturer ID 0x000000 Chip ID 0x000000
[    1.368108] Intel/Sharp Extended Query Table at 0x0031
[    1.369325] Using buffer write method
[    1.369944] erase region 0: offset=0x0,size=0x40000,blocks=256
[    1.377347] 0.flash: Found 2 x16 devices at 0x0 in 32-bit bank. Manufacturer ID 0x000000 Chip ID 0x000000
[    1.377596] Intel/Sharp Extended Query Table at 0x0031
[    1.378454] Using buffer write method
[    1.378570] erase region 0: offset=0x0,size=0x40000,blocks=256
[    1.378794] Concatenating MTD devices:
[    1.378902] (0): "0.flash"
[    1.378979] (1): "0.flash"
[    1.379049] into device "0.flash"
[    1.436132] [nandsim] warning: read_byte: unexpected data output cycle, state is STATE_READY return 0x0
[    1.436385] [nandsim] warning: read_byte: unexpected data output cycle, state is STATE_READY return 0x0
[    1.436561] [nandsim] warning: read_byte: unexpected data output cycle, state is STATE_READY return 0x0
[    1.436730] [nandsim] warning: read_byte: unexpected data output cycle, state is STATE_READY return 0x0
[    1.436897] [nandsim] warning: read_byte: unexpected data output cycle, state is STATE_READY return 0x0
[    1.437064] [nandsim] warning: read_byte: unexpected data output cycle, state is STATE_READY return 0x0
[    1.437482] nand: device found, Manufacturer ID: 0x98, Chip ID: 0x39
[    1.437649] nand: Toshiba NAND 128MiB 1,8V 8-bit
[    1.437806] nand: 128 MiB, SLC, erase size: 16 KiB, page size: 512, OOB size: 16
[    1.438706] flash size: 128 MiB
[    1.438822] page size: 512 bytes
[    1.438899] OOB area size: 16 bytes
[    1.438980] sector size: 16 KiB
[    1.439056] pages number: 262144
[    1.439131] pages per sector: 32
[    1.439224] bus width: 8
[    1.439312] bits in sector size: 14
[    1.439403] bits in page size: 9
[    1.439482] bits in OOB size: 4
[    1.439562] flash size with OOB: 135168 KiB
[    1.439802] page address bytes: 4
[    1.439889] sector address bytes: 3
[    1.439971] options: 0x42
[    1.450882] Scanning device for bad blocks
[    1.561181] firmadyne: do_execve: /firmadyne/console
[    1.561422] OFFSETS: offset of pid: 0x190 offset of comm: 0x270
[    1.561934] Creating 11 MTD partitions on "NAND 128MiB 1,8V 8-bit":
[    1.562359] 0x000000000000-0x000000100000 : "NAND simulator partition 0"
[    1.564698] 0x000000100000-0x000000200000 : "NAND simulator partition 1"
[    1.566173] 0x000000200000-0x000000300000 : "NAND simulator partition 2"
[    1.567613] 0x000000300000-0x000000400000 : "NAND simulator partition 3"
[    1.569083] 0x000000400000-0x000000500000 : "NAND simulator partition 4"
[    1.570690] 0x000000500000-0x000000600000 : "NAND simulator partition 5"
[    1.572181] 0x000000600000-0x000000700000 : "NAND simulator partition 6"
[    1.573843] 0x000000700000-0x000000800000 : "NAND simulator partition 7"
[    1.575295] 0x000000800000-0x000000900000 : "NAND simulator partition 8"
[    1.576695] 0x000000900000-0x000000a00000 : "NAND simulator partition 9"
[    1.578163] 0x000000a00000-0x000008000000 : "NAND simulator partition 10"
[    1.584187] tun: Universal TUN/TAP device driver, 1.6
[    1.584367] tun: (C) 1999-2004 Max Krasnyansky <maxk@qualcomm.com>
[    2.316192] PPP generic driver version 2.4.2
[    2.316978] PPP BSD Compression module registered
[    2.317178] PPP Deflate Compression module registered
[    2.317424] PPP MPPE Compression module registered
[    2.317570] NET: Registered protocol family 24
[    2.317920] PPTP driver version 0.8.5
[    3.406692] usbcore: registered new interface driver usb-storage
[    3.410354] rtc-pl031 9010000.pl031: rtc core: registered pl031 as rtc0
[    3.411153] hidraw: raw HID events driver (C) Jiri Kosina
[    3.411738] usbcore: registered new interface driver usbhid
[    3.411871] usbhid: USB HID core driver
[    3.412351] Netfilter messages via NETLINK v0.30.
[    3.413036] nf_conntrack version 0.5.0 (3958 buckets, 15832 max)
[    3.414521] ctnetlink v0.93: registering with nfnetlink.
[    3.416036] ipip: IPv4 over IPv4 tunneling driver
[    3.418259] gre: GRE over IPv4 demultiplexor driver
[    3.418432] ip_gre: GRE over IPv4 tunneling driver
[    3.423312] ip_tables: (C) 2000-2006 Netfilter Core Team
[    3.425080] arp_tables: (C) 2002 David S. Miller
[    3.426214] Initializing XFRM netlink socket
[    3.426750] NET: Registered protocol family 10
[    3.434171] ip6_tables: (C) 2000-2006 Netfilter Core Team
[    3.435978] sit: IPv6 over IPv4 tunneling driver
[    3.440073] NET: Registered protocol family 17
[    3.440754] bridge: automatic filtering via arp/ip/ip6tables has been deprecated. Update your scripts to load br_netfilter if you need this.
[    3.441108] Bridge firewalling registered
[    3.441278] Ebtables v2.0 registered
[    3.442588] 8021q: 802.1Q VLAN Support v1.8
[    3.443292] Registering SWP/SWPB emulation handler
[    3.446186] rtc-pl031 9010000.pl031: setting system clock to 2018-07-19 09:45:09 UTC (1531993509)
[    3.878609] EXT4-fs (vda1): couldn't mount as ext3 due to feature incompatibilities
[    3.881040] cfg80211: Calling CRDA to update world regulatory domain
[    3.881418] EXT4-fs (vda1): mounting ext2 file system using the ext4 subsystem
[    3.892643] EXT4-fs (vda1): mounted filesystem without journal. Opts: (null)
[    3.893813] VFS: Mounted root (ext2 filesystem) on device 254:1.
[    3.912707] Freeing unused kernel memory: 180K (c05c7000 - c05f4000)
[    5.130804] firmadyne: sys_reboot[PID: 54 (init)]: magic1:fee1dead, magic2:28121969, cmd:0
[    5.222421] firmadyne: sys_socket[PID: 1 (init)]: family:1, type:2, protocol:0
[    5.234298] firmadyne: sys_socket[PID: 55 (init)]: family:1, type:2, protocol:0
[    6.386717] firmadyne: sys_socket[PID: 64 (telnetd)]: family:2, type:1, protocol:0
[    6.389537] firmadyne: sys_setsockopt[PID: 64 (telnetd)]: fd:3, level:1, optname:2
[    6.390547] firmadyne: inet_bind[PID: 64 (telnetd)]: proto:SOCK_STREAM, port:23
[    7.258514] cfg80211: Calling CRDA to update world regulatory domain
Using /lib/modules/mvKernelExt.ko
insmod: kernel-module version mismatch
	/lib/modules/mvKernelExt.ko was compiled for kernel version 
	while this kernel is version 4.1.17+.
Using /lib/modules/mvPpDrv.ko
insmod: kernel-module version mismatch
	/lib/modules/mvPpDrv.ko was compiled for kernel version 
	while this kernel is version 4.1.17+.
Fri May 23 14:32:00 UTC 2008
[    8.210249] firmadyne: sys_socket[PID: 72 (ifconfig)]: family:2, type:2, protocol:0
[    8.212150] firmadyne: __inet_insert_ifa[PID: 72 (ifconfig)]: device:lo ifa:0x0100007f
[    8.217247] firmadyne: __inet_insert_ifa[PID: 72 (ifconfig)]: device:lo ifa:0x0100007f




Linux MARVELL_LINUX 4.1.17+ #1 Thu Feb 18 01:05:21 UTC 2016


Welcome to Embedded Linux
           _  _
          | ||_|
          | | _ ____  _   _  _  _ 
          | || |  _ \| | | |\ \/ /
          | || | | | | |_| |/    \
          |_||_|_| |_|\____|\_/\_/

          On Marvell's ARM board

For further information on the Marvell products check:
http://www.marvell.com/

toochain=gnueabi

Enjoy!

[   10.516636] cfg80211: Calling CRDA to update world regulatory domain


BusyBox v1.01 (2008.10.02-12:33+0000) Built-in shell (ash)
Enter 'help' for a list of built-in commands.

/ # [   13.660094] cfg80211: Calling CRDA to update world regulatory domain
[   16.810627] cfg80211: Calling CRDA to update world regulatory domain
[   19.960777] cfg80211: Calling CRDA to update world regulatory domain
[   23.111729] cfg80211: Calling CRDA to update world regulatory domain
[   26.260170] cfg80211: Calling CRDA to update world regulatory domain
[   29.410060] cfg80211: Calling CRDA to update world regulatory domain
[   32.563066] cfg80211: Calling CRDA to update world regulatory domain
[   35.710165] cfg80211: Exceeded CRDA call max attempts. Not calling CRDA
Starting firmware emulation... use Ctrl-a + x to exit
qemu-system-arm: terminating on signal 2 from pid 78161 (timeout)
[    0.000000] Booting Linux on physical CPU 0x0
[    0.000000] Linux version 4.1.17+ (vagrant@vagrant-ubuntu-trusty-64) (gcc version 5.3.0 (GCC) ) #1 Thu Feb 18 01:05:21 UTC 2016
[    0.000000] CPU: ARMv7 Processor [412fc0f1] revision 1 (ARMv7), cr=10c5387d
[    0.000000] CPU: PIPT / VIPT nonaliasing data cache, PIPT instruction cache
[    0.000000] Machine model: linux,dummy-virt
[    0.000000] debug: ignoring loglevel setting.
[    0.000000] Memory policy: Data cache writeback
[    0.000000] On node 0 totalpages: 65536
[    0.000000] free_area_init_node: node 0, pgdat c061dfe8, node_mem_map cfdf9000
[    0.000000]   Normal zone: 512 pages used for memmap
[    0.000000]   Normal zone: 0 pages reserved
[    0.000000]   Normal zone: 65536 pages, LIFO batch:15
[    0.000000] psci: probing for conduit method from DT.
[    0.000000] psci: PSCIv0.2 detected in firmware.
[    0.000000] psci: Using standard PSCI v0.2 function IDs
[    0.000000] CPU: All CPU(s) started in SVC mode.
[    0.000000] pcpu-alloc: s0 r0 d32768 u32768 alloc=1*32768
[    0.000000] pcpu-alloc: [0] 0 
[    0.000000] Built 1 zonelists in Zone order, mobility grouping on.  Total pages: 65024
[    0.000000] Kernel command line: root=/dev/vda1 console=ttyS0 nandsim.parts=64,64,64,64,64,64,64,64,64,64 rdinit=/firmadyne/preInit.sh rw debug ignore_loglevel print-fatal-signals=1 user_debug=31 firmadyne.syscall=0
[    0.000000] PID hash table entries: 1024 (order: 0, 4096 bytes)
[    0.000000] Dentry cache hash table entries: 32768 (order: 5, 131072 bytes)
[    0.000000] Inode-cache hash table entries: 16384 (order: 4, 65536 bytes)
[    0.000000] Memory: 253340K/262144K available (4297K kernel code, 170K rwdata, 1584K rodata, 180K init, 148K bss, 8804K reserved, 0K cma-reserved)
[    0.000000] Virtual kernel memory layout:
[    0.000000]     vector  : 0xffff0000 - 0xffff1000   (   4 kB)
[    0.000000]     fixmap  : 0xffc00000 - 0xfff00000   (3072 kB)
[    0.000000]     vmalloc : 0xd0800000 - 0xff000000   ( 744 MB)
[    0.000000]     lowmem  : 0xc0000000 - 0xd0000000   ( 256 MB)
[    0.000000]     modules : 0xbf000000 - 0xc0000000   (  16 MB)
[    0.000000]       .text : 0xc0008000 - 0xc05c67bc   (5882 kB)
[    0.000000]       .init : 0xc05c7000 - 0xc05f4000   ( 180 kB)
[    0.000000]       .data : 0xc05f4000 - 0xc061e840   ( 171 kB)
[    0.000000]        .bss : 0xc0621000 - 0xc06462d4   ( 149 kB)
[    0.000000] NR_IRQS:16 nr_irqs:16 16
[    0.000000] Architected cp15 timer(s) running at 62.50MHz (virt).
[    0.000000] clocksource arch_sys_counter: mask: 0xffffffffffffff max_cycles: 0x1cd42e208c, max_idle_ns: 881590405314 ns
[    0.000195] sched_clock: 56 bits at 62MHz, resolution 16ns, wraps every 4398046511096ns
[    0.000448] Switching to timer-based delay loop, resolution 16ns
[    0.003840] Console: colour dummy device 80x30
[    0.004197] Calibrating delay loop (skipped), value calculated using timer frequency.. 125.00 BogoMIPS (lpj=625000)
[    0.004340] pid_max: default: 32768 minimum: 301
[    0.005338] Mount-cache hash table entries: 1024 (order: 0, 4096 bytes)
[    0.005383] Mountpoint-cache hash table entries: 1024 (order: 0, 4096 bytes)
[    0.015296] CPU: Testing write buffer coherency: ok
[    0.022025] Setting up static identity map for 0x40008240 - 0x40008298
[    0.038043] VFP support v0.3: implementor 41 architecture 4 part 30 variant f rev 0
[    0.050881] clocksource jiffies: mask: 0xffffffff max_cycles: 0xffffffff, max_idle_ns: 19112604462750000 ns
[    0.062340] NET: Registered protocol family 16
[    0.067280] DMA: preallocated 256 KiB pool for atomic coherent allocations
[    0.072057] cpuidle: using governor ladder
[    0.072272] cpuidle: using governor menu
[    0.096387] Serial: AMBA PL011 UART driver
[    0.098767] 9000000.pl011: ttyS0 at MMIO 0x9000000 (irq = 54, base_baud = 0) is a PL011 rev1
[    0.107075] console [ttyS0] enabled
[    0.132249] vgaarb: loaded
[    0.133907] SCSI subsystem initialized
[    0.135109] usbcore: registered new interface driver usbfs
[    0.135651] usbcore: registered new interface driver hub
[    0.136030] usbcore: registered new device driver usb
[    0.145707] cfg80211: Calling CRDA to update world regulatory domain
[    0.148171] Switched to clocksource arch_sys_counter
[    0.168633] NET: Registered protocol family 2
[    0.174084] TCP established hash table entries: 2048 (order: 1, 8192 bytes)
[    0.174368] TCP bind hash table entries: 2048 (order: 1, 8192 bytes)
[    0.174703] TCP: Hash tables configured (established 2048 bind 2048)
[    0.175300] UDP hash table entries: 256 (order: 0, 4096 bytes)
[    0.175549] UDP-Lite hash table entries: 256 (order: 0, 4096 bytes)
[    0.177191] NET: Registered protocol family 1
[    0.177701] PCI: CLS 0 bytes, default 64
[    0.185671] NetWinder Floating Point Emulator V0.97 (extended precision)
[    0.189481] futex hash table entries: 256 (order: -1, 3072 bytes)
[    0.195548] squashfs: version 4.0 (2009/01/31) Phillip Lougher
[    0.197123] jffs2: version 2.2. (NAND) © 2001-2006 Red Hat, Inc.
[    0.198189] romfs: ROMFS MTD (C) 2007 Red Hat, Inc.
[    0.207614] Block layer SCSI generic (bsg) driver version 0.4 loaded (major 253)
[    0.208230] io scheduler noop registered
[    0.208522] io scheduler cfq registered (default)
[    0.209275] firmadyne: devfs: 1, execute: 1, procfs: 1, syscall: 0
[    0.210814] ------------[ cut here ]------------
[    0.211017] WARNING: CPU: 0 PID: 1 at /home/vagrant/firmadyne-kernel/kernel-v4.1/fs/sysfs/dir.c:31 sysfs_warn_dup+0x50/0x6c()
[    0.211292] sysfs: cannot create duplicate filename '/class/gpio'
[    0.211452] Modules linked in:
[    0.211812] CPU: 0 PID: 1 Comm: swapper Not tainted 4.1.17+ #1
[    0.211954] Hardware name: Generic DT based system
[    0.212663] [<c001c99c>] (unwind_backtrace) from [<c0019d30>] (show_stack+0x10/0x14)
[    0.213014] [<c0019d30>] (show_stack) from [<c0024ab4>] (warn_slowpath_common+0x80/0xa8)
[    0.213230] [<c0024ab4>] (warn_slowpath_common) from [<c0024b08>] (warn_slowpath_fmt+0x2c/0x3c)
[    0.213483] [<c0024b08>] (warn_slowpath_fmt) from [<c00e363c>] (sysfs_warn_dup+0x50/0x6c)
[    0.213661] [<c00e363c>] (sysfs_warn_dup) from [<c00e3714>] (sysfs_create_dir_ns+0x74/0x84)
[    0.213911] [<c00e3714>] (sysfs_create_dir_ns) from [<c018e6ac>] (kobject_add_internal+0xb8/0x2ac)
[    0.214121] [<c018e6ac>] (kobject_add_internal) from [<c018e9a8>] (kset_register+0x1c/0x44)
[    0.214331] [<c018e9a8>] (kset_register) from [<c02090b4>] (__class_register+0xa8/0x198)
[    0.214504] [<c02090b4>] (__class_register) from [<c02091e4>] (__class_create+0x40/0x70)
[    0.214676] [<c02091e4>] (__class_create) from [<c01adf68>] (register_devfs_stubs+0x314/0xbb4)
[    0.214884] [<c01adf68>] (register_devfs_stubs) from [<c05d9b08>] (init_module+0x28/0xa4)
[    0.215092] [<c05d9b08>] (init_module) from [<c0009670>] (do_one_initcall+0x104/0x1b4)
[    0.215285] [<c0009670>] (do_one_initcall) from [<c05c7d08>] (kernel_init_freeable+0xf0/0x1b0)
[    0.215469] [<c05c7d08>] (kernel_init_freeable) from [<c040f28c>] (kernel_init+0x8/0xe4)
[    0.215636] [<c040f28c>] (kernel_init) from [<c0016da8>] (ret_from_fork+0x14/0x2c)
[    0.216003] ---[ end trace ef360eeaa8de7bce ]---
[    0.216316] ------------[ cut here ]------------
[    0.216496] WARNING: CPU: 0 PID: 1 at /home/vagrant/firmadyne-kernel/kernel-v4.1/lib/kobject.c:240 kobject_add_internal+0x240/0x2ac()
[    0.216740] kobject_add_internal failed for gpio with -EEXIST, don't try to register things with the same name in the same directory.
[    0.216972] Modules linked in:
[    0.217121] CPU: 0 PID: 1 Comm: swapper Tainted: G        W       4.1.17+ #1
[    0.217258] Hardware name: Generic DT based system
[    0.217379] [<c001c99c>] (unwind_backtrace) from [<c0019d30>] (show_stack+0x10/0x14)
[    0.217546] [<c0019d30>] (show_stack) from [<c0024ab4>] (warn_slowpath_common+0x80/0xa8)
[    0.217741] [<c0024ab4>] (warn_slowpath_common) from [<c0024b08>] (warn_slowpath_fmt+0x2c/0x3c)
[    0.218110] [<c0024b08>] (warn_slowpath_fmt) from [<c018e834>] (kobject_add_internal+0x240/0x2ac)
[    0.218314] [<c018e834>] (kobject_add_internal) from [<c018e9a8>] (kset_register+0x1c/0x44)
[    0.218488] [<c018e9a8>] (kset_register) from [<c02090b4>] (__class_register+0xa8/0x198)
[    0.218658] [<c02090b4>] (__class_register) from [<c02091e4>] (__class_create+0x40/0x70)
[    0.218852] [<c02091e4>] (__class_create) from [<c01adf68>] (register_devfs_stubs+0x314/0xbb4)
[    0.219035] [<c01adf68>] (register_devfs_stubs) from [<c05d9b08>] (init_module+0x28/0xa4)
[    0.219221] [<c05d9b08>] (init_module) from [<c0009670>] (do_one_initcall+0x104/0x1b4)
[    0.219392] [<c0009670>] (do_one_initcall) from [<c05c7d08>] (kernel_init_freeable+0xf0/0x1b0)
[    0.219570] [<c05c7d08>] (kernel_init_freeable) from [<c040f28c>] (kernel_init+0x8/0xe4)
[    0.219766] [<c040f28c>] (kernel_init) from [<c0016da8>] (ret_from_fork+0x14/0x2c)
[    0.219952] ---[ end trace ef360eeaa8de7bcf ]---
[    0.220122] firmadyne: Cannot create device class: gpio!
[    0.222481] firmadyne: Cannot register character device: watchdog, 0xa, 0x82!
[    0.222686] firmadyne: Cannot register character device: wdt, 0xfd, 0x0!
[    0.310812] PCI host bridge /pcie@10000000 ranges:
[    0.311431]    IO 0x3eff0000..0x3effffff -> 0x00000000
[    0.311823]   MEM 0x10000000..0x3efeffff -> 0x10000000
[    0.311958]   MEM 0x8000000000..0xffffffffff -> 0x8000000000
[    0.312656] pci-host-generic 3f000000.pcie: resource collision: [mem 0x00000000-0xffffffff] conflicts with /pl011@9000000 [mem 0x09000000-0x09000fff]
[    0.313427] pci-host-generic: probe of 3f000000.pcie failed with error -16
[    0.326334] Non-volatile memory driver v1.3
[    0.351833] brd: module loaded
[    0.362944] loop: module loaded
[    0.376029]  vda: vda1
[    0.388353] 0.flash: Found 2 x16 devices at 0x0 in 32-bit bank. Manufacturer ID 0x000000 Chip ID 0x000000
[    0.389019] Intel/Sharp Extended Query Table at 0x0031
[    0.390175] Using buffer write method
[    0.390599] erase region 0: offset=0x0,size=0x40000,blocks=256
[    0.397794] 0.flash: Found 2 x16 devices at 0x0 in 32-bit bank. Manufacturer ID 0x000000 Chip ID 0x000000
[    0.398273] Intel/Sharp Extended Query Table at 0x0031
[    0.399072] Using buffer write method
[    0.399188] erase region 0: offset=0x0,size=0x40000,blocks=256
[    0.399427] Concatenating MTD devices:
[    0.399537] (0): "0.flash"
[    0.399611] (1): "0.flash"
[    0.399680] into device "0.flash"
[    0.412632] [nandsim] warning: read_byte: unexpected data output cycle, state is STATE_READY return 0x0
[    0.412887] [nandsim] warning: read_byte: unexpected data output cycle, state is STATE_READY return 0x0
[    0.413065] [nandsim] warning: read_byte: unexpected data output cycle, state is STATE_READY return 0x0
[    0.413271] [nandsim] warning: read_byte: unexpected data output cycle, state is STATE_READY return 0x0
[    0.413442] [nandsim] warning: read_byte: unexpected data output cycle, state is STATE_READY return 0x0
[    0.413612] [nandsim] warning: read_byte: unexpected data output cycle, state is STATE_READY return 0x0
[    0.414031] nand: device found, Manufacturer ID: 0x98, Chip ID: 0x39
[    0.414194] nand: Toshiba NAND 128MiB 1,8V 8-bit
[    0.414333] nand: 128 MiB, SLC, erase size: 16 KiB, page size: 512, OOB size: 16
[    0.415271] flash size: 128 MiB
[    0.415360] page size: 512 bytes
[    0.415436] OOB area size: 16 bytes
[    0.415517] sector size: 16 KiB
[    0.415589] pages number: 262144
[    0.415662] pages per sector: 32
[    0.415735] bus width: 8
[    0.415797] bits in sector size: 14
[    0.415874] bits in page size: 9
[    0.415951] bits in OOB size: 4
[    0.416031] flash size with OOB: 135168 KiB
[    0.416138] page address bytes: 4
[    0.416210] sector address bytes: 3
[    0.416303] options: 0x42
[    0.420572] Scanning device for bad blocks
[    0.530151] firmadyne: do_execve: /firmadyne/console
[    0.530367] OFFSETS: offset of pid: 0x190 offset of comm: 0x270
[    0.530840] Creating 11 MTD partitions on "NAND 128MiB 1,8V 8-bit":
[    0.531268] 0x000000000000-0x000000100000 : "NAND simulator partition 0"
[    0.533566] 0x000000100000-0x000000200000 : "NAND simulator partition 1"
[    0.534983] 0x000000200000-0x000000300000 : "NAND simulator partition 2"
[    0.536386] 0x000000300000-0x000000400000 : "NAND simulator partition 3"
[    0.537825] 0x000000400000-0x000000500000 : "NAND simulator partition 4"
[    0.539440] 0x000000500000-0x000000600000 : "NAND simulator partition 5"
[    0.540867] 0x000000600000-0x000000700000 : "NAND simulator partition 6"
[    0.542491] 0x000000700000-0x000000800000 : "NAND simulator partition 7"
[    0.543872] 0x000000800000-0x000000900000 : "NAND simulator partition 8"
[    0.545261] 0x000000900000-0x000000a00000 : "NAND simulator partition 9"
[    0.546678] 0x000000a00000-0x000008000000 : "NAND simulator partition 10"
[    0.552547] tun: Universal TUN/TAP device driver, 1.6
[    0.552703] tun: (C) 1999-2004 Max Krasnyansky <maxk@qualcomm.com>
[    0.564237] PPP generic driver version 2.4.2
[    0.565006] PPP BSD Compression module registered
[    0.565190] PPP Deflate Compression module registered
[    0.565426] PPP MPPE Compression module registered
[    0.565563] NET: Registered protocol family 24
[    0.565881] PPTP driver version 0.8.5
[    0.567552] usbcore: registered new interface driver usb-storage
[    0.571069] rtc-pl031 9010000.pl031: rtc core: registered pl031 as rtc0
[    0.571861] hidraw: raw HID events driver (C) Jiri Kosina
[    0.572427] usbcore: registered new interface driver usbhid
[    0.572560] usbhid: USB HID core driver
[    0.573020] Netfilter messages via NETLINK v0.30.
[    0.573681] nf_conntrack version 0.5.0 (3958 buckets, 15832 max)
[    0.575133] ctnetlink v0.93: registering with nfnetlink.
[    0.576594] ipip: IPv4 over IPv4 tunneling driver
[    0.578936] gre: GRE over IPv4 demultiplexor driver
[    0.579101] ip_gre: GRE over IPv4 tunneling driver
[    0.583791] ip_tables: (C) 2000-2006 Netfilter Core Team
[    0.585524] arp_tables: (C) 2002 David S. Miller
[    0.586584] Initializing XFRM netlink socket
[    0.587118] NET: Registered protocol family 10
[    0.594473] ip6_tables: (C) 2000-2006 Netfilter Core Team
[    0.596260] sit: IPv6 over IPv4 tunneling driver
[    0.600281] NET: Registered protocol family 17
[    0.600946] bridge: automatic filtering via arp/ip/ip6tables has been deprecated. Update your scripts to load br_netfilter if you need this.
[    0.601291] Bridge firewalling registered
[    0.601441] Ebtables v2.0 registered
[    0.602650] 8021q: 802.1Q VLAN Support v1.8
[    0.603305] Registering SWP/SWPB emulation handler
[    0.606162] rtc-pl031 9010000.pl031: setting system clock to 2018-07-19 09:46:04 UTC (1531993564)
[    0.617232] EXT4-fs (vda1): couldn't mount as ext3 due to feature incompatibilities
[    0.619498] EXT4-fs (vda1): mounting ext2 file system using the ext4 subsystem
[    0.628743] EXT4-fs (vda1): warning: mounting unchecked fs, running e2fsck is recommended
[    0.631655] EXT4-fs (vda1): mounted filesystem without journal. Opts: (null)
[    0.632756] VFS: Mounted root (ext2 filesystem) on device 254:1.
[    0.651188] Freeing unused kernel memory: 180K (c05c7000 - c05f4000)
[    0.754561] firmadyne: sys_reboot[PID: 54 (init)]: magic1:fee1dead, magic2:28121969, cmd:0
Using /lib/modules/mvKernelExt.ko
insmod: kernel-module version mismatch
	/lib/modules/mvKernelExt.ko was compiled for kernel version 
	while this kernel is version 4.1.17+.
Using /lib/modules/mvPpDrv.ko
insmod: kernel-module version mismatch
	/lib/modules/mvPpDrv.ko was compiled for kernel version 
	while this kernel is version 4.1.17+.
Fri May 23 14:32:00 UTC 2008




Linux MARVELL_LINUX 4.1.17+ #1 Thu Feb 18 01:05:21 UTC 2016


Welcome to Embedded Linux
           _  _
          | ||_|
          | | _ ____  _   _  _  _ 
          | || |  _ \| | | |\ \/ /
          | || | | | | |_| |/    \
          |_||_|_| |_|\____|\_/\_/

          On Marvell's ARM board

For further information on the Marvell products check:
http://www.marvell.com/

toochain=gnueabi

Enjoy!



BusyBox v1.01 (2008.10.02-12:33+0000) Built-in shell (ash)
Enter 'help' for a list of built-in commands.

/ # [    3.300648] cfg80211: Calling CRDA to update world regulatory domain
[    6.448561] cfg80211: Calling CRDA to update world regulatory domain
[    9.599046] cfg80211: Calling CRDA to update world regulatory domain
[   12.749528] cfg80211: Calling CRDA to update world regulatory domain
[   15.899845] cfg80211: Calling CRDA to update world regulatory domain
[   19.048768] cfg80211: Calling CRDA to update world regulatory domain
[   22.199494] cfg80211: Calling CRDA to update world regulatory domain
[   25.348700] cfg80211: Calling CRDA to update world regulatory domain
[   28.498737] cfg80211: Calling CRDA to update world regulatory domain
[   31.651034] cfg80211: Calling CRDA to update world regulatory domain
[   34.800032] cfg80211: Exceeded CRDA call max attempts. Not calling CRDA
