>> Database Image ID: 125

/home/zhumengfan/firmware/firmwares/f7c7c57b35e4d7a8f4cfcf832624b8783e7d5ecb.ZIP
>> MD5: 433ebc81b779abb128db56413c761423
>> Tag: 125
>> Temp: /tmp/tmpEKhXHI
>> Status: Kernel: True, Rootfs: False, Do_Kernel: False,                 Do_Rootfs: True
>>>> Zip archive data, at least v2.0 to extract, compressed size: 6197908, uncompressed size: 6221712, name: DES-1210-52_REVA_FIRMWARE_2.01.014.HEX
>> Recursing into archive ...
	
/tmp/tmpEKhXHI/_f7c7c57b35e4d7a8f4cfcf832624b8783e7d5ecb.ZIP.extracted/DES-1210-52_REVA_FIRMWARE_2.01.014.HEX
	>> MD5: b27a4ed6bbc3a4c1a693a79c5e0610a2
	>> Tag: 125
	>> Temp: /tmp/tmpqNBCW6
	>> Status: Kernel: True, Rootfs: False, Do_Kernel: False,                 Do_Rootfs: True
	>>>> Squashfs filesystem, little endian, version 3.1, size: 5041928 bytes, 222 inodes, blocksize: 131072 bytes, created: 2011-07-15 06:03:52
	>>>> Found Linux filesystem in /tmp/tmpqNBCW6/_DES-1210-52_REVA_FIRMWARE_2.01.014.HEX.extracted/squashfs-root!
	>> Skipping: completed!
	>> Cleaning up /tmp/tmpqNBCW6...
>> Skipping: completed!
>> Cleaning up /tmp/tmpEKhXHI...
./bin/busybox: armel
Querying database for architecture... armel
----Running----
----Copying Filesystem Tarball----
----Creating QEMU Image----
Formatting '/home/zhumengfan/firmadyne//scratch//125//image.raw', fmt=raw size=1073741824
----Creating Partition Table----

Welcome to fdisk (util-linux 2.27.1).
Changes will remain in memory only, until you decide to write them.
Be careful before using the write command.

Device does not contain a recognized partition table.
Created a new DOS disklabel with disk identifier 0x529df5ba.

Command (m for help): Created a new DOS disklabel with disk identifier 0x600f2c46.

Command (m for help): Partition type
   p   primary (0 primary, 0 extended, 4 free)
   e   extended (container for logical partitions)
Select (default p): Partition number (1-4, default 1): First sector (2048-2097151, default 2048): Last sector, +sectors or +size{K,M,G,T,P} (2048-2097151, default 2097151): 
Created a new partition 1 of type 'Linux' and of size 1023 MiB.

Command (m for help): The partition table has been altered.
Syncing disks.

----Mounting QEMU Image----
add map loop0p1 (252:0): 0 2095104 linear 7:0 2048
----Creating Filesystem----
mke2fs 1.42.13 (17-May-2015)
Discarding device blocks:   4096/261888             done                            
Creating filesystem with 261888 4k blocks and 65536 inodes
Filesystem UUID: 1777aa65-a087-49d8-82de-cf10cc13ad55
Superblock backups stored on blocks: 
	32768, 98304, 163840, 229376

Allocating group tables: 0/8   done                            
Writing inode tables: 0/8   done                            
Writing superblocks and filesystem accounting information: 0/8   done

----Making QEMU Image Mountpoint----
----Mounting QEMU Image Partition 1----
----Extracting Filesystem Tarball----
----Creating FIRMADYNE Directories----
----Patching Filesystem (chroot)----
Creating /etc/TZ!
Creating /etc/hosts!
Warning: Recreating device nodes!
mkdir: can't create directory '/dev/mtd': No such file or directory
mknod: /dev/mtd/0: No such file or directory
mknod: /dev/mtd/1: No such file or directory
mknod: /dev/mtd/2: No such file or directory
mknod: /dev/mtd/3: No such file or directory
mknod: /dev/mtd/4: No such file or directory
mknod: /dev/mtd/5: No such file or directory
mknod: /dev/mtd/6: No such file or directory
mknod: /dev/mtd/7: No such file or directory
mknod: /dev/mtd/8: No such file or directory
mknod: /dev/mtd/9: No such file or directory
mknod: /dev/mtd/10: No such file or directory
Removing /etc/scripts/sys_resetbutton!
----Setting up FIRMADYNE----
----Unmounting QEMU Image----
loop deleted : /dev/loop0
Querying database for architecture... armel
Running firmware 125: terminating after 60 secs...
qemu-system-arm: terminating on signal 2 from pid 128850 (timeout)
Inferring network...
Interfaces: []
Done!
[    0.000000] Booting Linux on physical CPU 0x0
[    0.000000] Linux version 4.1.17+ (vagrant@vagrant-ubuntu-trusty-64) (gcc version 5.3.0 (GCC) ) #1 Thu Feb 18 01:05:21 UTC 2016
[    0.000000] CPU: ARMv7 Processor [412fc0f1] revision 1 (ARMv7), cr=10c5387d
[    0.000000] CPU: PIPT / VIPT nonaliasing data cache, PIPT instruction cache
[    0.000000] Machine model: linux,dummy-virt
[    0.000000] debug: ignoring loglevel setting.
[    0.000000] Memory policy: Data cache writeback
[    0.000000] On node 0 totalpages: 65536
[    0.000000] free_area_init_node: node 0, pgdat c061dfe8, node_mem_map cfdf9000
[    0.000000]   Normal zone: 512 pages used for memmap
[    0.000000]   Normal zone: 0 pages reserved
[    0.000000]   Normal zone: 65536 pages, LIFO batch:15
[    0.000000] psci: probing for conduit method from DT.
[    0.000000] psci: PSCIv0.2 detected in firmware.
[    0.000000] psci: Using standard PSCI v0.2 function IDs
[    0.000000] CPU: All CPU(s) started in SVC mode.
[    0.000000] pcpu-alloc: s0 r0 d32768 u32768 alloc=1*32768
[    0.000000] pcpu-alloc: [0] 0 
[    0.000000] Built 1 zonelists in Zone order, mobility grouping on.  Total pages: 65024
[    0.000000] Kernel command line: firmadyne.syscall=1 root=/dev/vda1 console=ttyS0 nandsim.parts=64,64,64,64,64,64,64,64,64,64 rdinit=/firmadyne/preInit.sh rw debug ignore_loglevel print-fatal-signals=1 user_debug=31
[    0.000000] PID hash table entries: 1024 (order: 0, 4096 bytes)
[    0.000000] Dentry cache hash table entries: 32768 (order: 5, 131072 bytes)
[    0.000000] Inode-cache hash table entries: 16384 (order: 4, 65536 bytes)
[    0.000000] Memory: 253340K/262144K available (4297K kernel code, 170K rwdata, 1584K rodata, 180K init, 148K bss, 8804K reserved, 0K cma-reserved)
[    0.000000] Virtual kernel memory layout:
[    0.000000]     vector  : 0xffff0000 - 0xffff1000   (   4 kB)
[    0.000000]     fixmap  : 0xffc00000 - 0xfff00000   (3072 kB)
[    0.000000]     vmalloc : 0xd0800000 - 0xff000000   ( 744 MB)
[    0.000000]     lowmem  : 0xc0000000 - 0xd0000000   ( 256 MB)
[    0.000000]     modules : 0xbf000000 - 0xc0000000   (  16 MB)
[    0.000000]       .text : 0xc0008000 - 0xc05c67bc   (5882 kB)
[    0.000000]       .init : 0xc05c7000 - 0xc05f4000   ( 180 kB)
[    0.000000]       .data : 0xc05f4000 - 0xc061e840   ( 171 kB)
[    0.000000]        .bss : 0xc0621000 - 0xc06462d4   ( 149 kB)
[    0.000000] NR_IRQS:16 nr_irqs:16 16
[    0.000000] Architected cp15 timer(s) running at 62.50MHz (virt).
[    0.000000] clocksource arch_sys_counter: mask: 0xffffffffffffff max_cycles: 0x1cd42e208c, max_idle_ns: 881590405314 ns
[    0.000163] sched_clock: 56 bits at 62MHz, resolution 16ns, wraps every 4398046511096ns
[    0.000305] Switching to timer-based delay loop, resolution 16ns
[    0.003401] Console: colour dummy device 80x30
[    0.003736] Calibrating delay loop (skipped), value calculated using timer frequency.. 125.00 BogoMIPS (lpj=625000)
[    0.003870] pid_max: default: 32768 minimum: 301
[    0.004765] Mount-cache hash table entries: 1024 (order: 0, 4096 bytes)
[    0.004803] Mountpoint-cache hash table entries: 1024 (order: 0, 4096 bytes)
[    0.014088] CPU: Testing write buffer coherency: ok
[    0.020113] Setting up static identity map for 0x40008240 - 0x40008298
[    0.284146] VFP support v0.3: implementor 41 architecture 4 part 30 variant f rev 0
[    0.296230] clocksource jiffies: mask: 0xffffffff max_cycles: 0xffffffff, max_idle_ns: 19112604462750000 ns
[    0.305496] NET: Registered protocol family 16
[    0.308848] DMA: preallocated 256 KiB pool for atomic coherent allocations
[    0.312971] cpuidle: using governor ladder
[    0.313129] cpuidle: using governor menu
[    0.510736] Serial: AMBA PL011 UART driver
[    0.512955] 9000000.pl011: ttyS0 at MMIO 0x9000000 (irq = 54, base_baud = 0) is a PL011 rev1
[    0.520369] console [ttyS0] enabled
[    0.543534] vgaarb: loaded
[    0.545045] SCSI subsystem initialized
[    0.546163] usbcore: registered new interface driver usbfs
[    0.546521] usbcore: registered new interface driver hub
[    0.546848] usbcore: registered new device driver usb
[    0.556304] cfg80211: Calling CRDA to update world regulatory domain
[    0.558626] Switched to clocksource arch_sys_counter
[    2.783789] NET: Registered protocol family 2
[    2.789338] TCP established hash table entries: 2048 (order: 1, 8192 bytes)
[    2.789622] TCP bind hash table entries: 2048 (order: 1, 8192 bytes)
[    2.789934] TCP: Hash tables configured (established 2048 bind 2048)
[    2.790550] UDP hash table entries: 256 (order: 0, 4096 bytes)
[    2.790802] UDP-Lite hash table entries: 256 (order: 0, 4096 bytes)
[    2.792273] NET: Registered protocol family 1
[    2.792752] PCI: CLS 0 bytes, default 64
[    2.800226] NetWinder Floating Point Emulator V0.97 (extended precision)
[    2.803041] futex hash table entries: 256 (order: -1, 3072 bytes)
[    2.808865] squashfs: version 4.0 (2009/01/31) Phillip Lougher
[    2.810359] jffs2: version 2.2. (NAND) © 2001-2006 Red Hat, Inc.
[    2.811181] romfs: ROMFS MTD (C) 2007 Red Hat, Inc.
[    2.820451] Block layer SCSI generic (bsg) driver version 0.4 loaded (major 253)
[    2.820804] io scheduler noop registered
[    2.821040] io scheduler cfq registered (default)
[    2.821712] firmadyne: devfs: 1, execute: 1, procfs: 1, syscall: 1
[    2.823082] ------------[ cut here ]------------
[    2.823290] WARNING: CPU: 0 PID: 1 at /home/vagrant/firmadyne-kernel/kernel-v4.1/fs/sysfs/dir.c:31 sysfs_warn_dup+0x50/0x6c()
[    2.823521] sysfs: cannot create duplicate filename '/class/gpio'
[    2.823683] Modules linked in:
[    2.823998] CPU: 0 PID: 1 Comm: swapper Not tainted 4.1.17+ #1
[    2.824144] Hardware name: Generic DT based system
[    2.824833] [<c001c99c>] (unwind_backtrace) from [<c0019d30>] (show_stack+0x10/0x14)
[    2.825110] [<c0019d30>] (show_stack) from [<c0024ab4>] (warn_slowpath_common+0x80/0xa8)
[    2.825311] [<c0024ab4>] (warn_slowpath_common) from [<c0024b08>] (warn_slowpath_fmt+0x2c/0x3c)
[    2.825552] [<c0024b08>] (warn_slowpath_fmt) from [<c00e363c>] (sysfs_warn_dup+0x50/0x6c)
[    2.825733] [<c00e363c>] (sysfs_warn_dup) from [<c00e3714>] (sysfs_create_dir_ns+0x74/0x84)
[    2.825916] [<c00e3714>] (sysfs_create_dir_ns) from [<c018e6ac>] (kobject_add_internal+0xb8/0x2ac)
[    2.826135] [<c018e6ac>] (kobject_add_internal) from [<c018e9a8>] (kset_register+0x1c/0x44)
[    2.826315] [<c018e9a8>] (kset_register) from [<c02090b4>] (__class_register+0xa8/0x198)
[    2.826492] [<c02090b4>] (__class_register) from [<c02091e4>] (__class_create+0x40/0x70)
[    2.826664] [<c02091e4>] (__class_create) from [<c01adf68>] (register_devfs_stubs+0x314/0xbb4)
[    2.826847] [<c01adf68>] (register_devfs_stubs) from [<c05d9b08>] (init_module+0x28/0xa4)
[    2.827050] [<c05d9b08>] (init_module) from [<c0009670>] (do_one_initcall+0x104/0x1b4)
[    2.827223] [<c0009670>] (do_one_initcall) from [<c05c7d08>] (kernel_init_freeable+0xf0/0x1b0)
[    2.827410] [<c05c7d08>] (kernel_init_freeable) from [<c040f28c>] (kernel_init+0x8/0xe4)
[    2.827579] [<c040f28c>] (kernel_init) from [<c0016da8>] (ret_from_fork+0x14/0x2c)
[    2.827838] ---[ end trace 5191979bf67a60d3 ]---
[    2.828038] ------------[ cut here ]------------
[    2.828153] WARNING: CPU: 0 PID: 1 at /home/vagrant/firmadyne-kernel/kernel-v4.1/lib/kobject.c:240 kobject_add_internal+0x240/0x2ac()
[    2.828568] kobject_add_internal failed for gpio with -EEXIST, don't try to register things with the same name in the same directory.
[    2.828792] Modules linked in:
[    2.828946] CPU: 0 PID: 1 Comm: swapper Tainted: G        W       4.1.17+ #1
[    2.829085] Hardware name: Generic DT based system
[    2.829207] [<c001c99c>] (unwind_backtrace) from [<c0019d30>] (show_stack+0x10/0x14)
[    2.829373] [<c0019d30>] (show_stack) from [<c0024ab4>] (warn_slowpath_common+0x80/0xa8)
[    2.829545] [<c0024ab4>] (warn_slowpath_common) from [<c0024b08>] (warn_slowpath_fmt+0x2c/0x3c)
[    2.829727] [<c0024b08>] (warn_slowpath_fmt) from [<c018e834>] (kobject_add_internal+0x240/0x2ac)
[    2.829949] [<c018e834>] (kobject_add_internal) from [<c018e9a8>] (kset_register+0x1c/0x44)
[    2.830167] [<c018e9a8>] (kset_register) from [<c02090b4>] (__class_register+0xa8/0x198)
[    2.830350] [<c02090b4>] (__class_register) from [<c02091e4>] (__class_create+0x40/0x70)
[    2.830549] [<c02091e4>] (__class_create) from [<c01adf68>] (register_devfs_stubs+0x314/0xbb4)
[    2.830731] [<c01adf68>] (register_devfs_stubs) from [<c05d9b08>] (init_module+0x28/0xa4)
[    2.830947] [<c05d9b08>] (init_module) from [<c0009670>] (do_one_initcall+0x104/0x1b4)
[    2.831110] [<c0009670>] (do_one_initcall) from [<c05c7d08>] (kernel_init_freeable+0xf0/0x1b0)
[    2.831295] [<c05c7d08>] (kernel_init_freeable) from [<c040f28c>] (kernel_init+0x8/0xe4)
[    2.831466] [<c040f28c>] (kernel_init) from [<c0016da8>] (ret_from_fork+0x14/0x2c)
[    2.831650] ---[ end trace 5191979bf67a60d4 ]---
[    2.831818] firmadyne: Cannot create device class: gpio!
[    2.833723] firmadyne: Cannot register character device: watchdog, 0xa, 0x82!
[    2.833903] firmadyne: Cannot register character device: wdt, 0xfd, 0x0!
[    2.916577] PCI host bridge /pcie@10000000 ranges:
[    2.917151]    IO 0x3eff0000..0x3effffff -> 0x00000000
[    2.917516]   MEM 0x10000000..0x3efeffff -> 0x10000000
[    2.917649]   MEM 0x8000000000..0xffffffffff -> 0x8000000000
[    5.100068] pci-host-generic 3f000000.pcie: resource collision: [mem 0x00000000-0xffffffff] conflicts with /pl011@9000000 [mem 0x09000000-0x09000fff]
[    5.100857] pci-host-generic: probe of 3f000000.pcie failed with error -16
[    5.112517] Non-volatile memory driver v1.3
[    5.441916] cfg80211: Calling CRDA to update world regulatory domain
[    5.461754] brd: module loaded
[    5.471997] loop: module loaded
[    5.982660]  vda: vda1
[    5.994779] 0.flash: Found 2 x16 devices at 0x0 in 32-bit bank. Manufacturer ID 0x000000 Chip ID 0x000000
[    5.995437] Intel/Sharp Extended Query Table at 0x0031
[    5.996588] Using buffer write method
[    5.998275] erase region 0: offset=0x0,size=0x40000,blocks=256
[    6.006131] 0.flash: Found 2 x16 devices at 0x0 in 32-bit bank. Manufacturer ID 0x000000 Chip ID 0x000000
[    6.006389] Intel/Sharp Extended Query Table at 0x0031
[    6.007185] Using buffer write method
[    6.007303] erase region 0: offset=0x0,size=0x40000,blocks=256
[    6.007523] Concatenating MTD devices:
[    6.007631] (0): "0.flash"
[    6.007708] (1): "0.flash"
[    6.007776] into device "0.flash"
[    6.466654] [nandsim] warning: read_byte: unexpected data output cycle, state is STATE_READY return 0x0
[    6.466923] [nandsim] warning: read_byte: unexpected data output cycle, state is STATE_READY return 0x0
[    6.467116] [nandsim] warning: read_byte: unexpected data output cycle, state is STATE_READY return 0x0
[    6.467302] [nandsim] warning: read_byte: unexpected data output cycle, state is STATE_READY return 0x0
[    6.467483] [nandsim] warning: read_byte: unexpected data output cycle, state is STATE_READY return 0x0
[    6.467654] [nandsim] warning: read_byte: unexpected data output cycle, state is STATE_READY return 0x0
[    6.468073] nand: device found, Manufacturer ID: 0x98, Chip ID: 0x39
[    6.468221] nand: Toshiba NAND 128MiB 1,8V 8-bit
[    6.468470] nand: 128 MiB, SLC, erase size: 16 KiB, page size: 512, OOB size: 16
[    6.469410] flash size: 128 MiB
[    6.469497] page size: 512 bytes
[    6.469576] OOB area size: 16 bytes
[    6.469657] sector size: 16 KiB
[    6.469731] pages number: 262144
[    6.469804] pages per sector: 32
[    6.469878] bus width: 8
[    6.469940] bits in sector size: 14
[    6.470047] bits in page size: 9
[    6.470126] bits in OOB size: 4
[    6.470205] flash size with OOB: 135168 KiB
[    6.470295] page address bytes: 4
[    6.470373] sector address bytes: 3
[    6.470452] options: 0x42
[    7.345919] Scanning device for bad blocks
[    7.461462] firmadyne: do_execve: /firmadyne/console
[    7.461682] OFFSETS: offset of pid: 0x190 offset of comm: 0x270
[    7.462181] Creating 11 MTD partitions on "NAND 128MiB 1,8V 8-bit":
[    7.462610] 0x000000000000-0x000000100000 : "NAND simulator partition 0"
[    7.464832] 0x000000100000-0x000000200000 : "NAND simulator partition 1"
[    7.466231] 0x000000200000-0x000000300000 : "NAND simulator partition 2"
[    7.467614] 0x000000300000-0x000000400000 : "NAND simulator partition 3"
[    7.469150] 0x000000400000-0x000000500000 : "NAND simulator partition 4"
[    7.470542] 0x000000500000-0x000000600000 : "NAND simulator partition 5"
[    7.471933] 0x000000600000-0x000000700000 : "NAND simulator partition 6"
[    7.473512] 0x000000700000-0x000000800000 : "NAND simulator partition 7"
[    7.474858] 0x000000800000-0x000000900000 : "NAND simulator partition 8"
[    7.476213] 0x000000900000-0x000000a00000 : "NAND simulator partition 9"
[    7.477591] 0x000000a00000-0x000008000000 : "NAND simulator partition 10"
[    7.483262] tun: Universal TUN/TAP device driver, 1.6
[    7.483394] tun: (C) 1999-2004 Max Krasnyansky <maxk@qualcomm.com>
[   10.052796] PPP generic driver version 2.4.2
[   10.053643] PPP BSD Compression module registered
[   10.053830] PPP Deflate Compression module registered
[   10.054105] PPP MPPE Compression module registered
[   10.054250] NET: Registered protocol family 24
[   10.054593] PPTP driver version 0.8.5
[   10.055646] cfg80211: Calling CRDA to update world regulatory domain
[   11.155046] usbcore: registered new interface driver usb-storage
[   11.158736] rtc-pl031 9010000.pl031: rtc core: registered pl031 as rtc0
[   11.159537] hidraw: raw HID events driver (C) Jiri Kosina
[   11.160101] usbcore: registered new interface driver usbhid
[   11.160234] usbhid: USB HID core driver
[   11.160715] Netfilter messages via NETLINK v0.30.
[   11.161381] nf_conntrack version 0.5.0 (3958 buckets, 15832 max)
[   11.162885] ctnetlink v0.93: registering with nfnetlink.
[   11.164342] ipip: IPv4 over IPv4 tunneling driver
[   11.166554] gre: GRE over IPv4 demultiplexor driver
[   11.166727] ip_gre: GRE over IPv4 tunneling driver
[   11.171619] ip_tables: (C) 2000-2006 Netfilter Core Team
[   11.173375] arp_tables: (C) 2002 David S. Miller
[   11.174474] Initializing XFRM netlink socket
[   11.175020] NET: Registered protocol family 10
[   11.182528] ip6_tables: (C) 2000-2006 Netfilter Core Team
[   11.184323] sit: IPv6 over IPv4 tunneling driver
[   11.188222] NET: Registered protocol family 17
[   11.189078] bridge: automatic filtering via arp/ip/ip6tables has been deprecated. Update your scripts to load br_netfilter if you need this.
[   11.189432] Bridge firewalling registered
[   11.189581] Ebtables v2.0 registered
[   11.190828] 8021q: 802.1Q VLAN Support v1.8
[   11.191486] Registering SWP/SWPB emulation handler
[   11.194383] rtc-pl031 9010000.pl031: setting system clock to 2018-07-19 12:42:45 UTC (1532004165)
[   13.406277] cfg80211: Calling CRDA to update world regulatory domain
[   13.407175] EXT4-fs (vda1): couldn't mount as ext3 due to feature incompatibilities
[   13.409357] EXT4-fs (vda1): mounting ext2 file system using the ext4 subsystem
[   13.421425] EXT4-fs (vda1): mounted filesystem without journal. Opts: (null)
[   13.422614] VFS: Mounted root (ext2 filesystem) on device 254:1.
[   13.441162] Freeing unused kernel memory: 180K (c05c7000 - c05f4000)
[   16.740006] cfg80211: Calling CRDA to update world regulatory domain
[   16.781038] firmadyne: sys_reboot[PID: 54 (init)]: magic1:fee1dead, magic2:28121969, cmd:0
[   19.030310] firmadyne: sys_socket[PID: 1 (init)]: family:1, type:2, protocol:0
[   19.040662] firmadyne: sys_socket[PID: 55 (init)]: family:1, type:2, protocol:0
[   21.409083] cfg80211: Calling CRDA to update world regulatory domain
[   25.319197] cfg80211: Calling CRDA to update world regulatory domain
[   26.516693] firmadyne: sys_socket[PID: 64 (telnetd)]: family:2, type:1, protocol:0
[   26.519809] firmadyne: sys_setsockopt[PID: 64 (telnetd)]: fd:3, level:1, optname:2
[   26.520816] firmadyne: inet_bind[PID: 64 (telnetd)]: proto:SOCK_STREAM, port:23
Using /lib/modules/mvKernelExt.ko
[   30.334890] cfg80211: Calling CRDA to update world regulatory domain
insmod: kernel-module version mismatch
	/lib/modules/mvKernelExt.ko was compiled for kernel version 
	while this kernel is version 4.1.17+.
Using /lib/modules/mvPpDrv.ko
insmod: kernel-module version mismatch
	/lib/modules/mvPpDrv.ko was compiled for kernel version 
	while this kernel is version 4.1.17+.
Fri May 23 14:32:00 UTC 2008
[   34.735774] cfg80211: Calling CRDA to update world regulatory domain
[   34.742498] firmadyne: sys_socket[PID: 72 (ifconfig)]: family:2, type:2, protocol:0
[   34.744600] firmadyne: __inet_insert_ifa[PID: 72 (ifconfig)]: device:lo ifa:0x0100007f
[   34.749713] firmadyne: __inet_insert_ifa[PID: 72 (ifconfig)]: device:lo ifa:0x0100007f
Starting firmware emulation... use Ctrl-a + x to exit
qemu-system-arm: terminating on signal 2 from pid 128998 (timeout)
[    0.000000] Booting Linux on physical CPU 0x0
[    0.000000] Linux version 4.1.17+ (vagrant@vagrant-ubuntu-trusty-64) (gcc version 5.3.0 (GCC) ) #1 Thu Feb 18 01:05:21 UTC 2016
[    0.000000] CPU: ARMv7 Processor [412fc0f1] revision 1 (ARMv7), cr=10c5387d
[    0.000000] CPU: PIPT / VIPT nonaliasing data cache, PIPT instruction cache
[    0.000000] Machine model: linux,dummy-virt
[    0.000000] debug: ignoring loglevel setting.
[    0.000000] Memory policy: Data cache writeback
[    0.000000] On node 0 totalpages: 65536
[    0.000000] free_area_init_node: node 0, pgdat c061dfe8, node_mem_map cfdf9000
[    0.000000]   Normal zone: 512 pages used for memmap
[    0.000000]   Normal zone: 0 pages reserved
[    0.000000]   Normal zone: 65536 pages, LIFO batch:15
[    0.000000] psci: probing for conduit method from DT.
[    0.000000] psci: PSCIv0.2 detected in firmware.
[    0.000000] psci: Using standard PSCI v0.2 function IDs
[    0.000000] CPU: All CPU(s) started in SVC mode.
[    0.000000] pcpu-alloc: s0 r0 d32768 u32768 alloc=1*32768
[    0.000000] pcpu-alloc: [0] 0 
[    0.000000] Built 1 zonelists in Zone order, mobility grouping on.  Total pages: 65024
[    0.000000] Kernel command line: root=/dev/vda1 console=ttyS0 nandsim.parts=64,64,64,64,64,64,64,64,64,64 rdinit=/firmadyne/preInit.sh rw debug ignore_loglevel print-fatal-signals=1 user_debug=31 firmadyne.syscall=0
[    0.000000] PID hash table entries: 1024 (order: 0, 4096 bytes)
[    0.000000] Dentry cache hash table entries: 32768 (order: 5, 131072 bytes)
[    0.000000] Inode-cache hash table entries: 16384 (order: 4, 65536 bytes)
[    0.000000] Memory: 253340K/262144K available (4297K kernel code, 170K rwdata, 1584K rodata, 180K init, 148K bss, 8804K reserved, 0K cma-reserved)
[    0.000000] Virtual kernel memory layout:
[    0.000000]     vector  : 0xffff0000 - 0xffff1000   (   4 kB)
[    0.000000]     fixmap  : 0xffc00000 - 0xfff00000   (3072 kB)
[    0.000000]     vmalloc : 0xd0800000 - 0xff000000   ( 744 MB)
[    0.000000]     lowmem  : 0xc0000000 - 0xd0000000   ( 256 MB)
[    0.000000]     modules : 0xbf000000 - 0xc0000000   (  16 MB)
[    0.000000]       .text : 0xc0008000 - 0xc05c67bc   (5882 kB)
[    0.000000]       .init : 0xc05c7000 - 0xc05f4000   ( 180 kB)
[    0.000000]       .data : 0xc05f4000 - 0xc061e840   ( 171 kB)
[    0.000000]        .bss : 0xc0621000 - 0xc06462d4   ( 149 kB)
[    0.000000] NR_IRQS:16 nr_irqs:16 16
[    0.000000] Architected cp15 timer(s) running at 62.50MHz (virt).
[    0.000000] clocksource arch_sys_counter: mask: 0xffffffffffffff max_cycles: 0x1cd42e208c, max_idle_ns: 881590405314 ns
[    0.000158] sched_clock: 56 bits at 62MHz, resolution 16ns, wraps every 4398046511096ns
[    0.000338] Switching to timer-based delay loop, resolution 16ns
[    0.003519] Console: colour dummy device 80x30
[    0.003847] Calibrating delay loop (skipped), value calculated using timer frequency.. 125.00 BogoMIPS (lpj=625000)
[    0.003980] pid_max: default: 32768 minimum: 301
[    0.004916] Mount-cache hash table entries: 1024 (order: 0, 4096 bytes)
[    0.004956] Mountpoint-cache hash table entries: 1024 (order: 0, 4096 bytes)
[    0.014895] CPU: Testing write buffer coherency: ok
[    0.021426] Setting up static identity map for 0x40008240 - 0x40008298
[    0.036841] VFP support v0.3: implementor 41 architecture 4 part 30 variant f rev 0
[    0.049629] clocksource jiffies: mask: 0xffffffff max_cycles: 0xffffffff, max_idle_ns: 19112604462750000 ns
[    0.059349] NET: Registered protocol family 16
[    0.062781] DMA: preallocated 256 KiB pool for atomic coherent allocations
[    0.067215] cpuidle: using governor ladder
[    0.067383] cpuidle: using governor menu
[    0.089355] Serial: AMBA PL011 UART driver
[    0.091775] 9000000.pl011: ttyS0 at MMIO 0x9000000 (irq = 54, base_baud = 0) is a PL011 rev1
[    0.100255] console [ttyS0] enabled
[    0.124511] vgaarb: loaded
[    0.126424] SCSI subsystem initialized
[    0.127588] usbcore: registered new interface driver usbfs
[    0.128002] usbcore: registered new interface driver hub
[    0.128355] usbcore: registered new device driver usb
[    2.247640] cfg80211: Calling CRDA to update world regulatory domain
[    2.250270] Switched to clocksource arch_sys_counter
[    2.268857] NET: Registered protocol family 2
[    2.274884] TCP established hash table entries: 2048 (order: 1, 8192 bytes)
[    2.275151] TCP bind hash table entries: 2048 (order: 1, 8192 bytes)
[    2.275466] TCP: Hash tables configured (established 2048 bind 2048)
[    2.276025] UDP hash table entries: 256 (order: 0, 4096 bytes)
[    2.276279] UDP-Lite hash table entries: 256 (order: 0, 4096 bytes)
[    2.277729] NET: Registered protocol family 1
[    2.278190] PCI: CLS 0 bytes, default 64
[    2.285518] NetWinder Floating Point Emulator V0.97 (extended precision)
[    2.288547] futex hash table entries: 256 (order: -1, 3072 bytes)
[    2.294083] squashfs: version 4.0 (2009/01/31) Phillip Lougher
[    2.294690] jffs2: version 2.2. (NAND) © 2001-2006 Red Hat, Inc.
[    2.295492] romfs: ROMFS MTD (C) 2007 Red Hat, Inc.
[    2.304618] Block layer SCSI generic (bsg) driver version 0.4 loaded (major 253)
[    2.304934] io scheduler noop registered
[    2.305166] io scheduler cfq registered (default)
[    2.305862] firmadyne: devfs: 1, execute: 1, procfs: 1, syscall: 0
[    2.307193] ------------[ cut here ]------------
[    2.307400] WARNING: CPU: 0 PID: 1 at /home/vagrant/firmadyne-kernel/kernel-v4.1/fs/sysfs/dir.c:31 sysfs_warn_dup+0x50/0x6c()
[    2.307638] sysfs: cannot create duplicate filename '/class/gpio'
[    2.307803] Modules linked in:
[    2.308114] CPU: 0 PID: 1 Comm: swapper Not tainted 4.1.17+ #1
[    2.308258] Hardware name: Generic DT based system
[    2.308946] [<c001c99c>] (unwind_backtrace) from [<c0019d30>] (show_stack+0x10/0x14)
[    2.309229] [<c0019d30>] (show_stack) from [<c0024ab4>] (warn_slowpath_common+0x80/0xa8)
[    2.309442] [<c0024ab4>] (warn_slowpath_common) from [<c0024b08>] (warn_slowpath_fmt+0x2c/0x3c)
[    2.309689] [<c0024b08>] (warn_slowpath_fmt) from [<c00e363c>] (sysfs_warn_dup+0x50/0x6c)
[    2.309876] [<c00e363c>] (sysfs_warn_dup) from [<c00e3714>] (sysfs_create_dir_ns+0x74/0x84)
[    2.310190] [<c00e3714>] (sysfs_create_dir_ns) from [<c018e6ac>] (kobject_add_internal+0xb8/0x2ac)
[    2.310397] [<c018e6ac>] (kobject_add_internal) from [<c018e9a8>] (kset_register+0x1c/0x44)
[    2.310588] [<c018e9a8>] (kset_register) from [<c02090b4>] (__class_register+0xa8/0x198)
[    2.310772] [<c02090b4>] (__class_register) from [<c02091e4>] (__class_create+0x40/0x70)
[    2.310954] [<c02091e4>] (__class_create) from [<c01adf68>] (register_devfs_stubs+0x314/0xbb4)
[    2.311143] [<c01adf68>] (register_devfs_stubs) from [<c05d9b08>] (init_module+0x28/0xa4)
[    2.311359] [<c05d9b08>] (init_module) from [<c0009670>] (do_one_initcall+0x104/0x1b4)
[    2.311540] [<c0009670>] (do_one_initcall) from [<c05c7d08>] (kernel_init_freeable+0xf0/0x1b0)
[    2.311734] [<c05c7d08>] (kernel_init_freeable) from [<c040f28c>] (kernel_init+0x8/0xe4)
[    2.311911] [<c040f28c>] (kernel_init) from [<c0016da8>] (ret_from_fork+0x14/0x2c)
[    2.312173] ---[ end trace 7e3cef25c8295a5c ]---
[    2.312377] ------------[ cut here ]------------
[    2.312495] WARNING: CPU: 0 PID: 1 at /home/vagrant/firmadyne-kernel/kernel-v4.1/lib/kobject.c:240 kobject_add_internal+0x240/0x2ac()
[    2.312724] kobject_add_internal failed for gpio with -EEXIST, don't try to register things with the same name in the same directory.
[    2.312948] Modules linked in:
[    2.313092] CPU: 0 PID: 1 Comm: swapper Tainted: G        W       4.1.17+ #1
[    2.313237] Hardware name: Generic DT based system
[    2.313374] [<c001c99c>] (unwind_backtrace) from [<c0019d30>] (show_stack+0x10/0x14)
[    2.313547] [<c0019d30>] (show_stack) from [<c0024ab4>] (warn_slowpath_common+0x80/0xa8)
[    2.313726] [<c0024ab4>] (warn_slowpath_common) from [<c0024b08>] (warn_slowpath_fmt+0x2c/0x3c)
[    2.313914] [<c0024b08>] (warn_slowpath_fmt) from [<c018e834>] (kobject_add_internal+0x240/0x2ac)
[    2.314115] [<c018e834>] (kobject_add_internal) from [<c018e9a8>] (kset_register+0x1c/0x44)
[    2.314295] [<c018e9a8>] (kset_register) from [<c02090b4>] (__class_register+0xa8/0x198)
[    2.314471] [<c02090b4>] (__class_register) from [<c02091e4>] (__class_create+0x40/0x70)
[    2.314647] [<c02091e4>] (__class_create) from [<c01adf68>] (register_devfs_stubs+0x314/0xbb4)
[    2.314834] [<c01adf68>] (register_devfs_stubs) from [<c05d9b08>] (init_module+0x28/0xa4)
[    2.315013] [<c05d9b08>] (init_module) from [<c0009670>] (do_one_initcall+0x104/0x1b4)
[    2.315187] [<c0009670>] (do_one_initcall) from [<c05c7d08>] (kernel_init_freeable+0xf0/0x1b0)
[    2.315371] [<c05c7d08>] (kernel_init_freeable) from [<c040f28c>] (kernel_init+0x8/0xe4)
[    2.315543] [<c040f28c>] (kernel_init) from [<c0016da8>] (ret_from_fork+0x14/0x2c)
[    2.315714] ---[ end trace 7e3cef25c8295a5d ]---
[    2.315880] firmadyne: Cannot create device class: gpio!
[    2.317948] firmadyne: Cannot register character device: watchdog, 0xa, 0x82!
[    2.318160] firmadyne: Cannot register character device: wdt, 0xfd, 0x0!
[    3.717968] PCI host bridge /pcie@10000000 ranges:
[    3.718559]    IO 0x3eff0000..0x3effffff -> 0x00000000
[    3.718961]   MEM 0x10000000..0x3efeffff -> 0x10000000
[    3.719099]   MEM 0x8000000000..0xffffffffff -> 0x8000000000
[    3.719796] pci-host-generic 3f000000.pcie: resource collision: [mem 0x00000000-0xffffffff] conflicts with /pl011@9000000 [mem 0x09000000-0x09000fff]
[    3.720681] pci-host-generic: probe of 3f000000.pcie failed with error -16
[    3.732710] Non-volatile memory driver v1.3
[    4.883431] brd: module loaded
[    4.893964] loop: module loaded
[    4.913344]  vda: vda1
[    4.925499] 0.flash: Found 2 x16 devices at 0x0 in 32-bit bank. Manufacturer ID 0x000000 Chip ID 0x000000
[    4.926221] Intel/Sharp Extended Query Table at 0x0031
[    4.927388] Using buffer write method
[    4.927817] erase region 0: offset=0x0,size=0x40000,blocks=256
[    4.935211] 0.flash: Found 2 x16 devices at 0x0 in 32-bit bank. Manufacturer ID 0x000000 Chip ID 0x000000
[    4.935434] Intel/Sharp Extended Query Table at 0x0031
[    4.936197] Using buffer write method
[    4.936315] erase region 0: offset=0x0,size=0x40000,blocks=256
[    4.936518] Concatenating MTD devices:
[    4.936628] (0): "0.flash"
[    4.936707] (1): "0.flash"
[    4.936778] into device "0.flash"
[    5.252852] [nandsim] warning: read_byte: unexpected data output cycle, state is STATE_READY return 0x0
[    5.253094] [nandsim] warning: read_byte: unexpected data output cycle, state is STATE_READY return 0x0
[    5.253299] [nandsim] warning: read_byte: unexpected data output cycle, state is STATE_READY return 0x0
[    5.253478] [nandsim] warning: read_byte: unexpected data output cycle, state is STATE_READY return 0x0
[    5.253654] [nandsim] warning: read_byte: unexpected data output cycle, state is STATE_READY return 0x0
[    5.253839] [nandsim] warning: read_byte: unexpected data output cycle, state is STATE_READY return 0x0
[    5.254273] nand: device found, Manufacturer ID: 0x98, Chip ID: 0x39
[    5.254425] nand: Toshiba NAND 128MiB 1,8V 8-bit
[    5.254556] nand: 128 MiB, SLC, erase size: 16 KiB, page size: 512, OOB size: 16
[    5.255462] flash size: 128 MiB
[    5.255549] page size: 512 bytes
[    5.255626] OOB area size: 16 bytes
[    5.255707] sector size: 16 KiB
[    5.255781] pages number: 262144
[    5.255856] pages per sector: 32
[    5.255930] bus width: 8
[    5.255992] bits in sector size: 14
[    5.256075] bits in page size: 9
[    5.256154] bits in OOB size: 4
[    5.256232] flash size with OOB: 135168 KiB
[    5.256323] page address bytes: 4
[    5.256398] sector address bytes: 3
[    5.256478] options: 0x42
[    7.221648] Scanning device for bad blocks
[    7.341661] cfg80211: Calling CRDA to update world regulatory domain
[    7.342922] firmadyne: do_execve: /firmadyne/console
[    7.343104] OFFSETS: offset of pid: 0x190 offset of comm: 0x270
[    7.343588] Creating 11 MTD partitions on "NAND 128MiB 1,8V 8-bit":
[    7.344048] 0x000000000000-0x000000100000 : "NAND simulator partition 0"
[    7.346447] 0x000000100000-0x000000200000 : "NAND simulator partition 1"
[    7.347885] 0x000000200000-0x000000300000 : "NAND simulator partition 2"
[    7.349300] 0x000000300000-0x000000400000 : "NAND simulator partition 3"
[    7.350930] 0x000000400000-0x000000500000 : "NAND simulator partition 4"
[    7.352340] 0x000000500000-0x000000600000 : "NAND simulator partition 5"
[    7.353803] 0x000000600000-0x000000700000 : "NAND simulator partition 6"
[    7.355551] 0x000000700000-0x000000800000 : "NAND simulator partition 7"
[    7.356961] 0x000000800000-0x000000900000 : "NAND simulator partition 8"
[    7.358439] 0x000000900000-0x000000a00000 : "NAND simulator partition 9"
[    7.359935] 0x000000a00000-0x000008000000 : "NAND simulator partition 10"
[    7.365925] tun: Universal TUN/TAP device driver, 1.6
[    7.366070] tun: (C) 1999-2004 Max Krasnyansky <maxk@qualcomm.com>
[    7.716769] PPP generic driver version 2.4.2
[    7.717629] PPP BSD Compression module registered
[    7.717825] PPP Deflate Compression module registered
[    7.718085] PPP MPPE Compression module registered
[    7.718226] NET: Registered protocol family 24
[    7.718564] PPTP driver version 0.8.5
[    7.720522] usbcore: registered new interface driver usb-storage
[    7.724091] rtc-pl031 9010000.pl031: rtc core: registered pl031 as rtc0
[    7.724871] hidraw: raw HID events driver (C) Jiri Kosina
[    7.725454] usbcore: registered new interface driver usbhid
[    7.725591] usbhid: USB HID core driver
[    7.726083] Netfilter messages via NETLINK v0.30.
[    7.726754] nf_conntrack version 0.5.0 (3958 buckets, 15832 max)
[    7.728251] ctnetlink v0.93: registering with nfnetlink.
[    7.729730] ipip: IPv4 over IPv4 tunneling driver
[    7.732131] gre: GRE over IPv4 demultiplexor driver
[    7.732301] ip_gre: GRE over IPv4 tunneling driver
[    7.737044] ip_tables: (C) 2000-2006 Netfilter Core Team
[    7.738860] arp_tables: (C) 2002 David S. Miller
[    7.739969] Initializing XFRM netlink socket
[    7.740691] NET: Registered protocol family 10
[    7.748110] ip6_tables: (C) 2000-2006 Netfilter Core Team
[    7.749941] sit: IPv6 over IPv4 tunneling driver
[    7.754022] NET: Registered protocol family 17
[    7.754732] bridge: automatic filtering via arp/ip/ip6tables has been deprecated. Update your scripts to load br_netfilter if you need this.
[    7.755113] Bridge firewalling registered
[    7.755252] Ebtables v2.0 registered
[    7.756559] 8021q: 802.1Q VLAN Support v1.8
[    7.757222] Registering SWP/SWPB emulation handler
[    7.760313] rtc-pl031 9010000.pl031: setting system clock to 2018-07-19 12:43:30 UTC (1532004210)
[    7.771755] EXT4-fs (vda1): couldn't mount as ext3 due to feature incompatibilities
[    7.773956] EXT4-fs (vda1): mounting ext2 file system using the ext4 subsystem
[    7.783450] EXT4-fs (vda1): warning: mounting unchecked fs, running e2fsck is recommended
[    7.786589] EXT4-fs (vda1): mounted filesystem without journal. Opts: (null)
[    7.787784] VFS: Mounted root (ext2 filesystem) on device 254:1.
[    7.806751] Freeing unused kernel memory: 180K (c05c7000 - c05f4000)
[    7.913839] firmadyne: sys_reboot[PID: 54 (init)]: magic1:fee1dead, magic2:28121969, cmd:0
Using /lib/modules/mvKernelExt.ko
insmod: kernel-module version mismatch
	/lib/modules/mvKernelExt.ko was compiled for kernel version 
	while this kernel is version 4.1.17+.
[   12.488510] cfg80211: Calling CRDA to update world regulatory domain
Using /lib/modules/mvPpDrv.ko
insmod: kernel-module version mismatch
	/lib/modules/mvPpDrv.ko was compiled for kernel version 
	while this kernel is version 4.1.17+.
Fri May 23 14:32:00 UTC 2008
[   15.752716] cfg80211: Calling CRDA to update world regulatory domain




Linux MARVELL_LINUX 4.1.17+ #1 Thu Feb 18 01:05:21 UTC 2016


Welcome to Embedded Linux
           _  _
          | ||_|
          | | _ ____  _   _  _  _ 
          | || |  _ \| | | |\ \/ /
          | || | | | | |_| |/    \
          |_||_|_| |_|\____|\_/\_/

          On Marvell's ARM board

For further information on the Marvell products check:
http://www.marvell.com/

toochain=gnueabi

Enjoy!

[   19.172610] cfg80211: Calling CRDA to update world regulatory domain
[   23.248284] cfg80211: Calling CRDA to update world regulatory domain


BusyBox v1.01 (2008.10.02-12:33+0000) Built-in shell (ash)
Enter 'help' for a list of built-in commands.

/ # [   26.390370] cfg80211: Calling CRDA to update world regulatory domain
[   29.543057] cfg80211: Calling CRDA to update world regulatory domain
[   32.691859] cfg80211: Calling CRDA to update world regulatory domain
[   35.841201] cfg80211: Calling CRDA to update world regulatory domain
[   38.991275] cfg80211: Calling CRDA to update world regulatory domain
[   42.140412] cfg80211: Exceeded CRDA call max attempts. Not calling CRDA
