>> Database Image ID: 104

/home/zhumengfan/firmware/firmwares/00029d74ba8af3656f0d81b2bdc62abec5daee1c.trx
>> MD5: cb5ac659a7fa1aad5d3c3c22073a40af
>> Tag: 104
>> Temp: /tmp/tmpWlHUzV
>> Status: Kernel: True, Rootfs: False, Do_Kernel: False,                 Do_Rootfs: True
>>>> Squashfs filesystem, little endian, version 4.0, compression:xz, size: 8627716 bytes, 1233 inodes, blocksize: 131072 bytes, created: 2014-10-07 09:46:35
>>>> Found Linux filesystem in /tmp/tmpWlHUzV/_00029d74ba8af3656f0d81b2bdc62abec5daee1c.trx.extracted/squashfs-root!
>> Skipping: completed!
>> Cleaning up /tmp/tmpWlHUzV...
./bin/busybox: armel
Querying database for architecture... armel
----Running----
----Copying Filesystem Tarball----
----Creating QEMU Image----
Formatting '/home/zhumengfan/firmadyne//scratch//104//image.raw', fmt=raw size=1073741824
----Creating Partition Table----

Welcome to fdisk (util-linux 2.27.1).
Changes will remain in memory only, until you decide to write them.
Be careful before using the write command.

Device does not contain a recognized partition table.
Created a new DOS disklabel with disk identifier 0xa544ad60.

Command (m for help): Created a new DOS disklabel with disk identifier 0xf7b975d1.

Command (m for help): Partition type
   p   primary (0 primary, 0 extended, 4 free)
   e   extended (container for logical partitions)
Select (default p): Partition number (1-4, default 1): First sector (2048-2097151, default 2048): Last sector, +sectors or +size{K,M,G,T,P} (2048-2097151, default 2097151): 
Created a new partition 1 of type 'Linux' and of size 1023 MiB.

Command (m for help): The partition table has been altered.
Syncing disks.

----Mounting QEMU Image----
add map loop0p1 (252:0): 0 2095104 linear 7:0 2048
----Creating Filesystem----
mke2fs 1.42.13 (17-May-2015)
Discarding device blocks:   4096/261888             done                            
Creating filesystem with 261888 4k blocks and 65536 inodes
Filesystem UUID: f0a61c5e-955e-4f1c-9da7-3f286b6a5778
Superblock backups stored on blocks: 
	32768, 98304, 163840, 229376

Allocating group tables: 0/8   done                            
Writing inode tables: 0/8   done                            
Writing superblocks and filesystem accounting information: 0/82/8   done

----Making QEMU Image Mountpoint----
----Mounting QEMU Image Partition 1----
----Extracting Filesystem Tarball----
----Creating FIRMADYNE Directories----
----Patching Filesystem (chroot)----
Creating /etc/TZ!
Creating /etc/hosts!
Creating /etc/passwd!
Warning: Recreating device nodes!
Removing /etc/scripts/sys_resetbutton!
----Setting up FIRMADYNE----
----Unmounting QEMU Image----
loop deleted : /dev/loop0
Querying database for architecture... armel
Running firmware 104: terminating after 60 secs...
qemu-system-arm: terminating on signal 2 from pid 116212 (timeout)
Inferring network...
Interfaces: []
Done!
[    0.000000] Booting Linux on physical CPU 0x0
[    0.000000] Linux version 4.1.17+ (vagrant@vagrant-ubuntu-trusty-64) (gcc version 5.3.0 (GCC) ) #1 Thu Feb 18 01:05:21 UTC 2016
[    0.000000] CPU: ARMv7 Processor [412fc0f1] revision 1 (ARMv7), cr=10c5387d
[    0.000000] CPU: PIPT / VIPT nonaliasing data cache, PIPT instruction cache
[    0.000000] Machine model: linux,dummy-virt
[    0.000000] debug: ignoring loglevel setting.
[    0.000000] Memory policy: Data cache writeback
[    0.000000] On node 0 totalpages: 65536
[    0.000000] free_area_init_node: node 0, pgdat c061dfe8, node_mem_map cfdf9000
[    0.000000]   Normal zone: 512 pages used for memmap
[    0.000000]   Normal zone: 0 pages reserved
[    0.000000]   Normal zone: 65536 pages, LIFO batch:15
[    0.000000] psci: probing for conduit method from DT.
[    0.000000] psci: PSCIv0.2 detected in firmware.
[    0.000000] psci: Using standard PSCI v0.2 function IDs
[    0.000000] CPU: All CPU(s) started in SVC mode.
[    0.000000] pcpu-alloc: s0 r0 d32768 u32768 alloc=1*32768
[    0.000000] pcpu-alloc: [0] 0 
[    0.000000] Built 1 zonelists in Zone order, mobility grouping on.  Total pages: 65024
[    0.000000] Kernel command line: firmadyne.syscall=1 root=/dev/vda1 console=ttyS0 nandsim.parts=64,64,64,64,64,64,64,64,64,64 rdinit=/firmadyne/preInit.sh rw debug ignore_loglevel print-fatal-signals=1 user_debug=31
[    0.000000] PID hash table entries: 1024 (order: 0, 4096 bytes)
[    0.000000] Dentry cache hash table entries: 32768 (order: 5, 131072 bytes)
[    0.000000] Inode-cache hash table entries: 16384 (order: 4, 65536 bytes)
[    0.000000] Memory: 253340K/262144K available (4297K kernel code, 170K rwdata, 1584K rodata, 180K init, 148K bss, 8804K reserved, 0K cma-reserved)
[    0.000000] Virtual kernel memory layout:
[    0.000000]     vector  : 0xffff0000 - 0xffff1000   (   4 kB)
[    0.000000]     fixmap  : 0xffc00000 - 0xfff00000   (3072 kB)
[    0.000000]     vmalloc : 0xd0800000 - 0xff000000   ( 744 MB)
[    0.000000]     lowmem  : 0xc0000000 - 0xd0000000   ( 256 MB)
[    0.000000]     modules : 0xbf000000 - 0xc0000000   (  16 MB)
[    0.000000]       .text : 0xc0008000 - 0xc05c67bc   (5882 kB)
[    0.000000]       .init : 0xc05c7000 - 0xc05f4000   ( 180 kB)
[    0.000000]       .data : 0xc05f4000 - 0xc061e840   ( 171 kB)
[    0.000000]        .bss : 0xc0621000 - 0xc06462d4   ( 149 kB)
[    0.000000] NR_IRQS:16 nr_irqs:16 16
[    0.000000] Architected cp15 timer(s) running at 62.50MHz (virt).
[    0.000000] clocksource arch_sys_counter: mask: 0xffffffffffffff max_cycles: 0x1cd42e208c, max_idle_ns: 881590405314 ns
[    0.000160] sched_clock: 56 bits at 62MHz, resolution 16ns, wraps every 4398046511096ns
[    0.000302] Switching to timer-based delay loop, resolution 16ns
[    0.003466] Console: colour dummy device 80x30
[    0.003811] Calibrating delay loop (skipped), value calculated using timer frequency.. 125.00 BogoMIPS (lpj=625000)
[    0.003942] pid_max: default: 32768 minimum: 301
[    0.004886] Mount-cache hash table entries: 1024 (order: 0, 4096 bytes)
[    0.004924] Mountpoint-cache hash table entries: 1024 (order: 0, 4096 bytes)
[    0.014324] CPU: Testing write buffer coherency: ok
[    0.020787] Setting up static identity map for 0x40008240 - 0x40008298
[    3.920970] VFP support v0.3: implementor 41 architecture 4 part 30 variant f rev 0
[    3.933281] clocksource jiffies: mask: 0xffffffff max_cycles: 0xffffffff, max_idle_ns: 19112604462750000 ns
[    3.942482] NET: Registered protocol family 16
[    3.945660] DMA: preallocated 256 KiB pool for atomic coherent allocations
[    7.749550] cpuidle: using governor ladder
[    7.749767] cpuidle: using governor menu
[    7.770726] Serial: AMBA PL011 UART driver
[    7.772966] 9000000.pl011: ttyS0 at MMIO 0x9000000 (irq = 54, base_baud = 0) is a PL011 rev1
[    7.780537] console [ttyS0] enabled
[    7.803179] vgaarb: loaded
[    7.804706] SCSI subsystem initialized
[    7.805770] usbcore: registered new interface driver usbfs
[    7.806124] usbcore: registered new interface driver hub
[    7.806431] usbcore: registered new device driver usb
[    7.816132] Switched to clocksource arch_sys_counter
[    8.637044] NET: Registered protocol family 2
[    8.642185] TCP established hash table entries: 2048 (order: 1, 8192 bytes)
[    8.642440] TCP bind hash table entries: 2048 (order: 1, 8192 bytes)
[    8.642747] TCP: Hash tables configured (established 2048 bind 2048)
[    8.643280] UDP hash table entries: 256 (order: 0, 4096 bytes)
[    8.643522] UDP-Lite hash table entries: 256 (order: 0, 4096 bytes)
[    8.644941] NET: Registered protocol family 1
[    8.645398] PCI: CLS 0 bytes, default 64
[    8.652580] NetWinder Floating Point Emulator V0.97 (extended precision)
[    8.655161] futex hash table entries: 256 (order: -1, 3072 bytes)
[    8.660491] squashfs: version 4.0 (2009/01/31) Phillip Lougher
[    8.661104] jffs2: version 2.2. (NAND) © 2001-2006 Red Hat, Inc.
[    8.661892] romfs: ROMFS MTD (C) 2007 Red Hat, Inc.
[    8.671024] Block layer SCSI generic (bsg) driver version 0.4 loaded (major 253)
[    8.671333] io scheduler noop registered
[    8.671563] io scheduler cfq registered (default)
[    8.672237] firmadyne: devfs: 1, execute: 1, procfs: 1, syscall: 1
[    8.673568] ------------[ cut here ]------------
[    8.673770] WARNING: CPU: 0 PID: 1 at /home/vagrant/firmadyne-kernel/kernel-v4.1/fs/sysfs/dir.c:31 sysfs_warn_dup+0x50/0x6c()
[    8.673996] sysfs: cannot create duplicate filename '/class/gpio'
[    8.674168] Modules linked in:
[    8.674481] CPU: 0 PID: 1 Comm: swapper Not tainted 4.1.17+ #1
[    8.674617] Hardware name: Generic DT based system
[    8.675300] [<c001c99c>] (unwind_backtrace) from [<c0019d30>] (show_stack+0x10/0x14)
[    8.675570] [<c0019d30>] (show_stack) from [<c0024ab4>] (warn_slowpath_common+0x80/0xa8)
[    8.675766] [<c0024ab4>] (warn_slowpath_common) from [<c0024b08>] (warn_slowpath_fmt+0x2c/0x3c)
[    8.676126] [<c0024b08>] (warn_slowpath_fmt) from [<c00e363c>] (sysfs_warn_dup+0x50/0x6c)
[    8.676311] [<c00e363c>] (sysfs_warn_dup) from [<c00e3714>] (sysfs_create_dir_ns+0x74/0x84)
[    8.676491] [<c00e3714>] (sysfs_create_dir_ns) from [<c018e6ac>] (kobject_add_internal+0xb8/0x2ac)
[    8.676695] [<c018e6ac>] (kobject_add_internal) from [<c018e9a8>] (kset_register+0x1c/0x44)
[    8.676872] [<c018e9a8>] (kset_register) from [<c02090b4>] (__class_register+0xa8/0x198)
[    8.677048] [<c02090b4>] (__class_register) from [<c02091e4>] (__class_create+0x40/0x70)
[    8.677220] [<c02091e4>] (__class_create) from [<c01adf68>] (register_devfs_stubs+0x314/0xbb4)
[    8.677401] [<c01adf68>] (register_devfs_stubs) from [<c05d9b08>] (init_module+0x28/0xa4)
[    8.677603] [<c05d9b08>] (init_module) from [<c0009670>] (do_one_initcall+0x104/0x1b4)
[    8.677773] [<c0009670>] (do_one_initcall) from [<c05c7d08>] (kernel_init_freeable+0xf0/0x1b0)
[    8.677956] [<c05c7d08>] (kernel_init_freeable) from [<c040f28c>] (kernel_init+0x8/0xe4)
[    8.678122] [<c040f28c>] (kernel_init) from [<c0016da8>] (ret_from_fork+0x14/0x2c)
[    8.678374] ---[ end trace e0accf3b84372120 ]---
[    8.678568] ------------[ cut here ]------------
[    8.678680] WARNING: CPU: 0 PID: 1 at /home/vagrant/firmadyne-kernel/kernel-v4.1/lib/kobject.c:240 kobject_add_internal+0x240/0x2ac()
[    8.678897] kobject_add_internal failed for gpio with -EEXIST, don't try to register things with the same name in the same directory.
[    8.679106] Modules linked in:
[    8.679247] CPU: 0 PID: 1 Comm: swapper Tainted: G        W       4.1.17+ #1
[    8.679383] Hardware name: Generic DT based system
[    8.679499] [<c001c99c>] (unwind_backtrace) from [<c0019d30>] (show_stack+0x10/0x14)
[    8.679661] [<c0019d30>] (show_stack) from [<c0024ab4>] (warn_slowpath_common+0x80/0xa8)
[    8.679832] [<c0024ab4>] (warn_slowpath_common) from [<c0024b08>] (warn_slowpath_fmt+0x2c/0x3c)
[    8.680010] [<c0024b08>] (warn_slowpath_fmt) from [<c018e834>] (kobject_add_internal+0x240/0x2ac)
[    8.680189] [<c018e834>] (kobject_add_internal) from [<c018e9a8>] (kset_register+0x1c/0x44)
[    8.680370] [<c018e9a8>] (kset_register) from [<c02090b4>] (__class_register+0xa8/0x198)
[    8.680546] [<c02090b4>] (__class_register) from [<c02091e4>] (__class_create+0x40/0x70)
[    8.680713] [<c02091e4>] (__class_create) from [<c01adf68>] (register_devfs_stubs+0x314/0xbb4)
[    8.680890] [<c01adf68>] (register_devfs_stubs) from [<c05d9b08>] (init_module+0x28/0xa4)
[    8.681059] [<c05d9b08>] (init_module) from [<c0009670>] (do_one_initcall+0x104/0x1b4)
[    8.681224] [<c0009670>] (do_one_initcall) from [<c05c7d08>] (kernel_init_freeable+0xf0/0x1b0)
[    8.681397] [<c05c7d08>] (kernel_init_freeable) from [<c040f28c>] (kernel_init+0x8/0xe4)
[    8.681559] [<c040f28c>] (kernel_init) from [<c0016da8>] (ret_from_fork+0x14/0x2c)
[    8.681721] ---[ end trace e0accf3b84372121 ]---
[    8.681881] firmadyne: Cannot create device class: gpio!
[    8.683502] firmadyne: Cannot register character device: watchdog, 0xa, 0x82!
[    8.683676] firmadyne: Cannot register character device: wdt, 0xfd, 0x0!
[    8.764248] PCI host bridge /pcie@10000000 ranges:
[    8.764828]    IO 0x3eff0000..0x3effffff -> 0x00000000
[    8.765195]   MEM 0x10000000..0x3efeffff -> 0x10000000
[    8.765324]   MEM 0x8000000000..0xffffffffff -> 0x8000000000
[    8.766085] pci-host-generic 3f000000.pcie: resource collision: [mem 0x00000000-0xffffffff] conflicts with /pl011@9000000 [mem 0x09000000-0x09000fff]
[   11.868213] pci-host-generic: probe of 3f000000.pcie failed with error -16
[   11.879846] Non-volatile memory driver v1.3
[   13.881219] brd: module loaded
[   13.891475] loop: module loaded
[   17.766908] cfg80211: Calling CRDA to update world regulatory domain
[   17.772927]  vda: vda1
[   17.787279] 0.flash: Found 2 x16 devices at 0x0 in 32-bit bank. Manufacturer ID 0x000000 Chip ID 0x000000
[   17.787962] Intel/Sharp Extended Query Table at 0x0031
[   17.789237] Using buffer write method
[   17.789626] erase region 0: offset=0x0,size=0x40000,blocks=256
[   17.797615] 0.flash: Found 2 x16 devices at 0x0 in 32-bit bank. Manufacturer ID 0x000000 Chip ID 0x000000
[   17.797900] Intel/Sharp Extended Query Table at 0x0031
[   17.798744] Using buffer write method
[   17.798862] erase region 0: offset=0x0,size=0x40000,blocks=256
[   17.799122] Concatenating MTD devices:
[   17.799214] (0): "0.flash"
[   17.799279] (1): "0.flash"
[   17.799336] into device "0.flash"
[   17.810140] [nandsim] warning: read_byte: unexpected data output cycle, state is STATE_READY return 0x0
[   17.810391] [nandsim] warning: read_byte: unexpected data output cycle, state is STATE_READY return 0x0
[   17.810567] [nandsim] warning: read_byte: unexpected data output cycle, state is STATE_READY return 0x0
[   17.810738] [nandsim] warning: read_byte: unexpected data output cycle, state is STATE_READY return 0x0
[   17.810907] [nandsim] warning: read_byte: unexpected data output cycle, state is STATE_READY return 0x0
[   17.811095] [nandsim] warning: read_byte: unexpected data output cycle, state is STATE_READY return 0x0
[   17.811525] nand: device found, Manufacturer ID: 0x98, Chip ID: 0x39
[   17.811671] nand: Toshiba NAND 128MiB 1,8V 8-bit
[   17.811794] nand: 128 MiB, SLC, erase size: 16 KiB, page size: 512, OOB size: 16
[   17.812734] flash size: 128 MiB
[   17.812821] page size: 512 bytes
[   17.812896] OOB area size: 16 bytes
[   17.812975] sector size: 16 KiB
[   17.813076] pages number: 262144
[   17.813143] pages per sector: 32
[   17.813209] bus width: 8
[   17.813264] bits in sector size: 14
[   17.813335] bits in page size: 9
[   17.813405] bits in OOB size: 4
[   17.813479] flash size with OOB: 135168 KiB
[   17.813562] page address bytes: 4
[   17.813664] sector address bytes: 3
[   17.813741] options: 0x42
[   17.818688] Scanning device for bad blocks
[   17.928299] firmadyne: do_execve: /firmadyne/console
[   17.928547] OFFSETS: offset of pid: 0x190 offset of comm: 0x270
[   17.929058] Creating 11 MTD partitions on "NAND 128MiB 1,8V 8-bit":
[   17.929447] 0x000000000000-0x000000100000 : "NAND simulator partition 0"
[   17.931826] 0x000000100000-0x000000200000 : "NAND simulator partition 1"
[   17.933237] 0x000000200000-0x000000300000 : "NAND simulator partition 2"
[   17.934613] 0x000000300000-0x000000400000 : "NAND simulator partition 3"
[   17.936232] 0x000000400000-0x000000500000 : "NAND simulator partition 4"
[   17.937691] 0x000000500000-0x000000600000 : "NAND simulator partition 5"
[   17.939147] 0x000000600000-0x000000700000 : "NAND simulator partition 6"
[   17.940839] 0x000000700000-0x000000800000 : "NAND simulator partition 7"
[   17.942232] 0x000000800000-0x000000900000 : "NAND simulator partition 8"
[   17.943680] 0x000000900000-0x000000a00000 : "NAND simulator partition 9"
[   17.945182] 0x000000a00000-0x000008000000 : "NAND simulator partition 10"
[   17.951140] tun: Universal TUN/TAP device driver, 1.6
[   17.951285] tun: (C) 1999-2004 Max Krasnyansky <maxk@qualcomm.com>
[   17.963395] PPP generic driver version 2.4.2
[   17.964220] PPP BSD Compression module registered
[   17.964404] PPP Deflate Compression module registered
[   17.964699] PPP MPPE Compression module registered
[   17.964839] NET: Registered protocol family 24
[   17.965197] PPTP driver version 0.8.5
[   17.967160] usbcore: registered new interface driver usb-storage
[   17.970753] rtc-pl031 9010000.pl031: rtc core: registered pl031 as rtc0
[   17.971544] hidraw: raw HID events driver (C) Jiri Kosina
[   17.972162] usbcore: registered new interface driver usbhid
[   17.972289] usbhid: USB HID core driver
[   17.972796] Netfilter messages via NETLINK v0.30.
[   17.973470] nf_conntrack version 0.5.0 (3958 buckets, 15832 max)
[   17.974992] ctnetlink v0.93: registering with nfnetlink.
[   17.976717] ipip: IPv4 over IPv4 tunneling driver
[   17.979010] gre: GRE over IPv4 demultiplexor driver
[   17.979176] ip_gre: GRE over IPv4 tunneling driver
[   17.983926] ip_tables: (C) 2000-2006 Netfilter Core Team
[   17.985752] arp_tables: (C) 2002 David S. Miller
[   17.987094] Initializing XFRM netlink socket
[   17.987630] NET: Registered protocol family 10
[   17.995023] ip6_tables: (C) 2000-2006 Netfilter Core Team
[   17.997023] sit: IPv6 over IPv4 tunneling driver
[   18.000981] NET: Registered protocol family 17
[   18.001675] bridge: automatic filtering via arp/ip/ip6tables has been deprecated. Update your scripts to load br_netfilter if you need this.
[   18.002019] Bridge firewalling registered
[   18.002172] Ebtables v2.0 registered
[   18.003429] 8021q: 802.1Q VLAN Support v1.8
[   18.004119] Registering SWP/SWPB emulation handler
[   18.007337] rtc-pl031 9010000.pl031: setting system clock to 2018-07-19 11:56:47 UTC (1532001407)
[   18.018541] EXT4-fs (vda1): couldn't mount as ext3 due to feature incompatibilities
[   18.020750] EXT4-fs (vda1): mounting ext2 file system using the ext4 subsystem
[   18.033312] EXT4-fs (vda1): mounted filesystem without journal. Opts: (null)
[   18.034486] VFS: Mounted root (ext2 filesystem) on device 254:1.
[   18.053736] Freeing unused kernel memory: 180K (c05c7000 - c05f4000)
[   18.108164] random: sh urandom read with 3 bits of entropy available
/ # Starting firmware emulation... use Ctrl-a + x to exit
qemu-system-arm: terminating on signal 2 from pid 116362 (timeout)
[    0.000000] Booting Linux on physical CPU 0x0
[    0.000000] Linux version 4.1.17+ (vagrant@vagrant-ubuntu-trusty-64) (gcc version 5.3.0 (GCC) ) #1 Thu Feb 18 01:05:21 UTC 2016
[    0.000000] CPU: ARMv7 Processor [412fc0f1] revision 1 (ARMv7), cr=10c5387d
[    0.000000] CPU: PIPT / VIPT nonaliasing data cache, PIPT instruction cache
[    0.000000] Machine model: linux,dummy-virt
[    0.000000] debug: ignoring loglevel setting.
[    0.000000] Memory policy: Data cache writeback
[    0.000000] On node 0 totalpages: 65536
[    0.000000] free_area_init_node: node 0, pgdat c061dfe8, node_mem_map cfdf9000
[    0.000000]   Normal zone: 512 pages used for memmap
[    0.000000]   Normal zone: 0 pages reserved
[    0.000000]   Normal zone: 65536 pages, LIFO batch:15
[    0.000000] psci: probing for conduit method from DT.
[    0.000000] psci: PSCIv0.2 detected in firmware.
[    0.000000] psci: Using standard PSCI v0.2 function IDs
[    0.000000] CPU: All CPU(s) started in SVC mode.
[    0.000000] pcpu-alloc: s0 r0 d32768 u32768 alloc=1*32768
[    0.000000] pcpu-alloc: [0] 0 
[    0.000000] Built 1 zonelists in Zone order, mobility grouping on.  Total pages: 65024
[    0.000000] Kernel command line: root=/dev/vda1 console=ttyS0 nandsim.parts=64,64,64,64,64,64,64,64,64,64 rdinit=/firmadyne/preInit.sh rw debug ignore_loglevel print-fatal-signals=1 user_debug=31 firmadyne.syscall=0
[    0.000000] PID hash table entries: 1024 (order: 0, 4096 bytes)
[    0.000000] Dentry cache hash table entries: 32768 (order: 5, 131072 bytes)
[    0.000000] Inode-cache hash table entries: 16384 (order: 4, 65536 bytes)
[    0.000000] Memory: 253340K/262144K available (4297K kernel code, 170K rwdata, 1584K rodata, 180K init, 148K bss, 8804K reserved, 0K cma-reserved)
[    0.000000] Virtual kernel memory layout:
[    0.000000]     vector  : 0xffff0000 - 0xffff1000   (   4 kB)
[    0.000000]     fixmap  : 0xffc00000 - 0xfff00000   (3072 kB)
[    0.000000]     vmalloc : 0xd0800000 - 0xff000000   ( 744 MB)
[    0.000000]     lowmem  : 0xc0000000 - 0xd0000000   ( 256 MB)
[    0.000000]     modules : 0xbf000000 - 0xc0000000   (  16 MB)
[    0.000000]       .text : 0xc0008000 - 0xc05c67bc   (5882 kB)
[    0.000000]       .init : 0xc05c7000 - 0xc05f4000   ( 180 kB)
[    0.000000]       .data : 0xc05f4000 - 0xc061e840   ( 171 kB)
[    0.000000]        .bss : 0xc0621000 - 0xc06462d4   ( 149 kB)
[    0.000000] NR_IRQS:16 nr_irqs:16 16
[    0.000000] Architected cp15 timer(s) running at 62.50MHz (virt).
[    0.000000] clocksource arch_sys_counter: mask: 0xffffffffffffff max_cycles: 0x1cd42e208c, max_idle_ns: 881590405314 ns
[    0.000162] sched_clock: 56 bits at 62MHz, resolution 16ns, wraps every 4398046511096ns
[    0.000308] Switching to timer-based delay loop, resolution 16ns
[    0.003602] Console: colour dummy device 80x30
[    0.003932] Calibrating delay loop (skipped), value calculated using timer frequency.. 125.00 BogoMIPS (lpj=625000)
[    0.004071] pid_max: default: 32768 minimum: 301
[    0.004980] Mount-cache hash table entries: 1024 (order: 0, 4096 bytes)
[    0.005023] Mountpoint-cache hash table entries: 1024 (order: 0, 4096 bytes)
[    0.015718] CPU: Testing write buffer coherency: ok
[    0.022378] Setting up static identity map for 0x40008240 - 0x40008298
[    0.037633] VFP support v0.3: implementor 41 architecture 4 part 30 variant f rev 0
[    0.050279] clocksource jiffies: mask: 0xffffffff max_cycles: 0xffffffff, max_idle_ns: 19112604462750000 ns
[    0.059835] NET: Registered protocol family 16
[    0.063211] DMA: preallocated 256 KiB pool for atomic coherent allocations
[    0.067617] cpuidle: using governor ladder
[    0.067784] cpuidle: using governor menu
[    0.089411] Serial: AMBA PL011 UART driver
[    0.091735] 9000000.pl011: ttyS0 at MMIO 0x9000000 (irq = 54, base_baud = 0) is a PL011 rev1
[    0.099964] console [ttyS0] enabled
[    0.123678] vgaarb: loaded
[    0.125339] SCSI subsystem initialized
[    0.126671] usbcore: registered new interface driver usbfs
[    0.127079] usbcore: registered new interface driver hub
[    0.127428] usbcore: registered new device driver usb
[    0.137326] cfg80211: Calling CRDA to update world regulatory domain
[    0.139923] Switched to clocksource arch_sys_counter
[    0.158970] NET: Registered protocol family 2
[    0.165007] TCP established hash table entries: 2048 (order: 1, 8192 bytes)
[    0.165298] TCP bind hash table entries: 2048 (order: 1, 8192 bytes)
[    0.165606] TCP: Hash tables configured (established 2048 bind 2048)
[    0.166170] UDP hash table entries: 256 (order: 0, 4096 bytes)
[    0.166431] UDP-Lite hash table entries: 256 (order: 0, 4096 bytes)
[    0.167916] NET: Registered protocol family 1
[    0.168397] PCI: CLS 0 bytes, default 64
[    0.175768] NetWinder Floating Point Emulator V0.97 (extended precision)
[    0.178693] futex hash table entries: 256 (order: -1, 3072 bytes)
[    0.184745] squashfs: version 4.0 (2009/01/31) Phillip Lougher
[    0.186192] jffs2: version 2.2. (NAND) © 2001-2006 Red Hat, Inc.
[    0.187028] romfs: ROMFS MTD (C) 2007 Red Hat, Inc.
[    0.196109] Block layer SCSI generic (bsg) driver version 0.4 loaded (major 253)
[    0.196477] io scheduler noop registered
[    0.196699] io scheduler cfq registered (default)
[    0.197404] firmadyne: devfs: 1, execute: 1, procfs: 1, syscall: 0
[    0.198794] ------------[ cut here ]------------
[    0.199008] WARNING: CPU: 0 PID: 1 at /home/vagrant/firmadyne-kernel/kernel-v4.1/fs/sysfs/dir.c:31 sysfs_warn_dup+0x50/0x6c()
[    0.199239] sysfs: cannot create duplicate filename '/class/gpio'
[    0.199413] Modules linked in:
[    0.199897] CPU: 0 PID: 1 Comm: swapper Not tainted 4.1.17+ #1
[    0.200044] Hardware name: Generic DT based system
[    0.200764] [<c001c99c>] (unwind_backtrace) from [<c0019d30>] (show_stack+0x10/0x14)
[    0.201043] [<c0019d30>] (show_stack) from [<c0024ab4>] (warn_slowpath_common+0x80/0xa8)
[    0.201261] [<c0024ab4>] (warn_slowpath_common) from [<c0024b08>] (warn_slowpath_fmt+0x2c/0x3c)
[    0.201501] [<c0024b08>] (warn_slowpath_fmt) from [<c00e363c>] (sysfs_warn_dup+0x50/0x6c)
[    0.201656] [<c00e363c>] (sysfs_warn_dup) from [<c00e3714>] (sysfs_create_dir_ns+0x74/0x84)
[    0.201828] [<c00e3714>] (sysfs_create_dir_ns) from [<c018e6ac>] (kobject_add_internal+0xb8/0x2ac)
[    0.202043] [<c018e6ac>] (kobject_add_internal) from [<c018e9a8>] (kset_register+0x1c/0x44)
[    0.202220] [<c018e9a8>] (kset_register) from [<c02090b4>] (__class_register+0xa8/0x198)
[    0.202412] [<c02090b4>] (__class_register) from [<c02091e4>] (__class_create+0x40/0x70)
[    0.202560] [<c02091e4>] (__class_create) from [<c01adf68>] (register_devfs_stubs+0x314/0xbb4)
[    0.202717] [<c01adf68>] (register_devfs_stubs) from [<c05d9b08>] (init_module+0x28/0xa4)
[    0.202950] [<c05d9b08>] (init_module) from [<c0009670>] (do_one_initcall+0x104/0x1b4)
[    0.203123] [<c0009670>] (do_one_initcall) from [<c05c7d08>] (kernel_init_freeable+0xf0/0x1b0)
[    0.203334] [<c05c7d08>] (kernel_init_freeable) from [<c040f28c>] (kernel_init+0x8/0xe4)
[    0.203496] [<c040f28c>] (kernel_init) from [<c0016da8>] (ret_from_fork+0x14/0x2c)
[    0.203716] ---[ end trace 91ad45a71bef67ea ]---
[    0.203944] ------------[ cut here ]------------
[    0.204059] WARNING: CPU: 0 PID: 1 at /home/vagrant/firmadyne-kernel/kernel-v4.1/lib/kobject.c:240 kobject_add_internal+0x240/0x2ac()
[    0.204310] kobject_add_internal failed for gpio with -EEXIST, don't try to register things with the same name in the same directory.
[    0.204513] Modules linked in:
[    0.204659] CPU: 0 PID: 1 Comm: swapper Tainted: G        W       4.1.17+ #1
[    0.204818] Hardware name: Generic DT based system
[    0.204937] [<c001c99c>] (unwind_backtrace) from [<c0019d30>] (show_stack+0x10/0x14)
[    0.205101] [<c0019d30>] (show_stack) from [<c0024ab4>] (warn_slowpath_common+0x80/0xa8)
[    0.205319] [<c0024ab4>] (warn_slowpath_common) from [<c0024b08>] (warn_slowpath_fmt+0x2c/0x3c)
[    0.205540] [<c0024b08>] (warn_slowpath_fmt) from [<c018e834>] (kobject_add_internal+0x240/0x2ac)
[    0.205753] [<c018e834>] (kobject_add_internal) from [<c018e9a8>] (kset_register+0x1c/0x44)
[    0.205938] [<c018e9a8>] (kset_register) from [<c02090b4>] (__class_register+0xa8/0x198)
[    0.206108] [<c02090b4>] (__class_register) from [<c02091e4>] (__class_create+0x40/0x70)
[    0.206294] [<c02091e4>] (__class_create) from [<c01adf68>] (register_devfs_stubs+0x314/0xbb4)
[    0.206479] [<c01adf68>] (register_devfs_stubs) from [<c05d9b08>] (init_module+0x28/0xa4)
[    0.206638] [<c05d9b08>] (init_module) from [<c0009670>] (do_one_initcall+0x104/0x1b4)
[    0.206828] [<c0009670>] (do_one_initcall) from [<c05c7d08>] (kernel_init_freeable+0xf0/0x1b0)
[    0.207003] [<c05c7d08>] (kernel_init_freeable) from [<c040f28c>] (kernel_init+0x8/0xe4)
[    0.207167] [<c040f28c>] (kernel_init) from [<c0016da8>] (ret_from_fork+0x14/0x2c)
[    0.207333] ---[ end trace 91ad45a71bef67eb ]---
[    0.207498] firmadyne: Cannot create device class: gpio!
[    0.209284] firmadyne: Cannot register character device: watchdog, 0xa, 0x82!
[    0.209466] firmadyne: Cannot register character device: wdt, 0xfd, 0x0!
[    0.293906] PCI host bridge /pcie@10000000 ranges:
[    0.294500]    IO 0x3eff0000..0x3effffff -> 0x00000000
[    0.294853]   MEM 0x10000000..0x3efeffff -> 0x10000000
[    0.295003]   MEM 0x8000000000..0xffffffffff -> 0x8000000000
[    0.295693] pci-host-generic 3f000000.pcie: resource collision: [mem 0x00000000-0xffffffff] conflicts with /pl011@9000000 [mem 0x09000000-0x09000fff]
[    0.296429] pci-host-generic: probe of 3f000000.pcie failed with error -16
[    0.308245] Non-volatile memory driver v1.3
[    0.331841] brd: module loaded
[    0.342360] loop: module loaded
[    0.354944]  vda: vda1
[    0.367222] 0.flash: Found 2 x16 devices at 0x0 in 32-bit bank. Manufacturer ID 0x000000 Chip ID 0x000000
[    0.367888] Intel/Sharp Extended Query Table at 0x0031
[    0.369036] Using buffer write method
[    0.369470] erase region 0: offset=0x0,size=0x40000,blocks=256
[    0.377066] 0.flash: Found 2 x16 devices at 0x0 in 32-bit bank. Manufacturer ID 0x000000 Chip ID 0x000000
[    0.377344] Intel/Sharp Extended Query Table at 0x0031
[    0.378127] Using buffer write method
[    0.378244] erase region 0: offset=0x0,size=0x40000,blocks=256
[    0.378452] Concatenating MTD devices:
[    0.378558] (0): "0.flash"
[    0.378633] (1): "0.flash"
[    0.378708] into device "0.flash"
[    0.392164] [nandsim] warning: read_byte: unexpected data output cycle, state is STATE_READY return 0x0
[    0.392413] [nandsim] warning: read_byte: unexpected data output cycle, state is STATE_READY return 0x0
[    0.392583] [nandsim] warning: read_byte: unexpected data output cycle, state is STATE_READY return 0x0
[    0.392799] [nandsim] warning: read_byte: unexpected data output cycle, state is STATE_READY return 0x0
[    0.392971] [nandsim] warning: read_byte: unexpected data output cycle, state is STATE_READY return 0x0
[    0.393142] [nandsim] warning: read_byte: unexpected data output cycle, state is STATE_READY return 0x0
[    0.393598] nand: device found, Manufacturer ID: 0x98, Chip ID: 0x39
[    0.393741] nand: Toshiba NAND 128MiB 1,8V 8-bit
[    0.393879] nand: 128 MiB, SLC, erase size: 16 KiB, page size: 512, OOB size: 16
[    0.394816] flash size: 128 MiB
[    0.394902] page size: 512 bytes
[    0.394981] OOB area size: 16 bytes
[    0.395063] sector size: 16 KiB
[    0.395136] pages number: 262144
[    0.395210] pages per sector: 32
[    0.395283] bus width: 8
[    0.395362] bits in sector size: 14
[    0.395454] bits in page size: 9
[    0.395531] bits in OOB size: 4
[    0.395610] flash size with OOB: 135168 KiB
[    0.395700] page address bytes: 4
[    0.395809] sector address bytes: 3
[    0.395889] options: 0x42
[    0.400293] Scanning device for bad blocks
[    0.513592] firmadyne: do_execve: /firmadyne/console
[    0.513831] OFFSETS: offset of pid: 0x190 offset of comm: 0x270
[    0.514345] Creating 11 MTD partitions on "NAND 128MiB 1,8V 8-bit":
[    0.514760] 0x000000000000-0x000000100000 : "NAND simulator partition 0"
[    0.517093] 0x000000100000-0x000000200000 : "NAND simulator partition 1"
[    0.518572] 0x000000200000-0x000000300000 : "NAND simulator partition 2"
[    0.520191] 0x000000300000-0x000000400000 : "NAND simulator partition 3"
[    0.521729] 0x000000400000-0x000000500000 : "NAND simulator partition 4"
[    0.523203] 0x000000500000-0x000000600000 : "NAND simulator partition 5"
[    0.524647] 0x000000600000-0x000000700000 : "NAND simulator partition 6"
[    0.526394] 0x000000700000-0x000000800000 : "NAND simulator partition 7"
[    0.527763] 0x000000800000-0x000000900000 : "NAND simulator partition 8"
[    0.529193] 0x000000900000-0x000000a00000 : "NAND simulator partition 9"
[    0.530845] 0x000000a00000-0x000008000000 : "NAND simulator partition 10"
[    0.536763] tun: Universal TUN/TAP device driver, 1.6
[    0.536906] tun: (C) 1999-2004 Max Krasnyansky <maxk@qualcomm.com>
[    0.548885] PPP generic driver version 2.4.2
[    0.549800] PPP BSD Compression module registered
[    0.550024] PPP Deflate Compression module registered
[    0.550282] PPP MPPE Compression module registered
[    0.550401] NET: Registered protocol family 24
[    0.550681] PPTP driver version 0.8.5
[    0.552376] usbcore: registered new interface driver usb-storage
[    0.555868] rtc-pl031 9010000.pl031: rtc core: registered pl031 as rtc0
[    0.556640] hidraw: raw HID events driver (C) Jiri Kosina
[    0.557217] usbcore: registered new interface driver usbhid
[    0.557350] usbhid: USB HID core driver
[    0.557815] Netfilter messages via NETLINK v0.30.
[    0.558480] nf_conntrack version 0.5.0 (3958 buckets, 15832 max)
[    0.560151] ctnetlink v0.93: registering with nfnetlink.
[    0.561661] ipip: IPv4 over IPv4 tunneling driver
[    0.564030] gre: GRE over IPv4 demultiplexor driver
[    0.564193] ip_gre: GRE over IPv4 tunneling driver
[    0.568979] ip_tables: (C) 2000-2006 Netfilter Core Team
[    0.570955] arp_tables: (C) 2002 David S. Miller
[    0.572076] Initializing XFRM netlink socket
[    0.572610] NET: Registered protocol family 10
[    0.580236] ip6_tables: (C) 2000-2006 Netfilter Core Team
[    0.582100] sit: IPv6 over IPv4 tunneling driver
[    0.586184] NET: Registered protocol family 17
[    0.586849] bridge: automatic filtering via arp/ip/ip6tables has been deprecated. Update your scripts to load br_netfilter if you need this.
[    0.587194] Bridge firewalling registered
[    0.587357] Ebtables v2.0 registered
[    0.588708] 8021q: 802.1Q VLAN Support v1.8
[    0.589395] Registering SWP/SWPB emulation handler
[    0.592477] rtc-pl031 9010000.pl031: setting system clock to 2018-07-19 11:56:52 UTC (1532001412)
[    0.603504] EXT4-fs (vda1): couldn't mount as ext3 due to feature incompatibilities
[    0.605699] EXT4-fs (vda1): mounting ext2 file system using the ext4 subsystem
[    0.615068] EXT4-fs (vda1): warning: mounting unchecked fs, running e2fsck is recommended
[    0.618021] EXT4-fs (vda1): mounted filesystem without journal. Opts: (null)
[    0.619151] VFS: Mounted root (ext2 filesystem) on device 254:1.
[    0.637635] Freeing unused kernel memory: 180K (c05c7000 - c05f4000)
[    0.690387] random: sh urandom read with 3 bits of entropy available
/ # [    3.293278] cfg80211: Calling CRDA to update world regulatory domain
[    6.440260] cfg80211: Calling CRDA to update world regulatory domain
[    9.590764] cfg80211: Calling CRDA to update world regulatory domain
[   12.740980] cfg80211: Calling CRDA to update world regulatory domain
[   15.893177] cfg80211: Calling CRDA to update world regulatory domain
[   19.041743] cfg80211: Calling CRDA to update world regulatory domain
[   22.191190] cfg80211: Calling CRDA to update world regulatory domain
[   25.340429] cfg80211: Calling CRDA to update world regulatory domain
[   28.490482] cfg80211: Calling CRDA to update world regulatory domain
[   31.641194] cfg80211: Calling CRDA to update world regulatory domain
[   34.791866] cfg80211: Exceeded CRDA call max attempts. Not calling CRDA
