>> Database Image ID: 175

/home/zhumengfan/firmware/firmwares/049c8e116866aab895eabdf9e9cd6885f481ab63.trx
>> MD5: b1145f75a95e96c40ae89595c6f7f286
>> Tag: 175
>> Temp: /tmp/tmpY9FW2J
>> Status: Kernel: True, Rootfs: False, Do_Kernel: False,                 Do_Rootfs: True
>>>> Squashfs filesystem, little endian, version 4.0, compression:xz, size: 8061908 bytes, 1230 inodes, blocksize: 131072 bytes, created: 2014-06-09 15:14:15
>>>> Found Linux filesystem in /tmp/tmpY9FW2J/_049c8e116866aab895eabdf9e9cd6885f481ab63.trx.extracted/squashfs-root!
>> Skipping: completed!
>> Cleaning up /tmp/tmpY9FW2J...
./bin/busybox: armel
Querying database for architecture... armel
----Running----
----Copying Filesystem Tarball----
----Creating QEMU Image----
Formatting '/home/zhumengfan/firmadyne//scratch//175//image.raw', fmt=raw size=1073741824
----Creating Partition Table----

Welcome to fdisk (util-linux 2.27.1).
Changes will remain in memory only, until you decide to write them.
Be careful before using the write command.

Device does not contain a recognized partition table.
Created a new DOS disklabel with disk identifier 0x8261091c.

Command (m for help): Created a new DOS disklabel with disk identifier 0x23d6f9c0.

Command (m for help): Partition type
   p   primary (0 primary, 0 extended, 4 free)
   e   extended (container for logical partitions)
Select (default p): Partition number (1-4, default 1): First sector (2048-2097151, default 2048): Last sector, +sectors or +size{K,M,G,T,P} (2048-2097151, default 2097151): 
Created a new partition 1 of type 'Linux' and of size 1023 MiB.

Command (m for help): The partition table has been altered.
Syncing disks.

----Mounting QEMU Image----
add map loop0p1 (252:0): 0 2095104 linear 7:0 2048
----Creating Filesystem----
mke2fs 1.42.13 (17-May-2015)
Discarding device blocks:   4096/261888             done                            
Creating filesystem with 261888 4k blocks and 65536 inodes
Filesystem UUID: ef8bdc67-1f8a-4d78-9a98-3375d56e0504
Superblock backups stored on blocks: 
	32768, 98304, 163840, 229376

Allocating group tables: 0/8   done                            
Writing inode tables: 0/8   done                            
Writing superblocks and filesystem accounting information: 0/8   done

----Making QEMU Image Mountpoint----
----Mounting QEMU Image Partition 1----
----Extracting Filesystem Tarball----
----Creating FIRMADYNE Directories----
----Patching Filesystem (chroot)----
Creating /etc/TZ!
Creating /etc/hosts!
Creating /etc/passwd!
Warning: Recreating device nodes!
Removing /etc/scripts/sys_resetbutton!
----Setting up FIRMADYNE----
----Unmounting QEMU Image----
loop deleted : /dev/loop0
Querying database for architecture... armel
Running firmware 175: terminating after 60 secs...
qemu-system-arm: terminating on signal 2 from pid 156568 (timeout)
Inferring network...
Interfaces: []
Done!
[    0.000000] Booting Linux on physical CPU 0x0
[    0.000000] Linux version 4.1.17+ (vagrant@vagrant-ubuntu-trusty-64) (gcc version 5.3.0 (GCC) ) #1 Thu Feb 18 01:05:21 UTC 2016
[    0.000000] CPU: ARMv7 Processor [412fc0f1] revision 1 (ARMv7), cr=10c5387d
[    0.000000] CPU: PIPT / VIPT nonaliasing data cache, PIPT instruction cache
[    0.000000] Machine model: linux,dummy-virt
[    0.000000] debug: ignoring loglevel setting.
[    0.000000] Memory policy: Data cache writeback
[    0.000000] On node 0 totalpages: 65536
[    0.000000] free_area_init_node: node 0, pgdat c061dfe8, node_mem_map cfdf9000
[    0.000000]   Normal zone: 512 pages used for memmap
[    0.000000]   Normal zone: 0 pages reserved
[    0.000000]   Normal zone: 65536 pages, LIFO batch:15
[    0.000000] psci: probing for conduit method from DT.
[    0.000000] psci: PSCIv0.2 detected in firmware.
[    0.000000] psci: Using standard PSCI v0.2 function IDs
[    0.000000] CPU: All CPU(s) started in SVC mode.
[    0.000000] pcpu-alloc: s0 r0 d32768 u32768 alloc=1*32768
[    0.000000] pcpu-alloc: [0] 0 
[    0.000000] Built 1 zonelists in Zone order, mobility grouping on.  Total pages: 65024
[    0.000000] Kernel command line: firmadyne.syscall=1 root=/dev/vda1 console=ttyS0 nandsim.parts=64,64,64,64,64,64,64,64,64,64 rdinit=/firmadyne/preInit.sh rw debug ignore_loglevel print-fatal-signals=1 user_debug=31
[    0.000000] PID hash table entries: 1024 (order: 0, 4096 bytes)
[    0.000000] Dentry cache hash table entries: 32768 (order: 5, 131072 bytes)
[    0.000000] Inode-cache hash table entries: 16384 (order: 4, 65536 bytes)
[    0.000000] Memory: 253340K/262144K available (4297K kernel code, 170K rwdata, 1584K rodata, 180K init, 148K bss, 8804K reserved, 0K cma-reserved)
[    0.000000] Virtual kernel memory layout:
[    0.000000]     vector  : 0xffff0000 - 0xffff1000   (   4 kB)
[    0.000000]     fixmap  : 0xffc00000 - 0xfff00000   (3072 kB)
[    0.000000]     vmalloc : 0xd0800000 - 0xff000000   ( 744 MB)
[    0.000000]     lowmem  : 0xc0000000 - 0xd0000000   ( 256 MB)
[    0.000000]     modules : 0xbf000000 - 0xc0000000   (  16 MB)
[    0.000000]       .text : 0xc0008000 - 0xc05c67bc   (5882 kB)
[    0.000000]       .init : 0xc05c7000 - 0xc05f4000   ( 180 kB)
[    0.000000]       .data : 0xc05f4000 - 0xc061e840   ( 171 kB)
[    0.000000]        .bss : 0xc0621000 - 0xc06462d4   ( 149 kB)
[    0.000000] NR_IRQS:16 nr_irqs:16 16
[    0.000000] Architected cp15 timer(s) running at 62.50MHz (virt).
[    0.000000] clocksource arch_sys_counter: mask: 0xffffffffffffff max_cycles: 0x1cd42e208c, max_idle_ns: 881590405314 ns
[    0.000159] sched_clock: 56 bits at 62MHz, resolution 16ns, wraps every 4398046511096ns
[    0.000301] Switching to timer-based delay loop, resolution 16ns
[    0.003427] Console: colour dummy device 80x30
[    0.003765] Calibrating delay loop (skipped), value calculated using timer frequency.. 125.00 BogoMIPS (lpj=625000)
[    0.003899] pid_max: default: 32768 minimum: 301
[    0.004800] Mount-cache hash table entries: 1024 (order: 0, 4096 bytes)
[    0.004837] Mountpoint-cache hash table entries: 1024 (order: 0, 4096 bytes)
[    2.888770] CPU: Testing write buffer coherency: ok
[    2.895192] Setting up static identity map for 0x40008240 - 0x40008298
[    2.910139] VFP support v0.3: implementor 41 architecture 4 part 30 variant f rev 0
[    4.289695] clocksource jiffies: mask: 0xffffffff max_cycles: 0xffffffff, max_idle_ns: 19112604462750000 ns
[    4.299112] NET: Registered protocol family 16
[    4.302295] DMA: preallocated 256 KiB pool for atomic coherent allocations
[    4.306488] cpuidle: using governor ladder
[    4.306653] cpuidle: using governor menu
[    4.327302] Serial: AMBA PL011 UART driver
[    4.329490] 9000000.pl011: ttyS0 at MMIO 0x9000000 (irq = 54, base_baud = 0) is a PL011 rev1
[    4.337274] console [ttyS0] enabled
[    5.128875] vgaarb: loaded
[    5.130531] SCSI subsystem initialized
[    5.131641] usbcore: registered new interface driver usbfs
[    5.132003] usbcore: registered new interface driver hub
[    5.132327] usbcore: registered new device driver usb
[    5.141663] cfg80211: Calling CRDA to update world regulatory domain
[    5.143980] Switched to clocksource arch_sys_counter
[    5.162442] NET: Registered protocol family 2
[    5.167794] TCP established hash table entries: 2048 (order: 1, 8192 bytes)
[    5.168064] TCP bind hash table entries: 2048 (order: 1, 8192 bytes)
[    5.168378] TCP: Hash tables configured (established 2048 bind 2048)
[    5.168923] UDP hash table entries: 256 (order: 0, 4096 bytes)
[    5.169178] UDP-Lite hash table entries: 256 (order: 0, 4096 bytes)
[    5.170629] NET: Registered protocol family 1
[    5.171112] PCI: CLS 0 bytes, default 64
[    6.571572] NetWinder Floating Point Emulator V0.97 (extended precision)
[    6.574859] futex hash table entries: 256 (order: -1, 3072 bytes)
[    6.580921] squashfs: version 4.0 (2009/01/31) Phillip Lougher
[    6.582452] jffs2: version 2.2. (NAND) © 2001-2006 Red Hat, Inc.
[    6.583319] romfs: ROMFS MTD (C) 2007 Red Hat, Inc.
[    6.592646] Block layer SCSI generic (bsg) driver version 0.4 loaded (major 253)
[    6.593020] io scheduler noop registered
[    6.593264] io scheduler cfq registered (default)
[    6.594148] firmadyne: devfs: 1, execute: 1, procfs: 1, syscall: 1
[    6.595556] ------------[ cut here ]------------
[    6.595773] WARNING: CPU: 0 PID: 1 at /home/vagrant/firmadyne-kernel/kernel-v4.1/fs/sysfs/dir.c:31 sysfs_warn_dup+0x50/0x6c()
[    6.596014] sysfs: cannot create duplicate filename '/class/gpio'
[    6.596177] Modules linked in:
[    6.596516] CPU: 0 PID: 1 Comm: swapper Not tainted 4.1.17+ #1
[    6.596664] Hardware name: Generic DT based system
[    6.597366] [<c001c99c>] (unwind_backtrace) from [<c0019d30>] (show_stack+0x10/0x14)
[    6.597686] [<c0019d30>] (show_stack) from [<c0024ab4>] (warn_slowpath_common+0x80/0xa8)
[    6.597897] [<c0024ab4>] (warn_slowpath_common) from [<c0024b08>] (warn_slowpath_fmt+0x2c/0x3c)
[    6.598148] [<c0024b08>] (warn_slowpath_fmt) from [<c00e363c>] (sysfs_warn_dup+0x50/0x6c)
[    6.598334] [<c00e363c>] (sysfs_warn_dup) from [<c00e3714>] (sysfs_create_dir_ns+0x74/0x84)
[    6.598523] [<c00e3714>] (sysfs_create_dir_ns) from [<c018e6ac>] (kobject_add_internal+0xb8/0x2ac)
[    6.598719] [<c018e6ac>] (kobject_add_internal) from [<c018e9a8>] (kset_register+0x1c/0x44)
[    6.598904] [<c018e9a8>] (kset_register) from [<c02090b4>] (__class_register+0xa8/0x198)
[    6.599085] [<c02090b4>] (__class_register) from [<c02091e4>] (__class_create+0x40/0x70)
[    6.599264] [<c02091e4>] (__class_create) from [<c01adf68>] (register_devfs_stubs+0x314/0xbb4)
[    6.599454] [<c01adf68>] (register_devfs_stubs) from [<c05d9b08>] (init_module+0x28/0xa4)
[    6.599667] [<c05d9b08>] (init_module) from [<c0009670>] (do_one_initcall+0x104/0x1b4)
[    6.599846] [<c0009670>] (do_one_initcall) from [<c05c7d08>] (kernel_init_freeable+0xf0/0x1b0)
[    6.600040] [<c05c7d08>] (kernel_init_freeable) from [<c040f28c>] (kernel_init+0x8/0xe4)
[    6.600216] [<c040f28c>] (kernel_init) from [<c0016da8>] (ret_from_fork+0x14/0x2c)
[    6.600505] ---[ end trace ee3dfb439c1b150e ]---
[    6.600717] ------------[ cut here ]------------
[    6.600842] WARNING: CPU: 0 PID: 1 at /home/vagrant/firmadyne-kernel/kernel-v4.1/lib/kobject.c:240 kobject_add_internal+0x240/0x2ac()
[    6.601070] kobject_add_internal failed for gpio with -EEXIST, don't try to register things with the same name in the same directory.
[    6.601290] Modules linked in:
[    6.601447] CPU: 0 PID: 1 Comm: swapper Tainted: G        W       4.1.17+ #1
[    6.601599] Hardware name: Generic DT based system
[    6.601726] [<c001c99c>] (unwind_backtrace) from [<c0019d30>] (show_stack+0x10/0x14)
[    6.601899] [<c0019d30>] (show_stack) from [<c0024ab4>] (warn_slowpath_common+0x80/0xa8)
[    6.602077] [<c0024ab4>] (warn_slowpath_common) from [<c0024b08>] (warn_slowpath_fmt+0x2c/0x3c)
[    6.602265] [<c0024b08>] (warn_slowpath_fmt) from [<c018e834>] (kobject_add_internal+0x240/0x2ac)
[    6.602466] [<c018e834>] (kobject_add_internal) from [<c018e9a8>] (kset_register+0x1c/0x44)
[    6.602645] [<c018e9a8>] (kset_register) from [<c02090b4>] (__class_register+0xa8/0x198)
[    6.602821] [<c02090b4>] (__class_register) from [<c02091e4>] (__class_create+0x40/0x70)
[    6.602997] [<c02091e4>] (__class_create) from [<c01adf68>] (register_devfs_stubs+0x314/0xbb4)
[    6.603186] [<c01adf68>] (register_devfs_stubs) from [<c05d9b08>] (init_module+0x28/0xa4)
[    6.603366] [<c05d9b08>] (init_module) from [<c0009670>] (do_one_initcall+0x104/0x1b4)
[    6.603541] [<c0009670>] (do_one_initcall) from [<c05c7d08>] (kernel_init_freeable+0xf0/0x1b0)
[    6.603922] [<c05c7d08>] (kernel_init_freeable) from [<c040f28c>] (kernel_init+0x8/0xe4)
[    6.604104] [<c040f28c>] (kernel_init) from [<c0016da8>] (ret_from_fork+0x14/0x2c)
[    6.604300] ---[ end trace ee3dfb439c1b150f ]---
[    6.604480] firmadyne: Cannot create device class: gpio!
[    6.606341] firmadyne: Cannot register character device: watchdog, 0xa, 0x82!
[    6.606538] firmadyne: Cannot register character device: wdt, 0xfd, 0x0!
[    6.689527] PCI host bridge /pcie@10000000 ranges:
[    6.690139]    IO 0x3eff0000..0x3effffff -> 0x00000000
[    6.690513]   MEM 0x10000000..0x3efeffff -> 0x10000000
[    6.690650]   MEM 0x8000000000..0xffffffffff -> 0x8000000000
[    6.691350] pci-host-generic 3f000000.pcie: resource collision: [mem 0x00000000-0xffffffff] conflicts with /pl011@9000000 [mem 0x09000000-0x09000fff]
[    6.692080] pci-host-generic: probe of 3f000000.pcie failed with error -16
[    6.704236] Non-volatile memory driver v1.3
[    8.301140] cfg80211: Calling CRDA to update world regulatory domain
[    8.320456] brd: module loaded
[   10.301685] loop: module loaded
[   10.382378]  vda: vda1
[   10.395157] 0.flash: Found 2 x16 devices at 0x0 in 32-bit bank. Manufacturer ID 0x000000 Chip ID 0x000000
[   10.395837] Intel/Sharp Extended Query Table at 0x0031
[   10.398278] Using buffer write method
[   10.398717] erase region 0: offset=0x0,size=0x40000,blocks=256
[   10.406487] 0.flash: Found 2 x16 devices at 0x0 in 32-bit bank. Manufacturer ID 0x000000 Chip ID 0x000000
[   10.406758] Intel/Sharp Extended Query Table at 0x0031
[   10.407558] Using buffer write method
[   10.407687] erase region 0: offset=0x0,size=0x40000,blocks=256
[   10.407910] Concatenating MTD devices:
[   10.408021] (0): "0.flash"
[   10.408097] (1): "0.flash"
[   10.408166] into device "0.flash"
[   10.419624] [nandsim] warning: read_byte: unexpected data output cycle, state is STATE_READY return 0x0
[   10.419876] [nandsim] warning: read_byte: unexpected data output cycle, state is STATE_READY return 0x0
[   10.420059] [nandsim] warning: read_byte: unexpected data output cycle, state is STATE_READY return 0x0
[   10.420236] [nandsim] warning: read_byte: unexpected data output cycle, state is STATE_READY return 0x0
[   10.420412] [nandsim] warning: read_byte: unexpected data output cycle, state is STATE_READY return 0x0
[   10.420587] [nandsim] warning: read_byte: unexpected data output cycle, state is STATE_READY return 0x0
[   10.421041] nand: device found, Manufacturer ID: 0x98, Chip ID: 0x39
[   10.421196] nand: Toshiba NAND 128MiB 1,8V 8-bit
[   10.421324] nand: 128 MiB, SLC, erase size: 16 KiB, page size: 512, OOB size: 16
[   10.422307] flash size: 128 MiB
[   10.422399] page size: 512 bytes
[   10.422495] OOB area size: 16 bytes
[   10.422573] sector size: 16 KiB
[   10.422662] pages number: 262144
[   10.422740] pages per sector: 32
[   10.422815] bus width: 8
[   10.422878] bits in sector size: 14
[   10.422957] bits in page size: 9
[   10.423070] bits in OOB size: 4
[   10.423151] flash size with OOB: 135168 KiB
[   10.423243] page address bytes: 4
[   10.423319] sector address bytes: 3
[   10.423399] options: 0x42
[   10.492536] Scanning device for bad blocks
[   10.604754] firmadyne: do_execve: /firmadyne/console
[   10.604986] OFFSETS: offset of pid: 0x190 offset of comm: 0x270
[   10.605511] Creating 11 MTD partitions on "NAND 128MiB 1,8V 8-bit":
[   10.605961] 0x000000000000-0x000000100000 : "NAND simulator partition 0"
[   10.608295] 0x000000100000-0x000000200000 : "NAND simulator partition 1"
[   10.609824] 0x000000200000-0x000000300000 : "NAND simulator partition 2"
[   10.611314] 0x000000300000-0x000000400000 : "NAND simulator partition 3"
[   10.612863] 0x000000400000-0x000000500000 : "NAND simulator partition 4"
[   10.614539] 0x000000500000-0x000000600000 : "NAND simulator partition 5"
[   10.616044] 0x000000600000-0x000000700000 : "NAND simulator partition 6"
[   10.617775] 0x000000700000-0x000000800000 : "NAND simulator partition 7"
[   10.619195] 0x000000800000-0x000000900000 : "NAND simulator partition 8"
[   10.620638] 0x000000900000-0x000000a00000 : "NAND simulator partition 9"
[   10.622135] 0x000000a00000-0x000008000000 : "NAND simulator partition 10"
[   10.628189] tun: Universal TUN/TAP device driver, 1.6
[   10.628358] tun: (C) 1999-2004 Max Krasnyansky <maxk@qualcomm.com>
[   15.831568] PPP generic driver version 2.4.2
[   15.832407] PPP BSD Compression module registered
[   15.832600] PPP Deflate Compression module registered
[   15.832861] PPP MPPE Compression module registered
[   15.833004] NET: Registered protocol family 24
[   15.833346] PPTP driver version 0.8.5
[   15.834319] cfg80211: Calling CRDA to update world regulatory domain
[   18.661600] usbcore: registered new interface driver usb-storage
[   18.665347] rtc-pl031 9010000.pl031: rtc core: registered pl031 as rtc0
[   18.666182] hidraw: raw HID events driver (C) Jiri Kosina
[   18.666760] usbcore: registered new interface driver usbhid
[   18.666898] usbhid: USB HID core driver
[   18.667400] Netfilter messages via NETLINK v0.30.
[   18.668082] nf_conntrack version 0.5.0 (3958 buckets, 15832 max)
[   18.669605] ctnetlink v0.93: registering with nfnetlink.
[   18.671091] ipip: IPv4 over IPv4 tunneling driver
[   21.643380] gre: GRE over IPv4 demultiplexor driver
[   21.643612] ip_gre: GRE over IPv4 tunneling driver
[   21.649155] ip_tables: (C) 2000-2006 Netfilter Core Team
[   21.651039] arp_tables: (C) 2002 David S. Miller
[   21.652195] Initializing XFRM netlink socket
[   21.652824] NET: Registered protocol family 10
[   21.656760] cfg80211: Calling CRDA to update world regulatory domain
[   21.661364] ip6_tables: (C) 2000-2006 Netfilter Core Team
[   21.663244] sit: IPv6 over IPv4 tunneling driver
[   21.667682] NET: Registered protocol family 17
[   21.668429] bridge: automatic filtering via arp/ip/ip6tables has been deprecated. Update your scripts to load br_netfilter if you need this.
[   21.668812] Bridge firewalling registered
[   21.668965] Ebtables v2.0 registered
[   21.670270] 8021q: 802.1Q VLAN Support v1.8
[   21.670981] Registering SWP/SWPB emulation handler
[   21.674207] rtc-pl031 9010000.pl031: setting system clock to 2018-07-19 14:24:22 UTC (1532010262)
[   21.686157] EXT4-fs (vda1): couldn't mount as ext3 due to feature incompatibilities
[   21.688101] EXT4-fs (vda1): mounting ext2 file system using the ext4 subsystem
[   21.700896] EXT4-fs (vda1): mounted filesystem without journal. Opts: (null)
[   22.656712] VFS: Mounted root (ext2 filesystem) on device 254:1.
[   22.675474] Freeing unused kernel memory: 180K (c05c7000 - c05f4000)
[   23.551058] random: sh urandom read with 3 bits of entropy available
[   25.064627] cfg80211: Calling CRDA to update world regulatory domain
/ # [   28.215250] cfg80211: Calling CRDA to update world regulatory domain
[   31.365751] cfg80211: Calling CRDA to update world regulatory domain
Starting firmware emulation... use Ctrl-a + x to exit
qemu-system-arm: terminating on signal 2 from pid 156694 (timeout)
[    0.000000] Booting Linux on physical CPU 0x0
[    0.000000] Linux version 4.1.17+ (vagrant@vagrant-ubuntu-trusty-64) (gcc version 5.3.0 (GCC) ) #1 Thu Feb 18 01:05:21 UTC 2016
[    0.000000] CPU: ARMv7 Processor [412fc0f1] revision 1 (ARMv7), cr=10c5387d
[    0.000000] CPU: PIPT / VIPT nonaliasing data cache, PIPT instruction cache
[    0.000000] Machine model: linux,dummy-virt
[    0.000000] debug: ignoring loglevel setting.
[    0.000000] Memory policy: Data cache writeback
[    0.000000] On node 0 totalpages: 65536
[    0.000000] free_area_init_node: node 0, pgdat c061dfe8, node_mem_map cfdf9000
[    0.000000]   Normal zone: 512 pages used for memmap
[    0.000000]   Normal zone: 0 pages reserved
[    0.000000]   Normal zone: 65536 pages, LIFO batch:15
[    0.000000] psci: probing for conduit method from DT.
[    0.000000] psci: PSCIv0.2 detected in firmware.
[    0.000000] psci: Using standard PSCI v0.2 function IDs
[    0.000000] CPU: All CPU(s) started in SVC mode.
[    0.000000] pcpu-alloc: s0 r0 d32768 u32768 alloc=1*32768
[    0.000000] pcpu-alloc: [0] 0 
[    0.000000] Built 1 zonelists in Zone order, mobility grouping on.  Total pages: 65024
[    0.000000] Kernel command line: root=/dev/vda1 console=ttyS0 nandsim.parts=64,64,64,64,64,64,64,64,64,64 rdinit=/firmadyne/preInit.sh rw debug ignore_loglevel print-fatal-signals=1 user_debug=31 firmadyne.syscall=0
[    0.000000] PID hash table entries: 1024 (order: 0, 4096 bytes)
[    0.000000] Dentry cache hash table entries: 32768 (order: 5, 131072 bytes)
[    0.000000] Inode-cache hash table entries: 16384 (order: 4, 65536 bytes)
[    0.000000] Memory: 253340K/262144K available (4297K kernel code, 170K rwdata, 1584K rodata, 180K init, 148K bss, 8804K reserved, 0K cma-reserved)
[    0.000000] Virtual kernel memory layout:
[    0.000000]     vector  : 0xffff0000 - 0xffff1000   (   4 kB)
[    0.000000]     fixmap  : 0xffc00000 - 0xfff00000   (3072 kB)
[    0.000000]     vmalloc : 0xd0800000 - 0xff000000   ( 744 MB)
[    0.000000]     lowmem  : 0xc0000000 - 0xd0000000   ( 256 MB)
[    0.000000]     modules : 0xbf000000 - 0xc0000000   (  16 MB)
[    0.000000]       .text : 0xc0008000 - 0xc05c67bc   (5882 kB)
[    0.000000]       .init : 0xc05c7000 - 0xc05f4000   ( 180 kB)
[    0.000000]       .data : 0xc05f4000 - 0xc061e840   ( 171 kB)
[    0.000000]        .bss : 0xc0621000 - 0xc06462d4   ( 149 kB)
[    0.000000] NR_IRQS:16 nr_irqs:16 16
[    0.000000] Architected cp15 timer(s) running at 62.50MHz (virt).
[    0.000000] clocksource arch_sys_counter: mask: 0xffffffffffffff max_cycles: 0x1cd42e208c, max_idle_ns: 881590405314 ns
[    0.000158] sched_clock: 56 bits at 62MHz, resolution 16ns, wraps every 4398046511096ns
[    0.000301] Switching to timer-based delay loop, resolution 16ns
[    0.003423] Console: colour dummy device 80x30
[    0.003771] Calibrating delay loop (skipped), value calculated using timer frequency.. 125.00 BogoMIPS (lpj=625000)
[    0.003903] pid_max: default: 32768 minimum: 301
[    0.004819] Mount-cache hash table entries: 1024 (order: 0, 4096 bytes)
[    0.004858] Mountpoint-cache hash table entries: 1024 (order: 0, 4096 bytes)
[    0.014145] CPU: Testing write buffer coherency: ok
[    0.020208] Setting up static identity map for 0x40008240 - 0x40008298
[    2.905621] VFP support v0.3: implementor 41 architecture 4 part 30 variant f rev 0
[    2.917915] clocksource jiffies: mask: 0xffffffff max_cycles: 0xffffffff, max_idle_ns: 19112604462750000 ns
[    2.927406] NET: Registered protocol family 16
[    2.930689] DMA: preallocated 256 KiB pool for atomic coherent allocations
[    4.706714] cpuidle: using governor ladder
[    4.706946] cpuidle: using governor menu
[    4.728296] Serial: AMBA PL011 UART driver
[    4.730632] 9000000.pl011: ttyS0 at MMIO 0x9000000 (irq = 54, base_baud = 0) is a PL011 rev1
[    4.738555] console [ttyS0] enabled
[    4.761705] vgaarb: loaded
[    4.777501] SCSI subsystem initialized
[    4.778683] usbcore: registered new interface driver usbfs
[    4.779040] usbcore: registered new interface driver hub
[    4.779384] usbcore: registered new device driver usb
[    4.790077] Switched to clocksource arch_sys_counter
[    4.810131] NET: Registered protocol family 2
[    4.815831] TCP established hash table entries: 2048 (order: 1, 8192 bytes)
[    4.816126] TCP bind hash table entries: 2048 (order: 1, 8192 bytes)
[    4.816440] TCP: Hash tables configured (established 2048 bind 2048)
[    4.817010] UDP hash table entries: 256 (order: 0, 4096 bytes)
[    4.817276] UDP-Lite hash table entries: 256 (order: 0, 4096 bytes)
[    4.818824] NET: Registered protocol family 1
[    4.819303] PCI: CLS 0 bytes, default 64
[    4.827000] NetWinder Floating Point Emulator V0.97 (extended precision)
[    4.830219] futex hash table entries: 256 (order: -1, 3072 bytes)
[    4.836096] squashfs: version 4.0 (2009/01/31) Phillip Lougher
[    4.836779] jffs2: version 2.2. (NAND) © 2001-2006 Red Hat, Inc.
[    4.837601] romfs: ROMFS MTD (C) 2007 Red Hat, Inc.
[    4.848116] Block layer SCSI generic (bsg) driver version 0.4 loaded (major 253)
[    4.848455] io scheduler noop registered
[    4.848704] io scheduler cfq registered (default)
[    4.849490] firmadyne: devfs: 1, execute: 1, procfs: 1, syscall: 0
[    4.851191] ------------[ cut here ]------------
[    4.851398] WARNING: CPU: 0 PID: 1 at /home/vagrant/firmadyne-kernel/kernel-v4.1/fs/sysfs/dir.c:31 sysfs_warn_dup+0x50/0x6c()
[    4.851626] sysfs: cannot create duplicate filename '/class/gpio'
[    4.851812] Modules linked in:
[    4.852127] CPU: 0 PID: 1 Comm: swapper Not tainted 4.1.17+ #1
[    4.852267] Hardware name: Generic DT based system
[    4.853007] [<c001c99c>] (unwind_backtrace) from [<c0019d30>] (show_stack+0x10/0x14)
[    4.853320] [<c0019d30>] (show_stack) from [<c0024ab4>] (warn_slowpath_common+0x80/0xa8)
[    4.853519] [<c0024ab4>] (warn_slowpath_common) from [<c0024b08>] (warn_slowpath_fmt+0x2c/0x3c)
[    4.853847] [<c0024b08>] (warn_slowpath_fmt) from [<c00e363c>] (sysfs_warn_dup+0x50/0x6c)
[    4.854030] [<c00e363c>] (sysfs_warn_dup) from [<c00e3714>] (sysfs_create_dir_ns+0x74/0x84)
[    4.854243] [<c00e3714>] (sysfs_create_dir_ns) from [<c018e6ac>] (kobject_add_internal+0xb8/0x2ac)
[    4.854448] [<c018e6ac>] (kobject_add_internal) from [<c018e9a8>] (kset_register+0x1c/0x44)
[    4.854633] [<c018e9a8>] (kset_register) from [<c02090b4>] (__class_register+0xa8/0x198)
[    4.854878] [<c02090b4>] (__class_register) from [<c02091e4>] (__class_create+0x40/0x70)
[    4.855055] [<c02091e4>] (__class_create) from [<c01adf68>] (register_devfs_stubs+0x314/0xbb4)
[    4.855284] [<c01adf68>] (register_devfs_stubs) from [<c05d9b08>] (init_module+0x28/0xa4)
[    4.855485] [<c05d9b08>] (init_module) from [<c0009670>] (do_one_initcall+0x104/0x1b4)
[    4.855652] [<c0009670>] (do_one_initcall) from [<c05c7d08>] (kernel_init_freeable+0xf0/0x1b0)
[    4.855884] [<c05c7d08>] (kernel_init_freeable) from [<c040f28c>] (kernel_init+0x8/0xe4)
[    4.856092] [<c040f28c>] (kernel_init) from [<c0016da8>] (ret_from_fork+0x14/0x2c)
[    4.856355] ---[ end trace aa1efcafc9901df2 ]---
[    4.856550] ------------[ cut here ]------------
[    4.856677] WARNING: CPU: 0 PID: 1 at /home/vagrant/firmadyne-kernel/kernel-v4.1/lib/kobject.c:240 kobject_add_internal+0x240/0x2ac()
[    4.856927] kobject_add_internal failed for gpio with -EEXIST, don't try to register things with the same name in the same directory.
[    4.857154] Modules linked in:
[    4.857319] CPU: 0 PID: 1 Comm: swapper Tainted: G        W       4.1.17+ #1
[    4.857457] Hardware name: Generic DT based system
[    4.857574] [<c001c99c>] (unwind_backtrace) from [<c0019d30>] (show_stack+0x10/0x14)
[    4.857762] [<c0019d30>] (show_stack) from [<c0024ab4>] (warn_slowpath_common+0x80/0xa8)
[    4.857938] [<c0024ab4>] (warn_slowpath_common) from [<c0024b08>] (warn_slowpath_fmt+0x2c/0x3c)
[    4.858119] [<c0024b08>] (warn_slowpath_fmt) from [<c018e834>] (kobject_add_internal+0x240/0x2ac)
[    4.858331] [<c018e834>] (kobject_add_internal) from [<c018e9a8>] (kset_register+0x1c/0x44)
[    4.858514] [<c018e9a8>] (kset_register) from [<c02090b4>] (__class_register+0xa8/0x198)
[    4.858683] [<c02090b4>] (__class_register) from [<c02091e4>] (__class_create+0x40/0x70)
[    4.858876] [<c02091e4>] (__class_create) from [<c01adf68>] (register_devfs_stubs+0x314/0xbb4)
[    4.859058] [<c01adf68>] (register_devfs_stubs) from [<c05d9b08>] (init_module+0x28/0xa4)
[    4.859247] [<c05d9b08>] (init_module) from [<c0009670>] (do_one_initcall+0x104/0x1b4)
[    4.859427] [<c0009670>] (do_one_initcall) from [<c05c7d08>] (kernel_init_freeable+0xf0/0x1b0)
[    4.859604] [<c05c7d08>] (kernel_init_freeable) from [<c040f28c>] (kernel_init+0x8/0xe4)
[    4.860086] [<c040f28c>] (kernel_init) from [<c0016da8>] (ret_from_fork+0x14/0x2c)
[    4.860299] ---[ end trace aa1efcafc9901df3 ]---
[    4.860484] firmadyne: Cannot create device class: gpio!
[    4.862356] firmadyne: Cannot register character device: watchdog, 0xa, 0x82!
[    4.862540] firmadyne: Cannot register character device: wdt, 0xfd, 0x0!
[    4.947161] PCI host bridge /pcie@10000000 ranges:
[    4.947779]    IO 0x3eff0000..0x3effffff -> 0x00000000
[    4.948169]   MEM 0x10000000..0x3efeffff -> 0x10000000
[    4.948295]   MEM 0x8000000000..0xffffffffff -> 0x8000000000
[    4.949021] pci-host-generic 3f000000.pcie: resource collision: [mem 0x00000000-0xffffffff] conflicts with /pl011@9000000 [mem 0x09000000-0x09000fff]
[    4.950152] pci-host-generic: probe of 3f000000.pcie failed with error -16
[    4.962196] Non-volatile memory driver v1.3
[    4.985463] brd: module loaded
[    4.995975] loop: module loaded
[    5.008852]  vda: vda1
[    5.022553] 0.flash: Found 2 x16 devices at 0x0 in 32-bit bank. Manufacturer ID 0x000000 Chip ID 0x000000
[    5.023231] Intel/Sharp Extended Query Table at 0x0031
[    5.024421] Using buffer write method
[    5.024890] erase region 0: offset=0x0,size=0x40000,blocks=256
[    5.032358] 0.flash: Found 2 x16 devices at 0x0 in 32-bit bank. Manufacturer ID 0x000000 Chip ID 0x000000
[    5.032584] Intel/Sharp Extended Query Table at 0x0031
[    5.033561] Using buffer write method
[    5.033695] erase region 0: offset=0x0,size=0x40000,blocks=256
[    5.033938] Concatenating MTD devices:
[    5.034044] (0): "0.flash"
[    5.034117] (1): "0.flash"
[    5.034195] into device "0.flash"
[    5.047451] [nandsim] warning: read_byte: unexpected data output cycle, state is STATE_READY return 0x0
[    5.047670] [nandsim] warning: read_byte: unexpected data output cycle, state is STATE_READY return 0x0
[    5.047871] [nandsim] warning: read_byte: unexpected data output cycle, state is STATE_READY return 0x0
[    5.048045] [nandsim] warning: read_byte: unexpected data output cycle, state is STATE_READY return 0x0
[    5.048215] [nandsim] warning: read_byte: unexpected data output cycle, state is STATE_READY return 0x0
[    5.048385] [nandsim] warning: read_byte: unexpected data output cycle, state is STATE_READY return 0x0
[    5.048848] nand: device found, Manufacturer ID: 0x98, Chip ID: 0x39
[    5.048999] nand: Toshiba NAND 128MiB 1,8V 8-bit
[    5.049125] nand: 128 MiB, SLC, erase size: 16 KiB, page size: 512, OOB size: 16
[    5.050475] flash size: 128 MiB
[    5.050568] page size: 512 bytes
[    5.050644] OOB area size: 16 bytes
[    5.050723] sector size: 16 KiB
[    5.050825] pages number: 262144
[    5.050899] pages per sector: 32
[    5.050971] bus width: 8
[    5.051031] bits in sector size: 14
[    5.051140] bits in page size: 9
[    5.051239] bits in OOB size: 4
[    5.051341] flash size with OOB: 135168 KiB
[    5.051483] page address bytes: 4
[    5.051587] sector address bytes: 3
[    5.051667] options: 0x42
[   10.559419] Scanning device for bad blocks
[   10.667395] cfg80211: Calling CRDA to update world regulatory domain
[   10.669620] firmadyne: do_execve: /firmadyne/console
[   10.669854] OFFSETS: offset of pid: 0x190 offset of comm: 0x270
[   10.670470] Creating 11 MTD partitions on "NAND 128MiB 1,8V 8-bit":
[   10.670891] 0x000000000000-0x000000100000 : "NAND simulator partition 0"
[   10.673416] 0x000000100000-0x000000200000 : "NAND simulator partition 1"
[   10.674848] 0x000000200000-0x000000300000 : "NAND simulator partition 2"
[   10.676238] 0x000000300000-0x000000400000 : "NAND simulator partition 3"
[   10.677673] 0x000000400000-0x000000500000 : "NAND simulator partition 4"
[   10.679066] 0x000000500000-0x000000600000 : "NAND simulator partition 5"
[   10.680624] 0x000000600000-0x000000700000 : "NAND simulator partition 6"
[   10.682260] 0x000000700000-0x000000800000 : "NAND simulator partition 7"
[   10.683633] 0x000000800000-0x000000900000 : "NAND simulator partition 8"
[   10.685021] 0x000000900000-0x000000a00000 : "NAND simulator partition 9"
[   10.686424] 0x000000a00000-0x000008000000 : "NAND simulator partition 10"
[   10.692316] tun: Universal TUN/TAP device driver, 1.6
[   10.692465] tun: (C) 1999-2004 Max Krasnyansky <maxk@qualcomm.com>
[   16.305368] PPP generic driver version 2.4.2
[   16.306206] PPP BSD Compression module registered
[   16.306391] PPP Deflate Compression module registered
[   16.306673] PPP MPPE Compression module registered
[   16.306812] NET: Registered protocol family 24
[   16.307157] PPTP driver version 0.8.5
[   16.308652] cfg80211: Calling CRDA to update world regulatory domain
[   19.184553] usbcore: registered new interface driver usb-storage
[   19.188264] rtc-pl031 9010000.pl031: rtc core: registered pl031 as rtc0
[   19.189082] hidraw: raw HID events driver (C) Jiri Kosina
[   19.189656] usbcore: registered new interface driver usbhid
[   19.189899] usbhid: USB HID core driver
[   19.190406] Netfilter messages via NETLINK v0.30.
[   19.191095] nf_conntrack version 0.5.0 (3958 buckets, 15832 max)
[   19.192592] ctnetlink v0.93: registering with nfnetlink.
[   19.194084] ipip: IPv4 over IPv4 tunneling driver
[   19.196237] gre: GRE over IPv4 demultiplexor driver
[   19.196409] ip_gre: GRE over IPv4 tunneling driver
[   19.201115] ip_tables: (C) 2000-2006 Netfilter Core Team
[   19.202839] arp_tables: (C) 2002 David S. Miller
[   19.203915] Initializing XFRM netlink socket
[   19.204426] NET: Registered protocol family 10
[   19.211748] ip6_tables: (C) 2000-2006 Netfilter Core Team
[   19.213471] sit: IPv6 over IPv4 tunneling driver
[   19.217169] NET: Registered protocol family 17
[   19.217830] bridge: automatic filtering via arp/ip/ip6tables has been deprecated. Update your scripts to load br_netfilter if you need this.
[   19.218172] Bridge firewalling registered
[   19.218317] Ebtables v2.0 registered
[   19.219520] 8021q: 802.1Q VLAN Support v1.8
[   19.220281] Registering SWP/SWPB emulation handler
[   19.223091] rtc-pl031 9010000.pl031: setting system clock to 2018-07-19 14:25:12 UTC (1532010312)
[   22.010298] cfg80211: Calling CRDA to update world regulatory domain
[   22.020047] EXT4-fs (vda1): couldn't mount as ext3 due to feature incompatibilities
[   22.022461] EXT4-fs (vda1): mounting ext2 file system using the ext4 subsystem
[   22.032774] EXT4-fs (vda1): warning: mounting unchecked fs, running e2fsck is recommended
[   22.036133] EXT4-fs (vda1): mounted filesystem without journal. Opts: (null)
[   22.037372] VFS: Mounted root (ext2 filesystem) on device 254:1.
[   22.060812] Freeing unused kernel memory: 180K (c05c7000 - c05f4000)
[   22.121156] random: sh urandom read with 3 bits of entropy available
/ # [   25.160885] cfg80211: Calling CRDA to update world regulatory domain
[   28.310721] cfg80211: Calling CRDA to update world regulatory domain
[   31.462145] cfg80211: Calling CRDA to update world regulatory domain
[   34.611228] cfg80211: Calling CRDA to update world regulatory domain
[   37.760491] cfg80211: Calling CRDA to update world regulatory domain
[   40.910412] cfg80211: Calling CRDA to update world regulatory domain
