>> Database Image ID: 181

/home/zhumengfan/firmware/firmwares/1b83531cb739a0f2ee4afa363d3fe706671c44d0.trx
>> MD5: 91a4d881dce45724a0064f0da6b1d195
>> Tag: 181
>> Temp: /tmp/tmpw8yKY0
>> Status: Kernel: True, Rootfs: False, Do_Kernel: False,                 Do_Rootfs: True
>>>> Squashfs filesystem, little endian, version 4.0, compression:xz, size: 14429440 bytes, 1386 inodes, blocksize: 131072 bytes, created: 2014-10-09 19:07:12
>>>> Found Linux filesystem in /tmp/tmpw8yKY0/_1b83531cb739a0f2ee4afa363d3fe706671c44d0.trx.extracted/squashfs-root!
>> Skipping: completed!
>> Cleaning up /tmp/tmpw8yKY0...
./bin/busybox: armel
Querying database for architecture... armel
----Running----
----Copying Filesystem Tarball----
----Creating QEMU Image----
Formatting '/home/zhumengfan/firmadyne//scratch//181//image.raw', fmt=raw size=1073741824
----Creating Partition Table----

Welcome to fdisk (util-linux 2.27.1).
Changes will remain in memory only, until you decide to write them.
Be careful before using the write command.

Device does not contain a recognized partition table.
Created a new DOS disklabel with disk identifier 0xf3121429.

Command (m for help): Created a new DOS disklabel with disk identifier 0xbd0ee5c1.

Command (m for help): Partition type
   p   primary (0 primary, 0 extended, 4 free)
   e   extended (container for logical partitions)
Select (default p): Partition number (1-4, default 1): First sector (2048-2097151, default 2048): Last sector, +sectors or +size{K,M,G,T,P} (2048-2097151, default 2097151): 
Created a new partition 1 of type 'Linux' and of size 1023 MiB.

Command (m for help): The partition table has been altered.
Syncing disks.

----Mounting QEMU Image----
add map loop0p1 (252:0): 0 2095104 linear 7:0 2048
----Creating Filesystem----
mke2fs 1.42.13 (17-May-2015)
Discarding device blocks:   4096/261888             done                            
Creating filesystem with 261888 4k blocks and 65536 inodes
Filesystem UUID: 40d89aff-3c05-45e7-922e-3d63077b0835
Superblock backups stored on blocks: 
	32768, 98304, 163840, 229376

Allocating group tables: 0/8   done                            
Writing inode tables: 0/8   done                            
Writing superblocks and filesystem accounting information: 0/8   done

----Making QEMU Image Mountpoint----
----Mounting QEMU Image Partition 1----
----Extracting Filesystem Tarball----
----Creating FIRMADYNE Directories----
----Patching Filesystem (chroot)----
Creating /etc/TZ!
Creating /etc/hosts!
Creating /etc/passwd!
Warning: Recreating device nodes!
Removing /etc/scripts/sys_resetbutton!
----Setting up FIRMADYNE----
----Unmounting QEMU Image----
loop deleted : /dev/loop0
Querying database for architecture... armel
Running firmware 181: terminating after 60 secs...
qemu-system-arm: terminating on signal 2 from pid 159723 (timeout)
Inferring network...
Interfaces: []
Done!
[    0.000000] Booting Linux on physical CPU 0x0
[    0.000000] Linux version 4.1.17+ (vagrant@vagrant-ubuntu-trusty-64) (gcc version 5.3.0 (GCC) ) #1 Thu Feb 18 01:05:21 UTC 2016
[    0.000000] CPU: ARMv7 Processor [412fc0f1] revision 1 (ARMv7), cr=10c5387d
[    0.000000] CPU: PIPT / VIPT nonaliasing data cache, PIPT instruction cache
[    0.000000] Machine model: linux,dummy-virt
[    0.000000] debug: ignoring loglevel setting.
[    0.000000] Memory policy: Data cache writeback
[    0.000000] On node 0 totalpages: 65536
[    0.000000] free_area_init_node: node 0, pgdat c061dfe8, node_mem_map cfdf9000
[    0.000000]   Normal zone: 512 pages used for memmap
[    0.000000]   Normal zone: 0 pages reserved
[    0.000000]   Normal zone: 65536 pages, LIFO batch:15
[    0.000000] psci: probing for conduit method from DT.
[    0.000000] psci: PSCIv0.2 detected in firmware.
[    0.000000] psci: Using standard PSCI v0.2 function IDs
[    0.000000] CPU: All CPU(s) started in SVC mode.
[    0.000000] pcpu-alloc: s0 r0 d32768 u32768 alloc=1*32768
[    0.000000] pcpu-alloc: [0] 0 
[    0.000000] Built 1 zonelists in Zone order, mobility grouping on.  Total pages: 65024
[    0.000000] Kernel command line: firmadyne.syscall=1 root=/dev/vda1 console=ttyS0 nandsim.parts=64,64,64,64,64,64,64,64,64,64 rdinit=/firmadyne/preInit.sh rw debug ignore_loglevel print-fatal-signals=1 user_debug=31
[    0.000000] PID hash table entries: 1024 (order: 0, 4096 bytes)
[    0.000000] Dentry cache hash table entries: 32768 (order: 5, 131072 bytes)
[    0.000000] Inode-cache hash table entries: 16384 (order: 4, 65536 bytes)
[    0.000000] Memory: 253340K/262144K available (4297K kernel code, 170K rwdata, 1584K rodata, 180K init, 148K bss, 8804K reserved, 0K cma-reserved)
[    0.000000] Virtual kernel memory layout:
[    0.000000]     vector  : 0xffff0000 - 0xffff1000   (   4 kB)
[    0.000000]     fixmap  : 0xffc00000 - 0xfff00000   (3072 kB)
[    0.000000]     vmalloc : 0xd0800000 - 0xff000000   ( 744 MB)
[    0.000000]     lowmem  : 0xc0000000 - 0xd0000000   ( 256 MB)
[    0.000000]     modules : 0xbf000000 - 0xc0000000   (  16 MB)
[    0.000000]       .text : 0xc0008000 - 0xc05c67bc   (5882 kB)
[    0.000000]       .init : 0xc05c7000 - 0xc05f4000   ( 180 kB)
[    0.000000]       .data : 0xc05f4000 - 0xc061e840   ( 171 kB)
[    0.000000]        .bss : 0xc0621000 - 0xc06462d4   ( 149 kB)
[    0.000000] NR_IRQS:16 nr_irqs:16 16
[    0.000000] Architected cp15 timer(s) running at 62.50MHz (virt).
[    0.000000] clocksource arch_sys_counter: mask: 0xffffffffffffff max_cycles: 0x1cd42e208c, max_idle_ns: 881590405314 ns
[    0.000168] sched_clock: 56 bits at 62MHz, resolution 16ns, wraps every 4398046511096ns
[    0.000317] Switching to timer-based delay loop, resolution 16ns
[    0.005675] Console: colour dummy device 80x30
[    0.006049] Calibrating delay loop (skipped), value calculated using timer frequency.. 125.00 BogoMIPS (lpj=625000)
[    0.006201] pid_max: default: 32768 minimum: 301
[    0.007139] Mount-cache hash table entries: 1024 (order: 0, 4096 bytes)
[    0.007182] Mountpoint-cache hash table entries: 1024 (order: 0, 4096 bytes)
[    0.014983] CPU: Testing write buffer coherency: ok
[    0.021318] Setting up static identity map for 0x40008240 - 0x40008298
[    0.036782] VFP support v0.3: implementor 41 architecture 4 part 30 variant f rev 0
[    0.212787] clocksource jiffies: mask: 0xffffffff max_cycles: 0xffffffff, max_idle_ns: 19112604462750000 ns
[    0.221992] NET: Registered protocol family 16
[    0.225122] DMA: preallocated 256 KiB pool for atomic coherent allocations
[    0.229326] cpuidle: using governor ladder
[    0.229482] cpuidle: using governor menu
[    0.250282] Serial: AMBA PL011 UART driver
[    2.717476] 9000000.pl011: ttyS0 at MMIO 0x9000000 (irq = 54, base_baud = 0) is a PL011 rev1
[    2.724873] console [ttyS0] enabled
[    2.747717] vgaarb: loaded
[    2.749267] SCSI subsystem initialized
[    2.750339] usbcore: registered new interface driver usbfs
[    2.750693] usbcore: registered new interface driver hub
[    2.751012] usbcore: registered new device driver usb
[    2.760142] cfg80211: Calling CRDA to update world regulatory domain
[    2.762397] Switched to clocksource arch_sys_counter
[    2.780106] NET: Registered protocol family 2
[    2.785541] TCP established hash table entries: 2048 (order: 1, 8192 bytes)
[    2.785839] TCP bind hash table entries: 2048 (order: 1, 8192 bytes)
[    2.786147] TCP: Hash tables configured (established 2048 bind 2048)
[    2.786733] UDP hash table entries: 256 (order: 0, 4096 bytes)
[    2.787006] UDP-Lite hash table entries: 256 (order: 0, 4096 bytes)
[    2.788422] NET: Registered protocol family 1
[    2.788892] PCI: CLS 0 bytes, default 64
[    5.248613] NetWinder Floating Point Emulator V0.97 (extended precision)
[    5.251346] futex hash table entries: 256 (order: -1, 3072 bytes)
[    5.256874] squashfs: version 4.0 (2009/01/31) Phillip Lougher
[    5.257886] jffs2: version 2.2. (NAND) © 2001-2006 Red Hat, Inc.
[    5.258685] romfs: ROMFS MTD (C) 2007 Red Hat, Inc.
[    5.267631] Block layer SCSI generic (bsg) driver version 0.4 loaded (major 253)
[    5.267966] io scheduler noop registered
[    5.268194] io scheduler cfq registered (default)
[    5.268858] firmadyne: devfs: 1, execute: 1, procfs: 1, syscall: 1
[    5.270141] ------------[ cut here ]------------
[    5.270342] WARNING: CPU: 0 PID: 1 at /home/vagrant/firmadyne-kernel/kernel-v4.1/fs/sysfs/dir.c:31 sysfs_warn_dup+0x50/0x6c()
[    5.270567] sysfs: cannot create duplicate filename '/class/gpio'
[    5.270726] Modules linked in:
[    5.271039] CPU: 0 PID: 1 Comm: swapper Not tainted 4.1.17+ #1
[    5.271175] Hardware name: Generic DT based system
[    5.271849] [<c001c99c>] (unwind_backtrace) from [<c0019d30>] (show_stack+0x10/0x14)
[    5.272245] [<c0019d30>] (show_stack) from [<c0024ab4>] (warn_slowpath_common+0x80/0xa8)
[    5.272455] [<c0024ab4>] (warn_slowpath_common) from [<c0024b08>] (warn_slowpath_fmt+0x2c/0x3c)
[    5.272688] [<c0024b08>] (warn_slowpath_fmt) from [<c00e363c>] (sysfs_warn_dup+0x50/0x6c)
[    5.272866] [<c00e363c>] (sysfs_warn_dup) from [<c00e3714>] (sysfs_create_dir_ns+0x74/0x84)
[    5.273047] [<c00e3714>] (sysfs_create_dir_ns) from [<c018e6ac>] (kobject_add_internal+0xb8/0x2ac)
[    5.273234] [<c018e6ac>] (kobject_add_internal) from [<c018e9a8>] (kset_register+0x1c/0x44)
[    5.273412] [<c018e9a8>] (kset_register) from [<c02090b4>] (__class_register+0xa8/0x198)
[    5.273587] [<c02090b4>] (__class_register) from [<c02091e4>] (__class_create+0x40/0x70)
[    5.273759] [<c02091e4>] (__class_create) from [<c01adf68>] (register_devfs_stubs+0x314/0xbb4)
[    5.273939] [<c01adf68>] (register_devfs_stubs) from [<c05d9b08>] (init_module+0x28/0xa4)
[    5.274144] [<c05d9b08>] (init_module) from [<c0009670>] (do_one_initcall+0x104/0x1b4)
[    5.274315] [<c0009670>] (do_one_initcall) from [<c05c7d08>] (kernel_init_freeable+0xf0/0x1b0)
[    5.274499] [<c05c7d08>] (kernel_init_freeable) from [<c040f28c>] (kernel_init+0x8/0xe4)
[    5.274666] [<c040f28c>] (kernel_init) from [<c0016da8>] (ret_from_fork+0x14/0x2c)
[    5.274914] ---[ end trace 0b05064d8a785149 ]---
[    5.275108] ------------[ cut here ]------------
[    5.275220] WARNING: CPU: 0 PID: 1 at /home/vagrant/firmadyne-kernel/kernel-v4.1/lib/kobject.c:240 kobject_add_internal+0x240/0x2ac()
[    5.275436] kobject_add_internal failed for gpio with -EEXIST, don't try to register things with the same name in the same directory.
[    5.275646] Modules linked in:
[    5.275810] CPU: 0 PID: 1 Comm: swapper Tainted: G        W       4.1.17+ #1
[    5.275954] Hardware name: Generic DT based system
[    5.276071] [<c001c99c>] (unwind_backtrace) from [<c0019d30>] (show_stack+0x10/0x14)
[    5.276236] [<c0019d30>] (show_stack) from [<c0024ab4>] (warn_slowpath_common+0x80/0xa8)
[    5.276407] [<c0024ab4>] (warn_slowpath_common) from [<c0024b08>] (warn_slowpath_fmt+0x2c/0x3c)
[    5.276586] [<c0024b08>] (warn_slowpath_fmt) from [<c018e834>] (kobject_add_internal+0x240/0x2ac)
[    5.276774] [<c018e834>] (kobject_add_internal) from [<c018e9a8>] (kset_register+0x1c/0x44)
[    5.276946] [<c018e9a8>] (kset_register) from [<c02090b4>] (__class_register+0xa8/0x198)
[    5.277114] [<c02090b4>] (__class_register) from [<c02091e4>] (__class_create+0x40/0x70)
[    5.277280] [<c02091e4>] (__class_create) from [<c01adf68>] (register_devfs_stubs+0x314/0xbb4)
[    5.277460] [<c01adf68>] (register_devfs_stubs) from [<c05d9b08>] (init_module+0x28/0xa4)
[    5.277630] [<c05d9b08>] (init_module) from [<c0009670>] (do_one_initcall+0x104/0x1b4)
[    5.277796] [<c0009670>] (do_one_initcall) from [<c05c7d08>] (kernel_init_freeable+0xf0/0x1b0)
[    5.277970] [<c05c7d08>] (kernel_init_freeable) from [<c040f28c>] (kernel_init+0x8/0xe4)
[    5.278132] [<c040f28c>] (kernel_init) from [<c0016da8>] (ret_from_fork+0x14/0x2c)
[    5.278295] ---[ end trace 0b05064d8a78514a ]---
[    5.278455] firmadyne: Cannot create device class: gpio!
[    5.280119] firmadyne: Cannot register character device: watchdog, 0xa, 0x82!
[    5.280294] firmadyne: Cannot register character device: wdt, 0xfd, 0x0!
[    5.360261] PCI host bridge /pcie@10000000 ranges:
[    5.360813]    IO 0x3eff0000..0x3effffff -> 0x00000000
[    5.361173]   MEM 0x10000000..0x3efeffff -> 0x10000000
[    5.361304]   MEM 0x8000000000..0xffffffffff -> 0x8000000000
[    5.361969] pci-host-generic 3f000000.pcie: resource collision: [mem 0x00000000-0xffffffff] conflicts with /pl011@9000000 [mem 0x09000000-0x09000fff]
[    5.362791] pci-host-generic: probe of 3f000000.pcie failed with error -16
[    5.374232] Non-volatile memory driver v1.3
[    7.807555] cfg80211: Calling CRDA to update world regulatory domain
[   10.292719] brd: module loaded
[   10.302788] loop: module loaded
[   12.128986] cfg80211: Calling CRDA to update world regulatory domain
[   12.133935]  vda: vda1
[   12.146331] 0.flash: Found 2 x16 devices at 0x0 in 32-bit bank. Manufacturer ID 0x000000 Chip ID 0x000000
[   12.146977] Intel/Sharp Extended Query Table at 0x0031
[   12.149371] Using buffer write method
[   12.149792] erase region 0: offset=0x0,size=0x40000,blocks=256
[   12.157239] 0.flash: Found 2 x16 devices at 0x0 in 32-bit bank. Manufacturer ID 0x000000 Chip ID 0x000000
[   12.157461] Intel/Sharp Extended Query Table at 0x0031
[   12.158215] Using buffer write method
[   12.158332] erase region 0: offset=0x0,size=0x40000,blocks=256
[   12.158524] Concatenating MTD devices:
[   12.158631] (0): "0.flash"
[   12.158704] (1): "0.flash"
[   12.158770] into device "0.flash"
[   12.169849] [nandsim] warning: read_byte: unexpected data output cycle, state is STATE_READY return 0x0
[   12.170072] [nandsim] warning: read_byte: unexpected data output cycle, state is STATE_READY return 0x0
[   12.170248] [nandsim] warning: read_byte: unexpected data output cycle, state is STATE_READY return 0x0
[   12.170418] [nandsim] warning: read_byte: unexpected data output cycle, state is STATE_READY return 0x0
[   12.170587] [nandsim] warning: read_byte: unexpected data output cycle, state is STATE_READY return 0x0
[   12.170755] [nandsim] warning: read_byte: unexpected data output cycle, state is STATE_READY return 0x0
[   12.171170] nand: device found, Manufacturer ID: 0x98, Chip ID: 0x39
[   12.171316] nand: Toshiba NAND 128MiB 1,8V 8-bit
[   12.171440] nand: 128 MiB, SLC, erase size: 16 KiB, page size: 512, OOB size: 16
[   12.172627] flash size: 128 MiB
[   12.172719] page size: 512 bytes
[   12.172795] OOB area size: 16 bytes
[   12.172874] sector size: 16 KiB
[   12.172948] pages number: 262144
[   12.173021] pages per sector: 32
[   12.173093] bus width: 8
[   12.173153] bits in sector size: 14
[   12.173230] bits in page size: 9
[   12.173305] bits in OOB size: 4
[   12.173388] flash size with OOB: 135168 KiB
[   12.173478] page address bytes: 4
[   12.173552] sector address bytes: 3
[   12.173629] options: 0x42
[   14.373129] Scanning device for bad blocks
[   14.481089] firmadyne: do_execve: /firmadyne/console
[   14.481312] OFFSETS: offset of pid: 0x190 offset of comm: 0x270
[   14.481815] Creating 11 MTD partitions on "NAND 128MiB 1,8V 8-bit":
[   14.482367] 0x000000000000-0x000000100000 : "NAND simulator partition 0"
[   14.484622] 0x000000100000-0x000000200000 : "NAND simulator partition 1"
[   14.486042] 0x000000200000-0x000000300000 : "NAND simulator partition 2"
[   14.487422] 0x000000300000-0x000000400000 : "NAND simulator partition 3"
[   14.488876] 0x000000400000-0x000000500000 : "NAND simulator partition 4"
[   14.490284] 0x000000500000-0x000000600000 : "NAND simulator partition 5"
[   14.491716] 0x000000600000-0x000000700000 : "NAND simulator partition 6"
[   14.493528] 0x000000700000-0x000000800000 : "NAND simulator partition 7"
[   14.494901] 0x000000800000-0x000000900000 : "NAND simulator partition 8"
[   14.496302] 0x000000900000-0x000000a00000 : "NAND simulator partition 9"
[   14.497719] 0x000000a00000-0x000008000000 : "NAND simulator partition 10"
[   14.503516] tun: Universal TUN/TAP device driver, 1.6
[   14.503660] tun: (C) 1999-2004 Max Krasnyansky <maxk@qualcomm.com>
[   18.388228] PPP generic driver version 2.4.2
[   18.389029] PPP BSD Compression module registered
[   18.389200] PPP Deflate Compression module registered
[   18.389462] PPP MPPE Compression module registered
[   18.389601] NET: Registered protocol family 24
[   18.389927] PPTP driver version 0.8.5
[   18.390689] cfg80211: Calling CRDA to update world regulatory domain
[   20.763036] usbcore: registered new interface driver usb-storage
[   23.215209] rtc-pl031 9010000.pl031: rtc core: registered pl031 as rtc0
[   23.216052] hidraw: raw HID events driver (C) Jiri Kosina
[   23.216626] usbcore: registered new interface driver usbhid
[   23.216760] usbhid: USB HID core driver
[   23.217266] Netfilter messages via NETLINK v0.30.
[   23.217943] nf_conntrack version 0.5.0 (3958 buckets, 15832 max)
[   23.219434] ctnetlink v0.93: registering with nfnetlink.
[   23.220924] ipip: IPv4 over IPv4 tunneling driver
[   23.223232] gre: GRE over IPv4 demultiplexor driver
[   23.223397] ip_gre: GRE over IPv4 tunneling driver
[   23.228050] ip_tables: (C) 2000-2006 Netfilter Core Team
[   23.229756] arp_tables: (C) 2002 David S. Miller
[   23.230820] Initializing XFRM netlink socket
[   23.231334] NET: Registered protocol family 10
[   23.234766] cfg80211: Calling CRDA to update world regulatory domain
[   23.239003] ip6_tables: (C) 2000-2006 Netfilter Core Team
[   23.240723] sit: IPv6 over IPv4 tunneling driver
[   23.244636] NET: Registered protocol family 17
[   23.245298] bridge: automatic filtering via arp/ip/ip6tables has been deprecated. Update your scripts to load br_netfilter if you need this.
[   23.245639] Bridge firewalling registered
[   23.245785] Ebtables v2.0 registered
[   23.246980] 8021q: 802.1Q VLAN Support v1.8
[   23.247628] Registering SWP/SWPB emulation handler
[   23.250423] rtc-pl031 9010000.pl031: setting system clock to 2018-07-19 14:36:29 UTC (1532010989)
[   23.260957] EXT4-fs (vda1): couldn't mount as ext3 due to feature incompatibilities
[   23.262863] EXT4-fs (vda1): mounting ext2 file system using the ext4 subsystem
[   23.573520] EXT4-fs (vda1): mounted filesystem without journal. Opts: (null)
[   23.574646] VFS: Mounted root (ext2 filesystem) on device 254:1.
[   23.593194] Freeing unused kernel memory: 180K (c05c7000 - c05f4000)
[   23.644940] random: sh urandom read with 2 bits of entropy available
/ # [   26.382824] cfg80211: Calling CRDA to update world regulatory domain
[   29.533245] cfg80211: Calling CRDA to update world regulatory domain
[   32.683874] cfg80211: Calling CRDA to update world regulatory domain
[   35.832690] cfg80211: Calling CRDA to update world regulatory domain
[   38.982891] cfg80211: Calling CRDA to update world regulatory domain
Starting firmware emulation... use Ctrl-a + x to exit
qemu-system-arm: terminating on signal 2 from pid 159863 (timeout)
[    0.000000] Booting Linux on physical CPU 0x0
[    0.000000] Linux version 4.1.17+ (vagrant@vagrant-ubuntu-trusty-64) (gcc version 5.3.0 (GCC) ) #1 Thu Feb 18 01:05:21 UTC 2016
[    0.000000] CPU: ARMv7 Processor [412fc0f1] revision 1 (ARMv7), cr=10c5387d
[    0.000000] CPU: PIPT / VIPT nonaliasing data cache, PIPT instruction cache
[    0.000000] Machine model: linux,dummy-virt
[    0.000000] debug: ignoring loglevel setting.
[    0.000000] Memory policy: Data cache writeback
[    0.000000] On node 0 totalpages: 65536
[    0.000000] free_area_init_node: node 0, pgdat c061dfe8, node_mem_map cfdf9000
[    0.000000]   Normal zone: 512 pages used for memmap
[    0.000000]   Normal zone: 0 pages reserved
[    0.000000]   Normal zone: 65536 pages, LIFO batch:15
[    0.000000] psci: probing for conduit method from DT.
[    0.000000] psci: PSCIv0.2 detected in firmware.
[    0.000000] psci: Using standard PSCI v0.2 function IDs
[    0.000000] CPU: All CPU(s) started in SVC mode.
[    0.000000] pcpu-alloc: s0 r0 d32768 u32768 alloc=1*32768
[    0.000000] pcpu-alloc: [0] 0 
[    0.000000] Built 1 zonelists in Zone order, mobility grouping on.  Total pages: 65024
[    0.000000] Kernel command line: root=/dev/vda1 console=ttyS0 nandsim.parts=64,64,64,64,64,64,64,64,64,64 rdinit=/firmadyne/preInit.sh rw debug ignore_loglevel print-fatal-signals=1 user_debug=31 firmadyne.syscall=0
[    0.000000] PID hash table entries: 1024 (order: 0, 4096 bytes)
[    0.000000] Dentry cache hash table entries: 32768 (order: 5, 131072 bytes)
[    0.000000] Inode-cache hash table entries: 16384 (order: 4, 65536 bytes)
[    0.000000] Memory: 253340K/262144K available (4297K kernel code, 170K rwdata, 1584K rodata, 180K init, 148K bss, 8804K reserved, 0K cma-reserved)
[    0.000000] Virtual kernel memory layout:
[    0.000000]     vector  : 0xffff0000 - 0xffff1000   (   4 kB)
[    0.000000]     fixmap  : 0xffc00000 - 0xfff00000   (3072 kB)
[    0.000000]     vmalloc : 0xd0800000 - 0xff000000   ( 744 MB)
[    0.000000]     lowmem  : 0xc0000000 - 0xd0000000   ( 256 MB)
[    0.000000]     modules : 0xbf000000 - 0xc0000000   (  16 MB)
[    0.000000]       .text : 0xc0008000 - 0xc05c67bc   (5882 kB)
[    0.000000]       .init : 0xc05c7000 - 0xc05f4000   ( 180 kB)
[    0.000000]       .data : 0xc05f4000 - 0xc061e840   ( 171 kB)
[    0.000000]        .bss : 0xc0621000 - 0xc06462d4   ( 149 kB)
[    0.000000] NR_IRQS:16 nr_irqs:16 16
[    0.000000] Architected cp15 timer(s) running at 62.50MHz (virt).
[    0.000000] clocksource arch_sys_counter: mask: 0xffffffffffffff max_cycles: 0x1cd42e208c, max_idle_ns: 881590405314 ns
[    0.000159] sched_clock: 56 bits at 62MHz, resolution 16ns, wraps every 4398046511096ns
[    0.000306] Switching to timer-based delay loop, resolution 16ns
[    2.391420] Console: colour dummy device 80x30
[    2.391772] Calibrating delay loop (skipped), value calculated using timer frequency.. 125.00 BogoMIPS (lpj=625000)
[    2.391910] pid_max: default: 32768 minimum: 301
[    2.392811] Mount-cache hash table entries: 1024 (order: 0, 4096 bytes)
[    2.392848] Mountpoint-cache hash table entries: 1024 (order: 0, 4096 bytes)
[    2.400273] CPU: Testing write buffer coherency: ok
[    2.406334] Setting up static identity map for 0x40008240 - 0x40008298
[    2.421313] VFP support v0.3: implementor 41 architecture 4 part 30 variant f rev 0
[    4.811111] clocksource jiffies: mask: 0xffffffff max_cycles: 0xffffffff, max_idle_ns: 19112604462750000 ns
[    4.820726] NET: Registered protocol family 16
[    4.824036] DMA: preallocated 256 KiB pool for atomic coherent allocations
[    4.828487] cpuidle: using governor ladder
[    4.828665] cpuidle: using governor menu
[    4.850141] Serial: AMBA PL011 UART driver
[    4.852429] 9000000.pl011: ttyS0 at MMIO 0x9000000 (irq = 54, base_baud = 0) is a PL011 rev1
[    7.241035] console [ttyS0] enabled
[    7.263953] vgaarb: loaded
[    7.265735] SCSI subsystem initialized
[    7.266854] usbcore: registered new interface driver usbfs
[    7.267251] usbcore: registered new interface driver hub
[    7.267582] usbcore: registered new device driver usb
[    7.276935] cfg80211: Calling CRDA to update world regulatory domain
[    7.279287] Switched to clocksource arch_sys_counter
[    7.297187] NET: Registered protocol family 2
[    7.302628] TCP established hash table entries: 2048 (order: 1, 8192 bytes)
[    7.302908] TCP bind hash table entries: 2048 (order: 1, 8192 bytes)
[    7.303216] TCP: Hash tables configured (established 2048 bind 2048)
[    7.303760] UDP hash table entries: 256 (order: 0, 4096 bytes)
[    7.304004] UDP-Lite hash table entries: 256 (order: 0, 4096 bytes)
[    7.305475] NET: Registered protocol family 1
[    7.305933] PCI: CLS 0 bytes, default 64
[    9.636258] NetWinder Floating Point Emulator V0.97 (extended precision)
[    9.639023] futex hash table entries: 256 (order: -1, 3072 bytes)
[    9.644538] squashfs: version 4.0 (2009/01/31) Phillip Lougher
[    9.645556] jffs2: version 2.2. (NAND) © 2001-2006 Red Hat, Inc.
[    9.646346] romfs: ROMFS MTD (C) 2007 Red Hat, Inc.
[    9.655262] Block layer SCSI generic (bsg) driver version 0.4 loaded (major 253)
[    9.655588] io scheduler noop registered
[    9.655815] io scheduler cfq registered (default)
[    9.656477] firmadyne: devfs: 1, execute: 1, procfs: 1, syscall: 0
[    9.657772] ------------[ cut here ]------------
[    9.657973] WARNING: CPU: 0 PID: 1 at /home/vagrant/firmadyne-kernel/kernel-v4.1/fs/sysfs/dir.c:31 sysfs_warn_dup+0x50/0x6c()
[    9.658199] sysfs: cannot create duplicate filename '/class/gpio'
[    9.658357] Modules linked in:
[    9.658668] CPU: 0 PID: 1 Comm: swapper Not tainted 4.1.17+ #1
[    9.658805] Hardware name: Generic DT based system
[    9.659608] [<c001c99c>] (unwind_backtrace) from [<c0019d30>] (show_stack+0x10/0x14)
[    9.659886] [<c0019d30>] (show_stack) from [<c0024ab4>] (warn_slowpath_common+0x80/0xa8)
[    9.660084] [<c0024ab4>] (warn_slowpath_common) from [<c0024b08>] (warn_slowpath_fmt+0x2c/0x3c)
[    9.660320] [<c0024b08>] (warn_slowpath_fmt) from [<c00e363c>] (sysfs_warn_dup+0x50/0x6c)
[    9.660498] [<c00e363c>] (sysfs_warn_dup) from [<c00e3714>] (sysfs_create_dir_ns+0x74/0x84)
[    9.660678] [<c00e3714>] (sysfs_create_dir_ns) from [<c018e6ac>] (kobject_add_internal+0xb8/0x2ac)
[    9.660864] [<c018e6ac>] (kobject_add_internal) from [<c018e9a8>] (kset_register+0x1c/0x44)
[    9.661041] [<c018e9a8>] (kset_register) from [<c02090b4>] (__class_register+0xa8/0x198)
[    9.661230] [<c02090b4>] (__class_register) from [<c02091e4>] (__class_create+0x40/0x70)
[    9.661402] [<c02091e4>] (__class_create) from [<c01adf68>] (register_devfs_stubs+0x314/0xbb4)
[    9.661582] [<c01adf68>] (register_devfs_stubs) from [<c05d9b08>] (init_module+0x28/0xa4)
[    9.661783] [<c05d9b08>] (init_module) from [<c0009670>] (do_one_initcall+0x104/0x1b4)
[    9.661954] [<c0009670>] (do_one_initcall) from [<c05c7d08>] (kernel_init_freeable+0xf0/0x1b0)
[    9.662138] [<c05c7d08>] (kernel_init_freeable) from [<c040f28c>] (kernel_init+0x8/0xe4)
[    9.662304] [<c040f28c>] (kernel_init) from [<c0016da8>] (ret_from_fork+0x14/0x2c)
[    9.662556] ---[ end trace 7e2928ea2e9c27a1 ]---
[    9.662749] ------------[ cut here ]------------
[    9.662860] WARNING: CPU: 0 PID: 1 at /home/vagrant/firmadyne-kernel/kernel-v4.1/lib/kobject.c:240 kobject_add_internal+0x240/0x2ac()
[    9.663077] kobject_add_internal failed for gpio with -EEXIST, don't try to register things with the same name in the same directory.
[    9.663288] Modules linked in:
[    9.663427] CPU: 0 PID: 1 Comm: swapper Tainted: G        W       4.1.17+ #1
[    9.663563] Hardware name: Generic DT based system
[    9.663679] [<c001c99c>] (unwind_backtrace) from [<c0019d30>] (show_stack+0x10/0x14)
[    9.663842] [<c0019d30>] (show_stack) from [<c0024ab4>] (warn_slowpath_common+0x80/0xa8)
[    9.664012] [<c0024ab4>] (warn_slowpath_common) from [<c0024b08>] (warn_slowpath_fmt+0x2c/0x3c)
[    9.664191] [<c0024b08>] (warn_slowpath_fmt) from [<c018e834>] (kobject_add_internal+0x240/0x2ac)
[    9.664381] [<c018e834>] (kobject_add_internal) from [<c018e9a8>] (kset_register+0x1c/0x44)
[    9.664552] [<c018e9a8>] (kset_register) from [<c02090b4>] (__class_register+0xa8/0x198)
[    9.664719] [<c02090b4>] (__class_register) from [<c02091e4>] (__class_create+0x40/0x70)
[    9.664885] [<c02091e4>] (__class_create) from [<c01adf68>] (register_devfs_stubs+0x314/0xbb4)
[    9.665063] [<c01adf68>] (register_devfs_stubs) from [<c05d9b08>] (init_module+0x28/0xa4)
[    9.665239] [<c05d9b08>] (init_module) from [<c0009670>] (do_one_initcall+0x104/0x1b4)
[    9.665404] [<c0009670>] (do_one_initcall) from [<c05c7d08>] (kernel_init_freeable+0xf0/0x1b0)
[    9.665579] [<c05c7d08>] (kernel_init_freeable) from [<c040f28c>] (kernel_init+0x8/0xe4)
[    9.665740] [<c040f28c>] (kernel_init) from [<c0016da8>] (ret_from_fork+0x14/0x2c)
[    9.665903] ---[ end trace 7e2928ea2e9c27a2 ]---
[    9.666061] firmadyne: Cannot create device class: gpio!
[    9.667703] firmadyne: Cannot register character device: watchdog, 0xa, 0x82!
[    9.667880] firmadyne: Cannot register character device: wdt, 0xfd, 0x0!
[    9.749938] PCI host bridge /pcie@10000000 ranges:
[    9.750509]    IO 0x3eff0000..0x3effffff -> 0x00000000
[    9.750869]   MEM 0x10000000..0x3efeffff -> 0x10000000
[    9.750999]   MEM 0x8000000000..0xffffffffff -> 0x8000000000
[    9.751681] pci-host-generic 3f000000.pcie: resource collision: [mem 0x00000000-0xffffffff] conflicts with /pl011@9000000 [mem 0x09000000-0x09000fff]
[    9.752387] pci-host-generic: probe of 3f000000.pcie failed with error -16
[    9.764002] Non-volatile memory driver v1.3
[   11.855435] cfg80211: Calling CRDA to update world regulatory domain
[   11.869851] brd: module loaded
[   11.880062] loop: module loaded
[   14.326408]  vda: vda1
[   14.338947] 0.flash: Found 2 x16 devices at 0x0 in 32-bit bank. Manufacturer ID 0x000000 Chip ID 0x000000
[   14.339782] Intel/Sharp Extended Query Table at 0x0031
[   14.342213] Using buffer write method
[   14.342644] erase region 0: offset=0x0,size=0x40000,blocks=256
[   14.350453] 0.flash: Found 2 x16 devices at 0x0 in 32-bit bank. Manufacturer ID 0x000000 Chip ID 0x000000
[   14.350710] Intel/Sharp Extended Query Table at 0x0031
[   14.351490] Using buffer write method
[   14.351608] erase region 0: offset=0x0,size=0x40000,blocks=256
[   14.351826] Concatenating MTD devices:
[   14.351930] (0): "0.flash"
[   14.352002] (1): "0.flash"
[   14.352066] into device "0.flash"
[   14.363381] [nandsim] warning: read_byte: unexpected data output cycle, state is STATE_READY return 0x0
[   14.363628] [nandsim] warning: read_byte: unexpected data output cycle, state is STATE_READY return 0x0
[   14.363804] [nandsim] warning: read_byte: unexpected data output cycle, state is STATE_READY return 0x0
[   14.363974] [nandsim] warning: read_byte: unexpected data output cycle, state is STATE_READY return 0x0
[   14.364144] [nandsim] warning: read_byte: unexpected data output cycle, state is STATE_READY return 0x0
[   14.364313] [nandsim] warning: read_byte: unexpected data output cycle, state is STATE_READY return 0x0
[   14.364723] nand: device found, Manufacturer ID: 0x98, Chip ID: 0x39
[   14.364871] nand: Toshiba NAND 128MiB 1,8V 8-bit
[   14.364992] nand: 128 MiB, SLC, erase size: 16 KiB, page size: 512, OOB size: 16
[   14.365900] flash size: 128 MiB
[   14.365986] page size: 512 bytes
[   14.366060] OOB area size: 16 bytes
[   14.366138] sector size: 16 KiB
[   14.366208] pages number: 262144
[   14.366282] pages per sector: 32
[   14.366354] bus width: 8
[   14.366414] bits in sector size: 14
[   14.366489] bits in page size: 9
[   14.366564] bits in OOB size: 4
[   14.366640] flash size with OOB: 135168 KiB
[   14.366727] page address bytes: 4
[   14.366800] sector address bytes: 3
[   14.366876] options: 0x42
[   14.765422] Scanning device for bad blocks
[   14.876319] firmadyne: do_execve: /firmadyne/console
[   14.876536] OFFSETS: offset of pid: 0x190 offset of comm: 0x270
[   14.877053] Creating 11 MTD partitions on "NAND 128MiB 1,8V 8-bit":
[   14.877501] 0x000000000000-0x000000100000 : "NAND simulator partition 0"
[   14.879939] 0x000000100000-0x000000200000 : "NAND simulator partition 1"
[   14.881432] 0x000000200000-0x000000300000 : "NAND simulator partition 2"
[   14.882835] 0x000000300000-0x000000400000 : "NAND simulator partition 3"
[   14.884242] 0x000000400000-0x000000500000 : "NAND simulator partition 4"
[   14.885619] 0x000000500000-0x000000600000 : "NAND simulator partition 5"
[   14.887008] 0x000000600000-0x000000700000 : "NAND simulator partition 6"
[   14.888608] 0x000000700000-0x000000800000 : "NAND simulator partition 7"
[   14.890131] 0x000000800000-0x000000900000 : "NAND simulator partition 8"
[   14.891489] 0x000000900000-0x000000a00000 : "NAND simulator partition 9"
[   14.892870] 0x000000a00000-0x000008000000 : "NAND simulator partition 10"
[   14.898631] tun: Universal TUN/TAP device driver, 1.6
[   14.898773] tun: (C) 1999-2004 Max Krasnyansky <maxk@qualcomm.com>
[   18.423547] PPP generic driver version 2.4.2
[   18.424313] PPP BSD Compression module registered
[   18.424498] PPP Deflate Compression module registered
[   18.424740] PPP MPPE Compression module registered
[   18.424879] NET: Registered protocol family 24
[   18.425215] PPTP driver version 0.8.5
[   18.426141] cfg80211: Calling CRDA to update world regulatory domain
[   20.812577] usbcore: registered new interface driver usb-storage
[   22.948123] rtc-pl031 9010000.pl031: rtc core: registered pl031 as rtc0
[   22.949057] hidraw: raw HID events driver (C) Jiri Kosina
[   22.949652] usbcore: registered new interface driver usbhid
[   22.949785] usbhid: USB HID core driver
[   22.950293] Netfilter messages via NETLINK v0.30.
[   22.950979] nf_conntrack version 0.5.0 (3958 buckets, 15832 max)
[   22.952477] ctnetlink v0.93: registering with nfnetlink.
[   22.953952] ipip: IPv4 over IPv4 tunneling driver
[   22.956101] gre: GRE over IPv4 demultiplexor driver
[   22.956267] ip_gre: GRE over IPv4 tunneling driver
[   22.960943] ip_tables: (C) 2000-2006 Netfilter Core Team
[   22.962662] arp_tables: (C) 2002 David S. Miller
[   22.963724] Initializing XFRM netlink socket
[   22.964229] NET: Registered protocol family 10
[   22.967390] cfg80211: Calling CRDA to update world regulatory domain
[   22.971661] ip6_tables: (C) 2000-2006 Netfilter Core Team
[   22.973384] sit: IPv6 over IPv4 tunneling driver
[   22.977051] NET: Registered protocol family 17
[   22.977720] bridge: automatic filtering via arp/ip/ip6tables has been deprecated. Update your scripts to load br_netfilter if you need this.
[   22.978061] Bridge firewalling registered
[   22.978204] Ebtables v2.0 registered
[   22.979480] 8021q: 802.1Q VLAN Support v1.8
[   22.980132] Registering SWP/SWPB emulation handler
[   22.982862] rtc-pl031 9010000.pl031: setting system clock to 2018-07-19 14:37:35 UTC (1532011055)
[   22.993246] EXT4-fs (vda1): couldn't mount as ext3 due to feature incompatibilities
[   22.995459] EXT4-fs (vda1): mounting ext2 file system using the ext4 subsystem
[   25.424319] EXT4-fs (vda1): warning: mounting unchecked fs, running e2fsck is recommended
[   25.427204] EXT4-fs (vda1): mounted filesystem without journal. Opts: (null)
[   25.428311] VFS: Mounted root (ext2 filesystem) on device 254:1.
[   25.446526] Freeing unused kernel memory: 180K (c05c7000 - c05f4000)
[   25.495557] random: sh urandom read with 3 bits of entropy available
[   27.899374] cfg80211: Calling CRDA to update world regulatory domain
/ # [   31.049483] cfg80211: Calling CRDA to update world regulatory domain
[   34.201641] cfg80211: Calling CRDA to update world regulatory domain
