>> Database Image ID: 33

/home/zhumengfan/firmware/firmwares/408d55eb82f04e0899feeee4c8c181d52f09f822.trx
>> MD5: d7287c864517a721fca84bdd3b9c8c66
>> Tag: 33
>> Temp: /tmp/tmpTWLOo7
>> Status: Kernel: True, Rootfs: False, Do_Kernel: False,                 Do_Rootfs: True
>>>> Squashfs filesystem, little endian, version 4.0, compression:xz, size: 8061948 bytes, 1230 inodes, blocksize: 131072 bytes, created: 2014-06-09 14:32:52
>>>> Found Linux filesystem in /tmp/tmpTWLOo7/_408d55eb82f04e0899feeee4c8c181d52f09f822.trx.extracted/squashfs-root!
>> Skipping: completed!
>> Cleaning up /tmp/tmpTWLOo7...
./bin/busybox: armel
Querying database for architecture... armel
----Running----
----Copying Filesystem Tarball----
----Creating QEMU Image----
Formatting '/home/zhumengfan/firmadyne//scratch//33//image.raw', fmt=raw size=1073741824
----Creating Partition Table----

Welcome to fdisk (util-linux 2.27.1).
Changes will remain in memory only, until you decide to write them.
Be careful before using the write command.

Device does not contain a recognized partition table.
Created a new DOS disklabel with disk identifier 0x28cecfcb.

Command (m for help): Created a new DOS disklabel with disk identifier 0xf8ac43c9.

Command (m for help): Partition type
   p   primary (0 primary, 0 extended, 4 free)
   e   extended (container for logical partitions)
Select (default p): Partition number (1-4, default 1): First sector (2048-2097151, default 2048): Last sector, +sectors or +size{K,M,G,T,P} (2048-2097151, default 2097151): 
Created a new partition 1 of type 'Linux' and of size 1023 MiB.

Command (m for help): The partition table has been altered.
Syncing disks.

----Mounting QEMU Image----
add map loop0p1 (252:0): 0 2095104 linear 7:0 2048
----Creating Filesystem----
mke2fs 1.42.13 (17-May-2015)
Discarding device blocks:   4096/261888             done                            
Creating filesystem with 261888 4k blocks and 65536 inodes
Filesystem UUID: 1dc994e1-d609-427d-a0ba-7ea52fc07c6b
Superblock backups stored on blocks: 
	32768, 98304, 163840, 229376

Allocating group tables: 0/8   done                            
Writing inode tables: 0/8   done                            
Writing superblocks and filesystem accounting information: 0/8   done

----Making QEMU Image Mountpoint----
----Mounting QEMU Image Partition 1----
----Extracting Filesystem Tarball----
----Creating FIRMADYNE Directories----
----Patching Filesystem (chroot)----
Creating /etc/TZ!
Creating /etc/hosts!
Creating /etc/passwd!
Warning: Recreating device nodes!
Removing /etc/scripts/sys_resetbutton!
----Setting up FIRMADYNE----
----Unmounting QEMU Image----
loop deleted : /dev/loop0
Querying database for architecture... armel
Running firmware 33: terminating after 60 secs...
qemu-system-arm: terminating on signal 2 from pid 76636 (timeout)
Inferring network...
Interfaces: []
Done!
[    0.000000] Booting Linux on physical CPU 0x0
[    0.000000] Linux version 4.1.17+ (vagrant@vagrant-ubuntu-trusty-64) (gcc version 5.3.0 (GCC) ) #1 Thu Feb 18 01:05:21 UTC 2016
[    0.000000] CPU: ARMv7 Processor [412fc0f1] revision 1 (ARMv7), cr=10c5387d
[    0.000000] CPU: PIPT / VIPT nonaliasing data cache, PIPT instruction cache
[    0.000000] Machine model: linux,dummy-virt
[    0.000000] debug: ignoring loglevel setting.
[    0.000000] Memory policy: Data cache writeback
[    0.000000] On node 0 totalpages: 65536
[    0.000000] free_area_init_node: node 0, pgdat c061dfe8, node_mem_map cfdf9000
[    0.000000]   Normal zone: 512 pages used for memmap
[    0.000000]   Normal zone: 0 pages reserved
[    0.000000]   Normal zone: 65536 pages, LIFO batch:15
[    0.000000] psci: probing for conduit method from DT.
[    0.000000] psci: PSCIv0.2 detected in firmware.
[    0.000000] psci: Using standard PSCI v0.2 function IDs
[    0.000000] CPU: All CPU(s) started in SVC mode.
[    0.000000] pcpu-alloc: s0 r0 d32768 u32768 alloc=1*32768
[    0.000000] pcpu-alloc: [0] 0 
[    0.000000] Built 1 zonelists in Zone order, mobility grouping on.  Total pages: 65024
[    0.000000] Kernel command line: firmadyne.syscall=1 root=/dev/vda1 console=ttyS0 nandsim.parts=64,64,64,64,64,64,64,64,64,64 rdinit=/firmadyne/preInit.sh rw debug ignore_loglevel print-fatal-signals=1 user_debug=31
[    0.000000] PID hash table entries: 1024 (order: 0, 4096 bytes)
[    0.000000] Dentry cache hash table entries: 32768 (order: 5, 131072 bytes)
[    0.000000] Inode-cache hash table entries: 16384 (order: 4, 65536 bytes)
[    0.000000] Memory: 253340K/262144K available (4297K kernel code, 170K rwdata, 1584K rodata, 180K init, 148K bss, 8804K reserved, 0K cma-reserved)
[    0.000000] Virtual kernel memory layout:
[    0.000000]     vector  : 0xffff0000 - 0xffff1000   (   4 kB)
[    0.000000]     fixmap  : 0xffc00000 - 0xfff00000   (3072 kB)
[    0.000000]     vmalloc : 0xd0800000 - 0xff000000   ( 744 MB)
[    0.000000]     lowmem  : 0xc0000000 - 0xd0000000   ( 256 MB)
[    0.000000]     modules : 0xbf000000 - 0xc0000000   (  16 MB)
[    0.000000]       .text : 0xc0008000 - 0xc05c67bc   (5882 kB)
[    0.000000]       .init : 0xc05c7000 - 0xc05f4000   ( 180 kB)
[    0.000000]       .data : 0xc05f4000 - 0xc061e840   ( 171 kB)
[    0.000000]        .bss : 0xc0621000 - 0xc06462d4   ( 149 kB)
[    0.000000] NR_IRQS:16 nr_irqs:16 16
[    0.000000] Architected cp15 timer(s) running at 62.50MHz (virt).
[    0.000000] clocksource arch_sys_counter: mask: 0xffffffffffffff max_cycles: 0x1cd42e208c, max_idle_ns: 881590405314 ns
[    0.000159] sched_clock: 56 bits at 62MHz, resolution 16ns, wraps every 4398046511096ns
[    0.000302] Switching to timer-based delay loop, resolution 16ns
[    0.003466] Console: colour dummy device 80x30
[    0.003806] Calibrating delay loop (skipped), value calculated using timer frequency.. 125.00 BogoMIPS (lpj=625000)
[    0.003941] pid_max: default: 32768 minimum: 301
[    0.004859] Mount-cache hash table entries: 1024 (order: 0, 4096 bytes)
[    0.004897] Mountpoint-cache hash table entries: 1024 (order: 0, 4096 bytes)
[    0.014857] CPU: Testing write buffer coherency: ok
[    0.021444] Setting up static identity map for 0x40008240 - 0x40008298
[    0.140602] VFP support v0.3: implementor 41 architecture 4 part 30 variant f rev 0
[    0.153003] clocksource jiffies: mask: 0xffffffff max_cycles: 0xffffffff, max_idle_ns: 19112604462750000 ns
[    0.162553] NET: Registered protocol family 16
[    0.165833] DMA: preallocated 256 KiB pool for atomic coherent allocations
[    0.170351] cpuidle: using governor ladder
[    0.170547] cpuidle: using governor menu
[    0.236272] Serial: AMBA PL011 UART driver
[    0.238523] 9000000.pl011: ttyS0 at MMIO 0x9000000 (irq = 54, base_baud = 0) is a PL011 rev1
[    0.246783] console [ttyS0] enabled
[    0.270800] vgaarb: loaded
[    0.272362] SCSI subsystem initialized
[    0.273495] usbcore: registered new interface driver usbfs
[    0.273888] usbcore: registered new interface driver hub
[    0.274198] usbcore: registered new device driver usb
[    0.283965] cfg80211: Calling CRDA to update world regulatory domain
[    0.286407] Switched to clocksource arch_sys_counter
[    0.304874] NET: Registered protocol family 2
[    0.505182] TCP established hash table entries: 2048 (order: 1, 8192 bytes)
[    0.505488] TCP bind hash table entries: 2048 (order: 1, 8192 bytes)
[    0.505800] TCP: Hash tables configured (established 2048 bind 2048)
[    0.506485] UDP hash table entries: 256 (order: 0, 4096 bytes)
[    0.506753] UDP-Lite hash table entries: 256 (order: 0, 4096 bytes)
[    0.508246] NET: Registered protocol family 1
[    0.508706] PCI: CLS 0 bytes, default 64
[    0.516010] NetWinder Floating Point Emulator V0.97 (extended precision)
[    0.519038] futex hash table entries: 256 (order: -1, 3072 bytes)
[    0.524812] squashfs: version 4.0 (2009/01/31) Phillip Lougher
[    0.525865] jffs2: version 2.2. (NAND) © 2001-2006 Red Hat, Inc.
[    0.526823] romfs: ROMFS MTD (C) 2007 Red Hat, Inc.
[    0.536028] Block layer SCSI generic (bsg) driver version 0.4 loaded (major 253)
[    0.536726] io scheduler noop registered
[    0.536981] io scheduler cfq registered (default)
[    0.537661] firmadyne: devfs: 1, execute: 1, procfs: 1, syscall: 1
[    0.539045] ------------[ cut here ]------------
[    0.539247] WARNING: CPU: 0 PID: 1 at /home/vagrant/firmadyne-kernel/kernel-v4.1/fs/sysfs/dir.c:31 sysfs_warn_dup+0x50/0x6c()
[    0.539502] sysfs: cannot create duplicate filename '/class/gpio'
[    0.539664] Modules linked in:
[    0.539974] CPU: 0 PID: 1 Comm: swapper Not tainted 4.1.17+ #1
[    0.540134] Hardware name: Generic DT based system
[    0.540849] [<c001c99c>] (unwind_backtrace) from [<c0019d30>] (show_stack+0x10/0x14)
[    0.541145] [<c0019d30>] (show_stack) from [<c0024ab4>] (warn_slowpath_common+0x80/0xa8)
[    0.541349] [<c0024ab4>] (warn_slowpath_common) from [<c0024b08>] (warn_slowpath_fmt+0x2c/0x3c)
[    0.541591] [<c0024b08>] (warn_slowpath_fmt) from [<c00e363c>] (sysfs_warn_dup+0x50/0x6c)
[    0.541777] [<c00e363c>] (sysfs_warn_dup) from [<c00e3714>] (sysfs_create_dir_ns+0x74/0x84)
[    0.541988] [<c00e3714>] (sysfs_create_dir_ns) from [<c018e6ac>] (kobject_add_internal+0xb8/0x2ac)
[    0.542168] [<c018e6ac>] (kobject_add_internal) from [<c018e9a8>] (kset_register+0x1c/0x44)
[    0.542339] [<c018e9a8>] (kset_register) from [<c02090b4>] (__class_register+0xa8/0x198)
[    0.542547] [<c02090b4>] (__class_register) from [<c02091e4>] (__class_create+0x40/0x70)
[    0.542727] [<c02091e4>] (__class_create) from [<c01adf68>] (register_devfs_stubs+0x314/0xbb4)
[    0.542925] [<c01adf68>] (register_devfs_stubs) from [<c05d9b08>] (init_module+0x28/0xa4)
[    0.543118] [<c05d9b08>] (init_module) from [<c0009670>] (do_one_initcall+0x104/0x1b4)
[    0.543296] [<c0009670>] (do_one_initcall) from [<c05c7d08>] (kernel_init_freeable+0xf0/0x1b0)
[    0.543506] [<c05c7d08>] (kernel_init_freeable) from [<c040f28c>] (kernel_init+0x8/0xe4)
[    0.543681] [<c040f28c>] (kernel_init) from [<c0016da8>] (ret_from_fork+0x14/0x2c)
[    0.543976] ---[ end trace 45b1ce834d4af8e8 ]---
[    0.544150] ------------[ cut here ]------------
[    0.544250] WARNING: CPU: 0 PID: 1 at /home/vagrant/firmadyne-kernel/kernel-v4.1/lib/kobject.c:240 kobject_add_internal+0x240/0x2ac()
[    0.544500] kobject_add_internal failed for gpio with -EEXIST, don't try to register things with the same name in the same directory.
[    0.544721] Modules linked in:
[    0.544892] CPU: 0 PID: 1 Comm: swapper Tainted: G        W       4.1.17+ #1
[    0.545015] Hardware name: Generic DT based system
[    0.545121] [<c001c99c>] (unwind_backtrace) from [<c0019d30>] (show_stack+0x10/0x14)
[    0.545268] [<c0019d30>] (show_stack) from [<c0024ab4>] (warn_slowpath_common+0x80/0xa8)
[    0.545483] [<c0024ab4>] (warn_slowpath_common) from [<c0024b08>] (warn_slowpath_fmt+0x2c/0x3c)
[    0.545668] [<c0024b08>] (warn_slowpath_fmt) from [<c018e834>] (kobject_add_internal+0x240/0x2ac)
[    0.545895] [<c018e834>] (kobject_add_internal) from [<c018e9a8>] (kset_register+0x1c/0x44)
[    0.546065] [<c018e9a8>] (kset_register) from [<c02090b4>] (__class_register+0xa8/0x198)
[    0.546405] [<c02090b4>] (__class_register) from [<c02091e4>] (__class_create+0x40/0x70)
[    0.546603] [<c02091e4>] (__class_create) from [<c01adf68>] (register_devfs_stubs+0x314/0xbb4)
[    0.546822] [<c01adf68>] (register_devfs_stubs) from [<c05d9b08>] (init_module+0x28/0xa4)
[    0.546976] [<c05d9b08>] (init_module) from [<c0009670>] (do_one_initcall+0x104/0x1b4)
[    0.547126] [<c0009670>] (do_one_initcall) from [<c05c7d08>] (kernel_init_freeable+0xf0/0x1b0)
[    0.547335] [<c05c7d08>] (kernel_init_freeable) from [<c040f28c>] (kernel_init+0x8/0xe4)
[    0.547509] [<c040f28c>] (kernel_init) from [<c0016da8>] (ret_from_fork+0x14/0x2c)
[    0.547681] ---[ end trace 45b1ce834d4af8e9 ]---
[    0.547852] firmadyne: Cannot create device class: gpio!
[    0.549604] firmadyne: Cannot register character device: watchdog, 0xa, 0x82!
[    0.549785] firmadyne: Cannot register character device: wdt, 0xfd, 0x0!
[    0.634195] PCI host bridge /pcie@10000000 ranges:
[    0.634807]    IO 0x3eff0000..0x3effffff -> 0x00000000
[    0.635403]   MEM 0x10000000..0x3efeffff -> 0x10000000
[    0.635544]   MEM 0x8000000000..0xffffffffff -> 0x8000000000
[    0.636265] pci-host-generic 3f000000.pcie: resource collision: [mem 0x00000000-0xffffffff] conflicts with /pl011@9000000 [mem 0x09000000-0x09000fff]
[    0.637107] pci-host-generic: probe of 3f000000.pcie failed with error -16
[    0.648730] Non-volatile memory driver v1.3
[    0.805053] brd: module loaded
[    0.815573] loop: module loaded
[    0.832249]  vda: vda1
[    0.844380] 0.flash: Found 2 x16 devices at 0x0 in 32-bit bank. Manufacturer ID 0x000000 Chip ID 0x000000
[    0.845044] Intel/Sharp Extended Query Table at 0x0031
[    0.846383] Using buffer write method
[    0.846808] erase region 0: offset=0x0,size=0x40000,blocks=256
[    0.854077] 0.flash: Found 2 x16 devices at 0x0 in 32-bit bank. Manufacturer ID 0x000000 Chip ID 0x000000
[    0.854348] Intel/Sharp Extended Query Table at 0x0031
[    0.855121] Using buffer write method
[    0.855231] erase region 0: offset=0x0,size=0x40000,blocks=256
[    0.855495] Concatenating MTD devices:
[    0.855602] (0): "0.flash"
[    0.855678] (1): "0.flash"
[    0.855747] into device "0.flash"
[    0.868824] [nandsim] warning: read_byte: unexpected data output cycle, state is STATE_READY return 0x0
[    0.869073] [nandsim] warning: read_byte: unexpected data output cycle, state is STATE_READY return 0x0
[    0.869273] [nandsim] warning: read_byte: unexpected data output cycle, state is STATE_READY return 0x0
[    0.869491] [nandsim] warning: read_byte: unexpected data output cycle, state is STATE_READY return 0x0
[    0.869668] [nandsim] warning: read_byte: unexpected data output cycle, state is STATE_READY return 0x0
[    0.869861] [nandsim] warning: read_byte: unexpected data output cycle, state is STATE_READY return 0x0
[    0.870253] nand: device found, Manufacturer ID: 0x98, Chip ID: 0x39
[    0.870413] nand: Toshiba NAND 128MiB 1,8V 8-bit
[    0.870553] nand: 128 MiB, SLC, erase size: 16 KiB, page size: 512, OOB size: 16
[    0.871486] flash size: 128 MiB
[    0.871573] page size: 512 bytes
[    0.871650] OOB area size: 16 bytes
[    0.871731] sector size: 16 KiB
[    0.871858] pages number: 262144
[    0.871978] pages per sector: 32
[    0.872062] bus width: 8
[    0.872116] bits in sector size: 14
[    0.872184] bits in page size: 9
[    0.872252] bits in OOB size: 4
[    0.872321] flash size with OOB: 135168 KiB
[    0.872418] page address bytes: 4
[    0.872524] sector address bytes: 3
[    0.872604] options: 0x42
[    1.428162] Scanning device for bad blocks
[    1.537399] firmadyne: do_execve: /firmadyne/console
[    1.537623] OFFSETS: offset of pid: 0x190 offset of comm: 0x270
[    1.538095] Creating 11 MTD partitions on "NAND 128MiB 1,8V 8-bit":
[    1.538538] 0x000000000000-0x000000100000 : "NAND simulator partition 0"
[    1.540852] 0x000000100000-0x000000200000 : "NAND simulator partition 1"
[    1.542296] 0x000000200000-0x000000300000 : "NAND simulator partition 2"
[    1.543754] 0x000000300000-0x000000400000 : "NAND simulator partition 3"
[    1.545208] 0x000000400000-0x000000500000 : "NAND simulator partition 4"
[    1.546848] 0x000000500000-0x000000600000 : "NAND simulator partition 5"
[    1.548269] 0x000000600000-0x000000700000 : "NAND simulator partition 6"
[    1.549949] 0x000000700000-0x000000800000 : "NAND simulator partition 7"
[    1.551367] 0x000000800000-0x000000900000 : "NAND simulator partition 8"
[    1.552775] 0x000000900000-0x000000a00000 : "NAND simulator partition 9"
[    1.554253] 0x000000a00000-0x000008000000 : "NAND simulator partition 10"
[    1.560230] tun: Universal TUN/TAP device driver, 1.6
[    1.560378] tun: (C) 1999-2004 Max Krasnyansky <maxk@qualcomm.com>
[    3.357847] PPP generic driver version 2.4.2
[    3.358622] PPP BSD Compression module registered
[    3.358815] PPP Deflate Compression module registered
[    3.359052] PPP MPPE Compression module registered
[    3.359189] NET: Registered protocol family 24
[    3.359529] PPTP driver version 0.8.5
[    4.996253] cfg80211: Calling CRDA to update world regulatory domain
[    4.997311] usbcore: registered new interface driver usb-storage
[    5.000958] rtc-pl031 9010000.pl031: rtc core: registered pl031 as rtc0
[    5.001756] hidraw: raw HID events driver (C) Jiri Kosina
[    5.002336] usbcore: registered new interface driver usbhid
[    5.002496] usbhid: USB HID core driver
[    5.002978] Netfilter messages via NETLINK v0.30.
[    5.003646] nf_conntrack version 0.5.0 (3958 buckets, 15832 max)
[    5.005125] ctnetlink v0.93: registering with nfnetlink.
[    5.006759] ipip: IPv4 over IPv4 tunneling driver
[    5.009041] gre: GRE over IPv4 demultiplexor driver
[    5.009206] ip_gre: GRE over IPv4 tunneling driver
[    5.013944] ip_tables: (C) 2000-2006 Netfilter Core Team
[    5.015703] arp_tables: (C) 2002 David S. Miller
[    5.016948] Initializing XFRM netlink socket
[    5.017484] NET: Registered protocol family 10
[    5.024823] ip6_tables: (C) 2000-2006 Netfilter Core Team
[    5.026819] sit: IPv6 over IPv4 tunneling driver
[    5.030770] NET: Registered protocol family 17
[    5.031519] bridge: automatic filtering via arp/ip/ip6tables has been deprecated. Update your scripts to load br_netfilter if you need this.
[    5.031882] Bridge firewalling registered
[    5.032017] Ebtables v2.0 registered
[    5.033246] 8021q: 802.1Q VLAN Support v1.8
[    5.033928] Registering SWP/SWPB emulation handler
[    5.036885] rtc-pl031 9010000.pl031: setting system clock to 2018-07-19 09:40:46 UTC (1531993246)
[    5.086772] EXT4-fs (vda1): couldn't mount as ext3 due to feature incompatibilities
[    5.089345] EXT4-fs (vda1): mounting ext2 file system using the ext4 subsystem
[    5.101545] EXT4-fs (vda1): mounted filesystem without journal. Opts: (null)
[    5.102732] VFS: Mounted root (ext2 filesystem) on device 254:1.
[    5.120764] Freeing unused kernel memory: 180K (c05c7000 - c05f4000)
[    5.790007] random: sh urandom read with 3 bits of entropy available
/ # [    8.148455] cfg80211: Calling CRDA to update world regulatory domain
[   11.297798] cfg80211: Calling CRDA to update world regulatory domain
[   14.448176] cfg80211: Calling CRDA to update world regulatory domain
[   17.596928] cfg80211: Calling CRDA to update world regulatory domain
[   20.747040] cfg80211: Calling CRDA to update world regulatory domain
[   23.899328] cfg80211: Calling CRDA to update world regulatory domain
[   27.047846] cfg80211: Calling CRDA to update world regulatory domain
[   30.197517] cfg80211: Calling CRDA to update world regulatory domain
[   33.346699] cfg80211: Calling CRDA to update world regulatory domain
[   36.496880] cfg80211: Exceeded CRDA call max attempts. Not calling CRDA
Starting firmware emulation... use Ctrl-a + x to exit
qemu-system-arm: terminating on signal 2 from pid 76784 (timeout)
[    0.000000] Booting Linux on physical CPU 0x0
[    0.000000] Linux version 4.1.17+ (vagrant@vagrant-ubuntu-trusty-64) (gcc version 5.3.0 (GCC) ) #1 Thu Feb 18 01:05:21 UTC 2016
[    0.000000] CPU: ARMv7 Processor [412fc0f1] revision 1 (ARMv7), cr=10c5387d
[    0.000000] CPU: PIPT / VIPT nonaliasing data cache, PIPT instruction cache
[    0.000000] Machine model: linux,dummy-virt
[    0.000000] debug: ignoring loglevel setting.
[    0.000000] Memory policy: Data cache writeback
[    0.000000] On node 0 totalpages: 65536
[    0.000000] free_area_init_node: node 0, pgdat c061dfe8, node_mem_map cfdf9000
[    0.000000]   Normal zone: 512 pages used for memmap
[    0.000000]   Normal zone: 0 pages reserved
[    0.000000]   Normal zone: 65536 pages, LIFO batch:15
[    0.000000] psci: probing for conduit method from DT.
[    0.000000] psci: PSCIv0.2 detected in firmware.
[    0.000000] psci: Using standard PSCI v0.2 function IDs
[    0.000000] CPU: All CPU(s) started in SVC mode.
[    0.000000] pcpu-alloc: s0 r0 d32768 u32768 alloc=1*32768
[    0.000000] pcpu-alloc: [0] 0 
[    0.000000] Built 1 zonelists in Zone order, mobility grouping on.  Total pages: 65024
[    0.000000] Kernel command line: root=/dev/vda1 console=ttyS0 nandsim.parts=64,64,64,64,64,64,64,64,64,64 rdinit=/firmadyne/preInit.sh rw debug ignore_loglevel print-fatal-signals=1 user_debug=31 firmadyne.syscall=0
[    0.000000] PID hash table entries: 1024 (order: 0, 4096 bytes)
[    0.000000] Dentry cache hash table entries: 32768 (order: 5, 131072 bytes)
[    0.000000] Inode-cache hash table entries: 16384 (order: 4, 65536 bytes)
[    0.000000] Memory: 253340K/262144K available (4297K kernel code, 170K rwdata, 1584K rodata, 180K init, 148K bss, 8804K reserved, 0K cma-reserved)
[    0.000000] Virtual kernel memory layout:
[    0.000000]     vector  : 0xffff0000 - 0xffff1000   (   4 kB)
[    0.000000]     fixmap  : 0xffc00000 - 0xfff00000   (3072 kB)
[    0.000000]     vmalloc : 0xd0800000 - 0xff000000   ( 744 MB)
[    0.000000]     lowmem  : 0xc0000000 - 0xd0000000   ( 256 MB)
[    0.000000]     modules : 0xbf000000 - 0xc0000000   (  16 MB)
[    0.000000]       .text : 0xc0008000 - 0xc05c67bc   (5882 kB)
[    0.000000]       .init : 0xc05c7000 - 0xc05f4000   ( 180 kB)
[    0.000000]       .data : 0xc05f4000 - 0xc061e840   ( 171 kB)
[    0.000000]        .bss : 0xc0621000 - 0xc06462d4   ( 149 kB)
[    0.000000] NR_IRQS:16 nr_irqs:16 16
[    0.000000] Architected cp15 timer(s) running at 62.50MHz (virt).
[    0.000000] clocksource arch_sys_counter: mask: 0xffffffffffffff max_cycles: 0x1cd42e208c, max_idle_ns: 881590405314 ns
[    0.000185] sched_clock: 56 bits at 62MHz, resolution 16ns, wraps every 4398046511096ns
[    0.000335] Switching to timer-based delay loop, resolution 16ns
[    0.003523] Console: colour dummy device 80x30
[    0.003856] Calibrating delay loop (skipped), value calculated using timer frequency.. 125.00 BogoMIPS (lpj=625000)
[    0.003977] pid_max: default: 32768 minimum: 301
[    0.004956] Mount-cache hash table entries: 1024 (order: 0, 4096 bytes)
[    0.004996] Mountpoint-cache hash table entries: 1024 (order: 0, 4096 bytes)
[    0.015640] CPU: Testing write buffer coherency: ok
[    0.022239] Setting up static identity map for 0x40008240 - 0x40008298
[    0.403148] VFP support v0.3: implementor 41 architecture 4 part 30 variant f rev 0
[    0.415305] clocksource jiffies: mask: 0xffffffff max_cycles: 0xffffffff, max_idle_ns: 19112604462750000 ns
[    0.424980] NET: Registered protocol family 16
[    0.428296] DMA: preallocated 256 KiB pool for atomic coherent allocations
[    0.790508] cpuidle: using governor ladder
[    0.790737] cpuidle: using governor menu
[    0.812855] Serial: AMBA PL011 UART driver
[    0.815173] 9000000.pl011: ttyS0 at MMIO 0x9000000 (irq = 54, base_baud = 0) is a PL011 rev1
[    0.823087] console [ttyS0] enabled
[    0.847689] vgaarb: loaded
[    0.849328] SCSI subsystem initialized
[    0.850524] usbcore: registered new interface driver usbfs
[    0.850889] usbcore: registered new interface driver hub
[    0.851349] usbcore: registered new device driver usb
[    0.861845] Switched to clocksource arch_sys_counter
[    0.933588] NET: Registered protocol family 2
[    0.938978] TCP established hash table entries: 2048 (order: 1, 8192 bytes)
[    0.939286] TCP bind hash table entries: 2048 (order: 1, 8192 bytes)
[    0.939608] TCP: Hash tables configured (established 2048 bind 2048)
[    0.940160] UDP hash table entries: 256 (order: 0, 4096 bytes)
[    0.940410] UDP-Lite hash table entries: 256 (order: 0, 4096 bytes)
[    0.942670] NET: Registered protocol family 1
[    0.943202] PCI: CLS 0 bytes, default 64
[    0.950674] NetWinder Floating Point Emulator V0.97 (extended precision)
[    0.953843] futex hash table entries: 256 (order: -1, 3072 bytes)
[    0.959539] squashfs: version 4.0 (2009/01/31) Phillip Lougher
[    0.960204] jffs2: version 2.2. (NAND) © 2001-2006 Red Hat, Inc.
[    0.961027] romfs: ROMFS MTD (C) 2007 Red Hat, Inc.
[    0.970681] Block layer SCSI generic (bsg) driver version 0.4 loaded (major 253)
[    0.971014] io scheduler noop registered
[    0.971259] io scheduler cfq registered (default)
[    0.972177] firmadyne: devfs: 1, execute: 1, procfs: 1, syscall: 0
[    0.973613] ------------[ cut here ]------------
[    0.973816] WARNING: CPU: 0 PID: 1 at /home/vagrant/firmadyne-kernel/kernel-v4.1/fs/sysfs/dir.c:31 sysfs_warn_dup+0x50/0x6c()
[    0.974039] sysfs: cannot create duplicate filename '/class/gpio'
[    0.974212] Modules linked in:
[    0.974554] CPU: 0 PID: 1 Comm: swapper Not tainted 4.1.17+ #1
[    0.974689] Hardware name: Generic DT based system
[    0.975425] [<c001c99c>] (unwind_backtrace) from [<c0019d30>] (show_stack+0x10/0x14)
[    0.975728] [<c0019d30>] (show_stack) from [<c0024ab4>] (warn_slowpath_common+0x80/0xa8)
[    0.975921] [<c0024ab4>] (warn_slowpath_common) from [<c0024b08>] (warn_slowpath_fmt+0x2c/0x3c)
[    0.976190] [<c0024b08>] (warn_slowpath_fmt) from [<c00e363c>] (sysfs_warn_dup+0x50/0x6c)
[    0.976385] [<c00e363c>] (sysfs_warn_dup) from [<c00e3714>] (sysfs_create_dir_ns+0x74/0x84)
[    0.976578] [<c00e3714>] (sysfs_create_dir_ns) from [<c018e6ac>] (kobject_add_internal+0xb8/0x2ac)
[    0.976790] [<c018e6ac>] (kobject_add_internal) from [<c018e9a8>] (kset_register+0x1c/0x44)
[    0.976961] [<c018e9a8>] (kset_register) from [<c02090b4>] (__class_register+0xa8/0x198)
[    0.977171] [<c02090b4>] (__class_register) from [<c02091e4>] (__class_create+0x40/0x70)
[    0.977352] [<c02091e4>] (__class_create) from [<c01adf68>] (register_devfs_stubs+0x314/0xbb4)
[    0.977535] [<c01adf68>] (register_devfs_stubs) from [<c05d9b08>] (init_module+0x28/0xa4)
[    0.977755] [<c05d9b08>] (init_module) from [<c0009670>] (do_one_initcall+0x104/0x1b4)
[    0.977926] [<c0009670>] (do_one_initcall) from [<c05c7d08>] (kernel_init_freeable+0xf0/0x1b0)
[    0.978131] [<c05c7d08>] (kernel_init_freeable) from [<c040f28c>] (kernel_init+0x8/0xe4)
[    0.978326] [<c040f28c>] (kernel_init) from [<c0016da8>] (ret_from_fork+0x14/0x2c)
[    0.978593] ---[ end trace c0504f328473bbb7 ]---
[    0.978795] ------------[ cut here ]------------
[    0.978909] WARNING: CPU: 0 PID: 1 at /home/vagrant/firmadyne-kernel/kernel-v4.1/lib/kobject.c:240 kobject_add_internal+0x240/0x2ac()
[    0.979127] kobject_add_internal failed for gpio with -EEXIST, don't try to register things with the same name in the same directory.
[    0.979337] Modules linked in:
[    0.979480] CPU: 0 PID: 1 Comm: swapper Tainted: G        W       4.1.17+ #1
[    0.979635] Hardware name: Generic DT based system
[    0.979750] [<c001c99c>] (unwind_backtrace) from [<c0019d30>] (show_stack+0x10/0x14)
[    0.979910] [<c0019d30>] (show_stack) from [<c0024ab4>] (warn_slowpath_common+0x80/0xa8)
[    0.980133] [<c0024ab4>] (warn_slowpath_common) from [<c0024b08>] (warn_slowpath_fmt+0x2c/0x3c)
[    0.980316] [<c0024b08>] (warn_slowpath_fmt) from [<c018e834>] (kobject_add_internal+0x240/0x2ac)
[    0.980514] [<c018e834>] (kobject_add_internal) from [<c018e9a8>] (kset_register+0x1c/0x44)
[    0.980696] [<c018e9a8>] (kset_register) from [<c02090b4>] (__class_register+0xa8/0x198)
[    0.980858] [<c02090b4>] (__class_register) from [<c02091e4>] (__class_create+0x40/0x70)
[    0.981021] [<c02091e4>] (__class_create) from [<c01adf68>] (register_devfs_stubs+0x314/0xbb4)
[    0.981214] [<c01adf68>] (register_devfs_stubs) from [<c05d9b08>] (init_module+0x28/0xa4)
[    0.981556] [<c05d9b08>] (init_module) from [<c0009670>] (do_one_initcall+0x104/0x1b4)
[    0.981747] [<c0009670>] (do_one_initcall) from [<c05c7d08>] (kernel_init_freeable+0xf0/0x1b0)
[    0.981918] [<c05c7d08>] (kernel_init_freeable) from [<c040f28c>] (kernel_init+0x8/0xe4)
[    0.982075] [<c040f28c>] (kernel_init) from [<c0016da8>] (ret_from_fork+0x14/0x2c)
[    0.982260] ---[ end trace c0504f328473bbb8 ]---
[    0.982428] firmadyne: Cannot create device class: gpio!
[    0.984309] firmadyne: Cannot register character device: watchdog, 0xa, 0x82!
[    0.984506] firmadyne: Cannot register character device: wdt, 0xfd, 0x0!
[    1.066948] PCI host bridge /pcie@10000000 ranges:
[    1.067583]    IO 0x3eff0000..0x3effffff -> 0x00000000
[    1.067933]   MEM 0x10000000..0x3efeffff -> 0x10000000
[    1.068088]   MEM 0x8000000000..0xffffffffff -> 0x8000000000
[    1.068772] pci-host-generic 3f000000.pcie: resource collision: [mem 0x00000000-0xffffffff] conflicts with /pl011@9000000 [mem 0x09000000-0x09000fff]
[    1.789601] pci-host-generic: probe of 3f000000.pcie failed with error -16
[    1.802558] Non-volatile memory driver v1.3
[    2.780441] brd: module loaded
[    2.791846] loop: module loaded
[    2.815308]  vda: vda1
[    2.828149] 0.flash: Found 2 x16 devices at 0x0 in 32-bit bank. Manufacturer ID 0x000000 Chip ID 0x000000
[    2.828836] Intel/Sharp Extended Query Table at 0x0031
[    2.830002] Using buffer write method
[    2.830427] erase region 0: offset=0x0,size=0x40000,blocks=256
[    2.838273] 0.flash: Found 2 x16 devices at 0x0 in 32-bit bank. Manufacturer ID 0x000000 Chip ID 0x000000
[    2.838541] Intel/Sharp Extended Query Table at 0x0031
[    2.839306] Using buffer write method
[    2.839427] erase region 0: offset=0x0,size=0x40000,blocks=256
[    2.839643] Concatenating MTD devices:
[    2.839750] (0): "0.flash"
[    2.839828] (1): "0.flash"
[    2.839897] into device "0.flash"
[    2.841771] cfg80211: Calling CRDA to update world regulatory domain
[    2.908837] [nandsim] warning: read_byte: unexpected data output cycle, state is STATE_READY return 0x0
[    2.909088] [nandsim] warning: read_byte: unexpected data output cycle, state is STATE_READY return 0x0
[    2.909264] [nandsim] warning: read_byte: unexpected data output cycle, state is STATE_READY return 0x0
[    2.909434] [nandsim] warning: read_byte: unexpected data output cycle, state is STATE_READY return 0x0
[    2.909648] [nandsim] warning: read_byte: unexpected data output cycle, state is STATE_READY return 0x0
[    2.909794] [nandsim] warning: read_byte: unexpected data output cycle, state is STATE_READY return 0x0
[    2.910201] nand: device found, Manufacturer ID: 0x98, Chip ID: 0x39
[    2.910367] nand: Toshiba NAND 128MiB 1,8V 8-bit
[    2.910490] nand: 128 MiB, SLC, erase size: 16 KiB, page size: 512, OOB size: 16
[    2.911685] flash size: 128 MiB
[    2.911779] page size: 512 bytes
[    2.911856] OOB area size: 16 bytes
[    2.911974] sector size: 16 KiB
[    2.912086] pages number: 262144
[    2.912162] pages per sector: 32
[    2.912235] bus width: 8
[    2.912296] bits in sector size: 14
[    2.912373] bits in page size: 9
[    2.912450] bits in OOB size: 4
[    2.912560] flash size with OOB: 135168 KiB
[    2.912656] page address bytes: 4
[    2.912720] sector address bytes: 3
[    2.912791] options: 0x42
[    3.011050] Scanning device for bad blocks
[    3.123328] firmadyne: do_execve: /firmadyne/console
[    3.123543] OFFSETS: offset of pid: 0x190 offset of comm: 0x270
[    3.124090] Creating 11 MTD partitions on "NAND 128MiB 1,8V 8-bit":
[    3.124506] 0x000000000000-0x000000100000 : "NAND simulator partition 0"
[    3.126915] 0x000000100000-0x000000200000 : "NAND simulator partition 1"
[    3.128426] 0x000000200000-0x000000300000 : "NAND simulator partition 2"
[    3.129894] 0x000000300000-0x000000400000 : "NAND simulator partition 3"
[    3.131591] 0x000000400000-0x000000500000 : "NAND simulator partition 4"
[    3.133186] 0x000000500000-0x000000600000 : "NAND simulator partition 5"
[    3.134745] 0x000000600000-0x000000700000 : "NAND simulator partition 6"
[    3.136411] 0x000000700000-0x000000800000 : "NAND simulator partition 7"
[    3.137883] 0x000000800000-0x000000900000 : "NAND simulator partition 8"
[    3.139441] 0x000000900000-0x000000a00000 : "NAND simulator partition 9"
[    3.140922] 0x000000a00000-0x000008000000 : "NAND simulator partition 10"
[    3.147059] tun: Universal TUN/TAP device driver, 1.6
[    3.147212] tun: (C) 1999-2004 Max Krasnyansky <maxk@qualcomm.com>
[    3.343498] PPP generic driver version 2.4.2
[    3.344344] PPP BSD Compression module registered
[    3.344582] PPP Deflate Compression module registered
[    3.344801] PPP MPPE Compression module registered
[    3.344920] NET: Registered protocol family 24
[    3.345269] PPTP driver version 0.8.5
[    3.458870] usbcore: registered new interface driver usb-storage
[    3.462686] rtc-pl031 9010000.pl031: rtc core: registered pl031 as rtc0
[    3.463585] hidraw: raw HID events driver (C) Jiri Kosina
[    3.464143] usbcore: registered new interface driver usbhid
[    3.464296] usbhid: USB HID core driver
[    3.464753] Netfilter messages via NETLINK v0.30.
[    3.465433] nf_conntrack version 0.5.0 (3958 buckets, 15832 max)
[    3.466941] ctnetlink v0.93: registering with nfnetlink.
[    3.468518] ipip: IPv4 over IPv4 tunneling driver
[    3.470738] gre: GRE over IPv4 demultiplexor driver
[    3.470896] ip_gre: GRE over IPv4 tunneling driver
[    3.476016] ip_tables: (C) 2000-2006 Netfilter Core Team
[    3.477778] arp_tables: (C) 2002 David S. Miller
[    3.478893] Initializing XFRM netlink socket
[    3.479464] NET: Registered protocol family 10
[    3.487432] ip6_tables: (C) 2000-2006 Netfilter Core Team
[    3.489335] sit: IPv6 over IPv4 tunneling driver
[    3.493716] NET: Registered protocol family 17
[    3.494416] bridge: automatic filtering via arp/ip/ip6tables has been deprecated. Update your scripts to load br_netfilter if you need this.
[    3.494790] Bridge firewalling registered
[    3.494921] Ebtables v2.0 registered
[    3.496142] 8021q: 802.1Q VLAN Support v1.8
[    3.496818] Registering SWP/SWPB emulation handler
[    3.499638] rtc-pl031 9010000.pl031: setting system clock to 2018-07-19 09:41:47 UTC (1531993307)
[    3.514397] EXT4-fs (vda1): couldn't mount as ext3 due to feature incompatibilities
[    3.516650] EXT4-fs (vda1): mounting ext2 file system using the ext4 subsystem
[    3.526458] EXT4-fs (vda1): warning: mounting unchecked fs, running e2fsck is recommended
[    3.529463] EXT4-fs (vda1): mounted filesystem without journal. Opts: (null)
[    3.530596] VFS: Mounted root (ext2 filesystem) on device 254:1.
[    3.549840] Freeing unused kernel memory: 180K (c05c7000 - c05f4000)
[    3.626024] random: sh urandom read with 3 bits of entropy available
/ # [    5.992824] cfg80211: Calling CRDA to update world regulatory domain
[    9.142043] cfg80211: Calling CRDA to update world regulatory domain
[   12.294531] cfg80211: Calling CRDA to update world regulatory domain
[   15.443788] cfg80211: Calling CRDA to update world regulatory domain
[   18.592665] cfg80211: Calling CRDA to update world regulatory domain
[   21.741757] cfg80211: Calling CRDA to update world regulatory domain
[   24.892046] cfg80211: Calling CRDA to update world regulatory domain
[   28.044098] cfg80211: Calling CRDA to update world regulatory domain
[   31.193200] cfg80211: Calling CRDA to update world regulatory domain
[   34.342366] cfg80211: Calling CRDA to update world regulatory domain
[   37.492562] cfg80211: Exceeded CRDA call max attempts. Not calling CRDA
