>> Database Image ID: 44

/home/zhumengfan/firmware/firmwares/48ab868cafc4034ba7d658aabc2291ab3002b020.trx
>> MD5: bfd0dde78eb9b1aa576529d272697e09
>> Tag: 44
>> Temp: /tmp/tmpguNlqi
>> Status: Kernel: True, Rootfs: False, Do_Kernel: False,                 Do_Rootfs: True
>>>> Squashfs filesystem, little endian, version 4.0, compression:xz, size: 14529180 bytes, 1385 inodes, blocksize: 131072 bytes, created: 2014-08-28 11:18:54
>>>> Found Linux filesystem in /tmp/tmpguNlqi/_48ab868cafc4034ba7d658aabc2291ab3002b020.trx.extracted/squashfs-root!
>> Skipping: completed!
>> Cleaning up /tmp/tmpguNlqi...
./bin/busybox: armel
Querying database for architecture... armel
----Running----
----Copying Filesystem Tarball----
----Creating QEMU Image----
Formatting '/home/zhumengfan/firmadyne//scratch//44//image.raw', fmt=raw size=1073741824
----Creating Partition Table----

Welcome to fdisk (util-linux 2.27.1).
Changes will remain in memory only, until you decide to write them.
Be careful before using the write command.

Device does not contain a recognized partition table.
Created a new DOS disklabel with disk identifier 0x4e92323b.

Command (m for help): Created a new DOS disklabel with disk identifier 0xa9600996.

Command (m for help): Partition type
   p   primary (0 primary, 0 extended, 4 free)
   e   extended (container for logical partitions)
Select (default p): Partition number (1-4, default 1): First sector (2048-2097151, default 2048): Last sector, +sectors or +size{K,M,G,T,P} (2048-2097151, default 2097151): 
Created a new partition 1 of type 'Linux' and of size 1023 MiB.

Command (m for help): The partition table has been altered.
Syncing disks.

----Mounting QEMU Image----
add map loop0p1 (252:0): 0 2095104 linear 7:0 2048
----Creating Filesystem----
mke2fs 1.42.13 (17-May-2015)
Discarding device blocks:   4096/261888             done                            
Creating filesystem with 261888 4k blocks and 65536 inodes
Filesystem UUID: 12fa609a-47ed-4410-9425-c460c0eab7f4
Superblock backups stored on blocks: 
	32768, 98304, 163840, 229376

Allocating group tables: 0/8   done                            
Writing inode tables: 0/8   done                            
Writing superblocks and filesystem accounting information: 0/8   done

----Making QEMU Image Mountpoint----
----Mounting QEMU Image Partition 1----
----Extracting Filesystem Tarball----
----Creating FIRMADYNE Directories----
----Patching Filesystem (chroot)----
Creating /etc/TZ!
Creating /etc/hosts!
Creating /etc/passwd!
Warning: Recreating device nodes!
Removing /etc/scripts/sys_resetbutton!
----Setting up FIRMADYNE----
----Unmounting QEMU Image----
loop deleted : /dev/loop0
Querying database for architecture... armel
Running firmware 44: terminating after 60 secs...
qemu-system-arm: terminating on signal 2 from pid 83162 (timeout)
Inferring network...
Interfaces: []
Done!
[    0.000000] Booting Linux on physical CPU 0x0
[    0.000000] Linux version 4.1.17+ (vagrant@vagrant-ubuntu-trusty-64) (gcc version 5.3.0 (GCC) ) #1 Thu Feb 18 01:05:21 UTC 2016
[    0.000000] CPU: ARMv7 Processor [412fc0f1] revision 1 (ARMv7), cr=10c5387d
[    0.000000] CPU: PIPT / VIPT nonaliasing data cache, PIPT instruction cache
[    0.000000] Machine model: linux,dummy-virt
[    0.000000] debug: ignoring loglevel setting.
[    0.000000] Memory policy: Data cache writeback
[    0.000000] On node 0 totalpages: 65536
[    0.000000] free_area_init_node: node 0, pgdat c061dfe8, node_mem_map cfdf9000
[    0.000000]   Normal zone: 512 pages used for memmap
[    0.000000]   Normal zone: 0 pages reserved
[    0.000000]   Normal zone: 65536 pages, LIFO batch:15
[    0.000000] psci: probing for conduit method from DT.
[    0.000000] psci: PSCIv0.2 detected in firmware.
[    0.000000] psci: Using standard PSCI v0.2 function IDs
[    0.000000] CPU: All CPU(s) started in SVC mode.
[    0.000000] pcpu-alloc: s0 r0 d32768 u32768 alloc=1*32768
[    0.000000] pcpu-alloc: [0] 0 
[    0.000000] Built 1 zonelists in Zone order, mobility grouping on.  Total pages: 65024
[    0.000000] Kernel command line: firmadyne.syscall=1 root=/dev/vda1 console=ttyS0 nandsim.parts=64,64,64,64,64,64,64,64,64,64 rdinit=/firmadyne/preInit.sh rw debug ignore_loglevel print-fatal-signals=1 user_debug=31
[    0.000000] PID hash table entries: 1024 (order: 0, 4096 bytes)
[    0.000000] Dentry cache hash table entries: 32768 (order: 5, 131072 bytes)
[    0.000000] Inode-cache hash table entries: 16384 (order: 4, 65536 bytes)
[    0.000000] Memory: 253340K/262144K available (4297K kernel code, 170K rwdata, 1584K rodata, 180K init, 148K bss, 8804K reserved, 0K cma-reserved)
[    0.000000] Virtual kernel memory layout:
[    0.000000]     vector  : 0xffff0000 - 0xffff1000   (   4 kB)
[    0.000000]     fixmap  : 0xffc00000 - 0xfff00000   (3072 kB)
[    0.000000]     vmalloc : 0xd0800000 - 0xff000000   ( 744 MB)
[    0.000000]     lowmem  : 0xc0000000 - 0xd0000000   ( 256 MB)
[    0.000000]     modules : 0xbf000000 - 0xc0000000   (  16 MB)
[    0.000000]       .text : 0xc0008000 - 0xc05c67bc   (5882 kB)
[    0.000000]       .init : 0xc05c7000 - 0xc05f4000   ( 180 kB)
[    0.000000]       .data : 0xc05f4000 - 0xc061e840   ( 171 kB)
[    0.000000]        .bss : 0xc0621000 - 0xc06462d4   ( 149 kB)
[    0.000000] NR_IRQS:16 nr_irqs:16 16
[    0.000000] Architected cp15 timer(s) running at 62.50MHz (virt).
[    0.000000] clocksource arch_sys_counter: mask: 0xffffffffffffff max_cycles: 0x1cd42e208c, max_idle_ns: 881590405314 ns
[    0.000160] sched_clock: 56 bits at 62MHz, resolution 16ns, wraps every 4398046511096ns
[    0.000301] Switching to timer-based delay loop, resolution 16ns
[    0.003503] Console: colour dummy device 80x30
[    0.003864] Calibrating delay loop (skipped), value calculated using timer frequency.. 125.00 BogoMIPS (lpj=625000)
[    0.004016] pid_max: default: 32768 minimum: 301
[    0.005012] Mount-cache hash table entries: 1024 (order: 0, 4096 bytes)
[    0.005052] Mountpoint-cache hash table entries: 1024 (order: 0, 4096 bytes)
[    0.014522] CPU: Testing write buffer coherency: ok
[    0.020912] Setting up static identity map for 0x40008240 - 0x40008298
[    0.303926] VFP support v0.3: implementor 41 architecture 4 part 30 variant f rev 0
[    0.316219] clocksource jiffies: mask: 0xffffffff max_cycles: 0xffffffff, max_idle_ns: 19112604462750000 ns
[    0.325568] NET: Registered protocol family 16
[    0.328795] DMA: preallocated 256 KiB pool for atomic coherent allocations
[    0.333165] cpuidle: using governor ladder
[    0.333331] cpuidle: using governor menu
[    0.919058] Serial: AMBA PL011 UART driver
[    0.921607] 9000000.pl011: ttyS0 at MMIO 0x9000000 (irq = 54, base_baud = 0) is a PL011 rev1
[    0.929615] console [ttyS0] enabled
[    0.952508] vgaarb: loaded
[    0.954043] SCSI subsystem initialized
[    0.955121] usbcore: registered new interface driver usbfs
[    0.955482] usbcore: registered new interface driver hub
[    0.955883] usbcore: registered new device driver usb
[    0.965183] cfg80211: Calling CRDA to update world regulatory domain
[    0.967517] Switched to clocksource arch_sys_counter
[    0.985371] NET: Registered protocol family 2
[    1.341429] TCP established hash table entries: 2048 (order: 1, 8192 bytes)
[    1.341737] TCP bind hash table entries: 2048 (order: 1, 8192 bytes)
[    1.342055] TCP: Hash tables configured (established 2048 bind 2048)
[    1.342609] UDP hash table entries: 256 (order: 0, 4096 bytes)
[    1.342876] UDP-Lite hash table entries: 256 (order: 0, 4096 bytes)
[    1.344348] NET: Registered protocol family 1
[    1.344807] PCI: CLS 0 bytes, default 64
[    1.352207] NetWinder Floating Point Emulator V0.97 (extended precision)
[    1.354982] futex hash table entries: 256 (order: -1, 3072 bytes)
[    1.362182] squashfs: version 4.0 (2009/01/31) Phillip Lougher
[    1.364819] jffs2: version 2.2. (NAND) © 2001-2006 Red Hat, Inc.
[    1.366358] romfs: ROMFS MTD (C) 2007 Red Hat, Inc.
[    1.383760] Block layer SCSI generic (bsg) driver version 0.4 loaded (major 253)
[    1.384350] io scheduler noop registered
[    1.384793] io scheduler cfq registered (default)
[    1.385887] firmadyne: devfs: 1, execute: 1, procfs: 1, syscall: 1
[    1.387510] ------------[ cut here ]------------
[    1.387769] WARNING: CPU: 0 PID: 1 at /home/vagrant/firmadyne-kernel/kernel-v4.1/fs/sysfs/dir.c:31 sysfs_warn_dup+0x50/0x6c()
[    1.388016] sysfs: cannot create duplicate filename '/class/gpio'
[    1.388188] Modules linked in:
[    1.388503] CPU: 0 PID: 1 Comm: swapper Not tainted 4.1.17+ #1
[    1.388652] Hardware name: Generic DT based system
[    1.389352] [<c001c99c>] (unwind_backtrace) from [<c0019d30>] (show_stack+0x10/0x14)
[    1.389639] [<c0019d30>] (show_stack) from [<c0024ab4>] (warn_slowpath_common+0x80/0xa8)
[    1.389851] [<c0024ab4>] (warn_slowpath_common) from [<c0024b08>] (warn_slowpath_fmt+0x2c/0x3c)
[    1.390102] [<c0024b08>] (warn_slowpath_fmt) from [<c00e363c>] (sysfs_warn_dup+0x50/0x6c)
[    1.390294] [<c00e363c>] (sysfs_warn_dup) from [<c00e3714>] (sysfs_create_dir_ns+0x74/0x84)
[    1.390489] [<c00e3714>] (sysfs_create_dir_ns) from [<c018e6ac>] (kobject_add_internal+0xb8/0x2ac)
[    1.390693] [<c018e6ac>] (kobject_add_internal) from [<c018e9a8>] (kset_register+0x1c/0x44)
[    1.390889] [<c018e9a8>] (kset_register) from [<c02090b4>] (__class_register+0xa8/0x198)
[    1.391078] [<c02090b4>] (__class_register) from [<c02091e4>] (__class_create+0x40/0x70)
[    1.391268] [<c02091e4>] (__class_create) from [<c01adf68>] (register_devfs_stubs+0x314/0xbb4)
[    1.391469] [<c01adf68>] (register_devfs_stubs) from [<c05d9b08>] (init_module+0x28/0xa4)
[    1.391709] [<c05d9b08>] (init_module) from [<c0009670>] (do_one_initcall+0x104/0x1b4)
[    1.391899] [<c0009670>] (do_one_initcall) from [<c05c7d08>] (kernel_init_freeable+0xf0/0x1b0)
[    1.392098] [<c05c7d08>] (kernel_init_freeable) from [<c040f28c>] (kernel_init+0x8/0xe4)
[    1.392281] [<c040f28c>] (kernel_init) from [<c0016da8>] (ret_from_fork+0x14/0x2c)
[    1.392575] ---[ end trace f598902444b24d1e ]---
[    1.392787] ------------[ cut here ]------------
[    1.392912] WARNING: CPU: 0 PID: 1 at /home/vagrant/firmadyne-kernel/kernel-v4.1/lib/kobject.c:240 kobject_add_internal+0x240/0x2ac()
[    1.393155] kobject_add_internal failed for gpio with -EEXIST, don't try to register things with the same name in the same directory.
[    1.393390] Modules linked in:
[    1.393546] CPU: 0 PID: 1 Comm: swapper Tainted: G        W       4.1.17+ #1
[    1.393695] Hardware name: Generic DT based system
[    1.393828] [<c001c99c>] (unwind_backtrace) from [<c0019d30>] (show_stack+0x10/0x14)
[    1.394010] [<c0019d30>] (show_stack) from [<c0024ab4>] (warn_slowpath_common+0x80/0xa8)
[    1.394197] [<c0024ab4>] (warn_slowpath_common) from [<c0024b08>] (warn_slowpath_fmt+0x2c/0x3c)
[    1.394397] [<c0024b08>] (warn_slowpath_fmt) from [<c018e834>] (kobject_add_internal+0x240/0x2ac)
[    1.394609] [<c018e834>] (kobject_add_internal) from [<c018e9a8>] (kset_register+0x1c/0x44)
[    1.394799] [<c018e9a8>] (kset_register) from [<c02090b4>] (__class_register+0xa8/0x198)
[    1.394986] [<c02090b4>] (__class_register) from [<c02091e4>] (__class_create+0x40/0x70)
[    1.395172] [<c02091e4>] (__class_create) from [<c01adf68>] (register_devfs_stubs+0x314/0xbb4)
[    1.395373] [<c01adf68>] (register_devfs_stubs) from [<c05d9b08>] (init_module+0x28/0xa4)
[    1.395570] [<c05d9b08>] (init_module) from [<c0009670>] (do_one_initcall+0x104/0x1b4)
[    1.395759] [<c0009670>] (do_one_initcall) from [<c05c7d08>] (kernel_init_freeable+0xf0/0x1b0)
[    1.395957] [<c05c7d08>] (kernel_init_freeable) from [<c040f28c>] (kernel_init+0x8/0xe4)
[    1.396141] [<c040f28c>] (kernel_init) from [<c0016da8>] (ret_from_fork+0x14/0x2c)
[    1.396339] ---[ end trace f598902444b24d1f ]---
[    1.396524] firmadyne: Cannot create device class: gpio!
[    1.398537] firmadyne: Cannot register character device: watchdog, 0xa, 0x82!
[    1.398760] firmadyne: Cannot register character device: wdt, 0xfd, 0x0!
[    1.481568] PCI host bridge /pcie@10000000 ranges:
[    1.482139]    IO 0x3eff0000..0x3effffff -> 0x00000000
[    1.482510]   MEM 0x10000000..0x3efeffff -> 0x10000000
[    1.482651]   MEM 0x8000000000..0xffffffffff -> 0x8000000000
[    1.483337] pci-host-generic 3f000000.pcie: resource collision: [mem 0x00000000-0xffffffff] conflicts with /pl011@9000000 [mem 0x09000000-0x09000fff]
[    1.484092] pci-host-generic: probe of 3f000000.pcie failed with error -16
[    1.495840] Non-volatile memory driver v1.3
[    1.657689] brd: module loaded
[    1.667917] loop: module loaded
[    1.693266]  vda: vda1
[    1.705386] 0.flash: Found 2 x16 devices at 0x0 in 32-bit bank. Manufacturer ID 0x000000 Chip ID 0x000000
[    1.706062] Intel/Sharp Extended Query Table at 0x0031
[    1.707394] Using buffer write method
[    1.707843] erase region 0: offset=0x0,size=0x40000,blocks=256
[    1.715158] 0.flash: Found 2 x16 devices at 0x0 in 32-bit bank. Manufacturer ID 0x000000 Chip ID 0x000000
[    1.715436] Intel/Sharp Extended Query Table at 0x0031
[    1.716229] Using buffer write method
[    1.716354] erase region 0: offset=0x0,size=0x40000,blocks=256
[    1.716571] Concatenating MTD devices:
[    1.716684] (0): "0.flash"
[    1.716762] (1): "0.flash"
[    1.716832] into device "0.flash"
[    1.729950] [nandsim] warning: read_byte: unexpected data output cycle, state is STATE_READY return 0x0
[    1.730218] [nandsim] warning: read_byte: unexpected data output cycle, state is STATE_READY return 0x0
[    1.730413] [nandsim] warning: read_byte: unexpected data output cycle, state is STATE_READY return 0x0
[    1.730604] [nandsim] warning: read_byte: unexpected data output cycle, state is STATE_READY return 0x0
[    1.730811] [nandsim] warning: read_byte: unexpected data output cycle, state is STATE_READY return 0x0
[    1.731003] [nandsim] warning: read_byte: unexpected data output cycle, state is STATE_READY return 0x0
[    1.731443] nand: device found, Manufacturer ID: 0x98, Chip ID: 0x39
[    1.731617] nand: Toshiba NAND 128MiB 1,8V 8-bit
[    1.731769] nand: 128 MiB, SLC, erase size: 16 KiB, page size: 512, OOB size: 16
[    1.732683] flash size: 128 MiB
[    1.732790] page size: 512 bytes
[    1.732871] OOB area size: 16 bytes
[    1.732957] sector size: 16 KiB
[    1.733035] pages number: 262144
[    1.733113] pages per sector: 32
[    1.733191] bus width: 8
[    1.733257] bits in sector size: 14
[    1.733340] bits in page size: 9
[    1.733422] bits in OOB size: 4
[    1.733508] flash size with OOB: 135168 KiB
[    1.733606] page address bytes: 4
[    1.733685] sector address bytes: 3
[    1.733787] options: 0x42
[    1.739802] Scanning device for bad blocks
[    1.850522] firmadyne: do_execve: /firmadyne/console
[    1.850768] OFFSETS: offset of pid: 0x190 offset of comm: 0x270
[    1.851265] Creating 11 MTD partitions on "NAND 128MiB 1,8V 8-bit":
[    1.851711] 0x000000000000-0x000000100000 : "NAND simulator partition 0"
[    1.854018] 0x000000100000-0x000000200000 : "NAND simulator partition 1"
[    1.855500] 0x000000200000-0x000000300000 : "NAND simulator partition 2"
[    1.856976] 0x000000300000-0x000000400000 : "NAND simulator partition 3"
[    1.858638] 0x000000400000-0x000000500000 : "NAND simulator partition 4"
[    1.860107] 0x000000500000-0x000000600000 : "NAND simulator partition 5"
[    1.861548] 0x000000600000-0x000000700000 : "NAND simulator partition 6"
[    1.871151] 0x000000700000-0x000000800000 : "NAND simulator partition 7"
[    1.872667] 0x000000800000-0x000000900000 : "NAND simulator partition 8"
[    1.874125] 0x000000900000-0x000000a00000 : "NAND simulator partition 9"
[    1.875571] 0x000000a00000-0x000008000000 : "NAND simulator partition 10"
[    1.881573] tun: Universal TUN/TAP device driver, 1.6
[    1.881766] tun: (C) 1999-2004 Max Krasnyansky <maxk@qualcomm.com>
[    1.988558] PPP generic driver version 2.4.2
[    1.989338] PPP BSD Compression module registered
[    1.989530] PPP Deflate Compression module registered
[    1.989770] PPP MPPE Compression module registered
[    1.989916] NET: Registered protocol family 24
[    1.990239] PPTP driver version 0.8.5
[    2.019625] usbcore: registered new interface driver usb-storage
[    2.023079] rtc-pl031 9010000.pl031: rtc core: registered pl031 as rtc0
[    2.023880] hidraw: raw HID events driver (C) Jiri Kosina
[    2.024440] usbcore: registered new interface driver usbhid
[    2.024581] usbhid: USB HID core driver
[    2.025045] Netfilter messages via NETLINK v0.30.
[    2.025704] nf_conntrack version 0.5.0 (3958 buckets, 15832 max)
[    2.027162] ctnetlink v0.93: registering with nfnetlink.
[    2.028830] ipip: IPv4 over IPv4 tunneling driver
[    2.031005] gre: GRE over IPv4 demultiplexor driver
[    2.031178] ip_gre: GRE over IPv4 tunneling driver
[    2.035853] ip_tables: (C) 2000-2006 Netfilter Core Team
[    2.037819] arp_tables: (C) 2002 David S. Miller
[    2.038904] Initializing XFRM netlink socket
[    2.039435] NET: Registered protocol family 10
[    2.046536] ip6_tables: (C) 2000-2006 Netfilter Core Team
[    2.048517] sit: IPv6 over IPv4 tunneling driver
[    2.052393] NET: Registered protocol family 17
[    2.053078] bridge: automatic filtering via arp/ip/ip6tables has been deprecated. Update your scripts to load br_netfilter if you need this.
[    2.053454] Bridge firewalling registered
[    2.053604] Ebtables v2.0 registered
[    2.054830] 8021q: 802.1Q VLAN Support v1.8
[    2.055479] Registering SWP/SWPB emulation handler
[    2.058509] rtc-pl031 9010000.pl031: setting system clock to 2018-07-19 10:02:47 UTC (1531994567)
[    2.322112] EXT4-fs (vda1): couldn't mount as ext3 due to feature incompatibilities
[    2.324417] EXT4-fs (vda1): mounting ext2 file system using the ext4 subsystem
[    2.335929] EXT4-fs (vda1): mounted filesystem without journal. Opts: (null)
[    2.337079] VFS: Mounted root (ext2 filesystem) on device 254:1.
[    2.355334] Freeing unused kernel memory: 180K (c05c7000 - c05f4000)
[    2.715982] random: sh urandom read with 3 bits of entropy available
/ # [    4.119612] cfg80211: Calling CRDA to update world regulatory domain
[    7.267616] cfg80211: Calling CRDA to update world regulatory domain
[   10.418471] cfg80211: Calling CRDA to update world regulatory domain
[   13.567945] cfg80211: Calling CRDA to update world regulatory domain
[   16.720477] cfg80211: Calling CRDA to update world regulatory domain
[   19.868067] cfg80211: Calling CRDA to update world regulatory domain
[   23.017966] cfg80211: Calling CRDA to update world regulatory domain
[   26.168104] cfg80211: Calling CRDA to update world regulatory domain
[   29.318083] cfg80211: Calling CRDA to update world regulatory domain
[   32.467980] cfg80211: Calling CRDA to update world regulatory domain
[   35.619347] cfg80211: Exceeded CRDA call max attempts. Not calling CRDA
Starting firmware emulation... use Ctrl-a + x to exit
qemu-system-arm: terminating on signal 2 from pid 83308 (timeout)
[    0.000000] Booting Linux on physical CPU 0x0
[    0.000000] Linux version 4.1.17+ (vagrant@vagrant-ubuntu-trusty-64) (gcc version 5.3.0 (GCC) ) #1 Thu Feb 18 01:05:21 UTC 2016
[    0.000000] CPU: ARMv7 Processor [412fc0f1] revision 1 (ARMv7), cr=10c5387d
[    0.000000] CPU: PIPT / VIPT nonaliasing data cache, PIPT instruction cache
[    0.000000] Machine model: linux,dummy-virt
[    0.000000] debug: ignoring loglevel setting.
[    0.000000] Memory policy: Data cache writeback
[    0.000000] On node 0 totalpages: 65536
[    0.000000] free_area_init_node: node 0, pgdat c061dfe8, node_mem_map cfdf9000
[    0.000000]   Normal zone: 512 pages used for memmap
[    0.000000]   Normal zone: 0 pages reserved
[    0.000000]   Normal zone: 65536 pages, LIFO batch:15
[    0.000000] psci: probing for conduit method from DT.
[    0.000000] psci: PSCIv0.2 detected in firmware.
[    0.000000] psci: Using standard PSCI v0.2 function IDs
[    0.000000] CPU: All CPU(s) started in SVC mode.
[    0.000000] pcpu-alloc: s0 r0 d32768 u32768 alloc=1*32768
[    0.000000] pcpu-alloc: [0] 0 
[    0.000000] Built 1 zonelists in Zone order, mobility grouping on.  Total pages: 65024
[    0.000000] Kernel command line: root=/dev/vda1 console=ttyS0 nandsim.parts=64,64,64,64,64,64,64,64,64,64 rdinit=/firmadyne/preInit.sh rw debug ignore_loglevel print-fatal-signals=1 user_debug=31 firmadyne.syscall=0
[    0.000000] PID hash table entries: 1024 (order: 0, 4096 bytes)
[    0.000000] Dentry cache hash table entries: 32768 (order: 5, 131072 bytes)
[    0.000000] Inode-cache hash table entries: 16384 (order: 4, 65536 bytes)
[    0.000000] Memory: 253340K/262144K available (4297K kernel code, 170K rwdata, 1584K rodata, 180K init, 148K bss, 8804K reserved, 0K cma-reserved)
[    0.000000] Virtual kernel memory layout:
[    0.000000]     vector  : 0xffff0000 - 0xffff1000   (   4 kB)
[    0.000000]     fixmap  : 0xffc00000 - 0xfff00000   (3072 kB)
[    0.000000]     vmalloc : 0xd0800000 - 0xff000000   ( 744 MB)
[    0.000000]     lowmem  : 0xc0000000 - 0xd0000000   ( 256 MB)
[    0.000000]     modules : 0xbf000000 - 0xc0000000   (  16 MB)
[    0.000000]       .text : 0xc0008000 - 0xc05c67bc   (5882 kB)
[    0.000000]       .init : 0xc05c7000 - 0xc05f4000   ( 180 kB)
[    0.000000]       .data : 0xc05f4000 - 0xc061e840   ( 171 kB)
[    0.000000]        .bss : 0xc0621000 - 0xc06462d4   ( 149 kB)
[    0.000000] NR_IRQS:16 nr_irqs:16 16
[    0.000000] Architected cp15 timer(s) running at 62.50MHz (virt).
[    0.000000] clocksource arch_sys_counter: mask: 0xffffffffffffff max_cycles: 0x1cd42e208c, max_idle_ns: 881590405314 ns
[    0.000159] sched_clock: 56 bits at 62MHz, resolution 16ns, wraps every 4398046511096ns
[    0.000302] Switching to timer-based delay loop, resolution 16ns
[    0.003480] Console: colour dummy device 80x30
[    0.003812] Calibrating delay loop (skipped), value calculated using timer frequency.. 125.00 BogoMIPS (lpj=625000)
[    0.003964] pid_max: default: 32768 minimum: 301
[    0.005495] Mount-cache hash table entries: 1024 (order: 0, 4096 bytes)
[    0.005568] Mountpoint-cache hash table entries: 1024 (order: 0, 4096 bytes)
[    0.017130] CPU: Testing write buffer coherency: ok
[    0.023764] Setting up static identity map for 0x40008240 - 0x40008298
[    0.103559] VFP support v0.3: implementor 41 architecture 4 part 30 variant f rev 0
[    0.116395] clocksource jiffies: mask: 0xffffffff max_cycles: 0xffffffff, max_idle_ns: 19112604462750000 ns
[    0.126765] NET: Registered protocol family 16
[    0.130213] DMA: preallocated 256 KiB pool for atomic coherent allocations
[    0.141324] cpuidle: using governor ladder
[    0.141553] cpuidle: using governor menu
[    0.164784] Serial: AMBA PL011 UART driver
[    0.167697] 9000000.pl011: ttyS0 at MMIO 0x9000000 (irq = 54, base_baud = 0) is a PL011 rev1
[    0.175743] console [ttyS0] enabled
[    0.201127] vgaarb: loaded
[    0.202809] SCSI subsystem initialized
[    0.204078] usbcore: registered new interface driver usbfs
[    0.204476] usbcore: registered new interface driver hub
[    0.204810] usbcore: registered new device driver usb
[    0.215629] cfg80211: Calling CRDA to update world regulatory domain
[    0.410046] Switched to clocksource arch_sys_counter
[    0.427931] NET: Registered protocol family 2
[    0.434637] TCP established hash table entries: 2048 (order: 1, 8192 bytes)
[    0.434983] TCP bind hash table entries: 2048 (order: 1, 8192 bytes)
[    0.435306] TCP: Hash tables configured (established 2048 bind 2048)
[    0.435901] UDP hash table entries: 256 (order: 0, 4096 bytes)
[    0.436155] UDP-Lite hash table entries: 256 (order: 0, 4096 bytes)
[    0.438118] NET: Registered protocol family 1
[    0.438898] PCI: CLS 0 bytes, default 64
[    0.447019] NetWinder Floating Point Emulator V0.97 (extended precision)
[    0.450808] futex hash table entries: 256 (order: -1, 3072 bytes)
[    0.456658] squashfs: version 4.0 (2009/01/31) Phillip Lougher
[    0.458176] jffs2: version 2.2. (NAND) © 2001-2006 Red Hat, Inc.
[    0.459035] romfs: ROMFS MTD (C) 2007 Red Hat, Inc.
[    0.467906] Block layer SCSI generic (bsg) driver version 0.4 loaded (major 253)
[    0.468288] io scheduler noop registered
[    0.468519] io scheduler cfq registered (default)
[    0.469401] firmadyne: devfs: 1, execute: 1, procfs: 1, syscall: 0
[    0.471231] ------------[ cut here ]------------
[    0.471442] WARNING: CPU: 0 PID: 1 at /home/vagrant/firmadyne-kernel/kernel-v4.1/fs/sysfs/dir.c:31 sysfs_warn_dup+0x50/0x6c()
[    0.471668] sysfs: cannot create duplicate filename '/class/gpio'
[    0.471826] Modules linked in:
[    0.472153] CPU: 0 PID: 1 Comm: swapper Not tainted 4.1.17+ #1
[    0.472288] Hardware name: Generic DT based system
[    0.473014] [<c001c99c>] (unwind_backtrace) from [<c0019d30>] (show_stack+0x10/0x14)
[    0.473288] [<c0019d30>] (show_stack) from [<c0024ab4>] (warn_slowpath_common+0x80/0xa8)
[    0.473485] [<c0024ab4>] (warn_slowpath_common) from [<c0024b08>] (warn_slowpath_fmt+0x2c/0x3c)
[    0.473716] [<c0024b08>] (warn_slowpath_fmt) from [<c00e363c>] (sysfs_warn_dup+0x50/0x6c)
[    0.473890] [<c00e363c>] (sysfs_warn_dup) from [<c00e3714>] (sysfs_create_dir_ns+0x74/0x84)
[    0.474086] [<c00e3714>] (sysfs_create_dir_ns) from [<c018e6ac>] (kobject_add_internal+0xb8/0x2ac)
[    0.474272] [<c018e6ac>] (kobject_add_internal) from [<c018e9a8>] (kset_register+0x1c/0x44)
[    0.474447] [<c018e9a8>] (kset_register) from [<c02090b4>] (__class_register+0xa8/0x198)
[    0.474617] [<c02090b4>] (__class_register) from [<c02091e4>] (__class_create+0x40/0x70)
[    0.474786] [<c02091e4>] (__class_create) from [<c01adf68>] (register_devfs_stubs+0x314/0xbb4)
[    0.474984] [<c01adf68>] (register_devfs_stubs) from [<c05d9b08>] (init_module+0x28/0xa4)
[    0.475194] [<c05d9b08>] (init_module) from [<c0009670>] (do_one_initcall+0x104/0x1b4)
[    0.475364] [<c0009670>] (do_one_initcall) from [<c05c7d08>] (kernel_init_freeable+0xf0/0x1b0)
[    0.475543] [<c05c7d08>] (kernel_init_freeable) from [<c040f28c>] (kernel_init+0x8/0xe4)
[    0.475707] [<c040f28c>] (kernel_init) from [<c0016da8>] (ret_from_fork+0x14/0x2c)
[    0.475988] ---[ end trace c628446f622f6d2d ]---
[    0.476187] ------------[ cut here ]------------
[    0.476299] WARNING: CPU: 0 PID: 1 at /home/vagrant/firmadyne-kernel/kernel-v4.1/lib/kobject.c:240 kobject_add_internal+0x240/0x2ac()
[    0.476516] kobject_add_internal failed for gpio with -EEXIST, don't try to register things with the same name in the same directory.
[    0.476727] Modules linked in:
[    0.476882] CPU: 0 PID: 1 Comm: swapper Tainted: G        W       4.1.17+ #1
[    0.477033] Hardware name: Generic DT based system
[    0.477156] [<c001c99c>] (unwind_backtrace) from [<c0019d30>] (show_stack+0x10/0x14)
[    0.477321] [<c0019d30>] (show_stack) from [<c0024ab4>] (warn_slowpath_common+0x80/0xa8)
[    0.477491] [<c0024ab4>] (warn_slowpath_common) from [<c0024b08>] (warn_slowpath_fmt+0x2c/0x3c)
[    0.477670] [<c0024b08>] (warn_slowpath_fmt) from [<c018e834>] (kobject_add_internal+0x240/0x2ac)
[    0.477865] [<c018e834>] (kobject_add_internal) from [<c018e9a8>] (kset_register+0x1c/0x44)
[    0.478052] [<c018e9a8>] (kset_register) from [<c02090b4>] (__class_register+0xa8/0x198)
[    0.478221] [<c02090b4>] (__class_register) from [<c02091e4>] (__class_create+0x40/0x70)
[    0.478388] [<c02091e4>] (__class_create) from [<c01adf68>] (register_devfs_stubs+0x314/0xbb4)
[    0.478569] [<c01adf68>] (register_devfs_stubs) from [<c05d9b08>] (init_module+0x28/0xa4)
[    0.478739] [<c05d9b08>] (init_module) from [<c0009670>] (do_one_initcall+0x104/0x1b4)
[    0.478908] [<c0009670>] (do_one_initcall) from [<c05c7d08>] (kernel_init_freeable+0xf0/0x1b0)
[    0.479099] [<c05c7d08>] (kernel_init_freeable) from [<c040f28c>] (kernel_init+0x8/0xe4)
[    0.479264] [<c040f28c>] (kernel_init) from [<c0016da8>] (ret_from_fork+0x14/0x2c)
[    0.479434] ---[ end trace c628446f622f6d2e ]---
[    0.479758] firmadyne: Cannot create device class: gpio!
[    0.481599] firmadyne: Cannot register character device: watchdog, 0xa, 0x82!
[    0.481781] firmadyne: Cannot register character device: wdt, 0xfd, 0x0!
[    0.870213] PCI host bridge /pcie@10000000 ranges:
[    0.870818]    IO 0x3eff0000..0x3effffff -> 0x00000000
[    0.871229]   MEM 0x10000000..0x3efeffff -> 0x10000000
[    0.871358]   MEM 0x8000000000..0xffffffffff -> 0x8000000000
[    0.872106] pci-host-generic 3f000000.pcie: resource collision: [mem 0x00000000-0xffffffff] conflicts with /pl011@9000000 [mem 0x09000000-0x09000fff]
[    0.872881] pci-host-generic: probe of 3f000000.pcie failed with error -16
[    0.885159] Non-volatile memory driver v1.3
[    1.497827] brd: module loaded
[    1.509471] loop: module loaded
[    2.893775]  vda: vda1
[    2.906413] 0.flash: Found 2 x16 devices at 0x0 in 32-bit bank. Manufacturer ID 0x000000 Chip ID 0x000000
[    2.907105] Intel/Sharp Extended Query Table at 0x0031
[    2.908313] Using buffer write method
[    2.908736] erase region 0: offset=0x0,size=0x40000,blocks=256
[    2.916373] 0.flash: Found 2 x16 devices at 0x0 in 32-bit bank. Manufacturer ID 0x000000 Chip ID 0x000000
[    2.916628] Intel/Sharp Extended Query Table at 0x0031
[    2.917436] Using buffer write method
[    2.917557] erase region 0: offset=0x0,size=0x40000,blocks=256
[    2.917771] Concatenating MTD devices:
[    2.917875] (0): "0.flash"
[    2.917968] (1): "0.flash"
[    2.918039] into device "0.flash"
[    2.936389] [nandsim] warning: read_byte: unexpected data output cycle, state is STATE_READY return 0x0
[    2.936624] [nandsim] warning: read_byte: unexpected data output cycle, state is STATE_READY return 0x0
[    2.936829] [nandsim] warning: read_byte: unexpected data output cycle, state is STATE_READY return 0x0
[    2.937021] [nandsim] warning: read_byte: unexpected data output cycle, state is STATE_READY return 0x0
[    2.937193] [nandsim] warning: read_byte: unexpected data output cycle, state is STATE_READY return 0x0
[    2.937375] [nandsim] warning: read_byte: unexpected data output cycle, state is STATE_READY return 0x0
[    2.937797] nand: device found, Manufacturer ID: 0x98, Chip ID: 0x39
[    2.937958] nand: Toshiba NAND 128MiB 1,8V 8-bit
[    2.938082] nand: 128 MiB, SLC, erase size: 16 KiB, page size: 512, OOB size: 16
[    2.939023] flash size: 128 MiB
[    2.939108] page size: 512 bytes
[    2.939186] OOB area size: 16 bytes
[    2.939264] sector size: 16 KiB
[    2.939335] pages number: 262144
[    2.939407] pages per sector: 32
[    2.939478] bus width: 8
[    2.939709] bits in sector size: 14
[    2.939799] bits in page size: 9
[    2.939876] bits in OOB size: 4
[    2.939974] flash size with OOB: 135168 KiB
[    2.940064] page address bytes: 4
[    2.940141] sector address bytes: 3
[    2.940219] options: 0x42
[    3.613334] Scanning device for bad blocks
[    3.728545] cfg80211: Calling CRDA to update world regulatory domain
[    3.729774] firmadyne: do_execve: /firmadyne/console
[    3.729962] OFFSETS: offset of pid: 0x190 offset of comm: 0x270
[    3.730431] Creating 11 MTD partitions on "NAND 128MiB 1,8V 8-bit":
[    3.730849] 0x000000000000-0x000000100000 : "NAND simulator partition 0"
[    3.733066] 0x000000100000-0x000000200000 : "NAND simulator partition 1"
[    3.734487] 0x000000200000-0x000000300000 : "NAND simulator partition 2"
[    3.735856] 0x000000300000-0x000000400000 : "NAND simulator partition 3"
[    3.737270] 0x000000400000-0x000000500000 : "NAND simulator partition 4"
[    3.738676] 0x000000500000-0x000000600000 : "NAND simulator partition 5"
[    3.740276] 0x000000600000-0x000000700000 : "NAND simulator partition 6"
[    3.742016] 0x000000700000-0x000000800000 : "NAND simulator partition 7"
[    3.743415] 0x000000800000-0x000000900000 : "NAND simulator partition 8"
[    3.744773] 0x000000900000-0x000000a00000 : "NAND simulator partition 9"
[    3.746165] 0x000000a00000-0x000008000000 : "NAND simulator partition 10"
[    3.752055] tun: Universal TUN/TAP device driver, 1.6
[    3.752202] tun: (C) 1999-2004 Max Krasnyansky <maxk@qualcomm.com>
[    4.067180] PPP generic driver version 2.4.2
[    4.067993] PPP BSD Compression module registered
[    4.068180] PPP Deflate Compression module registered
[    4.068428] PPP MPPE Compression module registered
[    4.068562] NET: Registered protocol family 24
[    4.068905] PPTP driver version 0.8.5
[    4.206845] usbcore: registered new interface driver usb-storage
[    4.210586] rtc-pl031 9010000.pl031: rtc core: registered pl031 as rtc0
[    4.211367] hidraw: raw HID events driver (C) Jiri Kosina
[    4.211992] usbcore: registered new interface driver usbhid
[    4.212123] usbhid: USB HID core driver
[    4.212606] Netfilter messages via NETLINK v0.30.
[    4.213305] nf_conntrack version 0.5.0 (3958 buckets, 15832 max)
[    4.215025] ctnetlink v0.93: registering with nfnetlink.
[    4.216578] ipip: IPv4 over IPv4 tunneling driver
[    4.218943] gre: GRE over IPv4 demultiplexor driver
[    4.219110] ip_gre: GRE over IPv4 tunneling driver
[    4.224163] ip_tables: (C) 2000-2006 Netfilter Core Team
[    4.225903] arp_tables: (C) 2002 David S. Miller
[    4.226989] Initializing XFRM netlink socket
[    4.227509] NET: Registered protocol family 10
[    4.235199] ip6_tables: (C) 2000-2006 Netfilter Core Team
[    4.237012] sit: IPv6 over IPv4 tunneling driver
[    4.241197] NET: Registered protocol family 17
[    4.241917] bridge: automatic filtering via arp/ip/ip6tables has been deprecated. Update your scripts to load br_netfilter if you need this.
[    4.242264] Bridge firewalling registered
[    4.242431] Ebtables v2.0 registered
[    4.243677] 8021q: 802.1Q VLAN Support v1.8
[    4.244400] Registering SWP/SWPB emulation handler
[    4.247354] rtc-pl031 9010000.pl031: setting system clock to 2018-07-19 10:03:51 UTC (1531994631)
[    4.264955] EXT4-fs (vda1): couldn't mount as ext3 due to feature incompatibilities
[    4.266925] EXT4-fs (vda1): mounting ext2 file system using the ext4 subsystem
[    4.276663] EXT4-fs (vda1): warning: mounting unchecked fs, running e2fsck is recommended
[    4.279995] EXT4-fs (vda1): mounted filesystem without journal. Opts: (null)
[    4.281205] VFS: Mounted root (ext2 filesystem) on device 254:1.
[    4.300535] Freeing unused kernel memory: 180K (c05c7000 - c05f4000)
[    4.360817] random: sh urandom read with 3 bits of entropy available
/ # [    6.871915] cfg80211: Calling CRDA to update world regulatory domain
[   10.020717] cfg80211: Calling CRDA to update world regulatory domain
[   13.171056] cfg80211: Calling CRDA to update world regulatory domain
[   16.320279] cfg80211: Calling CRDA to update world regulatory domain
[   19.471463] cfg80211: Calling CRDA to update world regulatory domain
[   22.621204] cfg80211: Calling CRDA to update world regulatory domain
[   25.770434] cfg80211: Calling CRDA to update world regulatory domain
[   28.920522] cfg80211: Calling CRDA to update world regulatory domain
[   32.072809] cfg80211: Calling CRDA to update world regulatory domain
[   35.221343] cfg80211: Exceeded CRDA call max attempts. Not calling CRDA
