>> Database Image ID: 183

/home/zhumengfan/firmware/firmwares/7109df78126da016f647fa4fc09ac01c0373559b.trx
>> MD5: 3663bdfb3b9c1ef2202625d69be7ec36
>> Tag: 183
>> Temp: /tmp/tmplqSWBv
>> Status: Kernel: True, Rootfs: False, Do_Kernel: False,                 Do_Rootfs: True
>>>> Squashfs filesystem, little endian, version 4.0, compression:xz, size: 14582112 bytes, 1387 inodes, blocksize: 131072 bytes, created: 2014-10-07 11:04:37
>>>> Found Linux filesystem in /tmp/tmplqSWBv/_7109df78126da016f647fa4fc09ac01c0373559b.trx.extracted/squashfs-root!
>> Skipping: completed!
>> Cleaning up /tmp/tmplqSWBv...
./bin/busybox: armel
Querying database for architecture... armel
----Running----
----Copying Filesystem Tarball----
----Creating QEMU Image----
Formatting '/home/zhumengfan/firmadyne//scratch//183//image.raw', fmt=raw size=1073741824
----Creating Partition Table----

Welcome to fdisk (util-linux 2.27.1).
Changes will remain in memory only, until you decide to write them.
Be careful before using the write command.

Device does not contain a recognized partition table.
Created a new DOS disklabel with disk identifier 0x5c2829ae.

Command (m for help): Created a new DOS disklabel with disk identifier 0x2f98066d.

Command (m for help): Partition type
   p   primary (0 primary, 0 extended, 4 free)
   e   extended (container for logical partitions)
Select (default p): Partition number (1-4, default 1): First sector (2048-2097151, default 2048): Last sector, +sectors or +size{K,M,G,T,P} (2048-2097151, default 2097151): 
Created a new partition 1 of type 'Linux' and of size 1023 MiB.

Command (m for help): The partition table has been altered.
Syncing disks.

----Mounting QEMU Image----
add map loop0p1 (252:0): 0 2095104 linear 7:0 2048
----Creating Filesystem----
mke2fs 1.42.13 (17-May-2015)
Discarding device blocks:   4096/261888             done                            
Creating filesystem with 261888 4k blocks and 65536 inodes
Filesystem UUID: ec5db028-f797-4a04-b4a9-cf619c8d7402
Superblock backups stored on blocks: 
	32768, 98304, 163840, 229376

Allocating group tables: 0/8   done                            
Writing inode tables: 0/8   done                            
Writing superblocks and filesystem accounting information: 0/8   done

----Making QEMU Image Mountpoint----
----Mounting QEMU Image Partition 1----
----Extracting Filesystem Tarball----
----Creating FIRMADYNE Directories----
----Patching Filesystem (chroot)----
Creating /etc/TZ!
Creating /etc/hosts!
Creating /etc/passwd!
Warning: Recreating device nodes!
Removing /etc/scripts/sys_resetbutton!
----Setting up FIRMADYNE----
----Unmounting QEMU Image----
loop deleted : /dev/loop0
Querying database for architecture... armel
Running firmware 183: terminating after 60 secs...
qemu-system-arm: terminating on signal 2 from pid 161136 (timeout)
Inferring network...
Interfaces: []
Done!
[    0.000000] Booting Linux on physical CPU 0x0
[    0.000000] Linux version 4.1.17+ (vagrant@vagrant-ubuntu-trusty-64) (gcc version 5.3.0 (GCC) ) #1 Thu Feb 18 01:05:21 UTC 2016
[    0.000000] CPU: ARMv7 Processor [412fc0f1] revision 1 (ARMv7), cr=10c5387d
[    0.000000] CPU: PIPT / VIPT nonaliasing data cache, PIPT instruction cache
[    0.000000] Machine model: linux,dummy-virt
[    0.000000] debug: ignoring loglevel setting.
[    0.000000] Memory policy: Data cache writeback
[    0.000000] On node 0 totalpages: 65536
[    0.000000] free_area_init_node: node 0, pgdat c061dfe8, node_mem_map cfdf9000
[    0.000000]   Normal zone: 512 pages used for memmap
[    0.000000]   Normal zone: 0 pages reserved
[    0.000000]   Normal zone: 65536 pages, LIFO batch:15
[    0.000000] psci: probing for conduit method from DT.
[    0.000000] psci: PSCIv0.2 detected in firmware.
[    0.000000] psci: Using standard PSCI v0.2 function IDs
[    0.000000] CPU: All CPU(s) started in SVC mode.
[    0.000000] pcpu-alloc: s0 r0 d32768 u32768 alloc=1*32768
[    0.000000] pcpu-alloc: [0] 0 
[    0.000000] Built 1 zonelists in Zone order, mobility grouping on.  Total pages: 65024
[    0.000000] Kernel command line: firmadyne.syscall=1 root=/dev/vda1 console=ttyS0 nandsim.parts=64,64,64,64,64,64,64,64,64,64 rdinit=/firmadyne/preInit.sh rw debug ignore_loglevel print-fatal-signals=1 user_debug=31
[    0.000000] PID hash table entries: 1024 (order: 0, 4096 bytes)
[    0.000000] Dentry cache hash table entries: 32768 (order: 5, 131072 bytes)
[    0.000000] Inode-cache hash table entries: 16384 (order: 4, 65536 bytes)
[    0.000000] Memory: 253340K/262144K available (4297K kernel code, 170K rwdata, 1584K rodata, 180K init, 148K bss, 8804K reserved, 0K cma-reserved)
[    0.000000] Virtual kernel memory layout:
[    0.000000]     vector  : 0xffff0000 - 0xffff1000   (   4 kB)
[    0.000000]     fixmap  : 0xffc00000 - 0xfff00000   (3072 kB)
[    0.000000]     vmalloc : 0xd0800000 - 0xff000000   ( 744 MB)
[    0.000000]     lowmem  : 0xc0000000 - 0xd0000000   ( 256 MB)
[    0.000000]     modules : 0xbf000000 - 0xc0000000   (  16 MB)
[    0.000000]       .text : 0xc0008000 - 0xc05c67bc   (5882 kB)
[    0.000000]       .init : 0xc05c7000 - 0xc05f4000   ( 180 kB)
[    0.000000]       .data : 0xc05f4000 - 0xc061e840   ( 171 kB)
[    0.000000]        .bss : 0xc0621000 - 0xc06462d4   ( 149 kB)
[    0.000000] NR_IRQS:16 nr_irqs:16 16
[    0.000000] Architected cp15 timer(s) running at 62.50MHz (virt).
[    0.000000] clocksource arch_sys_counter: mask: 0xffffffffffffff max_cycles: 0x1cd42e208c, max_idle_ns: 881590405314 ns
[    0.000168] sched_clock: 56 bits at 62MHz, resolution 16ns, wraps every 4398046511096ns
[    0.000311] Switching to timer-based delay loop, resolution 16ns
[    0.003500] Console: colour dummy device 80x30
[    0.003858] Calibrating delay loop (skipped), value calculated using timer frequency.. 125.00 BogoMIPS (lpj=625000)
[    0.003997] pid_max: default: 32768 minimum: 301
[    0.004978] Mount-cache hash table entries: 1024 (order: 0, 4096 bytes)
[    0.005017] Mountpoint-cache hash table entries: 1024 (order: 0, 4096 bytes)
[    0.015029] CPU: Testing write buffer coherency: ok
[    0.021369] Setting up static identity map for 0x40008240 - 0x40008298
[    2.263843] VFP support v0.3: implementor 41 architecture 4 part 30 variant f rev 0
[    2.276322] clocksource jiffies: mask: 0xffffffff max_cycles: 0xffffffff, max_idle_ns: 19112604462750000 ns
[    2.285657] NET: Registered protocol family 16
[    2.288965] DMA: preallocated 256 KiB pool for atomic coherent allocations
[    2.293342] cpuidle: using governor ladder
[    2.293498] cpuidle: using governor menu
[    4.592252] Serial: AMBA PL011 UART driver
[    4.594538] 9000000.pl011: ttyS0 at MMIO 0x9000000 (irq = 54, base_baud = 0) is a PL011 rev1
[    4.602531] console [ttyS0] enabled
[    4.625570] vgaarb: loaded
[    4.627363] SCSI subsystem initialized
[    4.628469] usbcore: registered new interface driver usbfs
[    4.628835] usbcore: registered new interface driver hub
[    4.629164] usbcore: registered new device driver usb
[    4.638637] cfg80211: Calling CRDA to update world regulatory domain
[    4.641030] Switched to clocksource arch_sys_counter
[    4.659382] NET: Registered protocol family 2
[    6.913386] TCP established hash table entries: 2048 (order: 1, 8192 bytes)
[    6.913681] TCP bind hash table entries: 2048 (order: 1, 8192 bytes)
[    6.913990] TCP: Hash tables configured (established 2048 bind 2048)
[    6.914552] UDP hash table entries: 256 (order: 0, 4096 bytes)
[    6.914823] UDP-Lite hash table entries: 256 (order: 0, 4096 bytes)
[    6.916289] NET: Registered protocol family 1
[    6.916760] PCI: CLS 0 bytes, default 64
[    6.924190] NetWinder Floating Point Emulator V0.97 (extended precision)
[    6.926897] futex hash table entries: 256 (order: -1, 3072 bytes)
[    6.932454] squashfs: version 4.0 (2009/01/31) Phillip Lougher
[    6.933484] jffs2: version 2.2. (NAND) © 2001-2006 Red Hat, Inc.
[    6.934301] romfs: ROMFS MTD (C) 2007 Red Hat, Inc.
[    6.943366] Block layer SCSI generic (bsg) driver version 0.4 loaded (major 253)
[    6.943690] io scheduler noop registered
[    6.943927] io scheduler cfq registered (default)
[    6.944595] firmadyne: devfs: 1, execute: 1, procfs: 1, syscall: 1
[    6.945893] ------------[ cut here ]------------
[    6.946102] WARNING: CPU: 0 PID: 1 at /home/vagrant/firmadyne-kernel/kernel-v4.1/fs/sysfs/dir.c:31 sysfs_warn_dup+0x50/0x6c()
[    6.946336] sysfs: cannot create duplicate filename '/class/gpio'
[    6.946498] Modules linked in:
[    6.946816] CPU: 0 PID: 1 Comm: swapper Not tainted 4.1.17+ #1
[    6.946962] Hardware name: Generic DT based system
[    6.947650] [<c001c99c>] (unwind_backtrace) from [<c0019d30>] (show_stack+0x10/0x14)
[    6.947927] [<c0019d30>] (show_stack) from [<c0024ab4>] (warn_slowpath_common+0x80/0xa8)
[    6.948129] [<c0024ab4>] (warn_slowpath_common) from [<c0024b08>] (warn_slowpath_fmt+0x2c/0x3c)
[    6.948371] [<c0024b08>] (warn_slowpath_fmt) from [<c00e363c>] (sysfs_warn_dup+0x50/0x6c)
[    6.948555] [<c00e363c>] (sysfs_warn_dup) from [<c00e3714>] (sysfs_create_dir_ns+0x74/0x84)
[    6.948742] [<c00e3714>] (sysfs_create_dir_ns) from [<c018e6ac>] (kobject_add_internal+0xb8/0x2ac)
[    6.948934] [<c018e6ac>] (kobject_add_internal) from [<c018e9a8>] (kset_register+0x1c/0x44)
[    6.949118] [<c018e9a8>] (kset_register) from [<c02090b4>] (__class_register+0xa8/0x198)
[    6.949297] [<c02090b4>] (__class_register) from [<c02091e4>] (__class_create+0x40/0x70)
[    6.949474] [<c02091e4>] (__class_create) from [<c01adf68>] (register_devfs_stubs+0x314/0xbb4)
[    6.949659] [<c01adf68>] (register_devfs_stubs) from [<c05d9b08>] (init_module+0x28/0xa4)
[    6.949863] [<c05d9b08>] (init_module) from [<c0009670>] (do_one_initcall+0x104/0x1b4)
[    6.950038] [<c0009670>] (do_one_initcall) from [<c05c7d08>] (kernel_init_freeable+0xf0/0x1b0)
[    6.950228] [<c05c7d08>] (kernel_init_freeable) from [<c040f28c>] (kernel_init+0x8/0xe4)
[    6.950400] [<c040f28c>] (kernel_init) from [<c0016da8>] (ret_from_fork+0x14/0x2c)
[    6.950664] ---[ end trace 6c0434ae0d647827 ]---
[    6.950980] ------------[ cut here ]------------
[    6.951106] WARNING: CPU: 0 PID: 1 at /home/vagrant/firmadyne-kernel/kernel-v4.1/lib/kobject.c:240 kobject_add_internal+0x240/0x2ac()
[    6.951330] kobject_add_internal failed for gpio with -EEXIST, don't try to register things with the same name in the same directory.
[    6.951548] Modules linked in:
[    6.951691] CPU: 0 PID: 1 Comm: swapper Tainted: G        W       4.1.17+ #1
[    6.951831] Hardware name: Generic DT based system
[    6.951950] [<c001c99c>] (unwind_backtrace) from [<c0019d30>] (show_stack+0x10/0x14)
[    6.952117] [<c0019d30>] (show_stack) from [<c0024ab4>] (warn_slowpath_common+0x80/0xa8)
[    6.952292] [<c0024ab4>] (warn_slowpath_common) from [<c0024b08>] (warn_slowpath_fmt+0x2c/0x3c)
[    6.952475] [<c0024b08>] (warn_slowpath_fmt) from [<c018e834>] (kobject_add_internal+0x240/0x2ac)
[    6.952672] [<c018e834>] (kobject_add_internal) from [<c018e9a8>] (kset_register+0x1c/0x44)
[    6.952847] [<c018e9a8>] (kset_register) from [<c02090b4>] (__class_register+0xa8/0x198)
[    6.953019] [<c02090b4>] (__class_register) from [<c02091e4>] (__class_create+0x40/0x70)
[    6.953191] [<c02091e4>] (__class_create) from [<c01adf68>] (register_devfs_stubs+0x314/0xbb4)
[    6.953374] [<c01adf68>] (register_devfs_stubs) from [<c05d9b08>] (init_module+0x28/0xa4)
[    6.953549] [<c05d9b08>] (init_module) from [<c0009670>] (do_one_initcall+0x104/0x1b4)
[    6.953718] [<c0009670>] (do_one_initcall) from [<c05c7d08>] (kernel_init_freeable+0xf0/0x1b0)
[    6.953897] [<c05c7d08>] (kernel_init_freeable) from [<c040f28c>] (kernel_init+0x8/0xe4)
[    6.954064] [<c040f28c>] (kernel_init) from [<c0016da8>] (ret_from_fork+0x14/0x2c)
[    6.954231] ---[ end trace 6c0434ae0d647828 ]---
[    6.954392] firmadyne: Cannot create device class: gpio!
[    6.956134] firmadyne: Cannot register character device: watchdog, 0xa, 0x82!
[    6.956312] firmadyne: Cannot register character device: wdt, 0xfd, 0x0!
[    7.037200] PCI host bridge /pcie@10000000 ranges:
[    7.037772]    IO 0x3eff0000..0x3effffff -> 0x00000000
[    7.038139]   MEM 0x10000000..0x3efeffff -> 0x10000000
[    7.038275]   MEM 0x8000000000..0xffffffffff -> 0x8000000000
[    7.038953] pci-host-generic 3f000000.pcie: resource collision: [mem 0x00000000-0xffffffff] conflicts with /pl011@9000000 [mem 0x09000000-0x09000fff]
[    7.039656] pci-host-generic: probe of 3f000000.pcie failed with error -16
[    7.051196] Non-volatile memory driver v1.3
[    9.904364] cfg80211: Calling CRDA to update world regulatory domain
[    9.924299] brd: module loaded
[    9.934601] loop: module loaded
[   12.145641]  vda: vda1
[   12.158180] 0.flash: Found 2 x16 devices at 0x0 in 32-bit bank. Manufacturer ID 0x000000 Chip ID 0x000000
[   12.158865] Intel/Sharp Extended Query Table at 0x0031
[   12.161393] Using buffer write method
[   12.161828] erase region 0: offset=0x0,size=0x40000,blocks=256
[   12.169305] 0.flash: Found 2 x16 devices at 0x0 in 32-bit bank. Manufacturer ID 0x000000 Chip ID 0x000000
[   12.169575] Intel/Sharp Extended Query Table at 0x0031
[   12.170374] Using buffer write method
[   12.170493] erase region 0: offset=0x0,size=0x40000,blocks=256
[   12.170892] Concatenating MTD devices:
[   12.171012] (0): "0.flash"
[   12.171087] (1): "0.flash"
[   12.171154] into device "0.flash"
[   12.182724] [nandsim] warning: read_byte: unexpected data output cycle, state is STATE_READY return 0x0
[   12.182969] [nandsim] warning: read_byte: unexpected data output cycle, state is STATE_READY return 0x0
[   12.183150] [nandsim] warning: read_byte: unexpected data output cycle, state is STATE_READY return 0x0
[   12.183326] [nandsim] warning: read_byte: unexpected data output cycle, state is STATE_READY return 0x0
[   12.183501] [nandsim] warning: read_byte: unexpected data output cycle, state is STATE_READY return 0x0
[   12.183676] [nandsim] warning: read_byte: unexpected data output cycle, state is STATE_READY return 0x0
[   12.184099] nand: device found, Manufacturer ID: 0x98, Chip ID: 0x39
[   12.184250] nand: Toshiba NAND 128MiB 1,8V 8-bit
[   12.184376] nand: 128 MiB, SLC, erase size: 16 KiB, page size: 512, OOB size: 16
[   12.185286] flash size: 128 MiB
[   12.185373] page size: 512 bytes
[   12.185449] OOB area size: 16 bytes
[   12.185529] sector size: 16 KiB
[   12.185602] pages number: 262144
[   12.185675] pages per sector: 32
[   12.185749] bus width: 8
[   12.185810] bits in sector size: 14
[   12.185887] bits in page size: 9
[   12.185964] bits in OOB size: 4
[   12.186047] flash size with OOB: 135168 KiB
[   12.186138] page address bytes: 4
[   12.186214] sector address bytes: 3
[   12.186293] options: 0x42
[   14.475669] Scanning device for bad blocks
[   14.582954] cfg80211: Calling CRDA to update world regulatory domain
[   14.584252] firmadyne: do_execve: /firmadyne/console
[   16.564991] OFFSETS: offset of pid: 0x190 offset of comm: 0x270
[   16.566185] Creating 11 MTD partitions on "NAND 128MiB 1,8V 8-bit":
[   16.566645] 0x000000000000-0x000000100000 : "NAND simulator partition 0"
[   16.568991] 0x000000100000-0x000000200000 : "NAND simulator partition 1"
[   16.570428] 0x000000200000-0x000000300000 : "NAND simulator partition 2"
[   16.571990] 0x000000300000-0x000000400000 : "NAND simulator partition 3"
[   16.573426] 0x000000400000-0x000000500000 : "NAND simulator partition 4"
[   16.574851] 0x000000500000-0x000000600000 : "NAND simulator partition 5"
[   16.576264] 0x000000600000-0x000000700000 : "NAND simulator partition 6"
[   16.577890] 0x000000700000-0x000000800000 : "NAND simulator partition 7"
[   16.579270] 0x000000800000-0x000000900000 : "NAND simulator partition 8"
[   16.580638] 0x000000900000-0x000000a00000 : "NAND simulator partition 9"
[   16.582232] 0x000000a00000-0x000008000000 : "NAND simulator partition 10"
[   16.588039] tun: Universal TUN/TAP device driver, 1.6
[   16.588191] tun: (C) 1999-2004 Max Krasnyansky <maxk@qualcomm.com>
[   18.601462] PPP generic driver version 2.4.2
[   18.602258] PPP BSD Compression module registered
[   18.602444] PPP Deflate Compression module registered
[   18.602722] PPP MPPE Compression module registered
[   18.602863] NET: Registered protocol family 24
[   18.603197] PPTP driver version 0.8.5
[   18.604129] cfg80211: Calling CRDA to update world regulatory domain
[   20.839193] usbcore: registered new interface driver usb-storage
[   20.843090] rtc-pl031 9010000.pl031: rtc core: registered pl031 as rtc0
[   20.843927] hidraw: raw HID events driver (C) Jiri Kosina
[   20.844496] usbcore: registered new interface driver usbhid
[   20.844631] usbhid: USB HID core driver
[   20.845147] Netfilter messages via NETLINK v0.30.
[   20.845838] nf_conntrack version 0.5.0 (3958 buckets, 15832 max)
[   20.847359] ctnetlink v0.93: registering with nfnetlink.
[   20.848860] ipip: IPv4 over IPv4 tunneling driver
[   20.851310] gre: GRE over IPv4 demultiplexor driver
[   20.851486] ip_gre: GRE over IPv4 tunneling driver
[   20.856243] ip_tables: (C) 2000-2006 Netfilter Core Team
[   20.858005] arp_tables: (C) 2002 David S. Miller
[   20.859124] Initializing XFRM netlink socket
[   20.859688] NET: Registered protocol family 10
[   20.867351] ip6_tables: (C) 2000-2006 Netfilter Core Team
[   20.869258] sit: IPv6 over IPv4 tunneling driver
[   20.873415] NET: Registered protocol family 17
[   20.874138] bridge: automatic filtering via arp/ip/ip6tables has been deprecated. Update your scripts to load br_netfilter if you need this.
[   20.874497] Bridge firewalling registered
[   20.874672] Ebtables v2.0 registered
[   20.875929] 8021q: 802.1Q VLAN Support v1.8
[   20.876599] Registering SWP/SWPB emulation handler
[   20.879539] rtc-pl031 9010000.pl031: setting system clock to 2018-07-19 14:41:44 UTC (1532011304)
[   22.207006] cfg80211: Calling CRDA to update world regulatory domain
[   22.207892] EXT4-fs (vda1): couldn't mount as ext3 due to feature incompatibilities
[   22.209564] EXT4-fs (vda1): mounting ext2 file system using the ext4 subsystem
[   22.221296] EXT4-fs (vda1): mounted filesystem without journal. Opts: (null)
[   22.222403] VFS: Mounted root (ext2 filesystem) on device 254:1.
[   22.241490] Freeing unused kernel memory: 180K (c05c7000 - c05f4000)
[   24.507809] random: sh urandom read with 3 bits of entropy available
/ # [   25.352070] cfg80211: Calling CRDA to update world regulatory domain
[   28.501942] cfg80211: Calling CRDA to update world regulatory domain
[   31.653608] cfg80211: Calling CRDA to update world regulatory domain
[   34.821333] cfg80211: Calling CRDA to update world regulatory domain
[   37.971717] cfg80211: Calling CRDA to update world regulatory domain
[   41.121925] cfg80211: Calling CRDA to update world regulatory domain
[   44.274002] cfg80211: Exceeded CRDA call max attempts. Not calling CRDA
Starting firmware emulation... use Ctrl-a + x to exit
qemu-system-arm: terminating on signal 2 from pid 161268 (timeout)
[    0.000000] Booting Linux on physical CPU 0x0
[    0.000000] Linux version 4.1.17+ (vagrant@vagrant-ubuntu-trusty-64) (gcc version 5.3.0 (GCC) ) #1 Thu Feb 18 01:05:21 UTC 2016
[    0.000000] CPU: ARMv7 Processor [412fc0f1] revision 1 (ARMv7), cr=10c5387d
[    0.000000] CPU: PIPT / VIPT nonaliasing data cache, PIPT instruction cache
[    0.000000] Machine model: linux,dummy-virt
[    0.000000] debug: ignoring loglevel setting.
[    0.000000] Memory policy: Data cache writeback
[    0.000000] On node 0 totalpages: 65536
[    0.000000] free_area_init_node: node 0, pgdat c061dfe8, node_mem_map cfdf9000
[    0.000000]   Normal zone: 512 pages used for memmap
[    0.000000]   Normal zone: 0 pages reserved
[    0.000000]   Normal zone: 65536 pages, LIFO batch:15
[    0.000000] psci: probing for conduit method from DT.
[    0.000000] psci: PSCIv0.2 detected in firmware.
[    0.000000] psci: Using standard PSCI v0.2 function IDs
[    0.000000] CPU: All CPU(s) started in SVC mode.
[    0.000000] pcpu-alloc: s0 r0 d32768 u32768 alloc=1*32768
[    0.000000] pcpu-alloc: [0] 0 
[    0.000000] Built 1 zonelists in Zone order, mobility grouping on.  Total pages: 65024
[    0.000000] Kernel command line: root=/dev/vda1 console=ttyS0 nandsim.parts=64,64,64,64,64,64,64,64,64,64 rdinit=/firmadyne/preInit.sh rw debug ignore_loglevel print-fatal-signals=1 user_debug=31 firmadyne.syscall=0
[    0.000000] PID hash table entries: 1024 (order: 0, 4096 bytes)
[    0.000000] Dentry cache hash table entries: 32768 (order: 5, 131072 bytes)
[    0.000000] Inode-cache hash table entries: 16384 (order: 4, 65536 bytes)
[    0.000000] Memory: 253340K/262144K available (4297K kernel code, 170K rwdata, 1584K rodata, 180K init, 148K bss, 8804K reserved, 0K cma-reserved)
[    0.000000] Virtual kernel memory layout:
[    0.000000]     vector  : 0xffff0000 - 0xffff1000   (   4 kB)
[    0.000000]     fixmap  : 0xffc00000 - 0xfff00000   (3072 kB)
[    0.000000]     vmalloc : 0xd0800000 - 0xff000000   ( 744 MB)
[    0.000000]     lowmem  : 0xc0000000 - 0xd0000000   ( 256 MB)
[    0.000000]     modules : 0xbf000000 - 0xc0000000   (  16 MB)
[    0.000000]       .text : 0xc0008000 - 0xc05c67bc   (5882 kB)
[    0.000000]       .init : 0xc05c7000 - 0xc05f4000   ( 180 kB)
[    0.000000]       .data : 0xc05f4000 - 0xc061e840   ( 171 kB)
[    0.000000]        .bss : 0xc0621000 - 0xc06462d4   ( 149 kB)
[    0.000000] NR_IRQS:16 nr_irqs:16 16
[    0.000000] Architected cp15 timer(s) running at 62.50MHz (virt).
[    0.000000] clocksource arch_sys_counter: mask: 0xffffffffffffff max_cycles: 0x1cd42e208c, max_idle_ns: 881590405314 ns
[    0.000161] sched_clock: 56 bits at 62MHz, resolution 16ns, wraps every 4398046511096ns
[    0.000306] Switching to timer-based delay loop, resolution 16ns
[    0.003481] Console: colour dummy device 80x30
[    0.003833] Calibrating delay loop (skipped), value calculated using timer frequency.. 125.00 BogoMIPS (lpj=625000)
[    0.003972] pid_max: default: 32768 minimum: 301
[    0.004891] Mount-cache hash table entries: 1024 (order: 0, 4096 bytes)
[    0.004932] Mountpoint-cache hash table entries: 1024 (order: 0, 4096 bytes)
[    0.014419] CPU: Testing write buffer coherency: ok
[    0.020923] Setting up static identity map for 0x40008240 - 0x40008298
[    2.275161] VFP support v0.3: implementor 41 architecture 4 part 30 variant f rev 0
[    2.287167] clocksource jiffies: mask: 0xffffffff max_cycles: 0xffffffff, max_idle_ns: 19112604462750000 ns
[    2.296139] NET: Registered protocol family 16
[    2.299431] DMA: preallocated 256 KiB pool for atomic coherent allocations
[    4.596930] cpuidle: using governor ladder
[    4.597143] cpuidle: using governor menu
[    4.618980] Serial: AMBA PL011 UART driver
[    4.621231] 9000000.pl011: ttyS0 at MMIO 0x9000000 (irq = 54, base_baud = 0) is a PL011 rev1
[    4.629842] console [ttyS0] enabled
[    4.661044] vgaarb: loaded
[    4.663624] SCSI subsystem initialized
[    4.665202] usbcore: registered new interface driver usbfs
[    4.665741] usbcore: registered new interface driver hub
[    4.666221] usbcore: registered new device driver usb
[    4.680320] cfg80211: Calling CRDA to update world regulatory domain
[    4.682809] Switched to clocksource arch_sys_counter
[    6.923961] NET: Registered protocol family 2
[    6.929066] TCP established hash table entries: 2048 (order: 1, 8192 bytes)
[    6.929364] TCP bind hash table entries: 2048 (order: 1, 8192 bytes)
[    6.929701] TCP: Hash tables configured (established 2048 bind 2048)
[    6.930273] UDP hash table entries: 256 (order: 0, 4096 bytes)
[    6.930529] UDP-Lite hash table entries: 256 (order: 0, 4096 bytes)
[    6.932031] NET: Registered protocol family 1
[    6.932673] PCI: CLS 0 bytes, default 64
[    6.939986] NetWinder Floating Point Emulator V0.97 (extended precision)
[    6.942958] futex hash table entries: 256 (order: -1, 3072 bytes)
[    6.948648] squashfs: version 4.0 (2009/01/31) Phillip Lougher
[    6.949738] jffs2: version 2.2. (NAND) © 2001-2006 Red Hat, Inc.
[    6.950538] romfs: ROMFS MTD (C) 2007 Red Hat, Inc.
[    6.959782] Block layer SCSI generic (bsg) driver version 0.4 loaded (major 253)
[    6.960150] io scheduler noop registered
[    6.960386] io scheduler cfq registered (default)
[    6.961064] firmadyne: devfs: 1, execute: 1, procfs: 1, syscall: 0
[    6.962440] ------------[ cut here ]------------
[    6.962814] WARNING: CPU: 0 PID: 1 at /home/vagrant/firmadyne-kernel/kernel-v4.1/fs/sysfs/dir.c:31 sysfs_warn_dup+0x50/0x6c()
[    6.963056] sysfs: cannot create duplicate filename '/class/gpio'
[    6.963222] Modules linked in:
[    6.963551] CPU: 0 PID: 1 Comm: swapper Not tainted 4.1.17+ #1
[    6.963694] Hardware name: Generic DT based system
[    6.964383] [<c001c99c>] (unwind_backtrace) from [<c0019d30>] (show_stack+0x10/0x14)
[    6.964666] [<c0019d30>] (show_stack) from [<c0024ab4>] (warn_slowpath_common+0x80/0xa8)
[    6.964871] [<c0024ab4>] (warn_slowpath_common) from [<c0024b08>] (warn_slowpath_fmt+0x2c/0x3c)
[    6.965116] [<c0024b08>] (warn_slowpath_fmt) from [<c00e363c>] (sysfs_warn_dup+0x50/0x6c)
[    6.965304] [<c00e363c>] (sysfs_warn_dup) from [<c00e3714>] (sysfs_create_dir_ns+0x74/0x84)
[    6.965522] [<c00e3714>] (sysfs_create_dir_ns) from [<c018e6ac>] (kobject_add_internal+0xb8/0x2ac)
[    6.965724] [<c018e6ac>] (kobject_add_internal) from [<c018e9a8>] (kset_register+0x1c/0x44)
[    6.965912] [<c018e9a8>] (kset_register) from [<c02090b4>] (__class_register+0xa8/0x198)
[    6.966095] [<c02090b4>] (__class_register) from [<c02091e4>] (__class_create+0x40/0x70)
[    6.966277] [<c02091e4>] (__class_create) from [<c01adf68>] (register_devfs_stubs+0x314/0xbb4)
[    6.966468] [<c01adf68>] (register_devfs_stubs) from [<c05d9b08>] (init_module+0x28/0xa4)
[    6.966682] [<c05d9b08>] (init_module) from [<c0009670>] (do_one_initcall+0x104/0x1b4)
[    6.966863] [<c0009670>] (do_one_initcall) from [<c05c7d08>] (kernel_init_freeable+0xf0/0x1b0)
[    6.967061] [<c05c7d08>] (kernel_init_freeable) from [<c040f28c>] (kernel_init+0x8/0xe4)
[    6.967238] [<c040f28c>] (kernel_init) from [<c0016da8>] (ret_from_fork+0x14/0x2c)
[    6.967508] ---[ end trace 5ec041f8c72dfffb ]---
[    6.967720] ------------[ cut here ]------------
[    6.967839] WARNING: CPU: 0 PID: 1 at /home/vagrant/firmadyne-kernel/kernel-v4.1/lib/kobject.c:240 kobject_add_internal+0x240/0x2ac()
[    6.968068] kobject_add_internal failed for gpio with -EEXIST, don't try to register things with the same name in the same directory.
[    6.968293] Modules linked in:
[    6.968442] CPU: 0 PID: 1 Comm: swapper Tainted: G        W       4.1.17+ #1
[    6.968585] Hardware name: Generic DT based system
[    6.968714] [<c001c99c>] (unwind_backtrace) from [<c0019d30>] (show_stack+0x10/0x14)
[    6.968887] [<c0019d30>] (show_stack) from [<c0024ab4>] (warn_slowpath_common+0x80/0xa8)
[    6.969066] [<c0024ab4>] (warn_slowpath_common) from [<c0024b08>] (warn_slowpath_fmt+0x2c/0x3c)
[    6.969255] [<c0024b08>] (warn_slowpath_fmt) from [<c018e834>] (kobject_add_internal+0x240/0x2ac)
[    6.969459] [<c018e834>] (kobject_add_internal) from [<c018e9a8>] (kset_register+0x1c/0x44)
[    6.969659] [<c018e9a8>] (kset_register) from [<c02090b4>] (__class_register+0xa8/0x198)
[    6.969839] [<c02090b4>] (__class_register) from [<c02091e4>] (__class_create+0x40/0x70)
[    6.970018] [<c02091e4>] (__class_create) from [<c01adf68>] (register_devfs_stubs+0x314/0xbb4)
[    6.970211] [<c01adf68>] (register_devfs_stubs) from [<c05d9b08>] (init_module+0x28/0xa4)
[    6.970393] [<c05d9b08>] (init_module) from [<c0009670>] (do_one_initcall+0x104/0x1b4)
[    6.970570] [<c0009670>] (do_one_initcall) from [<c05c7d08>] (kernel_init_freeable+0xf0/0x1b0)
[    6.970756] [<c05c7d08>] (kernel_init_freeable) from [<c040f28c>] (kernel_init+0x8/0xe4)
[    6.970930] [<c040f28c>] (kernel_init) from [<c0016da8>] (ret_from_fork+0x14/0x2c)
[    6.971119] ---[ end trace 5ec041f8c72dfffc ]---
[    6.971296] firmadyne: Cannot create device class: gpio!
[    6.973235] firmadyne: Cannot register character device: watchdog, 0xa, 0x82!
[    6.973433] firmadyne: Cannot register character device: wdt, 0xfd, 0x0!
[    7.055415] PCI host bridge /pcie@10000000 ranges:
[    8.126181]    IO 0x3eff0000..0x3effffff -> 0x00000000
[    8.126613]   MEM 0x10000000..0x3efeffff -> 0x10000000
[    8.126753]   MEM 0x8000000000..0xffffffffff -> 0x8000000000
[    8.127495] pci-host-generic 3f000000.pcie: resource collision: [mem 0x00000000-0xffffffff] conflicts with /pl011@9000000 [mem 0x09000000-0x09000fff]
[    8.128255] pci-host-generic: probe of 3f000000.pcie failed with error -16
[    8.140422] Non-volatile memory driver v1.3
[   10.397689] cfg80211: Calling CRDA to update world regulatory domain
[   10.417069] brd: module loaded
[   10.427108] loop: module loaded
[   10.441089]  vda: vda1
[   10.453294] 0.flash: Found 2 x16 devices at 0x0 in 32-bit bank. Manufacturer ID 0x000000 Chip ID 0x000000
[   10.453955] Intel/Sharp Extended Query Table at 0x0031
[   10.455109] Using buffer write method
[   10.456773] erase region 0: offset=0x0,size=0x40000,blocks=256
[   10.463940] 0.flash: Found 2 x16 devices at 0x0 in 32-bit bank. Manufacturer ID 0x000000 Chip ID 0x000000
[   10.464172] Intel/Sharp Extended Query Table at 0x0031
[   10.464925] Using buffer write method
[   10.465042] erase region 0: offset=0x0,size=0x40000,blocks=256
[   10.465243] Concatenating MTD devices:
[   10.465352] (0): "0.flash"
[   10.465427] (1): "0.flash"
[   10.465512] into device "0.flash"
[   12.642291] [nandsim] warning: read_byte: unexpected data output cycle, state is STATE_READY return 0x0
[   12.642655] [nandsim] warning: read_byte: unexpected data output cycle, state is STATE_READY return 0x0
[   12.642850] [nandsim] warning: read_byte: unexpected data output cycle, state is STATE_READY return 0x0
[   12.643032] [nandsim] warning: read_byte: unexpected data output cycle, state is STATE_READY return 0x0
[   12.643212] [nandsim] warning: read_byte: unexpected data output cycle, state is STATE_READY return 0x0
[   12.643392] [nandsim] warning: read_byte: unexpected data output cycle, state is STATE_READY return 0x0
[   12.643831] nand: device found, Manufacturer ID: 0x98, Chip ID: 0x39
[   12.643987] nand: Toshiba NAND 128MiB 1,8V 8-bit
[   12.644114] nand: 128 MiB, SLC, erase size: 16 KiB, page size: 512, OOB size: 16
[   12.645050] flash size: 128 MiB
[   12.645138] page size: 512 bytes
[   12.645216] OOB area size: 16 bytes
[   12.645298] sector size: 16 KiB
[   12.645376] pages number: 262144
[   12.645452] pages per sector: 32
[   12.645539] bus width: 8
[   12.645604] bits in sector size: 14
[   12.645684] bits in page size: 9
[   12.645763] bits in OOB size: 4
[   12.645856] flash size with OOB: 135168 KiB
[   12.645965] page address bytes: 4
[   12.646042] sector address bytes: 3
[   12.646122] options: 0x42
[   13.753789] Scanning device for bad blocks
[   13.861474] cfg80211: Calling CRDA to update world regulatory domain
[   13.862715] firmadyne: do_execve: /firmadyne/console
[   13.862923] OFFSETS: offset of pid: 0x190 offset of comm: 0x270
[   13.863431] Creating 11 MTD partitions on "NAND 128MiB 1,8V 8-bit":
[   13.863856] 0x000000000000-0x000000100000 : "NAND simulator partition 0"
[   13.866185] 0x000000100000-0x000000200000 : "NAND simulator partition 1"
[   13.867583] 0x000000200000-0x000000300000 : "NAND simulator partition 2"
[   13.868951] 0x000000300000-0x000000400000 : "NAND simulator partition 3"
[   13.870376] 0x000000400000-0x000000500000 : "NAND simulator partition 4"
[   13.871754] 0x000000500000-0x000000600000 : "NAND simulator partition 5"
[   13.873319] 0x000000600000-0x000000700000 : "NAND simulator partition 6"
[   13.874955] 0x000000700000-0x000000800000 : "NAND simulator partition 7"
[   13.876301] 0x000000800000-0x000000900000 : "NAND simulator partition 8"
[   13.877658] 0x000000900000-0x000000a00000 : "NAND simulator partition 9"
[   13.879053] 0x000000a00000-0x000008000000 : "NAND simulator partition 10"
[   13.884911] tun: Universal TUN/TAP device driver, 1.6
[   13.885053] tun: (C) 1999-2004 Max Krasnyansky <maxk@qualcomm.com>
[   18.334593] PPP generic driver version 2.4.2
[   18.335373] PPP BSD Compression module registered
[   18.335559] PPP Deflate Compression module registered
[   18.335802] PPP MPPE Compression module registered
[   18.335945] NET: Registered protocol family 24
[   18.336267] PPTP driver version 0.8.5
[   18.337184] cfg80211: Calling CRDA to update world regulatory domain
[   20.589103] usbcore: registered new interface driver usb-storage
[   20.592871] rtc-pl031 9010000.pl031: rtc core: registered pl031 as rtc0
[   20.593687] hidraw: raw HID events driver (C) Jiri Kosina
[   20.594245] usbcore: registered new interface driver usbhid
[   20.594385] usbhid: USB HID core driver
[   20.594884] Netfilter messages via NETLINK v0.30.
[   20.595578] nf_conntrack version 0.5.0 (3958 buckets, 15832 max)
[   20.597067] ctnetlink v0.93: registering with nfnetlink.
[   20.598543] ipip: IPv4 over IPv4 tunneling driver
[   20.600706] gre: GRE over IPv4 demultiplexor driver
[   20.600874] ip_gre: GRE over IPv4 tunneling driver
[   20.605812] ip_tables: (C) 2000-2006 Netfilter Core Team
[   20.607633] arp_tables: (C) 2002 David S. Miller
[   20.608782] Initializing XFRM netlink socket
[   20.609342] NET: Registered protocol family 10
[   20.617037] ip6_tables: (C) 2000-2006 Netfilter Core Team
[   20.619035] sit: IPv6 over IPv4 tunneling driver
[   20.623214] NET: Registered protocol family 17
[   20.623884] bridge: automatic filtering via arp/ip/ip6tables has been deprecated. Update your scripts to load br_netfilter if you need this.
[   20.624270] Bridge firewalling registered
[   20.624419] Ebtables v2.0 registered
[   20.625697] 8021q: 802.1Q VLAN Support v1.8
[   20.626392] Registering SWP/SWPB emulation handler
[   20.629278] rtc-pl031 9010000.pl031: setting system clock to 2018-07-19 14:42:58 UTC (1532011378)
[   22.839764] cfg80211: Calling CRDA to update world regulatory domain
[   22.840632] EXT4-fs (vda1): couldn't mount as ext3 due to feature incompatibilities
[   22.842365] EXT4-fs (vda1): mounting ext2 file system using the ext4 subsystem
[   22.852231] EXT4-fs (vda1): warning: mounting unchecked fs, running e2fsck is recommended
[   22.855430] EXT4-fs (vda1): mounted filesystem without journal. Opts: (null)
[   22.856562] VFS: Mounted root (ext2 filesystem) on device 254:1.
[   22.878128] Freeing unused kernel memory: 180K (c05c7000 - c05f4000)
[   25.160915] random: sh urandom read with 3 bits of entropy available
/ # [   25.983402] cfg80211: Calling CRDA to update world regulatory domain
[   29.133250] cfg80211: Calling CRDA to update world regulatory domain
[   32.285561] cfg80211: Calling CRDA to update world regulatory domain
