>> Database Image ID: 207

/home/zhumengfan/firmware/firmwares/87bc44ddcdee4a29d229b46034be3e44e2ace49e.trx
>> MD5: 79cb72083caeb1b8b881366e06ef6177
>> Tag: 207
>> Temp: /tmp/tmpOeOgoh
>> Status: Kernel: True, Rootfs: False, Do_Kernel: False,                 Do_Rootfs: True
>>>> Squashfs filesystem, little endian, version 4.0, compression:xz, size: 8628372 bytes, 1233 inodes, blocksize: 131072 bytes, created: 2014-10-07 10:32:35
>>>> Found Linux filesystem in /tmp/tmpOeOgoh/_87bc44ddcdee4a29d229b46034be3e44e2ace49e.trx.extracted/squashfs-root!
>> Skipping: completed!
>> Cleaning up /tmp/tmpOeOgoh...
./bin/busybox: armel
Querying database for architecture... armel
----Running----
----Copying Filesystem Tarball----
----Creating QEMU Image----
Formatting '/home/zhumengfan/firmadyne//scratch//207//image.raw', fmt=raw size=1073741824
----Creating Partition Table----

Welcome to fdisk (util-linux 2.27.1).
Changes will remain in memory only, until you decide to write them.
Be careful before using the write command.

Device does not contain a recognized partition table.
Created a new DOS disklabel with disk identifier 0x8d603f8b.

Command (m for help): Created a new DOS disklabel with disk identifier 0xdd945829.

Command (m for help): Partition type
   p   primary (0 primary, 0 extended, 4 free)
   e   extended (container for logical partitions)
Select (default p): Partition number (1-4, default 1): First sector (2048-2097151, default 2048): Last sector, +sectors or +size{K,M,G,T,P} (2048-2097151, default 2097151): 
Created a new partition 1 of type 'Linux' and of size 1023 MiB.

Command (m for help): The partition table has been altered.
Syncing disks.

----Mounting QEMU Image----
add map loop0p1 (252:0): 0 2095104 linear 7:0 2048
----Creating Filesystem----
mke2fs 1.42.13 (17-May-2015)
Discarding device blocks:   4096/261888             done                            
Creating filesystem with 261888 4k blocks and 65536 inodes
Filesystem UUID: 1c775fd6-09e1-4e5c-95aa-07265a85fd08
Superblock backups stored on blocks: 
	32768, 98304, 163840, 229376

Allocating group tables: 0/8   done                            
Writing inode tables: 0/8   done                            
Writing superblocks and filesystem accounting information: 0/8   done

----Making QEMU Image Mountpoint----
----Mounting QEMU Image Partition 1----
----Extracting Filesystem Tarball----
----Creating FIRMADYNE Directories----
----Patching Filesystem (chroot)----
Creating /etc/TZ!
Creating /etc/hosts!
Creating /etc/passwd!
Warning: Recreating device nodes!
Removing /etc/scripts/sys_resetbutton!
----Setting up FIRMADYNE----
----Unmounting QEMU Image----
loop deleted : /dev/loop0
Querying database for architecture... armel
Running firmware 207: terminating after 60 secs...
qemu-system-arm: terminating on signal 2 from pid 172727 (timeout)
Inferring network...
Interfaces: []
Done!
[    0.000000] Booting Linux on physical CPU 0x0
[    0.000000] Linux version 4.1.17+ (vagrant@vagrant-ubuntu-trusty-64) (gcc version 5.3.0 (GCC) ) #1 Thu Feb 18 01:05:21 UTC 2016
[    0.000000] CPU: ARMv7 Processor [412fc0f1] revision 1 (ARMv7), cr=10c5387d
[    0.000000] CPU: PIPT / VIPT nonaliasing data cache, PIPT instruction cache
[    0.000000] Machine model: linux,dummy-virt
[    0.000000] debug: ignoring loglevel setting.
[    0.000000] Memory policy: Data cache writeback
[    0.000000] On node 0 totalpages: 65536
[    0.000000] free_area_init_node: node 0, pgdat c061dfe8, node_mem_map cfdf9000
[    0.000000]   Normal zone: 512 pages used for memmap
[    0.000000]   Normal zone: 0 pages reserved
[    0.000000]   Normal zone: 65536 pages, LIFO batch:15
[    0.000000] psci: probing for conduit method from DT.
[    0.000000] psci: PSCIv0.2 detected in firmware.
[    0.000000] psci: Using standard PSCI v0.2 function IDs
[    0.000000] CPU: All CPU(s) started in SVC mode.
[    0.000000] pcpu-alloc: s0 r0 d32768 u32768 alloc=1*32768
[    0.000000] pcpu-alloc: [0] 0 
[    0.000000] Built 1 zonelists in Zone order, mobility grouping on.  Total pages: 65024
[    0.000000] Kernel command line: firmadyne.syscall=1 root=/dev/vda1 console=ttyS0 nandsim.parts=64,64,64,64,64,64,64,64,64,64 rdinit=/firmadyne/preInit.sh rw debug ignore_loglevel print-fatal-signals=1 user_debug=31
[    0.000000] PID hash table entries: 1024 (order: 0, 4096 bytes)
[    0.000000] Dentry cache hash table entries: 32768 (order: 5, 131072 bytes)
[    0.000000] Inode-cache hash table entries: 16384 (order: 4, 65536 bytes)
[    0.000000] Memory: 253340K/262144K available (4297K kernel code, 170K rwdata, 1584K rodata, 180K init, 148K bss, 8804K reserved, 0K cma-reserved)
[    0.000000] Virtual kernel memory layout:
[    0.000000]     vector  : 0xffff0000 - 0xffff1000   (   4 kB)
[    0.000000]     fixmap  : 0xffc00000 - 0xfff00000   (3072 kB)
[    0.000000]     vmalloc : 0xd0800000 - 0xff000000   ( 744 MB)
[    0.000000]     lowmem  : 0xc0000000 - 0xd0000000   ( 256 MB)
[    0.000000]     modules : 0xbf000000 - 0xc0000000   (  16 MB)
[    0.000000]       .text : 0xc0008000 - 0xc05c67bc   (5882 kB)
[    0.000000]       .init : 0xc05c7000 - 0xc05f4000   ( 180 kB)
[    0.000000]       .data : 0xc05f4000 - 0xc061e840   ( 171 kB)
[    0.000000]        .bss : 0xc0621000 - 0xc06462d4   ( 149 kB)
[    0.000000] NR_IRQS:16 nr_irqs:16 16
[    0.000000] Architected cp15 timer(s) running at 62.50MHz (virt).
[    0.000000] clocksource arch_sys_counter: mask: 0xffffffffffffff max_cycles: 0x1cd42e208c, max_idle_ns: 881590405314 ns
[    0.000157] sched_clock: 56 bits at 62MHz, resolution 16ns, wraps every 4398046511096ns
[    0.000296] Switching to timer-based delay loop, resolution 16ns
[    0.003445] Console: colour dummy device 80x30
[    0.003780] Calibrating delay loop (skipped), value calculated using timer frequency.. 125.00 BogoMIPS (lpj=625000)
[    0.003914] pid_max: default: 32768 minimum: 301
[    0.004858] Mount-cache hash table entries: 1024 (order: 0, 4096 bytes)
[    0.004897] Mountpoint-cache hash table entries: 1024 (order: 0, 4096 bytes)
[    0.637184] CPU: Testing write buffer coherency: ok
[    0.643527] Setting up static identity map for 0x40008240 - 0x40008298
[    0.658949] VFP support v0.3: implementor 41 architecture 4 part 30 variant f rev 0
[    0.671044] clocksource jiffies: mask: 0xffffffff max_cycles: 0xffffffff, max_idle_ns: 19112604462750000 ns
[    1.438973] NET: Registered protocol family 16
[    1.442389] DMA: preallocated 256 KiB pool for atomic coherent allocations
[    1.446691] cpuidle: using governor ladder
[    1.446847] cpuidle: using governor menu
[    1.467715] Serial: AMBA PL011 UART driver
[    1.470052] 9000000.pl011: ttyS0 at MMIO 0x9000000 (irq = 54, base_baud = 0) is a PL011 rev1
[    1.477684] console [ttyS0] enabled
[    2.706950] vgaarb: loaded
[    2.708584] SCSI subsystem initialized
[    2.709685] usbcore: registered new interface driver usbfs
[    2.710045] usbcore: registered new interface driver hub
[    2.710384] usbcore: registered new device driver usb
[    2.719916] cfg80211: Calling CRDA to update world regulatory domain
[    2.722248] Switched to clocksource arch_sys_counter
[    2.740279] NET: Registered protocol family 2
[    2.745738] TCP established hash table entries: 2048 (order: 1, 8192 bytes)
[    2.746005] TCP bind hash table entries: 2048 (order: 1, 8192 bytes)
[    2.746309] TCP: Hash tables configured (established 2048 bind 2048)
[    2.746866] UDP hash table entries: 256 (order: 0, 4096 bytes)
[    2.747109] UDP-Lite hash table entries: 256 (order: 0, 4096 bytes)
[    2.748536] NET: Registered protocol family 1
[    2.748981] PCI: CLS 0 bytes, default 64
[    2.756374] NetWinder Floating Point Emulator V0.97 (extended precision)
[    2.759102] futex hash table entries: 256 (order: -1, 3072 bytes)
[    2.764683] squashfs: version 4.0 (2009/01/31) Phillip Lougher
[    3.833325] jffs2: version 2.2. (NAND) © 2001-2006 Red Hat, Inc.
[    3.834164] romfs: ROMFS MTD (C) 2007 Red Hat, Inc.
[    3.843210] Block layer SCSI generic (bsg) driver version 0.4 loaded (major 253)
[    3.843556] io scheduler noop registered
[    3.843780] io scheduler cfq registered (default)
[    3.844443] firmadyne: devfs: 1, execute: 1, procfs: 1, syscall: 1
[    3.845762] ------------[ cut here ]------------
[    3.845967] WARNING: CPU: 0 PID: 1 at /home/vagrant/firmadyne-kernel/kernel-v4.1/fs/sysfs/dir.c:31 sysfs_warn_dup+0x50/0x6c()
[    3.846190] sysfs: cannot create duplicate filename '/class/gpio'
[    3.846355] Modules linked in:
[    3.846685] CPU: 0 PID: 1 Comm: swapper Not tainted 4.1.17+ #1
[    3.846819] Hardware name: Generic DT based system
[    3.847498] [<c001c99c>] (unwind_backtrace) from [<c0019d30>] (show_stack+0x10/0x14)
[    3.847769] [<c0019d30>] (show_stack) from [<c0024ab4>] (warn_slowpath_common+0x80/0xa8)
[    3.847963] [<c0024ab4>] (warn_slowpath_common) from [<c0024b08>] (warn_slowpath_fmt+0x2c/0x3c)
[    3.848196] [<c0024b08>] (warn_slowpath_fmt) from [<c00e363c>] (sysfs_warn_dup+0x50/0x6c)
[    3.848372] [<c00e363c>] (sysfs_warn_dup) from [<c00e3714>] (sysfs_create_dir_ns+0x74/0x84)
[    3.848550] [<c00e3714>] (sysfs_create_dir_ns) from [<c018e6ac>] (kobject_add_internal+0xb8/0x2ac)
[    3.848735] [<c018e6ac>] (kobject_add_internal) from [<c018e9a8>] (kset_register+0x1c/0x44)
[    3.848911] [<c018e9a8>] (kset_register) from [<c02090b4>] (__class_register+0xa8/0x198)
[    3.849084] [<c02090b4>] (__class_register) from [<c02091e4>] (__class_create+0x40/0x70)
[    3.849254] [<c02091e4>] (__class_create) from [<c01adf68>] (register_devfs_stubs+0x314/0xbb4)
[    3.849433] [<c01adf68>] (register_devfs_stubs) from [<c05d9b08>] (init_module+0x28/0xa4)
[    3.849631] [<c05d9b08>] (init_module) from [<c0009670>] (do_one_initcall+0x104/0x1b4)
[    3.849798] [<c0009670>] (do_one_initcall) from [<c05c7d08>] (kernel_init_freeable+0xf0/0x1b0)
[    3.849982] [<c05c7d08>] (kernel_init_freeable) from [<c040f28c>] (kernel_init+0x8/0xe4)
[    3.850148] [<c040f28c>] (kernel_init) from [<c0016da8>] (ret_from_fork+0x14/0x2c)
[    3.850430] ---[ end trace c7d20526f09a4e17 ]---
[    3.850626] ------------[ cut here ]------------
[    3.850738] WARNING: CPU: 0 PID: 1 at /home/vagrant/firmadyne-kernel/kernel-v4.1/lib/kobject.c:240 kobject_add_internal+0x240/0x2ac()
[    3.850954] kobject_add_internal failed for gpio with -EEXIST, don't try to register things with the same name in the same directory.
[    3.851163] Modules linked in:
[    3.851307] CPU: 0 PID: 1 Comm: swapper Tainted: G        W       4.1.17+ #1
[    3.851441] Hardware name: Generic DT based system
[    3.851559] [<c001c99c>] (unwind_backtrace) from [<c0019d30>] (show_stack+0x10/0x14)
[    3.851722] [<c0019d30>] (show_stack) from [<c0024ab4>] (warn_slowpath_common+0x80/0xa8)
[    3.851890] [<c0024ab4>] (warn_slowpath_common) from [<c0024b08>] (warn_slowpath_fmt+0x2c/0x3c)
[    3.852273] [<c0024b08>] (warn_slowpath_fmt) from [<c018e834>] (kobject_add_internal+0x240/0x2ac)
[    3.852474] [<c018e834>] (kobject_add_internal) from [<c018e9a8>] (kset_register+0x1c/0x44)
[    3.852643] [<c018e9a8>] (kset_register) from [<c02090b4>] (__class_register+0xa8/0x198)
[    3.852809] [<c02090b4>] (__class_register) from [<c02091e4>] (__class_create+0x40/0x70)
[    3.852979] [<c02091e4>] (__class_create) from [<c01adf68>] (register_devfs_stubs+0x314/0xbb4)
[    3.853156] [<c01adf68>] (register_devfs_stubs) from [<c05d9b08>] (init_module+0x28/0xa4)
[    3.853325] [<c05d9b08>] (init_module) from [<c0009670>] (do_one_initcall+0x104/0x1b4)
[    3.853489] [<c0009670>] (do_one_initcall) from [<c05c7d08>] (kernel_init_freeable+0xf0/0x1b0)
[    3.853661] [<c05c7d08>] (kernel_init_freeable) from [<c040f28c>] (kernel_init+0x8/0xe4)
[    3.853823] [<c040f28c>] (kernel_init) from [<c0016da8>] (ret_from_fork+0x14/0x2c)
[    3.853995] ---[ end trace c7d20526f09a4e18 ]---
[    3.854159] firmadyne: Cannot create device class: gpio!
[    3.855955] firmadyne: Cannot register character device: watchdog, 0xa, 0x82!
[    3.856134] firmadyne: Cannot register character device: wdt, 0xfd, 0x0!
[    3.937005] PCI host bridge /pcie@10000000 ranges:
[    3.937570]    IO 0x3eff0000..0x3effffff -> 0x00000000
[    3.937940]   MEM 0x10000000..0x3efeffff -> 0x10000000
[    3.938069]   MEM 0x8000000000..0xffffffffff -> 0x8000000000
[    3.938746] pci-host-generic 3f000000.pcie: resource collision: [mem 0x00000000-0xffffffff] conflicts with /pl011@9000000 [mem 0x09000000-0x09000fff]
[    3.939442] pci-host-generic: probe of 3f000000.pcie failed with error -16
[    3.950848] Non-volatile memory driver v1.3
[    5.252845] brd: module loaded
[    5.262964] loop: module loaded
[    6.129190] cfg80211: Calling CRDA to update world regulatory domain
[    6.834336]  vda: vda1
[    6.847241] 0.flash: Found 2 x16 devices at 0x0 in 32-bit bank. Manufacturer ID 0x000000 Chip ID 0x000000
[    6.847919] Intel/Sharp Extended Query Table at 0x0031
[    6.849078] Using buffer write method
[    6.850784] erase region 0: offset=0x0,size=0x40000,blocks=256
[    6.858542] 0.flash: Found 2 x16 devices at 0x0 in 32-bit bank. Manufacturer ID 0x000000 Chip ID 0x000000
[    6.858796] Intel/Sharp Extended Query Table at 0x0031
[    6.859602] Using buffer write method
[    6.859717] erase region 0: offset=0x0,size=0x40000,blocks=256
[    6.859931] Concatenating MTD devices:
[    6.860049] (0): "0.flash"
[    6.860121] (1): "0.flash"
[    6.860185] into device "0.flash"
[    6.871456] [nandsim] warning: read_byte: unexpected data output cycle, state is STATE_READY return 0x0
[    6.871695] [nandsim] warning: read_byte: unexpected data output cycle, state is STATE_READY return 0x0
[    6.871868] [nandsim] warning: read_byte: unexpected data output cycle, state is STATE_READY return 0x0
[    6.872466] [nandsim] warning: read_byte: unexpected data output cycle, state is STATE_READY return 0x0
[    6.872650] [nandsim] warning: read_byte: unexpected data output cycle, state is STATE_READY return 0x0
[    6.872820] [nandsim] warning: read_byte: unexpected data output cycle, state is STATE_READY return 0x0
[    6.873274] nand: device found, Manufacturer ID: 0x98, Chip ID: 0x39
[    6.873413] nand: Toshiba NAND 128MiB 1,8V 8-bit
[    6.873532] nand: 128 MiB, SLC, erase size: 16 KiB, page size: 512, OOB size: 16
[    6.874488] flash size: 128 MiB
[    6.874572] page size: 512 bytes
[    6.874646] OOB area size: 16 bytes
[    6.874724] sector size: 16 KiB
[    6.874794] pages number: 262144
[    6.874865] pages per sector: 32
[    6.874935] bus width: 8
[    6.874994] bits in sector size: 14
[    6.875069] bits in page size: 9
[    6.875144] bits in OOB size: 4
[    6.875222] flash size with OOB: 135168 KiB
[    6.875310] page address bytes: 4
[    6.875382] sector address bytes: 3
[    6.875458] options: 0x42
[    7.746473] Scanning device for bad blocks
[    7.855465] firmadyne: do_execve: /firmadyne/console
[    7.855696] OFFSETS: offset of pid: 0x190 offset of comm: 0x270
[    7.856162] Creating 11 MTD partitions on "NAND 128MiB 1,8V 8-bit":
[    7.856586] 0x000000000000-0x000000100000 : "NAND simulator partition 0"
[    7.858926] 0x000000100000-0x000000200000 : "NAND simulator partition 1"
[    7.860315] 0x000000200000-0x000000300000 : "NAND simulator partition 2"
[    7.861678] 0x000000300000-0x000000400000 : "NAND simulator partition 3"
[    7.863292] 0x000000400000-0x000000500000 : "NAND simulator partition 4"
[    7.864668] 0x000000500000-0x000000600000 : "NAND simulator partition 5"
[    7.866050] 0x000000600000-0x000000700000 : "NAND simulator partition 6"
[    7.867681] 0x000000700000-0x000000800000 : "NAND simulator partition 7"
[    7.869019] 0x000000800000-0x000000900000 : "NAND simulator partition 8"
[    7.870365] 0x000000900000-0x000000a00000 : "NAND simulator partition 9"
[    7.871766] 0x000000a00000-0x000008000000 : "NAND simulator partition 10"
[    7.877591] tun: Universal TUN/TAP device driver, 1.6
[    7.877735] tun: (C) 1999-2004 Max Krasnyansky <maxk@qualcomm.com>
[    9.833057] PPP generic driver version 2.4.2
[    9.833845] PPP BSD Compression module registered
[    9.834026] PPP Deflate Compression module registered
[    9.834271] PPP MPPE Compression module registered
[    9.834430] NET: Registered protocol family 24
[    9.834765] PPTP driver version 0.8.5
[    9.835604] cfg80211: Calling CRDA to update world regulatory domain
[   10.456080] usbcore: registered new interface driver usb-storage
[   10.459774] rtc-pl031 9010000.pl031: rtc core: registered pl031 as rtc0
[   10.460568] hidraw: raw HID events driver (C) Jiri Kosina
[   10.461134] usbcore: registered new interface driver usbhid
[   10.461264] usbhid: USB HID core driver
[   10.461747] Netfilter messages via NETLINK v0.30.
[   10.462577] nf_conntrack version 0.5.0 (3958 buckets, 15832 max)
[   10.464061] ctnetlink v0.93: registering with nfnetlink.
[   10.465532] ipip: IPv4 over IPv4 tunneling driver
[   10.467741] gre: GRE over IPv4 demultiplexor driver
[   10.467907] ip_gre: GRE over IPv4 tunneling driver
[   10.472947] ip_tables: (C) 2000-2006 Netfilter Core Team
[   10.474723] arp_tables: (C) 2002 David S. Miller
[   10.475799] Initializing XFRM netlink socket
[   10.476338] NET: Registered protocol family 10
[   11.845898] ip6_tables: (C) 2000-2006 Netfilter Core Team
[   11.847734] sit: IPv6 over IPv4 tunneling driver
[   11.851554] NET: Registered protocol family 17
[   11.852370] bridge: automatic filtering via arp/ip/ip6tables has been deprecated. Update your scripts to load br_netfilter if you need this.
[   11.852720] Bridge firewalling registered
[   11.852862] Ebtables v2.0 registered
[   11.854111] 8021q: 802.1Q VLAN Support v1.8
[   11.854802] Registering SWP/SWPB emulation handler
[   11.857665] rtc-pl031 9010000.pl031: setting system clock to 2018-07-19 15:23:49 UTC (1532013829)
[   11.868474] EXT4-fs (vda1): couldn't mount as ext3 due to feature incompatibilities
[   11.870288] EXT4-fs (vda1): mounting ext2 file system using the ext4 subsystem
[   11.881713] EXT4-fs (vda1): mounted filesystem without journal. Opts: (null)
[   11.882999] VFS: Mounted root (ext2 filesystem) on device 254:1.
[   11.901482] Freeing unused kernel memory: 180K (c05c7000 - c05f4000)
[   12.665541] random: sh urandom read with 2 bits of entropy available
[   12.986789] cfg80211: Calling CRDA to update world regulatory domain
/ # [   16.133148] cfg80211: Calling CRDA to update world regulatory domain
[   19.283077] cfg80211: Calling CRDA to update world regulatory domain
[   22.435446] cfg80211: Calling CRDA to update world regulatory domain
[   25.582862] cfg80211: Calling CRDA to update world regulatory domain
[   28.733491] cfg80211: Calling CRDA to update world regulatory domain
[   31.882653] cfg80211: Calling CRDA to update world regulatory domain
[   35.032712] cfg80211: Calling CRDA to update world regulatory domain
[   38.184910] cfg80211: Exceeded CRDA call max attempts. Not calling CRDA
Starting firmware emulation... use Ctrl-a + x to exit
qemu-system-arm: terminating on signal 2 from pid 172858 (timeout)
[    0.000000] Booting Linux on physical CPU 0x0
[    0.000000] Linux version 4.1.17+ (vagrant@vagrant-ubuntu-trusty-64) (gcc version 5.3.0 (GCC) ) #1 Thu Feb 18 01:05:21 UTC 2016
[    0.000000] CPU: ARMv7 Processor [412fc0f1] revision 1 (ARMv7), cr=10c5387d
[    0.000000] CPU: PIPT / VIPT nonaliasing data cache, PIPT instruction cache
[    0.000000] Machine model: linux,dummy-virt
[    0.000000] debug: ignoring loglevel setting.
[    0.000000] Memory policy: Data cache writeback
[    0.000000] On node 0 totalpages: 65536
[    0.000000] free_area_init_node: node 0, pgdat c061dfe8, node_mem_map cfdf9000
[    0.000000]   Normal zone: 512 pages used for memmap
[    0.000000]   Normal zone: 0 pages reserved
[    0.000000]   Normal zone: 65536 pages, LIFO batch:15
[    0.000000] psci: probing for conduit method from DT.
[    0.000000] psci: PSCIv0.2 detected in firmware.
[    0.000000] psci: Using standard PSCI v0.2 function IDs
[    0.000000] CPU: All CPU(s) started in SVC mode.
[    0.000000] pcpu-alloc: s0 r0 d32768 u32768 alloc=1*32768
[    0.000000] pcpu-alloc: [0] 0 
[    0.000000] Built 1 zonelists in Zone order, mobility grouping on.  Total pages: 65024
[    0.000000] Kernel command line: root=/dev/vda1 console=ttyS0 nandsim.parts=64,64,64,64,64,64,64,64,64,64 rdinit=/firmadyne/preInit.sh rw debug ignore_loglevel print-fatal-signals=1 user_debug=31 firmadyne.syscall=0
[    0.000000] PID hash table entries: 1024 (order: 0, 4096 bytes)
[    0.000000] Dentry cache hash table entries: 32768 (order: 5, 131072 bytes)
[    0.000000] Inode-cache hash table entries: 16384 (order: 4, 65536 bytes)
[    0.000000] Memory: 253340K/262144K available (4297K kernel code, 170K rwdata, 1584K rodata, 180K init, 148K bss, 8804K reserved, 0K cma-reserved)
[    0.000000] Virtual kernel memory layout:
[    0.000000]     vector  : 0xffff0000 - 0xffff1000   (   4 kB)
[    0.000000]     fixmap  : 0xffc00000 - 0xfff00000   (3072 kB)
[    0.000000]     vmalloc : 0xd0800000 - 0xff000000   ( 744 MB)
[    0.000000]     lowmem  : 0xc0000000 - 0xd0000000   ( 256 MB)
[    0.000000]     modules : 0xbf000000 - 0xc0000000   (  16 MB)
[    0.000000]       .text : 0xc0008000 - 0xc05c67bc   (5882 kB)
[    0.000000]       .init : 0xc05c7000 - 0xc05f4000   ( 180 kB)
[    0.000000]       .data : 0xc05f4000 - 0xc061e840   ( 171 kB)
[    0.000000]        .bss : 0xc0621000 - 0xc06462d4   ( 149 kB)
[    0.000000] NR_IRQS:16 nr_irqs:16 16
[    0.000000] Architected cp15 timer(s) running at 62.50MHz (virt).
[    0.000000] clocksource arch_sys_counter: mask: 0xffffffffffffff max_cycles: 0x1cd42e208c, max_idle_ns: 881590405314 ns
[    0.000159] sched_clock: 56 bits at 62MHz, resolution 16ns, wraps every 4398046511096ns
[    0.000301] Switching to timer-based delay loop, resolution 16ns
[    0.003440] Console: colour dummy device 80x30
[    0.003767] Calibrating delay loop (skipped), value calculated using timer frequency.. 125.00 BogoMIPS (lpj=625000)
[    0.003901] pid_max: default: 32768 minimum: 301
[    0.004827] Mount-cache hash table entries: 1024 (order: 0, 4096 bytes)
[    0.004870] Mountpoint-cache hash table entries: 1024 (order: 0, 4096 bytes)
[    0.014286] CPU: Testing write buffer coherency: ok
[    0.020650] Setting up static identity map for 0x40008240 - 0x40008298
[    0.211139] VFP support v0.3: implementor 41 architecture 4 part 30 variant f rev 0
[    0.222994] clocksource jiffies: mask: 0xffffffff max_cycles: 0xffffffff, max_idle_ns: 19112604462750000 ns
[    0.232087] NET: Registered protocol family 16
[    0.235224] DMA: preallocated 256 KiB pool for atomic coherent allocations
[    0.239390] cpuidle: using governor ladder
[    0.239552] cpuidle: using governor menu
[    1.567903] Serial: AMBA PL011 UART driver
[    1.570133] 9000000.pl011: ttyS0 at MMIO 0x9000000 (irq = 54, base_baud = 0) is a PL011 rev1
[    1.577822] console [ttyS0] enabled
[    1.601388] vgaarb: loaded
[    1.603139] SCSI subsystem initialized
[    1.604246] usbcore: registered new interface driver usbfs
[    1.604610] usbcore: registered new interface driver hub
[    1.604938] usbcore: registered new device driver usb
[    1.614372] cfg80211: Calling CRDA to update world regulatory domain
[    1.616719] Switched to clocksource arch_sys_counter
[    1.635281] NET: Registered protocol family 2
[    2.502465] TCP established hash table entries: 2048 (order: 1, 8192 bytes)
[    2.502765] TCP bind hash table entries: 2048 (order: 1, 8192 bytes)
[    2.503073] TCP: Hash tables configured (established 2048 bind 2048)
[    2.503639] UDP hash table entries: 256 (order: 0, 4096 bytes)
[    2.503888] UDP-Lite hash table entries: 256 (order: 0, 4096 bytes)
[    2.505389] NET: Registered protocol family 1
[    2.505855] PCI: CLS 0 bytes, default 64
[    2.513173] NetWinder Floating Point Emulator V0.97 (extended precision)
[    2.515972] futex hash table entries: 256 (order: -1, 3072 bytes)
[    2.521684] squashfs: version 4.0 (2009/01/31) Phillip Lougher
[    2.522740] jffs2: version 2.2. (NAND) © 2001-2006 Red Hat, Inc.
[    2.523532] romfs: ROMFS MTD (C) 2007 Red Hat, Inc.
[    2.532709] Block layer SCSI generic (bsg) driver version 0.4 loaded (major 253)
[    2.533068] io scheduler noop registered
[    2.533297] io scheduler cfq registered (default)
[    2.533976] firmadyne: devfs: 1, execute: 1, procfs: 1, syscall: 0
[    2.535348] ------------[ cut here ]------------
[    2.535553] WARNING: CPU: 0 PID: 1 at /home/vagrant/firmadyne-kernel/kernel-v4.1/fs/sysfs/dir.c:31 sysfs_warn_dup+0x50/0x6c()
[    2.535780] sysfs: cannot create duplicate filename '/class/gpio'
[    2.535938] Modules linked in:
[    2.536255] CPU: 0 PID: 1 Comm: swapper Not tainted 4.1.17+ #1
[    2.536573] Hardware name: Generic DT based system
[    2.537270] [<c001c99c>] (unwind_backtrace) from [<c0019d30>] (show_stack+0x10/0x14)
[    2.537541] [<c0019d30>] (show_stack) from [<c0024ab4>] (warn_slowpath_common+0x80/0xa8)
[    2.537737] [<c0024ab4>] (warn_slowpath_common) from [<c0024b08>] (warn_slowpath_fmt+0x2c/0x3c)
[    2.537969] [<c0024b08>] (warn_slowpath_fmt) from [<c00e363c>] (sysfs_warn_dup+0x50/0x6c)
[    2.538146] [<c00e363c>] (sysfs_warn_dup) from [<c00e3714>] (sysfs_create_dir_ns+0x74/0x84)
[    2.538360] [<c00e3714>] (sysfs_create_dir_ns) from [<c018e6ac>] (kobject_add_internal+0xb8/0x2ac)
[    2.538549] [<c018e6ac>] (kobject_add_internal) from [<c018e9a8>] (kset_register+0x1c/0x44)
[    2.538727] [<c018e9a8>] (kset_register) from [<c02090b4>] (__class_register+0xa8/0x198)
[    2.538900] [<c02090b4>] (__class_register) from [<c02091e4>] (__class_create+0x40/0x70)
[    2.539071] [<c02091e4>] (__class_create) from [<c01adf68>] (register_devfs_stubs+0x314/0xbb4)
[    2.539252] [<c01adf68>] (register_devfs_stubs) from [<c05d9b08>] (init_module+0x28/0xa4)
[    2.539459] [<c05d9b08>] (init_module) from [<c0009670>] (do_one_initcall+0x104/0x1b4)
[    2.539630] [<c0009670>] (do_one_initcall) from [<c05c7d08>] (kernel_init_freeable+0xf0/0x1b0)
[    2.539831] [<c05c7d08>] (kernel_init_freeable) from [<c040f28c>] (kernel_init+0x8/0xe4)
[    2.540006] [<c040f28c>] (kernel_init) from [<c0016da8>] (ret_from_fork+0x14/0x2c)
[    2.540260] ---[ end trace 8013af7db0842c4d ]---
[    2.540455] ------------[ cut here ]------------
[    2.540568] WARNING: CPU: 0 PID: 1 at /home/vagrant/firmadyne-kernel/kernel-v4.1/lib/kobject.c:240 kobject_add_internal+0x240/0x2ac()
[    2.540786] kobject_add_internal failed for gpio with -EEXIST, don't try to register things with the same name in the same directory.
[    2.540998] Modules linked in:
[    2.541143] CPU: 0 PID: 1 Comm: swapper Tainted: G        W       4.1.17+ #1
[    2.541279] Hardware name: Generic DT based system
[    2.541397] [<c001c99c>] (unwind_backtrace) from [<c0019d30>] (show_stack+0x10/0x14)
[    2.541560] [<c0019d30>] (show_stack) from [<c0024ab4>] (warn_slowpath_common+0x80/0xa8)
[    2.541730] [<c0024ab4>] (warn_slowpath_common) from [<c0024b08>] (warn_slowpath_fmt+0x2c/0x3c)
[    2.541908] [<c0024b08>] (warn_slowpath_fmt) from [<c018e834>] (kobject_add_internal+0x240/0x2ac)
[    2.542099] [<c018e834>] (kobject_add_internal) from [<c018e9a8>] (kset_register+0x1c/0x44)
[    2.542281] [<c018e9a8>] (kset_register) from [<c02090b4>] (__class_register+0xa8/0x198)
[    2.542453] [<c02090b4>] (__class_register) from [<c02091e4>] (__class_create+0x40/0x70)
[    2.542620] [<c02091e4>] (__class_create) from [<c01adf68>] (register_devfs_stubs+0x314/0xbb4)
[    2.542798] [<c01adf68>] (register_devfs_stubs) from [<c05d9b08>] (init_module+0x28/0xa4)
[    2.542968] [<c05d9b08>] (init_module) from [<c0009670>] (do_one_initcall+0x104/0x1b4)
[    2.543134] [<c0009670>] (do_one_initcall) from [<c05c7d08>] (kernel_init_freeable+0xf0/0x1b0)
[    2.543309] [<c05c7d08>] (kernel_init_freeable) from [<c040f28c>] (kernel_init+0x8/0xe4)
[    2.543472] [<c040f28c>] (kernel_init) from [<c0016da8>] (ret_from_fork+0x14/0x2c)
[    2.543642] ---[ end trace 8013af7db0842c4e ]---
[    2.543806] firmadyne: Cannot create device class: gpio!
[    2.545597] firmadyne: Cannot register character device: watchdog, 0xa, 0x82!
[    2.545775] firmadyne: Cannot register character device: wdt, 0xfd, 0x0!
[    2.627486] PCI host bridge /pcie@10000000 ranges:
[    2.628067]    IO 0x3eff0000..0x3effffff -> 0x00000000
[    2.628427]   MEM 0x10000000..0x3efeffff -> 0x10000000
[    2.628558]   MEM 0x8000000000..0xffffffffff -> 0x8000000000
[    2.629220] pci-host-generic 3f000000.pcie: resource collision: [mem 0x00000000-0xffffffff] conflicts with /pl011@9000000 [mem 0x09000000-0x09000fff]
[    2.629918] pci-host-generic: probe of 3f000000.pcie failed with error -16
[    2.642117] Non-volatile memory driver v1.3
[    5.100546] cfg80211: Calling CRDA to update world regulatory domain
[    5.120855] brd: module loaded
[    5.131503] loop: module loaded
[    6.315319]  vda: vda1
[    6.327346] 0.flash: Found 2 x16 devices at 0x0 in 32-bit bank. Manufacturer ID 0x000000 Chip ID 0x000000
[    6.327984] Intel/Sharp Extended Query Table at 0x0031
[    6.329134] Using buffer write method
[    6.330810] erase region 0: offset=0x0,size=0x40000,blocks=256
[    6.338036] 0.flash: Found 2 x16 devices at 0x0 in 32-bit bank. Manufacturer ID 0x000000 Chip ID 0x000000
[    6.338271] Intel/Sharp Extended Query Table at 0x0031
[    6.339031] Using buffer write method
[    6.339144] erase region 0: offset=0x0,size=0x40000,blocks=256
[    6.339340] Concatenating MTD devices:
[    6.339441] (0): "0.flash"
[    6.339512] (1): "0.flash"
[    6.339576] into device "0.flash"
[    6.350609] [nandsim] warning: read_byte: unexpected data output cycle, state is STATE_READY return 0x0
[    6.350837] [nandsim] warning: read_byte: unexpected data output cycle, state is STATE_READY return 0x0
[    6.351012] [nandsim] warning: read_byte: unexpected data output cycle, state is STATE_READY return 0x0
[    6.351182] [nandsim] warning: read_byte: unexpected data output cycle, state is STATE_READY return 0x0
[    6.351351] [nandsim] warning: read_byte: unexpected data output cycle, state is STATE_READY return 0x0
[    6.351520] [nandsim] warning: read_byte: unexpected data output cycle, state is STATE_READY return 0x0
[    6.351932] nand: device found, Manufacturer ID: 0x98, Chip ID: 0x39
[    6.352078] nand: Toshiba NAND 128MiB 1,8V 8-bit
[    6.352198] nand: 128 MiB, SLC, erase size: 16 KiB, page size: 512, OOB size: 16
[    6.353083] flash size: 128 MiB
[    6.353166] page size: 512 bytes
[    6.353240] OOB area size: 16 bytes
[    6.353317] sector size: 16 KiB
[    6.353387] pages number: 262144
[    6.353461] pages per sector: 32
[    6.353532] bus width: 8
[    6.353591] bits in sector size: 14
[    6.353666] bits in page size: 9
[    6.353740] bits in OOB size: 4
[    6.353815] flash size with OOB: 135168 KiB
[    6.353901] page address bytes: 4
[    6.353973] sector address bytes: 3
[    6.354049] options: 0x42
[    6.359076] Scanning device for bad blocks
[    6.465676] firmadyne: do_execve: /firmadyne/console
[    6.465901] OFFSETS: offset of pid: 0x190 offset of comm: 0x270
[    6.466380] Creating 11 MTD partitions on "NAND 128MiB 1,8V 8-bit":
[    6.466911] 0x000000000000-0x000000100000 : "NAND simulator partition 0"
[    6.469197] 0x000000100000-0x000000200000 : "NAND simulator partition 1"
[    6.470672] 0x000000200000-0x000000300000 : "NAND simulator partition 2"
[    6.472113] 0x000000300000-0x000000400000 : "NAND simulator partition 3"
[    6.473602] 0x000000400000-0x000000500000 : "NAND simulator partition 4"
[    6.475057] 0x000000500000-0x000000600000 : "NAND simulator partition 5"
[    6.476659] 0x000000600000-0x000000700000 : "NAND simulator partition 6"
[    6.478370] 0x000000700000-0x000000800000 : "NAND simulator partition 7"
[    6.479772] 0x000000800000-0x000000900000 : "NAND simulator partition 8"
[    6.481195] 0x000000900000-0x000000a00000 : "NAND simulator partition 9"
[    6.482735] 0x000000a00000-0x000008000000 : "NAND simulator partition 10"
[    6.488557] tun: Universal TUN/TAP device driver, 1.6
[    6.488685] tun: (C) 1999-2004 Max Krasnyansky <maxk@qualcomm.com>
[    9.212073] PPP generic driver version 2.4.2
[    9.212895] PPP BSD Compression module registered
[    9.213087] PPP Deflate Compression module registered
[    9.213336] PPP MPPE Compression module registered
[    9.213472] NET: Registered protocol family 24
[    9.213808] PPTP driver version 0.8.5
[    9.214841] cfg80211: Calling CRDA to update world regulatory domain
[    9.437863] usbcore: registered new interface driver usb-storage
[    9.441532] rtc-pl031 9010000.pl031: rtc core: registered pl031 as rtc0
[    9.442355] hidraw: raw HID events driver (C) Jiri Kosina
[    9.442946] usbcore: registered new interface driver usbhid
[    9.443078] usbhid: USB HID core driver
[    9.443587] Netfilter messages via NETLINK v0.30.
[    9.444254] nf_conntrack version 0.5.0 (3958 buckets, 15832 max)
[    9.445780] ctnetlink v0.93: registering with nfnetlink.
[    9.447494] ipip: IPv4 over IPv4 tunneling driver
[    9.449773] gre: GRE over IPv4 demultiplexor driver
[    9.449937] ip_gre: GRE over IPv4 tunneling driver
[    9.454823] ip_tables: (C) 2000-2006 Netfilter Core Team
[    9.456803] arp_tables: (C) 2002 David S. Miller
[    9.457928] Initializing XFRM netlink socket
[    9.458521] NET: Registered protocol family 10
[    9.465923] ip6_tables: (C) 2000-2006 Netfilter Core Team
[    9.467968] sit: IPv6 over IPv4 tunneling driver
[    9.472123] NET: Registered protocol family 17
[    9.472868] bridge: automatic filtering via arp/ip/ip6tables has been deprecated. Update your scripts to load br_netfilter if you need this.
[    9.473246] Bridge firewalling registered
[    9.473410] Ebtables v2.0 registered
[    9.474701] 8021q: 802.1Q VLAN Support v1.8
[    9.475368] Registering SWP/SWPB emulation handler
[    9.478530] rtc-pl031 9010000.pl031: setting system clock to 2018-07-19 15:24:48 UTC (1532013888)
[    9.517821] EXT4-fs (vda1): couldn't mount as ext3 due to feature incompatibilities
[    9.520150] EXT4-fs (vda1): mounting ext2 file system using the ext4 subsystem
[    9.529570] EXT4-fs (vda1): warning: mounting unchecked fs, running e2fsck is recommended
[    9.532607] EXT4-fs (vda1): mounted filesystem without journal. Opts: (null)
[    9.533766] VFS: Mounted root (ext2 filesystem) on device 254:1.
[    9.552500] Freeing unused kernel memory: 180K (c05c7000 - c05f4000)
[    9.616182] random: sh urandom read with 2 bits of entropy available
/ # [   12.357779] cfg80211: Calling CRDA to update world regulatory domain
[   15.506811] cfg80211: Calling CRDA to update world regulatory domain
[   18.657142] cfg80211: Calling CRDA to update world regulatory domain
[   21.806987] cfg80211: Calling CRDA to update world regulatory domain
[   24.959117] cfg80211: Calling CRDA to update world regulatory domain
[   28.108412] cfg80211: Calling CRDA to update world regulatory domain
[   31.257545] cfg80211: Calling CRDA to update world regulatory domain
[   34.407627] cfg80211: Calling CRDA to update world regulatory domain
[   37.556917] cfg80211: Exceeded CRDA call max attempts. Not calling CRDA
