>> Database Image ID: 135

/home/zhumengfan/firmware/firmwares/891dde1a32bec10214b3abe43d06b580463e1fbe.trx
>> MD5: f054df8cc076669c115a582f0e0a1550
>> Tag: 135
>> Temp: /tmp/tmpIEoXsD
>> Status: Kernel: True, Rootfs: False, Do_Kernel: False,                 Do_Rootfs: True
>>>> Squashfs filesystem, little endian, version 4.0, compression:xz, size: 11672572 bytes, 1369 inodes, blocksize: 131072 bytes, created: 2014-06-09 15:41:15
>>>> Found Linux filesystem in /tmp/tmpIEoXsD/_891dde1a32bec10214b3abe43d06b580463e1fbe.trx.extracted/squashfs-root!
>> Skipping: completed!
>> Cleaning up /tmp/tmpIEoXsD...
./bin/busybox: armel
Querying database for architecture... armel
----Running----
----Copying Filesystem Tarball----
----Creating QEMU Image----
Formatting '/home/zhumengfan/firmadyne//scratch//135//image.raw', fmt=raw size=1073741824
----Creating Partition Table----

Welcome to fdisk (util-linux 2.27.1).
Changes will remain in memory only, until you decide to write them.
Be careful before using the write command.

Device does not contain a recognized partition table.
Created a new DOS disklabel with disk identifier 0xb5cd4b6a.

Command (m for help): Created a new DOS disklabel with disk identifier 0xc5a3954f.

Command (m for help): Partition type
   p   primary (0 primary, 0 extended, 4 free)
   e   extended (container for logical partitions)
Select (default p): Partition number (1-4, default 1): First sector (2048-2097151, default 2048): Last sector, +sectors or +size{K,M,G,T,P} (2048-2097151, default 2097151): 
Created a new partition 1 of type 'Linux' and of size 1023 MiB.

Command (m for help): The partition table has been altered.
Syncing disks.

----Mounting QEMU Image----
add map loop0p1 (252:0): 0 2095104 linear 7:0 2048
----Creating Filesystem----
mke2fs 1.42.13 (17-May-2015)
Discarding device blocks:   4096/261888             done                            
Creating filesystem with 261888 4k blocks and 65536 inodes
Filesystem UUID: 45aa2bd3-024f-4581-8f10-8a5bec6aea0d
Superblock backups stored on blocks: 
	32768, 98304, 163840, 229376

Allocating group tables: 0/8   done                            
Writing inode tables: 0/8   done                            
Writing superblocks and filesystem accounting information: 0/8   done

----Making QEMU Image Mountpoint----
----Mounting QEMU Image Partition 1----
----Extracting Filesystem Tarball----
----Creating FIRMADYNE Directories----
----Patching Filesystem (chroot)----
Creating /etc/TZ!
Creating /etc/hosts!
Creating /etc/passwd!
Warning: Recreating device nodes!
Removing /etc/scripts/sys_resetbutton!
----Setting up FIRMADYNE----
----Unmounting QEMU Image----
loop deleted : /dev/loop0
Querying database for architecture... armel
Running firmware 135: terminating after 60 secs...
qemu-system-arm: terminating on signal 2 from pid 134327 (timeout)
Inferring network...
Interfaces: []
Done!
[    0.000000] Booting Linux on physical CPU 0x0
[    0.000000] Linux version 4.1.17+ (vagrant@vagrant-ubuntu-trusty-64) (gcc version 5.3.0 (GCC) ) #1 Thu Feb 18 01:05:21 UTC 2016
[    0.000000] CPU: ARMv7 Processor [412fc0f1] revision 1 (ARMv7), cr=10c5387d
[    0.000000] CPU: PIPT / VIPT nonaliasing data cache, PIPT instruction cache
[    0.000000] Machine model: linux,dummy-virt
[    0.000000] debug: ignoring loglevel setting.
[    0.000000] Memory policy: Data cache writeback
[    0.000000] On node 0 totalpages: 65536
[    0.000000] free_area_init_node: node 0, pgdat c061dfe8, node_mem_map cfdf9000
[    0.000000]   Normal zone: 512 pages used for memmap
[    0.000000]   Normal zone: 0 pages reserved
[    0.000000]   Normal zone: 65536 pages, LIFO batch:15
[    0.000000] psci: probing for conduit method from DT.
[    0.000000] psci: PSCIv0.2 detected in firmware.
[    0.000000] psci: Using standard PSCI v0.2 function IDs
[    0.000000] CPU: All CPU(s) started in SVC mode.
[    0.000000] pcpu-alloc: s0 r0 d32768 u32768 alloc=1*32768
[    0.000000] pcpu-alloc: [0] 0 
[    0.000000] Built 1 zonelists in Zone order, mobility grouping on.  Total pages: 65024
[    0.000000] Kernel command line: firmadyne.syscall=1 root=/dev/vda1 console=ttyS0 nandsim.parts=64,64,64,64,64,64,64,64,64,64 rdinit=/firmadyne/preInit.sh rw debug ignore_loglevel print-fatal-signals=1 user_debug=31
[    0.000000] PID hash table entries: 1024 (order: 0, 4096 bytes)
[    0.000000] Dentry cache hash table entries: 32768 (order: 5, 131072 bytes)
[    0.000000] Inode-cache hash table entries: 16384 (order: 4, 65536 bytes)
[    0.000000] Memory: 253340K/262144K available (4297K kernel code, 170K rwdata, 1584K rodata, 180K init, 148K bss, 8804K reserved, 0K cma-reserved)
[    0.000000] Virtual kernel memory layout:
[    0.000000]     vector  : 0xffff0000 - 0xffff1000   (   4 kB)
[    0.000000]     fixmap  : 0xffc00000 - 0xfff00000   (3072 kB)
[    0.000000]     vmalloc : 0xd0800000 - 0xff000000   ( 744 MB)
[    0.000000]     lowmem  : 0xc0000000 - 0xd0000000   ( 256 MB)
[    0.000000]     modules : 0xbf000000 - 0xc0000000   (  16 MB)
[    0.000000]       .text : 0xc0008000 - 0xc05c67bc   (5882 kB)
[    0.000000]       .init : 0xc05c7000 - 0xc05f4000   ( 180 kB)
[    0.000000]       .data : 0xc05f4000 - 0xc061e840   ( 171 kB)
[    0.000000]        .bss : 0xc0621000 - 0xc06462d4   ( 149 kB)
[    0.000000] NR_IRQS:16 nr_irqs:16 16
[    0.000000] Architected cp15 timer(s) running at 62.50MHz (virt).
[    0.000000] clocksource arch_sys_counter: mask: 0xffffffffffffff max_cycles: 0x1cd42e208c, max_idle_ns: 881590405314 ns
[    0.000157] sched_clock: 56 bits at 62MHz, resolution 16ns, wraps every 4398046511096ns
[    0.000296] Switching to timer-based delay loop, resolution 16ns
[    0.003369] Console: colour dummy device 80x30
[    0.003697] Calibrating delay loop (skipped), value calculated using timer frequency.. 125.00 BogoMIPS (lpj=625000)
[    0.003827] pid_max: default: 32768 minimum: 301
[    0.004705] Mount-cache hash table entries: 1024 (order: 0, 4096 bytes)
[    0.004742] Mountpoint-cache hash table entries: 1024 (order: 0, 4096 bytes)
[    0.013974] CPU: Testing write buffer coherency: ok
[    0.892213] Setting up static identity map for 0x40008240 - 0x40008298
[    0.907122] VFP support v0.3: implementor 41 architecture 4 part 30 variant f rev 0
[    0.919187] clocksource jiffies: mask: 0xffffffff max_cycles: 0xffffffff, max_idle_ns: 19112604462750000 ns
[    2.075886] NET: Registered protocol family 16
[    2.079437] DMA: preallocated 256 KiB pool for atomic coherent allocations
[    2.083779] cpuidle: using governor ladder
[    2.083937] cpuidle: using governor menu
[    2.105248] Serial: AMBA PL011 UART driver
[    2.107518] 9000000.pl011: ttyS0 at MMIO 0x9000000 (irq = 54, base_baud = 0) is a PL011 rev1
[    2.115171] console [ttyS0] enabled
[    2.137971] vgaarb: loaded
[    2.139486] SCSI subsystem initialized
[    2.140543] usbcore: registered new interface driver usbfs
[    2.140898] usbcore: registered new interface driver hub
[    2.141212] usbcore: registered new device driver usb
[    2.228952] cfg80211: Calling CRDA to update world regulatory domain
[    2.231251] Switched to clocksource arch_sys_counter
[    2.248819] NET: Registered protocol family 2
[    2.254242] TCP established hash table entries: 2048 (order: 1, 8192 bytes)
[    2.254530] TCP bind hash table entries: 2048 (order: 1, 8192 bytes)
[    2.254837] TCP: Hash tables configured (established 2048 bind 2048)
[    2.255379] UDP hash table entries: 256 (order: 0, 4096 bytes)
[    2.255623] UDP-Lite hash table entries: 256 (order: 0, 4096 bytes)
[    2.257066] NET: Registered protocol family 1
[    2.257515] PCI: CLS 0 bytes, default 64
[    2.264849] NetWinder Floating Point Emulator V0.97 (extended precision)
[    2.267556] futex hash table entries: 256 (order: -1, 3072 bytes)
[    2.273228] squashfs: version 4.0 (2009/01/31) Phillip Lougher
[    2.274259] jffs2: version 2.2. (NAND) © 2001-2006 Red Hat, Inc.
[    2.275071] romfs: ROMFS MTD (C) 2007 Red Hat, Inc.
[    2.873119] Block layer SCSI generic (bsg) driver version 0.4 loaded (major 253)
[    2.873517] io scheduler noop registered
[    2.873771] io scheduler cfq registered (default)
[    2.874482] firmadyne: devfs: 1, execute: 1, procfs: 1, syscall: 1
[    2.875847] ------------[ cut here ]------------
[    2.876049] WARNING: CPU: 0 PID: 1 at /home/vagrant/firmadyne-kernel/kernel-v4.1/fs/sysfs/dir.c:31 sysfs_warn_dup+0x50/0x6c()
[    2.876275] sysfs: cannot create duplicate filename '/class/gpio'
[    2.876468] Modules linked in:
[    2.876814] CPU: 0 PID: 1 Comm: swapper Not tainted 4.1.17+ #1
[    2.876952] Hardware name: Generic DT based system
[    2.877629] [<c001c99c>] (unwind_backtrace) from [<c0019d30>] (show_stack+0x10/0x14)
[    2.877899] [<c0019d30>] (show_stack) from [<c0024ab4>] (warn_slowpath_common+0x80/0xa8)
[    2.878099] [<c0024ab4>] (warn_slowpath_common) from [<c0024b08>] (warn_slowpath_fmt+0x2c/0x3c)
[    2.878370] [<c0024b08>] (warn_slowpath_fmt) from [<c00e363c>] (sysfs_warn_dup+0x50/0x6c)
[    2.878548] [<c00e363c>] (sysfs_warn_dup) from [<c00e3714>] (sysfs_create_dir_ns+0x74/0x84)
[    2.878791] [<c00e3714>] (sysfs_create_dir_ns) from [<c018e6ac>] (kobject_add_internal+0xb8/0x2ac)
[    2.878979] [<c018e6ac>] (kobject_add_internal) from [<c018e9a8>] (kset_register+0x1c/0x44)
[    2.879175] [<c018e9a8>] (kset_register) from [<c02090b4>] (__class_register+0xa8/0x198)
[    2.879395] [<c02090b4>] (__class_register) from [<c02091e4>] (__class_create+0x40/0x70)
[    2.879567] [<c02091e4>] (__class_create) from [<c01adf68>] (register_devfs_stubs+0x314/0xbb4)
[    2.879748] [<c01adf68>] (register_devfs_stubs) from [<c05d9b08>] (init_module+0x28/0xa4)
[    2.879952] [<c05d9b08>] (init_module) from [<c0009670>] (do_one_initcall+0x104/0x1b4)
[    2.880122] [<c0009670>] (do_one_initcall) from [<c05c7d08>] (kernel_init_freeable+0xf0/0x1b0)
[    2.880307] [<c05c7d08>] (kernel_init_freeable) from [<c040f28c>] (kernel_init+0x8/0xe4)
[    2.880475] [<c040f28c>] (kernel_init) from [<c0016da8>] (ret_from_fork+0x14/0x2c)
[    2.880728] ---[ end trace c86363824532fcd1 ]---
[    2.881030] ------------[ cut here ]------------
[    2.881152] WARNING: CPU: 0 PID: 1 at /home/vagrant/firmadyne-kernel/kernel-v4.1/lib/kobject.c:240 kobject_add_internal+0x240/0x2ac()
[    2.881372] kobject_add_internal failed for gpio with -EEXIST, don't try to register things with the same name in the same directory.
[    2.881583] Modules linked in:
[    2.881730] CPU: 0 PID: 1 Comm: swapper Tainted: G        W       4.1.17+ #1
[    2.881866] Hardware name: Generic DT based system
[    2.881983] [<c001c99c>] (unwind_backtrace) from [<c0019d30>] (show_stack+0x10/0x14)
[    2.882147] [<c0019d30>] (show_stack) from [<c0024ab4>] (warn_slowpath_common+0x80/0xa8)
[    2.882332] [<c0024ab4>] (warn_slowpath_common) from [<c0024b08>] (warn_slowpath_fmt+0x2c/0x3c)
[    2.882513] [<c0024b08>] (warn_slowpath_fmt) from [<c018e834>] (kobject_add_internal+0x240/0x2ac)
[    2.882702] [<c018e834>] (kobject_add_internal) from [<c018e9a8>] (kset_register+0x1c/0x44)
[    2.882874] [<c018e9a8>] (kset_register) from [<c02090b4>] (__class_register+0xa8/0x198)
[    2.883043] [<c02090b4>] (__class_register) from [<c02091e4>] (__class_create+0x40/0x70)
[    2.883212] [<c02091e4>] (__class_create) from [<c01adf68>] (register_devfs_stubs+0x314/0xbb4)
[    2.883393] [<c01adf68>] (register_devfs_stubs) from [<c05d9b08>] (init_module+0x28/0xa4)
[    2.883580] [<c05d9b08>] (init_module) from [<c0009670>] (do_one_initcall+0x104/0x1b4)
[    2.883758] [<c0009670>] (do_one_initcall) from [<c05c7d08>] (kernel_init_freeable+0xf0/0x1b0)
[    2.883934] [<c05c7d08>] (kernel_init_freeable) from [<c040f28c>] (kernel_init+0x8/0xe4)
[    2.884098] [<c040f28c>] (kernel_init) from [<c0016da8>] (ret_from_fork+0x14/0x2c)
[    2.884261] ---[ end trace c86363824532fcd2 ]---
[    2.884422] firmadyne: Cannot create device class: gpio!
[    2.886178] firmadyne: Cannot register character device: watchdog, 0xa, 0x82!
[    2.886381] firmadyne: Cannot register character device: wdt, 0xfd, 0x0!
[    2.970374] PCI host bridge /pcie@10000000 ranges:
[    2.971059]    IO 0x3eff0000..0x3effffff -> 0x00000000
[    2.971516]   MEM 0x10000000..0x3efeffff -> 0x10000000
[    2.971639]   MEM 0x8000000000..0xffffffffff -> 0x8000000000
[    2.972429] pci-host-generic 3f000000.pcie: resource collision: [mem 0x00000000-0xffffffff] conflicts with /pl011@9000000 [mem 0x09000000-0x09000fff]
[    2.973179] pci-host-generic: probe of 3f000000.pcie failed with error -16
[    2.984883] Non-volatile memory driver v1.3
[    3.264546] brd: module loaded
[    3.274640] loop: module loaded
[    4.058306]  vda: vda1
[    5.226666] 0.flash: Found 2 x16 devices at 0x0 in 32-bit bank. Manufacturer ID 0x000000 Chip ID 0x000000
[    5.227356] Intel/Sharp Extended Query Table at 0x0031
[    5.228491] Using buffer write method
[    5.228910] erase region 0: offset=0x0,size=0x40000,blocks=256
[    5.235956] 0.flash: Found 2 x16 devices at 0x0 in 32-bit bank. Manufacturer ID 0x000000 Chip ID 0x000000
[    5.236179] Intel/Sharp Extended Query Table at 0x0031
[    5.237215] Using buffer write method
[    5.237330] erase region 0: offset=0x0,size=0x40000,blocks=256
[    5.237526] Concatenating MTD devices:
[    5.237630] (0): "0.flash"
[    5.237703] (1): "0.flash"
[    5.237769] into device "0.flash"
[    5.250175] [nandsim] warning: read_byte: unexpected data output cycle, state is STATE_READY return 0x0
[    5.250406] [nandsim] warning: read_byte: unexpected data output cycle, state is STATE_READY return 0x0
[    5.250583] [nandsim] warning: read_byte: unexpected data output cycle, state is STATE_READY return 0x0
[    5.250756] [nandsim] warning: read_byte: unexpected data output cycle, state is STATE_READY return 0x0
[    5.251432] [nandsim] warning: read_byte: unexpected data output cycle, state is STATE_READY return 0x0
[    5.251615] [nandsim] warning: read_byte: unexpected data output cycle, state is STATE_READY return 0x0
[    5.252057] nand: device found, Manufacturer ID: 0x98, Chip ID: 0x39
[    5.252207] nand: Toshiba NAND 128MiB 1,8V 8-bit
[    5.252329] nand: 128 MiB, SLC, erase size: 16 KiB, page size: 512, OOB size: 16
[    5.253229] flash size: 128 MiB
[    5.253313] page size: 512 bytes
[    5.253387] OOB area size: 16 bytes
[    5.253465] sector size: 16 KiB
[    5.253537] pages number: 262144
[    5.253608] pages per sector: 32
[    5.253682] bus width: 8
[    5.253743] bits in sector size: 14
[    5.253819] bits in page size: 9
[    5.253894] bits in OOB size: 4
[    5.253969] flash size with OOB: 135168 KiB
[    5.254057] page address bytes: 4
[    5.254130] sector address bytes: 3
[    5.254207] options: 0x42
[    6.465700] Scanning device for bad blocks
[    6.573406] cfg80211: Calling CRDA to update world regulatory domain
[    6.574553] firmadyne: do_execve: /firmadyne/console
[    6.574744] OFFSETS: offset of pid: 0x190 offset of comm: 0x270
[    6.575220] Creating 11 MTD partitions on "NAND 128MiB 1,8V 8-bit":
[    6.575658] 0x000000000000-0x000000100000 : "NAND simulator partition 0"
[    6.577872] 0x000000100000-0x000000200000 : "NAND simulator partition 1"
[    6.579269] 0x000000200000-0x000000300000 : "NAND simulator partition 2"
[    6.580627] 0x000000300000-0x000000400000 : "NAND simulator partition 3"
[    6.582196] 0x000000400000-0x000000500000 : "NAND simulator partition 4"
[    6.583612] 0x000000500000-0x000000600000 : "NAND simulator partition 5"
[    6.584998] 0x000000600000-0x000000700000 : "NAND simulator partition 6"
[    6.586602] 0x000000700000-0x000000800000 : "NAND simulator partition 7"
[    6.587939] 0x000000800000-0x000000900000 : "NAND simulator partition 8"
[    6.589286] 0x000000900000-0x000000a00000 : "NAND simulator partition 9"
[    6.590666] 0x000000a00000-0x000008000000 : "NAND simulator partition 10"
[    6.596440] tun: Universal TUN/TAP device driver, 1.6
[    6.596584] tun: (C) 1999-2004 Max Krasnyansky <maxk@qualcomm.com>
[    8.318399] PPP generic driver version 2.4.2
[    8.319155] PPP BSD Compression module registered
[    8.319370] PPP Deflate Compression module registered
[    8.319610] PPP MPPE Compression module registered
[    8.319777] NET: Registered protocol family 24
[    8.320096] PPTP driver version 0.8.5
[    8.326903] usbcore: registered new interface driver usb-storage
[    8.330185] rtc-pl031 9010000.pl031: rtc core: registered pl031 as rtc0
[    8.330928] hidraw: raw HID events driver (C) Jiri Kosina
[    8.331579] usbcore: registered new interface driver usbhid
[    8.331713] usbhid: USB HID core driver
[    8.332170] Netfilter messages via NETLINK v0.30.
[    8.332818] nf_conntrack version 0.5.0 (3958 buckets, 15832 max)
[    8.334243] ctnetlink v0.93: registering with nfnetlink.
[    8.335689] ipip: IPv4 over IPv4 tunneling driver
[    8.337756] gre: GRE over IPv4 demultiplexor driver
[    8.337915] ip_gre: GRE over IPv4 tunneling driver
[    8.342653] ip_tables: (C) 2000-2006 Netfilter Core Team
[    8.344442] arp_tables: (C) 2002 David S. Miller
[    8.345517] Initializing XFRM netlink socket
[    8.346023] NET: Registered protocol family 10
[    9.490020] ip6_tables: (C) 2000-2006 Netfilter Core Team
[    9.492206] sit: IPv6 over IPv4 tunneling driver
[    9.496305] NET: Registered protocol family 17
[    9.496979] bridge: automatic filtering via arp/ip/ip6tables has been deprecated. Update your scripts to load br_netfilter if you need this.
[    9.497343] Bridge firewalling registered
[    9.497474] Ebtables v2.0 registered
[    9.498785] 8021q: 802.1Q VLAN Support v1.8
[    9.499467] Registering SWP/SWPB emulation handler
[    9.502486] rtc-pl031 9010000.pl031: setting system clock to 2018-07-19 13:01:40 UTC (1532005300)
[    9.513785] EXT4-fs (vda1): couldn't mount as ext3 due to feature incompatibilities
[    9.515588] EXT4-fs (vda1): mounting ext2 file system using the ext4 subsystem
[    9.526863] EXT4-fs (vda1): mounted filesystem without journal. Opts: (null)
[    9.527975] VFS: Mounted root (ext2 filesystem) on device 254:1.
[    9.546752] Freeing unused kernel memory: 180K (c05c7000 - c05f4000)
[    9.684426] random: sh urandom read with 3 bits of entropy available
/ # [   10.174878] cfg80211: Calling CRDA to update world regulatory domain
[   13.323773] cfg80211: Calling CRDA to update world regulatory domain
[   16.472572] cfg80211: Calling CRDA to update world regulatory domain
[   19.622039] cfg80211: Calling CRDA to update world regulatory domain
[   22.771966] cfg80211: Calling CRDA to update world regulatory domain
[   25.922907] cfg80211: Calling CRDA to update world regulatory domain
[   29.073381] cfg80211: Calling CRDA to update world regulatory domain
[   32.222415] cfg80211: Calling CRDA to update world regulatory domain
[   35.371574] cfg80211: Calling CRDA to update world regulatory domain
[   38.521758] cfg80211: Exceeded CRDA call max attempts. Not calling CRDA
Starting firmware emulation... use Ctrl-a + x to exit
qemu-system-arm: terminating on signal 2 from pid 134474 (timeout)
[    0.000000] Booting Linux on physical CPU 0x0
[    0.000000] Linux version 4.1.17+ (vagrant@vagrant-ubuntu-trusty-64) (gcc version 5.3.0 (GCC) ) #1 Thu Feb 18 01:05:21 UTC 2016
[    0.000000] CPU: ARMv7 Processor [412fc0f1] revision 1 (ARMv7), cr=10c5387d
[    0.000000] CPU: PIPT / VIPT nonaliasing data cache, PIPT instruction cache
[    0.000000] Machine model: linux,dummy-virt
[    0.000000] debug: ignoring loglevel setting.
[    0.000000] Memory policy: Data cache writeback
[    0.000000] On node 0 totalpages: 65536
[    0.000000] free_area_init_node: node 0, pgdat c061dfe8, node_mem_map cfdf9000
[    0.000000]   Normal zone: 512 pages used for memmap
[    0.000000]   Normal zone: 0 pages reserved
[    0.000000]   Normal zone: 65536 pages, LIFO batch:15
[    0.000000] psci: probing for conduit method from DT.
[    0.000000] psci: PSCIv0.2 detected in firmware.
[    0.000000] psci: Using standard PSCI v0.2 function IDs
[    0.000000] CPU: All CPU(s) started in SVC mode.
[    0.000000] pcpu-alloc: s0 r0 d32768 u32768 alloc=1*32768
[    0.000000] pcpu-alloc: [0] 0 
[    0.000000] Built 1 zonelists in Zone order, mobility grouping on.  Total pages: 65024
[    0.000000] Kernel command line: root=/dev/vda1 console=ttyS0 nandsim.parts=64,64,64,64,64,64,64,64,64,64 rdinit=/firmadyne/preInit.sh rw debug ignore_loglevel print-fatal-signals=1 user_debug=31 firmadyne.syscall=0
[    0.000000] PID hash table entries: 1024 (order: 0, 4096 bytes)
[    0.000000] Dentry cache hash table entries: 32768 (order: 5, 131072 bytes)
[    0.000000] Inode-cache hash table entries: 16384 (order: 4, 65536 bytes)
[    0.000000] Memory: 253340K/262144K available (4297K kernel code, 170K rwdata, 1584K rodata, 180K init, 148K bss, 8804K reserved, 0K cma-reserved)
[    0.000000] Virtual kernel memory layout:
[    0.000000]     vector  : 0xffff0000 - 0xffff1000   (   4 kB)
[    0.000000]     fixmap  : 0xffc00000 - 0xfff00000   (3072 kB)
[    0.000000]     vmalloc : 0xd0800000 - 0xff000000   ( 744 MB)
[    0.000000]     lowmem  : 0xc0000000 - 0xd0000000   ( 256 MB)
[    0.000000]     modules : 0xbf000000 - 0xc0000000   (  16 MB)
[    0.000000]       .text : 0xc0008000 - 0xc05c67bc   (5882 kB)
[    0.000000]       .init : 0xc05c7000 - 0xc05f4000   ( 180 kB)
[    0.000000]       .data : 0xc05f4000 - 0xc061e840   ( 171 kB)
[    0.000000]        .bss : 0xc0621000 - 0xc06462d4   ( 149 kB)
[    0.000000] NR_IRQS:16 nr_irqs:16 16
[    0.000000] Architected cp15 timer(s) running at 62.50MHz (virt).
[    0.000000] clocksource arch_sys_counter: mask: 0xffffffffffffff max_cycles: 0x1cd42e208c, max_idle_ns: 881590405314 ns
[    0.000168] sched_clock: 56 bits at 62MHz, resolution 16ns, wraps every 4398046511096ns
[    0.000316] Switching to timer-based delay loop, resolution 16ns
[    0.003483] Console: colour dummy device 80x30
[    0.003827] Calibrating delay loop (skipped), value calculated using timer frequency.. 125.00 BogoMIPS (lpj=625000)
[    0.003982] pid_max: default: 32768 minimum: 301
[    0.004909] Mount-cache hash table entries: 1024 (order: 0, 4096 bytes)
[    0.004949] Mountpoint-cache hash table entries: 1024 (order: 0, 4096 bytes)
[    0.015706] CPU: Testing write buffer coherency: ok
[    0.022232] Setting up static identity map for 0x40008240 - 0x40008298
[    1.171648] VFP support v0.3: implementor 41 architecture 4 part 30 variant f rev 0
[    1.183628] clocksource jiffies: mask: 0xffffffff max_cycles: 0xffffffff, max_idle_ns: 19112604462750000 ns
[    1.192767] NET: Registered protocol family 16
[    1.196006] DMA: preallocated 256 KiB pool for atomic coherent allocations
[    2.370716] cpuidle: using governor ladder
[    2.370940] cpuidle: using governor menu
[    2.392167] Serial: AMBA PL011 UART driver
[    2.394404] 9000000.pl011: ttyS0 at MMIO 0x9000000 (irq = 54, base_baud = 0) is a PL011 rev1
[    2.402282] console [ttyS0] enabled
[    2.424940] vgaarb: loaded
[    2.426502] SCSI subsystem initialized
[    2.427589] usbcore: registered new interface driver usbfs
[    2.427982] usbcore: registered new interface driver hub
[    2.428317] usbcore: registered new device driver usb
[    2.437686] cfg80211: Calling CRDA to update world regulatory domain
[    2.440038] Switched to clocksource arch_sys_counter
[    3.434791] NET: Registered protocol family 2
[    3.440269] TCP established hash table entries: 2048 (order: 1, 8192 bytes)
[    3.440556] TCP bind hash table entries: 2048 (order: 1, 8192 bytes)
[    3.440869] TCP: Hash tables configured (established 2048 bind 2048)
[    3.441452] UDP hash table entries: 256 (order: 0, 4096 bytes)
[    3.441702] UDP-Lite hash table entries: 256 (order: 0, 4096 bytes)
[    3.443164] NET: Registered protocol family 1
[    3.443626] PCI: CLS 0 bytes, default 64
[    3.451054] NetWinder Floating Point Emulator V0.97 (extended precision)
[    3.453802] futex hash table entries: 256 (order: -1, 3072 bytes)
[    3.459285] squashfs: version 4.0 (2009/01/31) Phillip Lougher
[    3.460518] jffs2: version 2.2. (NAND) © 2001-2006 Red Hat, Inc.
[    3.461339] romfs: ROMFS MTD (C) 2007 Red Hat, Inc.
[    3.470667] Block layer SCSI generic (bsg) driver version 0.4 loaded (major 253)
[    3.471036] io scheduler noop registered
[    3.471271] io scheduler cfq registered (default)
[    3.471963] firmadyne: devfs: 1, execute: 1, procfs: 1, syscall: 0
[    3.473311] ------------[ cut here ]------------
[    3.473517] WARNING: CPU: 0 PID: 1 at /home/vagrant/firmadyne-kernel/kernel-v4.1/fs/sysfs/dir.c:31 sysfs_warn_dup+0x50/0x6c()
[    3.473752] sysfs: cannot create duplicate filename '/class/gpio'
[    3.473916] Modules linked in:
[    3.474255] CPU: 0 PID: 1 Comm: swapper Not tainted 4.1.17+ #1
[    3.474398] Hardware name: Generic DT based system
[    3.475083] [<c001c99c>] (unwind_backtrace) from [<c0019d30>] (show_stack+0x10/0x14)
[    3.475361] [<c0019d30>] (show_stack) from [<c0024ab4>] (warn_slowpath_common+0x80/0xa8)
[    3.475564] [<c0024ab4>] (warn_slowpath_common) from [<c0024b08>] (warn_slowpath_fmt+0x2c/0x3c)
[    3.475805] [<c0024b08>] (warn_slowpath_fmt) from [<c00e363c>] (sysfs_warn_dup+0x50/0x6c)
[    3.476008] [<c00e363c>] (sysfs_warn_dup) from [<c00e3714>] (sysfs_create_dir_ns+0x74/0x84)
[    3.476197] [<c00e3714>] (sysfs_create_dir_ns) from [<c018e6ac>] (kobject_add_internal+0xb8/0x2ac)
[    3.476402] [<c018e6ac>] (kobject_add_internal) from [<c018e9a8>] (kset_register+0x1c/0x44)
[    3.476587] [<c018e9a8>] (kset_register) from [<c02090b4>] (__class_register+0xa8/0x198)
[    3.476766] [<c02090b4>] (__class_register) from [<c02091e4>] (__class_create+0x40/0x70)
[    3.476943] [<c02091e4>] (__class_create) from [<c01adf68>] (register_devfs_stubs+0x314/0xbb4)
[    3.477145] [<c01adf68>] (register_devfs_stubs) from [<c05d9b08>] (init_module+0x28/0xa4)
[    3.477355] [<c05d9b08>] (init_module) from [<c0009670>] (do_one_initcall+0x104/0x1b4)
[    3.477539] [<c0009670>] (do_one_initcall) from [<c05c7d08>] (kernel_init_freeable+0xf0/0x1b0)
[    3.477729] [<c05c7d08>] (kernel_init_freeable) from [<c040f28c>] (kernel_init+0x8/0xe4)
[    3.477903] [<c040f28c>] (kernel_init) from [<c0016da8>] (ret_from_fork+0x14/0x2c)
[    3.478175] ---[ end trace 4dc57c8257cfbfe0 ]---
[    3.478372] ------------[ cut here ]------------
[    3.478488] WARNING: CPU: 0 PID: 1 at /home/vagrant/firmadyne-kernel/kernel-v4.1/lib/kobject.c:240 kobject_add_internal+0x240/0x2ac()
[    3.478711] kobject_add_internal failed for gpio with -EEXIST, don't try to register things with the same name in the same directory.
[    3.478928] Modules linked in:
[    3.479074] CPU: 0 PID: 1 Comm: swapper Tainted: G        W       4.1.17+ #1
[    3.479215] Hardware name: Generic DT based system
[    3.479336] [<c001c99c>] (unwind_backtrace) from [<c0019d30>] (show_stack+0x10/0x14)
[    3.479506] [<c0019d30>] (show_stack) from [<c0024ab4>] (warn_slowpath_common+0x80/0xa8)
[    3.479682] [<c0024ab4>] (warn_slowpath_common) from [<c0024b08>] (warn_slowpath_fmt+0x2c/0x3c)
[    3.480096] [<c0024b08>] (warn_slowpath_fmt) from [<c018e834>] (kobject_add_internal+0x240/0x2ac)
[    3.480305] [<c018e834>] (kobject_add_internal) from [<c018e9a8>] (kset_register+0x1c/0x44)
[    3.480485] [<c018e9a8>] (kset_register) from [<c02090b4>] (__class_register+0xa8/0x198)
[    3.480657] [<c02090b4>] (__class_register) from [<c02091e4>] (__class_create+0x40/0x70)
[    3.480830] [<c02091e4>] (__class_create) from [<c01adf68>] (register_devfs_stubs+0x314/0xbb4)
[    3.481017] [<c01adf68>] (register_devfs_stubs) from [<c05d9b08>] (init_module+0x28/0xa4)
[    3.481205] [<c05d9b08>] (init_module) from [<c0009670>] (do_one_initcall+0x104/0x1b4)
[    3.481376] [<c0009670>] (do_one_initcall) from [<c05c7d08>] (kernel_init_freeable+0xf0/0x1b0)
[    3.481558] [<c05c7d08>] (kernel_init_freeable) from [<c040f28c>] (kernel_init+0x8/0xe4)
[    3.481727] [<c040f28c>] (kernel_init) from [<c0016da8>] (ret_from_fork+0x14/0x2c)
[    3.481911] ---[ end trace 4dc57c8257cfbfe1 ]---
[    3.482094] firmadyne: Cannot create device class: gpio!
[    3.483869] firmadyne: Cannot register character device: watchdog, 0xa, 0x82!
[    3.484085] firmadyne: Cannot register character device: wdt, 0xfd, 0x0!
[    3.565800] PCI host bridge /pcie@10000000 ranges:
[    4.705240]    IO 0x3eff0000..0x3effffff -> 0x00000000
[    4.705688]   MEM 0x10000000..0x3efeffff -> 0x10000000
[    4.705824]   MEM 0x8000000000..0xffffffffff -> 0x8000000000
[    4.706582] pci-host-generic 3f000000.pcie: resource collision: [mem 0x00000000-0xffffffff] conflicts with /pl011@9000000 [mem 0x09000000-0x09000fff]
[    4.707373] pci-host-generic: probe of 3f000000.pcie failed with error -16
[    4.719442] Non-volatile memory driver v1.3
[    5.853406] cfg80211: Calling CRDA to update world regulatory domain
[    5.872688] brd: module loaded
[    5.882969] loop: module loaded
[    6.420930]  vda: vda1
[    6.432686] 0.flash: Found 2 x16 devices at 0x0 in 32-bit bank. Manufacturer ID 0x000000 Chip ID 0x000000
[    6.433316] Intel/Sharp Extended Query Table at 0x0031
[    6.435633] Using buffer write method
[    6.436065] erase region 0: offset=0x0,size=0x40000,blocks=256
[    6.443378] 0.flash: Found 2 x16 devices at 0x0 in 32-bit bank. Manufacturer ID 0x000000 Chip ID 0x000000
[    6.443608] Intel/Sharp Extended Query Table at 0x0031
[    6.444387] Using buffer write method
[    6.444503] erase region 0: offset=0x0,size=0x40000,blocks=256
[    6.444705] Concatenating MTD devices:
[    6.444811] (0): "0.flash"
[    6.444889] (1): "0.flash"
[    6.444957] into device "0.flash"
[    7.203320] [nandsim] warning: read_byte: unexpected data output cycle, state is STATE_READY return 0x0
[    7.203581] [nandsim] warning: read_byte: unexpected data output cycle, state is STATE_READY return 0x0
[    7.203764] [nandsim] warning: read_byte: unexpected data output cycle, state is STATE_READY return 0x0
[    7.204215] [nandsim] warning: read_byte: unexpected data output cycle, state is STATE_READY return 0x0
[    7.204404] [nandsim] warning: read_byte: unexpected data output cycle, state is STATE_READY return 0x0
[    7.204582] [nandsim] warning: read_byte: unexpected data output cycle, state is STATE_READY return 0x0
[    7.205061] nand: device found, Manufacturer ID: 0x98, Chip ID: 0x39
[    7.205218] nand: Toshiba NAND 128MiB 1,8V 8-bit
[    7.205347] nand: 128 MiB, SLC, erase size: 16 KiB, page size: 512, OOB size: 16
[    7.206339] flash size: 128 MiB
[    7.206430] page size: 512 bytes
[    7.206508] OOB area size: 16 bytes
[    7.206589] sector size: 16 KiB
[    7.206664] pages number: 262144
[    7.206739] pages per sector: 32
[    7.206816] bus width: 8
[    7.206879] bits in sector size: 14
[    7.206959] bits in page size: 9
[    7.207038] bits in OOB size: 4
[    7.207118] flash size with OOB: 135168 KiB
[    7.207208] page address bytes: 4
[    7.207284] sector address bytes: 3
[    7.207364] options: 0x42
[    8.362400] Scanning device for bad blocks
[    8.472427] firmadyne: do_execve: /firmadyne/console
[    8.472644] OFFSETS: offset of pid: 0x190 offset of comm: 0x270
[    8.473130] Creating 11 MTD partitions on "NAND 128MiB 1,8V 8-bit":
[    8.473556] 0x000000000000-0x000000100000 : "NAND simulator partition 0"
[    8.475848] 0x000000100000-0x000000200000 : "NAND simulator partition 1"
[    8.477272] 0x000000200000-0x000000300000 : "NAND simulator partition 2"
[    8.478640] 0x000000300000-0x000000400000 : "NAND simulator partition 3"
[    8.480185] 0x000000400000-0x000000500000 : "NAND simulator partition 4"
[    8.481576] 0x000000500000-0x000000600000 : "NAND simulator partition 5"
[    8.483029] 0x000000600000-0x000000700000 : "NAND simulator partition 6"
[    8.484611] 0x000000700000-0x000000800000 : "NAND simulator partition 7"
[    8.485954] 0x000000800000-0x000000900000 : "NAND simulator partition 8"
[    8.487304] 0x000000900000-0x000000a00000 : "NAND simulator partition 9"
[    8.488706] 0x000000a00000-0x000008000000 : "NAND simulator partition 10"
[    8.494335] tun: Universal TUN/TAP device driver, 1.6
[    8.494471] tun: (C) 1999-2004 Max Krasnyansky <maxk@qualcomm.com>
[   10.518341] PPP generic driver version 2.4.2
[   10.519159] PPP BSD Compression module registered
[   10.519346] PPP Deflate Compression module registered
[   10.519598] PPP MPPE Compression module registered
[   10.519866] NET: Registered protocol family 24
[   10.520224] PPTP driver version 0.8.5
[   10.521069] cfg80211: Calling CRDA to update world regulatory domain
[   11.632734] usbcore: registered new interface driver usb-storage
[   11.636304] rtc-pl031 9010000.pl031: rtc core: registered pl031 as rtc0
[   11.637110] hidraw: raw HID events driver (C) Jiri Kosina
[   11.637670] usbcore: registered new interface driver usbhid
[   11.637810] usbhid: USB HID core driver
[   11.638291] Netfilter messages via NETLINK v0.30.
[   11.638962] nf_conntrack version 0.5.0 (3958 buckets, 15832 max)
[   11.640631] ctnetlink v0.93: registering with nfnetlink.
[   11.642099] ipip: IPv4 over IPv4 tunneling driver
[   11.644334] gre: GRE over IPv4 demultiplexor driver
[   11.644505] ip_gre: GRE over IPv4 tunneling driver
[   11.649185] ip_tables: (C) 2000-2006 Netfilter Core Team
[   11.651105] arp_tables: (C) 2002 David S. Miller
[   11.652213] Initializing XFRM netlink socket
[   11.652757] NET: Registered protocol family 10
[   11.660145] ip6_tables: (C) 2000-2006 Netfilter Core Team
[   11.661926] sit: IPv6 over IPv4 tunneling driver
[   11.665834] NET: Registered protocol family 17
[   11.666529] bridge: automatic filtering via arp/ip/ip6tables has been deprecated. Update your scripts to load br_netfilter if you need this.
[   11.666881] Bridge firewalling registered
[   11.667028] Ebtables v2.0 registered
[   11.668272] 8021q: 802.1Q VLAN Support v1.8
[   11.668934] Registering SWP/SWPB emulation handler
[   11.672019] rtc-pl031 9010000.pl031: setting system clock to 2018-07-19 13:02:46 UTC (1532005366)
[   12.836316] EXT4-fs (vda1): couldn't mount as ext3 due to feature incompatibilities
[   12.838107] EXT4-fs (vda1): mounting ext2 file system using the ext4 subsystem
[   12.846675] EXT4-fs (vda1): warning: mounting unchecked fs, running e2fsck is recommended
[   12.849611] EXT4-fs (vda1): mounted filesystem without journal. Opts: (null)
[   12.850870] VFS: Mounted root (ext2 filesystem) on device 254:1.
[   12.869147] Freeing unused kernel memory: 180K (c05c7000 - c05f4000)
[   13.997320] cfg80211: Calling CRDA to update world regulatory domain
[   14.015910] random: sh urandom read with 3 bits of entropy available
/ # [   17.142231] cfg80211: Calling CRDA to update world regulatory domain
[   20.290413] cfg80211: Calling CRDA to update world regulatory domain
[   23.440447] cfg80211: Calling CRDA to update world regulatory domain
[   26.590516] cfg80211: Calling CRDA to update world regulatory domain
[   29.740398] cfg80211: Calling CRDA to update world regulatory domain
[   32.891647] cfg80211: Calling CRDA to update world regulatory domain
[   36.040306] cfg80211: Calling CRDA to update world regulatory domain
[   39.190983] cfg80211: Exceeded CRDA call max attempts. Not calling CRDA
