>> Database Image ID: 12

/home/zhumengfan/firmware/firmwares/9bc2b6cabfa48f08d1a26595e2cc14fd3f8c13c9.trx
>> MD5: 1438a2d97d78afebd159e89ff4dbfb35
>> Tag: 12
>> Temp: /tmp/tmpNHSxZu
>> Status: Kernel: True, Rootfs: False, Do_Kernel: False,                 Do_Rootfs: True
>>>> Squashfs filesystem, little endian, version 4.0, compression:xz, size: 11672572 bytes, 1369 inodes, blocksize: 131072 bytes, created: 2014-06-09 15:41:15
>>>> Found Linux filesystem in /tmp/tmpNHSxZu/_9bc2b6cabfa48f08d1a26595e2cc14fd3f8c13c9.trx.extracted/squashfs-root!
>> Skipping: completed!
>> Cleaning up /tmp/tmpNHSxZu...
./bin/busybox: armel
Querying database for architecture... armel
----Running----
----Copying Filesystem Tarball----
----Creating QEMU Image----
Formatting '/home/zhumengfan/firmadyne//scratch//12//image.raw', fmt=raw size=1073741824
----Creating Partition Table----

Welcome to fdisk (util-linux 2.27.1).
Changes will remain in memory only, until you decide to write them.
Be careful before using the write command.

Device does not contain a recognized partition table.
Created a new DOS disklabel with disk identifier 0xfb0f564d.

Command (m for help): Created a new DOS disklabel with disk identifier 0xe08e93a0.

Command (m for help): Partition type
   p   primary (0 primary, 0 extended, 4 free)
   e   extended (container for logical partitions)
Select (default p): Partition number (1-4, default 1): First sector (2048-2097151, default 2048): Last sector, +sectors or +size{K,M,G,T,P} (2048-2097151, default 2097151): 
Created a new partition 1 of type 'Linux' and of size 1023 MiB.

Command (m for help): The partition table has been altered.
Syncing disks.

----Mounting QEMU Image----
add map loop0p1 (252:0): 0 2095104 linear 7:0 2048
----Creating Filesystem----
mke2fs 1.42.13 (17-May-2015)
Discarding device blocks:   4096/261888             done                            
Creating filesystem with 261888 4k blocks and 65536 inodes
Filesystem UUID: d89f1357-d1e8-4426-bbbd-41f1f9d6342e
Superblock backups stored on blocks: 
	32768, 98304, 163840, 229376

Allocating group tables: 0/8   done                            
Writing inode tables: 0/8   done                            
Writing superblocks and filesystem accounting information: 0/8   done

----Making QEMU Image Mountpoint----
----Mounting QEMU Image Partition 1----
----Extracting Filesystem Tarball----
----Creating FIRMADYNE Directories----
----Patching Filesystem (chroot)----
Creating /etc/TZ!
Creating /etc/hosts!
Creating /etc/passwd!
Warning: Recreating device nodes!
Removing /etc/scripts/sys_resetbutton!
----Setting up FIRMADYNE----
----Unmounting QEMU Image----
loop deleted : /dev/loop0
Querying database for architecture... armel
Running firmware 12: terminating after 60 secs...
qemu-system-arm: terminating on signal 2 from pid 46149 (timeout)
Inferring network...
Interfaces: []
Done!
[    0.000000] Booting Linux on physical CPU 0x0
[    0.000000] Linux version 4.1.17+ (vagrant@vagrant-ubuntu-trusty-64) (gcc version 5.3.0 (GCC) ) #1 Thu Feb 18 01:05:21 UTC 2016
[    0.000000] CPU: ARMv7 Processor [412fc0f1] revision 1 (ARMv7), cr=10c5387d
[    0.000000] CPU: PIPT / VIPT nonaliasing data cache, PIPT instruction cache
[    0.000000] Machine model: linux,dummy-virt
[    0.000000] debug: ignoring loglevel setting.
[    0.000000] Memory policy: Data cache writeback
[    0.000000] On node 0 totalpages: 65536
[    0.000000] free_area_init_node: node 0, pgdat c061dfe8, node_mem_map cfdf9000
[    0.000000]   Normal zone: 512 pages used for memmap
[    0.000000]   Normal zone: 0 pages reserved
[    0.000000]   Normal zone: 65536 pages, LIFO batch:15
[    0.000000] psci: probing for conduit method from DT.
[    0.000000] psci: PSCIv0.2 detected in firmware.
[    0.000000] psci: Using standard PSCI v0.2 function IDs
[    0.000000] CPU: All CPU(s) started in SVC mode.
[    0.000000] pcpu-alloc: s0 r0 d32768 u32768 alloc=1*32768
[    0.000000] pcpu-alloc: [0] 0 
[    0.000000] Built 1 zonelists in Zone order, mobility grouping on.  Total pages: 65024
[    0.000000] Kernel command line: firmadyne.syscall=1 root=/dev/vda1 console=ttyS0 nandsim.parts=64,64,64,64,64,64,64,64,64,64 rdinit=/firmadyne/preInit.sh rw debug ignore_loglevel print-fatal-signals=1 user_debug=31
[    0.000000] PID hash table entries: 1024 (order: 0, 4096 bytes)
[    0.000000] Dentry cache hash table entries: 32768 (order: 5, 131072 bytes)
[    0.000000] Inode-cache hash table entries: 16384 (order: 4, 65536 bytes)
[    0.000000] Memory: 253340K/262144K available (4297K kernel code, 170K rwdata, 1584K rodata, 180K init, 148K bss, 8804K reserved, 0K cma-reserved)
[    0.000000] Virtual kernel memory layout:
[    0.000000]     vector  : 0xffff0000 - 0xffff1000   (   4 kB)
[    0.000000]     fixmap  : 0xffc00000 - 0xfff00000   (3072 kB)
[    0.000000]     vmalloc : 0xd0800000 - 0xff000000   ( 744 MB)
[    0.000000]     lowmem  : 0xc0000000 - 0xd0000000   ( 256 MB)
[    0.000000]     modules : 0xbf000000 - 0xc0000000   (  16 MB)
[    0.000000]       .text : 0xc0008000 - 0xc05c67bc   (5882 kB)
[    0.000000]       .init : 0xc05c7000 - 0xc05f4000   ( 180 kB)
[    0.000000]       .data : 0xc05f4000 - 0xc061e840   ( 171 kB)
[    0.000000]        .bss : 0xc0621000 - 0xc06462d4   ( 149 kB)
[    0.000000] NR_IRQS:16 nr_irqs:16 16
[    0.000000] Architected cp15 timer(s) running at 62.50MHz (virt).
[    0.000000] clocksource arch_sys_counter: mask: 0xffffffffffffff max_cycles: 0x1cd42e208c, max_idle_ns: 881590405314 ns
[    0.000158] sched_clock: 56 bits at 62MHz, resolution 16ns, wraps every 4398046511096ns
[    0.000314] Switching to timer-based delay loop, resolution 16ns
[    0.003473] Console: colour dummy device 80x30
[    0.003809] Calibrating delay loop (skipped), value calculated using timer frequency.. 125.00 BogoMIPS (lpj=625000)
[    0.003944] pid_max: default: 32768 minimum: 301
[    0.004839] Mount-cache hash table entries: 1024 (order: 0, 4096 bytes)
[    0.004879] Mountpoint-cache hash table entries: 1024 (order: 0, 4096 bytes)
[    0.014195] CPU: Testing write buffer coherency: ok
[    0.020706] Setting up static identity map for 0x40008240 - 0x40008298
[    0.035792] VFP support v0.3: implementor 41 architecture 4 part 30 variant f rev 0
[    0.120228] clocksource jiffies: mask: 0xffffffff max_cycles: 0xffffffff, max_idle_ns: 19112604462750000 ns
[    0.129754] NET: Registered protocol family 16
[    0.133061] DMA: preallocated 256 KiB pool for atomic coherent allocations
[    0.137234] cpuidle: using governor ladder
[    0.137413] cpuidle: using governor menu
[    0.217398] Serial: AMBA PL011 UART driver
[    0.219867] 9000000.pl011: ttyS0 at MMIO 0x9000000 (irq = 54, base_baud = 0) is a PL011 rev1
[    0.227966] console [ttyS0] enabled
[    0.252377] vgaarb: loaded
[    0.254135] SCSI subsystem initialized
[    0.255365] usbcore: registered new interface driver usbfs
[    0.255721] usbcore: registered new interface driver hub
[    0.256046] usbcore: registered new device driver usb
[    0.265994] cfg80211: Calling CRDA to update world regulatory domain
[    0.268403] Switched to clocksource arch_sys_counter
[    0.286853] NET: Registered protocol family 2
[    0.292415] TCP established hash table entries: 2048 (order: 1, 8192 bytes)
[    0.292703] TCP bind hash table entries: 2048 (order: 1, 8192 bytes)
[    0.293021] TCP: Hash tables configured (established 2048 bind 2048)
[    0.293592] UDP hash table entries: 256 (order: 0, 4096 bytes)
[    0.293870] UDP-Lite hash table entries: 256 (order: 0, 4096 bytes)
[    0.374886] NET: Registered protocol family 1
[    0.375429] PCI: CLS 0 bytes, default 64
[    0.382892] NetWinder Floating Point Emulator V0.97 (extended precision)
[    0.385880] futex hash table entries: 256 (order: -1, 3072 bytes)
[    0.391792] squashfs: version 4.0 (2009/01/31) Phillip Lougher
[    0.392845] jffs2: version 2.2. (NAND) © 2001-2006 Red Hat, Inc.
[    0.393706] romfs: ROMFS MTD (C) 2007 Red Hat, Inc.
[    0.403109] Block layer SCSI generic (bsg) driver version 0.4 loaded (major 253)
[    0.403509] io scheduler noop registered
[    0.403758] io scheduler cfq registered (default)
[    0.404472] firmadyne: devfs: 1, execute: 1, procfs: 1, syscall: 1
[    0.405941] ------------[ cut here ]------------
[    0.406145] WARNING: CPU: 0 PID: 1 at /home/vagrant/firmadyne-kernel/kernel-v4.1/fs/sysfs/dir.c:31 sysfs_warn_dup+0x50/0x6c()
[    0.406405] sysfs: cannot create duplicate filename '/class/gpio'
[    0.406563] Modules linked in:
[    0.406908] CPU: 0 PID: 1 Comm: swapper Not tainted 4.1.17+ #1
[    0.407044] Hardware name: Generic DT based system
[    0.407775] [<c001c99c>] (unwind_backtrace) from [<c0019d30>] (show_stack+0x10/0x14)
[    0.408047] [<c0019d30>] (show_stack) from [<c0024ab4>] (warn_slowpath_common+0x80/0xa8)
[    0.408498] [<c0024ab4>] (warn_slowpath_common) from [<c0024b08>] (warn_slowpath_fmt+0x2c/0x3c)
[    0.408742] [<c0024b08>] (warn_slowpath_fmt) from [<c00e363c>] (sysfs_warn_dup+0x50/0x6c)
[    0.408920] [<c00e363c>] (sysfs_warn_dup) from [<c00e3714>] (sysfs_create_dir_ns+0x74/0x84)
[    0.409101] [<c00e3714>] (sysfs_create_dir_ns) from [<c018e6ac>] (kobject_add_internal+0xb8/0x2ac)
[    0.409288] [<c018e6ac>] (kobject_add_internal) from [<c018e9a8>] (kset_register+0x1c/0x44)
[    0.409483] [<c018e9a8>] (kset_register) from [<c02090b4>] (__class_register+0xa8/0x198)
[    0.409658] [<c02090b4>] (__class_register) from [<c02091e4>] (__class_create+0x40/0x70)
[    0.409829] [<c02091e4>] (__class_create) from [<c01adf68>] (register_devfs_stubs+0x314/0xbb4)
[    0.410010] [<c01adf68>] (register_devfs_stubs) from [<c05d9b08>] (init_module+0x28/0xa4)
[    0.410217] [<c05d9b08>] (init_module) from [<c0009670>] (do_one_initcall+0x104/0x1b4)
[    0.410423] [<c0009670>] (do_one_initcall) from [<c05c7d08>] (kernel_init_freeable+0xf0/0x1b0)
[    0.410607] [<c05c7d08>] (kernel_init_freeable) from [<c040f28c>] (kernel_init+0x8/0xe4)
[    0.410774] [<c040f28c>] (kernel_init) from [<c0016da8>] (ret_from_fork+0x14/0x2c)
[    0.411029] ---[ end trace af9499a4e0ca8f88 ]---
[    0.411224] ------------[ cut here ]------------
[    0.411336] WARNING: CPU: 0 PID: 1 at /home/vagrant/firmadyne-kernel/kernel-v4.1/lib/kobject.c:240 kobject_add_internal+0x240/0x2ac()
[    0.411552] kobject_add_internal failed for gpio with -EEXIST, don't try to register things with the same name in the same directory.
[    0.411762] Modules linked in:
[    0.411904] CPU: 0 PID: 1 Comm: swapper Tainted: G        W       4.1.17+ #1
[    0.412040] Hardware name: Generic DT based system
[    0.412158] [<c001c99c>] (unwind_backtrace) from [<c0019d30>] (show_stack+0x10/0x14)
[    0.412321] [<c0019d30>] (show_stack) from [<c0024ab4>] (warn_slowpath_common+0x80/0xa8)
[    0.412491] [<c0024ab4>] (warn_slowpath_common) from [<c0024b08>] (warn_slowpath_fmt+0x2c/0x3c)
[    0.412669] [<c0024b08>] (warn_slowpath_fmt) from [<c018e834>] (kobject_add_internal+0x240/0x2ac)
[    0.412860] [<c018e834>] (kobject_add_internal) from [<c018e9a8>] (kset_register+0x1c/0x44)
[    0.413031] [<c018e9a8>] (kset_register) from [<c02090b4>] (__class_register+0xa8/0x198)
[    0.413197] [<c02090b4>] (__class_register) from [<c02091e4>] (__class_create+0x40/0x70)
[    0.413404] [<c02091e4>] (__class_create) from [<c01adf68>] (register_devfs_stubs+0x314/0xbb4)
[    0.413583] [<c01adf68>] (register_devfs_stubs) from [<c05d9b08>] (init_module+0x28/0xa4)
[    0.413786] [<c05d9b08>] (init_module) from [<c0009670>] (do_one_initcall+0x104/0x1b4)
[    0.413951] [<c0009670>] (do_one_initcall) from [<c05c7d08>] (kernel_init_freeable+0xf0/0x1b0)
[    0.414124] [<c05c7d08>] (kernel_init_freeable) from [<c040f28c>] (kernel_init+0x8/0xe4)
[    0.414286] [<c040f28c>] (kernel_init) from [<c0016da8>] (ret_from_fork+0x14/0x2c)
[    0.414448] ---[ end trace af9499a4e0ca8f89 ]---
[    0.414608] firmadyne: Cannot create device class: gpio!
[    0.416402] firmadyne: Cannot register character device: watchdog, 0xa, 0x82!
[    0.416585] firmadyne: Cannot register character device: wdt, 0xfd, 0x0!
[    0.502095] PCI host bridge /pcie@10000000 ranges:
[    0.502684]    IO 0x3eff0000..0x3effffff -> 0x00000000
[    0.503058]   MEM 0x10000000..0x3efeffff -> 0x10000000
[    0.503204]   MEM 0x8000000000..0xffffffffff -> 0x8000000000
[    0.503865] pci-host-generic 3f000000.pcie: resource collision: [mem 0x00000000-0xffffffff] conflicts with /pl011@9000000 [mem 0x09000000-0x09000fff]
[    0.504605] pci-host-generic: probe of 3f000000.pcie failed with error -16
[    0.516316] Non-volatile memory driver v1.3
[    0.654169] brd: module loaded
[    0.664337] loop: module loaded
[    0.753551]  vda: vda1
[    0.765651] 0.flash: Found 2 x16 devices at 0x0 in 32-bit bank. Manufacturer ID 0x000000 Chip ID 0x000000
[    0.766327] Intel/Sharp Extended Query Table at 0x0031
[    0.767497] Using buffer write method
[    0.767929] erase region 0: offset=0x0,size=0x40000,blocks=256
[    0.775448] 0.flash: Found 2 x16 devices at 0x0 in 32-bit bank. Manufacturer ID 0x000000 Chip ID 0x000000
[    0.775718] Intel/Sharp Extended Query Table at 0x0031
[    0.776498] Using buffer write method
[    0.776619] erase region 0: offset=0x0,size=0x40000,blocks=256
[    0.776840] Concatenating MTD devices:
[    0.776946] (0): "0.flash"
[    0.777020] (1): "0.flash"
[    0.777087] into device "0.flash"
[    0.790546] [nandsim] warning: read_byte: unexpected data output cycle, state is STATE_READY return 0x0
[    0.790805] [nandsim] warning: read_byte: unexpected data output cycle, state is STATE_READY return 0x0
[    0.790980] [nandsim] warning: read_byte: unexpected data output cycle, state is STATE_READY return 0x0
[    0.791182] [nandsim] warning: read_byte: unexpected data output cycle, state is STATE_READY return 0x0
[    0.791353] [nandsim] warning: read_byte: unexpected data output cycle, state is STATE_READY return 0x0
[    0.791521] [nandsim] warning: read_byte: unexpected data output cycle, state is STATE_READY return 0x0
[    0.791963] nand: device found, Manufacturer ID: 0x98, Chip ID: 0x39
[    0.792115] nand: Toshiba NAND 128MiB 1,8V 8-bit
[    0.792238] nand: 128 MiB, SLC, erase size: 16 KiB, page size: 512, OOB size: 16
[    0.793165] flash size: 128 MiB
[    0.793254] page size: 512 bytes
[    0.793347] OOB area size: 16 bytes
[    0.793428] sector size: 16 KiB
[    0.793499] pages number: 262144
[    0.793572] pages per sector: 32
[    0.793647] bus width: 8
[    0.793708] bits in sector size: 14
[    0.793785] bits in page size: 9
[    0.793860] bits in OOB size: 4
[    0.793937] flash size with OOB: 135168 KiB
[    0.794025] page address bytes: 4
[    0.794098] sector address bytes: 3
[    0.794177] options: 0x42
[    0.857234] Scanning device for bad blocks
[    0.978823] firmadyne: do_execve: /firmadyne/console
[    0.979045] OFFSETS: offset of pid: 0x190 offset of comm: 0x270
[    0.979531] Creating 11 MTD partitions on "NAND 128MiB 1,8V 8-bit":
[    0.979960] 0x000000000000-0x000000100000 : "NAND simulator partition 0"
[    0.982344] 0x000000100000-0x000000200000 : "NAND simulator partition 1"
[    0.983740] 0x000000200000-0x000000300000 : "NAND simulator partition 2"
[    0.985166] 0x000000300000-0x000000400000 : "NAND simulator partition 3"
[    0.986656] 0x000000400000-0x000000500000 : "NAND simulator partition 4"
[    0.988248] 0x000000500000-0x000000600000 : "NAND simulator partition 5"
[    0.989703] 0x000000600000-0x000000700000 : "NAND simulator partition 6"
[    0.991346] 0x000000700000-0x000000800000 : "NAND simulator partition 7"
[    0.992706] 0x000000800000-0x000000900000 : "NAND simulator partition 8"
[    0.994114] 0x000000900000-0x000000a00000 : "NAND simulator partition 9"
[    0.995549] 0x000000a00000-0x000008000000 : "NAND simulator partition 10"
[    1.001682] tun: Universal TUN/TAP device driver, 1.6
[    1.001838] tun: (C) 1999-2004 Max Krasnyansky <maxk@qualcomm.com>
[    1.127675] PPP generic driver version 2.4.2
[    1.128878] PPP BSD Compression module registered
[    1.129064] PPP Deflate Compression module registered
[    1.129298] PPP MPPE Compression module registered
[    1.129473] NET: Registered protocol family 24
[    1.129810] PPTP driver version 0.8.5
[    1.178613] usbcore: registered new interface driver usb-storage
[    1.231971] rtc-pl031 9010000.pl031: rtc core: registered pl031 as rtc0
[    1.232796] hidraw: raw HID events driver (C) Jiri Kosina
[    1.233459] usbcore: registered new interface driver usbhid
[    1.233666] usbhid: USB HID core driver
[    1.234155] Netfilter messages via NETLINK v0.30.
[    1.234859] nf_conntrack version 0.5.0 (3958 buckets, 15832 max)
[    1.236312] ctnetlink v0.93: registering with nfnetlink.
[    1.237888] ipip: IPv4 over IPv4 tunneling driver
[    1.240272] gre: GRE over IPv4 demultiplexor driver
[    1.240438] ip_gre: GRE over IPv4 tunneling driver
[    1.245418] ip_tables: (C) 2000-2006 Netfilter Core Team
[    1.247285] arp_tables: (C) 2002 David S. Miller
[    1.248581] Initializing XFRM netlink socket
[    1.249132] NET: Registered protocol family 10
[    1.256660] ip6_tables: (C) 2000-2006 Netfilter Core Team
[    1.258787] sit: IPv6 over IPv4 tunneling driver
[    1.263086] NET: Registered protocol family 17
[    1.263827] bridge: automatic filtering via arp/ip/ip6tables has been deprecated. Update your scripts to load br_netfilter if you need this.
[    1.264171] Bridge firewalling registered
[    1.264349] Ebtables v2.0 registered
[    1.265776] 8021q: 802.1Q VLAN Support v1.8
[    1.266466] Registering SWP/SWPB emulation handler
[    1.269614] rtc-pl031 9010000.pl031: setting system clock to 2018-07-19 08:10:36 UTC (1531987836)
[    1.280624] EXT4-fs (vda1): couldn't mount as ext3 due to feature incompatibilities
[    1.282873] EXT4-fs (vda1): mounting ext2 file system using the ext4 subsystem
[    1.383609] EXT4-fs (vda1): mounted filesystem without journal. Opts: (null)
[    1.384766] VFS: Mounted root (ext2 filesystem) on device 254:1.
[    1.403599] Freeing unused kernel memory: 180K (c05c7000 - c05f4000)
[    1.455405] random: sh urandom read with 3 bits of entropy available
/ # [    3.421115] cfg80211: Calling CRDA to update world regulatory domain
[    6.568560] cfg80211: Calling CRDA to update world regulatory domain
[    9.719307] cfg80211: Calling CRDA to update world regulatory domain
[   12.869103] cfg80211: Calling CRDA to update world regulatory domain
[   16.021431] cfg80211: Calling CRDA to update world regulatory domain
[   19.170153] cfg80211: Calling CRDA to update world regulatory domain
[   22.319899] cfg80211: Calling CRDA to update world regulatory domain
[   25.469264] cfg80211: Calling CRDA to update world regulatory domain
[   28.619132] cfg80211: Calling CRDA to update world regulatory domain
[   31.769926] cfg80211: Calling CRDA to update world regulatory domain
[   34.920518] cfg80211: Exceeded CRDA call max attempts. Not calling CRDA
Starting firmware emulation... use Ctrl-a + x to exit
qemu-system-arm: terminating on signal 2 from pid 46313 (timeout)
[    0.000000] Booting Linux on physical CPU 0x0
[    0.000000] Linux version 4.1.17+ (vagrant@vagrant-ubuntu-trusty-64) (gcc version 5.3.0 (GCC) ) #1 Thu Feb 18 01:05:21 UTC 2016
[    0.000000] CPU: ARMv7 Processor [412fc0f1] revision 1 (ARMv7), cr=10c5387d
[    0.000000] CPU: PIPT / VIPT nonaliasing data cache, PIPT instruction cache
[    0.000000] Machine model: linux,dummy-virt
[    0.000000] debug: ignoring loglevel setting.
[    0.000000] Memory policy: Data cache writeback
[    0.000000] On node 0 totalpages: 65536
[    0.000000] free_area_init_node: node 0, pgdat c061dfe8, node_mem_map cfdf9000
[    0.000000]   Normal zone: 512 pages used for memmap
[    0.000000]   Normal zone: 0 pages reserved
[    0.000000]   Normal zone: 65536 pages, LIFO batch:15
[    0.000000] psci: probing for conduit method from DT.
[    0.000000] psci: PSCIv0.2 detected in firmware.
[    0.000000] psci: Using standard PSCI v0.2 function IDs
[    0.000000] CPU: All CPU(s) started in SVC mode.
[    0.000000] pcpu-alloc: s0 r0 d32768 u32768 alloc=1*32768
[    0.000000] pcpu-alloc: [0] 0 
[    0.000000] Built 1 zonelists in Zone order, mobility grouping on.  Total pages: 65024
[    0.000000] Kernel command line: root=/dev/vda1 console=ttyS0 nandsim.parts=64,64,64,64,64,64,64,64,64,64 rdinit=/firmadyne/preInit.sh rw debug ignore_loglevel print-fatal-signals=1 user_debug=31 firmadyne.syscall=0
[    0.000000] PID hash table entries: 1024 (order: 0, 4096 bytes)
[    0.000000] Dentry cache hash table entries: 32768 (order: 5, 131072 bytes)
[    0.000000] Inode-cache hash table entries: 16384 (order: 4, 65536 bytes)
[    0.000000] Memory: 253340K/262144K available (4297K kernel code, 170K rwdata, 1584K rodata, 180K init, 148K bss, 8804K reserved, 0K cma-reserved)
[    0.000000] Virtual kernel memory layout:
[    0.000000]     vector  : 0xffff0000 - 0xffff1000   (   4 kB)
[    0.000000]     fixmap  : 0xffc00000 - 0xfff00000   (3072 kB)
[    0.000000]     vmalloc : 0xd0800000 - 0xff000000   ( 744 MB)
[    0.000000]     lowmem  : 0xc0000000 - 0xd0000000   ( 256 MB)
[    0.000000]     modules : 0xbf000000 - 0xc0000000   (  16 MB)
[    0.000000]       .text : 0xc0008000 - 0xc05c67bc   (5882 kB)
[    0.000000]       .init : 0xc05c7000 - 0xc05f4000   ( 180 kB)
[    0.000000]       .data : 0xc05f4000 - 0xc061e840   ( 171 kB)
[    0.000000]        .bss : 0xc0621000 - 0xc06462d4   ( 149 kB)
[    0.000000] NR_IRQS:16 nr_irqs:16 16
[    0.000000] Architected cp15 timer(s) running at 62.50MHz (virt).
[    0.000000] clocksource arch_sys_counter: mask: 0xffffffffffffff max_cycles: 0x1cd42e208c, max_idle_ns: 881590405314 ns
[    0.000139] sched_clock: 56 bits at 62MHz, resolution 16ns, wraps every 4398046511096ns
[    0.000264] Switching to timer-based delay loop, resolution 16ns
[    0.003590] Console: colour dummy device 80x30
[    0.003915] Calibrating delay loop (skipped), value calculated using timer frequency.. 125.00 BogoMIPS (lpj=625000)
[    0.004033] pid_max: default: 32768 minimum: 301
[    0.004938] Mount-cache hash table entries: 1024 (order: 0, 4096 bytes)
[    0.004974] Mountpoint-cache hash table entries: 1024 (order: 0, 4096 bytes)
[    0.014602] CPU: Testing write buffer coherency: ok
[    0.021243] Setting up static identity map for 0x40008240 - 0x40008298
[    0.106266] VFP support v0.3: implementor 41 architecture 4 part 30 variant f rev 0
[    0.114598] clocksource jiffies: mask: 0xffffffff max_cycles: 0xffffffff, max_idle_ns: 19112604462750000 ns
[    0.123369] NET: Registered protocol family 16
[    0.126431] DMA: preallocated 256 KiB pool for atomic coherent allocations
[    0.130351] cpuidle: using governor ladder
[    0.130505] cpuidle: using governor menu
[    0.232942] Serial: AMBA PL011 UART driver
[    0.235260] 9000000.pl011: ttyS0 at MMIO 0x9000000 (irq = 54, base_baud = 0) is a PL011 rev1
[    0.243459] console [ttyS0] enabled
[    0.268626] vgaarb: loaded
[    0.270047] SCSI subsystem initialized
[    0.271108] usbcore: registered new interface driver usbfs
[    0.271471] usbcore: registered new interface driver hub
[    0.271800] usbcore: registered new device driver usb
[    0.280465] cfg80211: Calling CRDA to update world regulatory domain
[    0.282738] Switched to clocksource arch_sys_counter
[    0.300106] NET: Registered protocol family 2
[    0.352956] TCP established hash table entries: 2048 (order: 1, 8192 bytes)
[    0.353253] TCP bind hash table entries: 2048 (order: 1, 8192 bytes)
[    0.353568] TCP: Hash tables configured (established 2048 bind 2048)
[    0.354146] UDP hash table entries: 256 (order: 0, 4096 bytes)
[    0.354404] UDP-Lite hash table entries: 256 (order: 0, 4096 bytes)
[    0.355976] NET: Registered protocol family 1
[    0.356447] PCI: CLS 0 bytes, default 64
[    0.364108] NetWinder Floating Point Emulator V0.97 (extended precision)
[    0.366949] futex hash table entries: 256 (order: -1, 3072 bytes)
[    0.373078] squashfs: version 4.0 (2009/01/31) Phillip Lougher
[    0.374561] jffs2: version 2.2. (NAND) © 2001-2006 Red Hat, Inc.
[    0.375429] romfs: ROMFS MTD (C) 2007 Red Hat, Inc.
[    0.384765] Block layer SCSI generic (bsg) driver version 0.4 loaded (major 253)
[    0.385114] io scheduler noop registered
[    0.385400] io scheduler cfq registered (default)
[    0.386084] firmadyne: devfs: 1, execute: 1, procfs: 1, syscall: 0
[    0.387525] ------------[ cut here ]------------
[    0.387731] WARNING: CPU: 0 PID: 1 at /home/vagrant/firmadyne-kernel/kernel-v4.1/fs/sysfs/dir.c:31 sysfs_warn_dup+0x50/0x6c()
[    0.387968] sysfs: cannot create duplicate filename '/class/gpio'
[    0.388122] Modules linked in:
[    0.388451] CPU: 0 PID: 1 Comm: swapper Not tainted 4.1.17+ #1
[    0.388584] Hardware name: Generic DT based system
[    0.389273] [<c001c99c>] (unwind_backtrace) from [<c0019d30>] (show_stack+0x10/0x14)
[    0.389552] [<c0019d30>] (show_stack) from [<c0024ab4>] (warn_slowpath_common+0x80/0xa8)
[    0.389758] [<c0024ab4>] (warn_slowpath_common) from [<c0024b08>] (warn_slowpath_fmt+0x2c/0x3c)
[    0.389978] [<c0024b08>] (warn_slowpath_fmt) from [<c00e363c>] (sysfs_warn_dup+0x50/0x6c)
[    0.390145] [<c00e363c>] (sysfs_warn_dup) from [<c00e3714>] (sysfs_create_dir_ns+0x74/0x84)
[    0.390314] [<c00e3714>] (sysfs_create_dir_ns) from [<c018e6ac>] (kobject_add_internal+0xb8/0x2ac)
[    0.390524] [<c018e6ac>] (kobject_add_internal) from [<c018e9a8>] (kset_register+0x1c/0x44)
[    0.390703] [<c018e9a8>] (kset_register) from [<c02090b4>] (__class_register+0xa8/0x198)
[    0.390903] [<c02090b4>] (__class_register) from [<c02091e4>] (__class_create+0x40/0x70)
[    0.391111] [<c02091e4>] (__class_create) from [<c01adf68>] (register_devfs_stubs+0x314/0xbb4)
[    0.391307] [<c01adf68>] (register_devfs_stubs) from [<c05d9b08>] (init_module+0x28/0xa4)
[    0.391533] [<c05d9b08>] (init_module) from [<c0009670>] (do_one_initcall+0x104/0x1b4)
[    0.391706] [<c0009670>] (do_one_initcall) from [<c05c7d08>] (kernel_init_freeable+0xf0/0x1b0)
[    0.391912] [<c05c7d08>] (kernel_init_freeable) from [<c040f28c>] (kernel_init+0x8/0xe4)
[    0.392085] [<c040f28c>] (kernel_init) from [<c0016da8>] (ret_from_fork+0x14/0x2c)
[    0.392333] ---[ end trace ca878b3645668f3d ]---
[    0.392778] ------------[ cut here ]------------
[    0.392914] WARNING: CPU: 0 PID: 1 at /home/vagrant/firmadyne-kernel/kernel-v4.1/lib/kobject.c:240 kobject_add_internal+0x240/0x2ac()
[    0.393117] kobject_add_internal failed for gpio with -EEXIST, don't try to register things with the same name in the same directory.
[    0.393313] Modules linked in:
[    0.393470] CPU: 0 PID: 1 Comm: swapper Tainted: G        W       4.1.17+ #1
[    0.393603] Hardware name: Generic DT based system
[    0.393732] [<c001c99c>] (unwind_backtrace) from [<c0019d30>] (show_stack+0x10/0x14)
[    0.393885] [<c0019d30>] (show_stack) from [<c0024ab4>] (warn_slowpath_common+0x80/0xa8)
[    0.394044] [<c0024ab4>] (warn_slowpath_common) from [<c0024b08>] (warn_slowpath_fmt+0x2c/0x3c)
[    0.394211] [<c0024b08>] (warn_slowpath_fmt) from [<c018e834>] (kobject_add_internal+0x240/0x2ac)
[    0.394390] [<c018e834>] (kobject_add_internal) from [<c018e9a8>] (kset_register+0x1c/0x44)
[    0.394571] [<c018e9a8>] (kset_register) from [<c02090b4>] (__class_register+0xa8/0x198)
[    0.394747] [<c02090b4>] (__class_register) from [<c02091e4>] (__class_create+0x40/0x70)
[    0.394902] [<c02091e4>] (__class_create) from [<c01adf68>] (register_devfs_stubs+0x314/0xbb4)
[    0.395115] [<c01adf68>] (register_devfs_stubs) from [<c05d9b08>] (init_module+0x28/0xa4)
[    0.395318] [<c05d9b08>] (init_module) from [<c0009670>] (do_one_initcall+0x104/0x1b4)
[    0.395493] [<c0009670>] (do_one_initcall) from [<c05c7d08>] (kernel_init_freeable+0xf0/0x1b0)
[    0.395662] [<c05c7d08>] (kernel_init_freeable) from [<c040f28c>] (kernel_init+0x8/0xe4)
[    0.395830] [<c040f28c>] (kernel_init) from [<c0016da8>] (ret_from_fork+0x14/0x2c)
[    0.395983] ---[ end trace ca878b3645668f3e ]---
[    0.396160] firmadyne: Cannot create device class: gpio!
[    0.397947] firmadyne: Cannot register character device: watchdog, 0xa, 0x82!
[    0.398135] firmadyne: Cannot register character device: wdt, 0xfd, 0x0!
[    0.478743] PCI host bridge /pcie@10000000 ranges:
[    0.479370]    IO 0x3eff0000..0x3effffff -> 0x00000000
[    0.479775]   MEM 0x10000000..0x3efeffff -> 0x10000000
[    0.479897]   MEM 0x8000000000..0xffffffffff -> 0x8000000000
[    0.480558] pci-host-generic 3f000000.pcie: resource collision: [mem 0x00000000-0xffffffff] conflicts with /pl011@9000000 [mem 0x09000000-0x09000fff]
[    0.481263] pci-host-generic: probe of 3f000000.pcie failed with error -16
[    0.493398] Non-volatile memory driver v1.3
[    0.614204] brd: module loaded
[    0.624797] loop: module loaded
[    0.715302]  vda: vda1
[    0.727049] 0.flash: Found 2 x16 devices at 0x0 in 32-bit bank. Manufacturer ID 0x000000 Chip ID 0x000000
[    0.727665] Intel/Sharp Extended Query Table at 0x0031
[    0.728737] Using buffer write method
[    0.729137] erase region 0: offset=0x0,size=0x40000,blocks=256
[    0.736349] 0.flash: Found 2 x16 devices at 0x0 in 32-bit bank. Manufacturer ID 0x000000 Chip ID 0x000000
[    0.736589] Intel/Sharp Extended Query Table at 0x0031
[    0.737288] Using buffer write method
[    0.737396] erase region 0: offset=0x0,size=0x40000,blocks=256
[    0.737599] Concatenating MTD devices:
[    0.737697] (0): "0.flash"
[    0.737767] (1): "0.flash"
[    0.737830] into device "0.flash"
[    0.749701] [nandsim] warning: read_byte: unexpected data output cycle, state is STATE_READY return 0x0
[    0.749958] [nandsim] warning: read_byte: unexpected data output cycle, state is STATE_READY return 0x0
[    0.750122] [nandsim] warning: read_byte: unexpected data output cycle, state is STATE_READY return 0x0
[    0.750280] [nandsim] warning: read_byte: unexpected data output cycle, state is STATE_READY return 0x0
[    0.750437] [nandsim] warning: read_byte: unexpected data output cycle, state is STATE_READY return 0x0
[    0.750594] [nandsim] warning: read_byte: unexpected data output cycle, state is STATE_READY return 0x0
[    0.750995] nand: device found, Manufacturer ID: 0x98, Chip ID: 0x39
[    0.751132] nand: Toshiba NAND 128MiB 1,8V 8-bit
[    0.751248] nand: 128 MiB, SLC, erase size: 16 KiB, page size: 512, OOB size: 16
[    0.752132] flash size: 128 MiB
[    0.752212] page size: 512 bytes
[    0.752282] OOB area size: 16 bytes
[    0.752355] sector size: 16 KiB
[    0.752421] pages number: 262144
[    0.753216] pages per sector: 32
[    0.753329] bus width: 8
[    0.753391] bits in sector size: 14
[    0.753487] bits in page size: 9
[    0.753562] bits in OOB size: 4
[    0.753636] flash size with OOB: 135168 KiB
[    0.753718] page address bytes: 4
[    0.753786] sector address bytes: 3
[    0.753858] options: 0x42
[    0.818798] Scanning device for bad blocks
[    0.930227] firmadyne: do_execve: /firmadyne/console
[    0.930466] OFFSETS: offset of pid: 0x190 offset of comm: 0x270
[    0.931000] Creating 11 MTD partitions on "NAND 128MiB 1,8V 8-bit":
[    0.931418] 0x000000000000-0x000000100000 : "NAND simulator partition 0"
[    0.933903] 0x000000100000-0x000000200000 : "NAND simulator partition 1"
[    0.935441] 0x000000200000-0x000000300000 : "NAND simulator partition 2"
[    0.936901] 0x000000300000-0x000000400000 : "NAND simulator partition 3"
[    0.938396] 0x000000400000-0x000000500000 : "NAND simulator partition 4"
[    0.939874] 0x000000500000-0x000000600000 : "NAND simulator partition 5"
[    0.941340] 0x000000600000-0x000000700000 : "NAND simulator partition 6"
[    0.943225] 0x000000700000-0x000000800000 : "NAND simulator partition 7"
[    0.944667] 0x000000800000-0x000000900000 : "NAND simulator partition 8"
[    0.946091] 0x000000900000-0x000000a00000 : "NAND simulator partition 9"
[    0.947556] 0x000000a00000-0x000008000000 : "NAND simulator partition 10"
[    0.953604] tun: Universal TUN/TAP device driver, 1.6
[    0.953783] tun: (C) 1999-2004 Max Krasnyansky <maxk@qualcomm.com>
[    1.081232] PPP generic driver version 2.4.2
[    1.131636] PPP BSD Compression module registered
[    1.131905] PPP Deflate Compression module registered
[    1.132114] PPP MPPE Compression module registered
[    1.132234] NET: Registered protocol family 24
[    1.132645] PPTP driver version 0.8.5
[    1.184335] usbcore: registered new interface driver usb-storage
[    1.187934] rtc-pl031 9010000.pl031: rtc core: registered pl031 as rtc0
[    1.188650] hidraw: raw HID events driver (C) Jiri Kosina
[    1.189165] usbcore: registered new interface driver usbhid
[    1.189281] usbhid: USB HID core driver
[    1.189747] Netfilter messages via NETLINK v0.30.
[    1.190398] nf_conntrack version 0.5.0 (3958 buckets, 15832 max)
[    1.191801] ctnetlink v0.93: registering with nfnetlink.
[    1.193355] ipip: IPv4 over IPv4 tunneling driver
[    1.195399] gre: GRE over IPv4 demultiplexor driver
[    1.195566] ip_gre: GRE over IPv4 tunneling driver
[    1.200022] ip_tables: (C) 2000-2006 Netfilter Core Team
[    1.201617] arp_tables: (C) 2002 David S. Miller
[    1.202797] Initializing XFRM netlink socket
[    1.203377] NET: Registered protocol family 10
[    1.210241] ip6_tables: (C) 2000-2006 Netfilter Core Team
[    1.211892] sit: IPv6 over IPv4 tunneling driver
[    1.215725] NET: Registered protocol family 17
[    1.216317] bridge: automatic filtering via arp/ip/ip6tables has been deprecated. Update your scripts to load br_netfilter if you need this.
[    1.216618] Bridge firewalling registered
[    1.216745] Ebtables v2.0 registered
[    1.217826] 8021q: 802.1Q VLAN Support v1.8
[    1.218392] Registering SWP/SWPB emulation handler
[    1.221102] rtc-pl031 9010000.pl031: setting system clock to 2018-07-19 08:11:38 UTC (1531987898)
[    1.231030] EXT4-fs (vda1): couldn't mount as ext3 due to feature incompatibilities
[    1.288212] EXT4-fs (vda1): mounting ext2 file system using the ext4 subsystem
[    1.296919] EXT4-fs (vda1): warning: mounting unchecked fs, running e2fsck is recommended
[    1.299850] EXT4-fs (vda1): mounted filesystem without journal. Opts: (null)
[    1.300950] VFS: Mounted root (ext2 filesystem) on device 254:1.
[    1.318303] Freeing unused kernel memory: 180K (c05c7000 - c05f4000)
[    1.369594] random: sh urandom read with 3 bits of entropy available
/ # [    3.435799] cfg80211: Calling CRDA to update world regulatory domain
[    6.583065] cfg80211: Calling CRDA to update world regulatory domain
[    9.733675] cfg80211: Calling CRDA to update world regulatory domain
[   12.883354] cfg80211: Calling CRDA to update world regulatory domain
[   16.035793] cfg80211: Calling CRDA to update world regulatory domain
[   19.184991] cfg80211: Calling CRDA to update world regulatory domain
[   22.334026] cfg80211: Calling CRDA to update world regulatory domain
[   25.483281] cfg80211: Calling CRDA to update world regulatory domain
[   28.633316] cfg80211: Calling CRDA to update world regulatory domain
[   31.783530] cfg80211: Calling CRDA to update world regulatory domain
[   34.934935] cfg80211: Exceeded CRDA call max attempts. Not calling CRDA
