>> Database Image ID: 174

/home/zhumengfan/firmware/firmwares/acf7eb964108b033cb55d5fefd0e6f8803b42fdb.trx
>> MD5: 917f12b12beb7e9c12f4bfc6b6175ca8
>> Tag: 174
>> Temp: /tmp/tmpBN8Rq4
>> Status: Kernel: True, Rootfs: False, Do_Kernel: False,                 Do_Rootfs: True
>>>> Squashfs filesystem, little endian, version 4.0, compression:xz, size: 8067352 bytes, 1231 inodes, blocksize: 131072 bytes, created: 2014-07-09 11:38:04
>>>> Found Linux filesystem in /tmp/tmpBN8Rq4/_acf7eb964108b033cb55d5fefd0e6f8803b42fdb.trx.extracted/squashfs-root!
>> Skipping: completed!
>> Cleaning up /tmp/tmpBN8Rq4...
./bin/busybox: armel
Querying database for architecture... armel
----Running----
----Copying Filesystem Tarball----
----Creating QEMU Image----
Formatting '/home/zhumengfan/firmadyne//scratch//174//image.raw', fmt=raw size=1073741824
----Creating Partition Table----

Welcome to fdisk (util-linux 2.27.1).
Changes will remain in memory only, until you decide to write them.
Be careful before using the write command.

Device does not contain a recognized partition table.
Created a new DOS disklabel with disk identifier 0x1c15a334.

Command (m for help): Created a new DOS disklabel with disk identifier 0xc1a42349.

Command (m for help): Partition type
   p   primary (0 primary, 0 extended, 4 free)
   e   extended (container for logical partitions)
Select (default p): Partition number (1-4, default 1): First sector (2048-2097151, default 2048): Last sector, +sectors or +size{K,M,G,T,P} (2048-2097151, default 2097151): 
Created a new partition 1 of type 'Linux' and of size 1023 MiB.

Command (m for help): The partition table has been altered.
Syncing disks.

----Mounting QEMU Image----
add map loop0p1 (252:0): 0 2095104 linear 7:0 2048
----Creating Filesystem----
mke2fs 1.42.13 (17-May-2015)
Discarding device blocks:   4096/261888             done                            
Creating filesystem with 261888 4k blocks and 65536 inodes
Filesystem UUID: cb7f6cdc-8c02-4b65-9192-f7f2fc23088e
Superblock backups stored on blocks: 
	32768, 98304, 163840, 229376

Allocating group tables: 0/8   done                            
Writing inode tables: 0/8   done                            
Writing superblocks and filesystem accounting information: 0/8   done

----Making QEMU Image Mountpoint----
----Mounting QEMU Image Partition 1----
----Extracting Filesystem Tarball----
----Creating FIRMADYNE Directories----
----Patching Filesystem (chroot)----
Creating /etc/TZ!
Creating /etc/hosts!
Creating /etc/passwd!
Warning: Recreating device nodes!
Removing /etc/scripts/sys_resetbutton!
----Setting up FIRMADYNE----
----Unmounting QEMU Image----
loop deleted : /dev/loop0
Querying database for architecture... armel
Running firmware 174: terminating after 60 secs...
qemu-system-arm: terminating on signal 2 from pid 155914 (timeout)
Inferring network...
Interfaces: []
Done!
[    0.000000] Booting Linux on physical CPU 0x0
[    0.000000] Linux version 4.1.17+ (vagrant@vagrant-ubuntu-trusty-64) (gcc version 5.3.0 (GCC) ) #1 Thu Feb 18 01:05:21 UTC 2016
[    0.000000] CPU: ARMv7 Processor [412fc0f1] revision 1 (ARMv7), cr=10c5387d
[    0.000000] CPU: PIPT / VIPT nonaliasing data cache, PIPT instruction cache
[    0.000000] Machine model: linux,dummy-virt
[    0.000000] debug: ignoring loglevel setting.
[    0.000000] Memory policy: Data cache writeback
[    0.000000] On node 0 totalpages: 65536
[    0.000000] free_area_init_node: node 0, pgdat c061dfe8, node_mem_map cfdf9000
[    0.000000]   Normal zone: 512 pages used for memmap
[    0.000000]   Normal zone: 0 pages reserved
[    0.000000]   Normal zone: 65536 pages, LIFO batch:15
[    0.000000] psci: probing for conduit method from DT.
[    0.000000] psci: PSCIv0.2 detected in firmware.
[    0.000000] psci: Using standard PSCI v0.2 function IDs
[    0.000000] CPU: All CPU(s) started in SVC mode.
[    0.000000] pcpu-alloc: s0 r0 d32768 u32768 alloc=1*32768
[    0.000000] pcpu-alloc: [0] 0 
[    0.000000] Built 1 zonelists in Zone order, mobility grouping on.  Total pages: 65024
[    0.000000] Kernel command line: firmadyne.syscall=1 root=/dev/vda1 console=ttyS0 nandsim.parts=64,64,64,64,64,64,64,64,64,64 rdinit=/firmadyne/preInit.sh rw debug ignore_loglevel print-fatal-signals=1 user_debug=31
[    0.000000] PID hash table entries: 1024 (order: 0, 4096 bytes)
[    0.000000] Dentry cache hash table entries: 32768 (order: 5, 131072 bytes)
[    0.000000] Inode-cache hash table entries: 16384 (order: 4, 65536 bytes)
[    0.000000] Memory: 253340K/262144K available (4297K kernel code, 170K rwdata, 1584K rodata, 180K init, 148K bss, 8804K reserved, 0K cma-reserved)
[    0.000000] Virtual kernel memory layout:
[    0.000000]     vector  : 0xffff0000 - 0xffff1000   (   4 kB)
[    0.000000]     fixmap  : 0xffc00000 - 0xfff00000   (3072 kB)
[    0.000000]     vmalloc : 0xd0800000 - 0xff000000   ( 744 MB)
[    0.000000]     lowmem  : 0xc0000000 - 0xd0000000   ( 256 MB)
[    0.000000]     modules : 0xbf000000 - 0xc0000000   (  16 MB)
[    0.000000]       .text : 0xc0008000 - 0xc05c67bc   (5882 kB)
[    0.000000]       .init : 0xc05c7000 - 0xc05f4000   ( 180 kB)
[    0.000000]       .data : 0xc05f4000 - 0xc061e840   ( 171 kB)
[    0.000000]        .bss : 0xc0621000 - 0xc06462d4   ( 149 kB)
[    0.000000] NR_IRQS:16 nr_irqs:16 16
[    0.000000] Architected cp15 timer(s) running at 62.50MHz (virt).
[    0.000000] clocksource arch_sys_counter: mask: 0xffffffffffffff max_cycles: 0x1cd42e208c, max_idle_ns: 881590405314 ns
[    0.000161] sched_clock: 56 bits at 62MHz, resolution 16ns, wraps every 4398046511096ns
[    0.000309] Switching to timer-based delay loop, resolution 16ns
[    0.003462] Console: colour dummy device 80x30
[    0.003806] Calibrating delay loop (skipped), value calculated using timer frequency.. 125.00 BogoMIPS (lpj=625000)
[    0.003944] pid_max: default: 32768 minimum: 301
[    0.004924] Mount-cache hash table entries: 1024 (order: 0, 4096 bytes)
[    0.004965] Mountpoint-cache hash table entries: 1024 (order: 0, 4096 bytes)
[    1.286394] CPU: Testing write buffer coherency: ok
[    1.292882] Setting up static identity map for 0x40008240 - 0x40008298
[    1.308137] VFP support v0.3: implementor 41 architecture 4 part 30 variant f rev 0
[    1.320146] clocksource jiffies: mask: 0xffffffff max_cycles: 0xffffffff, max_idle_ns: 19112604462750000 ns
[    3.378615] NET: Registered protocol family 16
[    3.381911] DMA: preallocated 256 KiB pool for atomic coherent allocations
[    3.385995] cpuidle: using governor ladder
[    3.386150] cpuidle: using governor menu
[    3.406983] Serial: AMBA PL011 UART driver
[    3.409146] 9000000.pl011: ttyS0 at MMIO 0x9000000 (irq = 54, base_baud = 0) is a PL011 rev1
[    3.416674] console [ttyS0] enabled
[    6.388497] vgaarb: loaded
[    6.390098] SCSI subsystem initialized
[    6.391172] usbcore: registered new interface driver usbfs
[    6.391532] usbcore: registered new interface driver hub
[    6.391848] usbcore: registered new device driver usb
[    6.401067] cfg80211: Calling CRDA to update world regulatory domain
[    6.403361] Switched to clocksource arch_sys_counter
[    6.421099] NET: Registered protocol family 2
[    6.426568] TCP established hash table entries: 2048 (order: 1, 8192 bytes)
[    6.426838] TCP bind hash table entries: 2048 (order: 1, 8192 bytes)
[    6.427173] TCP: Hash tables configured (established 2048 bind 2048)
[    6.427706] UDP hash table entries: 256 (order: 0, 4096 bytes)
[    6.427948] UDP-Lite hash table entries: 256 (order: 0, 4096 bytes)
[    6.429460] NET: Registered protocol family 1
[    6.429966] PCI: CLS 0 bytes, default 64
[    6.437648] NetWinder Floating Point Emulator V0.97 (extended precision)
[    6.440288] futex hash table entries: 256 (order: -1, 3072 bytes)
[    9.494284] squashfs: version 4.0 (2009/01/31) Phillip Lougher
[    9.495407] jffs2: version 2.2. (NAND) © 2001-2006 Red Hat, Inc.
[    9.496258] romfs: ROMFS MTD (C) 2007 Red Hat, Inc.
[    9.505802] Block layer SCSI generic (bsg) driver version 0.4 loaded (major 253)
[    9.506205] io scheduler noop registered
[    9.506438] io scheduler cfq registered (default)
[    9.507128] firmadyne: devfs: 1, execute: 1, procfs: 1, syscall: 1
[    9.508569] ------------[ cut here ]------------
[    9.508813] WARNING: CPU: 0 PID: 1 at /home/vagrant/firmadyne-kernel/kernel-v4.1/fs/sysfs/dir.c:31 sysfs_warn_dup+0x50/0x6c()
[    9.509042] sysfs: cannot create duplicate filename '/class/gpio'
[    9.509208] Modules linked in:
[    9.509554] CPU: 0 PID: 1 Comm: swapper Not tainted 4.1.17+ #1
[    9.509693] Hardware name: Generic DT based system
[    9.510426] [<c001c99c>] (unwind_backtrace) from [<c0019d30>] (show_stack+0x10/0x14)
[    9.510714] [<c0019d30>] (show_stack) from [<c0024ab4>] (warn_slowpath_common+0x80/0xa8)
[    9.510911] [<c0024ab4>] (warn_slowpath_common) from [<c0024b08>] (warn_slowpath_fmt+0x2c/0x3c)
[    9.511150] [<c0024b08>] (warn_slowpath_fmt) from [<c00e363c>] (sysfs_warn_dup+0x50/0x6c)
[    9.511328] [<c00e363c>] (sysfs_warn_dup) from [<c00e3714>] (sysfs_create_dir_ns+0x74/0x84)
[    9.511510] [<c00e3714>] (sysfs_create_dir_ns) from [<c018e6ac>] (kobject_add_internal+0xb8/0x2ac)
[    9.511698] [<c018e6ac>] (kobject_add_internal) from [<c018e9a8>] (kset_register+0x1c/0x44)
[    9.511882] [<c018e9a8>] (kset_register) from [<c02090b4>] (__class_register+0xa8/0x198)
[    9.512061] [<c02090b4>] (__class_register) from [<c02091e4>] (__class_create+0x40/0x70)
[    9.512241] [<c02091e4>] (__class_create) from [<c01adf68>] (register_devfs_stubs+0x314/0xbb4)
[    9.512429] [<c01adf68>] (register_devfs_stubs) from [<c05d9b08>] (init_module+0x28/0xa4)
[    9.512664] [<c05d9b08>] (init_module) from [<c0009670>] (do_one_initcall+0x104/0x1b4)
[    9.512839] [<c0009670>] (do_one_initcall) from [<c05c7d08>] (kernel_init_freeable+0xf0/0x1b0)
[    9.513027] [<c05c7d08>] (kernel_init_freeable) from [<c040f28c>] (kernel_init+0x8/0xe4)
[    9.513429] [<c040f28c>] (kernel_init) from [<c0016da8>] (ret_from_fork+0x14/0x2c)
[    9.513729] ---[ end trace 9f39204b71931a28 ]---
[    9.513959] ------------[ cut here ]------------
[    9.514079] WARNING: CPU: 0 PID: 1 at /home/vagrant/firmadyne-kernel/kernel-v4.1/lib/kobject.c:240 kobject_add_internal+0x240/0x2ac()
[    9.514295] kobject_add_internal failed for gpio with -EEXIST, don't try to register things with the same name in the same directory.
[    9.514507] Modules linked in:
[    9.514670] CPU: 0 PID: 1 Comm: swapper Tainted: G        W       4.1.17+ #1
[    9.514807] Hardware name: Generic DT based system
[    9.514935] [<c001c99c>] (unwind_backtrace) from [<c0019d30>] (show_stack+0x10/0x14)
[    9.515103] [<c0019d30>] (show_stack) from [<c0024ab4>] (warn_slowpath_common+0x80/0xa8)
[    9.515274] [<c0024ab4>] (warn_slowpath_common) from [<c0024b08>] (warn_slowpath_fmt+0x2c/0x3c)
[    9.515457] [<c0024b08>] (warn_slowpath_fmt) from [<c018e834>] (kobject_add_internal+0x240/0x2ac)
[    9.515660] [<c018e834>] (kobject_add_internal) from [<c018e9a8>] (kset_register+0x1c/0x44)
[    9.515836] [<c018e9a8>] (kset_register) from [<c02090b4>] (__class_register+0xa8/0x198)
[    9.516010] [<c02090b4>] (__class_register) from [<c02091e4>] (__class_create+0x40/0x70)
[    9.516194] [<c02091e4>] (__class_create) from [<c01adf68>] (register_devfs_stubs+0x314/0xbb4)
[    9.516383] [<c01adf68>] (register_devfs_stubs) from [<c05d9b08>] (init_module+0x28/0xa4)
[    9.516559] [<c05d9b08>] (init_module) from [<c0009670>] (do_one_initcall+0x104/0x1b4)
[    9.516731] [<c0009670>] (do_one_initcall) from [<c05c7d08>] (kernel_init_freeable+0xf0/0x1b0)
[    9.516913] [<c05c7d08>] (kernel_init_freeable) from [<c040f28c>] (kernel_init+0x8/0xe4)
[    9.517080] [<c040f28c>] (kernel_init) from [<c0016da8>] (ret_from_fork+0x14/0x2c)
[    9.517270] ---[ end trace 9f39204b71931a29 ]---
[    9.517448] firmadyne: Cannot create device class: gpio!
[    9.519294] firmadyne: Cannot register character device: watchdog, 0xa, 0x82!
[    9.519502] firmadyne: Cannot register character device: wdt, 0xfd, 0x0!
[    9.589786] cfg80211: Calling CRDA to update world regulatory domain
[    9.602218] PCI host bridge /pcie@10000000 ranges:
[    9.602813]    IO 0x3eff0000..0x3effffff -> 0x00000000
[    9.603324]   MEM 0x10000000..0x3efeffff -> 0x10000000
[    9.603462]   MEM 0x8000000000..0xffffffffff -> 0x8000000000
[    9.604144] pci-host-generic 3f000000.pcie: resource collision: [mem 0x00000000-0xffffffff] conflicts with /pl011@9000000 [mem 0x09000000-0x09000fff]
[    9.604853] pci-host-generic: probe of 3f000000.pcie failed with error -16
[    9.616779] Non-volatile memory driver v1.3
[   12.651719] brd: module loaded
[   12.661889] loop: module loaded
[   15.622801] cfg80211: Calling CRDA to update world regulatory domain
[   18.593807]  vda: vda1
[   18.606520] 0.flash: Found 2 x16 devices at 0x0 in 32-bit bank. Manufacturer ID 0x000000 Chip ID 0x000000
[   18.607176] Intel/Sharp Extended Query Table at 0x0031
[   18.609549] Using buffer write method
[   18.609999] erase region 0: offset=0x0,size=0x40000,blocks=256
[   18.617945] 0.flash: Found 2 x16 devices at 0x0 in 32-bit bank. Manufacturer ID 0x000000 Chip ID 0x000000
[   18.618203] Intel/Sharp Extended Query Table at 0x0031
[   18.618991] Using buffer write method
[   18.619108] erase region 0: offset=0x0,size=0x40000,blocks=256
[   18.619323] Concatenating MTD devices:
[   18.619427] (0): "0.flash"
[   18.619498] (1): "0.flash"
[   18.619562] into device "0.flash"
[   18.630798] [nandsim] warning: read_byte: unexpected data output cycle, state is STATE_READY return 0x0
[   18.631046] [nandsim] warning: read_byte: unexpected data output cycle, state is STATE_READY return 0x0
[   18.631234] [nandsim] warning: read_byte: unexpected data output cycle, state is STATE_READY return 0x0
[   18.631404] [nandsim] warning: read_byte: unexpected data output cycle, state is STATE_READY return 0x0
[   18.631573] [nandsim] warning: read_byte: unexpected data output cycle, state is STATE_READY return 0x0
[   18.631742] [nandsim] warning: read_byte: unexpected data output cycle, state is STATE_READY return 0x0
[   18.632154] nand: device found, Manufacturer ID: 0x98, Chip ID: 0x39
[   18.632298] nand: Toshiba NAND 128MiB 1,8V 8-bit
[   18.632418] nand: 128 MiB, SLC, erase size: 16 KiB, page size: 512, OOB size: 16
[   18.633709] flash size: 128 MiB
[   18.633798] page size: 512 bytes
[   18.633888] OOB area size: 16 bytes
[   18.633982] sector size: 16 KiB
[   18.634056] pages number: 262144
[   18.634128] pages per sector: 32
[   18.634199] bus width: 8
[   18.634259] bits in sector size: 14
[   18.634335] bits in page size: 9
[   18.634410] bits in OOB size: 4
[   18.634485] flash size with OOB: 135168 KiB
[   18.634573] page address bytes: 4
[   18.634648] sector address bytes: 3
[   18.634725] options: 0x42
[   21.219528] Scanning device for bad blocks
[   21.327903] cfg80211: Calling CRDA to update world regulatory domain
[   21.328969] firmadyne: do_execve: /firmadyne/console
[   21.329172] OFFSETS: offset of pid: 0x190 offset of comm: 0x270
[   21.329656] Creating 11 MTD partitions on "NAND 128MiB 1,8V 8-bit":
[   21.330079] 0x000000000000-0x000000100000 : "NAND simulator partition 0"
[   21.332302] 0x000000100000-0x000000200000 : "NAND simulator partition 1"
[   21.333892] 0x000000200000-0x000000300000 : "NAND simulator partition 2"
[   21.335356] 0x000000300000-0x000000400000 : "NAND simulator partition 3"
[   21.336820] 0x000000400000-0x000000500000 : "NAND simulator partition 4"
[   21.338348] 0x000000500000-0x000000600000 : "NAND simulator partition 5"
[   21.339785] 0x000000600000-0x000000700000 : "NAND simulator partition 6"
[   21.341386] 0x000000700000-0x000000800000 : "NAND simulator partition 7"
[   21.342785] 0x000000800000-0x000000900000 : "NAND simulator partition 8"
[   21.344267] 0x000000900000-0x000000a00000 : "NAND simulator partition 9"
[   21.345676] 0x000000a00000-0x000008000000 : "NAND simulator partition 10"
[   21.351259] tun: Universal TUN/TAP device driver, 1.6
[   21.351385] tun: (C) 1999-2004 Max Krasnyansky <maxk@qualcomm.com>
[   27.345344] PPP generic driver version 2.4.2
[   27.346143] PPP BSD Compression module registered
[   27.346308] PPP Deflate Compression module registered
[   27.346564] PPP MPPE Compression module registered
[   27.346699] NET: Registered protocol family 24
[   27.347035] PPTP driver version 0.8.5
[   27.347872] cfg80211: Calling CRDA to update world regulatory domain
Starting firmware emulation... use Ctrl-a + x to exit
qemu-system-arm: terminating on signal 2 from pid 156042 (timeout)
[    0.000000] Booting Linux on physical CPU 0x0
[    0.000000] Linux version 4.1.17+ (vagrant@vagrant-ubuntu-trusty-64) (gcc version 5.3.0 (GCC) ) #1 Thu Feb 18 01:05:21 UTC 2016
[    0.000000] CPU: ARMv7 Processor [412fc0f1] revision 1 (ARMv7), cr=10c5387d
[    0.000000] CPU: PIPT / VIPT nonaliasing data cache, PIPT instruction cache
[    0.000000] Machine model: linux,dummy-virt
[    0.000000] debug: ignoring loglevel setting.
[    0.000000] Memory policy: Data cache writeback
[    0.000000] On node 0 totalpages: 65536
[    0.000000] free_area_init_node: node 0, pgdat c061dfe8, node_mem_map cfdf9000
[    0.000000]   Normal zone: 512 pages used for memmap
[    0.000000]   Normal zone: 0 pages reserved
[    0.000000]   Normal zone: 65536 pages, LIFO batch:15
[    0.000000] psci: probing for conduit method from DT.
[    0.000000] psci: PSCIv0.2 detected in firmware.
[    0.000000] psci: Using standard PSCI v0.2 function IDs
[    0.000000] CPU: All CPU(s) started in SVC mode.
[    0.000000] pcpu-alloc: s0 r0 d32768 u32768 alloc=1*32768
[    0.000000] pcpu-alloc: [0] 0 
[    0.000000] Built 1 zonelists in Zone order, mobility grouping on.  Total pages: 65024
[    0.000000] Kernel command line: root=/dev/vda1 console=ttyS0 nandsim.parts=64,64,64,64,64,64,64,64,64,64 rdinit=/firmadyne/preInit.sh rw debug ignore_loglevel print-fatal-signals=1 user_debug=31 firmadyne.syscall=0
[    0.000000] PID hash table entries: 1024 (order: 0, 4096 bytes)
[    0.000000] Dentry cache hash table entries: 32768 (order: 5, 131072 bytes)
[    0.000000] Inode-cache hash table entries: 16384 (order: 4, 65536 bytes)
[    0.000000] Memory: 253340K/262144K available (4297K kernel code, 170K rwdata, 1584K rodata, 180K init, 148K bss, 8804K reserved, 0K cma-reserved)
[    0.000000] Virtual kernel memory layout:
[    0.000000]     vector  : 0xffff0000 - 0xffff1000   (   4 kB)
[    0.000000]     fixmap  : 0xffc00000 - 0xfff00000   (3072 kB)
[    0.000000]     vmalloc : 0xd0800000 - 0xff000000   ( 744 MB)
[    0.000000]     lowmem  : 0xc0000000 - 0xd0000000   ( 256 MB)
[    0.000000]     modules : 0xbf000000 - 0xc0000000   (  16 MB)
[    0.000000]       .text : 0xc0008000 - 0xc05c67bc   (5882 kB)
[    0.000000]       .init : 0xc05c7000 - 0xc05f4000   ( 180 kB)
[    0.000000]       .data : 0xc05f4000 - 0xc061e840   ( 171 kB)
[    0.000000]        .bss : 0xc0621000 - 0xc06462d4   ( 149 kB)
[    0.000000] NR_IRQS:16 nr_irqs:16 16
[    0.000000] Architected cp15 timer(s) running at 62.50MHz (virt).
[    0.000000] clocksource arch_sys_counter: mask: 0xffffffffffffff max_cycles: 0x1cd42e208c, max_idle_ns: 881590405314 ns
[    0.000162] sched_clock: 56 bits at 62MHz, resolution 16ns, wraps every 4398046511096ns
[    0.000308] Switching to timer-based delay loop, resolution 16ns
[    0.003518] Console: colour dummy device 80x30
[    0.003854] Calibrating delay loop (skipped), value calculated using timer frequency.. 125.00 BogoMIPS (lpj=625000)
[    0.003991] pid_max: default: 32768 minimum: 301
[    0.004897] Mount-cache hash table entries: 1024 (order: 0, 4096 bytes)
[    0.004937] Mountpoint-cache hash table entries: 1024 (order: 0, 4096 bytes)
[    0.014420] CPU: Testing write buffer coherency: ok
[    0.020939] Setting up static identity map for 0x40008240 - 0x40008298
[    0.035754] VFP support v0.3: implementor 41 architecture 4 part 30 variant f rev 0
[    0.271555] clocksource jiffies: mask: 0xffffffff max_cycles: 0xffffffff, max_idle_ns: 19112604462750000 ns
[    0.280971] NET: Registered protocol family 16
[    0.284163] DMA: preallocated 256 KiB pool for atomic coherent allocations
[    0.288415] cpuidle: using governor ladder
[    0.288579] cpuidle: using governor menu
[    1.662226] Serial: AMBA PL011 UART driver
[    1.664550] 9000000.pl011: ttyS0 at MMIO 0x9000000 (irq = 54, base_baud = 0) is a PL011 rev1
[    1.671793] console [ttyS0] enabled
[    1.694509] vgaarb: loaded
[    1.696070] SCSI subsystem initialized
[    1.697149] usbcore: registered new interface driver usbfs
[    1.697508] usbcore: registered new interface driver hub
[    1.697867] usbcore: registered new device driver usb
[    1.707239] cfg80211: Calling CRDA to update world regulatory domain
[    1.709590] Switched to clocksource arch_sys_counter
[    1.727483] NET: Registered protocol family 2
[    1.732991] TCP established hash table entries: 2048 (order: 1, 8192 bytes)
[    1.733280] TCP bind hash table entries: 2048 (order: 1, 8192 bytes)
[    1.733588] TCP: Hash tables configured (established 2048 bind 2048)
[    1.734145] UDP hash table entries: 256 (order: 0, 4096 bytes)
[    1.734398] UDP-Lite hash table entries: 256 (order: 0, 4096 bytes)
[    1.735852] NET: Registered protocol family 1
[    1.736306] PCI: CLS 0 bytes, default 64
[    4.668222] NetWinder Floating Point Emulator V0.97 (extended precision)
[    4.671250] futex hash table entries: 256 (order: -1, 3072 bytes)
[    4.676816] squashfs: version 4.0 (2009/01/31) Phillip Lougher
[    4.677913] jffs2: version 2.2. (NAND) © 2001-2006 Red Hat, Inc.
[    4.678702] romfs: ROMFS MTD (C) 2007 Red Hat, Inc.
[    4.687849] Block layer SCSI generic (bsg) driver version 0.4 loaded (major 253)
[    4.688210] io scheduler noop registered
[    4.688440] io scheduler cfq registered (default)
[    4.689109] firmadyne: devfs: 1, execute: 1, procfs: 1, syscall: 0
[    4.690631] ------------[ cut here ]------------
[    4.690847] WARNING: CPU: 0 PID: 1 at /home/vagrant/firmadyne-kernel/kernel-v4.1/fs/sysfs/dir.c:31 sysfs_warn_dup+0x50/0x6c()
[    4.691076] sysfs: cannot create duplicate filename '/class/gpio'
[    4.691238] Modules linked in:
[    4.691564] CPU: 0 PID: 1 Comm: swapper Not tainted 4.1.17+ #1
[    4.691703] Hardware name: Generic DT based system
[    4.692386] [<c001c99c>] (unwind_backtrace) from [<c0019d30>] (show_stack+0x10/0x14)
[    4.692660] [<c0019d30>] (show_stack) from [<c0024ab4>] (warn_slowpath_common+0x80/0xa8)
[    4.692859] [<c0024ab4>] (warn_slowpath_common) from [<c0024b08>] (warn_slowpath_fmt+0x2c/0x3c)
[    4.693096] [<c0024b08>] (warn_slowpath_fmt) from [<c00e363c>] (sysfs_warn_dup+0x50/0x6c)
[    4.693274] [<c00e363c>] (sysfs_warn_dup) from [<c00e3714>] (sysfs_create_dir_ns+0x74/0x84)
[    4.693453] [<c00e3714>] (sysfs_create_dir_ns) from [<c018e6ac>] (kobject_add_internal+0xb8/0x2ac)
[    4.693638] [<c018e6ac>] (kobject_add_internal) from [<c018e9a8>] (kset_register+0x1c/0x44)
[    4.693824] [<c018e9a8>] (kset_register) from [<c02090b4>] (__class_register+0xa8/0x198)
[    4.693996] [<c02090b4>] (__class_register) from [<c02091e4>] (__class_create+0x40/0x70)
[    4.694166] [<c02091e4>] (__class_create) from [<c01adf68>] (register_devfs_stubs+0x314/0xbb4)
[    4.694346] [<c01adf68>] (register_devfs_stubs) from [<c05d9b08>] (init_module+0x28/0xa4)
[    4.694547] [<c05d9b08>] (init_module) from [<c0009670>] (do_one_initcall+0x104/0x1b4)
[    4.694720] [<c0009670>] (do_one_initcall) from [<c05c7d08>] (kernel_init_freeable+0xf0/0x1b0)
[    4.694904] [<c05c7d08>] (kernel_init_freeable) from [<c040f28c>] (kernel_init+0x8/0xe4)
[    4.695069] [<c040f28c>] (kernel_init) from [<c0016da8>] (ret_from_fork+0x14/0x2c)
[    4.695323] ---[ end trace 3e4c3c1d6aae4a1f ]---
[    4.695522] ------------[ cut here ]------------
[    4.695636] WARNING: CPU: 0 PID: 1 at /home/vagrant/firmadyne-kernel/kernel-v4.1/lib/kobject.c:240 kobject_add_internal+0x240/0x2ac()
[    4.695852] kobject_add_internal failed for gpio with -EEXIST, don't try to register things with the same name in the same directory.
[    4.696080] Modules linked in:
[    4.696239] CPU: 0 PID: 1 Comm: swapper Tainted: G        W       4.1.17+ #1
[    4.696376] Hardware name: Generic DT based system
[    4.696493] [<c001c99c>] (unwind_backtrace) from [<c0019d30>] (show_stack+0x10/0x14)
[    4.696656] [<c0019d30>] (show_stack) from [<c0024ab4>] (warn_slowpath_common+0x80/0xa8)
[    4.696837] [<c0024ab4>] (warn_slowpath_common) from [<c0024b08>] (warn_slowpath_fmt+0x2c/0x3c)
[    4.697007] [<c0024b08>] (warn_slowpath_fmt) from [<c018e834>] (kobject_add_internal+0x240/0x2ac)
[    4.697209] [<c018e834>] (kobject_add_internal) from [<c018e9a8>] (kset_register+0x1c/0x44)
[    4.697378] [<c018e9a8>] (kset_register) from [<c02090b4>] (__class_register+0xa8/0x198)
[    4.697543] [<c02090b4>] (__class_register) from [<c02091e4>] (__class_create+0x40/0x70)
[    4.697716] [<c02091e4>] (__class_create) from [<c01adf68>] (register_devfs_stubs+0x314/0xbb4)
[    4.697894] [<c01adf68>] (register_devfs_stubs) from [<c05d9b08>] (init_module+0x28/0xa4)
[    4.698063] [<c05d9b08>] (init_module) from [<c0009670>] (do_one_initcall+0x104/0x1b4)
[    4.698227] [<c0009670>] (do_one_initcall) from [<c05c7d08>] (kernel_init_freeable+0xf0/0x1b0)
[    4.698400] [<c05c7d08>] (kernel_init_freeable) from [<c040f28c>] (kernel_init+0x8/0xe4)
[    4.698561] [<c040f28c>] (kernel_init) from [<c0016da8>] (ret_from_fork+0x14/0x2c)
[    4.698725] ---[ end trace 3e4c3c1d6aae4a20 ]---
[    4.698888] firmadyne: Cannot create device class: gpio!
[    4.700788] firmadyne: Cannot register character device: watchdog, 0xa, 0x82!
[    4.700972] firmadyne: Cannot register character device: wdt, 0xfd, 0x0!
[    4.782861] PCI host bridge /pcie@10000000 ranges:
[    4.783430]    IO 0x3eff0000..0x3effffff -> 0x00000000
[    4.783810]   MEM 0x10000000..0x3efeffff -> 0x10000000
[    4.783933]   MEM 0x8000000000..0xffffffffff -> 0x8000000000
[    4.784617] pci-host-generic 3f000000.pcie: resource collision: [mem 0x00000000-0xffffffff] conflicts with /pl011@9000000 [mem 0x09000000-0x09000fff]
[    4.785312] pci-host-generic: probe of 3f000000.pcie failed with error -16
[    4.796703] Non-volatile memory driver v1.3
[    7.758791] cfg80211: Calling CRDA to update world regulatory domain
[   10.778384] brd: module loaded
[   10.788761] loop: module loaded
[   11.773476] cfg80211: Calling CRDA to update world regulatory domain
[   11.778049]  vda: vda1
[   11.790480] 0.flash: Found 2 x16 devices at 0x0 in 32-bit bank. Manufacturer ID 0x000000 Chip ID 0x000000
[   11.791141] Intel/Sharp Extended Query Table at 0x0031
[   11.793528] Using buffer write method
[   11.793967] erase region 0: offset=0x0,size=0x40000,blocks=256
[   11.801559] 0.flash: Found 2 x16 devices at 0x0 in 32-bit bank. Manufacturer ID 0x000000 Chip ID 0x000000
[   11.801852] Intel/Sharp Extended Query Table at 0x0031
[   11.802663] Using buffer write method
[   11.802792] erase region 0: offset=0x0,size=0x40000,blocks=256
[   11.803011] Concatenating MTD devices:
[   11.803124] (0): "0.flash"
[   11.803198] (1): "0.flash"
[   11.803265] into device "0.flash"
[   11.814641] [nandsim] warning: read_byte: unexpected data output cycle, state is STATE_READY return 0x0
[   11.814890] [nandsim] warning: read_byte: unexpected data output cycle, state is STATE_READY return 0x0
[   11.815067] [nandsim] warning: read_byte: unexpected data output cycle, state is STATE_READY return 0x0
[   11.815238] [nandsim] warning: read_byte: unexpected data output cycle, state is STATE_READY return 0x0
[   11.815407] [nandsim] warning: read_byte: unexpected data output cycle, state is STATE_READY return 0x0
[   11.815577] [nandsim] warning: read_byte: unexpected data output cycle, state is STATE_READY return 0x0
[   11.815999] nand: device found, Manufacturer ID: 0x98, Chip ID: 0x39
[   11.816150] nand: Toshiba NAND 128MiB 1,8V 8-bit
[   11.816275] nand: 128 MiB, SLC, erase size: 16 KiB, page size: 512, OOB size: 16
[   11.817209] flash size: 128 MiB
[   11.817304] page size: 512 bytes
[   11.817382] OOB area size: 16 bytes
[   11.817463] sector size: 16 KiB
[   11.817536] pages number: 262144
[   11.817610] pages per sector: 32
[   11.817703] bus width: 8
[   11.817767] bits in sector size: 14
[   11.817855] bits in page size: 9
[   11.817933] bits in OOB size: 4
[   11.818013] flash size with OOB: 135168 KiB
[   11.818106] page address bytes: 4
[   11.818183] sector address bytes: 3
[   11.818269] options: 0x42
[   14.821074] Scanning device for bad blocks
[   14.929226] cfg80211: Calling CRDA to update world regulatory domain
[   14.930467] firmadyne: do_execve: /firmadyne/console
[   14.930677] OFFSETS: offset of pid: 0x190 offset of comm: 0x270
[   14.931148] Creating 11 MTD partitions on "NAND 128MiB 1,8V 8-bit":
[   14.931562] 0x000000000000-0x000000100000 : "NAND simulator partition 0"
[   14.933791] 0x000000100000-0x000000200000 : "NAND simulator partition 1"
[   14.935176] 0x000000200000-0x000000300000 : "NAND simulator partition 2"
[   14.936532] 0x000000300000-0x000000400000 : "NAND simulator partition 3"
[   14.937946] 0x000000400000-0x000000500000 : "NAND simulator partition 4"
[   14.939487] 0x000000500000-0x000000600000 : "NAND simulator partition 5"
[   14.940900] 0x000000600000-0x000000700000 : "NAND simulator partition 6"
[   14.942521] 0x000000700000-0x000000800000 : "NAND simulator partition 7"
[   14.943864] 0x000000800000-0x000000900000 : "NAND simulator partition 8"
[   14.945216] 0x000000900000-0x000000a00000 : "NAND simulator partition 9"
[   14.946607] 0x000000a00000-0x000008000000 : "NAND simulator partition 10"
[   14.952405] tun: Universal TUN/TAP device driver, 1.6
[   14.952548] tun: (C) 1999-2004 Max Krasnyansky <maxk@qualcomm.com>
[   17.896068] PPP generic driver version 2.4.2
[   17.896840] PPP BSD Compression module registered
[   17.897009] PPP Deflate Compression module registered
[   18.133965] PPP MPPE Compression module registered
[   18.134169] NET: Registered protocol family 24
[   18.134528] PPTP driver version 0.8.5
[   18.135299] cfg80211: Calling CRDA to update world regulatory domain
[   21.070545] usbcore: registered new interface driver usb-storage
[   21.074274] rtc-pl031 9010000.pl031: rtc core: registered pl031 as rtc0
[   21.075104] hidraw: raw HID events driver (C) Jiri Kosina
[   21.075691] usbcore: registered new interface driver usbhid
[   21.075824] usbhid: USB HID core driver
[   21.076382] Netfilter messages via NETLINK v0.30.
[   21.077078] nf_conntrack version 0.5.0 (3958 buckets, 15832 max)
[   21.078599] ctnetlink v0.93: registering with nfnetlink.
[   21.080292] ipip: IPv4 over IPv4 tunneling driver
[   21.082533] gre: GRE over IPv4 demultiplexor driver
[   21.082699] ip_gre: GRE over IPv4 tunneling driver
[   21.087321] ip_tables: (C) 2000-2006 Netfilter Core Team
[   21.089063] arp_tables: (C) 2002 David S. Miller
[   21.090299] Initializing XFRM netlink socket
[   21.090839] NET: Registered protocol family 10
[   21.097870] ip6_tables: (C) 2000-2006 Netfilter Core Team
[   21.099671] sit: IPv6 over IPv4 tunneling driver
[   21.103377] NET: Registered protocol family 17
[   21.104028] bridge: automatic filtering via arp/ip/ip6tables has been deprecated. Update your scripts to load br_netfilter if you need this.
[   21.104364] Bridge firewalling registered
[   21.104509] Ebtables v2.0 registered
[   21.105695] 8021q: 802.1Q VLAN Support v1.8
[   21.106342] Registering SWP/SWPB emulation handler
[   21.109053] rtc-pl031 9010000.pl031: setting system clock to 2018-07-19 14:22:56 UTC (1532010176)
[   21.119868] EXT4-fs (vda1): couldn't mount as ext3 due to feature incompatibilities
[   21.121774] EXT4-fs (vda1): mounting ext2 file system using the ext4 subsystem
[   22.530374] cfg80211: Calling CRDA to update world regulatory domain
[   22.541694] EXT4-fs (vda1): mounted filesystem without journal. Opts: (null)
[   22.542808] VFS: Mounted root (ext2 filesystem) on device 254:1.
[   22.561554] Freeing unused kernel memory: 180K (c05c7000 - c05f4000)
[   24.990331] random: sh urandom read with 3 bits of entropy available
/ # [   25.679777] cfg80211: Calling CRDA to update world regulatory domain
[   28.830814] cfg80211: Calling CRDA to update world regulatory domain
[   31.981278] cfg80211: Calling CRDA to update world regulatory domain
