>> Database Image ID: 92

/home/zhumengfan/firmware/firmwares/f039ee57564db6a9ef69a6e8c4ade26cde4fe645.trx
>> MD5: 56840e07a571bf3e906131b6737e704e
>> Tag: 92
>> Temp: /tmp/tmp4Ahmom
>> Status: Kernel: True, Rootfs: False, Do_Kernel: False,                 Do_Rootfs: True
>>>> Squashfs filesystem, little endian, version 4.0, compression:xz, size: 11672768 bytes, 1369 inodes, blocksize: 131072 bytes, created: 2014-06-09 15:01:20
>>>> Found Linux filesystem in /tmp/tmp4Ahmom/_f039ee57564db6a9ef69a6e8c4ade26cde4fe645.trx.extracted/squashfs-root!
>> Skipping: completed!
>> Cleaning up /tmp/tmp4Ahmom...
./bin/busybox: armel
Querying database for architecture... armel
----Running----
----Copying Filesystem Tarball----
----Creating QEMU Image----
Formatting '/home/zhumengfan/firmadyne//scratch//92//image.raw', fmt=raw size=1073741824
----Creating Partition Table----

Welcome to fdisk (util-linux 2.27.1).
Changes will remain in memory only, until you decide to write them.
Be careful before using the write command.

Device does not contain a recognized partition table.
Created a new DOS disklabel with disk identifier 0x197a7c09.

Command (m for help): Created a new DOS disklabel with disk identifier 0x56963aef.

Command (m for help): Partition type
   p   primary (0 primary, 0 extended, 4 free)
   e   extended (container for logical partitions)
Select (default p): Partition number (1-4, default 1): First sector (2048-2097151, default 2048): Last sector, +sectors or +size{K,M,G,T,P} (2048-2097151, default 2097151): 
Created a new partition 1 of type 'Linux' and of size 1023 MiB.

Command (m for help): The partition table has been altered.
Syncing disks.

----Mounting QEMU Image----
add map loop0p1 (252:0): 0 2095104 linear 7:0 2048
----Creating Filesystem----
mke2fs 1.42.13 (17-May-2015)
Discarding device blocks:   4096/261888             done                            
Creating filesystem with 261888 4k blocks and 65536 inodes
Filesystem UUID: eb083859-fdf5-4bbd-ba24-4375afc0e478
Superblock backups stored on blocks: 
	32768, 98304, 163840, 229376

Allocating group tables: 0/8   done                            
Writing inode tables: 0/8   done                            
Writing superblocks and filesystem accounting information: 0/8   done

----Making QEMU Image Mountpoint----
----Mounting QEMU Image Partition 1----
----Extracting Filesystem Tarball----
----Creating FIRMADYNE Directories----
----Patching Filesystem (chroot)----
Creating /etc/TZ!
Creating /etc/hosts!
Creating /etc/passwd!
Warning: Recreating device nodes!
Removing /etc/scripts/sys_resetbutton!
----Setting up FIRMADYNE----
----Unmounting QEMU Image----
loop deleted : /dev/loop0
Querying database for architecture... armel
Running firmware 92: terminating after 60 secs...
qemu-system-arm: terminating on signal 2 from pid 109468 (timeout)
Inferring network...
Interfaces: []
Done!
[    0.000000] Booting Linux on physical CPU 0x0
[    0.000000] Linux version 4.1.17+ (vagrant@vagrant-ubuntu-trusty-64) (gcc version 5.3.0 (GCC) ) #1 Thu Feb 18 01:05:21 UTC 2016
[    0.000000] CPU: ARMv7 Processor [412fc0f1] revision 1 (ARMv7), cr=10c5387d
[    0.000000] CPU: PIPT / VIPT nonaliasing data cache, PIPT instruction cache
[    0.000000] Machine model: linux,dummy-virt
[    0.000000] debug: ignoring loglevel setting.
[    0.000000] Memory policy: Data cache writeback
[    0.000000] On node 0 totalpages: 65536
[    0.000000] free_area_init_node: node 0, pgdat c061dfe8, node_mem_map cfdf9000
[    0.000000]   Normal zone: 512 pages used for memmap
[    0.000000]   Normal zone: 0 pages reserved
[    0.000000]   Normal zone: 65536 pages, LIFO batch:15
[    0.000000] psci: probing for conduit method from DT.
[    0.000000] psci: PSCIv0.2 detected in firmware.
[    0.000000] psci: Using standard PSCI v0.2 function IDs
[    0.000000] CPU: All CPU(s) started in SVC mode.
[    0.000000] pcpu-alloc: s0 r0 d32768 u32768 alloc=1*32768
[    0.000000] pcpu-alloc: [0] 0 
[    0.000000] Built 1 zonelists in Zone order, mobility grouping on.  Total pages: 65024
[    0.000000] Kernel command line: firmadyne.syscall=1 root=/dev/vda1 console=ttyS0 nandsim.parts=64,64,64,64,64,64,64,64,64,64 rdinit=/firmadyne/preInit.sh rw debug ignore_loglevel print-fatal-signals=1 user_debug=31
[    0.000000] PID hash table entries: 1024 (order: 0, 4096 bytes)
[    0.000000] Dentry cache hash table entries: 32768 (order: 5, 131072 bytes)
[    0.000000] Inode-cache hash table entries: 16384 (order: 4, 65536 bytes)
[    0.000000] Memory: 253340K/262144K available (4297K kernel code, 170K rwdata, 1584K rodata, 180K init, 148K bss, 8804K reserved, 0K cma-reserved)
[    0.000000] Virtual kernel memory layout:
[    0.000000]     vector  : 0xffff0000 - 0xffff1000   (   4 kB)
[    0.000000]     fixmap  : 0xffc00000 - 0xfff00000   (3072 kB)
[    0.000000]     vmalloc : 0xd0800000 - 0xff000000   ( 744 MB)
[    0.000000]     lowmem  : 0xc0000000 - 0xd0000000   ( 256 MB)
[    0.000000]     modules : 0xbf000000 - 0xc0000000   (  16 MB)
[    0.000000]       .text : 0xc0008000 - 0xc05c67bc   (5882 kB)
[    0.000000]       .init : 0xc05c7000 - 0xc05f4000   ( 180 kB)
[    0.000000]       .data : 0xc05f4000 - 0xc061e840   ( 171 kB)
[    0.000000]        .bss : 0xc0621000 - 0xc06462d4   ( 149 kB)
[    0.000000] NR_IRQS:16 nr_irqs:16 16
[    0.000000] Architected cp15 timer(s) running at 62.50MHz (virt).
[    0.000000] clocksource arch_sys_counter: mask: 0xffffffffffffff max_cycles: 0x1cd42e208c, max_idle_ns: 881590405314 ns
[    0.000179] sched_clock: 56 bits at 62MHz, resolution 16ns, wraps every 4398046511096ns
[    0.000323] Switching to timer-based delay loop, resolution 16ns
[    0.003553] Console: colour dummy device 80x30
[    0.003888] Calibrating delay loop (skipped), value calculated using timer frequency.. 125.00 BogoMIPS (lpj=625000)
[    0.004040] pid_max: default: 32768 minimum: 301
[    0.004963] Mount-cache hash table entries: 1024 (order: 0, 4096 bytes)
[    0.005016] Mountpoint-cache hash table entries: 1024 (order: 0, 4096 bytes)
[    0.014689] CPU: Testing write buffer coherency: ok
[    0.021377] Setting up static identity map for 0x40008240 - 0x40008298
[    0.037036] VFP support v0.3: implementor 41 architecture 4 part 30 variant f rev 0
[    0.049922] clocksource jiffies: mask: 0xffffffff max_cycles: 0xffffffff, max_idle_ns: 19112604462750000 ns
[    0.059813] NET: Registered protocol family 16
[    0.063219] DMA: preallocated 256 KiB pool for atomic coherent allocations
[    0.067722] cpuidle: using governor ladder
[    0.067869] cpuidle: using governor menu
[    0.090011] Serial: AMBA PL011 UART driver
[    0.092321] 9000000.pl011: ttyS0 at MMIO 0x9000000 (irq = 54, base_baud = 0) is a PL011 rev1
[    0.100179] console [ttyS0] enabled
[    0.124279] vgaarb: loaded
[    0.126091] SCSI subsystem initialized
[    0.127192] usbcore: registered new interface driver usbfs
[    0.127552] usbcore: registered new interface driver hub
[    0.127869] usbcore: registered new device driver usb
[    0.137842] cfg80211: Calling CRDA to update world regulatory domain
[    0.140281] Switched to clocksource arch_sys_counter
[    0.159415] NET: Registered protocol family 2
[    0.165094] TCP established hash table entries: 2048 (order: 1, 8192 bytes)
[    0.165396] TCP bind hash table entries: 2048 (order: 1, 8192 bytes)
[    0.165679] TCP: Hash tables configured (established 2048 bind 2048)
[    0.166256] UDP hash table entries: 256 (order: 0, 4096 bytes)
[    0.166530] UDP-Lite hash table entries: 256 (order: 0, 4096 bytes)
[    0.168055] NET: Registered protocol family 1
[    0.168536] PCI: CLS 0 bytes, default 64
[    0.176501] NetWinder Floating Point Emulator V0.97 (extended precision)
[    0.179404] futex hash table entries: 256 (order: -1, 3072 bytes)
[    0.185204] squashfs: version 4.0 (2009/01/31) Phillip Lougher
[    0.186278] jffs2: version 2.2. (NAND) © 2001-2006 Red Hat, Inc.
[    0.187094] romfs: ROMFS MTD (C) 2007 Red Hat, Inc.
[    0.197362] Block layer SCSI generic (bsg) driver version 0.4 loaded (major 253)
[    0.197689] io scheduler noop registered
[    0.197899] io scheduler cfq registered (default)
[    0.198633] firmadyne: devfs: 1, execute: 1, procfs: 1, syscall: 1
[    0.200157] ------------[ cut here ]------------
[    0.200381] WARNING: CPU: 0 PID: 1 at /home/vagrant/firmadyne-kernel/kernel-v4.1/fs/sysfs/dir.c:31 sysfs_warn_dup+0x50/0x6c()
[    0.200589] sysfs: cannot create duplicate filename '/class/gpio'
[    0.200736] Modules linked in:
[    0.201089] CPU: 0 PID: 1 Comm: swapper Not tainted 4.1.17+ #1
[    0.201226] Hardware name: Generic DT based system
[    0.201889] [<c001c99c>] (unwind_backtrace) from [<c0019d30>] (show_stack+0x10/0x14)
[    0.202206] [<c0019d30>] (show_stack) from [<c0024ab4>] (warn_slowpath_common+0x80/0xa8)
[    0.202417] [<c0024ab4>] (warn_slowpath_common) from [<c0024b08>] (warn_slowpath_fmt+0x2c/0x3c)
[    0.202635] [<c0024b08>] (warn_slowpath_fmt) from [<c00e363c>] (sysfs_warn_dup+0x50/0x6c)
[    0.202796] [<c00e363c>] (sysfs_warn_dup) from [<c00e3714>] (sysfs_create_dir_ns+0x74/0x84)
[    0.202994] [<c00e3714>] (sysfs_create_dir_ns) from [<c018e6ac>] (kobject_add_internal+0xb8/0x2ac)
[    0.203194] [<c018e6ac>] (kobject_add_internal) from [<c018e9a8>] (kset_register+0x1c/0x44)
[    0.203371] [<c018e9a8>] (kset_register) from [<c02090b4>] (__class_register+0xa8/0x198)
[    0.203555] [<c02090b4>] (__class_register) from [<c02091e4>] (__class_create+0x40/0x70)
[    0.203718] [<c02091e4>] (__class_create) from [<c01adf68>] (register_devfs_stubs+0x314/0xbb4)
[    0.203901] [<c01adf68>] (register_devfs_stubs) from [<c05d9b08>] (init_module+0x28/0xa4)
[    0.204147] [<c05d9b08>] (init_module) from [<c0009670>] (do_one_initcall+0x104/0x1b4)
[    0.204318] [<c0009670>] (do_one_initcall) from [<c05c7d08>] (kernel_init_freeable+0xf0/0x1b0)
[    0.204509] [<c05c7d08>] (kernel_init_freeable) from [<c040f28c>] (kernel_init+0x8/0xe4)
[    0.204668] [<c040f28c>] (kernel_init) from [<c0016da8>] (ret_from_fork+0x14/0x2c)
[    0.204950] ---[ end trace 2674ea8488eca177 ]---
[    0.205176] ------------[ cut here ]------------
[    0.205305] WARNING: CPU: 0 PID: 1 at /home/vagrant/firmadyne-kernel/kernel-v4.1/lib/kobject.c:240 kobject_add_internal+0x240/0x2ac()
[    0.205541] kobject_add_internal failed for gpio with -EEXIST, don't try to register things with the same name in the same directory.
[    0.205772] Modules linked in:
[    0.205934] CPU: 0 PID: 1 Comm: swapper Tainted: G        W       4.1.17+ #1
[    0.206098] Hardware name: Generic DT based system
[    0.206217] [<c001c99c>] (unwind_backtrace) from [<c0019d30>] (show_stack+0x10/0x14)
[    0.206378] [<c0019d30>] (show_stack) from [<c0024ab4>] (warn_slowpath_common+0x80/0xa8)
[    0.206583] [<c0024ab4>] (warn_slowpath_common) from [<c0024b08>] (warn_slowpath_fmt+0x2c/0x3c)
[    0.206769] [<c0024b08>] (warn_slowpath_fmt) from [<c018e834>] (kobject_add_internal+0x240/0x2ac)
[    0.206964] [<c018e834>] (kobject_add_internal) from [<c018e9a8>] (kset_register+0x1c/0x44)
[    0.207163] [<c018e9a8>] (kset_register) from [<c02090b4>] (__class_register+0xa8/0x198)
[    0.207331] [<c02090b4>] (__class_register) from [<c02091e4>] (__class_create+0x40/0x70)
[    0.207520] [<c02091e4>] (__class_create) from [<c01adf68>] (register_devfs_stubs+0x314/0xbb4)
[    0.207684] [<c01adf68>] (register_devfs_stubs) from [<c05d9b08>] (init_module+0x28/0xa4)
[    0.207859] [<c05d9b08>] (init_module) from [<c0009670>] (do_one_initcall+0x104/0x1b4)
[    0.208060] [<c0009670>] (do_one_initcall) from [<c05c7d08>] (kernel_init_freeable+0xf0/0x1b0)
[    0.208239] [<c05c7d08>] (kernel_init_freeable) from [<c040f28c>] (kernel_init+0x8/0xe4)
[    0.208430] [<c040f28c>] (kernel_init) from [<c0016da8>] (ret_from_fork+0x14/0x2c)
[    0.208580] ---[ end trace 2674ea8488eca178 ]---
[    0.208732] firmadyne: Cannot create device class: gpio!
[    0.210770] firmadyne: Cannot register character device: watchdog, 0xa, 0x82!
[    0.210976] firmadyne: Cannot register character device: wdt, 0xfd, 0x0!
[    0.293914] PCI host bridge /pcie@10000000 ranges:
[    0.294487]    IO 0x3eff0000..0x3effffff -> 0x00000000
[    0.294849]   MEM 0x10000000..0x3efeffff -> 0x10000000
[    0.294977]   MEM 0x8000000000..0xffffffffff -> 0x8000000000
[    0.295639] pci-host-generic 3f000000.pcie: resource collision: [mem 0x00000000-0xffffffff] conflicts with /pl011@9000000 [mem 0x09000000-0x09000fff]
[    0.296339] pci-host-generic: probe of 3f000000.pcie failed with error -16
[    0.307577] Non-volatile memory driver v1.3
[    0.333321] brd: module loaded
[    0.363372] loop: module loaded
[    0.377315]  vda: vda1
[    0.388910] 0.flash: Found 2 x16 devices at 0x0 in 32-bit bank. Manufacturer ID 0x000000 Chip ID 0x000000
[    0.389532] Intel/Sharp Extended Query Table at 0x0031
[    0.390817] Using buffer write method
[    0.391235] erase region 0: offset=0x0,size=0x40000,blocks=256
[    0.398194] 0.flash: Found 2 x16 devices at 0x0 in 32-bit bank. Manufacturer ID 0x000000 Chip ID 0x000000
[    0.398411] Intel/Sharp Extended Query Table at 0x0031
[    0.399128] Using buffer write method
[    0.399239] erase region 0: offset=0x0,size=0x40000,blocks=256
[    0.399437] Concatenating MTD devices:
[    0.399539] (0): "0.flash"
[    0.399611] (1): "0.flash"
[    0.399676] into device "0.flash"
[    0.412100] [nandsim] warning: read_byte: unexpected data output cycle, state is STATE_READY return 0x0
[    0.412312] [nandsim] warning: read_byte: unexpected data output cycle, state is STATE_READY return 0x0
[    0.412486] [nandsim] warning: read_byte: unexpected data output cycle, state is STATE_READY return 0x0
[    0.412654] [nandsim] warning: read_byte: unexpected data output cycle, state is STATE_READY return 0x0
[    0.412834] [nandsim] warning: read_byte: unexpected data output cycle, state is STATE_READY return 0x0
[    0.413004] [nandsim] warning: read_byte: unexpected data output cycle, state is STATE_READY return 0x0
[    0.413417] nand: device found, Manufacturer ID: 0x98, Chip ID: 0x39
[    0.413560] nand: Toshiba NAND 128MiB 1,8V 8-bit
[    0.413681] nand: 128 MiB, SLC, erase size: 16 KiB, page size: 512, OOB size: 16
[    0.414564] flash size: 128 MiB
[    0.414647] page size: 512 bytes
[    0.414720] OOB area size: 16 bytes
[    0.414797] sector size: 16 KiB
[    0.414868] pages number: 262144
[    0.414939] pages per sector: 32
[    0.415010] bus width: 8
[    0.415069] bits in sector size: 14
[    0.415147] bits in page size: 9
[    0.415222] bits in OOB size: 4
[    0.415296] flash size with OOB: 135168 KiB
[    0.415383] page address bytes: 4
[    0.415454] sector address bytes: 3
[    0.415530] options: 0x42
[    0.443015] Scanning device for bad blocks
[    0.549684] firmadyne: do_execve: /firmadyne/console
[    0.549933] OFFSETS: offset of pid: 0x190 offset of comm: 0x270
[    0.550538] Creating 11 MTD partitions on "NAND 128MiB 1,8V 8-bit":
[    0.550957] 0x000000000000-0x000000100000 : "NAND simulator partition 0"
[    0.553230] 0x000000100000-0x000000200000 : "NAND simulator partition 1"
[    0.554643] 0x000000200000-0x000000300000 : "NAND simulator partition 2"
[    0.556017] 0x000000300000-0x000000400000 : "NAND simulator partition 3"
[    0.557432] 0x000000400000-0x000000500000 : "NAND simulator partition 4"
[    0.558809] 0x000000500000-0x000000600000 : "NAND simulator partition 5"
[    0.560378] 0x000000600000-0x000000700000 : "NAND simulator partition 6"
[    0.562024] 0x000000700000-0x000000800000 : "NAND simulator partition 7"
[    0.563365] 0x000000800000-0x000000900000 : "NAND simulator partition 8"
[    0.564713] 0x000000900000-0x000000a00000 : "NAND simulator partition 9"
[    0.566098] 0x000000a00000-0x000008000000 : "NAND simulator partition 10"
[    0.571894] tun: Universal TUN/TAP device driver, 1.6
[    0.572043] tun: (C) 1999-2004 Max Krasnyansky <maxk@qualcomm.com>
[    0.736130] PPP generic driver version 2.4.2
[    0.736983] PPP BSD Compression module registered
[    0.737167] PPP Deflate Compression module registered
[    0.737427] PPP MPPE Compression module registered
[    0.737562] NET: Registered protocol family 24
[    0.737893] PPTP driver version 0.8.5
[    0.793807] usbcore: registered new interface driver usb-storage
[    0.797382] rtc-pl031 9010000.pl031: rtc core: registered pl031 as rtc0
[    0.798169] hidraw: raw HID events driver (C) Jiri Kosina
[    0.798724] usbcore: registered new interface driver usbhid
[    0.798854] usbhid: USB HID core driver
[    0.799322] Netfilter messages via NETLINK v0.30.
[    0.800192] nf_conntrack version 0.5.0 (3958 buckets, 15832 max)
[    0.801717] ctnetlink v0.93: registering with nfnetlink.
[    0.803181] ipip: IPv4 over IPv4 tunneling driver
[    0.861119] gre: GRE over IPv4 demultiplexor driver
[    0.861332] ip_gre: GRE over IPv4 tunneling driver
[    0.866219] ip_tables: (C) 2000-2006 Netfilter Core Team
[    0.867949] arp_tables: (C) 2002 David S. Miller
[    0.869024] Initializing XFRM netlink socket
[    0.869569] NET: Registered protocol family 10
[    0.876968] ip6_tables: (C) 2000-2006 Netfilter Core Team
[    0.878748] sit: IPv6 over IPv4 tunneling driver
[    0.882989] NET: Registered protocol family 17
[    0.883696] bridge: automatic filtering via arp/ip/ip6tables has been deprecated. Update your scripts to load br_netfilter if you need this.
[    0.884052] Bridge firewalling registered
[    0.884197] Ebtables v2.0 registered
[    0.885441] 8021q: 802.1Q VLAN Support v1.8
[    0.886096] Registering SWP/SWPB emulation handler
[    0.889008] rtc-pl031 9010000.pl031: setting system clock to 2018-07-19 11:32:54 UTC (1531999974)
[    0.899587] EXT4-fs (vda1): couldn't mount as ext3 due to feature incompatibilities
[    0.901909] EXT4-fs (vda1): mounting ext2 file system using the ext4 subsystem
[    0.914112] EXT4-fs (vda1): mounted filesystem without journal. Opts: (null)
[    0.970851] VFS: Mounted root (ext2 filesystem) on device 254:1.
[    0.989138] Freeing unused kernel memory: 180K (c05c7000 - c05f4000)
[    1.044984] random: sh urandom read with 2 bits of entropy available
/ # [    3.293511] cfg80211: Calling CRDA to update world regulatory domain
[    6.440672] cfg80211: Calling CRDA to update world regulatory domain
[    9.591147] cfg80211: Calling CRDA to update world regulatory domain
[   12.741377] cfg80211: Calling CRDA to update world regulatory domain
[   15.893421] cfg80211: Calling CRDA to update world regulatory domain
[   19.042537] cfg80211: Calling CRDA to update world regulatory domain
[   22.191556] cfg80211: Calling CRDA to update world regulatory domain
[   25.340683] cfg80211: Calling CRDA to update world regulatory domain
[   28.490787] cfg80211: Calling CRDA to update world regulatory domain
[   31.643029] cfg80211: Calling CRDA to update world regulatory domain
[   34.792224] cfg80211: Exceeded CRDA call max attempts. Not calling CRDA
Starting firmware emulation... use Ctrl-a + x to exit
qemu-system-arm: terminating on signal 2 from pid 109613 (timeout)
[    0.000000] Booting Linux on physical CPU 0x0
[    0.000000] Linux version 4.1.17+ (vagrant@vagrant-ubuntu-trusty-64) (gcc version 5.3.0 (GCC) ) #1 Thu Feb 18 01:05:21 UTC 2016
[    0.000000] CPU: ARMv7 Processor [412fc0f1] revision 1 (ARMv7), cr=10c5387d
[    0.000000] CPU: PIPT / VIPT nonaliasing data cache, PIPT instruction cache
[    0.000000] Machine model: linux,dummy-virt
[    0.000000] debug: ignoring loglevel setting.
[    0.000000] Memory policy: Data cache writeback
[    0.000000] On node 0 totalpages: 65536
[    0.000000] free_area_init_node: node 0, pgdat c061dfe8, node_mem_map cfdf9000
[    0.000000]   Normal zone: 512 pages used for memmap
[    0.000000]   Normal zone: 0 pages reserved
[    0.000000]   Normal zone: 65536 pages, LIFO batch:15
[    0.000000] psci: probing for conduit method from DT.
[    0.000000] psci: PSCIv0.2 detected in firmware.
[    0.000000] psci: Using standard PSCI v0.2 function IDs
[    0.000000] CPU: All CPU(s) started in SVC mode.
[    0.000000] pcpu-alloc: s0 r0 d32768 u32768 alloc=1*32768
[    0.000000] pcpu-alloc: [0] 0 
[    0.000000] Built 1 zonelists in Zone order, mobility grouping on.  Total pages: 65024
[    0.000000] Kernel command line: root=/dev/vda1 console=ttyS0 nandsim.parts=64,64,64,64,64,64,64,64,64,64 rdinit=/firmadyne/preInit.sh rw debug ignore_loglevel print-fatal-signals=1 user_debug=31 firmadyne.syscall=0
[    0.000000] PID hash table entries: 1024 (order: 0, 4096 bytes)
[    0.000000] Dentry cache hash table entries: 32768 (order: 5, 131072 bytes)
[    0.000000] Inode-cache hash table entries: 16384 (order: 4, 65536 bytes)
[    0.000000] Memory: 253340K/262144K available (4297K kernel code, 170K rwdata, 1584K rodata, 180K init, 148K bss, 8804K reserved, 0K cma-reserved)
[    0.000000] Virtual kernel memory layout:
[    0.000000]     vector  : 0xffff0000 - 0xffff1000   (   4 kB)
[    0.000000]     fixmap  : 0xffc00000 - 0xfff00000   (3072 kB)
[    0.000000]     vmalloc : 0xd0800000 - 0xff000000   ( 744 MB)
[    0.000000]     lowmem  : 0xc0000000 - 0xd0000000   ( 256 MB)
[    0.000000]     modules : 0xbf000000 - 0xc0000000   (  16 MB)
[    0.000000]       .text : 0xc0008000 - 0xc05c67bc   (5882 kB)
[    0.000000]       .init : 0xc05c7000 - 0xc05f4000   ( 180 kB)
[    0.000000]       .data : 0xc05f4000 - 0xc061e840   ( 171 kB)
[    0.000000]        .bss : 0xc0621000 - 0xc06462d4   ( 149 kB)
[    0.000000] NR_IRQS:16 nr_irqs:16 16
[    0.000000] Architected cp15 timer(s) running at 62.50MHz (virt).
[    0.000000] clocksource arch_sys_counter: mask: 0xffffffffffffff max_cycles: 0x1cd42e208c, max_idle_ns: 881590405314 ns
[    0.000161] sched_clock: 56 bits at 62MHz, resolution 16ns, wraps every 4398046511096ns
[    0.000304] Switching to timer-based delay loop, resolution 16ns
[    0.003441] Console: colour dummy device 80x30
[    0.003770] Calibrating delay loop (skipped), value calculated using timer frequency.. 125.00 BogoMIPS (lpj=625000)
[    0.003907] pid_max: default: 32768 minimum: 301
[    0.004839] Mount-cache hash table entries: 1024 (order: 0, 4096 bytes)
[    0.004879] Mountpoint-cache hash table entries: 1024 (order: 0, 4096 bytes)
[    0.014673] CPU: Testing write buffer coherency: ok
[    0.021316] Setting up static identity map for 0x40008240 - 0x40008298
[    0.037001] VFP support v0.3: implementor 41 architecture 4 part 30 variant f rev 0
[    0.049333] clocksource jiffies: mask: 0xffffffff max_cycles: 0xffffffff, max_idle_ns: 19112604462750000 ns
[    0.059226] NET: Registered protocol family 16
[    0.062517] DMA: preallocated 256 KiB pool for atomic coherent allocations
[    0.067044] cpuidle: using governor ladder
[    0.067267] cpuidle: using governor menu
[    0.088838] Serial: AMBA PL011 UART driver
[    0.091178] 9000000.pl011: ttyS0 at MMIO 0x9000000 (irq = 54, base_baud = 0) is a PL011 rev1
[    0.099090] console [ttyS0] enabled
[    0.122921] vgaarb: loaded
[    0.124551] SCSI subsystem initialized
[    0.125803] usbcore: registered new interface driver usbfs
[    0.126167] usbcore: registered new interface driver hub
[    0.126499] usbcore: registered new device driver usb
[    0.135873] cfg80211: Calling CRDA to update world regulatory domain
[    0.138316] Switched to clocksource arch_sys_counter
[    0.156902] NET: Registered protocol family 2
[    0.162443] TCP established hash table entries: 2048 (order: 1, 8192 bytes)
[    0.162752] TCP bind hash table entries: 2048 (order: 1, 8192 bytes)
[    0.163096] TCP: Hash tables configured (established 2048 bind 2048)
[    0.163645] UDP hash table entries: 256 (order: 0, 4096 bytes)
[    0.163895] UDP-Lite hash table entries: 256 (order: 0, 4096 bytes)
[    0.165355] NET: Registered protocol family 1
[    0.165811] PCI: CLS 0 bytes, default 64
[    0.173359] NetWinder Floating Point Emulator V0.97 (extended precision)
[    0.176221] futex hash table entries: 256 (order: -1, 3072 bytes)
[    0.181824] squashfs: version 4.0 (2009/01/31) Phillip Lougher
[    0.182849] jffs2: version 2.2. (NAND) © 2001-2006 Red Hat, Inc.
[    0.183644] romfs: ROMFS MTD (C) 2007 Red Hat, Inc.
[    0.192855] Block layer SCSI generic (bsg) driver version 0.4 loaded (major 253)
[    0.193212] io scheduler noop registered
[    0.193446] io scheduler cfq registered (default)
[    0.194165] firmadyne: devfs: 1, execute: 1, procfs: 1, syscall: 0
[    0.195507] ------------[ cut here ]------------
[    0.195722] WARNING: CPU: 0 PID: 1 at /home/vagrant/firmadyne-kernel/kernel-v4.1/fs/sysfs/dir.c:31 sysfs_warn_dup+0x50/0x6c()
[    0.195953] sysfs: cannot create duplicate filename '/class/gpio'
[    0.196128] Modules linked in:
[    0.196444] CPU: 0 PID: 1 Comm: swapper Not tainted 4.1.17+ #1
[    0.196583] Hardware name: Generic DT based system
[    0.197266] [<c001c99c>] (unwind_backtrace) from [<c0019d30>] (show_stack+0x10/0x14)
[    0.197545] [<c0019d30>] (show_stack) from [<c0024ab4>] (warn_slowpath_common+0x80/0xa8)
[    0.197745] [<c0024ab4>] (warn_slowpath_common) from [<c0024b08>] (warn_slowpath_fmt+0x2c/0x3c)
[    0.197985] [<c0024b08>] (warn_slowpath_fmt) from [<c00e363c>] (sysfs_warn_dup+0x50/0x6c)
[    0.198373] [<c00e363c>] (sysfs_warn_dup) from [<c00e3714>] (sysfs_create_dir_ns+0x74/0x84)
[    0.198563] [<c00e3714>] (sysfs_create_dir_ns) from [<c018e6ac>] (kobject_add_internal+0xb8/0x2ac)
[    0.198751] [<c018e6ac>] (kobject_add_internal) from [<c018e9a8>] (kset_register+0x1c/0x44)
[    0.198928] [<c018e9a8>] (kset_register) from [<c02090b4>] (__class_register+0xa8/0x198)
[    0.199100] [<c02090b4>] (__class_register) from [<c02091e4>] (__class_create+0x40/0x70)
[    0.199270] [<c02091e4>] (__class_create) from [<c01adf68>] (register_devfs_stubs+0x314/0xbb4)
[    0.199453] [<c01adf68>] (register_devfs_stubs) from [<c05d9b08>] (init_module+0x28/0xa4)
[    0.199664] [<c05d9b08>] (init_module) from [<c0009670>] (do_one_initcall+0x104/0x1b4)
[    0.199837] [<c0009670>] (do_one_initcall) from [<c05c7d08>] (kernel_init_freeable+0xf0/0x1b0)
[    0.200040] [<c05c7d08>] (kernel_init_freeable) from [<c040f28c>] (kernel_init+0x8/0xe4)
[    0.200208] [<c040f28c>] (kernel_init) from [<c0016da8>] (ret_from_fork+0x14/0x2c)
[    0.200474] ---[ end trace aab9cabd38aa5354 ]---
[    0.200681] ------------[ cut here ]------------
[    0.200798] WARNING: CPU: 0 PID: 1 at /home/vagrant/firmadyne-kernel/kernel-v4.1/lib/kobject.c:240 kobject_add_internal+0x240/0x2ac()
[    0.201017] kobject_add_internal failed for gpio with -EEXIST, don't try to register things with the same name in the same directory.
[    0.201229] Modules linked in:
[    0.201379] CPU: 0 PID: 1 Comm: swapper Tainted: G        W       4.1.17+ #1
[    0.201517] Hardware name: Generic DT based system
[    0.201640] [<c001c99c>] (unwind_backtrace) from [<c0019d30>] (show_stack+0x10/0x14)
[    0.201806] [<c0019d30>] (show_stack) from [<c0024ab4>] (warn_slowpath_common+0x80/0xa8)
[    0.201979] [<c0024ab4>] (warn_slowpath_common) from [<c0024b08>] (warn_slowpath_fmt+0x2c/0x3c)
[    0.202160] [<c0024b08>] (warn_slowpath_fmt) from [<c018e834>] (kobject_add_internal+0x240/0x2ac)
[    0.202354] [<c018e834>] (kobject_add_internal) from [<c018e9a8>] (kset_register+0x1c/0x44)
[    0.202528] [<c018e9a8>] (kset_register) from [<c02090b4>] (__class_register+0xa8/0x198)
[    0.202698] [<c02090b4>] (__class_register) from [<c02091e4>] (__class_create+0x40/0x70)
[    0.202867] [<c02091e4>] (__class_create) from [<c01adf68>] (register_devfs_stubs+0x314/0xbb4)
[    0.203047] [<c01adf68>] (register_devfs_stubs) from [<c05d9b08>] (init_module+0x28/0xa4)
[    0.203220] [<c05d9b08>] (init_module) from [<c0009670>] (do_one_initcall+0x104/0x1b4)
[    0.203387] [<c0009670>] (do_one_initcall) from [<c05c7d08>] (kernel_init_freeable+0xf0/0x1b0)
[    0.203565] [<c05c7d08>] (kernel_init_freeable) from [<c040f28c>] (kernel_init+0x8/0xe4)
[    0.203731] [<c040f28c>] (kernel_init) from [<c0016da8>] (ret_from_fork+0x14/0x2c)
[    0.203904] ---[ end trace aab9cabd38aa5355 ]---
[    0.204082] firmadyne: Cannot create device class: gpio!
[    0.205877] firmadyne: Cannot register character device: watchdog, 0xa, 0x82!
[    0.206062] firmadyne: Cannot register character device: wdt, 0xfd, 0x0!
[    0.288341] PCI host bridge /pcie@10000000 ranges:
[    0.288916]    IO 0x3eff0000..0x3effffff -> 0x00000000
[    0.289281]   MEM 0x10000000..0x3efeffff -> 0x10000000
[    0.289414]   MEM 0x8000000000..0xffffffffff -> 0x8000000000
[    0.290088] pci-host-generic 3f000000.pcie: resource collision: [mem 0x00000000-0xffffffff] conflicts with /pl011@9000000 [mem 0x09000000-0x09000fff]
[    0.290805] pci-host-generic: probe of 3f000000.pcie failed with error -16
[    0.302987] Non-volatile memory driver v1.3
[    0.326652] brd: module loaded
[    0.338542] loop: module loaded
[    0.351844]  vda: vda1
[    0.366126] 0.flash: Found 2 x16 devices at 0x0 in 32-bit bank. Manufacturer ID 0x000000 Chip ID 0x000000
[    0.366858] Intel/Sharp Extended Query Table at 0x0031
[    0.368271] Using buffer write method
[    0.368699] erase region 0: offset=0x0,size=0x40000,blocks=256
[    0.376268] 0.flash: Found 2 x16 devices at 0x0 in 32-bit bank. Manufacturer ID 0x000000 Chip ID 0x000000
[    0.376556] Intel/Sharp Extended Query Table at 0x0031
[    0.377395] Using buffer write method
[    0.377520] erase region 0: offset=0x0,size=0x40000,blocks=256
[    0.377745] Concatenating MTD devices:
[    0.377855] (0): "0.flash"
[    0.377930] (1): "0.flash"
[    0.377997] into device "0.flash"
[    0.391902] [nandsim] warning: read_byte: unexpected data output cycle, state is STATE_READY return 0x0
[    0.392139] [nandsim] warning: read_byte: unexpected data output cycle, state is STATE_READY return 0x0
[    0.392317] [nandsim] warning: read_byte: unexpected data output cycle, state is STATE_READY return 0x0
[    0.392488] [nandsim] warning: read_byte: unexpected data output cycle, state is STATE_READY return 0x0
[    0.392657] [nandsim] warning: read_byte: unexpected data output cycle, state is STATE_READY return 0x0
[    0.392827] [nandsim] warning: read_byte: unexpected data output cycle, state is STATE_READY return 0x0
[    0.393244] nand: device found, Manufacturer ID: 0x98, Chip ID: 0x39
[    0.393391] nand: Toshiba NAND 128MiB 1,8V 8-bit
[    0.393513] nand: 128 MiB, SLC, erase size: 16 KiB, page size: 512, OOB size: 16
[    0.394419] flash size: 128 MiB
[    0.394504] page size: 512 bytes
[    0.394579] OOB area size: 16 bytes
[    0.394660] sector size: 16 KiB
[    0.394732] pages number: 262144
[    0.394804] pages per sector: 32
[    0.394875] bus width: 8
[    0.394936] bits in sector size: 14
[    0.395012] bits in page size: 9
[    0.395087] bits in OOB size: 4
[    0.395166] flash size with OOB: 135168 KiB
[    0.395254] page address bytes: 4
[    0.395327] sector address bytes: 3
[    0.395406] options: 0x42
[    1.644649] Scanning device for bad blocks
[    1.760849] firmadyne: do_execve: /firmadyne/console
[    1.761079] OFFSETS: offset of pid: 0x190 offset of comm: 0x270
[    1.761649] Creating 11 MTD partitions on "NAND 128MiB 1,8V 8-bit":
[    1.762045] 0x000000000000-0x000000100000 : "NAND simulator partition 0"
[    1.764775] 0x000000100000-0x000000200000 : "NAND simulator partition 1"
[    1.766338] 0x000000200000-0x000000300000 : "NAND simulator partition 2"
[    1.767796] 0x000000300000-0x000000400000 : "NAND simulator partition 3"
[    1.769576] 0x000000400000-0x000000500000 : "NAND simulator partition 4"
[    1.771127] 0x000000500000-0x000000600000 : "NAND simulator partition 5"
[    1.772691] 0x000000600000-0x000000700000 : "NAND simulator partition 6"
[    1.774382] 0x000000700000-0x000000800000 : "NAND simulator partition 7"
[    1.775768] 0x000000800000-0x000000900000 : "NAND simulator partition 8"
[    1.778089] 0x000000900000-0x000000a00000 : "NAND simulator partition 9"
[    1.779968] 0x000000a00000-0x000008000000 : "NAND simulator partition 10"
[    1.785897] tun: Universal TUN/TAP device driver, 1.6
[    1.786045] tun: (C) 1999-2004 Max Krasnyansky <maxk@qualcomm.com>
[    1.800121] PPP generic driver version 2.4.2
[    1.800935] PPP BSD Compression module registered
[    1.801147] PPP Deflate Compression module registered
[    1.801413] PPP MPPE Compression module registered
[    1.801589] NET: Registered protocol family 24
[    1.801890] PPTP driver version 0.8.5
[    1.803709] usbcore: registered new interface driver usb-storage
[    1.807325] rtc-pl031 9010000.pl031: rtc core: registered pl031 as rtc0
[    1.808343] hidraw: raw HID events driver (C) Jiri Kosina
[    1.808922] usbcore: registered new interface driver usbhid
[    1.809047] usbhid: USB HID core driver
[    1.809649] Netfilter messages via NETLINK v0.30.
[    1.810385] nf_conntrack version 0.5.0 (3958 buckets, 15832 max)
[    1.811954] ctnetlink v0.93: registering with nfnetlink.
[    1.813566] ipip: IPv4 over IPv4 tunneling driver
[    1.815877] gre: GRE over IPv4 demultiplexor driver
[    1.816075] ip_gre: GRE over IPv4 tunneling driver
[    1.821374] ip_tables: (C) 2000-2006 Netfilter Core Team
[    1.823273] arp_tables: (C) 2002 David S. Miller
[    1.824393] Initializing XFRM netlink socket
[    1.824913] NET: Registered protocol family 10
[    1.833155] ip6_tables: (C) 2000-2006 Netfilter Core Team
[    1.835001] sit: IPv6 over IPv4 tunneling driver
[    1.839310] NET: Registered protocol family 17
[    1.840015] bridge: automatic filtering via arp/ip/ip6tables has been deprecated. Update your scripts to load br_netfilter if you need this.
[    1.840423] Bridge firewalling registered
[    1.840586] Ebtables v2.0 registered
[    1.841906] 8021q: 802.1Q VLAN Support v1.8
[    1.842678] Registering SWP/SWPB emulation handler
[    1.845760] rtc-pl031 9010000.pl031: setting system clock to 2018-07-19 11:33:59 UTC (1532000039)
[    1.857315] EXT4-fs (vda1): couldn't mount as ext3 due to feature incompatibilities
[    1.859476] EXT4-fs (vda1): mounting ext2 file system using the ext4 subsystem
[    1.869519] EXT4-fs (vda1): warning: mounting unchecked fs, running e2fsck is recommended
[    1.872855] EXT4-fs (vda1): mounted filesystem without journal. Opts: (null)
[    1.874095] VFS: Mounted root (ext2 filesystem) on device 254:1.
[    1.893844] Freeing unused kernel memory: 180K (c05c7000 - c05f4000)
[    1.947631] random: sh urandom read with 2 bits of entropy available
/ # [    3.290130] cfg80211: Calling CRDA to update world regulatory domain
[    6.438690] cfg80211: Calling CRDA to update world regulatory domain
[    9.588568] cfg80211: Calling CRDA to update world regulatory domain
[   12.739021] cfg80211: Calling CRDA to update world regulatory domain
[   15.889810] cfg80211: Calling CRDA to update world regulatory domain
[   19.040444] cfg80211: Calling CRDA to update world regulatory domain
[   22.189617] cfg80211: Calling CRDA to update world regulatory domain
[   25.338727] cfg80211: Calling CRDA to update world regulatory domain
[   28.488975] cfg80211: Calling CRDA to update world regulatory domain
[   31.640471] cfg80211: Calling CRDA to update world regulatory domain
[   34.788575] cfg80211: Exceeded CRDA call max attempts. Not calling CRDA
