>> Database Image ID: 112

/home/zhumengfan/firmware/firmwares/f78d70ab1bb1c6e1787dc984cbdf76210b42648d.trx
>> MD5: b42d47db03fe4c06ab64fb0446836426
>> Tag: 112
>> Temp: /tmp/tmpGrQ1h4
>> Status: Kernel: True, Rootfs: False, Do_Kernel: False,                 Do_Rootfs: True
>>>> Squashfs filesystem, little endian, version 4.0, compression:xz, size: 14582112 bytes, 1387 inodes, blocksize: 131072 bytes, created: 2014-10-07 11:04:37
>>>> Found Linux filesystem in /tmp/tmpGrQ1h4/_f78d70ab1bb1c6e1787dc984cbdf76210b42648d.trx.extracted/squashfs-root!
>> Skipping: completed!
>> Cleaning up /tmp/tmpGrQ1h4...
./bin/busybox: armel
Querying database for architecture... armel
----Running----
----Copying Filesystem Tarball----
----Creating QEMU Image----
Formatting '/home/zhumengfan/firmadyne//scratch//112//image.raw', fmt=raw size=1073741824
----Creating Partition Table----

Welcome to fdisk (util-linux 2.27.1).
Changes will remain in memory only, until you decide to write them.
Be careful before using the write command.

Device does not contain a recognized partition table.
Created a new DOS disklabel with disk identifier 0x6301622d.

Command (m for help): Created a new DOS disklabel with disk identifier 0xd80b1665.

Command (m for help): Partition type
   p   primary (0 primary, 0 extended, 4 free)
   e   extended (container for logical partitions)
Select (default p): Partition number (1-4, default 1): First sector (2048-2097151, default 2048): Last sector, +sectors or +size{K,M,G,T,P} (2048-2097151, default 2097151): 
Created a new partition 1 of type 'Linux' and of size 1023 MiB.

Command (m for help): The partition table has been altered.
Syncing disks.

----Mounting QEMU Image----
add map loop0p1 (252:0): 0 2095104 linear 7:0 2048
----Creating Filesystem----
mke2fs 1.42.13 (17-May-2015)
Discarding device blocks:   4096/261888             done                            
Creating filesystem with 261888 4k blocks and 65536 inodes
Filesystem UUID: 308b5597-635c-4f48-9459-a16553adba60
Superblock backups stored on blocks: 
	32768, 98304, 163840, 229376

Allocating group tables: 0/8   done                            
Writing inode tables: 0/8   done                            
Writing superblocks and filesystem accounting information: 0/8   done

----Making QEMU Image Mountpoint----
----Mounting QEMU Image Partition 1----
----Extracting Filesystem Tarball----
----Creating FIRMADYNE Directories----
----Patching Filesystem (chroot)----
Creating /etc/TZ!
Creating /etc/hosts!
Creating /etc/passwd!
Warning: Recreating device nodes!
Removing /etc/scripts/sys_resetbutton!
----Setting up FIRMADYNE----
----Unmounting QEMU Image----
loop deleted : /dev/loop0
Querying database for architecture... armel
Running firmware 112: terminating after 60 secs...
qemu-system-arm: terminating on signal 2 from pid 121977 (timeout)
Inferring network...
Interfaces: []
Done!
[    0.000000] Booting Linux on physical CPU 0x0
[    0.000000] Linux version 4.1.17+ (vagrant@vagrant-ubuntu-trusty-64) (gcc version 5.3.0 (GCC) ) #1 Thu Feb 18 01:05:21 UTC 2016
[    0.000000] CPU: ARMv7 Processor [412fc0f1] revision 1 (ARMv7), cr=10c5387d
[    0.000000] CPU: PIPT / VIPT nonaliasing data cache, PIPT instruction cache
[    0.000000] Machine model: linux,dummy-virt
[    0.000000] debug: ignoring loglevel setting.
[    0.000000] Memory policy: Data cache writeback
[    0.000000] On node 0 totalpages: 65536
[    0.000000] free_area_init_node: node 0, pgdat c061dfe8, node_mem_map cfdf9000
[    0.000000]   Normal zone: 512 pages used for memmap
[    0.000000]   Normal zone: 0 pages reserved
[    0.000000]   Normal zone: 65536 pages, LIFO batch:15
[    0.000000] psci: probing for conduit method from DT.
[    0.000000] psci: PSCIv0.2 detected in firmware.
[    0.000000] psci: Using standard PSCI v0.2 function IDs
[    0.000000] CPU: All CPU(s) started in SVC mode.
[    0.000000] pcpu-alloc: s0 r0 d32768 u32768 alloc=1*32768
[    0.000000] pcpu-alloc: [0] 0 
[    0.000000] Built 1 zonelists in Zone order, mobility grouping on.  Total pages: 65024
[    0.000000] Kernel command line: firmadyne.syscall=1 root=/dev/vda1 console=ttyS0 nandsim.parts=64,64,64,64,64,64,64,64,64,64 rdinit=/firmadyne/preInit.sh rw debug ignore_loglevel print-fatal-signals=1 user_debug=31
[    0.000000] PID hash table entries: 1024 (order: 0, 4096 bytes)
[    0.000000] Dentry cache hash table entries: 32768 (order: 5, 131072 bytes)
[    0.000000] Inode-cache hash table entries: 16384 (order: 4, 65536 bytes)
[    0.000000] Memory: 253340K/262144K available (4297K kernel code, 170K rwdata, 1584K rodata, 180K init, 148K bss, 8804K reserved, 0K cma-reserved)
[    0.000000] Virtual kernel memory layout:
[    0.000000]     vector  : 0xffff0000 - 0xffff1000   (   4 kB)
[    0.000000]     fixmap  : 0xffc00000 - 0xfff00000   (3072 kB)
[    0.000000]     vmalloc : 0xd0800000 - 0xff000000   ( 744 MB)
[    0.000000]     lowmem  : 0xc0000000 - 0xd0000000   ( 256 MB)
[    0.000000]     modules : 0xbf000000 - 0xc0000000   (  16 MB)
[    0.000000]       .text : 0xc0008000 - 0xc05c67bc   (5882 kB)
[    0.000000]       .init : 0xc05c7000 - 0xc05f4000   ( 180 kB)
[    0.000000]       .data : 0xc05f4000 - 0xc061e840   ( 171 kB)
[    0.000000]        .bss : 0xc0621000 - 0xc06462d4   ( 149 kB)
[    0.000000] NR_IRQS:16 nr_irqs:16 16
[    0.000000] Architected cp15 timer(s) running at 62.50MHz (virt).
[    0.000000] clocksource arch_sys_counter: mask: 0xffffffffffffff max_cycles: 0x1cd42e208c, max_idle_ns: 881590405314 ns
[    0.000160] sched_clock: 56 bits at 62MHz, resolution 16ns, wraps every 4398046511096ns
[    0.000304] Switching to timer-based delay loop, resolution 16ns
[    0.003437] Console: colour dummy device 80x30
[    0.003777] Calibrating delay loop (skipped), value calculated using timer frequency.. 125.00 BogoMIPS (lpj=625000)
[    0.003914] pid_max: default: 32768 minimum: 301
[    0.004834] Mount-cache hash table entries: 1024 (order: 0, 4096 bytes)
[    0.004871] Mountpoint-cache hash table entries: 1024 (order: 0, 4096 bytes)
[    0.426206] CPU: Testing write buffer coherency: ok
[    0.432632] Setting up static identity map for 0x40008240 - 0x40008298
[    0.447662] VFP support v0.3: implementor 41 architecture 4 part 30 variant f rev 0
[    0.459813] clocksource jiffies: mask: 0xffffffff max_cycles: 0xffffffff, max_idle_ns: 19112604462750000 ns
[    2.573788] NET: Registered protocol family 16
[    2.577153] DMA: preallocated 256 KiB pool for atomic coherent allocations
[    2.581299] cpuidle: using governor ladder
[    2.581487] cpuidle: using governor menu
[    2.602301] Serial: AMBA PL011 UART driver
[    2.604472] 9000000.pl011: ttyS0 at MMIO 0x9000000 (irq = 54, base_baud = 0) is a PL011 rev1
[    2.612181] console [ttyS0] enabled
[    4.072701] vgaarb: loaded
[    4.074319] SCSI subsystem initialized
[    4.075401] usbcore: registered new interface driver usbfs
[    4.075758] usbcore: registered new interface driver hub
[    4.076074] usbcore: registered new device driver usb
[    4.085791] cfg80211: Calling CRDA to update world regulatory domain
[    4.088244] Switched to clocksource arch_sys_counter
[    4.106445] NET: Registered protocol family 2
[    4.112207] TCP established hash table entries: 2048 (order: 1, 8192 bytes)
[    4.112468] TCP bind hash table entries: 2048 (order: 1, 8192 bytes)
[    4.112771] TCP: Hash tables configured (established 2048 bind 2048)
[    4.113297] UDP hash table entries: 256 (order: 0, 4096 bytes)
[    4.113550] UDP-Lite hash table entries: 256 (order: 0, 4096 bytes)
[    4.114958] NET: Registered protocol family 1
[    4.115399] PCI: CLS 0 bytes, default 64
[    4.122720] NetWinder Floating Point Emulator V0.97 (extended precision)
[    4.125307] futex hash table entries: 256 (order: -1, 3072 bytes)
[    6.435784] squashfs: version 4.0 (2009/01/31) Phillip Lougher
[    6.436841] jffs2: version 2.2. (NAND) © 2001-2006 Red Hat, Inc.
[    6.437646] romfs: ROMFS MTD (C) 2007 Red Hat, Inc.
[    6.446488] Block layer SCSI generic (bsg) driver version 0.4 loaded (major 253)
[    6.446848] io scheduler noop registered
[    6.447074] io scheduler cfq registered (default)
[    6.447741] firmadyne: devfs: 1, execute: 1, procfs: 1, syscall: 1
[    6.449310] ------------[ cut here ]------------
[    6.449544] WARNING: CPU: 0 PID: 1 at /home/vagrant/firmadyne-kernel/kernel-v4.1/fs/sysfs/dir.c:31 sysfs_warn_dup+0x50/0x6c()
[    6.449776] sysfs: cannot create duplicate filename '/class/gpio'
[    6.449943] Modules linked in:
[    6.450258] CPU: 0 PID: 1 Comm: swapper Not tainted 4.1.17+ #1
[    6.450393] Hardware name: Generic DT based system
[    6.451078] [<c001c99c>] (unwind_backtrace) from [<c0019d30>] (show_stack+0x10/0x14)
[    6.451351] [<c0019d30>] (show_stack) from [<c0024ab4>] (warn_slowpath_common+0x80/0xa8)
[    6.451547] [<c0024ab4>] (warn_slowpath_common) from [<c0024b08>] (warn_slowpath_fmt+0x2c/0x3c)
[    6.451807] [<c0024b08>] (warn_slowpath_fmt) from [<c00e363c>] (sysfs_warn_dup+0x50/0x6c)
[    6.451985] [<c00e363c>] (sysfs_warn_dup) from [<c00e3714>] (sysfs_create_dir_ns+0x74/0x84)
[    6.452165] [<c00e3714>] (sysfs_create_dir_ns) from [<c018e6ac>] (kobject_add_internal+0xb8/0x2ac)
[    6.452350] [<c018e6ac>] (kobject_add_internal) from [<c018e9a8>] (kset_register+0x1c/0x44)
[    6.452528] [<c018e9a8>] (kset_register) from [<c02090b4>] (__class_register+0xa8/0x198)
[    6.452701] [<c02090b4>] (__class_register) from [<c02091e4>] (__class_create+0x40/0x70)
[    6.452873] [<c02091e4>] (__class_create) from [<c01adf68>] (register_devfs_stubs+0x314/0xbb4)
[    6.453053] [<c01adf68>] (register_devfs_stubs) from [<c05d9b08>] (init_module+0x28/0xa4)
[    6.453254] [<c05d9b08>] (init_module) from [<c0009670>] (do_one_initcall+0x104/0x1b4)
[    6.453424] [<c0009670>] (do_one_initcall) from [<c05c7d08>] (kernel_init_freeable+0xf0/0x1b0)
[    6.453625] [<c05c7d08>] (kernel_init_freeable) from [<c040f28c>] (kernel_init+0x8/0xe4)
[    6.453794] [<c040f28c>] (kernel_init) from [<c0016da8>] (ret_from_fork+0x14/0x2c)
[    6.454052] ---[ end trace 4d4fb9f02311a79f ]---
[    6.454247] ------------[ cut here ]------------
[    6.454358] WARNING: CPU: 0 PID: 1 at /home/vagrant/firmadyne-kernel/kernel-v4.1/lib/kobject.c:240 kobject_add_internal+0x240/0x2ac()
[    6.454575] kobject_add_internal failed for gpio with -EEXIST, don't try to register things with the same name in the same directory.
[    6.454785] Modules linked in:
[    6.454928] CPU: 0 PID: 1 Comm: swapper Tainted: G        W       4.1.17+ #1
[    6.455064] Hardware name: Generic DT based system
[    6.455181] [<c001c99c>] (unwind_backtrace) from [<c0019d30>] (show_stack+0x10/0x14)
[    6.455345] [<c0019d30>] (show_stack) from [<c0024ab4>] (warn_slowpath_common+0x80/0xa8)
[    6.455515] [<c0024ab4>] (warn_slowpath_common) from [<c0024b08>] (warn_slowpath_fmt+0x2c/0x3c)
[    6.455693] [<c0024b08>] (warn_slowpath_fmt) from [<c018e834>] (kobject_add_internal+0x240/0x2ac)
[    6.455885] [<c018e834>] (kobject_add_internal) from [<c018e9a8>] (kset_register+0x1c/0x44)
[    6.456056] [<c018e9a8>] (kset_register) from [<c02090b4>] (__class_register+0xa8/0x198)
[    6.456223] [<c02090b4>] (__class_register) from [<c02091e4>] (__class_create+0x40/0x70)
[    6.456390] [<c02091e4>] (__class_create) from [<c01adf68>] (register_devfs_stubs+0x314/0xbb4)
[    6.456569] [<c01adf68>] (register_devfs_stubs) from [<c05d9b08>] (init_module+0x28/0xa4)
[    6.456738] [<c05d9b08>] (init_module) from [<c0009670>] (do_one_initcall+0x104/0x1b4)
[    6.456904] [<c0009670>] (do_one_initcall) from [<c05c7d08>] (kernel_init_freeable+0xf0/0x1b0)
[    6.457079] [<c05c7d08>] (kernel_init_freeable) from [<c040f28c>] (kernel_init+0x8/0xe4)
[    6.457241] [<c040f28c>] (kernel_init) from [<c0016da8>] (ret_from_fork+0x14/0x2c)
[    6.457406] ---[ end trace 4d4fb9f02311a7a0 ]---
[    6.457576] firmadyne: Cannot create device class: gpio!
[    6.459466] firmadyne: Cannot register character device: watchdog, 0xa, 0x82!
[    6.459645] firmadyne: Cannot register character device: wdt, 0xfd, 0x0!
[    6.540814] PCI host bridge /pcie@10000000 ranges:
[    6.541379]    IO 0x3eff0000..0x3effffff -> 0x00000000
[    6.541782]   MEM 0x10000000..0x3efeffff -> 0x10000000
[    6.541912]   MEM 0x8000000000..0xffffffffff -> 0x8000000000
[    6.542575] pci-host-generic 3f000000.pcie: resource collision: [mem 0x00000000-0xffffffff] conflicts with /pl011@9000000 [mem 0x09000000-0x09000fff]
[    6.543326] pci-host-generic: probe of 3f000000.pcie failed with error -16
[    6.554786] Non-volatile memory driver v1.3
[    9.472165] cfg80211: Calling CRDA to update world regulatory domain
[    9.491573] brd: module loaded
[    9.501708] loop: module loaded
[   14.993733]  vda: vda1
[   14.994645] cfg80211: Calling CRDA to update world regulatory domain
[   15.006336] 0.flash: Found 2 x16 devices at 0x0 in 32-bit bank. Manufacturer ID 0x000000 Chip ID 0x000000
[   15.006964] Intel/Sharp Extended Query Table at 0x0031
[   15.009480] Using buffer write method
[   15.009902] erase region 0: offset=0x0,size=0x40000,blocks=256
[   15.017252] 0.flash: Found 2 x16 devices at 0x0 in 32-bit bank. Manufacturer ID 0x000000 Chip ID 0x000000
[   15.017511] Intel/Sharp Extended Query Table at 0x0031
[   15.018433] Using buffer write method
[   15.018553] erase region 0: offset=0x0,size=0x40000,blocks=256
[   15.018751] Concatenating MTD devices:
[   15.018854] (0): "0.flash"
[   15.018931] (1): "0.flash"
[   15.019034] into device "0.flash"
[   15.031379] [nandsim] warning: read_byte: unexpected data output cycle, state is STATE_READY return 0x0
[   15.031615] [nandsim] warning: read_byte: unexpected data output cycle, state is STATE_READY return 0x0
[   15.031828] [nandsim] warning: read_byte: unexpected data output cycle, state is STATE_READY return 0x0
[   15.032094] [nandsim] warning: read_byte: unexpected data output cycle, state is STATE_READY return 0x0
[   15.032371] [nandsim] warning: read_byte: unexpected data output cycle, state is STATE_READY return 0x0
[   15.032639] [nandsim] warning: read_byte: unexpected data output cycle, state is STATE_READY return 0x0
[   15.033322] nand: device found, Manufacturer ID: 0x98, Chip ID: 0x39
[   15.033587] nand: Toshiba NAND 128MiB 1,8V 8-bit
[   15.033792] nand: 128 MiB, SLC, erase size: 16 KiB, page size: 512, OOB size: 16
[   15.035199] flash size: 128 MiB
[   15.035338] page size: 512 bytes
[   15.035431] OOB area size: 16 bytes
[   15.035510] sector size: 16 KiB
[   15.035588] pages number: 262144
[   15.035668] pages per sector: 32
[   15.035739] bus width: 8
[   15.035799] bits in sector size: 14
[   15.035874] bits in page size: 9
[   15.035959] bits in OOB size: 4
[   15.036067] flash size with OOB: 135168 KiB
[   15.036157] page address bytes: 4
[   15.036230] sector address bytes: 3
[   15.036307] options: 0x42
[   17.881867] Scanning device for bad blocks
[   17.991687] firmadyne: do_execve: /firmadyne/console
[   17.991896] OFFSETS: offset of pid: 0x190 offset of comm: 0x270
[   17.992385] Creating 11 MTD partitions on "NAND 128MiB 1,8V 8-bit":
[   17.992804] 0x000000000000-0x000000100000 : "NAND simulator partition 0"
[   17.995089] 0x000000100000-0x000000200000 : "NAND simulator partition 1"
[   17.996587] 0x000000200000-0x000000300000 : "NAND simulator partition 2"
[   17.998176] 0x000000300000-0x000000400000 : "NAND simulator partition 3"
[   17.999619] 0x000000400000-0x000000500000 : "NAND simulator partition 4"
[   18.001012] 0x000000500000-0x000000600000 : "NAND simulator partition 5"
[   18.002436] 0x000000600000-0x000000700000 : "NAND simulator partition 6"
[   18.004018] 0x000000700000-0x000000800000 : "NAND simulator partition 7"
[   18.005370] 0x000000800000-0x000000900000 : "NAND simulator partition 8"
[   18.006801] 0x000000900000-0x000000a00000 : "NAND simulator partition 9"
[   18.008337] 0x000000a00000-0x000008000000 : "NAND simulator partition 10"
[   18.014349] tun: Universal TUN/TAP device driver, 1.6
[   18.014477] tun: (C) 1999-2004 Max Krasnyansky <maxk@qualcomm.com>
[   21.672084] PPP generic driver version 2.4.2
[   21.672914] PPP BSD Compression module registered
[   21.673126] PPP Deflate Compression module registered
[   21.673389] PPP MPPE Compression module registered
[   21.673560] NET: Registered protocol family 24
[   21.673894] PPTP driver version 0.8.5
[   21.674708] cfg80211: Calling CRDA to update world regulatory domain
[   24.395093] usbcore: registered new interface driver usb-storage
[   24.398905] rtc-pl031 9010000.pl031: rtc core: registered pl031 as rtc0
[   24.399705] hidraw: raw HID events driver (C) Jiri Kosina
[   24.400261] usbcore: registered new interface driver usbhid
[   24.400392] usbhid: USB HID core driver
[   24.400888] Netfilter messages via NETLINK v0.30.
[   24.401585] nf_conntrack version 0.5.0 (3958 buckets, 15832 max)
[   24.403043] ctnetlink v0.93: registering with nfnetlink.
[   24.404494] ipip: IPv4 over IPv4 tunneling driver
[   24.406692] gre: GRE over IPv4 demultiplexor driver
[   24.406858] ip_gre: GRE over IPv4 tunneling driver
[   24.411710] ip_tables: (C) 2000-2006 Netfilter Core Team
[   24.413438] arp_tables: (C) 2002 David S. Miller
[   26.722741] Initializing XFRM netlink socket
[   26.723329] NET: Registered protocol family 10
[   26.726637] cfg80211: Calling CRDA to update world regulatory domain
[   26.731159] ip6_tables: (C) 2000-2006 Netfilter Core Team
[   26.732922] sit: IPv6 over IPv4 tunneling driver
[   26.736861] NET: Registered protocol family 17
[   26.737562] bridge: automatic filtering via arp/ip/ip6tables has been deprecated. Update your scripts to load br_netfilter if you need this.
[   26.737908] Bridge firewalling registered
[   26.738233] Ebtables v2.0 registered
[   26.739499] 8021q: 802.1Q VLAN Support v1.8
[   26.740218] Registering SWP/SWPB emulation handler
[   26.743122] rtc-pl031 9010000.pl031: setting system clock to 2018-07-19 12:17:40 UTC (1532002660)
[   26.754068] EXT4-fs (vda1): couldn't mount as ext3 due to feature incompatibilities
[   26.755677] EXT4-fs (vda1): mounting ext2 file system using the ext4 subsystem
[   26.767401] EXT4-fs (vda1): mounted filesystem without journal. Opts: (null)
[   26.768679] VFS: Mounted root (ext2 filesystem) on device 254:1.
[   26.787162] Freeing unused kernel memory: 180K (c05c7000 - c05f4000)
[   31.342381] cfg80211: Calling CRDA to update world regulatory domain
[   31.348189] random: sh urandom read with 4 bits of entropy available
Starting firmware emulation... use Ctrl-a + x to exit
qemu-system-arm: terminating on signal 2 from pid 122123 (timeout)
[    0.000000] Booting Linux on physical CPU 0x0
[    0.000000] Linux version 4.1.17+ (vagrant@vagrant-ubuntu-trusty-64) (gcc version 5.3.0 (GCC) ) #1 Thu Feb 18 01:05:21 UTC 2016
[    0.000000] CPU: ARMv7 Processor [412fc0f1] revision 1 (ARMv7), cr=10c5387d
[    0.000000] CPU: PIPT / VIPT nonaliasing data cache, PIPT instruction cache
[    0.000000] Machine model: linux,dummy-virt
[    0.000000] debug: ignoring loglevel setting.
[    0.000000] Memory policy: Data cache writeback
[    0.000000] On node 0 totalpages: 65536
[    0.000000] free_area_init_node: node 0, pgdat c061dfe8, node_mem_map cfdf9000
[    0.000000]   Normal zone: 512 pages used for memmap
[    0.000000]   Normal zone: 0 pages reserved
[    0.000000]   Normal zone: 65536 pages, LIFO batch:15
[    0.000000] psci: probing for conduit method from DT.
[    0.000000] psci: PSCIv0.2 detected in firmware.
[    0.000000] psci: Using standard PSCI v0.2 function IDs
[    0.000000] CPU: All CPU(s) started in SVC mode.
[    0.000000] pcpu-alloc: s0 r0 d32768 u32768 alloc=1*32768
[    0.000000] pcpu-alloc: [0] 0 
[    0.000000] Built 1 zonelists in Zone order, mobility grouping on.  Total pages: 65024
[    0.000000] Kernel command line: root=/dev/vda1 console=ttyS0 nandsim.parts=64,64,64,64,64,64,64,64,64,64 rdinit=/firmadyne/preInit.sh rw debug ignore_loglevel print-fatal-signals=1 user_debug=31 firmadyne.syscall=0
[    0.000000] PID hash table entries: 1024 (order: 0, 4096 bytes)
[    0.000000] Dentry cache hash table entries: 32768 (order: 5, 131072 bytes)
[    0.000000] Inode-cache hash table entries: 16384 (order: 4, 65536 bytes)
[    0.000000] Memory: 253340K/262144K available (4297K kernel code, 170K rwdata, 1584K rodata, 180K init, 148K bss, 8804K reserved, 0K cma-reserved)
[    0.000000] Virtual kernel memory layout:
[    0.000000]     vector  : 0xffff0000 - 0xffff1000   (   4 kB)
[    0.000000]     fixmap  : 0xffc00000 - 0xfff00000   (3072 kB)
[    0.000000]     vmalloc : 0xd0800000 - 0xff000000   ( 744 MB)
[    0.000000]     lowmem  : 0xc0000000 - 0xd0000000   ( 256 MB)
[    0.000000]     modules : 0xbf000000 - 0xc0000000   (  16 MB)
[    0.000000]       .text : 0xc0008000 - 0xc05c67bc   (5882 kB)
[    0.000000]       .init : 0xc05c7000 - 0xc05f4000   ( 180 kB)
[    0.000000]       .data : 0xc05f4000 - 0xc061e840   ( 171 kB)
[    0.000000]        .bss : 0xc0621000 - 0xc06462d4   ( 149 kB)
[    0.000000] NR_IRQS:16 nr_irqs:16 16
[    0.000000] Architected cp15 timer(s) running at 62.50MHz (virt).
[    0.000000] clocksource arch_sys_counter: mask: 0xffffffffffffff max_cycles: 0x1cd42e208c, max_idle_ns: 881590405314 ns
[    0.000149] sched_clock: 56 bits at 62MHz, resolution 16ns, wraps every 4398046511096ns
[    0.000325] Switching to timer-based delay loop, resolution 16ns
[    0.003488] Console: colour dummy device 80x30
[    0.003826] Calibrating delay loop (skipped), value calculated using timer frequency.. 125.00 BogoMIPS (lpj=625000)
[    0.003953] pid_max: default: 32768 minimum: 301
[    0.004905] Mount-cache hash table entries: 1024 (order: 0, 4096 bytes)
[    0.004959] Mountpoint-cache hash table entries: 1024 (order: 0, 4096 bytes)
[    0.014498] CPU: Testing write buffer coherency: ok
[    0.020923] Setting up static identity map for 0x40008240 - 0x40008298
[    0.035785] VFP support v0.3: implementor 41 architecture 4 part 30 variant f rev 0
[    0.047909] clocksource jiffies: mask: 0xffffffff max_cycles: 0xffffffff, max_idle_ns: 19112604462750000 ns
[    0.057194] NET: Registered protocol family 16
[    0.060429] DMA: preallocated 256 KiB pool for atomic coherent allocations
[    0.064805] cpuidle: using governor ladder
[    0.064943] cpuidle: using governor menu
[    0.085898] Serial: AMBA PL011 UART driver
[    0.088088] 9000000.pl011: ttyS0 at MMIO 0x9000000 (irq = 54, base_baud = 0) is a PL011 rev1
[    0.095832] console [ttyS0] enabled
[    0.118567] vgaarb: loaded
[    0.120106] SCSI subsystem initialized
[    0.121214] usbcore: registered new interface driver usbfs
[    0.121606] usbcore: registered new interface driver hub
[    0.121932] usbcore: registered new device driver usb
[    0.131125] cfg80211: Calling CRDA to update world regulatory domain
[    0.133505] Switched to clocksource arch_sys_counter
[    0.151633] NET: Registered protocol family 2
[    0.157123] TCP established hash table entries: 2048 (order: 1, 8192 bytes)
[    0.157408] TCP bind hash table entries: 2048 (order: 1, 8192 bytes)
[    0.157714] TCP: Hash tables configured (established 2048 bind 2048)
[    0.158205] UDP hash table entries: 256 (order: 0, 4096 bytes)
[    0.158485] UDP-Lite hash table entries: 256 (order: 0, 4096 bytes)
[    0.159934] NET: Registered protocol family 1
[    0.160402] PCI: CLS 0 bytes, default 64
[    0.167776] NetWinder Floating Point Emulator V0.97 (extended precision)
[    0.170456] futex hash table entries: 256 (order: -1, 3072 bytes)
[    0.176175] squashfs: version 4.0 (2009/01/31) Phillip Lougher
[    0.177644] jffs2: version 2.2. (NAND) © 2001-2006 Red Hat, Inc.
[    0.178459] romfs: ROMFS MTD (C) 2007 Red Hat, Inc.
[    0.187163] Block layer SCSI generic (bsg) driver version 0.4 loaded (major 253)
[    0.187574] io scheduler noop registered
[    0.187832] io scheduler cfq registered (default)
[    0.188503] firmadyne: devfs: 1, execute: 1, procfs: 1, syscall: 0
[    0.189844] ------------[ cut here ]------------
[    0.190015] WARNING: CPU: 0 PID: 1 at /home/vagrant/firmadyne-kernel/kernel-v4.1/fs/sysfs/dir.c:31 sysfs_warn_dup+0x50/0x6c()
[    0.190213] sysfs: cannot create duplicate filename '/class/gpio'
[    0.190402] Modules linked in:
[    0.190711] CPU: 0 PID: 1 Comm: swapper Not tainted 4.1.17+ #1
[    0.190850] Hardware name: Generic DT based system
[    0.191522] [<c001c99c>] (unwind_backtrace) from [<c0019d30>] (show_stack+0x10/0x14)
[    0.191826] [<c0019d30>] (show_stack) from [<c0024ab4>] (warn_slowpath_common+0x80/0xa8)
[    0.191997] [<c0024ab4>] (warn_slowpath_common) from [<c0024b08>] (warn_slowpath_fmt+0x2c/0x3c)
[    0.192206] [<c0024b08>] (warn_slowpath_fmt) from [<c00e363c>] (sysfs_warn_dup+0x50/0x6c)
[    0.192424] [<c00e363c>] (sysfs_warn_dup) from [<c00e3714>] (sysfs_create_dir_ns+0x74/0x84)
[    0.192601] [<c00e3714>] (sysfs_create_dir_ns) from [<c018e6ac>] (kobject_add_internal+0xb8/0x2ac)
[    0.192811] [<c018e6ac>] (kobject_add_internal) from [<c018e9a8>] (kset_register+0x1c/0x44)
[    0.192962] [<c018e9a8>] (kset_register) from [<c02090b4>] (__class_register+0xa8/0x198)
[    0.193109] [<c02090b4>] (__class_register) from [<c02091e4>] (__class_create+0x40/0x70)
[    0.193480] [<c02091e4>] (__class_create) from [<c01adf68>] (register_devfs_stubs+0x314/0xbb4)
[    0.193670] [<c01adf68>] (register_devfs_stubs) from [<c05d9b08>] (init_module+0x28/0xa4)
[    0.193891] [<c05d9b08>] (init_module) from [<c0009670>] (do_one_initcall+0x104/0x1b4)
[    0.194053] [<c0009670>] (do_one_initcall) from [<c05c7d08>] (kernel_init_freeable+0xf0/0x1b0)
[    0.194234] [<c05c7d08>] (kernel_init_freeable) from [<c040f28c>] (kernel_init+0x8/0xe4)
[    0.194424] [<c040f28c>] (kernel_init) from [<c0016da8>] (ret_from_fork+0x14/0x2c)
[    0.194674] ---[ end trace 9fafda0722de982b ]---
[    0.194868] ------------[ cut here ]------------
[    0.194987] WARNING: CPU: 0 PID: 1 at /home/vagrant/firmadyne-kernel/kernel-v4.1/lib/kobject.c:240 kobject_add_internal+0x240/0x2ac()
[    0.195231] kobject_add_internal failed for gpio with -EEXIST, don't try to register things with the same name in the same directory.
[    0.195441] Modules linked in:
[    0.195582] CPU: 0 PID: 1 Comm: swapper Tainted: G        W       4.1.17+ #1
[    0.195736] Hardware name: Generic DT based system
[    0.195860] [<c001c99c>] (unwind_backtrace) from [<c0019d30>] (show_stack+0x10/0x14)
[    0.196031] [<c0019d30>] (show_stack) from [<c0024ab4>] (warn_slowpath_common+0x80/0xa8)
[    0.196231] [<c0024ab4>] (warn_slowpath_common) from [<c0024b08>] (warn_slowpath_fmt+0x2c/0x3c)
[    0.196412] [<c0024b08>] (warn_slowpath_fmt) from [<c018e834>] (kobject_add_internal+0x240/0x2ac)
[    0.196602] [<c018e834>] (kobject_add_internal) from [<c018e9a8>] (kset_register+0x1c/0x44)
[    0.196772] [<c018e9a8>] (kset_register) from [<c02090b4>] (__class_register+0xa8/0x198)
[    0.196972] [<c02090b4>] (__class_register) from [<c02091e4>] (__class_create+0x40/0x70)
[    0.197135] [<c02091e4>] (__class_create) from [<c01adf68>] (register_devfs_stubs+0x314/0xbb4)
[    0.197304] [<c01adf68>] (register_devfs_stubs) from [<c05d9b08>] (init_module+0x28/0xa4)
[    0.197502] [<c05d9b08>] (init_module) from [<c0009670>] (do_one_initcall+0x104/0x1b4)
[    0.197667] [<c0009670>] (do_one_initcall) from [<c05c7d08>] (kernel_init_freeable+0xf0/0x1b0)
[    0.197841] [<c05c7d08>] (kernel_init_freeable) from [<c040f28c>] (kernel_init+0x8/0xe4)
[    0.197981] [<c040f28c>] (kernel_init) from [<c0016da8>] (ret_from_fork+0x14/0x2c)
[    0.198122] ---[ end trace 9fafda0722de982c ]---
[    0.198262] firmadyne: Cannot create device class: gpio!
[    0.199978] firmadyne: Cannot register character device: watchdog, 0xa, 0x82!
[    0.200130] firmadyne: Cannot register character device: wdt, 0xfd, 0x0!
[    0.282428] PCI host bridge /pcie@10000000 ranges:
[    0.283019]    IO 0x3eff0000..0x3effffff -> 0x00000000
[    0.283551]   MEM 0x10000000..0x3efeffff -> 0x10000000
[    0.283690]   MEM 0x8000000000..0xffffffffff -> 0x8000000000
[    0.284361] pci-host-generic 3f000000.pcie: resource collision: [mem 0x00000000-0xffffffff] conflicts with /pl011@9000000 [mem 0x09000000-0x09000fff]
[    0.285053] pci-host-generic: probe of 3f000000.pcie failed with error -16
[    0.296414] Non-volatile memory driver v1.3
[    0.319473] brd: module loaded
[    0.329698] loop: module loaded
[    0.342248]  vda: vda1
[    0.354534] 0.flash: Found 2 x16 devices at 0x0 in 32-bit bank. Manufacturer ID 0x000000 Chip ID 0x000000
[    0.355192] Intel/Sharp Extended Query Table at 0x0031
[    0.356383] Using buffer write method
[    0.356818] erase region 0: offset=0x0,size=0x40000,blocks=256
[    0.364344] 0.flash: Found 2 x16 devices at 0x0 in 32-bit bank. Manufacturer ID 0x000000 Chip ID 0x000000
[    0.364593] Intel/Sharp Extended Query Table at 0x0031
[    0.365326] Using buffer write method
[    0.365473] erase region 0: offset=0x0,size=0x40000,blocks=256
[    0.365681] Concatenating MTD devices:
[    0.365796] (0): "0.flash"
[    0.365859] (1): "0.flash"
[    0.365917] into device "0.flash"
[    0.378437] [nandsim] warning: read_byte: unexpected data output cycle, state is STATE_READY return 0x0
[    0.378689] [nandsim] warning: read_byte: unexpected data output cycle, state is STATE_READY return 0x0
[    0.378899] [nandsim] warning: read_byte: unexpected data output cycle, state is STATE_READY return 0x0
[    0.379066] [nandsim] warning: read_byte: unexpected data output cycle, state is STATE_READY return 0x0
[    0.379222] [nandsim] warning: read_byte: unexpected data output cycle, state is STATE_READY return 0x0
[    0.379444] [nandsim] warning: read_byte: unexpected data output cycle, state is STATE_READY return 0x0
[    0.379873] nand: device found, Manufacturer ID: 0x98, Chip ID: 0x39
[    0.380003] nand: Toshiba NAND 128MiB 1,8V 8-bit
[    0.380108] nand: 128 MiB, SLC, erase size: 16 KiB, page size: 512, OOB size: 16
[    0.381070] flash size: 128 MiB
[    0.381144] page size: 512 bytes
[    0.381208] OOB area size: 16 bytes
[    0.381276] sector size: 16 KiB
[    0.381375] pages number: 262144
[    0.381463] pages per sector: 32
[    0.381538] bus width: 8
[    0.381598] bits in sector size: 14
[    0.381674] bits in page size: 9
[    0.381765] bits in OOB size: 4
[    0.381849] flash size with OOB: 135168 KiB
[    0.381931] page address bytes: 4
[    0.381998] sector address bytes: 3
[    0.382084] options: 0x42
[    0.386934] Scanning device for bad blocks
[    0.495587] firmadyne: do_execve: /firmadyne/console
[    0.495816] OFFSETS: offset of pid: 0x190 offset of comm: 0x270
[    0.496295] Creating 11 MTD partitions on "NAND 128MiB 1,8V 8-bit":
[    0.496722] 0x000000000000-0x000000100000 : "NAND simulator partition 0"
[    0.498972] 0x000000100000-0x000000200000 : "NAND simulator partition 1"
[    0.500390] 0x000000200000-0x000000300000 : "NAND simulator partition 2"
[    0.501787] 0x000000300000-0x000000400000 : "NAND simulator partition 3"
[    0.503376] 0x000000400000-0x000000500000 : "NAND simulator partition 4"
[    0.504823] 0x000000500000-0x000000600000 : "NAND simulator partition 5"
[    0.506212] 0x000000600000-0x000000700000 : "NAND simulator partition 6"
[    0.507844] 0x000000700000-0x000000800000 : "NAND simulator partition 7"
[    0.509191] 0x000000800000-0x000000900000 : "NAND simulator partition 8"
[    0.510542] 0x000000900000-0x000000a00000 : "NAND simulator partition 9"
[    0.511925] 0x000000a00000-0x000008000000 : "NAND simulator partition 10"
[    0.517855] tun: Universal TUN/TAP device driver, 1.6
[    0.517999] tun: (C) 1999-2004 Max Krasnyansky <maxk@qualcomm.com>
[    0.529549] PPP generic driver version 2.4.2
[    0.530310] PPP BSD Compression module registered
[    0.530490] PPP Deflate Compression module registered
[    0.530724] PPP MPPE Compression module registered
[    0.530874] NET: Registered protocol family 24
[    0.531173] PPTP driver version 0.8.5
[    0.532891] usbcore: registered new interface driver usb-storage
[    0.536464] rtc-pl031 9010000.pl031: rtc core: registered pl031 as rtc0
[    0.537221] hidraw: raw HID events driver (C) Jiri Kosina
[    0.537825] usbcore: registered new interface driver usbhid
[    0.537949] usbhid: USB HID core driver
[    0.538418] Netfilter messages via NETLINK v0.30.
[    0.539134] nf_conntrack version 0.5.0 (3958 buckets, 15832 max)
[    0.540727] ctnetlink v0.93: registering with nfnetlink.
[    0.542192] ipip: IPv4 over IPv4 tunneling driver
[    0.544626] gre: GRE over IPv4 demultiplexor driver
[    0.544791] ip_gre: GRE over IPv4 tunneling driver
[    0.549548] ip_tables: (C) 2000-2006 Netfilter Core Team
[    0.551331] arp_tables: (C) 2002 David S. Miller
[    0.552464] Initializing XFRM netlink socket
[    0.553001] NET: Registered protocol family 10
[    0.560509] ip6_tables: (C) 2000-2006 Netfilter Core Team
[    0.562418] sit: IPv6 over IPv4 tunneling driver
[    0.566600] NET: Registered protocol family 17
[    0.567309] bridge: automatic filtering via arp/ip/ip6tables has been deprecated. Update your scripts to load br_netfilter if you need this.
[    0.567689] Bridge firewalling registered
[    0.567850] Ebtables v2.0 registered
[    0.569109] 8021q: 802.1Q VLAN Support v1.8
[    0.569803] Registering SWP/SWPB emulation handler
[    0.572676] rtc-pl031 9010000.pl031: setting system clock to 2018-07-19 12:17:50 UTC (1532002670)
[    0.583700] EXT4-fs (vda1): couldn't mount as ext3 due to feature incompatibilities
[    0.585805] EXT4-fs (vda1): mounting ext2 file system using the ext4 subsystem
[    0.594602] EXT4-fs (vda1): warning: mounting unchecked fs, running e2fsck is recommended
[    0.597567] EXT4-fs (vda1): mounted filesystem without journal. Opts: (null)
[    0.598688] VFS: Mounted root (ext2 filesystem) on device 254:1.
[    0.617257] Freeing unused kernel memory: 180K (c05c7000 - c05f4000)
[    0.670067] random: sh urandom read with 3 bits of entropy available
/ # [    3.286683] cfg80211: Calling CRDA to update world regulatory domain
[    6.433814] cfg80211: Calling CRDA to update world regulatory domain
[    9.584345] cfg80211: Calling CRDA to update world regulatory domain
[   12.734533] cfg80211: Calling CRDA to update world regulatory domain
[   15.886524] cfg80211: Calling CRDA to update world regulatory domain
[   19.035782] cfg80211: Calling CRDA to update world regulatory domain
[   22.184721] cfg80211: Calling CRDA to update world regulatory domain
[   25.333835] cfg80211: Calling CRDA to update world regulatory domain
[   28.483978] cfg80211: Calling CRDA to update world regulatory domain
[   31.636157] cfg80211: Calling CRDA to update world regulatory domain
[   34.785451] cfg80211: Exceeded CRDA call max attempts. Not calling CRDA
