>> Database Image ID: 110

/home/zhumengfan/firmware/firmwares/2469351a5478385fd64edc39e26969341ce0098a.zip
>> MD5: 9206536e649227de8725e4a3e23d3148
>> Tag: 110
>> Temp: /tmp/tmp5gKQzs
>> Status: Kernel: True, Rootfs: False, Do_Kernel: False,                 Do_Rootfs: True
>>>> Zip archive data, at least v1.0 to extract, compressed size: 20754490, uncompressed size: 20754490, name: R7000-V1.0.3.60_1.1.27.chk
>> Recursing into archive ...
	
/tmp/tmp5gKQzs/_2469351a5478385fd64edc39e26969341ce0098a.zip.extracted/R7000-V1.0.3.60_1.1.27.chk
	>> MD5: 9394b31a1bc76d4a2d614e2fc357b428
	>> Tag: 110
	>> Temp: /tmp/tmpY9ucGe
	>> Status: Kernel: True, Rootfs: False, Do_Kernel: False,                 Do_Rootfs: True
	>>>> Squashfs filesystem, little endian, version 4.0, compression:xz, size: 18783764 bytes, 1220 inodes, blocksize: 131072 bytes, created: 2014-05-15 10:04:24
	>>>> Found Linux filesystem in /tmp/tmpY9ucGe/_R7000-V1.0.3.60_1.1.27.chk.extracted/squashfs-root!
	>> Skipping: completed!
	>> Cleaning up /tmp/tmpY9ucGe...
>> Skipping: completed!
>> Cleaning up /tmp/tmp5gKQzs...
./bin/busybox: armel
Querying database for architecture... armel
----Running----
----Copying Filesystem Tarball----
----Creating QEMU Image----
Formatting '/home/zhumengfan/firmadyne//scratch//110//image.raw', fmt=raw size=1073741824
----Creating Partition Table----

Welcome to fdisk (util-linux 2.27.1).
Changes will remain in memory only, until you decide to write them.
Be careful before using the write command.

Device does not contain a recognized partition table.
Created a new DOS disklabel with disk identifier 0x8f02c460.

Command (m for help): Created a new DOS disklabel with disk identifier 0xfb7ffae8.

Command (m for help): Partition type
   p   primary (0 primary, 0 extended, 4 free)
   e   extended (container for logical partitions)
Select (default p): Partition number (1-4, default 1): First sector (2048-2097151, default 2048): Last sector, +sectors or +size{K,M,G,T,P} (2048-2097151, default 2097151): 
Created a new partition 1 of type 'Linux' and of size 1023 MiB.

Command (m for help): The partition table has been altered.
Syncing disks.

----Mounting QEMU Image----
add map loop0p1 (252:0): 0 2095104 linear 7:0 2048
----Creating Filesystem----
mke2fs 1.42.13 (17-May-2015)
Discarding device blocks:   4096/261888             done                            
Creating filesystem with 261888 4k blocks and 65536 inodes
Filesystem UUID: bbaac93a-4ad2-4f10-ad05-7b879c28cfd1
Superblock backups stored on blocks: 
	32768, 98304, 163840, 229376

Allocating group tables: 0/8   done                            
Writing inode tables: 0/8   done                            
Writing superblocks and filesystem accounting information: 0/8   done

----Making QEMU Image Mountpoint----
----Mounting QEMU Image Partition 1----
----Extracting Filesystem Tarball----
----Creating FIRMADYNE Directories----
----Patching Filesystem (chroot)----
Creating /etc/TZ!
Creating /etc/hosts!
Creating /etc/passwd!
Warning: Recreating device nodes!
Removing /etc/scripts/sys_resetbutton!
Creating default rip_multicast!
Creating default bs_trustedip_enable!
Creating default filter_rule_tbl!
Creating default rip_enable!
----Setting up FIRMADYNE----
----Unmounting QEMU Image----
loop deleted : /dev/loop0
Querying database for architecture... armel
Running firmware 110: terminating after 60 secs...
qemu-system-arm: terminating on signal 2 from pid 121013 (timeout)
Inferring network...
Interfaces: []
Done!
[    0.000000] Booting Linux on physical CPU 0x0
[    0.000000] Linux version 4.1.17+ (vagrant@vagrant-ubuntu-trusty-64) (gcc version 5.3.0 (GCC) ) #1 Thu Feb 18 01:05:21 UTC 2016
[    0.000000] CPU: ARMv7 Processor [412fc0f1] revision 1 (ARMv7), cr=10c5387d
[    0.000000] CPU: PIPT / VIPT nonaliasing data cache, PIPT instruction cache
[    0.000000] Machine model: linux,dummy-virt
[    0.000000] debug: ignoring loglevel setting.
[    0.000000] Memory policy: Data cache writeback
[    0.000000] On node 0 totalpages: 65536
[    0.000000] free_area_init_node: node 0, pgdat c061dfe8, node_mem_map cfdf9000
[    0.000000]   Normal zone: 512 pages used for memmap
[    0.000000]   Normal zone: 0 pages reserved
[    0.000000]   Normal zone: 65536 pages, LIFO batch:15
[    0.000000] psci: probing for conduit method from DT.
[    0.000000] psci: PSCIv0.2 detected in firmware.
[    0.000000] psci: Using standard PSCI v0.2 function IDs
[    0.000000] CPU: All CPU(s) started in SVC mode.
[    0.000000] pcpu-alloc: s0 r0 d32768 u32768 alloc=1*32768
[    0.000000] pcpu-alloc: [0] 0 
[    0.000000] Built 1 zonelists in Zone order, mobility grouping on.  Total pages: 65024
[    0.000000] Kernel command line: firmadyne.syscall=1 root=/dev/vda1 console=ttyS0 nandsim.parts=64,64,64,64,64,64,64,64,64,64 rdinit=/firmadyne/preInit.sh rw debug ignore_loglevel print-fatal-signals=1 user_debug=31
[    0.000000] PID hash table entries: 1024 (order: 0, 4096 bytes)
[    0.000000] Dentry cache hash table entries: 32768 (order: 5, 131072 bytes)
[    0.000000] Inode-cache hash table entries: 16384 (order: 4, 65536 bytes)
[    0.000000] Memory: 253340K/262144K available (4297K kernel code, 170K rwdata, 1584K rodata, 180K init, 148K bss, 8804K reserved, 0K cma-reserved)
[    0.000000] Virtual kernel memory layout:
[    0.000000]     vector  : 0xffff0000 - 0xffff1000   (   4 kB)
[    0.000000]     fixmap  : 0xffc00000 - 0xfff00000   (3072 kB)
[    0.000000]     vmalloc : 0xd0800000 - 0xff000000   ( 744 MB)
[    0.000000]     lowmem  : 0xc0000000 - 0xd0000000   ( 256 MB)
[    0.000000]     modules : 0xbf000000 - 0xc0000000   (  16 MB)
[    0.000000]       .text : 0xc0008000 - 0xc05c67bc   (5882 kB)
[    0.000000]       .init : 0xc05c7000 - 0xc05f4000   ( 180 kB)
[    0.000000]       .data : 0xc05f4000 - 0xc061e840   ( 171 kB)
[    0.000000]        .bss : 0xc0621000 - 0xc06462d4   ( 149 kB)
[    0.000000] NR_IRQS:16 nr_irqs:16 16
[    0.000000] Architected cp15 timer(s) running at 62.50MHz (virt).
[    0.000000] clocksource arch_sys_counter: mask: 0xffffffffffffff max_cycles: 0x1cd42e208c, max_idle_ns: 881590405314 ns
[    0.000168] sched_clock: 56 bits at 62MHz, resolution 16ns, wraps every 4398046511096ns
[    0.000315] Switching to timer-based delay loop, resolution 16ns
[    0.003501] Console: colour dummy device 80x30
[    0.003859] Calibrating delay loop (skipped), value calculated using timer frequency.. 125.00 BogoMIPS (lpj=625000)
[    0.004019] pid_max: default: 32768 minimum: 301
[    0.004955] Mount-cache hash table entries: 1024 (order: 0, 4096 bytes)
[    0.005006] Mountpoint-cache hash table entries: 1024 (order: 0, 4096 bytes)
[    2.815698] CPU: Testing write buffer coherency: ok
[    2.822222] Setting up static identity map for 0x40008240 - 0x40008298
[    2.837214] VFP support v0.3: implementor 41 architecture 4 part 30 variant f rev 0
[    2.853870] clocksource jiffies: mask: 0xffffffff max_cycles: 0xffffffff, max_idle_ns: 19112604462750000 ns
[    2.862867] NET: Registered protocol family 16
[    2.866099] DMA: preallocated 256 KiB pool for atomic coherent allocations
[    2.870131] cpuidle: using governor ladder
[    2.870284] cpuidle: using governor menu
[    2.891125] Serial: AMBA PL011 UART driver
[    2.893328] 9000000.pl011: ttyS0 at MMIO 0x9000000 (irq = 54, base_baud = 0) is a PL011 rev1
[    2.901053] console [ttyS0] enabled
[    5.133618] vgaarb: loaded
[    5.135211] SCSI subsystem initialized
[    5.136338] usbcore: registered new interface driver usbfs
[    5.136724] usbcore: registered new interface driver hub
[    5.137080] usbcore: registered new device driver usb
[    5.146725] cfg80211: Calling CRDA to update world regulatory domain
[    5.149331] Switched to clocksource arch_sys_counter
[    5.167781] NET: Registered protocol family 2
[    5.173387] TCP established hash table entries: 2048 (order: 1, 8192 bytes)
[    5.173679] TCP bind hash table entries: 2048 (order: 1, 8192 bytes)
[    5.173990] TCP: Hash tables configured (established 2048 bind 2048)
[    5.174555] UDP hash table entries: 256 (order: 0, 4096 bytes)
[    5.174808] UDP-Lite hash table entries: 256 (order: 0, 4096 bytes)
[    5.176388] NET: Registered protocol family 1
[    5.176872] PCI: CLS 0 bytes, default 64
[    5.184393] NetWinder Floating Point Emulator V0.97 (extended precision)
[    5.187259] futex hash table entries: 256 (order: -1, 3072 bytes)
[    6.857798] squashfs: version 4.0 (2009/01/31) Phillip Lougher
[    6.858881] jffs2: version 2.2. (NAND) © 2001-2006 Red Hat, Inc.
[    6.859828] romfs: ROMFS MTD (C) 2007 Red Hat, Inc.
[    6.868827] Block layer SCSI generic (bsg) driver version 0.4 loaded (major 253)
[    6.869276] io scheduler noop registered
[    6.869514] io scheduler cfq registered (default)
[    6.870182] firmadyne: devfs: 1, execute: 1, procfs: 1, syscall: 1
[    6.871546] ------------[ cut here ]------------
[    6.871757] WARNING: CPU: 0 PID: 1 at /home/vagrant/firmadyne-kernel/kernel-v4.1/fs/sysfs/dir.c:31 sysfs_warn_dup+0x50/0x6c()
[    6.872006] sysfs: cannot create duplicate filename '/class/gpio'
[    6.872165] Modules linked in:
[    6.872514] CPU: 0 PID: 1 Comm: swapper Not tainted 4.1.17+ #1
[    6.872652] Hardware name: Generic DT based system
[    6.873365] [<c001c99c>] (unwind_backtrace) from [<c0019d30>] (show_stack+0x10/0x14)
[    6.873640] [<c0019d30>] (show_stack) from [<c0024ab4>] (warn_slowpath_common+0x80/0xa8)
[    6.873840] [<c0024ab4>] (warn_slowpath_common) from [<c0024b08>] (warn_slowpath_fmt+0x2c/0x3c)
[    6.874076] [<c0024b08>] (warn_slowpath_fmt) from [<c00e363c>] (sysfs_warn_dup+0x50/0x6c)
[    6.874256] [<c00e363c>] (sysfs_warn_dup) from [<c00e3714>] (sysfs_create_dir_ns+0x74/0x84)
[    6.874439] [<c00e3714>] (sysfs_create_dir_ns) from [<c018e6ac>] (kobject_add_internal+0xb8/0x2ac)
[    6.874629] [<c018e6ac>] (kobject_add_internal) from [<c018e9a8>] (kset_register+0x1c/0x44)
[    6.874808] [<c018e9a8>] (kset_register) from [<c02090b4>] (__class_register+0xa8/0x198)
[    6.874984] [<c02090b4>] (__class_register) from [<c02091e4>] (__class_create+0x40/0x70)
[    6.875157] [<c02091e4>] (__class_create) from [<c01adf68>] (register_devfs_stubs+0x314/0xbb4)
[    6.875339] [<c01adf68>] (register_devfs_stubs) from [<c05d9b08>] (init_module+0x28/0xa4)
[    6.875541] [<c05d9b08>] (init_module) from [<c0009670>] (do_one_initcall+0x104/0x1b4)
[    6.875714] [<c0009670>] (do_one_initcall) from [<c05c7d08>] (kernel_init_freeable+0xf0/0x1b0)
[    6.875900] [<c05c7d08>] (kernel_init_freeable) from [<c040f28c>] (kernel_init+0x8/0xe4)
[    6.876078] [<c040f28c>] (kernel_init) from [<c0016da8>] (ret_from_fork+0x14/0x2c)
[    6.876333] ---[ end trace f372cf17763934b7 ]---
[    6.876534] ------------[ cut here ]------------
[    6.876649] WARNING: CPU: 0 PID: 1 at /home/vagrant/firmadyne-kernel/kernel-v4.1/lib/kobject.c:240 kobject_add_internal+0x240/0x2ac()
[    6.876870] kobject_add_internal failed for gpio with -EEXIST, don't try to register things with the same name in the same directory.
[    6.877085] Modules linked in:
[    6.877225] CPU: 0 PID: 1 Comm: swapper Tainted: G        W       4.1.17+ #1
[    6.877363] Hardware name: Generic DT based system
[    6.877484] [<c001c99c>] (unwind_backtrace) from [<c0019d30>] (show_stack+0x10/0x14)
[    6.877651] [<c0019d30>] (show_stack) from [<c0024ab4>] (warn_slowpath_common+0x80/0xa8)
[    6.877824] [<c0024ab4>] (warn_slowpath_common) from [<c0024b08>] (warn_slowpath_fmt+0x2c/0x3c)
[    6.878006] [<c0024b08>] (warn_slowpath_fmt) from [<c018e834>] (kobject_add_internal+0x240/0x2ac)
[    6.878198] [<c018e834>] (kobject_add_internal) from [<c018e9a8>] (kset_register+0x1c/0x44)
[    6.878371] [<c018e9a8>] (kset_register) from [<c02090b4>] (__class_register+0xa8/0x198)
[    6.878540] [<c02090b4>] (__class_register) from [<c02091e4>] (__class_create+0x40/0x70)
[    6.878709] [<c02091e4>] (__class_create) from [<c01adf68>] (register_devfs_stubs+0x314/0xbb4)
[    6.878890] [<c01adf68>] (register_devfs_stubs) from [<c05d9b08>] (init_module+0x28/0xa4)
[    6.879217] [<c05d9b08>] (init_module) from [<c0009670>] (do_one_initcall+0x104/0x1b4)
[    6.879393] [<c0009670>] (do_one_initcall) from [<c05c7d08>] (kernel_init_freeable+0xf0/0x1b0)
[    6.879572] [<c05c7d08>] (kernel_init_freeable) from [<c040f28c>] (kernel_init+0x8/0xe4)
[    6.879738] [<c040f28c>] (kernel_init) from [<c0016da8>] (ret_from_fork+0x14/0x2c)
[    6.879911] ---[ end trace f372cf17763934b8 ]---
[    6.880098] firmadyne: Cannot create device class: gpio!
[    6.881942] firmadyne: Cannot register character device: watchdog, 0xa, 0x82!
[    6.882132] firmadyne: Cannot register character device: wdt, 0xfd, 0x0!
[    6.963135] PCI host bridge /pcie@10000000 ranges:
[    6.963703]    IO 0x3eff0000..0x3effffff -> 0x00000000
[    6.964069]   MEM 0x10000000..0x3efeffff -> 0x10000000
[    6.964201]   MEM 0x8000000000..0xffffffffff -> 0x8000000000
[    6.964873] pci-host-generic 3f000000.pcie: resource collision: [mem 0x00000000-0xffffffff] conflicts with /pl011@9000000 [mem 0x09000000-0x09000fff]
[    6.965572] pci-host-generic: probe of 3f000000.pcie failed with error -16
[    6.977191] Non-volatile memory driver v1.3
[    8.270427] brd: module loaded
[    8.280837] loop: module loaded
[   12.832086] cfg80211: Calling CRDA to update world regulatory domain
[   12.836913]  vda: vda1
[   12.849522] 0.flash: Found 2 x16 devices at 0x0 in 32-bit bank. Manufacturer ID 0x000000 Chip ID 0x000000
[   12.850191] Intel/Sharp Extended Query Table at 0x0031
[   12.852643] Using buffer write method
[   12.853081] erase region 0: offset=0x0,size=0x40000,blocks=256
[   12.860834] 0.flash: Found 2 x16 devices at 0x0 in 32-bit bank. Manufacturer ID 0x000000 Chip ID 0x000000
[   12.861093] Intel/Sharp Extended Query Table at 0x0031
[   12.861879] Using buffer write method
[   12.861999] erase region 0: offset=0x0,size=0x40000,blocks=256
[   12.862219] Concatenating MTD devices:
[   12.862328] (0): "0.flash"
[   12.862402] (1): "0.flash"
[   12.862468] into device "0.flash"
[   12.873928] [nandsim] warning: read_byte: unexpected data output cycle, state is STATE_READY return 0x0
[   12.874172] [nandsim] warning: read_byte: unexpected data output cycle, state is STATE_READY return 0x0
[   12.874352] [nandsim] warning: read_byte: unexpected data output cycle, state is STATE_READY return 0x0
[   12.874524] [nandsim] warning: read_byte: unexpected data output cycle, state is STATE_READY return 0x0
[   12.874697] [nandsim] warning: read_byte: unexpected data output cycle, state is STATE_READY return 0x0
[   12.874869] [nandsim] warning: read_byte: unexpected data output cycle, state is STATE_READY return 0x0
[   12.875297] nand: device found, Manufacturer ID: 0x98, Chip ID: 0x39
[   12.875458] nand: Toshiba NAND 128MiB 1,8V 8-bit
[   12.875582] nand: 128 MiB, SLC, erase size: 16 KiB, page size: 512, OOB size: 16
[   12.876523] flash size: 128 MiB
[   12.876611] page size: 512 bytes
[   12.876686] OOB area size: 16 bytes
[   12.876765] sector size: 16 KiB
[   12.876837] pages number: 262144
[   12.876910] pages per sector: 32
[   12.876982] bus width: 8
[   12.877042] bits in sector size: 14
[   12.877119] bits in page size: 9
[   12.877195] bits in OOB size: 4
[   12.877274] flash size with OOB: 135168 KiB
[   12.877382] page address bytes: 4
[   12.877470] sector address bytes: 3
[   12.877549] options: 0x42
[   15.592318] Scanning device for bad blocks
[   15.700781] firmadyne: do_execve: /firmadyne/console
[   15.701000] OFFSETS: offset of pid: 0x190 offset of comm: 0x270
[   15.701482] Creating 11 MTD partitions on "NAND 128MiB 1,8V 8-bit":
[   15.701920] 0x000000000000-0x000000100000 : "NAND simulator partition 0"
[   15.704161] 0x000000100000-0x000000200000 : "NAND simulator partition 1"
[   15.705563] 0x000000200000-0x000000300000 : "NAND simulator partition 2"
[   15.706943] 0x000000300000-0x000000400000 : "NAND simulator partition 3"
[   15.708380] 0x000000400000-0x000000500000 : "NAND simulator partition 4"
[   15.709889] 0x000000500000-0x000000600000 : "NAND simulator partition 5"
[   15.711293] 0x000000600000-0x000000700000 : "NAND simulator partition 6"
[   15.712894] 0x000000700000-0x000000800000 : "NAND simulator partition 7"
[   15.714244] 0x000000800000-0x000000900000 : "NAND simulator partition 8"
[   15.715610] 0x000000900000-0x000000a00000 : "NAND simulator partition 9"
[   15.717009] 0x000000a00000-0x000008000000 : "NAND simulator partition 10"
[   15.722675] tun: Universal TUN/TAP device driver, 1.6
[   15.722806] tun: (C) 1999-2004 Max Krasnyansky <maxk@qualcomm.com>
[   20.554438] PPP generic driver version 2.4.2
[   20.555253] PPP BSD Compression module registered
[   20.555444] PPP Deflate Compression module registered
[   20.555697] PPP MPPE Compression module registered
[   20.555836] NET: Registered protocol family 24
[   20.556194] PPTP driver version 0.8.5
[   20.557141] cfg80211: Calling CRDA to update world regulatory domain
[   23.671427] usbcore: registered new interface driver usb-storage
[   23.674976] rtc-pl031 9010000.pl031: rtc core: registered pl031 as rtc0
[   23.675763] hidraw: raw HID events driver (C) Jiri Kosina
[   23.676348] usbcore: registered new interface driver usbhid
[   23.676486] usbhid: USB HID core driver
[   23.676972] Netfilter messages via NETLINK v0.30.
[   23.677641] nf_conntrack version 0.5.0 (3958 buckets, 15832 max)
[   23.679310] ctnetlink v0.93: registering with nfnetlink.
[   23.680827] ipip: IPv4 over IPv4 tunneling driver
[   23.683052] gre: GRE over IPv4 demultiplexor driver
[   23.683227] ip_gre: GRE over IPv4 tunneling driver
[   26.790382] ip_tables: (C) 2000-2006 Netfilter Core Team
[   26.792257] arp_tables: (C) 2002 David S. Miller
[   26.793378] Initializing XFRM netlink socket
[   26.793972] NET: Registered protocol family 10
[   26.797500] cfg80211: Calling CRDA to update world regulatory domain
[   26.802131] ip6_tables: (C) 2000-2006 Netfilter Core Team
[   26.803936] sit: IPv6 over IPv4 tunneling driver
[   26.807853] NET: Registered protocol family 17
[   26.808527] bridge: automatic filtering via arp/ip/ip6tables has been deprecated. Update your scripts to load br_netfilter if you need this.
[   26.808875] Bridge firewalling registered
[   26.809143] Ebtables v2.0 registered
[   26.810405] 8021q: 802.1Q VLAN Support v1.8
[   26.811067] Registering SWP/SWPB emulation handler
[   26.813985] rtc-pl031 9010000.pl031: setting system clock to 2018-07-19 12:14:04 UTC (1532002444)
[   26.824820] EXT4-fs (vda1): couldn't mount as ext3 due to feature incompatibilities
[   26.826523] EXT4-fs (vda1): mounting ext2 file system using the ext4 subsystem
[   26.838473] EXT4-fs (vda1): mounted filesystem without journal. Opts: (null)
[   26.839745] VFS: Mounted root (ext2 filesystem) on device 254:1.
[   26.858403] Freeing unused kernel memory: 180K (c05c7000 - c05f4000)
[   28.376110] random: init urandom read with 3 bits of entropy available
nvram_get_buf: time_zone
sem_lock: Triggering NVRAM initialization!
nvram_init: Initializing NVRAM...
Starting firmware emulation... use Ctrl-a + x to exit
qemu-system-arm: terminating on signal 2 from pid 121163 (timeout)
[    0.000000] Booting Linux on physical CPU 0x0
[    0.000000] Linux version 4.1.17+ (vagrant@vagrant-ubuntu-trusty-64) (gcc version 5.3.0 (GCC) ) #1 Thu Feb 18 01:05:21 UTC 2016
[    0.000000] CPU: ARMv7 Processor [412fc0f1] revision 1 (ARMv7), cr=10c5387d
[    0.000000] CPU: PIPT / VIPT nonaliasing data cache, PIPT instruction cache
[    0.000000] Machine model: linux,dummy-virt
[    0.000000] debug: ignoring loglevel setting.
[    0.000000] Memory policy: Data cache writeback
[    0.000000] On node 0 totalpages: 65536
[    0.000000] free_area_init_node: node 0, pgdat c061dfe8, node_mem_map cfdf9000
[    0.000000]   Normal zone: 512 pages used for memmap
[    0.000000]   Normal zone: 0 pages reserved
[    0.000000]   Normal zone: 65536 pages, LIFO batch:15
[    0.000000] psci: probing for conduit method from DT.
[    0.000000] psci: PSCIv0.2 detected in firmware.
[    0.000000] psci: Using standard PSCI v0.2 function IDs
[    0.000000] CPU: All CPU(s) started in SVC mode.
[    0.000000] pcpu-alloc: s0 r0 d32768 u32768 alloc=1*32768
[    0.000000] pcpu-alloc: [0] 0 
[    0.000000] Built 1 zonelists in Zone order, mobility grouping on.  Total pages: 65024
[    0.000000] Kernel command line: root=/dev/vda1 console=ttyS0 nandsim.parts=64,64,64,64,64,64,64,64,64,64 rdinit=/firmadyne/preInit.sh rw debug ignore_loglevel print-fatal-signals=1 user_debug=31 firmadyne.syscall=0
[    0.000000] PID hash table entries: 1024 (order: 0, 4096 bytes)
[    0.000000] Dentry cache hash table entries: 32768 (order: 5, 131072 bytes)
[    0.000000] Inode-cache hash table entries: 16384 (order: 4, 65536 bytes)
[    0.000000] Memory: 253340K/262144K available (4297K kernel code, 170K rwdata, 1584K rodata, 180K init, 148K bss, 8804K reserved, 0K cma-reserved)
[    0.000000] Virtual kernel memory layout:
[    0.000000]     vector  : 0xffff0000 - 0xffff1000   (   4 kB)
[    0.000000]     fixmap  : 0xffc00000 - 0xfff00000   (3072 kB)
[    0.000000]     vmalloc : 0xd0800000 - 0xff000000   ( 744 MB)
[    0.000000]     lowmem  : 0xc0000000 - 0xd0000000   ( 256 MB)
[    0.000000]     modules : 0xbf000000 - 0xc0000000   (  16 MB)
[    0.000000]       .text : 0xc0008000 - 0xc05c67bc   (5882 kB)
[    0.000000]       .init : 0xc05c7000 - 0xc05f4000   ( 180 kB)
[    0.000000]       .data : 0xc05f4000 - 0xc061e840   ( 171 kB)
[    0.000000]        .bss : 0xc0621000 - 0xc06462d4   ( 149 kB)
[    0.000000] NR_IRQS:16 nr_irqs:16 16
[    0.000000] Architected cp15 timer(s) running at 62.50MHz (virt).
[    0.000000] clocksource arch_sys_counter: mask: 0xffffffffffffff max_cycles: 0x1cd42e208c, max_idle_ns: 881590405314 ns
[    0.000166] sched_clock: 56 bits at 62MHz, resolution 16ns, wraps every 4398046511096ns
[    0.000310] Switching to timer-based delay loop, resolution 16ns
[    0.003415] Console: colour dummy device 80x30
[    0.003745] Calibrating delay loop (skipped), value calculated using timer frequency.. 125.00 BogoMIPS (lpj=625000)
[    0.003878] pid_max: default: 32768 minimum: 301
[    0.004816] Mount-cache hash table entries: 1024 (order: 0, 4096 bytes)
[    0.004856] Mountpoint-cache hash table entries: 1024 (order: 0, 4096 bytes)
[    0.014689] CPU: Testing write buffer coherency: ok
[    0.021191] Setting up static identity map for 0x40008240 - 0x40008298
[    2.432762] VFP support v0.3: implementor 41 architecture 4 part 30 variant f rev 0
[    2.444667] clocksource jiffies: mask: 0xffffffff max_cycles: 0xffffffff, max_idle_ns: 19112604462750000 ns
[    2.453842] NET: Registered protocol family 16
[    2.457026] DMA: preallocated 256 KiB pool for atomic coherent allocations
[    5.460800] cpuidle: using governor ladder
[    5.461032] cpuidle: using governor menu
[    5.482040] Serial: AMBA PL011 UART driver
[    5.484343] 9000000.pl011: ttyS0 at MMIO 0x9000000 (irq = 54, base_baud = 0) is a PL011 rev1
[    5.492181] console [ttyS0] enabled
[    5.515132] vgaarb: loaded
[    5.516711] SCSI subsystem initialized
[    5.517823] usbcore: registered new interface driver usbfs
[    5.518189] usbcore: registered new interface driver hub
[    5.518507] usbcore: registered new device driver usb
[    5.528358] Switched to clocksource arch_sys_counter
[    8.549449] NET: Registered protocol family 2
[    8.554740] TCP established hash table entries: 2048 (order: 1, 8192 bytes)
[    8.555027] TCP bind hash table entries: 2048 (order: 1, 8192 bytes)
[    8.555345] TCP: Hash tables configured (established 2048 bind 2048)
[    8.555904] UDP hash table entries: 256 (order: 0, 4096 bytes)
[    8.556175] UDP-Lite hash table entries: 256 (order: 0, 4096 bytes)
[    8.557640] NET: Registered protocol family 1
[    8.558268] PCI: CLS 0 bytes, default 64
[    8.565537] NetWinder Floating Point Emulator V0.97 (extended precision)
[    8.568542] futex hash table entries: 256 (order: -1, 3072 bytes)
[    8.571901] cfg80211: Calling CRDA to update world regulatory domain
[    8.575806] squashfs: version 4.0 (2009/01/31) Phillip Lougher
[    8.576898] jffs2: version 2.2. (NAND) © 2001-2006 Red Hat, Inc.
[    8.577798] romfs: ROMFS MTD (C) 2007 Red Hat, Inc.
[    8.587111] Block layer SCSI generic (bsg) driver version 0.4 loaded (major 253)
[    8.587474] io scheduler noop registered
[    8.587714] io scheduler cfq registered (default)
[    8.588639] firmadyne: devfs: 1, execute: 1, procfs: 1, syscall: 0
[    8.590099] ------------[ cut here ]------------
[    8.590314] WARNING: CPU: 0 PID: 1 at /home/vagrant/firmadyne-kernel/kernel-v4.1/fs/sysfs/dir.c:31 sysfs_warn_dup+0x50/0x6c()
[    8.590550] sysfs: cannot create duplicate filename '/class/gpio'
[    8.590719] Modules linked in:
[    8.591056] CPU: 0 PID: 1 Comm: swapper Not tainted 4.1.17+ #1
[    8.591201] Hardware name: Generic DT based system
[    8.591896] [<c001c99c>] (unwind_backtrace) from [<c0019d30>] (show_stack+0x10/0x14)
[    8.592207] [<c0019d30>] (show_stack) from [<c0024ab4>] (warn_slowpath_common+0x80/0xa8)
[    8.592416] [<c0024ab4>] (warn_slowpath_common) from [<c0024b08>] (warn_slowpath_fmt+0x2c/0x3c)
[    8.592664] [<c0024b08>] (warn_slowpath_fmt) from [<c00e363c>] (sysfs_warn_dup+0x50/0x6c)
[    8.592848] [<c00e363c>] (sysfs_warn_dup) from [<c00e3714>] (sysfs_create_dir_ns+0x74/0x84)
[    8.593031] [<c00e3714>] (sysfs_create_dir_ns) from [<c018e6ac>] (kobject_add_internal+0xb8/0x2ac)
[    8.593258] [<c018e6ac>] (kobject_add_internal) from [<c018e9a8>] (kset_register+0x1c/0x44)
[    8.593438] [<c018e9a8>] (kset_register) from [<c02090b4>] (__class_register+0xa8/0x198)
[    8.593614] [<c02090b4>] (__class_register) from [<c02091e4>] (__class_create+0x40/0x70)
[    8.593787] [<c02091e4>] (__class_create) from [<c01adf68>] (register_devfs_stubs+0x314/0xbb4)
[    8.593969] [<c01adf68>] (register_devfs_stubs) from [<c05d9b08>] (init_module+0x28/0xa4)
[    8.594187] [<c05d9b08>] (init_module) from [<c0009670>] (do_one_initcall+0x104/0x1b4)
[    8.594357] [<c0009670>] (do_one_initcall) from [<c05c7d08>] (kernel_init_freeable+0xf0/0x1b0)
[    8.594554] [<c05c7d08>] (kernel_init_freeable) from [<c040f28c>] (kernel_init+0x8/0xe4)
[    8.594725] [<c040f28c>] (kernel_init) from [<c0016da8>] (ret_from_fork+0x14/0x2c)
[    8.594987] ---[ end trace 0ccc507f00ad1225 ]---
[    8.595220] ------------[ cut here ]------------
[    8.595338] WARNING: CPU: 0 PID: 1 at /home/vagrant/firmadyne-kernel/kernel-v4.1/lib/kobject.c:240 kobject_add_internal+0x240/0x2ac()
[    8.595559] kobject_add_internal failed for gpio with -EEXIST, don't try to register things with the same name in the same directory.
[    8.595773] Modules linked in:
[    8.595923] CPU: 0 PID: 1 Comm: swapper Tainted: G        W       4.1.17+ #1
[    8.596110] Hardware name: Generic DT based system
[    8.596230] [<c001c99c>] (unwind_backtrace) from [<c0019d30>] (show_stack+0x10/0x14)
[    8.596415] [<c0019d30>] (show_stack) from [<c0024ab4>] (warn_slowpath_common+0x80/0xa8)
[    8.596600] [<c0024ab4>] (warn_slowpath_common) from [<c0024b08>] (warn_slowpath_fmt+0x2c/0x3c)
[    8.596782] [<c0024b08>] (warn_slowpath_fmt) from [<c018e834>] (kobject_add_internal+0x240/0x2ac)
[    8.596975] [<c018e834>] (kobject_add_internal) from [<c018e9a8>] (kset_register+0x1c/0x44)
[    8.597147] [<c018e9a8>] (kset_register) from [<c02090b4>] (__class_register+0xa8/0x198)
[    8.597316] [<c02090b4>] (__class_register) from [<c02091e4>] (__class_create+0x40/0x70)
[    8.597485] [<c02091e4>] (__class_create) from [<c01adf68>] (register_devfs_stubs+0x314/0xbb4)
[    8.597664] [<c01adf68>] (register_devfs_stubs) from [<c05d9b08>] (init_module+0x28/0xa4)
[    8.597835] [<c05d9b08>] (init_module) from [<c0009670>] (do_one_initcall+0x104/0x1b4)
[    8.598003] [<c0009670>] (do_one_initcall) from [<c05c7d08>] (kernel_init_freeable+0xf0/0x1b0)
[    8.598346] [<c05c7d08>] (kernel_init_freeable) from [<c040f28c>] (kernel_init+0x8/0xe4)
[    8.598519] [<c040f28c>] (kernel_init) from [<c0016da8>] (ret_from_fork+0x14/0x2c)
[    8.598691] ---[ end trace 0ccc507f00ad1226 ]---
[    8.598866] firmadyne: Cannot create device class: gpio!
[    8.600805] firmadyne: Cannot register character device: watchdog, 0xa, 0x82!
[    8.601004] firmadyne: Cannot register character device: wdt, 0xfd, 0x0!
[   10.247054] PCI host bridge /pcie@10000000 ranges:
[   10.247669]    IO 0x3eff0000..0x3effffff -> 0x00000000
[   10.248212]   MEM 0x10000000..0x3efeffff -> 0x10000000
[   10.248360]   MEM 0x8000000000..0xffffffffff -> 0x8000000000
[   10.249069] pci-host-generic 3f000000.pcie: resource collision: [mem 0x00000000-0xffffffff] conflicts with /pl011@9000000 [mem 0x09000000-0x09000fff]
[   10.249812] pci-host-generic: probe of 3f000000.pcie failed with error -16
[   10.261735] Non-volatile memory driver v1.3
[   13.393232] cfg80211: Calling CRDA to update world regulatory domain
[   13.412884] brd: module loaded
[   13.423192] loop: module loaded
[   15.228429]  vda: vda1
[   15.240435] 0.flash: Found 2 x16 devices at 0x0 in 32-bit bank. Manufacturer ID 0x000000 Chip ID 0x000000
[   15.241071] Intel/Sharp Extended Query Table at 0x0031
[   15.242240] Using buffer write method
[   15.243887] erase region 0: offset=0x0,size=0x40000,blocks=256
[   15.251461] 0.flash: Found 2 x16 devices at 0x0 in 32-bit bank. Manufacturer ID 0x000000 Chip ID 0x000000
[   15.251683] Intel/Sharp Extended Query Table at 0x0031
[   15.252446] Using buffer write method
[   15.252561] erase region 0: offset=0x0,size=0x40000,blocks=256
[   15.252762] Concatenating MTD devices:
[   15.252875] (0): "0.flash"
[   15.252954] (1): "0.flash"
[   15.253025] into device "0.flash"
[   18.344732] [nandsim] warning: read_byte: unexpected data output cycle, state is STATE_READY return 0x0
[   18.344996] [nandsim] warning: read_byte: unexpected data output cycle, state is STATE_READY return 0x0
[   18.345179] [nandsim] warning: read_byte: unexpected data output cycle, state is STATE_READY return 0x0
[   18.345352] [nandsim] warning: read_byte: unexpected data output cycle, state is STATE_READY return 0x0
[   18.345524] [nandsim] warning: read_byte: unexpected data output cycle, state is STATE_READY return 0x0
[   18.345696] [nandsim] warning: read_byte: unexpected data output cycle, state is STATE_READY return 0x0
[   18.346127] nand: device found, Manufacturer ID: 0x98, Chip ID: 0x39
[   18.346281] nand: Toshiba NAND 128MiB 1,8V 8-bit
[   18.346415] nand: 128 MiB, SLC, erase size: 16 KiB, page size: 512, OOB size: 16
[   18.347355] flash size: 128 MiB
[   18.347447] page size: 512 bytes
[   18.347528] OOB area size: 16 bytes
[   18.347615] sector size: 16 KiB
[   18.347694] pages number: 262144
[   18.347774] pages per sector: 32
[   18.347854] bus width: 8
[   18.347927] bits in sector size: 14
[   18.348044] bits in page size: 9
[   18.348303] bits in OOB size: 4
[   18.348392] flash size with OOB: 135168 KiB
[   18.348488] page address bytes: 4
[   18.348570] sector address bytes: 3
[   18.348655] options: 0x42
[   18.349347] cfg80211: Calling CRDA to update world regulatory domain
[   21.484023] Scanning device for bad blocks
[   21.596055] cfg80211: Calling CRDA to update world regulatory domain
[   21.597208] firmadyne: do_execve: /firmadyne/console
[   21.597419] OFFSETS: offset of pid: 0x190 offset of comm: 0x270
[   21.597937] Creating 11 MTD partitions on "NAND 128MiB 1,8V 8-bit":
[   21.598469] 0x000000000000-0x000000100000 : "NAND simulator partition 0"
[   21.600663] 0x000000100000-0x000000200000 : "NAND simulator partition 1"
[   21.602071] 0x000000200000-0x000000300000 : "NAND simulator partition 2"
[   21.603456] 0x000000300000-0x000000400000 : "NAND simulator partition 3"
[   21.604899] 0x000000400000-0x000000500000 : "NAND simulator partition 4"
[   21.606301] 0x000000500000-0x000000600000 : "NAND simulator partition 5"
[   21.607710] 0x000000600000-0x000000700000 : "NAND simulator partition 6"
[   21.609411] 0x000000700000-0x000000800000 : "NAND simulator partition 7"
[   21.610771] 0x000000800000-0x000000900000 : "NAND simulator partition 8"
[   21.612145] 0x000000900000-0x000000a00000 : "NAND simulator partition 9"
[   21.613533] 0x000000a00000-0x000008000000 : "NAND simulator partition 10"
[   21.619247] tun: Universal TUN/TAP device driver, 1.6
[   21.619396] tun: (C) 1999-2004 Max Krasnyansky <maxk@qualcomm.com>
[   21.958671] PPP generic driver version 2.4.2
[   21.959488] PPP BSD Compression module registered
[   21.959666] PPP Deflate Compression module registered
[   21.959932] PPP MPPE Compression module registered
[   21.960120] NET: Registered protocol family 24
[   21.960455] PPTP driver version 0.8.5
[   23.509231] usbcore: registered new interface driver usb-storage
[   23.512830] rtc-pl031 9010000.pl031: rtc core: registered pl031 as rtc0
[   23.513699] hidraw: raw HID events driver (C) Jiri Kosina
[   23.514294] usbcore: registered new interface driver usbhid
[   23.514453] usbhid: USB HID core driver
[   23.514978] Netfilter messages via NETLINK v0.30.
[   23.515663] nf_conntrack version 0.5.0 (3958 buckets, 15832 max)
[   23.517149] ctnetlink v0.93: registering with nfnetlink.
[   23.518878] ipip: IPv4 over IPv4 tunneling driver
[   23.521145] gre: GRE over IPv4 demultiplexor driver
[   23.521335] ip_gre: GRE over IPv4 tunneling driver
[   23.526193] ip_tables: (C) 2000-2006 Netfilter Core Team
[   23.527973] arp_tables: (C) 2002 David S. Miller
[   23.529294] Initializing XFRM netlink socket
[   23.529843] NET: Registered protocol family 10
[   23.537251] ip6_tables: (C) 2000-2006 Netfilter Core Team
[   23.539251] sit: IPv6 over IPv4 tunneling driver
[   23.543303] NET: Registered protocol family 17
[   23.544013] bridge: automatic filtering via arp/ip/ip6tables has been deprecated. Update your scripts to load br_netfilter if you need this.
[   23.544378] Bridge firewalling registered
[   23.544535] Ebtables v2.0 registered
[   23.545800] 8021q: 802.1Q VLAN Support v1.8
[   23.546468] Registering SWP/SWPB emulation handler
[   23.549566] rtc-pl031 9010000.pl031: setting system clock to 2018-07-19 12:15:00 UTC (1532002500)
[   25.959415] cfg80211: Calling CRDA to update world regulatory domain
[   25.970552] EXT4-fs (vda1): couldn't mount as ext3 due to feature incompatibilities
[   25.972291] EXT4-fs (vda1): mounting ext2 file system using the ext4 subsystem
[   25.981016] EXT4-fs (vda1): warning: mounting unchecked fs, running e2fsck is recommended
[   25.983986] EXT4-fs (vda1): mounted filesystem without journal. Opts: (null)
[   25.985153] VFS: Mounted root (ext2 filesystem) on device 254:1.
[   26.004970] Freeing unused kernel memory: 180K (c05c7000 - c05f4000)
[   27.684906] random: init urandom read with 3 bits of entropy available
nvram_get_buf: time_zone
sem_lock: Triggering NVRAM initialization!
nvram_init: Initializing NVRAM...
sem_get: Key: 41014004
nvram_init: Unable to touch Ralink PID file: /var/run/nvramd.pid!
sem_get: Key: 410c0019
nvram_set_default_builtin: Setting built-in default values!
nvram_set: console_loglevel = "7"
sem_get: Key: 410c0019
sem_get: Key: 410c0019
nvram_set: restore_defaults = "1"
sem_get: Key: 410c0019
sem_get: Key: 410c0019
nvram_set: sku_name = ""
sem_get: Key: 410c0019
sem_get: Key: 410c0019
nvram_set: wla_wlanstate = ""
sem_get: Key: 410c0019
sem_get: Key: 410c0019
nvram_set: lan_if = "br0"
sem_get: Key: 410c0019
sem_get: Key: 410c0019
nvram_set: lan_ipaddr = "192.168.0.50"
sem_get: Key: 410c0019
sem_get: Key: 410c0019
nvram_set: lan_bipaddr = "192.168.0.255"
sem_get: Key: 410c0019
sem_get: Key: 410c0019
nvram_set: lan_netmask = "255.255.255.0"
sem_get: Key: 410c0019
sem_get: Key: 410c0019
nvram_set: time_zone = "EST5EDT"
sem_get: Key: 410c0019
sem_get: Key: 410c0019
nvram_set: wan_hwaddr_def = "01:23:45:67:89:ab"
sem_get: Key: 410c0019
sem_get: Key: 410c0019
nvram_set: wan_ifname = "eth0"
sem_get: Key: 410c0019
sem_get: Key: 410c0019
nvram_set: lan_ifnames = "eth1 eth2 eth3 eth4"
sem_get: Key: 410c0019
sem_get: Key: 410c0019
nvram_set: ethConver = "1"
sem_get: Key: 410c0019
sem_get: Key: 410c0019
nvram_set: lan_proto = "dhcp"
sem_get: Key: 410c0019
sem_get: Key: 410c0019
nvram_set: wan_ipaddr = "0.0.0.0"
sem_get: Key: 410c0019
sem_get: Key: 410c0019
nvram_set: wan_netmask = "255.255.255.0"
sem_get: Key: 410c0019
sem_get: Key: 410c0019
nvram_set: wanif = "eth0"
sem_get: Key: 410c0019
sem_get: Key: 410c0019
nvram_set: time_zone_x = "0"
sem_get: Key: 410c0019
sem_get: Key: 410c0019
nvram_set: rip_multicast = "0"
sem_get: Key: 410c0019
sem_get: Key: 410c0019
nvram_set: bs_trustedip_enable = "0"
sem_get: Key: 410c0019
sem_get: Key: 410c0019
nvram_set_default: Loading built-in default values = 1!
nvram_set_default: Checking for symbol "router_defaults"...
nvram_set: os_name = ""
sem_get: Key: 410c0019
sem_get: Key: 410c0019
nvram_set: os_version = ""
sem_get: Key: 410c0019
sem_get: Key: 410c0019
nvram_set: os_date = "May 15 2014"
sem_get: Key: 410c0019
sem_get: Key: 410c0019
nvram_set: wl_version = "3.90.23.0"
sem_get: Key: 410c0019
sem_get: Key: 410c0019
nvram_set: board_id = ""
sem_get: Key: 410c0019
sem_get: Key: 410c0019
nvram_set: timer_interval = "3600"
sem_get: Key: 410c0019
sem_get: Key: 410c0019
nvram_set: ntp_server = "192.5.41.40 192.5.41.41 133.100.9.2"
sem_get: Key: 410c0019
sem_get: Key: 410c0019
nvram_set: ntp_update_interval = "86400"
sem_get: Key: 410c0019
sem_get: Key: 410c0019
nvram_set: time_zone = "0"
sem_get: Key: 410c0019
sem_get: Key: 410c0019
nvram_set: log_level = "0"
sem_get: Key: 410c0019
sem_get: Key: 410c0019
nvram_set: upnp_enable = "1"
sem_get: Key: 410c0019
sem_get: Key: 410c0019
nvram_set: ezc_enable = "0"
sem_get: Key: 410c0019
sem_get: Key: 410c0019
nvram_set: ezc_version = "2"
sem_get: Key: 410c0019
sem_get: Key: 410c0019
nvram_set: is_default = "1"
sem_get: Key: 410c0019
sem_get: Key: 410c0019
nvram_set: os_server = ""
sem_get: Key: 410c0019
sem_get: Key: 410c0019
nvram_set: stats_server = ""
sem_get: Key: 410c0019
sem_get: Key: 410c0019
nvram_set: console_loglevel = "1"
sem_get: Key: 410c0019
sem_get: Key: 410c0019
nvram_set: router_disable = "0"
sem_get: Key: 410c0019
sem_get: Key: 410c0019
nvram_set: ure_disable = "1"
sem_get: Key: 410c0019
sem_get: Key: 410c0019
nvram_set: fw_disable = "0"
sem_get: Key: 410c0019
sem_get: Key: 410c0019
nvram_set: log_ipaddr = ""
sem_get: Key: 410c0019
sem_get: Key: 410c0019
nvram_set: wl1_ifname = "eth2"
sem_get: Key: 410c0019
sem_get: Key: 410c0019
nvram_set: lan_ifname = "br0"
sem_get: Key: 410c0019
sem_get: Key: 410c0019
nvram_set: lan_ifnames = "vlan1 eth1 eth2"
sem_get: Key: 410c0019
sem_get: Key: 410c0019
nvram_set: lan_hwnames = ""
sem_get: Key: 410c0019
sem_get: Key: 410c0019
nvram_set: lan_hwaddr = ""
sem_get: Key: 410c0019
sem_get: Key: 410c0019
nvram_set: lan_ipaddr = "192.168.1.1"
sem_get: Key: 410c0019
sem_get: Key: 410c0019
nvram_set: lan_netmask = "255.255.255.0"
sem_get: Key: 410c0019
sem_get: Key: 410c0019
nvram_set: lan_proto = "dhcp"
sem_get: Key: 410c0019
sem_get: Key: 410c0019
nvram_set: lan_wins = ""
sem_get: Key: 410c0019
sem_get: Key: 410c0019
nvram_set: lan_domain = ""
sem_get: Key: 410c0019
sem_get: Key: 410c0019
nvram_set: lan_lease = "86400"
sem_get: Key: 410c0019
sem_get: Key: 410c0019
nvram_set: lan_stp = "1"
sem_get: Key: 410c0019
sem_get: Key: 410c0019
nvram_set: lan_route = ""
sem_get: Key: 410c0019
sem_get: Key: 410c0019
nvram_set: dlna_enable = "1"
sem_get: Key: 410c0019
sem_get: Key: 410c0019
nvram_set: tivo_enable = "1"
sem_get: Key: 410c0019
sem_get: Key: 410c0019
nvram_set: dlna_auto_ip = "0"
sem_get: Key: 410c0019
sem_get: Key: 410c0019
nvram_set: auto_ip_backup = "0"
sem_get: Key: 410c0019
sem_get: Key: 410c0019
nvram_set: tmp_lan_proto = "null"
sem_get: Key: 410c0019
sem_get: Key: 410c0019
nvram_set: tmp_lan_netmask = "0.0.0.0"
sem_get: Key: 410c0019
sem_get: Key: 410c0019
nvram_set: tmp_lan_ipaddr = "0.0.0.0"
sem_get: Key: 410c0019
sem_get: Key: 410c0019
nvram_set: tmp_rip_enable = "null"
sem_get: Key: 410c0019
sem_get: Key: 410c0019
nvram_set: iserver_enable = "0"
sem_get: Key: 410c0019
sem_get: Key: 410c0019
nvram_set: lan1_ifname = "br1"
sem_get: Key: 410c0019
sem_get: Key: 410c0019
nvram_set: lan1_ifnames = ""
sem_get: Key: 410c0019
sem_get: Key: 410c0019
nvram_set: lan1_hwnames = ""
sem_get: Key: 410c0019
sem_get: Key: 410c0019
nvram_set: lan1_hwaddr = ""
sem_get: Key: 410c0019
sem_get: Key: 410c0019
nvram_set: lan1_dhcp = "0"
sem_get: Key: 410c0019
sem_get: Key: 410c0019
nvram_set: lan1_ipaddr = "192.168.2.1"
sem_get: Key: 410c0019
sem_get: Key: 410c0019
nvram_set: lan1_netmask = "255.255.255.0"
sem_get: Key: 410c0019
sem_get: Key: 410c0019
nvram_set: lan1_gateway = "192.168.2.1"
sem_get: Key: 410c0019
sem_get: Key: 410c0019
nvram_set: lan1_proto = "dhcp"
sem_get: Key: 410c0019
sem_get: Key: 410c0019
nvram_set: lan1_wins = ""
sem_get: Key: 410c0019
sem_get: Key: 410c0019
nvram_set: lan1_domain = ""
sem_get: Key: 410c0019
sem_get: Key: 410c0019
nvram_set: lan1_lease = "86400"
sem_get: Key: 410c0019
sem_get: Key: 410c0019
nvram_set: lan1_stp = "1"
sem_get: Key: 410c0019
sem_get: Key: 410c0019
nvram_set: lan1_route = ""
sem_get: Key: 410c0019
sem_get: Key: 410c0019
nvram_set: enable_fbwifi = "0"
sem_get: Key: 410c0019
sem_get: Key: 410c0019
nvram_set: fbwifi_config = "0"
sem_get: Key: 410c0019
sem_get: Key: 410c0019
nvram_set: fbwifi_gwid = "0"
sem_get: Key: 410c0019
sem_get: Key: 410c0019
nvram_set: wan_ifname = "eth0"
sem_get: Key: 410c0019
sem_get: Key: 410c0019
nvram_set: wan_ifnames = "eth0 "
sem_get: Key: 410c0019
sem_get: Key: 410c0019
nvram_set: channel_mode = "Default"
sem_get: Key: 410c0019
sem_get: Key: 410c0019
nvram_set: wifi_test = "1"
sem_get: Key: 410c0019
sem_get: Key: 410c0019
nvram_set: wan_hwname = ""
sem_get: Key: 410c0019
sem_get: Key: 410c0019
nvram_set: wan_hwaddr = ""
sem_get: Key: 410c0019
sem_get: Key: 410c0019
nvram_set: wan_proto = "dhcp"
sem_get: Key: 410c0019
sem_get: Key: 410c0019
nvram_set: wan_ipaddr = "0.0.0.0"
sem_get: Key: 410c0019
sem_get: Key: 410c0019
nvram_set: wan_netmask = "0.0.0.0"
sem_get: Key: 410c0019
sem_get: Key: 410c0019
nvram_set: wan_gateway = "0.0.0.0"
sem_get: Key: 410c0019
sem_get: Key: 410c0019
nvram_set: wan_dns = ""
sem_get: Key: 410c0019
sem_get: Key: 410c0019
nvram_set: wan_wins = ""
sem_get: Key: 410c0019
sem_get: Key: 410c0019
nvram_set: wan_hostname = ""
sem_get: Key: 410c0019
sem_get: Key: 410c0019
nvram_set: wan_domain = ""
sem_get: Key: 410c0019
sem_get: Key: 410c0019
nvram_set: wan_lease = "86400"
sem_get: Key: 410c0019
sem_get: Key: 410c0019
nvram_set: static_route = ""
sem_get: Key: 410c0019
sem_get: Key: 410c0019
nvram_set: pppoe_ifname = "ppp0"
sem_get: Key: 410c0019
sem_get: Key: 410c0019
nvram_set: pppoe_username = "guest"
sem_get: Key: 410c0019
sem_get: Key: 410c0019
nvram_set: pppoe_passwd = ""
sem_get: Key: 410c0019
sem_get: Key: 410c0019
nvram_set: pppoe_idletime = "300"
sem_get: Key: 410c0019
sem_get: Key: 410c0019
nvram_set: pppoe_keepalive = "1"
sem_get: Key: 410c0019
sem_get: Key: 410c0019
nvram_set: pppoe_dod = "1"
sem_get: Key: 410c0019
sem_get: Key: 410c0019
nvram_set: pppoe_mru = "1492"
sem_get: Key: 410c0019
sem_get: Key: 410c0019
nvram_set: pppoe_mtu = "1492"
sem_get: Key: 410c0019
sem_get: Key: 410c0019
nvram_set: pppoe_servicename = ""
sem_get: Key: 410c0019
sem_get: Key: 410c0019
nvram_set: pppoe_acname = ""
sem_get: Key: 410c0019
sem_get: Key: 410c0019
nvram_set: pppoe_localip = "0.0.0.0"
sem_get: Key: 410c0019
sem_get: Key: 410c0019
nvram_set: pppoe_echo_interval = "30"
sem_get: Key: 410c0019
sem_get: Key: 410c0019
nvram_set: pppoe_max_echo_fail = "3"
sem_get: Key: 410c0019
sem_get: Key: 410c0019
nvram_set: pppoe_session_id = "0"
sem_get: Key: 410c0019
sem_get: Key: 410c0019
nvram_set: pppoe_server_mac = ""
sem_get: Key: 410c0019
sem_get: Key: 410c0019
nvram_set: pppoe_tmp_username = "guest"
sem_get: Key: 410c0019
sem_get: Key: 410c0019
nvram_set: pppoe_tmp_passwd = ""
sem_get: Key: 410c0019
sem_get: Key: 410c0019
nvram_set: pppoe_tmp_servicename = ""
sem_get: Key: 410c0019
sem_get: Key: 410c0019
nvram_set: pppoe_tmp_mtu = "1454"
sem_get: Key: 410c0019
sem_get: Key: 410c0019
nvram_set: pppoe_tmp_idletime = "300"
sem_get: Key: 410c0019
sem_get: Key: 410c0019
nvram_set: pppoe_tmp_localip = "0.0.0.0"
sem_get: Key: 410c0019
sem_get: Key: 410c0019
nvram_set: pppoe_wan_dns1 = ""
sem_get: Key: 410c0019
sem_get: Key: 410c0019
nvram_set: pppoe_wan_dns_sel = "0"
sem_get: Key: 410c0019
sem_get: Key: 410c0019
nvram_set: pppoe2_ifname = "ppp1"
sem_get: Key: 410c0019
sem_get: Key: 410c0019
nvram_set: pppoe2_east_username = "guest@flets"
sem_get: Key: 410c0019
sem_get: Key: 410c0019
nvram_set: pppoe2_east_passwd = "guest"
sem_get: Key: 410c0019
sem_get: Key: 410c0019
nvram_set: pppoe2_west_username = "flets@flets"
sem_get: Key: 410c0019
sem_get: Key: 410c0019
nvram_set: pppoe2_west_passwd = "flets"
sem_get: Key: 410c0019
sem_get: Key: 410c0019
nvram_set: pppoe2_username = "guest"
sem_get: Key: 410c0019
sem_get: Key: 410c0019
nvram_set: pppoe2_passwd = ""
sem_get: Key: 410c0019
sem_get: Key: 410c0019
nvram_set: pppoe2_authtype = "0"
sem_get: Key: 410c0019
sem_get: Key: 410c0019
nvram_set: pppoe2_acname = ""
sem_get: Key: 410c0019
sem_get: Key: 410c0019
nvram_set: pppoe2_servicename = ""
sem_get: Key: 410c0019
sem_get: Key: 410c0019
nvram_set: pppoe2_idletime = "300"
sem_get: Key: 410c0019
sem_get: Key: 410c0019
nvram_set: pppoe2_keepalive = "0"
sem_get: Key: 410c0019
sem_get: Key: 410c0019
nvram_set: pppoe2_localip = "0.0.0.0"
sem_get: Key: 410c0019
sem_get: Key: 410c0019
nvram_set: pppoe_flet_sel = "fletdisable"
sem_get: Key: 410c0019
sem_get: Key: 410c0019
nvram_set: pppoe_flet_type = "0"
sem_get: Key: 410c0019
sem_get: Key: 410c0019
nvram_set: pppoe_policy_num = "0"
sem_get: Key: 410c0019
sem_get: Key: 410c0019
nvram_set: pppoe2_mru = "1454"
sem_get: Key: 410c0019
sem_get: Key: 410c0019
nvram_set: pppoe2_mtu = "1454"
sem_get: Key: 410c0019
sem_get: Key: 410c0019
nvram_set: pppoe2_demand = "0"
sem_get: Key: 410c0019
sem_get: Key: 410c0019
nvram_set: pppoe2_dod = "0"
sem_get: Key: 410c0019
sem_get: Key: 410c0019
nvram_set: pppoe2_session_id = "0"
sem_get: Key: 410c0019
sem_get: Key: 410c0019
nvram_set: pppoe2_server_mac = ""
sem_get: Key: 410c0019
sem_get: Key: 410c0019
nvram_set: pppoe_flet_keyword = "flets"
sem_get: Key: 410c0019
sem_get: Key: 410c0019
nvram_set: pppoe2_dns_server = ""
sem_get: Key: 410c0019
sem_get: Key: 410c0019
nvram_set: pppoe2_schedule_enable = "0"
sem_get: Key: 410c0019
sem_get: Key: 410c0019
nvram_set: pppoe2_schedule_config = "127:0:0:23:59"
sem_get: Key: 410c0019
sem_get: Key: 410c0019
nvram_set: pppoe2_fw_bks_block_type = "0"
sem_get: Key: 410c0019
sem_get: Key: 410c0019
nvram_set: pppoe2_blk_srv_tbl = ""
sem_get: Key: 410c0019
sem_get: Key: 410c0019
nvram_set: pppoe2_all_service_tbl = ""
sem_get: Key: 410c0019
sem_get: Key: 410c0019
nvram_set: pppoe2_filter_rule_tbl = ""
sem_get: Key: 410c0019
sem_get: Key: 410c0019
nvram_set: pppoe2_flag_Smin = "0"
sem_get: Key: 410c0019
sem_get: Key: 410c0019
nvram_set: pppoe2_flag_Emin = "0"
sem_get: Key: 410c0019
sem_get: Key: 410c0019
nvram_set: pppoe2_bs_enable = "0"
sem_get: Key: 410c0019
sem_get: Key: 410c0019
nvram_set: pppoe2_bs_keyword = ""
sem_get: Key: 410c0019
sem_get: Key: 410c0019
nvram_set: pppoe2_bs_keywords = ""
sem_get: Key: 410c0019
sem_get: Key: 410c0019
nvram_set: pppoe2_bs_enable_temp = "0"
sem_get: Key: 410c0019
sem_get: Key: 410c0019
nvram_set: pppoe2_bs_keywords_temp = ""
sem_get: Key: 410c0019
sem_get: Key: 410c0019
nvram_set: pppoe2_tmp1 = ""
sem_get: Key: 410c0019
sem_get: Key: 410c0019
nvram_set: pppoe2_tmp2 = ""
sem_get: Key: 410c0019
sem_get: Key: 410c0019
nvram_set: pppoe2_tmp3 = ""
sem_get: Key: 410c0019
sem_get: Key: 410c0019
nvram_set: pppoe2_temp_type = "4"
sem_get: Key: 410c0019
sem_get: Key: 410c0019
nvram_set: runtest = "0"
sem_get: Key: 410c0019
sem_get: Key: 410c0019
nvram_set: wan2_ipaddr = "0.0.0.0"
sem_get: Key: 410c0019
sem_get: Key: 410c0019
nvram_set: wan2_netmask = "0.0.0.0"
sem_get: Key: 410c0019
sem_get: Key: 410c0019
nvram_set: wan2_gateway = "0.0.0.0"
sem_get: Key: 410c0019
sem_get: Key: 410c0019
nvram_set: wan2_dns_sel = "0"
sem_get: Key: 410c0019
sem_get: Key: 410c0019
nvram_set: wan2_dns = ""
sem_get: Key: 410c0019
sem_get: Key: 410c0019
nvram_set: wan2_ipaddr_old = "0.0.0.0"
sem_get: Key: 410c0019
sem_get: Key: 410c0019
nvram_set: wan2_dns1 = ""
sem_get: Key: 410c0019
sem_get: Key: 410c0019
nvram_set: wan_desc = ""
sem_get: Key: 410c0019
sem_get: Key: 410c0019
nvram_set: wan_route = ""
sem_get: Key: 410c0019
sem_get: Key: 410c0019
nvram_set: wan_primary = "0"
sem_get: Key: 410c0019
sem_get: Key: 410c0019
nvram_set: wan_unit = "0"
sem_get: Key: 410c0019
sem_get: Key: 410c0019
nvram_set: dhcp_mode = "manual"
sem_get: Key: 410c0019
sem_get: Key: 410c0019
nvram_set: dhcp_start = "192.168.1.2"
sem_get: Key: 410c0019
sem_get: Key: 410c0019
nvram_set: dhcp_end = "192.168.1.254"
sem_get: Key: 410c0019
sem_get: Key: 410c0019
nvram_set: dhcp_domain = ""
sem_get: Key: 410c0019
sem_get: Key: 410c0019
nvram_set: dhcp_wins = ""
sem_get: Key: 410c0019
sem_get: Key: 410c0019
nvram_set: dhcp_resrv_ip = ""
sem_get: Key: 410c0019
sem_get: Key: 410c0019
nvram_set: dhcp_resrv_mac = ""
sem_get: Key: 410c0019
sem_get: Key: 410c0019
nvram_set: http_username = "admin"
sem_get: Key: 410c0019
sem_get: Key: 410c0019
nvram_set: http_passwd = "password"
sem_get: Key: 410c0019
sem_get: Key: 410c0019
nvram_set: http_wanport = ""
sem_get: Key: 410c0019
sem_get: Key: 410c0019
nvram_set: http_lanport = "80"
sem_get: Key: 410c0019
sem_get: Key: 410c0019
nvram_set: dual_band = "1"
sem_get: Key: 410c0019
sem_get: Key: 410c0019
nvram_set: wlan_acl_enable = "0"
sem_get: Key: 410c0019
sem_get: Key: 410c0019
nvram_set: wlan_acl_num = "64"
sem_get: Key: 410c0019
sem_get: Key: 410c0019
nvram_set: wlan_acl_dev0 = ""
sem_get: Key: 410c0019
sem_get: Key: 410c0019
nvram_set: wlan_acl_dev1 = ""
sem_get: Key: 410c0019
sem_get: Key: 410c0019
nvram_set: wlan_acl_dev2 = ""
sem_get: Key: 410c0019
sem_get: Key: 410c0019
nvram_set: wlan_acl_dev3 = ""
sem_get: Key: 410c0019
sem_get: Key: 410c0019
nvram_set: wlan_acl_dev4 = ""
sem_get: Key: 410c0019
sem_get: Key: 410c0019
nvram_set: wlan_acl_dev5 = ""
sem_get: Key: 410c0019
sem_get: Key: 410c0019
nvram_set: wlan_acl_dev6 = ""
sem_get: Key: 410c0019
sem_get: Key: 410c0019
nvram_set: wlan_acl_dev7 = ""
sem_get: Key: 410c0019
sem_get: Key: 410c0019
nvram_set: wlan_acl_dev8 = ""
sem_get: Key: 410c0019
sem_get: Key: 410c0019
nvram_set: wlan_acl_dev9 = ""
sem_get: Key: 410c0019
sem_get: Key: 410c0019
nvram_set: wlan_acl_dev10 = ""
sem_get: Key: 410c0019
sem_get: Key: 410c0019
nvram_set: wlan_acl_dev11 = ""
sem_get: Key: 410c0019
sem_get: Key: 410c0019
nvram_set: wlan_acl_dev12 = ""
sem_get: Key: 410c0019
sem_get: Key: 410c0019
nvram_set: wlan_acl_dev13 = ""
sem_get: Key: 410c0019
sem_get: Key: 410c0019
nvram_set: wlan_acl_dev14 = ""
sem_get: Key: 410c0019
sem_get: Key: 410c0019
nvram_set: wlan_acl_dev15 = ""
sem_get: Key: 410c0019
sem_get: Key: 410c0019
nvram_set: wlan_acl_dev16 = ""
sem_get: Key: 410c0019
sem_get: Key: 410c0019
nvram_set: wlan_acl_dev17 = ""
sem_get: Key: 410c0019
sem_get: Key: 410c0019
nvram_set: wlan_acl_dev18 = ""
sem_get: Key: 410c0019
sem_get: Key: 410c0019
nvram_set: wlan_acl_dev19 = ""
sem_get: Key: 410c0019
sem_get: Key: 410c0019
nvram_set: wlan_acl_dev20 = ""
sem_get: Key: 410c0019
sem_get: Key: 410c0019
nvram_set: wlan_acl_dev21 = ""
sem_get: Key: 410c0019
sem_get: Key: 410c0019
nvram_set: wlan_acl_dev22 = ""
sem_get: Key: 410c0019
sem_get: Key: 410c0019
nvram_set: wlan_acl_dev23 = ""
sem_get: Key: 410c0019
sem_get: Key: 410c0019
nvram_set: wlan_acl_dev24 = ""
sem_get: Key: 410c0019
sem_get: Key: 410c0019
nvram_set: wlan_acl_dev25 = ""
sem_get: Key: 410c0019
sem_get: Key: 410c0019
nvram_set: wlan_acl_dev26 = ""
sem_get: Key: 410c0019
sem_get: Key: 410c0019
nvram_set: wlan_acl_dev27 = ""
sem_get: Key: 410c0019
sem_get: Key: 410c0019
nvram_set: wlan_acl_dev28 = ""
sem_get: Key: 410c0019
sem_get: Key: 410c0019
nvram_set: wlan_acl_dev29 = ""
sem_get: Key: 410c0019
sem_get: Key: 410c0019
nvram_set: wlan_acl_dev30 = ""
sem_get: Key: 410c0019
sem_get: Key: 410c0019
nvram_set: wlan_acl_dev31 = ""
sem_get: Key: 410c0019
sem_get: Key: 410c0019
nvram_set: wlan_acl_dev32 = ""
sem_get: Key: 410c0019
sem_get: Key: 410c0019
nvram_set: wlan_acl_dev33 = ""
sem_get: Key: 410c0019
sem_get: Key: 410c0019
nvram_set: wlan_acl_dev34 = ""
sem_get: Key: 410c0019
sem_get: Key: 410c0019
nvram_set: wlan_acl_dev35 = ""
sem_get: Key: 410c0019
sem_get: Key: 410c0019
nvram_set: wlan_acl_dev36 = ""
sem_get: Key: 410c0019
sem_get: Key: 410c0019
nvram_set: wlan_acl_dev37 = ""
sem_get: Key: 410c0019
sem_get: Key: 410c0019
nvram_set: wlan_acl_dev38 = ""
sem_get: Key: 410c0019
sem_get: Key: 410c0019
nvram_set: wlan_acl_dev39 = ""
sem_get: Key: 410c0019
sem_get: Key: 410c0019
nvram_set: wlan_acl_dev40 = ""
sem_get: Key: 410c0019
sem_get: Key: 410c0019
nvram_set: wlan_acl_dev41 = ""
sem_get: Key: 410c0019
sem_get: Key: 410c0019
nvram_set: wlan_acl_dev42 = ""
sem_get: Key: 410c0019
sem_get: Key: 410c0019
nvram_set: wlan_acl_dev43 = ""
sem_get: Key: 410c0019
sem_get: Key: 410c0019
nvram_set: wlan_acl_dev44 = ""
sem_get: Key: 410c0019
sem_get: Key: 410c0019
nvram_set: wlan_acl_dev45 = ""
sem_get: Key: 410c0019
sem_get: Key: 410c0019
nvram_set: wlan_acl_dev46 = ""
sem_get: Key: 410c0019
sem_get: Key: 410c0019
nvram_set: wlan_acl_dev47 = ""
sem_get: Key: 410c0019
sem_get: Key: 410c0019
nvram_set: wlan_acl_dev48 = ""
sem_get: Key: 410c0019
sem_get: Key: 410c0019
nvram_set: wlan_acl_dev49 = ""
sem_get: Key: 410c0019
sem_get: Key: 410c0019
nvram_set: wlan_acl_dev50 = ""
sem_get: Key: 410c0019
sem_get: Key: 410c0019
nvram_set: wlan_acl_dev51 = ""
sem_get: Key: 410c0019
sem_get: Key: 410c0019
nvram_set: wlan_acl_dev52 = ""
sem_get: Key: 410c0019
sem_get: Key: 410c0019
nvram_set: wlan_acl_dev53 = ""
sem_get: Key: 410c0019
sem_get: Key: 410c0019
nvram_set: wlan_acl_dev54 = ""
sem_get: Key: 410c0019
sem_get: Key: 410c0019
nvram_set: wlan_acl_dev55 = ""
sem_get: Key: 410c0019
sem_get: Key: 410c0019
nvram_set: wlan_acl_dev56 = ""
sem_get: Key: 410c0019
sem_get: Key: 410c0019
nvram_set: wlan_acl_dev57 = ""
sem_get: Key: 410c0019
sem_get: Key: 410c0019
nvram_set: wlan_acl_dev58 = ""
sem_get: Key: 410c0019
sem_get: Key: 410c0019
nvram_set: wlan_acl_dev59 = ""
sem_get: Key: 410c0019
sem_get: Key: 410c0019
nvram_set: wlan_acl_dev60 = ""
sem_get: Key: 410c0019
sem_get: Key: 410c0019
nvram_set: wlan_acl_dev61 = ""
sem_get: Key: 410c0019
sem_get: Key: 410c0019
nvram_set: wlan_acl_dev62 = ""
sem_get: Key: 410c0019
sem_get: Key: 410c0019
nvram_set: wlan_acl_dev63 = ""
sem_get: Key: 410c0019
sem_get: Key: 410c0019
nvram_set: wlan_acl_mac0 = ""
sem_get: Key: 410c0019
sem_get: Key: 410c0019
nvram_set: wlan_acl_mac1 = ""
sem_get: Key: 410c0019
sem_get: Key: 410c0019
nvram_set: wlan_acl_mac2 = ""
sem_get: Key: 410c0019
sem_get: Key: 410c0019
nvram_set: wlan_acl_mac3 = ""
sem_get: Key: 410c0019
sem_get: Key: 410c0019
nvram_set: wlan_acl_mac4 = ""
sem_get: Key: 410c0019
sem_get: Key: 410c0019
nvram_set: wlan_acl_mac5 = ""
sem_get: Key: 410c0019
sem_get: Key: 410c0019
nvram_set: wlan_acl_mac6 = ""
sem_get: Key: 410c0019
sem_get: Key: 410c0019
nvram_set: wlan_acl_mac7 = ""
sem_get: Key: 410c0019
sem_get: Key: 410c0019
nvram_set: wlan_acl_mac8 = ""
sem_get: Key: 410c0019
sem_get: Key: 410c0019
nvram_set: wlan_acl_mac9 = ""
sem_get: Key: 410c0019
sem_get: Key: 410c0019
nvram_set: wlan_acl_mac10 = ""
sem_get: Key: 410c0019
sem_get: Key: 410c0019
nvram_set: wlan_acl_mac11 = ""
sem_get: Key: 410c0019
sem_get: Key: 410c0019
nvram_set: wlan_acl_mac12 = ""
sem_get: Key: 410c0019
sem_get: Key: 410c0019
nvram_set: wlan_acl_mac13 = ""
sem_get[   27.990820] random: nonblocking pool is initialized
: Key: 410c0019
sem_get: Key: 410c0019
nvram_set: wlan_acl_mac14 = ""
sem_get: Key: 410c0019
sem_get: Key: 410c0019
nvram_set: wlan_acl_mac15 = ""
sem_get: Key: 410c0019
sem_get: Key: 410c0019
nvram_set: wlan_acl_mac16 = ""
sem_get: Key: 410c0019
sem_get: Key: 410c0019
nvram_set: wlan_acl_mac17 = ""
sem_get: Key: 410c0019
sem_get: Key: 410c0019
nvram_set: wlan_acl_mac18 = ""
sem_get: Key: 410c0019
sem_get: Key: 410c0019
nvram_set: wlan_acl_mac19 = ""
sem_get: Key: 410c0019
sem_get: Key: 410c0019
nvram_set: wlan_acl_mac20 = ""
sem_get: Key: 410c0019
sem_get: Key: 410c0019
nvram_set: wlan_acl_mac21 = ""
sem_get: Key: 410c0019
sem_get: Key: 410c0019
nvram_set: wlan_acl_mac22 = ""
sem_get: Key: 410c0019
sem_get: Key: 410c0019
nvram_set: wlan_acl_mac23 = ""
sem_get: Key: 410c0019
sem_get: Key: 410c0019
nvram_set: wlan_acl_mac24 = ""
sem_get: Key: 410c0019
sem_get: Key: 410c0019
nvram_set: wlan_acl_mac25 = ""
sem_get: Key: 410c0019
sem_get: Key: 410c0019
nvram_set: wlan_acl_mac26 = ""
sem_get: Key: 410c0019
sem_get: Key: 410c0019
nvram_set: wlan_acl_mac27 = ""
sem_get: Key: 410c0019
sem_get: Key: 410c0019
nvram_set: wlan_acl_mac28 = ""
sem_get: Key: 410c0019
sem_get: Key: 410c0019
nvram_set: wlan_acl_mac29 = ""
sem_get: Key: 410c0019
sem_get: Key: 410c0019
nvram_set: wlan_acl_mac30 = ""
sem_get: Key: 410c0019
sem_get: Key: 410c0019
nvram_set: wlan_acl_mac31 = ""
sem_get: Key: 410c0019
sem_get: Key: 410c0019
nvram_set: wlan_acl_mac32 = ""
sem_get: Key: 410c0019
sem_get: Key: 410c0019
nvram_set: wlan_acl_mac33 = ""
sem_get: Key: 410c0019
sem_get: Key: 410c0019
nvram_set: wlan_acl_mac34 = ""
sem_get: Key: 410c0019
sem_get: Key: 410c0019
nvram_set: wlan_acl_mac35 = ""
sem_get: Key: 410c0019
sem_get: Key: 410c0019
nvram_set: wlan_acl_mac36 = ""
sem_get: Key: 410c0019
sem_get: Key: 410c0019
nvram_set: wlan_acl_mac37 = ""
sem_get: Key: 410c0019
sem_get: Key: 410c0019
nvram_set: wlan_acl_mac38 = ""
sem_get: Key: 410c0019
sem_get: Key: 410c0019
nvram_set: wlan_acl_mac39 = ""
sem_get: Key: 410c0019
sem_get: Key: 410c0019
nvram_set: wlan_acl_mac40 = ""
sem_get: Key: 410c0019
sem_get: Key: 410c0019
nvram_set: wlan_acl_mac41 = ""
sem_get: Key: 410c0019
sem_get: Key: 410c0019
nvram_set: wlan_acl_mac42 = ""
sem_get: Key: 410c0019
sem_get: Key: 410c0019
nvram_set: wlan_acl_mac43 = ""
sem_get: Key: 410c0019
sem_get: Key: 410c0019
nvram_set: wlan_acl_mac44 = ""
sem_get: Key: 410c0019
sem_get: Key: 410c0019
nvram_set: wlan_acl_mac45 = ""
sem_get: Key: 410c0019
sem_get: Key: 410c0019
nvram_set: wlan_acl_mac46 = ""
sem_get: Key: 410c0019
sem_get: Key: 410c0019
nvram_set: wlan_acl_mac47 = ""
sem_get: Key: 410c0019
sem_get: Key: 410c0019
nvram_set: wlan_acl_mac48 = ""
sem_get: Key: 410c0019
sem_get: Key: 410c0019
nvram_set: wlan_acl_mac49 = ""
sem_get: Key: 410c0019
sem_get: Key: 410c0019
nvram_set: wlan_acl_mac50 = ""
sem_get: Key: 410c0019
sem_get: Key: 410c0019
nvram_set: wlan_acl_mac51 = ""
sem_get: Key: 410c0019
sem_get: Key: 410c0019
nvram_set: wlan_acl_mac52 = ""
sem_get: Key: 410c0019
sem_get: Key: 410c0019
nvram_set: wlan_acl_mac53 = ""
sem_get: Key: 410c0019
sem_get: Key: 410c0019
nvram_set: wlan_acl_mac54 = ""
sem_get: Key: 410c0019
sem_get: Key: 410c0019
nvram_set: wlan_acl_mac55 = ""
sem_get: Key: 410c0019
sem_get: Key: 410c0019
nvram_set: wlan_acl_mac56 = ""
sem_get: Key: 410c0019
sem_get: Key: 410c0019
nvram_set: wlan_acl_mac57 = ""
sem_get: Key: 410c0019
sem_get: Key: 410c0019
nvram_set: wlan_acl_mac58 = ""
sem_get: Key: 410c0019
sem_get: Key: 410c0019
nvram_set: wlan_acl_mac59 = ""
sem_get: Key: 410c0019
sem_get: Key: 410c0019
nvram_set: wlan_acl_mac60 = ""
sem_get: Key: 410c0019
sem_get: Key: 410c0019
nvram_set: wlan_acl_mac61 = ""
sem_get: Key: 410c0019
sem_get: Key: 410c0019
nvram_set: wlan_acl_mac62 = ""
sem_get: Key: 410c0019
sem_get: Key: 410c0019
nvram_set: wlan_acl_mac63 = ""
sem_get: Key: 410c0019
sem_get: Key: 410c0019
nvram_set: wla_temp_setting = "0"
sem_get: Key: 410c0019
sem_get: Key: 410c0019
nvram_set: wla_ssid = "NETGEAR"
sem_get: Key: 410c0019
sem_get: Key: 410c0019
nvram_set: wlg_ssid = "NETGEAR-5G"
sem_get: Key: 410c0019
sem_get: Key: 410c0019
nvram_set: wlg_band = "2.4G"
sem_get: Key: 410c0019
sem_get: Key: 410c0019
nvram_set: wla_temp_ssid = "NETGEAR"
sem_get: Key: 410c0019
sem_get: Key: 410c0019
nvram_set: wlg_temp_ssid = "NETGEAR-5G"
sem_get: Key: 410c0019
sem_get: Key: 410c0019
nvram_set: wlg_temp_band = "5G"
sem_get: Key: 410c0019
sem_get: Key: 410c0019
nvram_set: wla_region = "5"
sem_get: Key: 410c0019
sem_get: Key: 410c0019
nvram_set: wla_temp_region = "5"
sem_get: Key: 410c0019
sem_get: Key: 410c0019
nvram_set: wla_autochannel = "enable"
sem_get: Key: 410c0019
sem_get: Key: 410c0019
nvram_set: wla_channel = "0"
sem_get: Key: 410c0019
sem_get: Key: 410c0019
nvram_set: wlg_channel = "44"
sem_get: Key: 410c0019
sem_get: Key: 410c0019
nvram_set: wla_mode = "300Mbps"
sem_get: Key: 410c0019
sem_get: Key: 410c0019
nvram_set: wlg_mode = "HT80"
sem_get: Key: 410c0019
sem_get: Key: 410c0019
nvram_set: wla_secu_type = "None"
sem_get: Key: 410c0019
sem_get: Key: 410c0019
nvram_set: wlg_secu_type = "None"
sem_get: Key: 410c0019
sem_get: Key: 410c0019
nvram_set: wla_auth_type = "automatic"
sem_get: Key: 410c0019
sem_get: Key: 410c0019
nvram_set: wlg_auth_type = "automatic"
sem_get: Key: 410c0019
sem_get: Key: 410c0019
nvram_set: wla_wlanstate = "Enable"
sem_get: Key: 410c0019
sem_get: Key: 410c0019
nvram_set: wlg_wlanstate = "Enable"
sem_get: Key: 410c0019
sem_get: Key: 410c0019
nvram_set: wlg_txbf = "1"
sem_get: Key: 410c0019
sem_get: Key: 410c0019
nvram_set: wl1_stbc_tx = "auto"
sem_get: Key: 410c0019
sem_get: Key: 410c0019
nvram_set: wl1_txbf_bfr_cap = "1"
sem_get: Key: 410c0019
sem_get: Key: 410c0019
nvram_set: wl1_txbf_bfe_cap = "1"
sem_get: Key: 410c0019
sem_get: Key: 410c0019
nvram_set: wl0_stbc_tx = "auto"
sem_get: Key: 410c0019
sem_get: Key: 410c0019
nvram_set: wl0_txbf_bfr_cap = "1"
sem_get: Key: 410c0019
sem_get: Key: 410c0019
nvram_set: wl0_txbf_bfe_cap = "1"
sem_get: Key: 410c0019
sem_get: Key: 410c0019
nvram_set: wl_txq_thresh = "1024"
sem_get: Key: 410c0019
sem_get: Key: 410c0019
nvram_set: et_txq_thresh = "1024"
sem_get: Key: 410c0019
sem_get: Key: 410c0019
nvram_set: wl_mbss_skipctf = "1"
sem_get: Key: 410c0019
sem_get: Key: 410c0019
nvram_set: wla_temp_channel = "0"
sem_get: Key: 410c0019
sem_get: Key: 410c0019
nvram_set: wlg_temp_channel = "36"
sem_get: Key: 410c0019
sem_get: Key: 410c0019
nvram_set: wla_temp_mode = "145Mbps"
sem_get: Key: 410c0019
sem_get: Key: 410c0019
nvram_set: wlg_temp_mode = "300Mbps"
sem_get: Key: 410c0019
sem_get: Key: 410c0019
nvram_set: wla_temp_enable = "enable_ap"
sem_get: Key: 410c0019
sem_get: Key: 410c0019
nvram_set: wla_temp_broadcast = "ssid_24G_bc"
sem_get: Key: 410c0019
sem_get: Key: 410c0019
nvram_set: wlg_broadcast = "ssid_5G_bc"
sem_get: Key: 410c0019
sem_get: Key: 410c0019
nvram_set: wlg_temp_broadcast = "ssid_5G_bc"
sem_get: Key: 410c0019
sem_get: Key: 410c0019
nvram_set: wla_temp_secu_type = "None"
sem_get: Key: 410c0019
sem_get: Key: 410c0019
nvram_set: wlg_temp_secu_type = "None"
sem_get: Key: 410c0019
sem_get: Key: 410c0019
nvram_set: ce_dfs_ch_enable = "0"
sem_get: Key: 410c0019
sem_get: Key: 410c0019
nvram_set: fcc_dfs_ch_enable = "0"
sem_get: Key: 410c0019
sem_get: Key: 410c0019
nvram_set: telec_dfs_ch_enable = "1"
sem_get: Key: 410c0019
sem_get: Key: 410c0019
nvram_set: wla_wep_length = "0"
sem_get: Key: 410c0019
sem_get: Key: 410c0019
nvram_set: wla_defaKey = "0"
sem_get: Key: 410c0019
sem_get: Key: 410c0019
nvram_set: wla_key1 = ""
sem_get: Key: 410c0019
sem_get: Key: 410c0019
nvram_set: wla_key2 = ""
sem_get: Key: 410c0019
sem_get: Key: 410c0019
nvram_set: wla_key3 = ""
sem_get: Key: 410c0019
sem_get: Key: 410c0019
nvram_set: wla_key4 = ""
sem_get: Key: 410c0019
sem_get: Key: 410c0019
nvram_set: wla_passphrase = ""
sem_get: Key: 410c0019
sem_get: Key: 410c0019
nvram_set: wlg_wep_length = "0"
sem_get: Key: 410c0019
sem_get: Key: 410c0019
nvram_set: wlg_defaKey = "0"
sem_get: Key: 410c0019
sem_get: Key: 410c0019
nvram_set: wlg_key1 = ""
sem_get: Key: 410c0019
sem_get: Key: 410c0019
nvram_set: wlg_key2 = ""
sem_get: Key: 410c0019
sem_get: Key: 410c0019
nvram_set: wlg_key3 = ""
sem_get: Key: 410c0019
sem_get: Key: 410c0019
nvram_set: wlg_key4 = ""
sem_get: Key: 410c0019
sem_get: Key: 410c0019
nvram_set: wlg_passphrase = ""
sem_get: Key: 410c0019
sem_get: Key: 410c0019
nvram_set: wla_temp_defaKey = "0"
sem_get: Key: 410c0019
sem_get: Key: 410c0019
nvram_set: wla_temp_key1 = ""
sem_get: Key: 410c0019
sem_get: Key: 410c0019
nvram_set: wla_temp_key2 = ""
sem_get: Key: 410c0019
sem_get: Key: 410c0019
nvram_set: wla_temp_key3 = ""
sem_get: Key: 410c0019
sem_get: Key: 410c0019
nvram_set: wla_temp_key4 = ""
sem_get: Key: 410c0019
sem_get: Key: 410c0019
nvram_set: wla_temp_passphrase = ""
sem_get: Key: 410c0019
sem_get: Key: 410c0019
nvram_set: wla_rts = "2347"
sem_get: Key: 410c0019
sem_get: Key: 410c0019
nvram_set: wla_frag = "2346"
sem_get: Key: 410c0019
sem_get: Key: 410c0019
nvram_set: wlg_rts = "2347"
sem_get: Key: 410c0019
sem_get: Key: 410c0019
nvram_set: wlg_frag = "2346"
sem_get: Key: 410c0019
sem_get: Key: 410c0019
nvram_set: wlg_temp_defaKey = "0"
sem_get: Key: 410c0019
sem_get: Key: 410c0019
nvram_set: wlg_temp_key1 = ""
sem_get: Key: 410c0019
sem_get: Key: 410c0019
nvram_set: wlg_temp_key2 = ""
sem_get: Key: 410c0019
sem_get: Key: 410c0019
nvram_set: wlg_temp_key3 = ""
sem_get: Key: 410c0019
sem_get: Key: 410c0019
nvram_set: wlg_temp_key4 = ""
sem_get: Key: 410c0019
sem_get: Key: 410c0019
nvram_set: wlg_temp_passphrase = ""
sem_get: Key: 410c0019
sem_get: Key: 410c0019
nvram_set: wla_preamble = "long"
sem_get: Key: 410c0019
sem_get: Key: 410c0019
nvram_set: wlg_preamble = "long"
sem_get: Key: 410c0019
sem_get: Key: 410c0019
nvram_set: wl_wme_2g = "1"
sem_get: Key: 410c0019
sem_get: Key: 410c0019
nvram_set: wl_wme_5g = "1"
sem_get: Key: 410c0019
sem_get: Key: 410c0019
nvram_set: wla_onoff = "Disable"
sem_get: Key: 410c0019
sem_get: Key: 410c0019
nvram_set: wlg_onoff = "Disable"
sem_get: Key: 410c0019
sem_get: Key: 410c0019
nvram_set: sche_tmp_set = "0"
sem_get: Key: 410c0019
sem_get: Key: 410c0019
nvram_set: wifi_sche_off = "Enable"
sem_get: Key: 410c0019
sem_get: Key: 410c0019
nvram_set: wla_ap_isolate = "0"
sem_get: Key: 410c0019
sem_get: Key: 410c0019
nvram_set: wlg_ap_isolate = "0"
sem_get: Key: 410c0019
sem_get: Key: 410c0019
nvram_set: auto_conn_24hr = "Disable"
sem_get: Key: 410c0019
sem_get: Key: 410c0019
nvram_set: auto_conn_time = "0"
sem_get: Key: 410c0019
sem_get: Key: 410c0019
nvram_set: wla_en_secu_type = "WPA-AUTO"
sem_get: Key: 410c0019
sem_get: Key: 410c0019
nvram_set: wla_wpa_gtk_rekey = "3600"
sem_get: Key: 410c0019
sem_get: Key: 410c0019
nvram_set: wla_radius_secret = ""
sem_get: Key: 410c0019
sem_get: Key: 410c0019
nvram_set: wla_radius_port = "1812"
sem_get: Key: 410c0019
sem_get: Key: 410c0019
nvram_set: wla_radius_ip = "0.0.0.0"
sem_get: Key: 410c0019
sem_get: Key: 410c0019
nvram_set: wlg_en_secu_type = "WPA-AUTO"
sem_get: Key: 410c0019
sem_get: Key: 410c0019
nvram_set: wlg_wpa_gtk_rekey = "3600"
sem_get: Key: 410c0019
sem_get: Key: 410c0019
nvram_set: wlg_radius_secret = ""
sem_get: Key: 410c0019
sem_get: Key: 410c0019
nvram_set: wlg_radius_port = "1812"
sem_get: Key: 410c0019
sem_get: Key: 410c0019
nvram_set: wlg_radius_ip = "0.0.0.0"
sem_get: Key: 410c0019
sem_get: Key: 410c0019
nvram_set: wla_sec_profile_enable_2 = "0"
sem_get: Key: 410c0019
sem_get: Key: 410c0019
nvram_set: wla_temp_sec_profile_enable_2 = ""
sem_get: Key: 410c0019
sem_get: Key: 410c0019
nvram_set: wla_ssid_2 = "NETGEAR-Guest"
sem_get: Key: 410c0019
sem_get: Key: 410c0019
nvram_set: wla_temp_ssid_2 = ""
sem_get: Key: 410c0019
sem_get: Key: 410c0019
nvram_set: wla_secu_type_2 = "None"
sem_get: Key: 410c0019
sem_get: Key: 410c0019
nvram_set: wla_temp_secu_type_2 = ""
sem_get: Key: 410c0019
sem_get: Key: 410c0019
nvram_set: wla_auth_type_2 = "automatic"
sem_get: Key: 410c0019
sem_get: Key: 410c0019
nvram_set: wla_wep_length_2 = "0"
sem_get: Key: 410c0019
sem_get: Key: 410c0019
nvram_set: wla_defaKey_2 = "0"
sem_get: Key: 410c0019
sem_get: Key: 410c0019
nvram_set: wla_key1_2 = ""
sem_get: Key: 410c0019
sem_get: Key: 410c0019
nvram_set: wla_key2_2 = ""
sem_get: Key: 410c0019
sem_get: Key: 410c0019
nvram_set: wla_key3_2 = ""
sem_get: Key: 410c0019
sem_get: Key: 410c0019
nvram_set: wla_key4_2 = ""
sem_get: Key: 410c0019
sem_get: Key: 410c0019
nvram_set: wla_passphrase_2 = ""
sem_get: Key: 410c0019
sem_get: Key: 410c0019
nvram_set: wla_wmm_advert_2 = "1"
sem_get: Key: 410c0019
sem_get: Key: 410c0019
nvram_set: wla_ssid_bc_2 = "1"
sem_get: Key: 410c0019
sem_get: Key: 410c0019
nvram_set: wla_temp_ssid_bc_2 = ""
sem_get: Key: 410c0019
sem_get: Key: 410c0019
nvram_set: wla_allow_access_2 = "0"
sem_get: Key: 410c0019
sem_get: Key: 410c0019
nvram_set: wla_temp_allow_access_2 = ""
sem_get: Key: 410c0019
sem_get: Key: 410c0019
nvram_set: wla_allow_see_access_2 = "0"
sem_get: Key: 410c0019
sem_get: Key: 410c0019
nvram_set: wla_temp_allow_see_access_2 = ""
sem_get: Key: 410c0019
sem_get: Key: 410c0019
nvram_set: wlg_sec_profile_enable_2 = "0"
sem_get: Key: 410c0019
sem_get: Key: 410c0019
nvram_set: wlg_temp_sec_profile_enable_2 = ""
sem_get: Key: 410c0019
sem_get: Key: 410c0019
nvram_set: wlg_ssid_2 = "NETGEAR-5G-Guest"
sem_get: Key: 410c0019
sem_get: Key: 410c0019
nvram_set: wlg_temp_ssid_2 = ""
sem_get: Key: 410c0019
sem_get: Key: 410c0019
nvram_set: wlg_secu_type_2 = "None"
sem_get: Key: 410c0019
sem_get: Key: 410c0019
nvram_set: wlg_temp_secu_type_2 = ""
sem_get: Key: 410c0019
sem_get: Key: 410c0019
nvram_set: wlg_auth_type_2 = "automatic"
sem_get: Key: 410c0019
sem_get: Key: 410c0019
nvram_set: wlg_wep_length_2 = "0"
sem_get: Key: 410c0019
sem_get: Key: 410c0019
nvram_set: wlg_defaKey_2 = "0"
sem_get: Key: 410c0019
sem_get: Key: 410c0019
nvram_set: wlg_key1_2 = ""
sem_get: Key: 410c0019
sem_get: Key: 410c0019
nvram_set: wlg_key2_2 = ""
sem_get: Key: 410c0019
sem_get: Key: 410c0019
nvram_set: wlg_key3_2 = ""
sem_get: Key: 410c0019
sem_get: Key: 410c0019
nvram_set: wlg_key4_2 = ""
sem_get: Key: 410c0019
sem_get: Key: 410c0019
nvram_set: wlg_passphrase_2 = ""
sem_get: Key: 410c0019
sem_get: Key: 410c0019
nvram_set: wlg_wmm_advert_2 = "1"
sem_get: Key: 410c0019
sem_get: Key: 410c0019
nvram_set: wlg_ssid_bc_2 = "1"
sem_get: Key: 410c0019
sem_get: Key: 410c0019
nvram_set: wlg_temp_ssid_bc_2 = ""
sem_get: Key: 410c0019
sem_get: Key: 410c0019
nvram_set: wlg_allow_access_2 = "0"
sem_get: Key: 410c0019
sem_get: Key: 410c0019
nvram_set: wlg_temp_allow_access_2 = ""
sem_get: Key: 410c0019
sem_get: Key: 410c0019
nvram_set: wlg_allow_see_access_2 = "0"
sem_get: Key: 410c0019
sem_get: Key: 410c0019
nvram_set: wlg_temp_allow_see_access_2 = ""
sem_get: Key: 410c0019
sem_get: Key: 410c0019
nvram_set: wla_sec_profile_enable_3 = "0"
sem_get: Key: 410c0019
sem_get: Key: 410c0019
nvram_set: wla_temp_sec_profile_enable_3 = ""
sem_get: Key: 410c0019
sem_get: Key: 410c0019
nvram_set: wla_ssid_3 = ""
sem_get: Key: 410c0019
sem_get: Key: 410c0019
nvram_set: wla_temp_ssid_3 = ""
sem_get: Key: 410c0019
sem_get: Key: 410c0019
nvram_set: wla_secu_type_3 = "None"
sem_get: Key: 410c0019
sem_get: Key: 410c0019
nvram_set: wla_temp_secu_type_3 = ""
sem_get: Key: 410c0019
sem_get: Key: 410c0019
nvram_set: wla_auth_type_3 = "automatic"
sem_get: Key: 410c0019
sem_get: Key: 410c0019
nvram_set: wla_wep_length_3 = "0"
sem_get: Key: 410c0019
sem_get: Key: 410c0019
nvram_set: wla_defaKey_3 = "0"
sem_get: Key: 410c0019
sem_get: Key: 410c0019
nvram_set: wla_key1_3 = ""
sem_get: Key: 410c0019
sem_get: Key: 410c0019
nvram_set: wla_key2_3 = ""
sem_get: Key: 410c0019
sem_get: Key: 410c0019
nvram_set: wla_key3_3 = ""
sem_get: Key: 410c0019
sem_get: Key: 410c0019
nvram_set: wla_key4_3 = ""
sem_get: Key: 410c0019
sem_get: Key: 410c0019
nvram_set: wla_passphrase_3 = ""
sem_get: Key: 410c0019
sem_get: Key: 410c0019
nvram_set: wla_wmm_advert_3 = "1"
sem_get: Key: 410c0019
sem_get: Key: 410c0019
nvram_set: wla_ssid_bc_3 = "1"
sem_get: Key: 410c0019
sem_get: Key: 410c0019
nvram_set: wla_temp_ssid_bc_3 = ""
sem_get: Key: 410c0019
sem_get: Key: 410c0019
nvram_set: wla_allow_access_3 = "0"
sem_get: Key: 410c0019
sem_get: Key: 410c0019
nvram_set: wla_temp_allow_access_3 = ""
sem_get: Key: 410c0019
sem_get: Key: 410c0019
nvram_set: wla_sec_profile_enable_4 = "0"
sem_get: Key: 410c0019
sem_get: Key: 410c0019
nvram_set: wla_temp_sec_profile_enable_4 = ""
sem_get: Key: 410c0019
sem_get: Key: 410c0019
nvram_set: wla_ssid_4 = ""
sem_get: Key: 410c0019
sem_get: Key: 410c0019
nvram_set: wla_temp_ssid_4 = ""
sem_get: Key: 410c0019
sem_get: Key: 410c0019
nvram_set: wla_secu_type_4 = "None"
sem_get: Key: 410c0019
sem_get: Key: 410c0019
nvram_set: wla_temp_secu_type_4 = ""
sem_get: Key: 410c0019
sem_get: Key: 410c0019
nvram_set: wla_auth_type_4 = "automatic"
sem_get: Key: 410c0019
sem_get: Key: 410c0019
nvram_set: wla_wep_length_4 = "0"
sem_get: Key: 410c0019
sem_get: Key: 410c0019
nvram_set: wla_defaKey_4 = "0"
sem_get: Key: 410c0019
sem_get: Key: 410c0019
nvram_set: wla_key1_4 = ""
sem_get: Key: 410c0019
sem_get: Key: 410c0019
nvram_set: wla_key2_4 = ""
sem_get: Key: 410c0019
sem_get: Key: 410c0019
nvram_set: wla_key3_4 = ""
sem_get: Key: 410c0019
sem_get: Key: 410c0019
nvram_set: wla_key4_4 = ""
sem_get: Key: 410c0019
sem_get: Key: 410c0019
nvram_set: wla_passphrase_4 = ""
sem_get: Key: 410c0019
sem_get: Key: 410c0019
nvram_set: wla_wmm_advert_4 = "1"
sem_get: Key: 410c0019
sem_get: Key: 410c0019
nvram_set: wla_ssid_bc_4 = "1"
sem_get: Key: 410c0019
sem_get: Key: 410c0019
nvram_set: wla_temp_ssid_bc_4 = ""
sem_get: Key: 410c0019
sem_get: Key: 410c0019
nvram_set: wla_allow_access_4 = "0"
sem_get: Key: 410c0019
sem_get: Key: 410c0019
nvram_set: wla_temp_allow_access_4 = ""
sem_get: Key: 410c0019
sem_get: Key: 410c0019
nvram_set: ctf_disable = "0"
sem_get: Key: 410c0019
sem_get: Key: 410c0019
nvram_set: acosnat_ctf_disable = "0"
sem_get: Key: 410c0019
sem_get: Key: 410c0019
nvram_set: wl_ifname = ""
sem_get: Key: 410c0019
sem_get: Key: 410c0019
nvram_set: wl_hwaddr = ""
sem_get: Key: 410c0019
sem_get: Key: 410c0019
nvram_set: wl_phytype = "n"
sem_get: Key: 410c0019
sem_get: Key: 410c0019
nvram_set: wl_radio_pwrsave_enable = "0"
sem_get: Key: 410c0019
sem_get: Key: 410c0019
nvram_set: wl_radio_pwrsave_level = "0"
sem_get: Key: 410c0019
sem_get: Key: 410c0019
nvram_set: wl_radio_pwrsave_pps = "10"
sem_get: Key: 410c0019
sem_get: Key: 410c0019
nvram_set: NULL key or value!
nvram_set: wl_rifs_advert = "auto"
sem_get: Key: 410c0019
sem_get: Key: 410c0019
nvram_set: wl_rxchain_pwrsave_enable = "0"
sem_get: Key: 410c0019
sem_get: Key: 410c0019
nvram_set: wl_rxchain_pwrsave_pps = "10"
sem_get: Key: 410c0019
sem_get: Key: 410c0019
nvram_set: wl_rxchain_pwrsave_quiet_time = "1800"
sem_get: Key: 410c0019
sem_get: Key: 410c0019
nvram_set: wl_rxchain = "7"
sem_get: Key: 410c0019
sem_get: Key: 410c0019
nvram_set: wl_txchain = "7"
sem_get: Key: 410c0019
sem_get: Key: 410c0019
nvram_set: wl_stbc_tx = "auto"
sem_get: Key: 410c0019
sem_get: Key: 410c0019
nvram_set: wl_wme = "auto"
sem_get: Key: 410c0019
sem_get: Key: 410c0019
nvram_set: wl0_stbc_rx = "1"
sem_get: Key: 410c0019
sem_get: Key: 410c0019
nvram_set: wl1_stbc_rx = "1"
sem_get: Key: 410c0019
sem_get: Key: 410c0019
nvram_set: wl_dmatxctl = "0x24c0040"
sem_get: Key: 410c0019
sem_get: Key: 410c0019
nvram_set: wl_dmarxctl = "0x4c0000"
sem_get: Key: 410c0019
sem_get: Key: 410c0019
nvram_set: wl_pcie_mrrs = "128"
sem_get: Key: 410c0019
sem_get: Key: 410c0019
nvram_set: wl_corerev = ""
sem_get: Key: 410c0019
sem_get: Key: 410c0019
nvram_set: wl_phytypes = ""
sem_get: Key: 410c0019
sem_get: Key: 410c0019
nvram_set: wl_radioids = ""
sem_get: Key: 410c0019
sem_get: Key: 410c0019
nvram_set: wl_ssid = "NETGEAR"
sem_get: Key: 410c0019
sem_get: Key: 410c0019
nvram_set: wl_country = "GB"
sem_get: Key: 410c0019
sem_get: Key: 410c0019
nvram_set: wl_country_code = "GB"
sem_get: Key: 410c0019
sem_get: Key: 410c0019
nvram_set: wl_bss_enabled = "1"
sem_get: Key: 410c0019
sem_get: Key: 410c0019
nvram_set: wl_country_rev = ""
sem_get: Key: 410c0019
sem_get: Key: 410c0019
nvram_set: wl_radio = "1"
sem_get: Key: 410c0019
sem_get: Key: 410c0019
nvram_set: wl_closed = "0"
sem_get: Key: 410c0019
sem_get: Key: 410c0019
nvram_set: wl_ap_isolate = "0"
sem_get: Key: 410c0019
sem_get: Key: 410c0019
nvram_set: wl_wmf_bss_enable = "0"
sem_get: Key: 410c0019
sem_get: Key: 410c0019
nvram_set: wl_mode = "ap"
sem_get: Key: 410c0019
sem_get: Key: 410c0019
nvram_set: wl_lazywds = "0"
sem_get: Key: 410c0019
sem_get: Key: 410c0019
nvram_set: wl_wds = ""
sem_get: Key: 410c0019
sem_get: Key: 410c0019
nvram_set: wl_wds_timeout = "1"
sem_get: Key: 410c0019
sem_get: Key: 410c0019
nvram_set: wl_wep = "disabled"
sem_get: Key: 410c0019
sem_get: Key: 410c0019
nvram_set: wl_auth = "0"
sem_get: Key: 410c0019
sem_get: Key: 410c0019
nvram_set: wl_key = "1"
sem_get: Key: 410c0019
sem_get: Key: 410c0019
nvram_set: wl_key1 = ""
sem_get: Key: 410c0019
sem_get: Key: 410c0019
nvram_set: wl_key2 = ""
sem_get: Key: 410c0019
sem_get: Key: 410c0019
nvram_set: wl_key3 = ""
sem_get: Key: 410c0019
sem_get: Key: 410c0019
nvram_set: wl_key4 = ""
sem_get: Key: 410c0019
sem_get: Key: 410c0019
nvram_set: wl_maclist = ""
sem_get: Key: 410c0019
sem_get: Key: 410c0019
nvram_set: wl_macmode = "disabled"
sem_get: Key: 410c0019
sem_get: Key: 410c0019
nvram_set: wl_chanspec = "0"
sem_get: Key: 410c0019
sem_get: Key: 410c0019
nvram_set: wl_reg_mode = "off"
sem_get: Key: 410c0019
sem_get: Key: 410c0019
nvram_set: wl_dfs_preism = "60"
sem_get: Key: 410c0019
sem_get: Key: 410c0019
nvram_set: wl_dfs_postism = "60"
sem_get: Key: 410c0019
sem_get: Key: 410c0019
nvram_set: wl_radarthrs = "0 0x6a8 0x6c8 0x6ac 0x6c7"
sem_get: Key: 410c0019
sem_get: Key: 410c0019
nvram_set: wl1_radarthrs = "1 0x6ac 0x6dc 0x6bc 0x6ec 0x6ac 0x6dc 0x6bc 0x6ec "
sem_get: Key: 410c0019
sem_get: Key: 410c0019
nvram_set: wl_rate = "0"
sem_get: Key: 410c0019
sem_get: Key: 410c0019
nvram_set: wl_mrate = "0"
sem_get: Key: 410c0019
sem_get: Key: 410c0019
nvram_set: wl_rateset = "12"
sem_get: Key: 410c0019
sem_get: Key: 410c0019
nvram_set: wl_frag = "2346"
sem_get: Key: 410c0019
sem_get: Key: 410c0019
nvram_set: wl_rts = "2347"
sem_get: Key: 410c0019
sem_get: Key: 410c0019
nvram_set: wl_dtim = "2"
sem_get: Key: 410c0019
sem_get: Key: 410c0019
nvram_set: wl_bcn = "100"
sem_get: Key: 410c0019
sem_get: Key: 410c0019
nvram_set: wl_bcn_rotate = "1"
sem_get: Key: 410c0019
sem_get: Key: 410c0019
nvram_set: wl_plcphdr = "long"
sem_get: Key: 410c0019
sem_get: Key: 410c0019
nvram_set: wl_gmode = "GMODE_AUTO"
sem_get: Key: 410c0019
sem_get: Key: 410c0019
nvram_set: wl_gmode_protection = "auto"
sem_get: Key: 410c0019
sem_get: Key: 410c0019
nvram_set: wl_mcast_regen_bss_enable = "1"
sem_get: Key: 410c0019
sem_get: Key: 410c0019
nvram_set: wl_afterburner = "off"
sem_get: Key: 410c0019
sem_get: Key: 410c0019
nvram_set: wl_frameburst = "on"
sem_get: Key: 410c0019
sem_get: Key: 410c0019
nvram_set: wl_wme = "on"
sem_get: Key: 410c0019
sem_get: Key: 410c0019
nvram_set: wl_wme_bss_disable = "0"
sem_get: Key: 410c0019
sem_get: Key: 410c0019
nvram_set: wl_antdiv = "-1"
sem_get: Key: 410c0019
sem_get: Key: 410c0019
nvram_set: wl_infra = "1"
sem_get: Key: 410c0019
sem_get: Key: 410c0019
nvram_set: wl_bw_cap = "1"
sem_get: Key: 410c0019
sem_get: Key: 410c0019
nvram_set: wl_nband = "2"
sem_get: Key: 410c0019
sem_get: Key: 410c0019
nvram_set: wl_nmcsidx = "-1"
sem_get: Key: 410c0019
sem_get: Key: 410c0019
nvram_set: wl_nmode = "-1"
sem_get: Key: 410c0019
sem_get: Key: 410c0019
nvram_set: wl_nmode_protection = "auto"
sem_get: Key: 410c0019
sem_get: Key: 410c0019
nvram_set: wl_nreqd = "0"
sem_get: Key: 410c0019
sem_get: Key: 410c0019
nvram_set: wl_vlan_prio_mode = "off"
sem_get: Key: 410c0019
sem_get: Key: 410c0019
nvram_set: wl_leddc = "0x640000"
sem_get: Key: 410c0019
sem_get: Key: 410c0019
nvram_set: wl_rxstreams = "0"
sem_get: Key: 410c0019
sem_get: Key: 410c0019
nvram_set: wl_txstreams = "0"
sem_get: Key: 410c0019
sem_get: Key: 410c0019
nvram_set: wl_ampdu = "auto"
sem_get: Key: 410c0019
sem_get: Key: 410c0019
nvram_set: wl_ampdu_rtylimit_tid = "5 5 5 5 5 5 5 5"
sem_get: Key: 410c0019
sem_get: Key: 410c0019
nvram_set: wl_ampdu_rr_rtylimit_tid = "2 2 2 2 2 2 2 2"
sem_get: Key: 410c0019
sem_get: Key: 410c0019
nvram_set: wl_mimo_preamble = "mm"
sem_get: Key: 410c0019
sem_get: Key: 410c0019
nvram_set: wl_tpc_db = "0"
sem_get: Key: 410c0019
sem_get: Key: 410c0019
nvram_set: wl_amsdu = "auto"
sem_get: Key: 410c0019
sem_get: Key: 410c0019
nvram_set: wl_rifs = ""
sem_get: Key: 410c0019
sem_get: Key: 410c0019
nvram_set: wl_auth_mode = "none"
sem_get: Key: 410c0019
sem_get: Key: 410c0019
nvram_set: wl_wpa_psk = ""
sem_get: Key: 410c0019
sem_get: Key: 410c0019
nvram_set: wl_wpa_gtk_rekey = "0"
sem_get: Key: 410c0019
sem_get: Key: 410c0019
nvram_set: wl_radius_ipaddr = ""
sem_get: Key: 410c0019
sem_get: Key: 410c0019
nvram_set: wl_radius_key = ""
sem_get: Key: 410c0019
sem_get: Key: 410c0019
nvram_set: wl_radius_port = "1812"
sem_get: Key: 410c0019
sem_get: Key: 410c0019
nvram_set: wl_crypto = "tkip"
sem_get: Key: 410c0019
sem_get: Key: 410c0019
nvram_set: wl_net_reauth = "36000"
sem_get: Key: 410c0019
sem_get: Key: 410c0019
nvram_set: wl_akm = ""
sem_get: Key: 410c0019
sem_get: Key: 410c0019
nvram_set: pktc_disable = "0"
sem_get: Key: 410c0019
sem_get: Key: 410c0019
nvram_set: wps_version2 = "enabled"
sem_get: Key: 410c0019
sem_get: Key: 410c0019
nvram_set: wl_wps_mode = "enabled"
sem_get: Key: 410c0019
sem_get: Key: 410c0019
nvram_set: wps_mode = "enabled"
sem_get: Key: 410c0019
sem_get: Key: 410c0019
nvram_set: wl_wps_config_state = "0"
sem_get: Key: 410c0019
sem_get: Key: 410c0019
nvram_set: wl_wps_5g_config_state = "0"
sem_get: Key: 410c0019
sem_get: Key: 410c0019
nvram_set: lan_wps_oob = "enabled"
sem_get: Key: 410c0019
sem_get: Key: 410c0019
nvram_set: wps_device_pin = "12345670"
sem_get: Key: 410c0019
sem_get: Key: 410c0019
nvram_set: wps_modelname = "R7000"
sem_get: Key: 410c0019
sem_get: Key: 410c0019
nvram_set: wps_mfstring = "NETGEAR, Inc."
sem_get: Key: 410c0019
sem_get: Key: 410c0019
nvram_set: wps_device_name = "R7000"
sem_get: Key: 410c0019
sem_get: Key: 410c0019
nvram_set: wl_wps_reg = "enabled"
sem_get: Key: 410c0019
sem_get: Key: 410c0019
nvram_set: wps_sta_pin = "00000000"
sem_get: Key: 410c0019
sem_get: Key: 410c0019
nvram_set: wps_modelnum = "R7000"
sem_get: Key: 410c0019
sem_get: Key: 410c0019
nvram_set: wps_config_method = "0x2688"
sem_get: Key: 410c0019
sem_get: Key: 410c0019
nvram_set: wps_timeout_enable = "0"
sem_get: Key: 410c0019
sem_get: Key: 410c0019
nvram_set: wps_addER = "0"
sem_get: Key: 410c0019
sem_get: Key: 410c0019
nvram_set: wps_uuid = "0x000102030405060708090A0B0C0D0EBB"
sem_get: Key: 410c0019
sem_get: Key: 410c0019
nvram_set: wps_aplockdown_disable = "0"
sem_get: Key: 410c0019
sem_get: Key: 410c0019
nvram_set: wps_lock_start_cnt = "3"
sem_get: Key: 410c0019
sem_get: Key: 410c0019
nvram_set: wps_lock_forever_cnt = "3"
sem_get: Key: 410c0019
sem_get: Key: 410c0019
nvram_set: wsc_pin_disable = "0"
sem_get: Key: 410c0019
sem_get: Key: 410c0019
nvram_set: wl0_wps_config_state = "0"
sem_get: Key: 410c0019
sem_get: Key: 410c0019
nvram_set: wl1_wps_config_state = "0"
sem_get: Key: 410c0019
sem_get: Key: 410c0019
nvram_set: wps_aplockdown = "0"
sem_get: Key: 410c0019
sem_get: Key: 410c0019
nvram_set: wps_lan_led = "0"
sem_get: Key: 410c0019
sem_get: Key: 410c0019
nvram_set: wps_aplockdown_forceon = "0"
sem_get: Key: 410c0019
sem_get: Key: 410c0019
nvram_set: wps_ifname = "all"
sem_get: Key: 410c0019
sem_get: Key: 410c0019
nvram_set: dome_led_status = "ON"
sem_get: Key: 410c0019
sem_get: Key: 410c0019
nvram_set: wl_wme_sta_be = "15 1023 3 0 0 off off"
sem_get: Key: 410c0019
sem_get: Key: 410c0019
nvram_set: wl_wme_sta_bk = "15 1023 7 0 0 off off"
sem_get: Key: 410c0019
sem_get: Key: 410c0019
nvram_set: wl_wme_sta_vi = "7 15 2 6016 3008 off off"
sem_get: Key: 410c0019
sem_get: Key: 410c0019
nvram_set: wl_wme_sta_vo = "3 7 2 3264 1504 off off"
sem_get: Key: 410c0019
sem_get: Key: 410c0019
nvram_set: wl_wme_ap_be = "15 63 3 0 0 off off"
sem_get: Key: 410c0019
sem_get: Key: 410c0019
nvram_set: wl_wme_ap_bk = "15 1023 7 0 0 off off"
sem_get: Key: 410c0019
sem_get: Key: 410c0019
nvram_set: wl_wme_ap_vi = "7 15 1 6016 3008 off off"
sem_get: Key: 410c0019
sem_get: Key: 410c0019
nvram_set: wl_wme_ap_vo = "3 7 1 3264 1504 off off"
sem_get: Key: 410c0019
sem_get: Key: 410c0019
nvram_set: wl_wme_no_ack = "off"
sem_get: Key: 410c0019
sem_get: Key: 410c0019
nvram_set: wl_wme_apsd = "on"
sem_get: Key: 410c0019
sem_get: Key: 410c0019
nvram_set: wl_wme_txp_be = "7 3 4 2 0"
sem_get: Key: 410c0019
sem_get: Key: 410c0019
nvram_set: wl_wme_txp_bk = "7 3 4 2 0"
sem_get: Key: 410c0019
sem_get: Key: 410c0019
nvram_set: wl_wme_txp_vi = "7 3 4 2 0"
sem_get: Key: 410c0019
sem_get: Key: 410c0019
nvram_set: wl_wme_txp_vo = "7 3 4 2 0"
sem_get: Key: 410c0019
sem_get: Key: 410c0019
nvram_set: wl_maxassoc = "128"
sem_get: Key: 410c0019
sem_get: Key: 410c0019
nvram_set: wl_bss_maxassoc = "128"
sem_get: Key: 410c0019
sem_get: Key: 410c0019
nvram_set: wl_unit = "0"
sem_get: Key: 410c0019
sem_get: Key: 410c0019
nvram_set: wl_sta_retry_time = "5"
sem_get: Key: 410c0019
sem_get: Key: 410c0019
nvram_set: emf_entry = ""
sem_get: Key: 410c0019
sem_get: Key: 410c0019
nvram_set: emf_uffp_entry = ""
sem_get: Key: 410c0019
sem_get: Key: 410c0019
nvram_set: emf_rtport_entry = ""
sem_get: Key: 410c0019
sem_get: Key: 410c0019
nvram_set: emf_enable = "0"
sem_get: Key: 410c0019
sem_get: Key: 410c0019
nvram_set: restore_defaults = "0"
sem_get: Key: 410c0019
sem_get: Key: 410c0019
nvram_set: http_timeout = "5"
sem_get: Key: 410c0019
sem_get: Key: 410c0019
nvram_set: http_rmenable = "0"
sem_get: Key: 410c0019
sem_get: Key: 410c0019
nvram_set: http_rmport = "8443"
sem_get: Key: 410c0019
sem_get: Key: 410c0019
nvram_set: http_rmstartip = "0.0.0.0"
sem_get: Key: 410c0019
sem_get: Key: 410c0019
nvram_set: http_rmendip = "255.255.255.255"
sem_get: Key: 410c0019
sem_get: Key: 410c0019
nvram_set: upnp_turn_on = "1"
sem_get: Key: 410c0019
sem_get: Key: 410c0019
nvram_set: upnp_advert_period = "30"
sem_get: Key: 410c0019
sem_get: Key: 410c0019
nvram_set: upnp_advert_ttl = "4"
sem_get: Key: 410c0019
sem_get: Key: 410c0019
nvram_set: upnp_portmap_entry = "0"
sem_get: Key: 410c0019
sem_get: Key: 410c0019
nvram_set: upnp_duration = "3600"
sem_get: Key: 410c0019
sem_get: Key: 410c0019
nvram_set: upnp_DHCPServerConfigurable = "1"
sem_get: Key: 410c0019
sem_get: Key: 410c0019
nvram_set: wan_dns_sel = "0"
sem_get: Key: 410c0019
sem_get: Key: 410c0019
nvram_set: wan_dns1 = ""
sem_get: Key: 410c0019
sem_get: Key: 410c0019
nvram_set: wan_hwaddr_sel = "0"
sem_get: Key: 410c0019
sem_get: Key: 410c0019
nvram_set: wan_hwaddr2 = ""
sem_get: Key: 410c0019
sem_get: Key: 410c0019
nvram_set: blank_state = "1"
sem_get: Key: 410c0019
sem_get: Key: 410c0019
nvram_set: run_wiz = "0"
sem_get: Key: 410c0019
sem_get: Key: 410c0019
nvram_set: wiz_pppoe_wait_time = "5"
sem_get: Key: 410c0019
sem_get: Key: 410c0019
nvram_set: wiz_dhcp_wait_time = "5"
sem_get: Key: 410c0019
sem_get: Key: 410c0019
nvram_set: system_name = "R7000"
sem_get: Key: 410c0019
sem_get: Key: 410c0019
nvram_set: pptp_username = ""
sem_get: Key: 410c0019
sem_get: Key: 410c0019
nvram_set: pptp_passwd = ""
sem_get: Key: 410c0019
sem_get: Key: 410c0019
nvram_set: pptp_serv_ip = "10.0.0.138"
sem_get: Key: 410c0019
sem_get: Key: 410c0019
nvram_set: pptp_user_ip = "..."
sem_get: Key: 410c0019
sem_get: Key: 410c0019
nvram_set: pptp_dod = "1"
sem_get: Key: 410c0019
sem_get: Key: 410c0019
nvram_set: pptp_idletime = "5"
sem_get: Key: 410c0019
sem_get: Key: 410c0019
nvram_set: pptp_conn_id = ""
sem_get: Key: 410c0019
sem_get: Key: 410c0019
nvram_set: pptp_gateway = ""
sem_get: Key: 410c0019
sem_get: Key: 410c0019
nvram_set: pptp_localip = "0.0.0.0"
sem_get: Key: 410c0019
sem_get: Key: 410c0019
nvram_set: pptp_ip_sel = "0"
sem_get: Key: 410c0019
sem_get: Key: 410c0019
nvram_set: bpa_username = ""
sem_get: Key: 410c0019
sem_get: Key: 410c0019
nvram_set: bpa_passwd = ""
sem_get: Key: 410c0019
sem_get: Key: 410c0019
nvram_set: bpa_server = "login-server"
sem_get: Key: 410c0019
sem_get: Key: 410c0019
nvram_set: bpa_server_temp = ""
sem_get: Key: 410c0019
sem_get: Key: 410c0019
nvram_set: bpa_idletime = "5"
sem_get: Key: 410c0019
sem_get: Key: 410c0019
nvram_set: bpa_status = "0"
sem_get: Key: 410c0019
sem_get: Key: 410c0019
nvram_set: bpa_debug_level = "1"
sem_get: Key: 410c0019
sem_get: Key: 410c0019
nvram_set: wan_bpa_minheartbeat = "2"
sem_get: Key: 410c0019
sem_get: Key: 410c0019
nvram_set: wan_bpa_maxheartbeat = "20"
sem_get: Key: 410c0019
sem_get: Key: 410c0019
nvram_set: wan_bpa_localport = "5050"
sem_get: Key: 410c0019
sem_get: Key: 410c0019
nvram_set: run_test = "0"
sem_get: Key: 410c0019
sem_get: Key: 410c0019
nvram_set: logo_enable = "0"
sem_get: Key: 410c0019
sem_get: Key: 410c0019
nvram_set: rip_enable = "0"
sem_get: Key: 410c0019
sem_get: Key: 410c0019
nvram_set: rip_filter_enable = "0"
sem_get: Key: 410c0019
sem_get: Key: 410c0019
nvram_set: rip_dir = "1"
sem_get: Key: 410c0019
sem_get: Key: 410c0019
nvram_set: rip_version = "2"
sem_get: Key: 410c0019
sem_get: Key: 410c0019
nvram_set: rip_multicast = "1"
sem_get: Key: 410c0019
sem_get: Key: 410c0019
nvram_set: ddns_enable = "0"
sem_get: Key: 410c0019
sem_get: Key: 410c0019
nvram_set: ddns_hostname = ""
sem_get: Key: 410c0019
sem_get: Key: 410c0019
nvram_set: ddns_username = ""
sem_get: Key: 410c0019
sem_get: Key: 410c0019
nvram_set: ddns_passwd = ""
sem_get: Key: 410c0019
sem_get: Key: 410c0019
nvram_set: ddns_wildcard = "0"
sem_get: Key: 410c0019
sem_get: Key: 410c0019
nvram_set: ddns_update_time = "0"
sem_get: Key: 410c0019
sem_get: Key: 410c0019
nvram_set: ddns_checked = "0"
sem_get: Key: 410c0019
sem_get: Key: 410c0019
nvram_set: ddns_last_ip = "0.0.0.0"
sem_get: Key: 410c0019
sem_get: Key: 410c0019
nvram_set: ddns_server = "4"
sem_get: Key: 410c0019
sem_get: Key: 410c0019
nvram_set: ddns_cgi_alarm = "0"
sem_get: Key: 410c0019
sem_get: Key: 410c0019
nvram_set: oray_ddns_constatus = "offline"
sem_get: Key: 410c0019
sem_get: Key: 410c0019
nvram_set: oray_ddns_service_type = "---"
sem_get: Key: 410c0019
sem_get: Key: 410c0019
nvram_set: oray_ddns_service_info = ""
sem_get: Key: 410c0019
sem_get: Key: 410c0019
nvram_set: ddns_netgear_hostname = ""
sem_get: Key: 410c0019
sem_get: Key: 410c0019
nvram_set: ddns_netgear_email = ""
sem_get: Key: 410c0019
sem_get: Key: 410c0019
nvram_set: ddns_netgear_passwd = ""
sem_get: Key: 410c0019
sem_get: Key: 410c0019
nvram_set: ddns_netgear_clinetid = ""
sem_get: Key: 410c0019
sem_get: Key: 410c0019
nvram_set: ddns_netgear_clientkey = ""
sem_get: Key: 410c0019
sem_get: Key: 410c0019
nvram_set: ddns_netgear_confirmpasswd = "2"
sem_get: Key: 410c0019
sem_get: Key: 410c0019
nvram_set: ddns_netgear_hoststatus = "2"
sem_get: Key: 410c0019
sem_get: Key: 410c0019
nvram_set: ddns_netgear_haveaccount = "0"
sem_get: Key: 410c0019
sem_get: Key: 410c0019
nvram_set: ddns_netgear_success = "2"
sem_get: Key: 410c0019
sem_get: Key: 410c0019
nvram_set: fwpt_enable = "1"
sem_get: Key: 410c0019
sem_get: Key: 410c0019
nvram_set: fwpt_timeout = "1200"
sem_get: Key: 410c0019
sem_get: Key: 410c0019
nvram_set: inbound_policy_tbl = ""
sem_get: Key: 410c0019
sem_get: Key: 410c0019
nvram_set: inbound_record = ""
sem_get: Key: 410c0019
sem_get: Key: 410c0019
nvram_set: port_tr_conf = ""
sem_get: Key: 410c0019
sem_get: Key: 410c0019
nvram_set: fwpt_count = "0"
sem_get: Key: 410c0019
sem_get: Key: 410c0019
nvram_set: bs_enable = "0"
sem_get: Key: 410c0019
sem_get: Key: 410c0019
nvram_set: bs_keyword = ""
sem_get: Key: 410c0019
sem_get: Key: 410c0019
nvram_set: bs_keywords = ""
sem_get: Key: 410c0019
sem_get: Key: 410c0019
nvram_set: bs_trustedip = "192.168.1.0"
sem_get: Key: 410c0019
sem_get: Key: 410c0019
nvram_set: bs_enable_temp = "0"
sem_get: Key: 410c0019
sem_get: Key: 410c0019
nvram_set: bs_keywords_temp = ""
sem_get: Key: 410c0019
sem_get: Key: 410c0019
nvram_set: bs_trustedip_temp = "192.168.1.0"
sem_get: Key: 410c0019
sem_get: Key: 410c0019
nvram_set: schedule_config = "127:0:0:23:59"
sem_get: Key: 410c0019
sem_get: Key: 410c0019
nvram_set: wan_mtu = "1500"
sem_get: Key: 410c0019
sem_get: Key: 410c0019
nvram_set: dmz_ipaddr = "192.168.1.0"
sem_get: Key: 410c0019
sem_get: Key: 410c0019
nvram_set: fw_dmz_ip4 = "2"
sem_get: Key: 410c0019
sem_get: Key: 410c0019
nvram_set: fw_dmz_enab = "0"
sem_get: Key: 410c0019
sem_get: Key: 410c0019
nvram_set: bpa_dod = "1"
sem_get: Key: 410c0019
sem_get: Key: 410c0019
nvram_set: fw_spi_enab = "1"
sem_get: Key: 410c0019
sem_get: Key: 410c0019
nvram_set: fw_rsp_ping = "0"
sem_get: Key: 410c0019
sem_get: Key: 410c0019
nvram_set: fw_rsp_ping_old = "0"
sem_get: Key: 410c0019
sem_get: Key: 410c0019
nvram_set: fw_bks_block_type = "0"
sem_get: Key: 410c0019
sem_get: Key: 410c0019
nvram_set: blk_srv_tbl = ""
sem_get: Key: 410c0019
sem_get: Key: 410c0019
nvram_set: all_service_tbl = ""
sem_get: Key: 410c0019
sem_get: Key: 410c0019
nvram_set: fw_email_email_enable = "0"
sem_get: Key: 410c0019
sem_get: Key: 410c0019
nvram_set: fw_email_email_alert = "0"
sem_get: Key: 410c0019
sem_get: Key: 410c0019
nvram_set: fw_email_email_smtp = ""
sem_get: Key: 410c0019
sem_get: Key: 410c0019
nvram_set: fw_email_email_addr = ""
sem_get: Key: 410c0019
sem_get: Key: 410c0019
nvram_set: fw_email_pid = "-1"
sem_get: Key: 410c0019
sem_get: Key: 410c0019
nvram_set: schedule_daylightadjust = "0"
sem_get: Key: 410c0019
sem_get: Key: 410c0019
nvram_set: ver_check_enable = "1"
sem_get: Key: 410c0019
sem_get: Key: 410c0019
nvram_set: ver_check_config_file = "fileinfo.txt"
sem_get: Key: 410c0019
sem_get: Key: 410c0019
nvram_set: ver_check_stringtable_dat = "stringtable.dat"
sem_get: Key: 410c0019
sem_get: Key: 410c0019
nvram_set: ver_check_ftp_svr1 = "updates1.netgear.com"
sem_get: Key: 410c0019
sem_get: Key: 410c0019
nvram_set: ver_check_ftp_svr2 = "updates1.netgear.com"
sem_get: Key: 410c0019
sem_get: Key: 410c0019
nvram_set: ver_check_ftp_svr3 = "updates1.netgear.com"
sem_get: Key: 410c0019
sem_get: Key: 410c0019
nvram_set: ver_check_ftp_username = "anonymous"
sem_get: Key: 410c0019
sem_get: Key: 410c0019
nvram_set: ver_check_ftp_password = "WNR3500U@"
sem_get: Key: 410c0019
sem_get: Key: 410c0019
nvram_set: super_username = "Gearguy"
sem_get: Key: 410c0019
sem_get: Key: 410c0019
nvram_set: super_passwd = "Geardog"
sem_get: Key: 410c0019
sem_get: Key: 410c0019
nvram_set: parser_username = "Gearpar"
sem_get: Key: 410c0019
sem_get: Key: 410c0019
nvram_set: parser_passwd = "Gearucp"
sem_get: Key: 410c0019
sem_get: Key: 410c0019
nvram_set: tftp_serv_ipaddr = "192.168.1.2"
sem_get: Key: 410c0019
sem_get: Key: 410c0019
nvram_set: potValue = "0"
sem_get: Key: 410c0019
sem_get: Key: 410c0019
nvram_set: potMaxValue = "4320"
sem_get: Key: 410c0019
sem_get: Key: 410c0019
nvram_set: potInterval = "60"
sem_get: Key: 410c0019
sem_get: Key: 410c0019
nvram_set: nat_inbound_filtering = "1"
sem_get: Key: 410c0019
sem_get: Key: 410c0019
nvram_set: iptv_enabled = "0"
sem_get: Key: 410c0019
sem_get: Key: 410c0019
nvram_set: iptv_interfaces = "0x00"
sem_get: Key: 410c0019
sem_get: Key: 410c0019
nvram_set: boot_wait = "off"
sem_get: Key: 410c0019
sem_get: Key: 410c0019
nvram_set: lanip_changed = "0"
sem_get: Key: 410c0019
sem_get: Key: 410c0019
nvram_set: lanip_setup_changed = "0"
sem_get: Key: 410c0019
sem_get: Key: 410c0019
nvram_set: friendly_name = "R7000"
sem_get: Key: 410c0019
sem_get: Key: 410c0019
nvram_set: pf_services_tbl = ""
sem_get: Key: 410c0019
sem_get: Key: 410c0019
nvram_set: wla_wds_enable = "0"
sem_get: Key: 410c0019
sem_get: Key: 410c0019
nvram_set: wla_wds_mode = "1"
sem_get: Key: 410c0019
sem_get: Key: 410c0019
nvram_set: wla_wds_ptp_mac = ""
sem_get: Key: 410c0019
sem_get: Key: 410c0019
nvram_set: wla_wds_ptp_sta = "1"
sem_get: Key: 410c0019
sem_get: Key: 410c0019
nvram_set: wla_wds_pmp_mac = ""
sem_get: Key: 410c0019
sem_get: Key: 410c0019
nvram_set: wla_wds_pmp_sta = "1"
sem_get: Key: 410c0019
sem_get: Key: 410c0019
nvram_set: wla_repeater = "0"
sem_get: Key: 410c0019
sem_get: Key: 410c0019
nvram_set: wlg_wds_enable = "0"
sem_get: Key: 410c0019
sem_get: Key: 410c0019
nvram_set: wlg_wds_mode = "1"
sem_get: Key: 410c0019
sem_get: Key: 410c0019
nvram_set: wlg_wds_ptp_mac = ""
sem_get: Key: 410c0019
sem_get: Key: 410c0019
nvram_set: wlg_wds_ptp_sta = "1"
sem_get: Key: 410c0019
sem_get: Key: 410c0019
nvram_set: wlg_wds_pmp_mac = ""
sem_get: Key: 410c0019
sem_get: Key: 410c0019
nvram_set: wlg_wds_pmp_sta = "1"
sem_get: Key: 410c0019
sem_get: Key: 410c0019
nvram_set: wlg_repeater = "0"
sem_get: Key: 410c0019
sem_get: Key: 410c0019
nvram_set: lanip_wds_setup_changed = "0"
sem_get: Key: 410c0019
sem_get: Key: 410c0019
nvram_set: enable_any_usb_dev = "1"
sem_get: Key: 410c0019
sem_get: Key: 410c0019
nvram_set: smb_enable = "1"
sem_get: Key: 410c0019
sem_get: Key: 410c0019
nvram_set: usb_http_enable = "1"
sem_get: Key: 410c0019
sem_get: Key: 410c0019
nvram_set: usb_wan_http_enable = "0"
sem_get: Key: 410c0019
sem_get: Key: 410c0019
nvram_set: usb_ftp_enable = "0"
sem_get: Key: 410c0019
