>> Database Image ID: 157

/home/zhumengfan/firmware/firmwares/bbfb532755da27be35115359d6f9b18a9a526ebe.bin
>> MD5: 3991bea8a8122b2ce980e957188baea1
>> Tag: 157
>> Temp: /tmp/tmphcfddp
>> Status: Kernel: True, Rootfs: False, Do_Kernel: False,                 Do_Rootfs: True
>>>> Squashfs filesystem, little endian, version 4.0, compression:xz, size: 6048646 bytes, 2731 inodes, blocksize: 131072 bytes, created: 2014-03-13 05:15:49
>>>> Found Linux filesystem in /tmp/tmphcfddp/_bbfb532755da27be35115359d6f9b18a9a526ebe.bin.extracted/squashfs-root!
>> Skipping: completed!
>> Cleaning up /tmp/tmphcfddp...
./bin/busybox: armel
Querying database for architecture... armel
----Running----
----Copying Filesystem Tarball----
----Creating QEMU Image----
Formatting '/home/zhumengfan/firmadyne//scratch//157//image.raw', fmt=raw size=1073741824
----Creating Partition Table----

Welcome to fdisk (util-linux 2.27.1).
Changes will remain in memory only, until you decide to write them.
Be careful before using the write command.

Device does not contain a recognized partition table.
Created a new DOS disklabel with disk identifier 0x790d0261.

Command (m for help): Created a new DOS disklabel with disk identifier 0x5602cce5.

Command (m for help): Partition type
   p   primary (0 primary, 0 extended, 4 free)
   e   extended (container for logical partitions)
Select (default p): Partition number (1-4, default 1): First sector (2048-2097151, default 2048): Last sector, +sectors or +size{K,M,G,T,P} (2048-2097151, default 2097151): 
Created a new partition 1 of type 'Linux' and of size 1023 MiB.

Command (m for help): The partition table has been altered.
Syncing disks.

----Mounting QEMU Image----
add map loop0p1 (252:0): 0 2095104 linear 7:0 2048
----Creating Filesystem----
mke2fs 1.42.13 (17-May-2015)
Discarding device blocks:   4096/261888             done                            
Creating filesystem with 261888 4k blocks and 65536 inodes
Filesystem UUID: 7dcca0bc-a503-4039-9c4f-d758490c97ad
Superblock backups stored on blocks: 
	32768, 98304, 163840, 229376

Allocating group tables: 0/8   done                            
Writing inode tables: 0/8   done                            
Writing superblocks and filesystem accounting information: 0/8   done

----Making QEMU Image Mountpoint----
----Mounting QEMU Image Partition 1----
----Extracting Filesystem Tarball----
----Creating FIRMADYNE Directories----
----Patching Filesystem (chroot)----
Creating /etc/TZ!
Creating /etc/hosts!
Warning: Recreating device nodes!
Removing /etc/scripts/sys_resetbutton!
----Setting up FIRMADYNE----
----Unmounting QEMU Image----
loop deleted : /dev/loop0
Querying database for architecture... armel
Running firmware 157: terminating after 60 secs...
qemu-system-arm: terminating on signal 2 from pid 147324 (timeout)
Inferring network...
Interfaces: []
Done!
[    0.000000] Booting Linux on physical CPU 0x0
[    0.000000] Linux version 4.1.17+ (vagrant@vagrant-ubuntu-trusty-64) (gcc version 5.3.0 (GCC) ) #1 Thu Feb 18 01:05:21 UTC 2016
[    0.000000] CPU: ARMv7 Processor [412fc0f1] revision 1 (ARMv7), cr=10c5387d
[    0.000000] CPU: PIPT / VIPT nonaliasing data cache, PIPT instruction cache
[    0.000000] Machine model: linux,dummy-virt
[    0.000000] debug: ignoring loglevel setting.
[    0.000000] Memory policy: Data cache writeback
[    0.000000] On node 0 totalpages: 65536
[    0.000000] free_area_init_node: node 0, pgdat c061dfe8, node_mem_map cfdf9000
[    0.000000]   Normal zone: 512 pages used for memmap
[    0.000000]   Normal zone: 0 pages reserved
[    0.000000]   Normal zone: 65536 pages, LIFO batch:15
[    0.000000] psci: probing for conduit method from DT.
[    0.000000] psci: PSCIv0.2 detected in firmware.
[    0.000000] psci: Using standard PSCI v0.2 function IDs
[    0.000000] CPU: All CPU(s) started in SVC mode.
[    0.000000] pcpu-alloc: s0 r0 d32768 u32768 alloc=1*32768
[    0.000000] pcpu-alloc: [0] 0 
[    0.000000] Built 1 zonelists in Zone order, mobility grouping on.  Total pages: 65024
[    0.000000] Kernel command line: firmadyne.syscall=1 root=/dev/vda1 console=ttyS0 nandsim.parts=64,64,64,64,64,64,64,64,64,64 rdinit=/firmadyne/preInit.sh rw debug ignore_loglevel print-fatal-signals=1 user_debug=31
[    0.000000] PID hash table entries: 1024 (order: 0, 4096 bytes)
[    0.000000] Dentry cache hash table entries: 32768 (order: 5, 131072 bytes)
[    0.000000] Inode-cache hash table entries: 16384 (order: 4, 65536 bytes)
[    0.000000] Memory: 253340K/262144K available (4297K kernel code, 170K rwdata, 1584K rodata, 180K init, 148K bss, 8804K reserved, 0K cma-reserved)
[    0.000000] Virtual kernel memory layout:
[    0.000000]     vector  : 0xffff0000 - 0xffff1000   (   4 kB)
[    0.000000]     fixmap  : 0xffc00000 - 0xfff00000   (3072 kB)
[    0.000000]     vmalloc : 0xd0800000 - 0xff000000   ( 744 MB)
[    0.000000]     lowmem  : 0xc0000000 - 0xd0000000   ( 256 MB)
[    0.000000]     modules : 0xbf000000 - 0xc0000000   (  16 MB)
[    0.000000]       .text : 0xc0008000 - 0xc05c67bc   (5882 kB)
[    0.000000]       .init : 0xc05c7000 - 0xc05f4000   ( 180 kB)
[    0.000000]       .data : 0xc05f4000 - 0xc061e840   ( 171 kB)
[    0.000000]        .bss : 0xc0621000 - 0xc06462d4   ( 149 kB)
[    0.000000] NR_IRQS:16 nr_irqs:16 16
[    0.000000] Architected cp15 timer(s) running at 62.50MHz (virt).
[    0.000000] clocksource arch_sys_counter: mask: 0xffffffffffffff max_cycles: 0x1cd42e208c, max_idle_ns: 881590405314 ns
[    0.000170] sched_clock: 56 bits at 62MHz, resolution 16ns, wraps every 4398046511096ns
[    0.000327] Switching to timer-based delay loop, resolution 16ns
[    0.003541] Console: colour dummy device 80x30
[    0.003907] Calibrating delay loop (skipped), value calculated using timer frequency.. 125.00 BogoMIPS (lpj=625000)
[    0.004048] pid_max: default: 32768 minimum: 301
[    0.004988] Mount-cache hash table entries: 1024 (order: 0, 4096 bytes)
[    0.005030] Mountpoint-cache hash table entries: 1024 (order: 0, 4096 bytes)
[    0.254492] CPU: Testing write buffer coherency: ok
[    0.260816] Setting up static identity map for 0x40008240 - 0x40008298
[    0.276229] VFP support v0.3: implementor 41 architecture 4 part 30 variant f rev 0
[    0.288299] clocksource jiffies: mask: 0xffffffff max_cycles: 0xffffffff, max_idle_ns: 19112604462750000 ns
[    2.858893] NET: Registered protocol family 16
[    2.862160] DMA: preallocated 256 KiB pool for atomic coherent allocations
[    2.866572] cpuidle: using governor ladder
[    2.866731] cpuidle: using governor menu
[    2.887441] Serial: AMBA PL011 UART driver
[    2.889645] 9000000.pl011: ttyS0 at MMIO 0x9000000 (irq = 54, base_baud = 0) is a PL011 rev1
[    2.897230] console [ttyS0] enabled
[    2.919612] vgaarb: loaded
[    2.921137] SCSI subsystem initialized
[    2.922236] usbcore: registered new interface driver usbfs
[    2.922590] usbcore: registered new interface driver hub
[    2.922912] usbcore: registered new device driver usb
[    5.431176] cfg80211: Calling CRDA to update world regulatory domain
[    5.433790] Switched to clocksource arch_sys_counter
[    5.451522] NET: Registered protocol family 2
[    5.456928] TCP established hash table entries: 2048 (order: 1, 8192 bytes)
[    5.457193] TCP bind hash table entries: 2048 (order: 1, 8192 bytes)
[    5.457511] TCP: Hash tables configured (established 2048 bind 2048)
[    5.458040] UDP hash table entries: 256 (order: 0, 4096 bytes)
[    5.458287] UDP-Lite hash table entries: 256 (order: 0, 4096 bytes)
[    5.459731] NET: Registered protocol family 1
[    5.460190] PCI: CLS 0 bytes, default 64
[    5.467523] NetWinder Floating Point Emulator V0.97 (extended precision)
[    5.470144] futex hash table entries: 256 (order: -1, 3072 bytes)
[    5.475628] squashfs: version 4.0 (2009/01/31) Phillip Lougher
[    5.476634] jffs2: version 2.2. (NAND) © 2001-2006 Red Hat, Inc.
[    5.477453] romfs: ROMFS MTD (C) 2007 Red Hat, Inc.
[    6.749754] Block layer SCSI generic (bsg) driver version 0.4 loaded (major 253)
[    6.750112] io scheduler noop registered
[    6.750344] io scheduler cfq registered (default)
[    6.751020] firmadyne: devfs: 1, execute: 1, procfs: 1, syscall: 1
[    6.752355] ------------[ cut here ]------------
[    6.752574] WARNING: CPU: 0 PID: 1 at /home/vagrant/firmadyne-kernel/kernel-v4.1/fs/sysfs/dir.c:31 sysfs_warn_dup+0x50/0x6c()
[    6.752806] sysfs: cannot create duplicate filename '/class/gpio'
[    6.752975] Modules linked in:
[    6.753298] CPU: 0 PID: 1 Comm: swapper Not tainted 4.1.17+ #1
[    6.753438] Hardware name: Generic DT based system
[    6.754363] [<c001c99c>] (unwind_backtrace) from [<c0019d30>] (show_stack+0x10/0x14)
[    6.754651] [<c0019d30>] (show_stack) from [<c0024ab4>] (warn_slowpath_common+0x80/0xa8)
[    6.754853] [<c0024ab4>] (warn_slowpath_common) from [<c0024b08>] (warn_slowpath_fmt+0x2c/0x3c)
[    6.755092] [<c0024b08>] (warn_slowpath_fmt) from [<c00e363c>] (sysfs_warn_dup+0x50/0x6c)
[    6.755287] [<c00e363c>] (sysfs_warn_dup) from [<c00e3714>] (sysfs_create_dir_ns+0x74/0x84)
[    6.755481] [<c00e3714>] (sysfs_create_dir_ns) from [<c018e6ac>] (kobject_add_internal+0xb8/0x2ac)
[    6.755678] [<c018e6ac>] (kobject_add_internal) from [<c018e9a8>] (kset_register+0x1c/0x44)
[    6.755864] [<c018e9a8>] (kset_register) from [<c02090b4>] (__class_register+0xa8/0x198)
[    6.756055] [<c02090b4>] (__class_register) from [<c02091e4>] (__class_create+0x40/0x70)
[    6.756237] [<c02091e4>] (__class_create) from [<c01adf68>] (register_devfs_stubs+0x314/0xbb4)
[    6.756422] [<c01adf68>] (register_devfs_stubs) from [<c05d9b08>] (init_module+0x28/0xa4)
[    6.756628] [<c05d9b08>] (init_module) from [<c0009670>] (do_one_initcall+0x104/0x1b4)
[    6.756807] [<c0009670>] (do_one_initcall) from [<c05c7d08>] (kernel_init_freeable+0xf0/0x1b0)
[    6.757011] [<c05c7d08>] (kernel_init_freeable) from [<c040f28c>] (kernel_init+0x8/0xe4)
[    6.757188] [<c040f28c>] (kernel_init) from [<c0016da8>] (ret_from_fork+0x14/0x2c)
[    6.757467] ---[ end trace 97064339ca338bf9 ]---
[    6.757665] ------------[ cut here ]------------
[    6.757780] WARNING: CPU: 0 PID: 1 at /home/vagrant/firmadyne-kernel/kernel-v4.1/lib/kobject.c:240 kobject_add_internal+0x240/0x2ac()
[    6.757999] kobject_add_internal failed for gpio with -EEXIST, don't try to register things with the same name in the same directory.
[    6.758210] Modules linked in:
[    6.758357] CPU: 0 PID: 1 Comm: swapper Tainted: G        W       4.1.17+ #1
[    6.758494] Hardware name: Generic DT based system
[    6.758613] [<c001c99c>] (unwind_backtrace) from [<c0019d30>] (show_stack+0x10/0x14)
[    6.758789] [<c0019d30>] (show_stack) from [<c0024ab4>] (warn_slowpath_common+0x80/0xa8)
[    6.758962] [<c0024ab4>] (warn_slowpath_common) from [<c0024b08>] (warn_slowpath_fmt+0x2c/0x3c)
[    6.759144] [<c0024b08>] (warn_slowpath_fmt) from [<c018e834>] (kobject_add_internal+0x240/0x2ac)
[    6.759338] [<c018e834>] (kobject_add_internal) from [<c018e9a8>] (kset_register+0x1c/0x44)
[    6.759513] [<c018e9a8>] (kset_register) from [<c02090b4>] (__class_register+0xa8/0x198)
[    6.759683] [<c02090b4>] (__class_register) from [<c02091e4>] (__class_create+0x40/0x70)
[    6.759854] [<c02091e4>] (__class_create) from [<c01adf68>] (register_devfs_stubs+0x314/0xbb4)
[    6.760036] [<c01adf68>] (register_devfs_stubs) from [<c05d9b08>] (init_module+0x28/0xa4)
[    6.760210] [<c05d9b08>] (init_module) from [<c0009670>] (do_one_initcall+0x104/0x1b4)
[    6.760378] [<c0009670>] (do_one_initcall) from [<c05c7d08>] (kernel_init_freeable+0xf0/0x1b0)
[    6.760556] [<c05c7d08>] (kernel_init_freeable) from [<c040f28c>] (kernel_init+0x8/0xe4)
[    6.760722] [<c040f28c>] (kernel_init) from [<c0016da8>] (ret_from_fork+0x14/0x2c)
[    6.760890] ---[ end trace 97064339ca338bfa ]---
[    6.761054] firmadyne: Cannot create device class: gpio!
[    6.762829] firmadyne: Cannot register character device: watchdog, 0xa, 0x82!
[    6.763010] firmadyne: Cannot register character device: wdt, 0xfd, 0x0!
[    6.844471] PCI host bridge /pcie@10000000 ranges:
[    6.845035]    IO 0x3eff0000..0x3effffff -> 0x00000000
[    6.845416]   MEM 0x10000000..0x3efeffff -> 0x10000000
[    6.845551]   MEM 0x8000000000..0xffffffffff -> 0x8000000000
[    6.846231] pci-host-generic 3f000000.pcie: resource collision: [mem 0x00000000-0xffffffff] conflicts with /pl011@9000000 [mem 0x09000000-0x09000fff]
[    6.846935] pci-host-generic: probe of 3f000000.pcie failed with error -16
[    6.858590] Non-volatile memory driver v1.3
[    9.537692] cfg80211: Calling CRDA to update world regulatory domain
[    9.557119] brd: module loaded
[    9.567240] loop: module loaded
[   15.550356]  vda: vda1
[   15.551594] cfg80211: Calling CRDA to update world regulatory domain
[   15.563896] 0.flash: Found 2 x16 devices at 0x0 in 32-bit bank. Manufacturer ID 0x000000 Chip ID 0x000000
[   15.564534] Intel/Sharp Extended Query Table at 0x0031
[   15.566910] Using buffer write method
[   15.567340] erase region 0: offset=0x0,size=0x40000,blocks=256
[   15.574878] 0.flash: Found 2 x16 devices at 0x0 in 32-bit bank. Manufacturer ID 0x000000 Chip ID 0x000000
[   15.575103] Intel/Sharp Extended Query Table at 0x0031
[   15.575832] Using buffer write method
[   15.575954] erase region 0: offset=0x0,size=0x40000,blocks=256
[   15.576153] Concatenating MTD devices:
[   15.576259] (0): "0.flash"
[   15.576332] (1): "0.flash"
[   15.576410] into device "0.flash"
[   15.587839] [nandsim] warning: read_byte: unexpected data output cycle, state is STATE_READY return 0x0
[   15.588058] [nandsim] warning: read_byte: unexpected data output cycle, state is STATE_READY return 0x0
[   15.588236] [nandsim] warning: read_byte: unexpected data output cycle, state is STATE_READY return 0x0
[   15.588409] [nandsim] warning: read_byte: unexpected data output cycle, state is STATE_READY return 0x0
[   15.588580] [nandsim] warning: read_byte: unexpected data output cycle, state is STATE_READY return 0x0
[   15.588752] [nandsim] warning: read_byte: unexpected data output cycle, state is STATE_READY return 0x0
[   15.589171] nand: device found, Manufacturer ID: 0x98, Chip ID: 0x39
[   15.589328] nand: Toshiba NAND 128MiB 1,8V 8-bit
[   15.589451] nand: 128 MiB, SLC, erase size: 16 KiB, page size: 512, OOB size: 16
[   15.590378] flash size: 128 MiB
[   15.590463] page size: 512 bytes
[   15.590538] OOB area size: 16 bytes
[   15.590617] sector size: 16 KiB
[   15.590689] pages number: 262144
[   15.590764] pages per sector: 32
[   15.590837] bus width: 8
[   15.590898] bits in sector size: 14
[   15.590975] bits in page size: 9
[   15.591051] bits in OOB size: 4
[   15.591127] flash size with OOB: 135168 KiB
[   15.591215] page address bytes: 4
[   15.591289] sector address bytes: 3
[   15.591367] options: 0x42
[   16.553600] Scanning device for bad blocks
[   16.663396] firmadyne: do_execve: /firmadyne/console
[   16.663655] OFFSETS: offset of pid: 0x190 offset of comm: 0x270
[   16.664245] Creating 11 MTD partitions on "NAND 128MiB 1,8V 8-bit":
[   16.664690] 0x000000000000-0x000000100000 : "NAND simulator partition 0"
[   16.667044] 0x000000100000-0x000000200000 : "NAND simulator partition 1"
[   16.668616] 0x000000200000-0x000000300000 : "NAND simulator partition 2"
[   16.670087] 0x000000300000-0x000000400000 : "NAND simulator partition 3"
[   16.671510] 0x000000400000-0x000000500000 : "NAND simulator partition 4"
[   16.672884] 0x000000500000-0x000000600000 : "NAND simulator partition 5"
[   16.674395] 0x000000600000-0x000000700000 : "NAND simulator partition 6"
[   16.676087] 0x000000700000-0x000000800000 : "NAND simulator partition 7"
[   16.677447] 0x000000800000-0x000000900000 : "NAND simulator partition 8"
[   16.678903] 0x000000900000-0x000000a00000 : "NAND simulator partition 9"
[   16.680318] 0x000000a00000-0x000008000000 : "NAND simulator partition 10"
[   16.686201] tun: Universal TUN/TAP device driver, 1.6
[   16.686355] tun: (C) 1999-2004 Max Krasnyansky <maxk@qualcomm.com>
[   25.498409] PPP generic driver version 2.4.2
[   25.499291] PPP BSD Compression module registered
[   25.499478] PPP Deflate Compression module registered
[   25.499740] PPP MPPE Compression module registered
[   25.499879] NET: Registered protocol family 24
[   25.500234] PPTP driver version 0.8.5
[   25.501282] cfg80211: Calling CRDA to update world regulatory domain
[   26.790181] usbcore: registered new interface driver usb-storage
[   26.793899] rtc-pl031 9010000.pl031: rtc core: registered pl031 as rtc0
[   26.794788] hidraw: raw HID events driver (C) Jiri Kosina
[   26.795398] usbcore: registered new interface driver usbhid
[   26.795533] usbhid: USB HID core driver
[   26.796029] Netfilter messages via NETLINK v0.30.
[   26.796706] nf_conntrack version 0.5.0 (3958 buckets, 15832 max)
[   26.798316] ctnetlink v0.93: registering with nfnetlink.
[   26.799875] ipip: IPv4 over IPv4 tunneling driver
[   26.802057] gre: GRE over IPv4 demultiplexor driver
[   26.802225] ip_gre: GRE over IPv4 tunneling driver
[   26.807036] ip_tables: (C) 2000-2006 Netfilter Core Team
[   26.808782] arp_tables: (C) 2002 David S. Miller
[   26.809880] Initializing XFRM netlink socket
[   26.810438] NET: Registered protocol family 10
[   29.810747] cfg80211: Calling CRDA to update world regulatory domain
[   29.815545] ip6_tables: (C) 2000-2006 Netfilter Core Team
[   29.817415] sit: IPv6 over IPv4 tunneling driver
[   29.821477] NET: Registered protocol family 17
[   29.822216] bridge: automatic filtering via arp/ip/ip6tables has been deprecated. Update your scripts to load br_netfilter if you need this.
[   29.822573] Bridge firewalling registered
[   29.822728] Ebtables v2.0 registered
[   29.824153] 8021q: 802.1Q VLAN Support v1.8
[   29.824841] Registering SWP/SWPB emulation handler
[   29.827831] rtc-pl031 9010000.pl031: setting system clock to 2018-07-19 13:48:05 UTC (1532008085)
[   29.839223] EXT4-fs (vda1): couldn't mount as ext3 due to feature incompatibilities
[   29.840874] EXT4-fs (vda1): mounting ext2 file system using the ext4 subsystem
[   29.853812] EXT4-fs (vda1): mounted filesystem without journal. Opts: (null)
[   29.854975] VFS: Mounted root (ext2 filesystem) on device 254:1.
[   29.873829] Freeing unused kernel memory: 180K (c05c7000 - c05f4000)
[   34.092906] cfg80211: Calling CRDA to update world regulatory domain
[   34.131240] random: init urandom read with 3 bits of entropy available
err: /dev/cfgnvram
err: /dev/cfgnvram
err: /dev/cfgnvram
err: /dev/cfgnvram
err: /dev/cfgnvram
err: /dev/cfgnvram
err: /dev/cfgnvram
err: /dev/cfgnvram
err: /dev/cfgnvram
err: /dev/cfgnvram
[   38.767189] cfg80211: Calling CRDA to update world regulatory domain
[   38.767654] Kernel panic - not syncing: Attempted to kill init! exitcode=0x00001600
[   38.767654] 
[   38.767910] CPU: 0 PID: 1 Comm: init Tainted: G        W       4.1.17+ #1
[   38.768063] Hardware name: Generic DT based system
[   38.768256] [<c001c99c>] (unwind_backtrace) from [<c0019d30>] (show_stack+0x10/0x14)
[   38.768503] [<c0019d30>] (show_stack) from [<c0410b78>] (panic+0x70/0x1c8)
[   38.768680] [<c0410b78>] (panic) from [<c0025714>] (do_exit+0x3c0/0x774)
[   38.768827] [<c0025714>] (do_exit) from [<c0026718>] (do_group_exit+0x0/0xa8)
[   38.768978] [<c0026718>] (do_group_exit) from [<c0016d00>] (ret_fast_syscall+0x0/0x3c)
[   38.769363] ---[ end Kernel panic - not syncing: Attempted to kill init! exitcode=0x00001600
[   38.769363] 
Starting firmware emulation... use Ctrl-a + x to exit
qemu-system-arm: terminating on signal 2 from pid 147453 (timeout)
[    0.000000] Booting Linux on physical CPU 0x0
[    0.000000] Linux version 4.1.17+ (vagrant@vagrant-ubuntu-trusty-64) (gcc version 5.3.0 (GCC) ) #1 Thu Feb 18 01:05:21 UTC 2016
[    0.000000] CPU: ARMv7 Processor [412fc0f1] revision 1 (ARMv7), cr=10c5387d
[    0.000000] CPU: PIPT / VIPT nonaliasing data cache, PIPT instruction cache
[    0.000000] Machine model: linux,dummy-virt
[    0.000000] debug: ignoring loglevel setting.
[    0.000000] Memory policy: Data cache writeback
[    0.000000] On node 0 totalpages: 65536
[    0.000000] free_area_init_node: node 0, pgdat c061dfe8, node_mem_map cfdf9000
[    0.000000]   Normal zone: 512 pages used for memmap
[    0.000000]   Normal zone: 0 pages reserved
[    0.000000]   Normal zone: 65536 pages, LIFO batch:15
[    0.000000] psci: probing for conduit method from DT.
[    0.000000] psci: PSCIv0.2 detected in firmware.
[    0.000000] psci: Using standard PSCI v0.2 function IDs
[    0.000000] CPU: All CPU(s) started in SVC mode.
[    0.000000] pcpu-alloc: s0 r0 d32768 u32768 alloc=1*32768
[    0.000000] pcpu-alloc: [0] 0 
[    0.000000] Built 1 zonelists in Zone order, mobility grouping on.  Total pages: 65024
[    0.000000] Kernel command line: root=/dev/vda1 console=ttyS0 nandsim.parts=64,64,64,64,64,64,64,64,64,64 rdinit=/firmadyne/preInit.sh rw debug ignore_loglevel print-fatal-signals=1 user_debug=31 firmadyne.syscall=0
[    0.000000] PID hash table entries: 1024 (order: 0, 4096 bytes)
[    0.000000] Dentry cache hash table entries: 32768 (order: 5, 131072 bytes)
[    0.000000] Inode-cache hash table entries: 16384 (order: 4, 65536 bytes)
[    0.000000] Memory: 253340K/262144K available (4297K kernel code, 170K rwdata, 1584K rodata, 180K init, 148K bss, 8804K reserved, 0K cma-reserved)
[    0.000000] Virtual kernel memory layout:
[    0.000000]     vector  : 0xffff0000 - 0xffff1000   (   4 kB)
[    0.000000]     fixmap  : 0xffc00000 - 0xfff00000   (3072 kB)
[    0.000000]     vmalloc : 0xd0800000 - 0xff000000   ( 744 MB)
[    0.000000]     lowmem  : 0xc0000000 - 0xd0000000   ( 256 MB)
[    0.000000]     modules : 0xbf000000 - 0xc0000000   (  16 MB)
[    0.000000]       .text : 0xc0008000 - 0xc05c67bc   (5882 kB)
[    0.000000]       .init : 0xc05c7000 - 0xc05f4000   ( 180 kB)
[    0.000000]       .data : 0xc05f4000 - 0xc061e840   ( 171 kB)
[    0.000000]        .bss : 0xc0621000 - 0xc06462d4   ( 149 kB)
[    0.000000] NR_IRQS:16 nr_irqs:16 16
[    0.000000] Architected cp15 timer(s) running at 62.50MHz (virt).
[    0.000000] clocksource arch_sys_counter: mask: 0xffffffffffffff max_cycles: 0x1cd42e208c, max_idle_ns: 881590405314 ns
[    0.000157] sched_clock: 56 bits at 62MHz, resolution 16ns, wraps every 4398046511096ns
[    0.000300] Switching to timer-based delay loop, resolution 16ns
[    0.003408] Console: colour dummy device 80x30
[    0.003749] Calibrating delay loop (skipped), value calculated using timer frequency.. 125.00 BogoMIPS (lpj=625000)
[    0.003890] pid_max: default: 32768 minimum: 301
[    0.004820] Mount-cache hash table entries: 1024 (order: 0, 4096 bytes)
[    0.004873] Mountpoint-cache hash table entries: 1024 (order: 0, 4096 bytes)
[    0.408464] CPU: Testing write buffer coherency: ok
[    0.415073] Setting up static identity map for 0x40008240 - 0x40008298
[    0.430731] VFP support v0.3: implementor 41 architecture 4 part 30 variant f rev 0
[    0.604012] clocksource jiffies: mask: 0xffffffff max_cycles: 0xffffffff, max_idle_ns: 19112604462750000 ns
[    0.613451] NET: Registered protocol family 16
[    0.616872] DMA: preallocated 256 KiB pool for atomic coherent allocations
[    0.621162] cpuidle: using governor ladder
[    0.621328] cpuidle: using governor menu
[    0.642416] Serial: AMBA PL011 UART driver
[    0.644657] 9000000.pl011: ttyS0 at MMIO 0x9000000 (irq = 54, base_baud = 0) is a PL011 rev1
[    0.652454] console [ttyS0] enabled
[    1.442883] vgaarb: loaded
[    1.444448] SCSI subsystem initialized
[    1.445509] usbcore: registered new interface driver usbfs
[    1.445869] usbcore: registered new interface driver hub
[    1.446287] usbcore: registered new device driver usb
[    1.455264] cfg80211: Calling CRDA to update world regulatory domain
[    1.457673] Switched to clocksource arch_sys_counter
[    1.475111] NET: Registered protocol family 2
[    1.480373] TCP established hash table entries: 2048 (order: 1, 8192 bytes)
[    1.480635] TCP bind hash table entries: 2048 (order: 1, 8192 bytes)
[    1.480948] TCP: Hash tables configured (established 2048 bind 2048)
[    1.481479] UDP hash table entries: 256 (order: 0, 4096 bytes)
[    1.481728] UDP-Lite hash table entries: 256 (order: 0, 4096 bytes)
[    1.483164] NET: Registered protocol family 1
[    1.483609] PCI: CLS 0 bytes, default 64
[    1.490771] NetWinder Floating Point Emulator V0.97 (extended precision)
[    1.493355] futex hash table entries: 256 (order: -1, 3072 bytes)
[    4.659867] cfg80211: Calling CRDA to update world regulatory domain
[    4.663684] squashfs: version 4.0 (2009/01/31) Phillip Lougher
[    4.665122] jffs2: version 2.2. (NAND) © 2001-2006 Red Hat, Inc.
[    4.665968] romfs: ROMFS MTD (C) 2007 Red Hat, Inc.
[    4.674702] Block layer SCSI generic (bsg) driver version 0.4 loaded (major 253)
[    4.675034] io scheduler noop registered
[    4.675272] io scheduler cfq registered (default)
[    4.675968] firmadyne: devfs: 1, execute: 1, procfs: 1, syscall: 0
[    4.677348] ------------[ cut here ]------------
[    4.677674] WARNING: CPU: 0 PID: 1 at /home/vagrant/firmadyne-kernel/kernel-v4.1/fs/sysfs/dir.c:31 sysfs_warn_dup+0x50/0x6c()
[    4.677934] sysfs: cannot create duplicate filename '/class/gpio'
[    4.678102] Modules linked in:
[    4.678431] CPU: 0 PID: 1 Comm: swapper Not tainted 4.1.17+ #1
[    4.678576] Hardware name: Generic DT based system
[    4.679332] [<c001c99c>] (unwind_backtrace) from [<c0019d30>] (show_stack+0x10/0x14)
[    4.679614] [<c0019d30>] (show_stack) from [<c0024ab4>] (warn_slowpath_common+0x80/0xa8)
[    4.679839] [<c0024ab4>] (warn_slowpath_common) from [<c0024b08>] (warn_slowpath_fmt+0x2c/0x3c)
[    4.680110] [<c0024b08>] (warn_slowpath_fmt) from [<c00e363c>] (sysfs_warn_dup+0x50/0x6c)
[    4.680304] [<c00e363c>] (sysfs_warn_dup) from [<c00e3714>] (sysfs_create_dir_ns+0x74/0x84)
[    4.680502] [<c00e3714>] (sysfs_create_dir_ns) from [<c018e6ac>] (kobject_add_internal+0xb8/0x2ac)
[    4.680702] [<c018e6ac>] (kobject_add_internal) from [<c018e9a8>] (kset_register+0x1c/0x44)
[    4.680910] [<c018e9a8>] (kset_register) from [<c02090b4>] (__class_register+0xa8/0x198)
[    4.681092] [<c02090b4>] (__class_register) from [<c02091e4>] (__class_create+0x40/0x70)
[    4.681266] [<c02091e4>] (__class_create) from [<c01adf68>] (register_devfs_stubs+0x314/0xbb4)
[    4.681467] [<c01adf68>] (register_devfs_stubs) from [<c05d9b08>] (init_module+0x28/0xa4)
[    4.681682] [<c05d9b08>] (init_module) from [<c0009670>] (do_one_initcall+0x104/0x1b4)
[    4.681865] [<c0009670>] (do_one_initcall) from [<c05c7d08>] (kernel_init_freeable+0xf0/0x1b0)
[    4.682070] [<c05c7d08>] (kernel_init_freeable) from [<c040f28c>] (kernel_init+0x8/0xe4)
[    4.682251] [<c040f28c>] (kernel_init) from [<c0016da8>] (ret_from_fork+0x14/0x2c)
[    4.682512] ---[ end trace 1072a4ce802a267a ]---
[    4.682710] ------------[ cut here ]------------
[    4.682825] WARNING: CPU: 0 PID: 1 at /home/vagrant/firmadyne-kernel/kernel-v4.1/lib/kobject.c:240 kobject_add_internal+0x240/0x2ac()
[    4.683053] kobject_add_internal failed for gpio with -EEXIST, don't try to register things with the same name in the same directory.
[    4.683268] Modules linked in:
[    4.683409] CPU: 0 PID: 1 Comm: swapper Tainted: G        W       4.1.17+ #1
[    4.683551] Hardware name: Generic DT based system
[    4.683671] [<c001c99c>] (unwind_backtrace) from [<c0019d30>] (show_stack+0x10/0x14)
[    4.683837] [<c0019d30>] (show_stack) from [<c0024ab4>] (warn_slowpath_common+0x80/0xa8)
[    4.684025] [<c0024ab4>] (warn_slowpath_common) from [<c0024b08>] (warn_slowpath_fmt+0x2c/0x3c)
[    4.684211] [<c0024b08>] (warn_slowpath_fmt) from [<c018e834>] (kobject_add_internal+0x240/0x2ac)
[    4.684407] [<c018e834>] (kobject_add_internal) from [<c018e9a8>] (kset_register+0x1c/0x44)
[    4.684583] [<c018e9a8>] (kset_register) from [<c02090b4>] (__class_register+0xa8/0x198)
[    4.684753] [<c02090b4>] (__class_register) from [<c02091e4>] (__class_create+0x40/0x70)
[    4.684923] [<c02091e4>] (__class_create) from [<c01adf68>] (register_devfs_stubs+0x314/0xbb4)
[    4.685104] [<c01adf68>] (register_devfs_stubs) from [<c05d9b08>] (init_module+0x28/0xa4)
[    4.685276] [<c05d9b08>] (init_module) from [<c0009670>] (do_one_initcall+0x104/0x1b4)
[    4.685444] [<c0009670>] (do_one_initcall) from [<c05c7d08>] (kernel_init_freeable+0xf0/0x1b0)
[    4.685622] [<c05c7d08>] (kernel_init_freeable) from [<c040f28c>] (kernel_init+0x8/0xe4)
[    4.685787] [<c040f28c>] (kernel_init) from [<c0016da8>] (ret_from_fork+0x14/0x2c)
[    4.685954] ---[ end trace 1072a4ce802a267b ]---
[    4.686120] firmadyne: Cannot create device class: gpio!
[    4.687913] firmadyne: Cannot register character device: watchdog, 0xa, 0x82!
[    4.688106] firmadyne: Cannot register character device: wdt, 0xfd, 0x0!
[    4.768862] PCI host bridge /pcie@10000000 ranges:
[    4.769458]    IO 0x3eff0000..0x3effffff -> 0x00000000
[    4.769832]   MEM 0x10000000..0x3efeffff -> 0x10000000
[    4.769968]   MEM 0x8000000000..0xffffffffff -> 0x8000000000
[    4.770630] pci-host-generic 3f000000.pcie: resource collision: [mem 0x00000000-0xffffffff] conflicts with /pl011@9000000 [mem 0x09000000-0x09000fff]
[    4.771339] pci-host-generic: probe of 3f000000.pcie failed with error -16
[    4.782650] Non-volatile memory driver v1.3
[    5.790221] brd: module loaded
[    5.800255] loop: module loaded
[   12.675072] cfg80211: Calling CRDA to update world regulatory domain
[   12.679938]  vda: vda1
[   12.691971] 0.flash: Found 2 x16 devices at 0x0 in 32-bit bank. Manufacturer ID 0x000000 Chip ID 0x000000
[   12.692611] Intel/Sharp Extended Query Table at 0x0031
[   12.694957] Using buffer write method
[   12.695379] erase region 0: offset=0x0,size=0x40000,blocks=256
[   12.702705] 0.flash: Found 2 x16 devices at 0x0 in 32-bit bank. Manufacturer ID 0x000000 Chip ID 0x000000
[   12.702936] Intel/Sharp Extended Query Table at 0x0031
[   12.703685] Using buffer write method
[   12.703805] erase region 0: offset=0x0,size=0x40000,blocks=256
[   12.704014] Concatenating MTD devices:
[   12.704124] (0): "0.flash"
[   12.704199] (1): "0.flash"
[   12.704268] into device "0.flash"
[   12.716123] [nandsim] warning: read_byte: unexpected data output cycle, state is STATE_READY return 0x0
[   12.716387] [nandsim] warning: read_byte: unexpected data output cycle, state is STATE_READY return 0x0
[   12.716600] [nandsim] warning: read_byte: unexpected data output cycle, state is STATE_READY return 0x0
[   12.716753] [nandsim] warning: read_byte: unexpected data output cycle, state is STATE_READY return 0x0
[   12.716902] [nandsim] warning: read_byte: unexpected data output cycle, state is STATE_READY return 0x0
[   12.717109] [nandsim] warning: read_byte: unexpected data output cycle, state is STATE_READY return 0x0
[   12.717930] nand: device found, Manufacturer ID: 0x98, Chip ID: 0x39
[   12.718117] nand: Toshiba NAND 128MiB 1,8V 8-bit
[   12.718268] nand: 128 MiB, SLC, erase size: 16 KiB, page size: 512, OOB size: 16
[   12.719219] flash size: 128 MiB
[   12.719304] page size: 512 bytes
[   12.719398] OOB area size: 16 bytes
[   12.719481] sector size: 16 KiB
[   12.719557] pages number: 262144
[   12.719633] pages per sector: 32
[   12.719714] bus width: 8
[   12.719779] bits in sector size: 14
[   12.719860] bits in page size: 9
[   12.719954] bits in OOB size: 4
[   12.720036] flash size with OOB: 135168 KiB
[   12.720130] page address bytes: 4
[   12.720207] sector address bytes: 3
[   12.720289] options: 0x42
[   14.213102] Scanning device for bad blocks
[   14.322215] firmadyne: do_execve: /firmadyne/console
[   14.322440] OFFSETS: offset of pid: 0x190 offset of comm: 0x270
[   14.322946] Creating 11 MTD partitions on "NAND 128MiB 1,8V 8-bit":
[   14.323392] 0x000000000000-0x000000100000 : "NAND simulator partition 0"
[   14.326011] 0x000000100000-0x000000200000 : "NAND simulator partition 1"
[   14.327498] 0x000000200000-0x000000300000 : "NAND simulator partition 2"
[   14.328892] 0x000000300000-0x000000400000 : "NAND simulator partition 3"
[   14.330304] 0x000000400000-0x000000500000 : "NAND simulator partition 4"
[   14.331671] 0x000000500000-0x000000600000 : "NAND simulator partition 5"
[   14.333057] 0x000000600000-0x000000700000 : "NAND simulator partition 6"
[   14.334641] 0x000000700000-0x000000800000 : "NAND simulator partition 7"
[   14.335981] 0x000000800000-0x000000900000 : "NAND simulator partition 8"
[   14.337331] 0x000000900000-0x000000a00000 : "NAND simulator partition 9"
[   14.338936] 0x000000a00000-0x000008000000 : "NAND simulator partition 10"
[   14.344837] tun: Universal TUN/TAP device driver, 1.6
[   14.344971] tun: (C) 1999-2004 Max Krasnyansky <maxk@qualcomm.com>
[   17.462407] PPP generic driver version 2.4.2
[   17.463244] PPP BSD Compression module registered
[   17.463434] PPP Deflate Compression module registered
[   17.463691] PPP MPPE Compression module registered
[   17.463840] NET: Registered protocol family 24
[   17.464215] PPTP driver version 0.8.5
[   17.465431] cfg80211: Calling CRDA to update world regulatory domain
[   17.673331] usbcore: registered new interface driver usb-storage
[   17.676964] rtc-pl031 9010000.pl031: rtc core: registered pl031 as rtc0
[   17.677874] hidraw: raw HID events driver (C) Jiri Kosina
[   17.678444] usbcore: registered new interface driver usbhid
[   17.678581] usbhid: USB HID core driver
[   17.679163] Netfilter messages via NETLINK v0.30.
[   17.679872] nf_conntrack version 0.5.0 (3958 buckets, 15832 max)
[   17.681396] ctnetlink v0.93: registering with nfnetlink.
[   17.682877] ipip: IPv4 over IPv4 tunneling driver
[   17.685024] gre: GRE over IPv4 demultiplexor driver
[   17.685189] ip_gre: GRE over IPv4 tunneling driver
[   19.803878] ip_tables: (C) 2000-2006 Netfilter Core Team
[   19.805765] arp_tables: (C) 2002 David S. Miller
[   19.806892] Initializing XFRM netlink socket
[   19.807639] NET: Registered protocol family 10
[   19.815321] ip6_tables: (C) 2000-2006 Netfilter Core Team
[   19.817102] sit: IPv6 over IPv4 tunneling driver
[   19.821152] NET: Registered protocol family 17
[   19.821852] bridge: automatic filtering via arp/ip/ip6tables has been deprecated. Update your scripts to load br_netfilter if you need this.
[   19.822227] Bridge firewalling registered
[   19.822387] Ebtables v2.0 registered
[   19.823636] 8021q: 802.1Q VLAN Support v1.8
[   19.824346] Registering SWP/SWPB emulation handler
[   19.827191] rtc-pl031 9010000.pl031: setting system clock to 2018-07-19 13:48:58 UTC (1532008138)
[   19.838592] EXT4-fs (vda1): couldn't mount as ext3 due to feature incompatibilities
[   19.840231] EXT4-fs (vda1): mounting ext2 file system using the ext4 subsystem
[   19.849386] EXT4-fs (vda1): warning: mounting unchecked fs, running e2fsck is recommended
[   19.852278] EXT4-fs (vda1): mounted filesystem without journal. Opts: (null)
[   19.853399] VFS: Mounted root (ext2 filesystem) on device 254:1.
[   19.872886] Freeing unused kernel memory: 180K (c05c7000 - c05f4000)
[   24.058949] cfg80211: Calling CRDA to update world regulatory domain
[   24.108558] random: init urandom read with 2 bits of entropy available
err: /dev/cfgnvram
err: /dev/cfgnvram
err: /dev/cfgnvram
err: /dev/cfgnvram
err: /dev/cfgnvram
err: /dev/cfgnvram
err: /dev/cfgnvram
err: /dev/cfgnvram
err: /dev/cfgnvram
err: /dev/cfgnvram
[   25.825090] Kernel panic - not syncing: Attempted to kill init! exitcode=0x00001600
[   25.825090] 
[   25.825408] CPU: 0 PID: 1 Comm: init Tainted: G        W       4.1.17+ #1
[   25.825550] Hardware name: Generic DT based system
[   25.825750] [<c001c99c>] (unwind_backtrace) from [<c0019d30>] (show_stack+0x10/0x14)
[   25.825947] [<c0019d30>] (show_stack) from [<c0410b78>] (panic+0x70/0x1c8)
[   25.826187] [<c0410b78>] (panic) from [<c0025714>] (do_exit+0x3c0/0x774)
[   25.826375] [<c0025714>] (do_exit) from [<c0026718>] (do_group_exit+0x0/0xa8)
[   25.826538] [<c0026718>] (do_group_exit) from [<c0016d00>] (ret_fast_syscall+0x0/0x3c)
[   25.826941] ---[ end Kernel panic - not syncing: Attempted to kill init! exitcode=0x00001600
[   25.826941] 
