>> Database Image ID: 81

/home/zhumengfan/firmware/firmwares/bdc38f5c2360e088ff0f37c1f1ff9adc9d0c8bd5.bin
>> MD5: f1bbd27600f34e40099899c69b6eb564
>> Tag: 81
>> Temp: /tmp/tmpA1lCzd
>> Status: Kernel: True, Rootfs: False, Do_Kernel: False,                 Do_Rootfs: True
>>>> Squashfs filesystem, little endian, version 4.0, compression:xz, size: 6048342 bytes, 2731 inodes, blocksize: 131072 bytes, created: 2014-07-10 12:02:20
>>>> Found Linux filesystem in /tmp/tmpA1lCzd/_bdc38f5c2360e088ff0f37c1f1ff9adc9d0c8bd5.bin.extracted/squashfs-root!
>> Skipping: completed!
>> Cleaning up /tmp/tmpA1lCzd...
./bin/busybox: armel
Querying database for architecture... armel
----Running----
----Copying Filesystem Tarball----
----Creating QEMU Image----
Formatting '/home/zhumengfan/firmadyne//scratch//81//image.raw', fmt=raw size=1073741824
----Creating Partition Table----

Welcome to fdisk (util-linux 2.27.1).
Changes will remain in memory only, until you decide to write them.
Be careful before using the write command.

Device does not contain a recognized partition table.
Created a new DOS disklabel with disk identifier 0x2f442131.

Command (m for help): Created a new DOS disklabel with disk identifier 0xe4fa2ad0.

Command (m for help): Partition type
   p   primary (0 primary, 0 extended, 4 free)
   e   extended (container for logical partitions)
Select (default p): Partition number (1-4, default 1): First sector (2048-2097151, default 2048): Last sector, +sectors or +size{K,M,G,T,P} (2048-2097151, default 2097151): 
Created a new partition 1 of type 'Linux' and of size 1023 MiB.

Command (m for help): The partition table has been altered.
Syncing disks.

----Mounting QEMU Image----
add map loop0p1 (252:0): 0 2095104 linear 7:0 2048
----Creating Filesystem----
mke2fs 1.42.13 (17-May-2015)
Discarding device blocks:   4096/261888             done                            
Creating filesystem with 261888 4k blocks and 65536 inodes
Filesystem UUID: 33062fb4-4c33-4594-8758-e098b6f01512
Superblock backups stored on blocks: 
	32768, 98304, 163840, 229376

Allocating group tables: 0/8   done                            
Writing inode tables: 0/8   done                            
Writing superblocks and filesystem accounting information: 0/8   done

----Making QEMU Image Mountpoint----
----Mounting QEMU Image Partition 1----
----Extracting Filesystem Tarball----
----Creating FIRMADYNE Directories----
----Patching Filesystem (chroot)----
Creating /etc/TZ!
Creating /etc/hosts!
Warning: Recreating device nodes!
Removing /etc/scripts/sys_resetbutton!
----Setting up FIRMADYNE----
----Unmounting QEMU Image----
loop deleted : /dev/loop0
Querying database for architecture... armel
Running firmware 81: terminating after 60 secs...
qemu-system-arm: terminating on signal 2 from pid 102966 (timeout)
Inferring network...
Interfaces: []
Done!
[    0.000000] Booting Linux on physical CPU 0x0
[    0.000000] Linux version 4.1.17+ (vagrant@vagrant-ubuntu-trusty-64) (gcc version 5.3.0 (GCC) ) #1 Thu Feb 18 01:05:21 UTC 2016
[    0.000000] CPU: ARMv7 Processor [412fc0f1] revision 1 (ARMv7), cr=10c5387d
[    0.000000] CPU: PIPT / VIPT nonaliasing data cache, PIPT instruction cache
[    0.000000] Machine model: linux,dummy-virt
[    0.000000] debug: ignoring loglevel setting.
[    0.000000] Memory policy: Data cache writeback
[    0.000000] On node 0 totalpages: 65536
[    0.000000] free_area_init_node: node 0, pgdat c061dfe8, node_mem_map cfdf9000
[    0.000000]   Normal zone: 512 pages used for memmap
[    0.000000]   Normal zone: 0 pages reserved
[    0.000000]   Normal zone: 65536 pages, LIFO batch:15
[    0.000000] psci: probing for conduit method from DT.
[    0.000000] psci: PSCIv0.2 detected in firmware.
[    0.000000] psci: Using standard PSCI v0.2 function IDs
[    0.000000] CPU: All CPU(s) started in SVC mode.
[    0.000000] pcpu-alloc: s0 r0 d32768 u32768 alloc=1*32768
[    0.000000] pcpu-alloc: [0] 0 
[    0.000000] Built 1 zonelists in Zone order, mobility grouping on.  Total pages: 65024
[    0.000000] Kernel command line: firmadyne.syscall=1 root=/dev/vda1 console=ttyS0 nandsim.parts=64,64,64,64,64,64,64,64,64,64 rdinit=/firmadyne/preInit.sh rw debug ignore_loglevel print-fatal-signals=1 user_debug=31
[    0.000000] PID hash table entries: 1024 (order: 0, 4096 bytes)
[    0.000000] Dentry cache hash table entries: 32768 (order: 5, 131072 bytes)
[    0.000000] Inode-cache hash table entries: 16384 (order: 4, 65536 bytes)
[    0.000000] Memory: 253340K/262144K available (4297K kernel code, 170K rwdata, 1584K rodata, 180K init, 148K bss, 8804K reserved, 0K cma-reserved)
[    0.000000] Virtual kernel memory layout:
[    0.000000]     vector  : 0xffff0000 - 0xffff1000   (   4 kB)
[    0.000000]     fixmap  : 0xffc00000 - 0xfff00000   (3072 kB)
[    0.000000]     vmalloc : 0xd0800000 - 0xff000000   ( 744 MB)
[    0.000000]     lowmem  : 0xc0000000 - 0xd0000000   ( 256 MB)
[    0.000000]     modules : 0xbf000000 - 0xc0000000   (  16 MB)
[    0.000000]       .text : 0xc0008000 - 0xc05c67bc   (5882 kB)
[    0.000000]       .init : 0xc05c7000 - 0xc05f4000   ( 180 kB)
[    0.000000]       .data : 0xc05f4000 - 0xc061e840   ( 171 kB)
[    0.000000]        .bss : 0xc0621000 - 0xc06462d4   ( 149 kB)
[    0.000000] NR_IRQS:16 nr_irqs:16 16
[    0.000000] Architected cp15 timer(s) running at 62.50MHz (virt).
[    0.000000] clocksource arch_sys_counter: mask: 0xffffffffffffff max_cycles: 0x1cd42e208c, max_idle_ns: 881590405314 ns
[    0.000159] sched_clock: 56 bits at 62MHz, resolution 16ns, wraps every 4398046511096ns
[    0.000300] Switching to timer-based delay loop, resolution 16ns
[    0.003416] Console: colour dummy device 80x30
[    0.003749] Calibrating delay loop (skipped), value calculated using timer frequency.. 125.00 BogoMIPS (lpj=625000)
[    0.003882] pid_max: default: 32768 minimum: 301
[    0.004779] Mount-cache hash table entries: 1024 (order: 0, 4096 bytes)
[    0.004817] Mountpoint-cache hash table entries: 1024 (order: 0, 4096 bytes)
[    0.311758] CPU: Testing write buffer coherency: ok
[    0.317865] Setting up static identity map for 0x40008240 - 0x40008298
[    0.332796] VFP support v0.3: implementor 41 architecture 4 part 30 variant f rev 0
[    0.344904] clocksource jiffies: mask: 0xffffffff max_cycles: 0xffffffff, max_idle_ns: 19112604462750000 ns
[    1.776179] NET: Registered protocol family 16
[    1.779409] DMA: preallocated 256 KiB pool for atomic coherent allocations
[    1.783721] cpuidle: using governor ladder
[    1.783881] cpuidle: using governor menu
[    1.804576] Serial: AMBA PL011 UART driver
[    1.806802] 9000000.pl011: ttyS0 at MMIO 0x9000000 (irq = 54, base_baud = 0) is a PL011 rev1
[    1.814552] console [ttyS0] enabled
[    1.837038] vgaarb: loaded
[    2.358170] SCSI subsystem initialized
[    2.359306] usbcore: registered new interface driver usbfs
[    2.359665] usbcore: registered new interface driver hub
[    2.360012] usbcore: registered new device driver usb
[    2.369304] cfg80211: Calling CRDA to update world regulatory domain
[    2.371653] Switched to clocksource arch_sys_counter
[    2.389564] NET: Registered protocol family 2
[    2.394995] TCP established hash table entries: 2048 (order: 1, 8192 bytes)
[    2.395285] TCP bind hash table entries: 2048 (order: 1, 8192 bytes)
[    2.395600] TCP: Hash tables configured (established 2048 bind 2048)
[    2.396162] UDP hash table entries: 256 (order: 0, 4096 bytes)
[    2.396457] UDP-Lite hash table entries: 256 (order: 0, 4096 bytes)
[    2.398016] NET: Registered protocol family 1
[    2.398480] PCI: CLS 0 bytes, default 64
[    2.405767] NetWinder Floating Point Emulator V0.97 (extended precision)
[    2.408420] futex hash table entries: 256 (order: -1, 3072 bytes)
[    2.414340] squashfs: version 4.0 (2009/01/31) Phillip Lougher
[    2.415764] jffs2: version 2.2. (NAND) © 2001-2006 Red Hat, Inc.
[    2.416565] romfs: ROMFS MTD (C) 2007 Red Hat, Inc.
[    7.317195] cfg80211: Calling CRDA to update world regulatory domain
[    7.324548] Block layer SCSI generic (bsg) driver version 0.4 loaded (major 253)
[    7.324874] io scheduler noop registered
[    7.325108] io scheduler cfq registered (default)
[    7.325789] firmadyne: devfs: 1, execute: 1, procfs: 1, syscall: 1
[    7.327105] ------------[ cut here ]------------
[    7.327312] WARNING: CPU: 0 PID: 1 at /home/vagrant/firmadyne-kernel/kernel-v4.1/fs/sysfs/dir.c:31 sysfs_warn_dup+0x50/0x6c()
[    7.327545] sysfs: cannot create duplicate filename '/class/gpio'
[    7.327707] Modules linked in:
[    7.328021] CPU: 0 PID: 1 Comm: swapper Not tainted 4.1.17+ #1
[    7.328162] Hardware name: Generic DT based system
[    7.328846] [<c001c99c>] (unwind_backtrace) from [<c0019d30>] (show_stack+0x10/0x14)
[    7.329123] [<c0019d30>] (show_stack) from [<c0024ab4>] (warn_slowpath_common+0x80/0xa8)
[    7.329326] [<c0024ab4>] (warn_slowpath_common) from [<c0024b08>] (warn_slowpath_fmt+0x2c/0x3c)
[    7.329573] [<c0024b08>] (warn_slowpath_fmt) from [<c00e363c>] (sysfs_warn_dup+0x50/0x6c)
[    7.329757] [<c00e363c>] (sysfs_warn_dup) from [<c00e3714>] (sysfs_create_dir_ns+0x74/0x84)
[    7.329955] [<c00e3714>] (sysfs_create_dir_ns) from [<c018e6ac>] (kobject_add_internal+0xb8/0x2ac)
[    7.330165] [<c018e6ac>] (kobject_add_internal) from [<c018e9a8>] (kset_register+0x1c/0x44)
[    7.330347] [<c018e9a8>] (kset_register) from [<c02090b4>] (__class_register+0xa8/0x198)
[    7.330525] [<c02090b4>] (__class_register) from [<c02091e4>] (__class_create+0x40/0x70)
[    7.330702] [<c02091e4>] (__class_create) from [<c01adf68>] (register_devfs_stubs+0x314/0xbb4)
[    7.330897] [<c01adf68>] (register_devfs_stubs) from [<c05d9b08>] (init_module+0x28/0xa4)
[    7.331117] [<c05d9b08>] (init_module) from [<c0009670>] (do_one_initcall+0x104/0x1b4)
[    7.331294] [<c0009670>] (do_one_initcall) from [<c05c7d08>] (kernel_init_freeable+0xf0/0x1b0)
[    7.331596] [<c05c7d08>] (kernel_init_freeable) from [<c040f28c>] (kernel_init+0x8/0xe4)
[    7.331777] [<c040f28c>] (kernel_init) from [<c0016da8>] (ret_from_fork+0x14/0x2c)
[    7.332043] ---[ end trace 3cd5167f54a90213 ]---
[    7.332245] ------------[ cut here ]------------
[    7.332360] WARNING: CPU: 0 PID: 1 at /home/vagrant/firmadyne-kernel/kernel-v4.1/lib/kobject.c:240 kobject_add_internal+0x240/0x2ac()
[    7.332586] kobject_add_internal failed for gpio with -EEXIST, don't try to register things with the same name in the same directory.
[    7.332804] Modules linked in:
[    7.332944] CPU: 0 PID: 1 Comm: swapper Tainted: G        W       4.1.17+ #1
[    7.333085] Hardware name: Generic DT based system
[    7.333205] [<c001c99c>] (unwind_backtrace) from [<c0019d30>] (show_stack+0x10/0x14)
[    7.333373] [<c0019d30>] (show_stack) from [<c0024ab4>] (warn_slowpath_common+0x80/0xa8)
[    7.333563] [<c0024ab4>] (warn_slowpath_common) from [<c0024b08>] (warn_slowpath_fmt+0x2c/0x3c)
[    7.333748] [<c0024b08>] (warn_slowpath_fmt) from [<c018e834>] (kobject_add_internal+0x240/0x2ac)
[    7.333946] [<c018e834>] (kobject_add_internal) from [<c018e9a8>] (kset_register+0x1c/0x44)
[    7.334122] [<c018e9a8>] (kset_register) from [<c02090b4>] (__class_register+0xa8/0x198)
[    7.334294] [<c02090b4>] (__class_register) from [<c02091e4>] (__class_create+0x40/0x70)
[    7.334466] [<c02091e4>] (__class_create) from [<c01adf68>] (register_devfs_stubs+0x314/0xbb4)
[    7.334651] [<c01adf68>] (register_devfs_stubs) from [<c05d9b08>] (init_module+0x28/0xa4)
[    7.334840] [<c05d9b08>] (init_module) from [<c0009670>] (do_one_initcall+0x104/0x1b4)
[    7.335022] [<c0009670>] (do_one_initcall) from [<c05c7d08>] (kernel_init_freeable+0xf0/0x1b0)
[    7.335201] [<c05c7d08>] (kernel_init_freeable) from [<c040f28c>] (kernel_init+0x8/0xe4)
[    7.335369] [<c040f28c>] (kernel_init) from [<c0016da8>] (ret_from_fork+0x14/0x2c)
[    7.335536] ---[ end trace 3cd5167f54a90214 ]---
[    7.335712] firmadyne: Cannot create device class: gpio!
[    7.337351] firmadyne: Cannot register character device: watchdog, 0xa, 0x82!
[    7.337537] firmadyne: Cannot register character device: wdt, 0xfd, 0x0!
[    7.417552] PCI host bridge /pcie@10000000 ranges:
[    7.418111]    IO 0x3eff0000..0x3effffff -> 0x00000000
[    7.418476]   MEM 0x10000000..0x3efeffff -> 0x10000000
[    7.418610]   MEM 0x8000000000..0xffffffffff -> 0x8000000000
[    7.419271] pci-host-generic 3f000000.pcie: resource collision: [mem 0x00000000-0xffffffff] conflicts with /pl011@9000000 [mem 0x09000000-0x09000fff]
[    7.419974] pci-host-generic: probe of 3f000000.pcie failed with error -16
[    7.431165] Non-volatile memory driver v1.3
[    8.082572] brd: module loaded
[    8.092762] loop: module loaded
[   14.415982] cfg80211: Calling CRDA to update world regulatory domain
[   14.421021]  vda: vda1
[   14.434225] 0.flash: Found 2 x16 devices at 0x0 in 32-bit bank. Manufacturer ID 0x000000 Chip ID 0x000000
[   14.436429] Intel/Sharp Extended Query Table at 0x0031
[   14.437723] Using buffer write method
[   14.438174] erase region 0: offset=0x0,size=0x40000,blocks=256
[   14.446344] 0.flash: Found 2 x16 devices at 0x0 in 32-bit bank. Manufacturer ID 0x000000 Chip ID 0x000000
[   14.446616] Intel/Sharp Extended Query Table at 0x0031
[   14.447459] Using buffer write method
[   14.447585] erase region 0: offset=0x0,size=0x40000,blocks=256
[   14.447850] Concatenating MTD devices:
[   14.447962] (0): "0.flash"
[   14.448037] (1): "0.flash"
[   14.448109] into device "0.flash"
[   14.460823] [nandsim] warning: read_byte: unexpected data output cycle, state is STATE_READY return 0x0
[   14.461186] [nandsim] warning: read_byte: unexpected data output cycle, state is STATE_READY return 0x0
[   14.461757] [nandsim] warning: read_byte: unexpected data output cycle, state is STATE_READY return 0x0
[   14.461965] [nandsim] warning: read_byte: unexpected data output cycle, state is STATE_READY return 0x0
[   14.462193] [nandsim] warning: read_byte: unexpected data output cycle, state is STATE_READY return 0x0
[   14.462372] [nandsim] warning: read_byte: unexpected data output cycle, state is STATE_READY return 0x0
[   14.462837] nand: device found, Manufacturer ID: 0x98, Chip ID: 0x39
[   14.462991] nand: Toshiba NAND 128MiB 1,8V 8-bit
[   14.463119] nand: 128 MiB, SLC, erase size: 16 KiB, page size: 512, OOB size: 16
[   14.464055] flash size: 128 MiB
[   14.464144] page size: 512 bytes
[   14.464223] OOB area size: 16 bytes
[   14.464308] sector size: 16 KiB
[   14.464383] pages number: 262144
[   14.464458] pages per sector: 32
[   14.464533] bus width: 8
[   14.464596] bits in sector size: 14
[   14.464675] bits in page size: 9
[   14.464755] bits in OOB size: 4
[   14.464834] flash size with OOB: 135168 KiB
[   14.464926] page address bytes: 4
[   14.465021] sector address bytes: 3
[   14.465135] options: 0x42
[   16.007197] Scanning device for bad blocks
[   16.117447] firmadyne: do_execve: /firmadyne/console
[   16.117706] OFFSETS: offset of pid: 0x190 offset of comm: 0x270
[   16.118202] Creating 11 MTD partitions on "NAND 128MiB 1,8V 8-bit":
[   16.118628] 0x000000000000-0x000000100000 : "NAND simulator partition 0"
[   16.120955] 0x000000100000-0x000000200000 : "NAND simulator partition 1"
[   16.122609] 0x000000200000-0x000000300000 : "NAND simulator partition 2"
[   16.123997] 0x000000300000-0x000000400000 : "NAND simulator partition 3"
[   16.125427] 0x000000400000-0x000000500000 : "NAND simulator partition 4"
[   16.126834] 0x000000500000-0x000000600000 : "NAND simulator partition 5"
[   16.128254] 0x000000600000-0x000000700000 : "NAND simulator partition 6"
[   16.129950] 0x000000700000-0x000000800000 : "NAND simulator partition 7"
[   16.131381] 0x000000800000-0x000000900000 : "NAND simulator partition 8"
[   16.132968] 0x000000900000-0x000000a00000 : "NAND simulator partition 9"
[   16.134432] 0x000000a00000-0x000008000000 : "NAND simulator partition 10"
[   16.140282] tun: Universal TUN/TAP device driver, 1.6
[   16.140456] tun: (C) 1999-2004 Max Krasnyansky <maxk@qualcomm.com>
[   16.153229] PPP generic driver version 2.4.2
[   16.154081] PPP BSD Compression module registered
[   16.154283] PPP Deflate Compression module registered
[   16.154534] PPP MPPE Compression module registered
[   16.154713] NET: Registered protocol family 24
[   16.155072] PPTP driver version 0.8.5
[   16.156858] usbcore: registered new interface driver usb-storage
[   16.160480] rtc-pl031 9010000.pl031: rtc core: registered pl031 as rtc0
[   16.161350] hidraw: raw HID events driver (C) Jiri Kosina
[   16.162156] usbcore: registered new interface driver usbhid
[   16.162293] usbhid: USB HID core driver
[   16.162797] Netfilter messages via NETLINK v0.30.
[   16.163497] nf_conntrack version 0.5.0 (3958 buckets, 15832 max)
[   16.165033] ctnetlink v0.93: registering with nfnetlink.
[   16.166550] ipip: IPv4 over IPv4 tunneling driver
[   16.168917] gre: GRE over IPv4 demultiplexor driver
[   16.169100] ip_gre: GRE over IPv4 tunneling driver
[   16.174095] ip_tables: (C) 2000-2006 Netfilter Core Team
[   16.175932] arp_tables: (C) 2002 David S. Miller
[   16.177037] Initializing XFRM netlink socket
[   16.177643] NET: Registered protocol family 10
[   16.185342] ip6_tables: (C) 2000-2006 Netfilter Core Team
[   16.187209] sit: IPv6 over IPv4 tunneling driver
[   16.191331] NET: Registered protocol family 17
[   16.192271] bridge: automatic filtering via arp/ip/ip6tables has been deprecated. Update your scripts to load br_netfilter if you need this.
[   16.192644] Bridge firewalling registered
[   16.192796] Ebtables v2.0 registered
[   16.194102] 8021q: 802.1Q VLAN Support v1.8
[   16.194809] Registering SWP/SWPB emulation handler
[   16.197915] rtc-pl031 9010000.pl031: setting system clock to 2018-07-19 11:09:32 UTC (1531998572)
[   16.209254] EXT4-fs (vda1): couldn't mount as ext3 due to feature incompatibilities
[   16.211127] EXT4-fs (vda1): mounting ext2 file system using the ext4 subsystem
[   16.224084] EXT4-fs (vda1): mounted filesystem without journal. Opts: (null)
[   16.225295] VFS: Mounted root (ext2 filesystem) on device 254:1.
[   16.244744] Freeing unused kernel memory: 180K (c05c7000 - c05f4000)
[   16.298117] random: init urandom read with 3 bits of entropy available
err: /dev/cfgnvram
err: /dev/cfgnvram
err: /dev/cfgnvram
err: /dev/cfgnvram
err: /dev/cfgnvram
err: /dev/cfgnvram
err: /dev/cfgnvram
err: /dev/cfgnvram
err: /dev/cfgnvram
err: /dev/cfgnvram
[   16.324427] Kernel panic - not syncing: Attempted to kill init! exitcode=0x00001600
[   16.324427] 
[   16.324715] CPU: 0 PID: 1 Comm: init Tainted: G        W       4.1.17+ #1
[   16.324856] Hardware name: Generic DT based system
[   16.325021] [<c001c99c>] (unwind_backtrace) from [<c0019d30>] (show_stack+0x10/0x14)
[   16.325219] [<c0019d30>] (show_stack) from [<c0410b78>] (panic+0x70/0x1c8)
[   16.325376] [<c0410b78>] (panic) from [<c0025714>] (do_exit+0x3c0/0x774)
[   16.325525] [<c0025714>] (do_exit) from [<c0026718>] (do_group_exit+0x0/0xa8)
[   16.325716] [<c0026718>] (do_group_exit) from [<c0016d00>] (ret_fast_syscall+0x0/0x3c)
[   16.326138] ---[ end Kernel panic - not syncing: Attempted to kill init! exitcode=0x00001600
[   16.326138] 
Starting firmware emulation... use Ctrl-a + x to exit
qemu-system-arm: terminating on signal 2 from pid 103165 (timeout)
[    0.000000] Booting Linux on physical CPU 0x0
[    0.000000] Linux version 4.1.17+ (vagrant@vagrant-ubuntu-trusty-64) (gcc version 5.3.0 (GCC) ) #1 Thu Feb 18 01:05:21 UTC 2016
[    0.000000] CPU: ARMv7 Processor [412fc0f1] revision 1 (ARMv7), cr=10c5387d
[    0.000000] CPU: PIPT / VIPT nonaliasing data cache, PIPT instruction cache
[    0.000000] Machine model: linux,dummy-virt
[    0.000000] debug: ignoring loglevel setting.
[    0.000000] Memory policy: Data cache writeback
[    0.000000] On node 0 totalpages: 65536
[    0.000000] free_area_init_node: node 0, pgdat c061dfe8, node_mem_map cfdf9000
[    0.000000]   Normal zone: 512 pages used for memmap
[    0.000000]   Normal zone: 0 pages reserved
[    0.000000]   Normal zone: 65536 pages, LIFO batch:15
[    0.000000] psci: probing for conduit method from DT.
[    0.000000] psci: PSCIv0.2 detected in firmware.
[    0.000000] psci: Using standard PSCI v0.2 function IDs
[    0.000000] CPU: All CPU(s) started in SVC mode.
[    0.000000] pcpu-alloc: s0 r0 d32768 u32768 alloc=1*32768
[    0.000000] pcpu-alloc: [0] 0 
[    0.000000] Built 1 zonelists in Zone order, mobility grouping on.  Total pages: 65024
[    0.000000] Kernel command line: root=/dev/vda1 console=ttyS0 nandsim.parts=64,64,64,64,64,64,64,64,64,64 rdinit=/firmadyne/preInit.sh rw debug ignore_loglevel print-fatal-signals=1 user_debug=31 firmadyne.syscall=0
[    0.000000] PID hash table entries: 1024 (order: 0, 4096 bytes)
[    0.000000] Dentry cache hash table entries: 32768 (order: 5, 131072 bytes)
[    0.000000] Inode-cache hash table entries: 16384 (order: 4, 65536 bytes)
[    0.000000] Memory: 253340K/262144K available (4297K kernel code, 170K rwdata, 1584K rodata, 180K init, 148K bss, 8804K reserved, 0K cma-reserved)
[    0.000000] Virtual kernel memory layout:
[    0.000000]     vector  : 0xffff0000 - 0xffff1000   (   4 kB)
[    0.000000]     fixmap  : 0xffc00000 - 0xfff00000   (3072 kB)
[    0.000000]     vmalloc : 0xd0800000 - 0xff000000   ( 744 MB)
[    0.000000]     lowmem  : 0xc0000000 - 0xd0000000   ( 256 MB)
[    0.000000]     modules : 0xbf000000 - 0xc0000000   (  16 MB)
[    0.000000]       .text : 0xc0008000 - 0xc05c67bc   (5882 kB)
[    0.000000]       .init : 0xc05c7000 - 0xc05f4000   ( 180 kB)
[    0.000000]       .data : 0xc05f4000 - 0xc061e840   ( 171 kB)
[    0.000000]        .bss : 0xc0621000 - 0xc06462d4   ( 149 kB)
[    0.000000] NR_IRQS:16 nr_irqs:16 16
[    0.000000] Architected cp15 timer(s) running at 62.50MHz (virt).
[    0.000000] clocksource arch_sys_counter: mask: 0xffffffffffffff max_cycles: 0x1cd42e208c, max_idle_ns: 881590405314 ns
[    0.000158] sched_clock: 56 bits at 62MHz, resolution 16ns, wraps every 4398046511096ns
[    0.000299] Switching to timer-based delay loop, resolution 16ns
[    0.003409] Console: colour dummy device 80x30
[    0.003748] Calibrating delay loop (skipped), value calculated using timer frequency.. 125.00 BogoMIPS (lpj=625000)
[    0.003880] pid_max: default: 32768 minimum: 301
[    0.004834] Mount-cache hash table entries: 1024 (order: 0, 4096 bytes)
[    0.004874] Mountpoint-cache hash table entries: 1024 (order: 0, 4096 bytes)
[    0.014892] CPU: Testing write buffer coherency: ok
[    0.021359] Setting up static identity map for 0x40008240 - 0x40008298
[    0.036352] VFP support v0.3: implementor 41 architecture 4 part 30 variant f rev 0
[    0.048444] clocksource jiffies: mask: 0xffffffff max_cycles: 0xffffffff, max_idle_ns: 19112604462750000 ns
[    0.057863] NET: Registered protocol family 16
[    0.061101] DMA: preallocated 256 KiB pool for atomic coherent allocations
[    0.065437] cpuidle: using governor ladder
[    0.065597] cpuidle: using governor menu
[    0.086451] Serial: AMBA PL011 UART driver
[    0.088678] 9000000.pl011: ttyS0 at MMIO 0x9000000 (irq = 54, base_baud = 0) is a PL011 rev1
[    0.096837] console [ttyS0] enabled
[    0.119941] vgaarb: loaded
[    0.121488] SCSI subsystem initialized
[    0.122583] usbcore: registered new interface driver usbfs
[    0.122973] usbcore: registered new interface driver hub
[    0.123308] usbcore: registered new device driver usb
[    0.132811] cfg80211: Calling CRDA to update world regulatory domain
[    0.135215] Switched to clocksource arch_sys_counter
[    0.153386] NET: Registered protocol family 2
[    0.158903] TCP established hash table entries: 2048 (order: 1, 8192 bytes)
[    0.159192] TCP bind hash table entries: 2048 (order: 1, 8192 bytes)
[    0.159504] TCP: Hash tables configured (established 2048 bind 2048)
[    0.160059] UDP hash table entries: 256 (order: 0, 4096 bytes)
[    0.160339] UDP-Lite hash table entries: 256 (order: 0, 4096 bytes)
[    0.161879] NET: Registered protocol family 1
[    0.162342] PCI: CLS 0 bytes, default 64
[    0.169671] NetWinder Floating Point Emulator V0.97 (extended precision)
[    0.172391] futex hash table entries: 256 (order: -1, 3072 bytes)
[    0.178069] squashfs: version 4.0 (2009/01/31) Phillip Lougher
[    0.179130] jffs2: version 2.2. (NAND) © 2001-2006 Red Hat, Inc.
[    0.179944] romfs: ROMFS MTD (C) 2007 Red Hat, Inc.
[    0.189110] Block layer SCSI generic (bsg) driver version 0.4 loaded (major 253)
[    0.189473] io scheduler noop registered
[    0.189692] io scheduler cfq registered (default)
[    0.190414] firmadyne: devfs: 1, execute: 1, procfs: 1, syscall: 0
[    0.191778] ------------[ cut here ]------------
[    0.191982] WARNING: CPU: 0 PID: 1 at /home/vagrant/firmadyne-kernel/kernel-v4.1/fs/sysfs/dir.c:31 sysfs_warn_dup+0x50/0x6c()
[    0.192253] sysfs: cannot create duplicate filename '/class/gpio'
[    0.192407] Modules linked in:
[    0.192703] CPU: 0 PID: 1 Comm: swapper Not tainted 4.1.17+ #1
[    0.192867] Hardware name: Generic DT based system
[    0.193563] [<c001c99c>] (unwind_backtrace) from [<c0019d30>] (show_stack+0x10/0x14)
[    0.193855] [<c0019d30>] (show_stack) from [<c0024ab4>] (warn_slowpath_common+0x80/0xa8)
[    0.194060] [<c0024ab4>] (warn_slowpath_common) from [<c0024b08>] (warn_slowpath_fmt+0x2c/0x3c)
[    0.194333] [<c0024b08>] (warn_slowpath_fmt) from [<c00e363c>] (sysfs_warn_dup+0x50/0x6c)
[    0.194505] [<c00e363c>] (sysfs_warn_dup) from [<c00e3714>] (sysfs_create_dir_ns+0x74/0x84)
[    0.194678] [<c00e3714>] (sysfs_create_dir_ns) from [<c018e6ac>] (kobject_add_internal+0xb8/0x2ac)
[    0.194896] [<c018e6ac>] (kobject_add_internal) from [<c018e9a8>] (kset_register+0x1c/0x44)
[    0.195275] [<c018e9a8>] (kset_register) from [<c02090b4>] (__class_register+0xa8/0x198)
[    0.195472] [<c02090b4>] (__class_register) from [<c02091e4>] (__class_create+0x40/0x70)
[    0.195664] [<c02091e4>] (__class_create) from [<c01adf68>] (register_devfs_stubs+0x314/0xbb4)
[    0.195886] [<c01adf68>] (register_devfs_stubs) from [<c05d9b08>] (init_module+0x28/0xa4)
[    0.196102] [<c05d9b08>] (init_module) from [<c0009670>] (do_one_initcall+0x104/0x1b4)
[    0.196310] [<c0009670>] (do_one_initcall) from [<c05c7d08>] (kernel_init_freeable+0xf0/0x1b0)
[    0.196486] [<c05c7d08>] (kernel_init_freeable) from [<c040f28c>] (kernel_init+0x8/0xe4)
[    0.196648] [<c040f28c>] (kernel_init) from [<c0016da8>] (ret_from_fork+0x14/0x2c)
[    0.196931] ---[ end trace 0a31d5ab8e9d79b3 ]---
[    0.197130] ------------[ cut here ]------------
[    0.197266] WARNING: CPU: 0 PID: 1 at /home/vagrant/firmadyne-kernel/kernel-v4.1/lib/kobject.c:240 kobject_add_internal+0x240/0x2ac()
[    0.197479] kobject_add_internal failed for gpio with -EEXIST, don't try to register things with the same name in the same directory.
[    0.197709] Modules linked in:
[    0.197868] CPU: 0 PID: 1 Comm: swapper Tainted: G        W       4.1.17+ #1
[    0.198012] Hardware name: Generic DT based system
[    0.198136] [<c001c99c>] (unwind_backtrace) from [<c0019d30>] (show_stack+0x10/0x14)
[    0.198341] [<c0019d30>] (show_stack) from [<c0024ab4>] (warn_slowpath_common+0x80/0xa8)
[    0.198508] [<c0024ab4>] (warn_slowpath_common) from [<c0024b08>] (warn_slowpath_fmt+0x2c/0x3c)
[    0.198683] [<c0024b08>] (warn_slowpath_fmt) from [<c018e834>] (kobject_add_internal+0x240/0x2ac)
[    0.198907] [<c018e834>] (kobject_add_internal) from [<c018e9a8>] (kset_register+0x1c/0x44)
[    0.199087] [<c018e9a8>] (kset_register) from [<c02090b4>] (__class_register+0xa8/0x198)
[    0.199279] [<c02090b4>] (__class_register) from [<c02091e4>] (__class_create+0x40/0x70)
[    0.199442] [<c02091e4>] (__class_create) from [<c01adf68>] (register_devfs_stubs+0x314/0xbb4)
[    0.199616] [<c01adf68>] (register_devfs_stubs) from [<c05d9b08>] (init_module+0x28/0xa4)
[    0.199831] [<c05d9b08>] (init_module) from [<c0009670>] (do_one_initcall+0x104/0x1b4)
[    0.200005] [<c0009670>] (do_one_initcall) from [<c05c7d08>] (kernel_init_freeable+0xf0/0x1b0)
[    0.200207] [<c05c7d08>] (kernel_init_freeable) from [<c040f28c>] (kernel_init+0x8/0xe4)
[    0.200381] [<c040f28c>] (kernel_init) from [<c0016da8>] (ret_from_fork+0x14/0x2c)
[    0.200540] ---[ end trace 0a31d5ab8e9d79b4 ]---
[    0.200712] firmadyne: Cannot create device class: gpio!
[    0.202486] firmadyne: Cannot register character device: watchdog, 0xa, 0x82!
[    0.202656] firmadyne: Cannot register character device: wdt, 0xfd, 0x0!
[    0.285682] PCI host bridge /pcie@10000000 ranges:
[    0.286257]    IO 0x3eff0000..0x3effffff -> 0x00000000
[    0.286623]   MEM 0x10000000..0x3efeffff -> 0x10000000
[    0.286758]   MEM 0x8000000000..0xffffffffff -> 0x8000000000
[    0.287422] pci-host-generic 3f000000.pcie: resource collision: [mem 0x00000000-0xffffffff] conflicts with /pl011@9000000 [mem 0x09000000-0x09000fff]
[    0.288181] pci-host-generic: probe of 3f000000.pcie failed with error -16
[    0.299683] Non-volatile memory driver v1.3
[    0.322675] brd: module loaded
[    0.333010] loop: module loaded
[    0.345722]  vda: vda1
[    0.357923] 0.flash: Found 2 x16 devices at 0x0 in 32-bit bank. Manufacturer ID 0x000000 Chip ID 0x000000
[    0.358589] Intel/Sharp Extended Query Table at 0x0031
[    0.359797] Using buffer write method
[    0.360219] erase region 0: offset=0x0,size=0x40000,blocks=256
[    0.367666] 0.flash: Found 2 x16 devices at 0x0 in 32-bit bank. Manufacturer ID 0x000000 Chip ID 0x000000
[    0.367976] Intel/Sharp Extended Query Table at 0x0031
[    0.368754] Using buffer write method
[    0.368903] erase region 0: offset=0x0,size=0x40000,blocks=256
[    0.369119] Concatenating MTD devices:
[    0.369228] (0): "0.flash"
[    0.369304] (1): "0.flash"
[    0.369409] into device "0.flash"
[    0.381882] [nandsim] warning: read_byte: unexpected data output cycle, state is STATE_READY return 0x0
[    0.382139] [nandsim] warning: read_byte: unexpected data output cycle, state is STATE_READY return 0x0
[    0.382335] [nandsim] warning: read_byte: unexpected data output cycle, state is STATE_READY return 0x0
[    0.382500] [nandsim] warning: read_byte: unexpected data output cycle, state is STATE_READY return 0x0
[    0.382665] [nandsim] warning: read_byte: unexpected data output cycle, state is STATE_READY return 0x0
[    0.382863] [nandsim] warning: read_byte: unexpected data output cycle, state is STATE_READY return 0x0
[    0.383302] nand: device found, Manufacturer ID: 0x98, Chip ID: 0x39
[    0.383450] nand: Toshiba NAND 128MiB 1,8V 8-bit
[    0.383580] nand: 128 MiB, SLC, erase size: 16 KiB, page size: 512, OOB size: 16
[    0.384509] flash size: 128 MiB
[    0.384595] page size: 512 bytes
[    0.384670] OOB area size: 16 bytes
[    0.384750] sector size: 16 KiB
[    0.384839] pages number: 262144
[    0.385552] pages per sector: 32
[    0.385642] bus width: 8
[    0.385713] bits in sector size: 14
[    0.385796] bits in page size: 9
[    0.385878] bits in OOB size: 4
[    0.385960] flash size with OOB: 135168 KiB
[    0.386054] page address bytes: 4
[    0.386131] sector address bytes: 3
[    0.386213] options: 0x42
[    0.390368] Scanning device for bad blocks
[    0.501108] firmadyne: do_execve: /firmadyne/console
[    0.501340] OFFSETS: offset of pid: 0x190 offset of comm: 0x270
[    0.501830] Creating 11 MTD partitions on "NAND 128MiB 1,8V 8-bit":
[    0.502246] 0x000000000000-0x000000100000 : "NAND simulator partition 0"
[    0.504508] 0x000000100000-0x000000200000 : "NAND simulator partition 1"
[    0.506145] 0x000000200000-0x000000300000 : "NAND simulator partition 2"
[    0.507557] 0x000000300000-0x000000400000 : "NAND simulator partition 3"
[    0.509007] 0x000000400000-0x000000500000 : "NAND simulator partition 4"
[    0.510409] 0x000000500000-0x000000600000 : "NAND simulator partition 5"
[    0.511828] 0x000000600000-0x000000700000 : "NAND simulator partition 6"
[    0.513442] 0x000000700000-0x000000800000 : "NAND simulator partition 7"
[    0.514779] 0x000000800000-0x000000900000 : "NAND simulator partition 8"
[    0.516320] 0x000000900000-0x000000a00000 : "NAND simulator partition 9"
[    0.517708] 0x000000a00000-0x000008000000 : "NAND simulator partition 10"
[    0.523388] tun: Universal TUN/TAP device driver, 1.6
[    0.523526] tun: (C) 1999-2004 Max Krasnyansky <maxk@qualcomm.com>
[    0.535427] PPP generic driver version 2.4.2
[    0.536235] PPP BSD Compression module registered
[    0.536420] PPP Deflate Compression module registered
[    0.536675] PPP MPPE Compression module registered
[    0.536825] NET: Registered protocol family 24
[    0.537142] PPTP driver version 0.8.5
[    0.538791] usbcore: registered new interface driver usb-storage
[    0.542138] rtc-pl031 9010000.pl031: rtc core: registered pl031 as rtc0
[    0.542890] hidraw: raw HID events driver (C) Jiri Kosina
[    0.543441] usbcore: registered new interface driver usbhid
[    0.543577] usbhid: USB HID core driver
[    0.544042] Netfilter messages via NETLINK v0.30.
[    0.544703] nf_conntrack version 0.5.0 (3958 buckets, 15832 max)
[    0.546308] ctnetlink v0.93: registering with nfnetlink.
[    0.547772] ipip: IPv4 over IPv4 tunneling driver
[    0.549909] gre: GRE over IPv4 demultiplexor driver
[    0.550079] ip_gre: GRE over IPv4 tunneling driver
[    0.554645] ip_tables: (C) 2000-2006 Netfilter Core Team
[    0.556536] arp_tables: (C) 2002 David S. Miller
[    0.557605] Initializing XFRM netlink socket
[    0.558128] NET: Registered protocol family 10
[    0.565357] ip6_tables: (C) 2000-2006 Netfilter Core Team
[    0.567108] sit: IPv6 over IPv4 tunneling driver
[    0.570931] NET: Registered protocol family 17
[    0.571599] bridge: automatic filtering via arp/ip/ip6tables has been deprecated. Update your scripts to load br_netfilter if you need this.
[    0.571961] Bridge firewalling registered
[    0.572112] Ebtables v2.0 registered
[    0.573317] 8021q: 802.1Q VLAN Support v1.8
[    0.573964] Registering SWP/SWPB emulation handler
[    0.576913] rtc-pl031 9010000.pl031: setting system clock to 2018-07-19 11:09:39 UTC (1531998579)
[    0.587287] EXT4-fs (vda1): couldn't mount as ext3 due to feature incompatibilities
[    0.589469] EXT4-fs (vda1): mounting ext2 file system using the ext4 subsystem
[    0.597841] EXT4-fs (vda1): warning: mounting unchecked fs, running e2fsck is recommended
[    0.600771] EXT4-fs (vda1): mounted filesystem without journal. Opts: (null)
[    0.601894] VFS: Mounted root (ext2 filesystem) on device 254:1.
[    0.620148] Freeing unused kernel memory: 180K (c05c7000 - c05f4000)
[    0.672439] random: init urandom read with 3 bits of entropy available
err: /dev/cfgnvram
err: /dev/cfgnvram
err: /dev/cfgnvram
err: /dev/cfgnvram
err: /dev/cfgnvram
err: /dev/cfgnvram
err: /dev/cfgnvram
err: /dev/cfgnvram
err: /dev/cfgnvram
err: /dev/cfgnvram
[    0.698373] Kernel panic - not syncing: Attempted to kill init! exitcode=0x00001600
[    0.698373] 
[    0.698626] CPU: 0 PID: 1 Comm: init Tainted: G        W       4.1.17+ #1
[    0.698757] Hardware name: Generic DT based system
[    0.698940] [<c001c99c>] (unwind_backtrace) from [<c0019d30>] (show_stack+0x10/0x14)
[    0.699119] [<c0019d30>] (show_stack) from [<c0410b78>] (panic+0x70/0x1c8)
[    0.699295] [<c0410b78>] (panic) from [<c0025714>] (do_exit+0x3c0/0x774)
[    0.699431] [<c0025714>] (do_exit) from [<c0026718>] (do_group_exit+0x0/0xa8)
[    0.699575] [<c0026718>] (do_group_exit) from [<c0016d00>] (ret_fast_syscall+0x0/0x3c)
[    0.700022] ---[ end Kernel panic - not syncing: Attempted to kill init! exitcode=0x00001600
[    0.700022] 
