>> Database Image ID: 34

/home/zhumengfan/firmware/firmwares/1d1da43b12afb2c8c90618160809576ae98e15e4.bin
>> MD5: 68e5b47b4d8a53a466c5d6c5b6c4317e
>> Tag: 34
>> Temp: /tmp/tmpZkf8EC
>> Status: Kernel: True, Rootfs: False, Do_Kernel: False,                 Do_Rootfs: True
>>>> Squashfs filesystem, little endian, version 4.0, compression:gzip, size: 3813630 bytes, 598 inodes, blocksize: 131072 bytes, created: 2014-06-17 01:02:55
>>>> Found Linux filesystem in /tmp/tmpZkf8EC/_1d1da43b12afb2c8c90618160809576ae98e15e4.bin.extracted/squashfs-root!
>> Skipping: completed!
>> Cleaning up /tmp/tmpZkf8EC...
./bin/busybox: armel
Querying database for architecture... armel
----Running----
----Copying Filesystem Tarball----
----Creating QEMU Image----
Formatting '/home/zhumengfan/firmadyne//scratch//34//image.raw', fmt=raw size=1073741824
----Creating Partition Table----

Welcome to fdisk (util-linux 2.27.1).
Changes will remain in memory only, until you decide to write them.
Be careful before using the write command.

Device does not contain a recognized partition table.
Created a new DOS disklabel with disk identifier 0x03402a2a.

Command (m for help): Created a new DOS disklabel with disk identifier 0x0eece6e5.

Command (m for help): Partition type
   p   primary (0 primary, 0 extended, 4 free)
   e   extended (container for logical partitions)
Select (default p): Partition number (1-4, default 1): First sector (2048-2097151, default 2048): Last sector, +sectors or +size{K,M,G,T,P} (2048-2097151, default 2097151): 
Created a new partition 1 of type 'Linux' and of size 1023 MiB.

Command (m for help): The partition table has been altered.
Syncing disks.

----Mounting QEMU Image----
add map loop0p1 (252:0): 0 2095104 linear 7:0 2048
----Creating Filesystem----
mke2fs 1.42.13 (17-May-2015)
Discarding device blocks:   4096/261888             done                            
Creating filesystem with 261888 4k blocks and 65536 inodes
Filesystem UUID: 6bc51c55-2488-471e-8562-084f93674665
Superblock backups stored on blocks: 
	32768, 98304, 163840, 229376

Allocating group tables: 0/8   done                            
Writing inode tables: 0/8   done                            
Writing superblocks and filesystem accounting information: 0/8   done

----Making QEMU Image Mountpoint----
----Mounting QEMU Image Partition 1----
----Extracting Filesystem Tarball----
----Creating FIRMADYNE Directories----
----Patching Filesystem (chroot)----
Creating /etc/TZ!
Creating /etc/hosts!
Creating /etc/passwd!
Warning: Recreating device nodes!
Removing /etc/scripts/sys_resetbutton!
----Setting up FIRMADYNE----
----Unmounting QEMU Image----
loop deleted : /dev/loop0
Querying database for architecture... armel
Running firmware 34: terminating after 60 secs...
qemu-system-arm: terminating on signal 2 from pid 77305 (timeout)
Inferring network...
Interfaces: []
Done!
[    0.000000] Booting Linux on physical CPU 0x0
[    0.000000] Linux version 4.1.17+ (vagrant@vagrant-ubuntu-trusty-64) (gcc version 5.3.0 (GCC) ) #1 Thu Feb 18 01:05:21 UTC 2016
[    0.000000] CPU: ARMv7 Processor [412fc0f1] revision 1 (ARMv7), cr=10c5387d
[    0.000000] CPU: PIPT / VIPT nonaliasing data cache, PIPT instruction cache
[    0.000000] Machine model: linux,dummy-virt
[    0.000000] debug: ignoring loglevel setting.
[    0.000000] Memory policy: Data cache writeback
[    0.000000] On node 0 totalpages: 65536
[    0.000000] free_area_init_node: node 0, pgdat c061dfe8, node_mem_map cfdf9000
[    0.000000]   Normal zone: 512 pages used for memmap
[    0.000000]   Normal zone: 0 pages reserved
[    0.000000]   Normal zone: 65536 pages, LIFO batch:15
[    0.000000] psci: probing for conduit method from DT.
[    0.000000] psci: PSCIv0.2 detected in firmware.
[    0.000000] psci: Using standard PSCI v0.2 function IDs
[    0.000000] CPU: All CPU(s) started in SVC mode.
[    0.000000] pcpu-alloc: s0 r0 d32768 u32768 alloc=1*32768
[    0.000000] pcpu-alloc: [0] 0 
[    0.000000] Built 1 zonelists in Zone order, mobility grouping on.  Total pages: 65024
[    0.000000] Kernel command line: firmadyne.syscall=1 root=/dev/vda1 console=ttyS0 nandsim.parts=64,64,64,64,64,64,64,64,64,64 rdinit=/firmadyne/preInit.sh rw debug ignore_loglevel print-fatal-signals=1 user_debug=31
[    0.000000] PID hash table entries: 1024 (order: 0, 4096 bytes)
[    0.000000] Dentry cache hash table entries: 32768 (order: 5, 131072 bytes)
[    0.000000] Inode-cache hash table entries: 16384 (order: 4, 65536 bytes)
[    0.000000] Memory: 253340K/262144K available (4297K kernel code, 170K rwdata, 1584K rodata, 180K init, 148K bss, 8804K reserved, 0K cma-reserved)
[    0.000000] Virtual kernel memory layout:
[    0.000000]     vector  : 0xffff0000 - 0xffff1000   (   4 kB)
[    0.000000]     fixmap  : 0xffc00000 - 0xfff00000   (3072 kB)
[    0.000000]     vmalloc : 0xd0800000 - 0xff000000   ( 744 MB)
[    0.000000]     lowmem  : 0xc0000000 - 0xd0000000   ( 256 MB)
[    0.000000]     modules : 0xbf000000 - 0xc0000000   (  16 MB)
[    0.000000]       .text : 0xc0008000 - 0xc05c67bc   (5882 kB)
[    0.000000]       .init : 0xc05c7000 - 0xc05f4000   ( 180 kB)
[    0.000000]       .data : 0xc05f4000 - 0xc061e840   ( 171 kB)
[    0.000000]        .bss : 0xc0621000 - 0xc06462d4   ( 149 kB)
[    0.000000] NR_IRQS:16 nr_irqs:16 16
[    0.000000] Architected cp15 timer(s) running at 62.50MHz (virt).
[    0.000000] clocksource arch_sys_counter: mask: 0xffffffffffffff max_cycles: 0x1cd42e208c, max_idle_ns: 881590405314 ns
[    0.000148] sched_clock: 56 bits at 62MHz, resolution 16ns, wraps every 4398046511096ns
[    0.000322] Switching to timer-based delay loop, resolution 16ns
[    0.077494] Console: colour dummy device 80x30
[    0.077905] Calibrating delay loop (skipped), value calculated using timer frequency.. 125.00 BogoMIPS (lpj=625000)
[    0.078056] pid_max: default: 32768 minimum: 301
[    0.079116] Mount-cache hash table entries: 1024 (order: 0, 4096 bytes)
[    0.079155] Mountpoint-cache hash table entries: 1024 (order: 0, 4096 bytes)
[    0.087603] CPU: Testing write buffer coherency: ok
[    0.094137] Setting up static identity map for 0x40008240 - 0x40008298
[    0.110105] VFP support v0.3: implementor 41 architecture 4 part 30 variant f rev 0
[    0.145329] clocksource jiffies: mask: 0xffffffff max_cycles: 0xffffffff, max_idle_ns: 19112604462750000 ns
[    0.155340] NET: Registered protocol family 16
[    0.158661] DMA: preallocated 256 KiB pool for atomic coherent allocations
[    0.163885] cpuidle: using governor ladder
[    0.164131] cpuidle: using governor menu
[    0.187549] Serial: AMBA PL011 UART driver
[    0.189988] 9000000.pl011: ttyS0 at MMIO 0x9000000 (irq = 54, base_baud = 0) is a PL011 rev1
[    0.198021] console [ttyS0] enabled
[    0.230274] vgaarb: loaded
[    0.232061] SCSI subsystem initialized
[    0.233204] usbcore: registered new interface driver usbfs
[    0.233592] usbcore: registered new interface driver hub
[    0.233943] usbcore: registered new device driver usb
[    0.244616] cfg80211: Calling CRDA to update world regulatory domain
[    0.247151] Switched to clocksource arch_sys_counter
[    0.266268] NET: Registered protocol family 2
[    0.272271] TCP established hash table entries: 2048 (order: 1, 8192 bytes)
[    0.272543] TCP bind hash table entries: 2048 (order: 1, 8192 bytes)
[    0.272839] TCP: Hash tables configured (established 2048 bind 2048)
[    0.273669] UDP hash table entries: 256 (order: 0, 4096 bytes)
[    0.274073] UDP-Lite hash table entries: 256 (order: 0, 4096 bytes)
[    0.275722] NET: Registered protocol family 1
[    0.276211] PCI: CLS 0 bytes, default 64
[    0.701276] NetWinder Floating Point Emulator V0.97 (extended precision)
[    0.704178] futex hash table entries: 256 (order: -1, 3072 bytes)
[    0.710011] squashfs: version 4.0 (2009/01/31) Phillip Lougher
[    0.711044] jffs2: version 2.2. (NAND) © 2001-2006 Red Hat, Inc.
[    0.711856] romfs: ROMFS MTD (C) 2007 Red Hat, Inc.
[    0.721258] Block layer SCSI generic (bsg) driver version 0.4 loaded (major 253)
[    0.721668] io scheduler noop registered
[    0.721921] io scheduler cfq registered (default)
[    0.722643] firmadyne: devfs: 1, execute: 1, procfs: 1, syscall: 1
[    0.724063] ------------[ cut here ]------------
[    0.724264] WARNING: CPU: 0 PID: 1 at /home/vagrant/firmadyne-kernel/kernel-v4.1/fs/sysfs/dir.c:31 sysfs_warn_dup+0x50/0x6c()
[    0.724506] sysfs: cannot create duplicate filename '/class/gpio'
[    0.724660] Modules linked in:
[    0.725016] CPU: 0 PID: 1 Comm: swapper Not tainted 4.1.17+ #1
[    0.725154] Hardware name: Generic DT based system
[    0.725885] [<c001c99c>] (unwind_backtrace) from [<c0019d30>] (show_stack+0x10/0x14)
[    0.726176] [<c0019d30>] (show_stack) from [<c0024ab4>] (warn_slowpath_common+0x80/0xa8)
[    0.726408] [<c0024ab4>] (warn_slowpath_common) from [<c0024b08>] (warn_slowpath_fmt+0x2c/0x3c)
[    0.726626] [<c0024b08>] (warn_slowpath_fmt) from [<c00e363c>] (sysfs_warn_dup+0x50/0x6c)
[    0.726821] [<c00e363c>] (sysfs_warn_dup) from [<c00e3714>] (sysfs_create_dir_ns+0x74/0x84)
[    0.727209] [<c00e3714>] (sysfs_create_dir_ns) from [<c018e6ac>] (kobject_add_internal+0xb8/0x2ac)
[    0.727413] [<c018e6ac>] (kobject_add_internal) from [<c018e9a8>] (kset_register+0x1c/0x44)
[    0.727584] [<c018e9a8>] (kset_register) from [<c02090b4>] (__class_register+0xa8/0x198)
[    0.727735] [<c02090b4>] (__class_register) from [<c02091e4>] (__class_create+0x40/0x70)
[    0.727883] [<c02091e4>] (__class_create) from [<c01adf68>] (register_devfs_stubs+0x314/0xbb4)
[    0.728107] [<c01adf68>] (register_devfs_stubs) from [<c05d9b08>] (init_module+0x28/0xa4)
[    0.728317] [<c05d9b08>] (init_module) from [<c0009670>] (do_one_initcall+0x104/0x1b4)
[    0.728516] [<c0009670>] (do_one_initcall) from [<c05c7d08>] (kernel_init_freeable+0xf0/0x1b0)
[    0.728716] [<c05c7d08>] (kernel_init_freeable) from [<c040f28c>] (kernel_init+0x8/0xe4)
[    0.728872] [<c040f28c>] (kernel_init) from [<c0016da8>] (ret_from_fork+0x14/0x2c)
[    0.729197] ---[ end trace 5e7d00952dba1694 ]---
[    0.729429] ------------[ cut here ]------------
[    0.729542] WARNING: CPU: 0 PID: 1 at /home/vagrant/firmadyne-kernel/kernel-v4.1/lib/kobject.c:240 kobject_add_internal+0x240/0x2ac()
[    0.729729] kobject_add_internal failed for gpio with -EEXIST, don't try to register things with the same name in the same directory.
[    0.729965] Modules linked in:
[    0.730125] CPU: 0 PID: 1 Comm: swapper Tainted: G        W       4.1.17+ #1
[    0.730261] Hardware name: Generic DT based system
[    0.730397] [<c001c99c>] (unwind_backtrace) from [<c0019d30>] (show_stack+0x10/0x14)
[    0.730578] [<c0019d30>] (show_stack) from [<c0024ab4>] (warn_slowpath_common+0x80/0xa8)
[    0.730725] [<c0024ab4>] (warn_slowpath_common) from [<c0024b08>] (warn_slowpath_fmt+0x2c/0x3c)
[    0.730880] [<c0024b08>] (warn_slowpath_fmt) from [<c018e834>] (kobject_add_internal+0x240/0x2ac)
[    0.731115] [<c018e834>] (kobject_add_internal) from [<c018e9a8>] (kset_register+0x1c/0x44)
[    0.731285] [<c018e9a8>] (kset_register) from [<c02090b4>] (__class_register+0xa8/0x198)
[    0.731497] [<c02090b4>] (__class_register) from [<c02091e4>] (__class_create+0x40/0x70)
[    0.731641] [<c02091e4>] (__class_create) from [<c01adf68>] (register_devfs_stubs+0x314/0xbb4)
[    0.731794] [<c01adf68>] (register_devfs_stubs) from [<c05d9b08>] (init_module+0x28/0xa4)
[    0.731977] [<c05d9b08>] (init_module) from [<c0009670>] (do_one_initcall+0x104/0x1b4)
[    0.732159] [<c0009670>] (do_one_initcall) from [<c05c7d08>] (kernel_init_freeable+0xf0/0x1b0)
[    0.732333] [<c05c7d08>] (kernel_init_freeable) from [<c040f28c>] (kernel_init+0x8/0xe4)
[    0.732495] [<c040f28c>] (kernel_init) from [<c0016da8>] (ret_from_fork+0x14/0x2c)
[    0.732657] ---[ end trace 5e7d00952dba1695 ]---
[    0.732819] firmadyne: Cannot create device class: gpio!
[    0.734688] firmadyne: Cannot register character device: watchdog, 0xa, 0x82!
[    0.734869] firmadyne: Cannot register character device: wdt, 0xfd, 0x0!
[    0.816433] PCI host bridge /pcie@10000000 ranges:
[    0.817115]    IO 0x3eff0000..0x3effffff -> 0x00000000
[    0.817456]   MEM 0x10000000..0x3efeffff -> 0x10000000
[    0.817570]   MEM 0x8000000000..0xffffffffff -> 0x8000000000
[    0.818220] pci-host-generic 3f000000.pcie: resource collision: [mem 0x00000000-0xffffffff] conflicts with /pl011@9000000 [mem 0x09000000-0x09000fff]
[    0.818925] pci-host-generic: probe of 3f000000.pcie failed with error -16
[    0.830484] Non-volatile memory driver v1.3
[    1.113943] brd: module loaded
[    1.339928] loop: module loaded
[    1.579598]  vda: vda1
[    1.592356] 0.flash: Found 2 x16 devices at 0x0 in 32-bit bank. Manufacturer ID 0x000000 Chip ID 0x000000
[    1.593056] Intel/Sharp Extended Query Table at 0x0031
[    1.594239] Using buffer write method
[    1.594695] erase region 0: offset=0x0,size=0x40000,blocks=256
[    1.602222] 0.flash: Found 2 x16 devices at 0x0 in 32-bit bank. Manufacturer ID 0x000000 Chip ID 0x000000
[    1.602480] Intel/Sharp Extended Query Table at 0x0031
[    1.603242] Using buffer write method
[    1.603358] erase region 0: offset=0x0,size=0x40000,blocks=256
[    1.603571] Concatenating MTD devices:
[    1.603675] (0): "0.flash"
[    1.603749] (1): "0.flash"
[    1.603817] into device "0.flash"
[    1.616500] [nandsim] warning: read_byte: unexpected data output cycle, state is STATE_READY return 0x0
[    1.616775] [nandsim] warning: read_byte: unexpected data output cycle, state is STATE_READY return 0x0
[    1.617586] [nandsim] warning: read_byte: unexpected data output cycle, state is STATE_READY return 0x0
[    1.617770] [nandsim] warning: read_byte: unexpected data output cycle, state is STATE_READY return 0x0
[    1.617956] [nandsim] warning: read_byte: unexpected data output cycle, state is STATE_READY return 0x0
[    1.618126] [nandsim] warning: read_byte: unexpected data output cycle, state is STATE_READY return 0x0
[    1.618576] nand: device found, Manufacturer ID: 0x98, Chip ID: 0x39
[    1.618725] nand: Toshiba NAND 128MiB 1,8V 8-bit
[    1.618848] nand: 128 MiB, SLC, erase size: 16 KiB, page size: 512, OOB size: 16
[    1.619747] flash size: 128 MiB
[    1.619832] page size: 512 bytes
[    1.619907] OOB area size: 16 bytes
[    1.619986] sector size: 16 KiB
[    1.620057] pages number: 262144
[    1.620130] pages per sector: 32
[    1.620205] bus width: 8
[    1.620265] bits in sector size: 14
[    1.620342] bits in page size: 9
[    1.620435] bits in OOB size: 4
[    1.620508] flash size with OOB: 135168 KiB
[    1.620606] page address bytes: 4
[    1.620690] sector address bytes: 3
[    1.620764] options: 0x42
[    1.701838] Scanning device for bad blocks
[    1.811703] firmadyne: do_execve: /firmadyne/console
[    1.811933] OFFSETS: offset of pid: 0x190 offset of comm: 0x270
[    1.812411] Creating 11 MTD partitions on "NAND 128MiB 1,8V 8-bit":
[    1.812793] 0x000000000000-0x000000100000 : "NAND simulator partition 0"
[    1.815070] 0x000000100000-0x000000200000 : "NAND simulator partition 1"
[    1.816512] 0x000000200000-0x000000300000 : "NAND simulator partition 2"
[    1.818136] 0x000000300000-0x000000400000 : "NAND simulator partition 3"
[    1.819641] 0x000000400000-0x000000500000 : "NAND simulator partition 4"
[    1.821096] 0x000000500000-0x000000600000 : "NAND simulator partition 5"
[    1.822499] 0x000000600000-0x000000700000 : "NAND simulator partition 6"
[    1.824102] 0x000000700000-0x000000800000 : "NAND simulator partition 7"
[    1.825446] 0x000000800000-0x000000900000 : "NAND simulator partition 8"
[    1.826977] 0x000000900000-0x000000a00000 : "NAND simulator partition 9"
[    1.828403] 0x000000a00000-0x000008000000 : "NAND simulator partition 10"
[    1.834028] tun: Universal TUN/TAP device driver, 1.6
[    1.834174] tun: (C) 1999-2004 Max Krasnyansky <maxk@qualcomm.com>
[    2.216392] PPP generic driver version 2.4.2
[    2.217366] PPP BSD Compression module registered
[    2.217532] PPP Deflate Compression module registered
[    2.217741] PPP MPPE Compression module registered
[    2.217905] NET: Registered protocol family 24
[    2.218241] PPTP driver version 0.8.5
[    2.633092] usbcore: registered new interface driver usb-storage
[    2.636601] rtc-pl031 9010000.pl031: rtc core: registered pl031 as rtc0
[    2.637555] hidraw: raw HID events driver (C) Jiri Kosina
[    2.638146] usbcore: registered new interface driver usbhid
[    2.638280] usbhid: USB HID core driver
[    2.638760] Netfilter messages via NETLINK v0.30.
[    2.639439] nf_conntrack version 0.5.0 (3958 buckets, 15832 max)
[    2.640863] ctnetlink v0.93: registering with nfnetlink.
[    2.642383] ipip: IPv4 over IPv4 tunneling driver
[    2.644971] gre: GRE over IPv4 demultiplexor driver
[    2.645141] ip_gre: GRE over IPv4 tunneling driver
[    2.650087] ip_tables: (C) 2000-2006 Netfilter Core Team
[    2.651818] arp_tables: (C) 2002 David S. Miller
[    2.652884] Initializing XFRM netlink socket
[    2.653415] NET: Registered protocol family 10
[    2.660725] ip6_tables: (C) 2000-2006 Netfilter Core Team
[    2.662401] sit: IPv6 over IPv4 tunneling driver
[    2.666054] NET: Registered protocol family 17
[    2.666713] bridge: automatic filtering via arp/ip/ip6tables has been deprecated. Update your scripts to load br_netfilter if you need this.
[    2.667282] Bridge firewalling registered
[    2.667443] Ebtables v2.0 registered
[    2.668675] 8021q: 802.1Q VLAN Support v1.8
[    2.669246] Registering SWP/SWPB emulation handler
[    2.672116] rtc-pl031 9010000.pl031: setting system clock to 2018-07-19 09:42:49 UTC (1531993369)
[    2.682786] EXT4-fs (vda1): couldn't mount as ext3 due to feature incompatibilities
[    2.684580] EXT4-fs (vda1): mounting ext2 file system using the ext4 subsystem
[    2.696900] EXT4-fs (vda1): mounted filesystem without journal. Opts: (null)
[    2.699855] VFS: Mounted root (ext2 filesystem) on device 254:1.
[    2.718387] Freeing unused kernel memory: 180K (c05c7000 - c05f4000)
[    2.771075] firmadyne: sys_reboot[PID: 1 (init)]: magic1:fee1dead, magic2:28121969, cmd:0
[    3.302133] firmadyne: sys_socket[PID: 1 (init)]: family:1, type:2, protocol:0
[    3.304261] firmadyne: sys_socket[PID: 1 (init)]: family:1, type:1, protocol:0
init started: BusyBox v1.18.4 (2014-06-17 00:48:05 UTC)
[    3.312131] firmadyne: sys_socket[PID: 1 (init)]: family:1, type:2, protocol:0
[    3.312529] firmadyne: sys_socket[PID: 1 (init)]: family:1, type:1, protocol:0
[    3.314055] firmadyne: sys_socket[PID: 54 (init)]: family:1, type:2, protocol:0
[    3.314339] firmadyne: sys_socket[PID: 54 (init)]: family:1, type:1, protocol:0
[    3.316074] firmadyne: sys_socket[PID: 54 (init)]: family:1, type:2, protocol:0
[    3.316361] firmadyne: sys_socket[PID: 54 (init)]: family:1, type:1, protocol:0
can't run '/etc/init.d/rcS': No such file or directory
[    3.318263] firmadyne: sys_socket[PID: 1 (init)]: family:1, type:2, protocol:0
[    3.318606] firmadyne: sys_socket[PID: 1 (init)]: family:1, type:1, protocol:0

Please press Enter to activate this console. [    3.397671] cfg80211: Calling CRDA to update world regulatory domain
[    6.549191] cfg80211: Calling CRDA to update world regulatory domain
[    9.697868] cfg80211: Calling CRDA to update world regulatory domain
[   12.848108] cfg80211: Calling CRDA to update world regulatory domain
[   15.999832] cfg80211: Calling CRDA to update world regulatory domain
[   19.149321] cfg80211: Calling CRDA to update world regulatory domain
[   22.299799] cfg80211: Calling CRDA to update world regulatory domain
[   25.447517] cfg80211: Calling CRDA to update world regulatory domain
[   28.597615] cfg80211: Calling CRDA to update world regulatory domain
[   31.749978] cfg80211: Calling CRDA to update world regulatory domain
[   34.899030] cfg80211: Exceeded CRDA call max attempts. Not calling CRDA
Starting firmware emulation... use Ctrl-a + x to exit
qemu-system-arm: terminating on signal 2 from pid 77489 (timeout)
[    0.000000] Booting Linux on physical CPU 0x0
[    0.000000] Linux version 4.1.17+ (vagrant@vagrant-ubuntu-trusty-64) (gcc version 5.3.0 (GCC) ) #1 Thu Feb 18 01:05:21 UTC 2016
[    0.000000] CPU: ARMv7 Processor [412fc0f1] revision 1 (ARMv7), cr=10c5387d
[    0.000000] CPU: PIPT / VIPT nonaliasing data cache, PIPT instruction cache
[    0.000000] Machine model: linux,dummy-virt
[    0.000000] debug: ignoring loglevel setting.
[    0.000000] Memory policy: Data cache writeback
[    0.000000] On node 0 totalpages: 65536
[    0.000000] free_area_init_node: node 0, pgdat c061dfe8, node_mem_map cfdf9000
[    0.000000]   Normal zone: 512 pages used for memmap
[    0.000000]   Normal zone: 0 pages reserved
[    0.000000]   Normal zone: 65536 pages, LIFO batch:15
[    0.000000] psci: probing for conduit method from DT.
[    0.000000] psci: PSCIv0.2 detected in firmware.
[    0.000000] psci: Using standard PSCI v0.2 function IDs
[    0.000000] CPU: All CPU(s) started in SVC mode.
[    0.000000] pcpu-alloc: s0 r0 d32768 u32768 alloc=1*32768
[    0.000000] pcpu-alloc: [0] 0 
[    0.000000] Built 1 zonelists in Zone order, mobility grouping on.  Total pages: 65024
[    0.000000] Kernel command line: root=/dev/vda1 console=ttyS0 nandsim.parts=64,64,64,64,64,64,64,64,64,64 rdinit=/firmadyne/preInit.sh rw debug ignore_loglevel print-fatal-signals=1 user_debug=31 firmadyne.syscall=0
[    0.000000] PID hash table entries: 1024 (order: 0, 4096 bytes)
[    0.000000] Dentry cache hash table entries: 32768 (order: 5, 131072 bytes)
[    0.000000] Inode-cache hash table entries: 16384 (order: 4, 65536 bytes)
[    0.000000] Memory: 253340K/262144K available (4297K kernel code, 170K rwdata, 1584K rodata, 180K init, 148K bss, 8804K reserved, 0K cma-reserved)
[    0.000000] Virtual kernel memory layout:
[    0.000000]     vector  : 0xffff0000 - 0xffff1000   (   4 kB)
[    0.000000]     fixmap  : 0xffc00000 - 0xfff00000   (3072 kB)
[    0.000000]     vmalloc : 0xd0800000 - 0xff000000   ( 744 MB)
[    0.000000]     lowmem  : 0xc0000000 - 0xd0000000   ( 256 MB)
[    0.000000]     modules : 0xbf000000 - 0xc0000000   (  16 MB)
[    0.000000]       .text : 0xc0008000 - 0xc05c67bc   (5882 kB)
[    0.000000]       .init : 0xc05c7000 - 0xc05f4000   ( 180 kB)
[    0.000000]       .data : 0xc05f4000 - 0xc061e840   ( 171 kB)
[    0.000000]        .bss : 0xc0621000 - 0xc06462d4   ( 149 kB)
[    0.000000] NR_IRQS:16 nr_irqs:16 16
[    0.000000] Architected cp15 timer(s) running at 62.50MHz (virt).
[    0.000000] clocksource arch_sys_counter: mask: 0xffffffffffffff max_cycles: 0x1cd42e208c, max_idle_ns: 881590405314 ns
[    0.000159] sched_clock: 56 bits at 62MHz, resolution 16ns, wraps every 4398046511096ns
[    0.000322] Switching to timer-based delay loop, resolution 16ns
[    0.003755] Console: colour dummy device 80x30
[    0.004081] Calibrating delay loop (skipped), value calculated using timer frequency.. 125.00 BogoMIPS (lpj=625000)
[    0.004212] pid_max: default: 32768 minimum: 301
[    0.005361] Mount-cache hash table entries: 1024 (order: 0, 4096 bytes)
[    0.005400] Mountpoint-cache hash table entries: 1024 (order: 0, 4096 bytes)
[    0.016416] CPU: Testing write buffer coherency: ok
[    0.023711] Setting up static identity map for 0x40008240 - 0x40008298
[    0.040506] VFP support v0.3: implementor 41 architecture 4 part 30 variant f rev 0
[    0.054403] clocksource jiffies: mask: 0xffffffff max_cycles: 0xffffffff, max_idle_ns: 19112604462750000 ns
[    0.064055] NET: Registered protocol family 16
[    0.067960] DMA: preallocated 256 KiB pool for atomic coherent allocations
[    0.072648] cpuidle: using governor ladder
[    0.072811] cpuidle: using governor menu
[    0.096713] Serial: AMBA PL011 UART driver
[    0.099999] 9000000.pl011: ttyS0 at MMIO 0x9000000 (irq = 54, base_baud = 0) is a PL011 rev1
[    0.108163] console [ttyS0] enabled
[    0.134181] vgaarb: loaded
[    0.135882] SCSI subsystem initialized
[    0.137225] usbcore: registered new interface driver usbfs
[    0.137682] usbcore: registered new interface driver hub
[    0.138009] usbcore: registered new device driver usb
[    0.148681] cfg80211: Calling CRDA to update world regulatory domain
[    0.225586] Switched to clocksource arch_sys_counter
[    0.243543] NET: Registered protocol family 2
[    0.250003] TCP established hash table entries: 2048 (order: 1, 8192 bytes)
[    0.250298] TCP bind hash table entries: 2048 (order: 1, 8192 bytes)
[    0.250632] TCP: Hash tables configured (established 2048 bind 2048)
[    0.251182] UDP hash table entries: 256 (order: 0, 4096 bytes)
[    0.251445] UDP-Lite hash table entries: 256 (order: 0, 4096 bytes)
[    0.252972] NET: Registered protocol family 1
[    0.253436] PCI: CLS 0 bytes, default 64
[    0.262186] NetWinder Floating Point Emulator V0.97 (extended precision)
[    0.265578] futex hash table entries: 256 (order: -1, 3072 bytes)
[    0.271603] squashfs: version 4.0 (2009/01/31) Phillip Lougher
[    0.272709] jffs2: version 2.2. (NAND) © 2001-2006 Red Hat, Inc.
[    0.273489] romfs: ROMFS MTD (C) 2007 Red Hat, Inc.
[    0.283077] Block layer SCSI generic (bsg) driver version 0.4 loaded (major 253)
[    0.283434] io scheduler noop registered
[    0.283688] io scheduler cfq registered (default)
[    0.284364] firmadyne: devfs: 1, execute: 1, procfs: 1, syscall: 0
[    0.285917] ------------[ cut here ]------------
[    0.286123] WARNING: CPU: 0 PID: 1 at /home/vagrant/firmadyne-kernel/kernel-v4.1/fs/sysfs/dir.c:31 sysfs_warn_dup+0x50/0x6c()
[    0.286366] sysfs: cannot create duplicate filename '/class/gpio'
[    0.286536] Modules linked in:
[    0.286996] CPU: 0 PID: 1 Comm: swapper Not tainted 4.1.17+ #1
[    0.287216] Hardware name: Generic DT based system
[    0.288318] [<c001c99c>] (unwind_backtrace) from [<c0019d30>] (show_stack+0x10/0x14)
[    0.288821] [<c0019d30>] (show_stack) from [<c0024ab4>] (warn_slowpath_common+0x80/0xa8)
[    0.289036] [<c0024ab4>] (warn_slowpath_common) from [<c0024b08>] (warn_slowpath_fmt+0x2c/0x3c)
[    0.289294] [<c0024b08>] (warn_slowpath_fmt) from [<c00e363c>] (sysfs_warn_dup+0x50/0x6c)
[    0.289459] [<c00e363c>] (sysfs_warn_dup) from [<c00e3714>] (sysfs_create_dir_ns+0x74/0x84)
[    0.289682] [<c00e3714>] (sysfs_create_dir_ns) from [<c018e6ac>] (kobject_add_internal+0xb8/0x2ac)
[    0.289867] [<c018e6ac>] (kobject_add_internal) from [<c018e9a8>] (kset_register+0x1c/0x44)
[    0.290043] [<c018e9a8>] (kset_register) from [<c02090b4>] (__class_register+0xa8/0x198)
[    0.290223] [<c02090b4>] (__class_register) from [<c02091e4>] (__class_create+0x40/0x70)
[    0.290420] [<c02091e4>] (__class_create) from [<c01adf68>] (register_devfs_stubs+0x314/0xbb4)
[    0.290642] [<c01adf68>] (register_devfs_stubs) from [<c05d9b08>] (init_module+0x28/0xa4)
[    0.290847] [<c05d9b08>] (init_module) from [<c0009670>] (do_one_initcall+0x104/0x1b4)
[    0.291019] [<c0009670>] (do_one_initcall) from [<c05c7d08>] (kernel_init_freeable+0xf0/0x1b0)
[    0.291208] [<c05c7d08>] (kernel_init_freeable) from [<c040f28c>] (kernel_init+0x8/0xe4)
[    0.291402] [<c040f28c>] (kernel_init) from [<c0016da8>] (ret_from_fork+0x14/0x2c)
[    0.291697] ---[ end trace 2e9851f23b3a7280 ]---
[    0.291898] ------------[ cut here ]------------
[    0.292012] WARNING: CPU: 0 PID: 1 at /home/vagrant/firmadyne-kernel/kernel-v4.1/lib/kobject.c:240 kobject_add_internal+0x240/0x2ac()
[    0.292229] kobject_add_internal failed for gpio with -EEXIST, don't try to register things with the same name in the same directory.
[    0.292503] Modules linked in:
[    0.292661] CPU: 0 PID: 1 Comm: swapper Tainted: G        W       4.1.17+ #1
[    0.292799] Hardware name: Generic DT based system
[    0.292918] [<c001c99c>] (unwind_backtrace) from [<c0019d30>] (show_stack+0x10/0x14)
[    0.293081] [<c0019d30>] (show_stack) from [<c0024ab4>] (warn_slowpath_common+0x80/0xa8)
[    0.293250] [<c0024ab4>] (warn_slowpath_common) from [<c0024b08>] (warn_slowpath_fmt+0x2c/0x3c)
[    0.293454] [<c0024b08>] (warn_slowpath_fmt) from [<c018e834>] (kobject_add_internal+0x240/0x2ac)
[    0.293694] [<c018e834>] (kobject_add_internal) from [<c018e9a8>] (kset_register+0x1c/0x44)
[    0.293866] [<c018e9a8>] (kset_register) from [<c02090b4>] (__class_register+0xa8/0x198)
[    0.294033] [<c02090b4>] (__class_register) from [<c02091e4>] (__class_create+0x40/0x70)
[    0.294199] [<c02091e4>] (__class_create) from [<c01adf68>] (register_devfs_stubs+0x314/0xbb4)
[    0.294378] [<c01adf68>] (register_devfs_stubs) from [<c05d9b08>] (init_module+0x28/0xa4)
[    0.294547] [<c05d9b08>] (init_module) from [<c0009670>] (do_one_initcall+0x104/0x1b4)
[    0.294731] [<c0009670>] (do_one_initcall) from [<c05c7d08>] (kernel_init_freeable+0xf0/0x1b0)
[    0.295082] [<c05c7d08>] (kernel_init_freeable) from [<c040f28c>] (kernel_init+0x8/0xe4)
[    0.295255] [<c040f28c>] (kernel_init) from [<c0016da8>] (ret_from_fork+0x14/0x2c)
[    0.295439] ---[ end trace 2e9851f23b3a7281 ]---
[    0.295642] firmadyne: Cannot create device class: gpio!
[    0.298276] firmadyne: Cannot register character device: watchdog, 0xa, 0x82!
[    0.298478] firmadyne: Cannot register character device: wdt, 0xfd, 0x0!
[    1.061121] PCI host bridge /pcie@10000000 ranges:
[    1.061722]    IO 0x3eff0000..0x3effffff -> 0x00000000
[    1.062088]   MEM 0x10000000..0x3efeffff -> 0x10000000
[    1.062226]   MEM 0x8000000000..0xffffffffff -> 0x8000000000
[    1.062906] pci-host-generic 3f000000.pcie: resource collision: [mem 0x00000000-0xffffffff] conflicts with /pl011@9000000 [mem 0x09000000-0x09000fff]
[    1.063607] pci-host-generic: probe of 3f000000.pcie failed with error -16
[    1.075388] Non-volatile memory driver v1.3
[    1.843038] brd: module loaded
[    1.853358] loop: module loaded
[    2.885483]  vda: vda1
[    2.898063] 0.flash: Found 2 x16 devices at 0x0 in 32-bit bank. Manufacturer ID 0x000000 Chip ID 0x000000
[    2.898755] Intel/Sharp Extended Query Table at 0x0031
[    2.899940] Using buffer write method
[    2.900361] erase region 0: offset=0x0,size=0x40000,blocks=256
[    2.907994] 0.flash: Found 2 x16 devices at 0x0 in 32-bit bank. Manufacturer ID 0x000000 Chip ID 0x000000
[    2.908260] Intel/Sharp Extended Query Table at 0x0031
[    2.909048] Using buffer write method
[    2.909167] erase region 0: offset=0x0,size=0x40000,blocks=256
[    2.909380] Concatenating MTD devices:
[    2.909487] (0): "0.flash"
[    2.909563] (1): "0.flash"
[    2.909631] into device "0.flash"
[    2.930855] [nandsim] warning: read_byte: unexpected data output cycle, state is STATE_READY return 0x0
[    2.931103] [nandsim] warning: read_byte: unexpected data output cycle, state is STATE_READY return 0x0
[    2.931279] [nandsim] warning: read_byte: unexpected data output cycle, state is STATE_READY return 0x0
[    2.931449] [nandsim] warning: read_byte: unexpected data output cycle, state is STATE_READY return 0x0
[    2.931619] [nandsim] warning: read_byte: unexpected data output cycle, state is STATE_READY return 0x0
[    2.931788] [nandsim] warning: read_byte: unexpected data output cycle, state is STATE_READY return 0x0
[    2.932203] nand: device found, Manufacturer ID: 0x98, Chip ID: 0x39
[    2.932367] nand: Toshiba NAND 128MiB 1,8V 8-bit
[    2.932540] nand: 128 MiB, SLC, erase size: 16 KiB, page size: 512, OOB size: 16
[    2.933444] flash size: 128 MiB
[    2.933574] page size: 512 bytes
[    2.933650] OOB area size: 16 bytes
[    2.933730] sector size: 16 KiB
[    2.933803] pages number: 262144
[    2.933876] pages per sector: 32
[    2.933950] bus width: 8
[    2.934015] bits in sector size: 14
[    2.934093] bits in page size: 9
[    2.934171] bits in OOB size: 4
[    2.934266] flash size with OOB: 135168 KiB
[    2.934352] page address bytes: 4
[    2.934424] sector address bytes: 3
[    2.934535] options: 0x42
[    2.963697] Scanning device for bad blocks
[    3.073588] firmadyne: do_execve: /firmadyne/console
[    3.073814] OFFSETS: offset of pid: 0x190 offset of comm: 0x270
[    3.074283] Creating 11 MTD partitions on "NAND 128MiB 1,8V 8-bit":
[    3.074696] 0x000000000000-0x000000100000 : "NAND simulator partition 0"
[    3.077077] 0x000000100000-0x000000200000 : "NAND simulator partition 1"
[    3.078481] 0x000000200000-0x000000300000 : "NAND simulator partition 2"
[    3.079880] 0x000000300000-0x000000400000 : "NAND simulator partition 3"
[    3.081309] 0x000000400000-0x000000500000 : "NAND simulator partition 4"
[    3.082721] 0x000000500000-0x000000600000 : "NAND simulator partition 5"
[    3.084145] 0x000000600000-0x000000700000 : "NAND simulator partition 6"
[    3.085923] 0x000000700000-0x000000800000 : "NAND simulator partition 7"
[    3.087280] 0x000000800000-0x000000900000 : "NAND simulator partition 8"
[    3.088658] 0x000000900000-0x000000a00000 : "NAND simulator partition 9"
[    3.090053] 0x000000a00000-0x000008000000 : "NAND simulator partition 10"
[    3.095937] tun: Universal TUN/TAP device driver, 1.6
[    3.096092] tun: (C) 1999-2004 Max Krasnyansky <maxk@qualcomm.com>
[    3.229010] PPP generic driver version 2.4.2
[    3.229779] PPP BSD Compression module registered
[    3.229963] PPP Deflate Compression module registered
[    3.230205] PPP MPPE Compression module registered
[    3.230341] NET: Registered protocol family 24
[    3.230662] PPTP driver version 0.8.5
[    3.244039] usbcore: registered new interface driver usb-storage
[    3.247680] rtc-pl031 9010000.pl031: rtc core: registered pl031 as rtc0
[    3.248483] hidraw: raw HID events driver (C) Jiri Kosina
[    3.249039] usbcore: registered new interface driver usbhid
[    3.249171] usbhid: USB HID core driver
[    3.249650] Netfilter messages via NETLINK v0.30.
[    3.250329] nf_conntrack version 0.5.0 (3958 buckets, 15832 max)
[    3.251805] ctnetlink v0.93: registering with nfnetlink.
[    3.253382] ipip: IPv4 over IPv4 tunneling driver
[    3.255754] gre: GRE over IPv4 demultiplexor driver
[    3.255923] ip_gre: GRE over IPv4 tunneling driver
[    3.260631] ip_tables: (C) 2000-2006 Netfilter Core Team
[    3.262379] arp_tables: (C) 2002 David S. Miller
[    3.263476] Initializing XFRM netlink socket
[    3.264031] NET: Registered protocol family 10
[    3.271737] ip6_tables: (C) 2000-2006 Netfilter Core Team
[    3.273575] sit: IPv6 over IPv4 tunneling driver
[    3.277611] NET: Registered protocol family 17
[    3.278293] bridge: automatic filtering via arp/ip/ip6tables has been deprecated. Update your scripts to load br_netfilter if you need this.
[    3.278637] Bridge firewalling registered
[    3.278785] Ebtables v2.0 registered
[    3.280042] 8021q: 802.1Q VLAN Support v1.8
[    3.280737] Registering SWP/SWPB emulation handler
[    3.283650] rtc-pl031 9010000.pl031: setting system clock to 2018-07-19 09:43:51 UTC (1531993431)
[    3.352212] EXT4-fs (vda1): couldn't mount as ext3 due to feature incompatibilities
[    3.353871] EXT4-fs (vda1): mounting ext2 file system using the ext4 subsystem
[    3.363553] EXT4-fs (vda1): warning: mounting unchecked fs, running e2fsck is recommended
[    3.366596] EXT4-fs (vda1): mounted filesystem without journal. Opts: (null)
[    3.367702] VFS: Mounted root (ext2 filesystem) on device 254:1.
[    3.386396] Freeing unused kernel memory: 180K (c05c7000 - c05f4000)
[    3.388454] cfg80211: Calling CRDA to update world regulatory domain
[    3.737346] firmadyne: sys_reboot[PID: 1 (init)]: magic1:fee1dead, magic2:28121969, cmd:0
init started: BusyBox v1.18.4 (2014-06-17 00:48:05 UTC)
can't run '/etc/init.d/rcS': No such file or directory

Please press Enter to activate this console. [    6.537696] cfg80211: Calling CRDA to update world regulatory domain
[    9.685870] cfg80211: Calling CRDA to update world regulatory domain
[   12.836147] cfg80211: Calling CRDA to update world regulatory domain
[   15.987369] cfg80211: Calling CRDA to update world regulatory domain
[   19.137434] cfg80211: Calling CRDA to update world regulatory domain
[   22.286396] cfg80211: Calling CRDA to update world regulatory domain
[   25.435599] cfg80211: Calling CRDA to update world regulatory domain
[   28.585730] cfg80211: Calling CRDA to update world regulatory domain
[   31.737964] cfg80211: Calling CRDA to update world regulatory domain
[   34.887032] cfg80211: Exceeded CRDA call max attempts. Not calling CRDA
