>> Database Image ID: 10

/home/zhumengfan/firmware/firmwares/1e30a4a5a078e48a7a21ea2d32c805e9dae1455f.bin
>> MD5: 8697ea6549cffcbb817a82d6c3e86d42
>> Tag: 10
>> Temp: /tmp/tmp9gu92a
>> Status: Kernel: True, Rootfs: False, Do_Kernel: False,                 Do_Rootfs: True
>>>> Squashfs filesystem, little endian, version 4.0, compression:lzma, size: 3476985 bytes, 982 inodes, blocksize: 131072 bytes, created: 2014-05-30 15:26:44
>>>> Found Linux filesystem in /tmp/tmp9gu92a/_1e30a4a5a078e48a7a21ea2d32c805e9dae1455f.bin.extracted/squashfs-root!
>> Skipping: completed!
>> Cleaning up /tmp/tmp9gu92a...
./bin/busybox: armel
Traceback (most recent call last):
  File "/home/zhumengfan/firmadyne/scripts/tar2db.py", line 100, in <module>
    main()
  File "/home/zhumengfan/firmadyne/scripts/tar2db.py", line 97, in main
    process(iid, infile)
  File "/home/zhumengfan/firmadyne/scripts/tar2db.py", line 77, in process
    insertObjectToImage(iid, file2oid, links, cur)
  File "/home/zhumengfan/firmadyne/scripts/tar2db.py", line 57, in insertObjectToImage
    for x in files2oids])
psycopg2.IntegrityError: duplicate key value violates unique constraint "object_to_image_oid_iid_filename_key"
DETAIL:  Key (oid, iid, filename)=(4607, 10, /usr/www/lib/log_tail.tmpl) already exists.

Querying database for architecture... armel
----Running----
----Copying Filesystem Tarball----
----Creating QEMU Image----
Formatting '/home/zhumengfan/firmadyne//scratch//10//image.raw', fmt=raw size=1073741824
----Creating Partition Table----

Welcome to fdisk (util-linux 2.27.1).
Changes will remain in memory only, until you decide to write them.
Be careful before using the write command.

Device does not contain a recognized partition table.
Created a new DOS disklabel with disk identifier 0x5f41c69f.

Command (m for help): Created a new DOS disklabel with disk identifier 0xd1c84976.

Command (m for help): Partition type
   p   primary (0 primary, 0 extended, 4 free)
   e   extended (container for logical partitions)
Select (default p): Partition number (1-4, default 1): First sector (2048-2097151, default 2048): Last sector, +sectors or +size{K,M,G,T,P} (2048-2097151, default 2097151): 
Created a new partition 1 of type 'Linux' and of size 1023 MiB.

Command (m for help): The partition table has been altered.
Syncing disks.

----Mounting QEMU Image----
add map loop0p1 (252:0): 0 2095104 linear 7:0 2048
----Creating Filesystem----
mke2fs 1.42.13 (17-May-2015)
Discarding device blocks:   4096/261888             done                            
Creating filesystem with 261888 4k blocks and 65536 inodes
Filesystem UUID: f5c4b1b5-3af1-460a-81ac-290738bede22
Superblock backups stored on blocks: 
	32768, 98304, 163840, 229376

Allocating group tables: 0/8   done                            
Writing inode tables: 0/8   done                            
Writing superblocks and filesystem accounting information: 0/8   done

----Making QEMU Image Mountpoint----
----Mounting QEMU Image Partition 1----
----Extracting Filesystem Tarball----
----Creating FIRMADYNE Directories----
----Patching Filesystem (chroot)----
Creating /etc/TZ!
Creating /etc/hosts!
Creating /etc/passwd!
Warning: Recreating device nodes!
Removing /etc/scripts/sys_resetbutton!
----Setting up FIRMADYNE----
----Unmounting QEMU Image----
loop deleted : /dev/loop0
Querying database for architecture... armel
Running firmware 10: terminating after 60 secs...
qemu-system-arm: terminating on signal 2 from pid 45051 (timeout)
Inferring network...
Interfaces: []
Done!
[    0.000000] Booting Linux on physical CPU 0x0
[    0.000000] Linux version 4.1.17+ (vagrant@vagrant-ubuntu-trusty-64) (gcc version 5.3.0 (GCC) ) #1 Thu Feb 18 01:05:21 UTC 2016
[    0.000000] CPU: ARMv7 Processor [412fc0f1] revision 1 (ARMv7), cr=10c5387d
[    0.000000] CPU: PIPT / VIPT nonaliasing data cache, PIPT instruction cache
[    0.000000] Machine model: linux,dummy-virt
[    0.000000] debug: ignoring loglevel setting.
[    0.000000] Memory policy: Data cache writeback
[    0.000000] On node 0 totalpages: 65536
[    0.000000] free_area_init_node: node 0, pgdat c061dfe8, node_mem_map cfdf9000
[    0.000000]   Normal zone: 512 pages used for memmap
[    0.000000]   Normal zone: 0 pages reserved
[    0.000000]   Normal zone: 65536 pages, LIFO batch:15
[    0.000000] psci: probing for conduit method from DT.
[    0.000000] psci: PSCIv0.2 detected in firmware.
[    0.000000] psci: Using standard PSCI v0.2 function IDs
[    0.000000] CPU: All CPU(s) started in SVC mode.
[    0.000000] pcpu-alloc: s0 r0 d32768 u32768 alloc=1*32768
[    0.000000] pcpu-alloc: [0] 0 
[    0.000000] Built 1 zonelists in Zone order, mobility grouping on.  Total pages: 65024
[    0.000000] Kernel command line: firmadyne.syscall=1 root=/dev/vda1 console=ttyS0 nandsim.parts=64,64,64,64,64,64,64,64,64,64 rdinit=/firmadyne/preInit.sh rw debug ignore_loglevel print-fatal-signals=1 user_debug=31
[    0.000000] PID hash table entries: 1024 (order: 0, 4096 bytes)
[    0.000000] Dentry cache hash table entries: 32768 (order: 5, 131072 bytes)
[    0.000000] Inode-cache hash table entries: 16384 (order: 4, 65536 bytes)
[    0.000000] Memory: 253340K/262144K available (4297K kernel code, 170K rwdata, 1584K rodata, 180K init, 148K bss, 8804K reserved, 0K cma-reserved)
[    0.000000] Virtual kernel memory layout:
[    0.000000]     vector  : 0xffff0000 - 0xffff1000   (   4 kB)
[    0.000000]     fixmap  : 0xffc00000 - 0xfff00000   (3072 kB)
[    0.000000]     vmalloc : 0xd0800000 - 0xff000000   ( 744 MB)
[    0.000000]     lowmem  : 0xc0000000 - 0xd0000000   ( 256 MB)
[    0.000000]     modules : 0xbf000000 - 0xc0000000   (  16 MB)
[    0.000000]       .text : 0xc0008000 - 0xc05c67bc   (5882 kB)
[    0.000000]       .init : 0xc05c7000 - 0xc05f4000   ( 180 kB)
[    0.000000]       .data : 0xc05f4000 - 0xc061e840   ( 171 kB)
[    0.000000]        .bss : 0xc0621000 - 0xc06462d4   ( 149 kB)
[    0.000000] NR_IRQS:16 nr_irqs:16 16
[    0.000000] Architected cp15 timer(s) running at 62.50MHz (virt).
[    0.000000] clocksource arch_sys_counter: mask: 0xffffffffffffff max_cycles: 0x1cd42e208c, max_idle_ns: 881590405314 ns
[    0.000161] sched_clock: 56 bits at 62MHz, resolution 16ns, wraps every 4398046511096ns
[    0.000302] Switching to timer-based delay loop, resolution 16ns
[    0.003481] Console: colour dummy device 80x30
[    0.003788] Calibrating delay loop (skipped), value calculated using timer frequency.. 125.00 BogoMIPS (lpj=625000)
[    0.003947] pid_max: default: 32768 minimum: 301
[    0.004846] Mount-cache hash table entries: 1024 (order: 0, 4096 bytes)
[    0.004898] Mountpoint-cache hash table entries: 1024 (order: 0, 4096 bytes)
[    0.084274] CPU: Testing write buffer coherency: ok
[    0.090486] Setting up static identity map for 0x40008240 - 0x40008298
[    0.106048] VFP support v0.3: implementor 41 architecture 4 part 30 variant f rev 0
[    0.118477] clocksource jiffies: mask: 0xffffffff max_cycles: 0xffffffff, max_idle_ns: 19112604462750000 ns
[    0.818205] NET: Registered protocol family 16
[    0.821699] DMA: preallocated 256 KiB pool for atomic coherent allocations
[    0.826149] cpuidle: using governor ladder
[    0.826310] cpuidle: using governor menu
[    0.848223] Serial: AMBA PL011 UART driver
[    0.850591] 9000000.pl011: ttyS0 at MMIO 0x9000000 (irq = 54, base_baud = 0) is a PL011 rev1
[    0.858740] console [ttyS0] enabled
[    0.882377] vgaarb: loaded
[    1.283590] SCSI subsystem initialized
[    1.284783] usbcore: registered new interface driver usbfs
[    1.285148] usbcore: registered new interface driver hub
[    1.285543] usbcore: registered new device driver usb
[    1.295287] cfg80211: Calling CRDA to update world regulatory domain
[    1.297686] Switched to clocksource arch_sys_counter
[    1.316108] NET: Registered protocol family 2
[    1.321684] TCP established hash table entries: 2048 (order: 1, 8192 bytes)
[    1.321963] TCP bind hash table entries: 2048 (order: 1, 8192 bytes)
[    1.322273] TCP: Hash tables configured (established 2048 bind 2048)
[    1.322821] UDP hash table entries: 256 (order: 0, 4096 bytes)
[    1.323085] UDP-Lite hash table entries: 256 (order: 0, 4096 bytes)
[    1.324578] NET: Registered protocol family 1
[    1.325041] PCI: CLS 0 bytes, default 64
[    1.332487] NetWinder Floating Point Emulator V0.97 (extended precision)
[    1.335278] futex hash table entries: 256 (order: -1, 3072 bytes)
[    1.341053] squashfs: version 4.0 (2009/01/31) Phillip Lougher
[    1.342111] jffs2: version 2.2. (NAND) © 2001-2006 Red Hat, Inc.
[    1.342928] romfs: ROMFS MTD (C) 2007 Red Hat, Inc.
[    1.379353] Block layer SCSI generic (bsg) driver version 0.4 loaded (major 253)
[    1.379712] io scheduler noop registered
[    1.379979] io scheduler cfq registered (default)
[    1.380694] firmadyne: devfs: 1, execute: 1, procfs: 1, syscall: 1
[    1.382142] ------------[ cut here ]------------
[    1.382364] WARNING: CPU: 0 PID: 1 at /home/vagrant/firmadyne-kernel/kernel-v4.1/fs/sysfs/dir.c:31 sysfs_warn_dup+0x50/0x6c()
[    1.382577] sysfs: cannot create duplicate filename '/class/gpio'
[    1.382748] Modules linked in:
[    1.383081] CPU: 0 PID: 1 Comm: swapper Not tainted 4.1.17+ #1
[    1.383223] Hardware name: Generic DT based system
[    1.383956] [<c001c99c>] (unwind_backtrace) from [<c0019d30>] (show_stack+0x10/0x14)
[    1.384252] [<c0019d30>] (show_stack) from [<c0024ab4>] (warn_slowpath_common+0x80/0xa8)
[    1.384460] [<c0024ab4>] (warn_slowpath_common) from [<c0024b08>] (warn_slowpath_fmt+0x2c/0x3c)
[    1.384702] [<c0024b08>] (warn_slowpath_fmt) from [<c00e363c>] (sysfs_warn_dup+0x50/0x6c)
[    1.384906] [<c00e363c>] (sysfs_warn_dup) from [<c00e3714>] (sysfs_create_dir_ns+0x74/0x84)
[    1.385104] [<c00e3714>] (sysfs_create_dir_ns) from [<c018e6ac>] (kobject_add_internal+0xb8/0x2ac)
[    1.385294] [<c018e6ac>] (kobject_add_internal) from [<c018e9a8>] (kset_register+0x1c/0x44)
[    1.385526] [<c018e9a8>] (kset_register) from [<c02090b4>] (__class_register+0xa8/0x198)
[    1.385697] [<c02090b4>] (__class_register) from [<c02091e4>] (__class_create+0x40/0x70)
[    1.385893] [<c02091e4>] (__class_create) from [<c01adf68>] (register_devfs_stubs+0x314/0xbb4)
[    1.386090] [<c01adf68>] (register_devfs_stubs) from [<c05d9b08>] (init_module+0x28/0xa4)
[    1.386297] [<c05d9b08>] (init_module) from [<c0009670>] (do_one_initcall+0x104/0x1b4)
[    1.386478] [<c0009670>] (do_one_initcall) from [<c05c7d08>] (kernel_init_freeable+0xf0/0x1b0)
[    1.386651] [<c05c7d08>] (kernel_init_freeable) from [<c040f28c>] (kernel_init+0x8/0xe4)
[    1.386809] [<c040f28c>] (kernel_init) from [<c0016da8>] (ret_from_fork+0x14/0x2c)
[    1.387089] ---[ end trace fe916a1c676cd793 ]---
[    1.387286] ------------[ cut here ]------------
[    1.387603] WARNING: CPU: 0 PID: 1 at /home/vagrant/firmadyne-kernel/kernel-v4.1/lib/kobject.c:240 kobject_add_internal+0x240/0x2ac()
[    1.387838] kobject_add_internal failed for gpio with -EEXIST, don't try to register things with the same name in the same directory.
[    1.388078] Modules linked in:
[    1.388229] CPU: 0 PID: 1 Comm: swapper Tainted: G        W       4.1.17+ #1
[    1.388397] Hardware name: Generic DT based system
[    1.388508] [<c001c99c>] (unwind_backtrace) from [<c0019d30>] (show_stack+0x10/0x14)
[    1.388662] [<c0019d30>] (show_stack) from [<c0024ab4>] (warn_slowpath_common+0x80/0xa8)
[    1.388822] [<c0024ab4>] (warn_slowpath_common) from [<c0024b08>] (warn_slowpath_fmt+0x2c/0x3c)
[    1.389029] [<c0024b08>] (warn_slowpath_fmt) from [<c018e834>] (kobject_add_internal+0x240/0x2ac)
[    1.389238] [<c018e834>] (kobject_add_internal) from [<c018e9a8>] (kset_register+0x1c/0x44)
[    1.389423] [<c018e9a8>] (kset_register) from [<c02090b4>] (__class_register+0xa8/0x198)
[    1.389621] [<c02090b4>] (__class_register) from [<c02091e4>] (__class_create+0x40/0x70)
[    1.389808] [<c02091e4>] (__class_create) from [<c01adf68>] (register_devfs_stubs+0x314/0xbb4)
[    1.390004] [<c01adf68>] (register_devfs_stubs) from [<c05d9b08>] (init_module+0x28/0xa4)
[    1.390177] [<c05d9b08>] (init_module) from [<c0009670>] (do_one_initcall+0x104/0x1b4)
[    1.390345] [<c0009670>] (do_one_initcall) from [<c05c7d08>] (kernel_init_freeable+0xf0/0x1b0)
[    1.390523] [<c05c7d08>] (kernel_init_freeable) from [<c040f28c>] (kernel_init+0x8/0xe4)
[    1.390688] [<c040f28c>] (kernel_init) from [<c0016da8>] (ret_from_fork+0x14/0x2c)
[    1.390856] ---[ end trace fe916a1c676cd794 ]---
[    1.391022] firmadyne: Cannot create device class: gpio!
[    1.392843] firmadyne: Cannot register character device: watchdog, 0xa, 0x82!
[    1.393021] firmadyne: Cannot register character device: wdt, 0xfd, 0x0!
[    1.474908] PCI host bridge /pcie@10000000 ranges:
[    1.475498]    IO 0x3eff0000..0x3effffff -> 0x00000000
[    1.475846]   MEM 0x10000000..0x3efeffff -> 0x10000000
[    1.475994]   MEM 0x8000000000..0xffffffffff -> 0x8000000000
[    1.476672] pci-host-generic 3f000000.pcie: resource collision: [mem 0x00000000-0xffffffff] conflicts with /pl011@9000000 [mem 0x09000000-0x09000fff]
[    1.477574] pci-host-generic: probe of 3f000000.pcie failed with error -16
[    1.491910] Non-volatile memory driver v1.3
[    1.584477] brd: module loaded
[    1.595762] loop: module loaded
[    1.635010]  vda: vda1
[    2.095563] 0.flash: Found 2 x16 devices at 0x0 in 32-bit bank. Manufacturer ID 0x000000 Chip ID 0x000000
[    2.096274] Intel/Sharp Extended Query Table at 0x0031
[    2.097779] Using buffer write method
[    2.098243] erase region 0: offset=0x0,size=0x40000,blocks=256
[    2.105886] 0.flash: Found 2 x16 devices at 0x0 in 32-bit bank. Manufacturer ID 0x000000 Chip ID 0x000000
[    2.106172] Intel/Sharp Extended Query Table at 0x0031
[    2.106985] Using buffer write method
[    2.107122] erase region 0: offset=0x0,size=0x40000,blocks=256
[    2.107374] Concatenating MTD devices:
[    2.107684] (0): "0.flash"
[    2.107766] (1): "0.flash"
[    2.107854] into device "0.flash"
[    2.122210] [nandsim] warning: read_byte: unexpected data output cycle, state is STATE_READY return 0x0
[    2.122469] [nandsim] warning: read_byte: unexpected data output cycle, state is STATE_READY return 0x0
[    2.122666] [nandsim] warning: read_byte: unexpected data output cycle, state is STATE_READY return 0x0
[    2.122881] [nandsim] warning: read_byte: unexpected data output cycle, state is STATE_READY return 0x0
[    2.123052] [nandsim] warning: read_byte: unexpected data output cycle, state is STATE_READY return 0x0
[    2.123223] [nandsim] warning: read_byte: unexpected data output cycle, state is STATE_READY return 0x0
[    2.123675] nand: device found, Manufacturer ID: 0x98, Chip ID: 0x39
[    2.123818] nand: Toshiba NAND 128MiB 1,8V 8-bit
[    2.123973] nand: 128 MiB, SLC, erase size: 16 KiB, page size: 512, OOB size: 16
[    2.124859] flash size: 128 MiB
[    2.124975] page size: 512 bytes
[    2.125071] OOB area size: 16 bytes
[    2.125152] sector size: 16 KiB
[    2.125226] pages number: 262144
[    2.125304] pages per sector: 32
[    2.125410] bus width: 8
[    2.125467] bits in sector size: 14
[    2.125571] bits in page size: 9
[    2.125650] bits in OOB size: 4
[    2.125729] flash size with OOB: 135168 KiB
[    2.125850] page address bytes: 4
[    2.125953] sector address bytes: 3
[    2.126051] options: 0x42
[    2.428183] Scanning device for bad blocks
[    2.542094] firmadyne: do_execve: /firmadyne/console
[    2.542317] OFFSETS: offset of pid: 0x190 offset of comm: 0x270
[    2.542795] Creating 11 MTD partitions on "NAND 128MiB 1,8V 8-bit":
[    2.543264] 0x000000000000-0x000000100000 : "NAND simulator partition 0"
[    2.545797] 0x000000100000-0x000000200000 : "NAND simulator partition 1"
[    2.547233] 0x000000200000-0x000000300000 : "NAND simulator partition 2"
[    2.548813] 0x000000300000-0x000000400000 : "NAND simulator partition 3"
[    2.550385] 0x000000400000-0x000000500000 : "NAND simulator partition 4"
[    2.551800] 0x000000500000-0x000000600000 : "NAND simulator partition 5"
[    2.553260] 0x000000600000-0x000000700000 : "NAND simulator partition 6"
[    2.555009] 0x000000700000-0x000000800000 : "NAND simulator partition 7"
[    2.556498] 0x000000800000-0x000000900000 : "NAND simulator partition 8"
[    2.558193] 0x000000900000-0x000000a00000 : "NAND simulator partition 9"
[    2.559670] 0x000000a00000-0x000008000000 : "NAND simulator partition 10"
[    2.565596] tun: Universal TUN/TAP device driver, 1.6
[    2.565744] tun: (C) 1999-2004 Max Krasnyansky <maxk@qualcomm.com>
[    2.940331] PPP generic driver version 2.4.2
[    2.941187] PPP BSD Compression module registered
[    2.941379] PPP Deflate Compression module registered
[    2.941691] PPP MPPE Compression module registered
[    2.941867] NET: Registered protocol family 24
[    2.942235] PPTP driver version 0.8.5
[    2.994536] usbcore: registered new interface driver usb-storage
[    2.998510] rtc-pl031 9010000.pl031: rtc core: registered pl031 as rtc0
[    2.999336] hidraw: raw HID events driver (C) Jiri Kosina
[    2.999911] usbcore: registered new interface driver usbhid
[    3.000046] usbhid: USB HID core driver
[    3.000536] Netfilter messages via NETLINK v0.30.
[    3.001284] nf_conntrack version 0.5.0 (3958 buckets, 15832 max)
[    3.002828] ctnetlink v0.93: registering with nfnetlink.
[    3.004459] ipip: IPv4 over IPv4 tunneling driver
[    3.006787] gre: GRE over IPv4 demultiplexor driver
[    3.006999] ip_gre: GRE over IPv4 tunneling driver
[    3.012150] ip_tables: (C) 2000-2006 Netfilter Core Team
[    3.014023] arp_tables: (C) 2002 David S. Miller
[    3.015112] Initializing XFRM netlink socket
[    3.015662] NET: Registered protocol family 10
[    3.038141] ip6_tables: (C) 2000-2006 Netfilter Core Team
[    3.040127] sit: IPv6 over IPv4 tunneling driver
[    3.044150] NET: Registered protocol family 17
[    3.044821] bridge: automatic filtering via arp/ip/ip6tables has been deprecated. Update your scripts to load br_netfilter if you need this.
[    3.045177] Bridge firewalling registered
[    3.045331] Ebtables v2.0 registered
[    3.046719] 8021q: 802.1Q VLAN Support v1.8
[    3.047553] Registering SWP/SWPB emulation handler
[    3.050532] rtc-pl031 9010000.pl031: setting system clock to 2018-07-19 08:07:17 UTC (1531987637)
[    3.062607] EXT4-fs (vda1): couldn't mount as ext3 due to feature incompatibilities
[    3.065032] EXT4-fs (vda1): mounting ext2 file system using the ext4 subsystem
[    3.077949] EXT4-fs (vda1): mounted filesystem without journal. Opts: (null)
[    3.079140] VFS: Mounted root (ext2 filesystem) on device 254:1.
[    3.098515] Freeing unused kernel memory: 180K (c05c7000 - c05f4000)
[    3.216738] firmadyne: sys_reboot[PID: 54 (init)]: magic1:fee1dead, magic2:28121969, cmd:0
[    3.227237] firmadyne: sys_socket[PID: 1 (init)]: family:1, type:2, protocol:0
[    3.229289] firmadyne: sys_socket[PID: 1 (init)]: family:1, type:1, protocol:0
init started: BusyBox v1.11.2 (2014-05-30 10:19:45 CDT)
[    3.326722] firmadyne: sys_socket[PID: 55 (init)]: family:1, type:2, protocol:0
[    3.327134] firmadyne: sys_socket[PID: 55 (init)]: family:1, type:1, protocol:0
[    3.329183] firmadyne: sys_socket[PID: 55 (init)]: family:1, type:2, protocol:0
[    3.329491] firmadyne: sys_socket[PID: 55 (init)]: family:1, type:1, protocol:0
Cannot run '/etc/init.d/rcS': No such file or directory

Please press Enter to activate this console. [    4.448390] cfg80211: Calling CRDA to update world regulatory domain
[    7.598073] cfg80211: Calling CRDA to update world regulatory domain
[   10.748394] cfg80211: Calling CRDA to update world regulatory domain
[   13.897851] cfg80211: Calling CRDA to update world regulatory domain
[   17.050949] cfg80211: Calling CRDA to update world regulatory domain
[   20.199898] cfg80211: Calling CRDA to update world regulatory domain
[   23.349177] cfg80211: Calling CRDA to update world regulatory domain
[   26.497929] cfg80211: Calling CRDA to update world regulatory domain
[   29.648248] cfg80211: Calling CRDA to update world regulatory domain
[   32.800422] cfg80211: Calling CRDA to update world regulatory domain
[   35.949596] cfg80211: Exceeded CRDA call max attempts. Not calling CRDA
Starting firmware emulation... use Ctrl-a + x to exit
qemu-system-arm: terminating on signal 2 from pid 45209 (timeout)
[    0.000000] Booting Linux on physical CPU 0x0
[    0.000000] Linux version 4.1.17+ (vagrant@vagrant-ubuntu-trusty-64) (gcc version 5.3.0 (GCC) ) #1 Thu Feb 18 01:05:21 UTC 2016
[    0.000000] CPU: ARMv7 Processor [412fc0f1] revision 1 (ARMv7), cr=10c5387d
[    0.000000] CPU: PIPT / VIPT nonaliasing data cache, PIPT instruction cache
[    0.000000] Machine model: linux,dummy-virt
[    0.000000] debug: ignoring loglevel setting.
[    0.000000] Memory policy: Data cache writeback
[    0.000000] On node 0 totalpages: 65536
[    0.000000] free_area_init_node: node 0, pgdat c061dfe8, node_mem_map cfdf9000
[    0.000000]   Normal zone: 512 pages used for memmap
[    0.000000]   Normal zone: 0 pages reserved
[    0.000000]   Normal zone: 65536 pages, LIFO batch:15
[    0.000000] psci: probing for conduit method from DT.
[    0.000000] psci: PSCIv0.2 detected in firmware.
[    0.000000] psci: Using standard PSCI v0.2 function IDs
[    0.000000] CPU: All CPU(s) started in SVC mode.
[    0.000000] pcpu-alloc: s0 r0 d32768 u32768 alloc=1*32768
[    0.000000] pcpu-alloc: [0] 0 
[    0.000000] Built 1 zonelists in Zone order, mobility grouping on.  Total pages: 65024
[    0.000000] Kernel command line: root=/dev/vda1 console=ttyS0 nandsim.parts=64,64,64,64,64,64,64,64,64,64 rdinit=/firmadyne/preInit.sh rw debug ignore_loglevel print-fatal-signals=1 user_debug=31 firmadyne.syscall=0
[    0.000000] PID hash table entries: 1024 (order: 0, 4096 bytes)
[    0.000000] Dentry cache hash table entries: 32768 (order: 5, 131072 bytes)
[    0.000000] Inode-cache hash table entries: 16384 (order: 4, 65536 bytes)
[    0.000000] Memory: 253340K/262144K available (4297K kernel code, 170K rwdata, 1584K rodata, 180K init, 148K bss, 8804K reserved, 0K cma-reserved)
[    0.000000] Virtual kernel memory layout:
[    0.000000]     vector  : 0xffff0000 - 0xffff1000   (   4 kB)
[    0.000000]     fixmap  : 0xffc00000 - 0xfff00000   (3072 kB)
[    0.000000]     vmalloc : 0xd0800000 - 0xff000000   ( 744 MB)
[    0.000000]     lowmem  : 0xc0000000 - 0xd0000000   ( 256 MB)
[    0.000000]     modules : 0xbf000000 - 0xc0000000   (  16 MB)
[    0.000000]       .text : 0xc0008000 - 0xc05c67bc   (5882 kB)
[    0.000000]       .init : 0xc05c7000 - 0xc05f4000   ( 180 kB)
[    0.000000]       .data : 0xc05f4000 - 0xc061e840   ( 171 kB)
[    0.000000]        .bss : 0xc0621000 - 0xc06462d4   ( 149 kB)
[    0.000000] NR_IRQS:16 nr_irqs:16 16
[    0.000000] Architected cp15 timer(s) running at 62.50MHz (virt).
[    0.000000] clocksource arch_sys_counter: mask: 0xffffffffffffff max_cycles: 0x1cd42e208c, max_idle_ns: 881590405314 ns
[    0.000158] sched_clock: 56 bits at 62MHz, resolution 16ns, wraps every 4398046511096ns
[    0.000300] Switching to timer-based delay loop, resolution 16ns
[    0.003542] Console: colour dummy device 80x30
[    0.003848] Calibrating delay loop (skipped), value calculated using timer frequency.. 125.00 BogoMIPS (lpj=625000)
[    0.004013] pid_max: default: 32768 minimum: 301
[    0.004920] Mount-cache hash table entries: 1024 (order: 0, 4096 bytes)
[    0.004978] Mountpoint-cache hash table entries: 1024 (order: 0, 4096 bytes)
[    0.075666] CPU: Testing write buffer coherency: ok
[    0.082184] Setting up static identity map for 0x40008240 - 0x40008298
[    0.097233] VFP support v0.3: implementor 41 architecture 4 part 30 variant f rev 0
[    0.179003] clocksource jiffies: mask: 0xffffffff max_cycles: 0xffffffff, max_idle_ns: 19112604462750000 ns
[    0.188575] NET: Registered protocol family 16
[    0.191938] DMA: preallocated 256 KiB pool for atomic coherent allocations
[    0.196379] cpuidle: using governor ladder
[    0.196548] cpuidle: using governor menu
[    0.219167] Serial: AMBA PL011 UART driver
[    0.221435] 9000000.pl011: ttyS0 at MMIO 0x9000000 (irq = 54, base_baud = 0) is a PL011 rev1
[    0.229056] console [ttyS0] enabled
[    0.347843] vgaarb: loaded
[    0.349496] SCSI subsystem initialized
[    0.350712] usbcore: registered new interface driver usbfs
[    0.351104] usbcore: registered new interface driver hub
[    0.351465] usbcore: registered new device driver usb
[    0.361212] cfg80211: Calling CRDA to update world regulatory domain
[    0.363905] Switched to clocksource arch_sys_counter
[    0.382687] NET: Registered protocol family 2
[    0.388377] TCP established hash table entries: 2048 (order: 1, 8192 bytes)
[    0.388675] TCP bind hash table entries: 2048 (order: 1, 8192 bytes)
[    0.388985] TCP: Hash tables configured (established 2048 bind 2048)
[    0.389558] UDP hash table entries: 256 (order: 0, 4096 bytes)
[    0.389810] UDP-Lite hash table entries: 256 (order: 0, 4096 bytes)
[    0.391366] NET: Registered protocol family 1
[    0.391837] PCI: CLS 0 bytes, default 64
[    0.399367] NetWinder Floating Point Emulator V0.97 (extended precision)
[    0.402272] futex hash table entries: 256 (order: -1, 3072 bytes)
[    0.453981] squashfs: version 4.0 (2009/01/31) Phillip Lougher
[    0.455441] jffs2: version 2.2. (NAND) © 2001-2006 Red Hat, Inc.
[    0.456274] romfs: ROMFS MTD (C) 2007 Red Hat, Inc.
[    0.465220] Block layer SCSI generic (bsg) driver version 0.4 loaded (major 253)
[    0.465601] io scheduler noop registered
[    0.465846] io scheduler cfq registered (default)
[    0.466515] firmadyne: devfs: 1, execute: 1, procfs: 1, syscall: 0
[    0.467927] ------------[ cut here ]------------
[    0.468132] WARNING: CPU: 0 PID: 1 at /home/vagrant/firmadyne-kernel/kernel-v4.1/fs/sysfs/dir.c:31 sysfs_warn_dup+0x50/0x6c()
[    0.468368] sysfs: cannot create duplicate filename '/class/gpio'
[    0.468528] Modules linked in:
[    0.468845] CPU: 0 PID: 1 Comm: swapper Not tainted 4.1.17+ #1
[    0.468983] Hardware name: Generic DT based system
[    0.469686] [<c001c99c>] (unwind_backtrace) from [<c0019d30>] (show_stack+0x10/0x14)
[    0.469965] [<c0019d30>] (show_stack) from [<c0024ab4>] (warn_slowpath_common+0x80/0xa8)
[    0.470164] [<c0024ab4>] (warn_slowpath_common) from [<c0024b08>] (warn_slowpath_fmt+0x2c/0x3c)
[    0.470401] [<c0024b08>] (warn_slowpath_fmt) from [<c00e363c>] (sysfs_warn_dup+0x50/0x6c)
[    0.470581] [<c00e363c>] (sysfs_warn_dup) from [<c00e3714>] (sysfs_create_dir_ns+0x74/0x84)
[    0.470764] [<c00e3714>] (sysfs_create_dir_ns) from [<c018e6ac>] (kobject_add_internal+0xb8/0x2ac)
[    0.470953] [<c018e6ac>] (kobject_add_internal) from [<c018e9a8>] (kset_register+0x1c/0x44)
[    0.471132] [<c018e9a8>] (kset_register) from [<c02090b4>] (__class_register+0xa8/0x198)
[    0.471308] [<c02090b4>] (__class_register) from [<c02091e4>] (__class_create+0x40/0x70)
[    0.471481] [<c02091e4>] (__class_create) from [<c01adf68>] (register_devfs_stubs+0x314/0xbb4)
[    0.471665] [<c01adf68>] (register_devfs_stubs) from [<c05d9b08>] (init_module+0x28/0xa4)
[    0.471868] [<c05d9b08>] (init_module) from [<c0009670>] (do_one_initcall+0x104/0x1b4)
[    0.472041] [<c0009670>] (do_one_initcall) from [<c05c7d08>] (kernel_init_freeable+0xf0/0x1b0)
[    0.472228] [<c05c7d08>] (kernel_init_freeable) from [<c040f28c>] (kernel_init+0x8/0xe4)
[    0.472398] [<c040f28c>] (kernel_init) from [<c0016da8>] (ret_from_fork+0x14/0x2c)
[    0.472661] ---[ end trace d0a64a4f95bcb05c ]---
[    0.472865] ------------[ cut here ]------------
[    0.472980] WARNING: CPU: 0 PID: 1 at /home/vagrant/firmadyne-kernel/kernel-v4.1/lib/kobject.c:240 kobject_add_internal+0x240/0x2ac()
[    0.473199] kobject_add_internal failed for gpio with -EEXIST, don't try to register things with the same name in the same directory.
[    0.473412] Modules linked in:
[    0.473589] CPU: 0 PID: 1 Comm: swapper Tainted: G        W       4.1.17+ #1
[    0.473917] Hardware name: Generic DT based system
[    0.474043] [<c001c99c>] (unwind_backtrace) from [<c0019d30>] (show_stack+0x10/0x14)
[    0.474209] [<c0019d30>] (show_stack) from [<c0024ab4>] (warn_slowpath_common+0x80/0xa8)
[    0.474398] [<c0024ab4>] (warn_slowpath_common) from [<c0024b08>] (warn_slowpath_fmt+0x2c/0x3c)
[    0.474573] [<c0024b08>] (warn_slowpath_fmt) from [<c018e834>] (kobject_add_internal+0x240/0x2ac)
[    0.474759] [<c018e834>] (kobject_add_internal) from [<c018e9a8>] (kset_register+0x1c/0x44)
[    0.474943] [<c018e9a8>] (kset_register) from [<c02090b4>] (__class_register+0xa8/0x198)
[    0.475111] [<c02090b4>] (__class_register) from [<c02091e4>] (__class_create+0x40/0x70)
[    0.475281] [<c02091e4>] (__class_create) from [<c01adf68>] (register_devfs_stubs+0x314/0xbb4)
[    0.475477] [<c01adf68>] (register_devfs_stubs) from [<c05d9b08>] (init_module+0x28/0xa4)
[    0.475642] [<c05d9b08>] (init_module) from [<c0009670>] (do_one_initcall+0x104/0x1b4)
[    0.475803] [<c0009670>] (do_one_initcall) from [<c05c7d08>] (kernel_init_freeable+0xf0/0x1b0)
[    0.475993] [<c05c7d08>] (kernel_init_freeable) from [<c040f28c>] (kernel_init+0x8/0xe4)
[    0.476157] [<c040f28c>] (kernel_init) from [<c0016da8>] (ret_from_fork+0x14/0x2c)
[    0.476352] ---[ end trace d0a64a4f95bcb05d ]---
[    0.476520] firmadyne: Cannot create device class: gpio!
[    0.478484] firmadyne: Cannot register character device: watchdog, 0xa, 0x82!
[    0.478662] firmadyne: Cannot register character device: wdt, 0xfd, 0x0!
[    0.561568] PCI host bridge /pcie@10000000 ranges:
[    0.562182]    IO 0x3eff0000..0x3effffff -> 0x00000000
[    0.562562]   MEM 0x10000000..0x3efeffff -> 0x10000000
[    0.562688]   MEM 0x8000000000..0xffffffffff -> 0x8000000000
[    0.563423] pci-host-generic 3f000000.pcie: resource collision: [mem 0x00000000-0xffffffff] conflicts with /pl011@9000000 [mem 0x09000000-0x09000fff]
[    0.564342] pci-host-generic: probe of 3f000000.pcie failed with error -16
[    0.576413] Non-volatile memory driver v1.3
[    0.664848] brd: module loaded
[    0.675630] loop: module loaded
[    0.772977]  vda: vda1
[    0.785946] 0.flash: Found 2 x16 devices at 0x0 in 32-bit bank. Manufacturer ID 0x000000 Chip ID 0x000000
[    0.786606] Intel/Sharp Extended Query Table at 0x0031
[    0.787765] Using buffer write method
[    0.788186] erase region 0: offset=0x0,size=0x40000,blocks=256
[    0.796096] 0.flash: Found 2 x16 devices at 0x0 in 32-bit bank. Manufacturer ID 0x000000 Chip ID 0x000000
[    0.796359] Intel/Sharp Extended Query Table at 0x0031
[    0.797147] Using buffer write method
[    0.797262] erase region 0: offset=0x0,size=0x40000,blocks=256
[    0.797532] Concatenating MTD devices:
[    0.797640] (0): "0.flash"
[    0.797719] (1): "0.flash"
[    0.797806] into device "0.flash"
[    0.810653] [nandsim] warning: read_byte: unexpected data output cycle, state is STATE_READY return 0x0
[    0.810874] [nandsim] warning: read_byte: unexpected data output cycle, state is STATE_READY return 0x0
[    0.811096] [nandsim] warning: read_byte: unexpected data output cycle, state is STATE_READY return 0x0
[    0.811268] [nandsim] warning: read_byte: unexpected data output cycle, state is STATE_READY return 0x0
[    0.811443] [nandsim] warning: read_byte: unexpected data output cycle, state is STATE_READY return 0x0
[    0.811590] [nandsim] warning: read_byte: unexpected data output cycle, state is STATE_READY return 0x0
[    0.812032] nand: device found, Manufacturer ID: 0x98, Chip ID: 0x39
[    0.812179] nand: Toshiba NAND 128MiB 1,8V 8-bit
[    0.812301] nand: 128 MiB, SLC, erase size: 16 KiB, page size: 512, OOB size: 16
[    0.813226] flash size: 128 MiB
[    0.813330] page size: 512 bytes
[    0.813414] OOB area size: 16 bytes
[    0.813483] sector size: 16 KiB
[    0.813581] pages number: 262144
[    0.814336] pages per sector: 32
[    0.814443] bus width: 8
[    0.814503] bits in sector size: 14
[    0.814593] bits in page size: 9
[    0.814676] bits in OOB size: 4
[    0.814745] flash size with OOB: 135168 KiB
[    0.814822] page address bytes: 4
[    0.814907] sector address bytes: 3
[    0.815018] options: 0x42
[    0.877338] Scanning device for bad blocks
[    0.989265] firmadyne: do_execve: /firmadyne/console
[    0.989514] OFFSETS: offset of pid: 0x190 offset of comm: 0x270
[    0.990049] Creating 11 MTD partitions on "NAND 128MiB 1,8V 8-bit":
[    0.990472] 0x000000000000-0x000000100000 : "NAND simulator partition 0"
[    0.992758] 0x000000100000-0x000000200000 : "NAND simulator partition 1"
[    0.994458] 0x000000200000-0x000000300000 : "NAND simulator partition 2"
[    0.995918] 0x000000300000-0x000000400000 : "NAND simulator partition 3"
[    0.997448] 0x000000400000-0x000000500000 : "NAND simulator partition 4"
[    0.998919] 0x000000500000-0x000000600000 : "NAND simulator partition 5"
[    1.000366] 0x000000600000-0x000000700000 : "NAND simulator partition 6"
[    1.002035] 0x000000700000-0x000000800000 : "NAND simulator partition 7"
[    1.003416] 0x000000800000-0x000000900000 : "NAND simulator partition 8"
[    1.004978] 0x000000900000-0x000000a00000 : "NAND simulator partition 9"
[    1.006423] 0x000000a00000-0x000008000000 : "NAND simulator partition 10"
[    1.012029] tun: Universal TUN/TAP device driver, 1.6
[    1.012170] tun: (C) 1999-2004 Max Krasnyansky <maxk@qualcomm.com>
[    1.147954] PPP generic driver version 2.4.2
[    1.148790] PPP BSD Compression module registered
[    1.149038] PPP Deflate Compression module registered
[    1.149275] PPP MPPE Compression module registered
[    1.149427] NET: Registered protocol family 24
[    1.149772] PPTP driver version 0.8.5
[    1.198500] usbcore: registered new interface driver usb-storage
[    1.202125] rtc-pl031 9010000.pl031: rtc core: registered pl031 as rtc0
[    1.202960] hidraw: raw HID events driver (C) Jiri Kosina
[    1.203548] usbcore: registered new interface driver usbhid
[    1.203855] usbhid: USB HID core driver
[    1.204333] Netfilter messages via NETLINK v0.30.
[    1.205042] nf_conntrack version 0.5.0 (3958 buckets, 15832 max)
[    1.206572] ctnetlink v0.93: registering with nfnetlink.
[    1.208022] ipip: IPv4 over IPv4 tunneling driver
[    1.210217] gre: GRE over IPv4 demultiplexor driver
[    1.210385] ip_gre: GRE over IPv4 tunneling driver
[    1.215207] ip_tables: (C) 2000-2006 Netfilter Core Team
[    1.216933] arp_tables: (C) 2002 David S. Miller
[    1.306230] Initializing XFRM netlink socket
[    1.306847] NET: Registered protocol family 10
[    1.314461] ip6_tables: (C) 2000-2006 Netfilter Core Team
[    1.316276] sit: IPv6 over IPv4 tunneling driver
[    1.320440] NET: Registered protocol family 17
[    1.321166] bridge: automatic filtering via arp/ip/ip6tables has been deprecated. Update your scripts to load br_netfilter if you need this.
[    1.321548] Bridge firewalling registered
[    1.321699] Ebtables v2.0 registered
[    1.322956] 8021q: 802.1Q VLAN Support v1.8
[    1.323776] Registering SWP/SWPB emulation handler
[    1.326777] rtc-pl031 9010000.pl031: setting system clock to 2018-07-19 08:08:18 UTC (1531987698)
[    1.338358] EXT4-fs (vda1): couldn't mount as ext3 due to feature incompatibilities
[    1.340275] EXT4-fs (vda1): mounting ext2 file system using the ext4 subsystem
[    1.348989] EXT4-fs (vda1): warning: mounting unchecked fs, running e2fsck is recommended
[    1.352043] EXT4-fs (vda1): mounted filesystem without journal. Opts: (null)
[    1.353186] VFS: Mounted root (ext2 filesystem) on device 254:1.
[    1.373025] Freeing unused kernel memory: 180K (c05c7000 - c05f4000)
[    2.157944] firmadyne: sys_reboot[PID: 54 (init)]: magic1:fee1dead, magic2:28121969, cmd:0
init started: BusyBox v1.11.2 (2014-05-30 10:19:45 CDT)
Cannot run '/etc/init.d/rcS': No such file or directory

Please press Enter to activate this console. [    3.504927] cfg80211: Calling CRDA to update world regulatory domain
[    6.654245] cfg80211: Calling CRDA to update world regulatory domain
[    9.804406] cfg80211: Calling CRDA to update world regulatory domain
[   12.954355] cfg80211: Calling CRDA to update world regulatory domain
[   16.106911] cfg80211: Calling CRDA to update world regulatory domain
[   19.256035] cfg80211: Calling CRDA to update world regulatory domain
[   22.405149] cfg80211: Calling CRDA to update world regulatory domain
[   25.554330] cfg80211: Calling CRDA to update world regulatory domain
[   28.704543] cfg80211: Calling CRDA to update world regulatory domain
[   31.856684] cfg80211: Calling CRDA to update world regulatory domain
[   35.005831] cfg80211: Exceeded CRDA call max attempts. Not calling CRDA
