>> Database Image ID: 57

/home/zhumengfan/firmware/firmwares/2ccfb22ba0d7b63a6acb7a7a0f5a5dd27c4154b0.bin
>> MD5: 2721830a3282b107ded0b0fbca636f3d
>> Tag: 57
>> Temp: /tmp/tmpczAEwB
>> Status: Kernel: True, Rootfs: False, Do_Kernel: False,                 Do_Rootfs: True
>>>> Squashfs filesystem, little endian, version 4.0, compression:gzip, size: 3796406 bytes, 596 inodes, blocksize: 131072 bytes, created: 2014-04-12 07:16:04
>>>> Found Linux filesystem in /tmp/tmpczAEwB/_2ccfb22ba0d7b63a6acb7a7a0f5a5dd27c4154b0.bin.extracted/squashfs-root!
>> Skipping: completed!
>> Cleaning up /tmp/tmpczAEwB...
./bin/busybox: armel
Querying database for architecture... armel
----Running----
----Copying Filesystem Tarball----
----Creating QEMU Image----
Formatting '/home/zhumengfan/firmadyne//scratch//57//image.raw', fmt=raw size=1073741824
----Creating Partition Table----

Welcome to fdisk (util-linux 2.27.1).
Changes will remain in memory only, until you decide to write them.
Be careful before using the write command.

Device does not contain a recognized partition table.
Created a new DOS disklabel with disk identifier 0xfe66ec70.

Command (m for help): Created a new DOS disklabel with disk identifier 0x87356e1e.

Command (m for help): Partition type
   p   primary (0 primary, 0 extended, 4 free)
   e   extended (container for logical partitions)
Select (default p): Partition number (1-4, default 1): First sector (2048-2097151, default 2048): Last sector, +sectors or +size{K,M,G,T,P} (2048-2097151, default 2097151): 
Created a new partition 1 of type 'Linux' and of size 1023 MiB.

Command (m for help): The partition table has been altered.
Syncing disks.

----Mounting QEMU Image----
add map loop0p1 (252:0): 0 2095104 linear 7:0 2048
----Creating Filesystem----
mke2fs 1.42.13 (17-May-2015)
Discarding device blocks:   4096/261888             done                            
Creating filesystem with 261888 4k blocks and 65536 inodes
Filesystem UUID: 40fba637-71bf-4aa5-aa85-f5e6c8588a84
Superblock backups stored on blocks: 
	32768, 98304, 163840, 229376

Allocating group tables: 0/8   done                            
Writing inode tables: 0/8   done                            
Writing superblocks and filesystem accounting information: 0/8   done

----Making QEMU Image Mountpoint----
----Mounting QEMU Image Partition 1----
----Extracting Filesystem Tarball----
----Creating FIRMADYNE Directories----
----Patching Filesystem (chroot)----
Creating /etc/TZ!
Creating /etc/hosts!
Creating /etc/passwd!
Warning: Recreating device nodes!
Removing /etc/scripts/sys_resetbutton!
----Setting up FIRMADYNE----
----Unmounting QEMU Image----
loop deleted : /dev/loop0
Querying database for architecture... armel
Running firmware 57: terminating after 60 secs...
qemu-system-arm: terminating on signal 2 from pid 91180 (timeout)
Inferring network...
Interfaces: []
Done!
[    0.000000] Booting Linux on physical CPU 0x0
[    0.000000] Linux version 4.1.17+ (vagrant@vagrant-ubuntu-trusty-64) (gcc version 5.3.0 (GCC) ) #1 Thu Feb 18 01:05:21 UTC 2016
[    0.000000] CPU: ARMv7 Processor [412fc0f1] revision 1 (ARMv7), cr=10c5387d
[    0.000000] CPU: PIPT / VIPT nonaliasing data cache, PIPT instruction cache
[    0.000000] Machine model: linux,dummy-virt
[    0.000000] debug: ignoring loglevel setting.
[    0.000000] Memory policy: Data cache writeback
[    0.000000] On node 0 totalpages: 65536
[    0.000000] free_area_init_node: node 0, pgdat c061dfe8, node_mem_map cfdf9000
[    0.000000]   Normal zone: 512 pages used for memmap
[    0.000000]   Normal zone: 0 pages reserved
[    0.000000]   Normal zone: 65536 pages, LIFO batch:15
[    0.000000] psci: probing for conduit method from DT.
[    0.000000] psci: PSCIv0.2 detected in firmware.
[    0.000000] psci: Using standard PSCI v0.2 function IDs
[    0.000000] CPU: All CPU(s) started in SVC mode.
[    0.000000] pcpu-alloc: s0 r0 d32768 u32768 alloc=1*32768
[    0.000000] pcpu-alloc: [0] 0 
[    0.000000] Built 1 zonelists in Zone order, mobility grouping on.  Total pages: 65024
[    0.000000] Kernel command line: firmadyne.syscall=1 root=/dev/vda1 console=ttyS0 nandsim.parts=64,64,64,64,64,64,64,64,64,64 rdinit=/firmadyne/preInit.sh rw debug ignore_loglevel print-fatal-signals=1 user_debug=31
[    0.000000] PID hash table entries: 1024 (order: 0, 4096 bytes)
[    0.000000] Dentry cache hash table entries: 32768 (order: 5, 131072 bytes)
[    0.000000] Inode-cache hash table entries: 16384 (order: 4, 65536 bytes)
[    0.000000] Memory: 253340K/262144K available (4297K kernel code, 170K rwdata, 1584K rodata, 180K init, 148K bss, 8804K reserved, 0K cma-reserved)
[    0.000000] Virtual kernel memory layout:
[    0.000000]     vector  : 0xffff0000 - 0xffff1000   (   4 kB)
[    0.000000]     fixmap  : 0xffc00000 - 0xfff00000   (3072 kB)
[    0.000000]     vmalloc : 0xd0800000 - 0xff000000   ( 744 MB)
[    0.000000]     lowmem  : 0xc0000000 - 0xd0000000   ( 256 MB)
[    0.000000]     modules : 0xbf000000 - 0xc0000000   (  16 MB)
[    0.000000]       .text : 0xc0008000 - 0xc05c67bc   (5882 kB)
[    0.000000]       .init : 0xc05c7000 - 0xc05f4000   ( 180 kB)
[    0.000000]       .data : 0xc05f4000 - 0xc061e840   ( 171 kB)
[    0.000000]        .bss : 0xc0621000 - 0xc06462d4   ( 149 kB)
[    0.000000] NR_IRQS:16 nr_irqs:16 16
[    0.000000] Architected cp15 timer(s) running at 62.50MHz (virt).
[    0.000000] clocksource arch_sys_counter: mask: 0xffffffffffffff max_cycles: 0x1cd42e208c, max_idle_ns: 881590405314 ns
[    0.000173] sched_clock: 56 bits at 62MHz, resolution 16ns, wraps every 4398046511096ns
[    0.000313] Switching to timer-based delay loop, resolution 16ns
[    0.003551] Console: colour dummy device 80x30
[    0.003882] Calibrating delay loop (skipped), value calculated using timer frequency.. 125.00 BogoMIPS (lpj=625000)
[    0.004015] pid_max: default: 32768 minimum: 301
[    0.004922] Mount-cache hash table entries: 1024 (order: 0, 4096 bytes)
[    0.004960] Mountpoint-cache hash table entries: 1024 (order: 0, 4096 bytes)
[    0.113335] CPU: Testing write buffer coherency: ok
[    0.119807] Setting up static identity map for 0x40008240 - 0x40008298
[    0.135082] VFP support v0.3: implementor 41 architecture 4 part 30 variant f rev 0
[    0.238846] clocksource jiffies: mask: 0xffffffff max_cycles: 0xffffffff, max_idle_ns: 19112604462750000 ns
[    0.248335] NET: Registered protocol family 16
[    0.251634] DMA: preallocated 256 KiB pool for atomic coherent allocations
[    0.255764] cpuidle: using governor ladder
[    0.255932] cpuidle: using governor menu
[    0.277316] Serial: AMBA PL011 UART driver
[    0.279921] 9000000.pl011: ttyS0 at MMIO 0x9000000 (irq = 54, base_baud = 0) is a PL011 rev1
[    0.287618] console [ttyS0] enabled
[    0.329111] vgaarb: loaded
[    0.330674] SCSI subsystem initialized
[    0.331770] usbcore: registered new interface driver usbfs
[    0.332130] usbcore: registered new interface driver hub
[    0.332454] usbcore: registered new device driver usb
[    0.341927] cfg80211: Calling CRDA to update world regulatory domain
[    0.344441] Switched to clocksource arch_sys_counter
[    0.362506] NET: Registered protocol family 2
[    0.368074] TCP established hash table entries: 2048 (order: 1, 8192 bytes)
[    0.368377] TCP bind hash table entries: 2048 (order: 1, 8192 bytes)
[    0.368699] TCP: Hash tables configured (established 2048 bind 2048)
[    0.369241] UDP hash table entries: 256 (order: 0, 4096 bytes)
[    0.369483] UDP-Lite hash table entries: 256 (order: 0, 4096 bytes)
[    0.370941] NET: Registered protocol family 1
[    0.371402] PCI: CLS 0 bytes, default 64
[    0.378761] NetWinder Floating Point Emulator V0.97 (extended precision)
[    0.381579] futex hash table entries: 256 (order: -1, 3072 bytes)
[    0.461196] squashfs: version 4.0 (2009/01/31) Phillip Lougher
[    0.462254] jffs2: version 2.2. (NAND) © 2001-2006 Red Hat, Inc.
[    0.463076] romfs: ROMFS MTD (C) 2007 Red Hat, Inc.
[    0.472599] Block layer SCSI generic (bsg) driver version 0.4 loaded (major 253)
[    0.472954] io scheduler noop registered
[    0.473191] io scheduler cfq registered (default)
[    0.473864] firmadyne: devfs: 1, execute: 1, procfs: 1, syscall: 1
[    0.475420] ------------[ cut here ]------------
[    0.475650] WARNING: CPU: 0 PID: 1 at /home/vagrant/firmadyne-kernel/kernel-v4.1/fs/sysfs/dir.c:31 sysfs_warn_dup+0x50/0x6c()
[    0.475859] sysfs: cannot create duplicate filename '/class/gpio'
[    0.476006] Modules linked in:
[    0.476337] CPU: 0 PID: 1 Comm: swapper Not tainted 4.1.17+ #1
[    0.476474] Hardware name: Generic DT based system
[    0.477191] [<c001c99c>] (unwind_backtrace) from [<c0019d30>] (show_stack+0x10/0x14)
[    0.477462] [<c0019d30>] (show_stack) from [<c0024ab4>] (warn_slowpath_common+0x80/0xa8)
[    0.477676] [<c0024ab4>] (warn_slowpath_common) from [<c0024b08>] (warn_slowpath_fmt+0x2c/0x3c)
[    0.477915] [<c0024b08>] (warn_slowpath_fmt) from [<c00e363c>] (sysfs_warn_dup+0x50/0x6c)
[    0.478077] [<c00e363c>] (sysfs_warn_dup) from [<c00e3714>] (sysfs_create_dir_ns+0x74/0x84)
[    0.478282] [<c00e3714>] (sysfs_create_dir_ns) from [<c018e6ac>] (kobject_add_internal+0xb8/0x2ac)
[    0.478466] [<c018e6ac>] (kobject_add_internal) from [<c018e9a8>] (kset_register+0x1c/0x44)
[    0.478640] [<c018e9a8>] (kset_register) from [<c02090b4>] (__class_register+0xa8/0x198)
[    0.478809] [<c02090b4>] (__class_register) from [<c02091e4>] (__class_create+0x40/0x70)
[    0.478978] [<c02091e4>] (__class_create) from [<c01adf68>] (register_devfs_stubs+0x314/0xbb4)
[    0.479168] [<c01adf68>] (register_devfs_stubs) from [<c05d9b08>] (init_module+0x28/0xa4)
[    0.479369] [<c05d9b08>] (init_module) from [<c0009670>] (do_one_initcall+0x104/0x1b4)
[    0.479539] [<c0009670>] (do_one_initcall) from [<c05c7d08>] (kernel_init_freeable+0xf0/0x1b0)
[    0.479718] [<c05c7d08>] (kernel_init_freeable) from [<c040f28c>] (kernel_init+0x8/0xe4)
[    0.479882] [<c040f28c>] (kernel_init) from [<c0016da8>] (ret_from_fork+0x14/0x2c)
[    0.480170] ---[ end trace 0816f15a50aee610 ]---
[    0.480363] ------------[ cut here ]------------
[    0.480475] WARNING: CPU: 0 PID: 1 at /home/vagrant/firmadyne-kernel/kernel-v4.1/lib/kobject.c:240 kobject_add_internal+0x240/0x2ac()
[    0.480714] kobject_add_internal failed for gpio with -EEXIST, don't try to register things with the same name in the same directory.
[    0.480917] Modules linked in:
[    0.481052] CPU: 0 PID: 1 Comm: swapper Tainted: G        W       4.1.17+ #1
[    0.481201] Hardware name: Generic DT based system
[    0.481319] [<c001c99c>] (unwind_backtrace) from [<c0019d30>] (show_stack+0x10/0x14)
[    0.481481] [<c0019d30>] (show_stack) from [<c0024ab4>] (warn_slowpath_common+0x80/0xa8)
[    0.481664] [<c0024ab4>] (warn_slowpath_common) from [<c0024b08>] (warn_slowpath_fmt+0x2c/0x3c)
[    0.481836] [<c0024b08>] (warn_slowpath_fmt) from [<c018e834>] (kobject_add_internal+0x240/0x2ac)
[    0.482059] [<c018e834>] (kobject_add_internal) from [<c018e9a8>] (kset_register+0x1c/0x44)
[    0.482229] [<c018e9a8>] (kset_register) from [<c02090b4>] (__class_register+0xa8/0x198)
[    0.482395] [<c02090b4>] (__class_register) from [<c02091e4>] (__class_create+0x40/0x70)
[    0.482592] [<c02091e4>] (__class_create) from [<c01adf68>] (register_devfs_stubs+0x314/0xbb4)
[    0.482762] [<c01adf68>] (register_devfs_stubs) from [<c05d9b08>] (init_module+0x28/0xa4)
[    0.482924] [<c05d9b08>] (init_module) from [<c0009670>] (do_one_initcall+0x104/0x1b4)
[    0.483108] [<c0009670>] (do_one_initcall) from [<c05c7d08>] (kernel_init_freeable+0xf0/0x1b0)
[    0.483283] [<c05c7d08>] (kernel_init_freeable) from [<c040f28c>] (kernel_init+0x8/0xe4)
[    0.483444] [<c040f28c>] (kernel_init) from [<c0016da8>] (ret_from_fork+0x14/0x2c)
[    0.483632] ---[ end trace 0816f15a50aee611 ]---
[    0.483782] firmadyne: Cannot create device class: gpio!
[    0.485755] firmadyne: Cannot register character device: watchdog, 0xa, 0x82!
[    0.485922] firmadyne: Cannot register character device: wdt, 0xfd, 0x0!
[    0.568860] PCI host bridge /pcie@10000000 ranges:
[    0.569443]    IO 0x3eff0000..0x3effffff -> 0x00000000
[    0.569837]   MEM 0x10000000..0x3efeffff -> 0x10000000
[    0.569966]   MEM 0x8000000000..0xffffffffff -> 0x8000000000
[    0.570669] pci-host-generic 3f000000.pcie: resource collision: [mem 0x00000000-0xffffffff] conflicts with /pl011@9000000 [mem 0x09000000-0x09000fff]
[    0.571403] pci-host-generic: probe of 3f000000.pcie failed with error -16
[    0.583177] Non-volatile memory driver v1.3
[    0.668206] brd: module loaded
[    0.678532] loop: module loaded
[    1.241267]  vda: vda1
[    1.253343] 0.flash: Found 2 x16 devices at 0x0 in 32-bit bank. Manufacturer ID 0x000000 Chip ID 0x000000
[    1.253998] Intel/Sharp Extended Query Table at 0x0031
[    1.255410] Using buffer write method
[    1.255845] erase region 0: offset=0x0,size=0x40000,blocks=256
[    1.263148] 0.flash: Found 2 x16 devices at 0x0 in 32-bit bank. Manufacturer ID 0x000000 Chip ID 0x000000
[    1.263414] Intel/Sharp Extended Query Table at 0x0031
[    1.264207] Using buffer write method
[    1.264482] erase region 0: offset=0x0,size=0x40000,blocks=256
[    1.264732] Concatenating MTD devices:
[    1.264837] (0): "0.flash"
[    1.264909] (1): "0.flash"
[    1.264975] into device "0.flash"
[    1.278163] [nandsim] warning: read_byte: unexpected data output cycle, state is STATE_READY return 0x0
[    1.278409] [nandsim] warning: read_byte: unexpected data output cycle, state is STATE_READY return 0x0
[    1.278600] [nandsim] warning: read_byte: unexpected data output cycle, state is STATE_READY return 0x0
[    1.278763] [nandsim] warning: read_byte: unexpected data output cycle, state is STATE_READY return 0x0
[    1.278925] [nandsim] warning: read_byte: unexpected data output cycle, state is STATE_READY return 0x0
[    1.279127] [nandsim] warning: read_byte: unexpected data output cycle, state is STATE_READY return 0x0
[    1.279560] nand: device found, Manufacturer ID: 0x98, Chip ID: 0x39
[    1.279702] nand: Toshiba NAND 128MiB 1,8V 8-bit
[    1.279819] nand: 128 MiB, SLC, erase size: 16 KiB, page size: 512, OOB size: 16
[    1.280732] flash size: 128 MiB
[    1.280813] page size: 512 bytes
[    1.280884] OOB area size: 16 bytes
[    1.280959] sector size: 16 KiB
[    1.281027] pages number: 262144
[    1.281095] pages per sector: 32
[    1.281184] bus width: 8
[    1.281245] bits in sector size: 14
[    1.281320] bits in page size: 9
[    1.281394] bits in OOB size: 4
[    1.281469] flash size with OOB: 135168 KiB
[    1.281574] page address bytes: 4
[    1.281643] sector address bytes: 3
[    1.281717] options: 0x42
[    1.840359] Scanning device for bad blocks
[    1.952549] firmadyne: do_execve: /firmadyne/console
[    1.952769] OFFSETS: offset of pid: 0x190 offset of comm: 0x270
[    1.953242] Creating 11 MTD partitions on "NAND 128MiB 1,8V 8-bit":
[    1.953652] 0x000000000000-0x000000100000 : "NAND simulator partition 0"
[    1.956017] 0x000000100000-0x000000200000 : "NAND simulator partition 1"
[    1.957417] 0x000000200000-0x000000300000 : "NAND simulator partition 2"
[    1.958808] 0x000000300000-0x000000400000 : "NAND simulator partition 3"
[    1.960254] 0x000000400000-0x000000500000 : "NAND simulator partition 4"
[    1.961658] 0x000000500000-0x000000600000 : "NAND simulator partition 5"
[    1.963075] 0x000000600000-0x000000700000 : "NAND simulator partition 6"
[    1.964860] 0x000000700000-0x000000800000 : "NAND simulator partition 7"
[    1.966230] 0x000000800000-0x000000900000 : "NAND simulator partition 8"
[    1.967621] 0x000000900000-0x000000a00000 : "NAND simulator partition 9"
[    1.969006] 0x000000a00000-0x000008000000 : "NAND simulator partition 10"
[    1.974876] tun: Universal TUN/TAP device driver, 1.6
[    1.975054] tun: (C) 1999-2004 Max Krasnyansky <maxk@qualcomm.com>
[    2.837943] PPP generic driver version 2.4.2
[    2.838732] PPP BSD Compression module registered
[    2.838919] PPP Deflate Compression module registered
[    2.839161] PPP MPPE Compression module registered
[    2.839297] NET: Registered protocol family 24
[    2.839624] PPTP driver version 0.8.5
[    3.240737] usbcore: registered new interface driver usb-storage
[    3.244566] rtc-pl031 9010000.pl031: rtc core: registered pl031 as rtc0
[    3.245396] hidraw: raw HID events driver (C) Jiri Kosina
[    3.245953] usbcore: registered new interface driver usbhid
[    3.246084] usbhid: USB HID core driver
[    3.246553] Netfilter messages via NETLINK v0.30.
[    3.247240] nf_conntrack version 0.5.0 (3958 buckets, 15832 max)
[    3.248712] ctnetlink v0.93: registering with nfnetlink.
[    3.250204] ipip: IPv4 over IPv4 tunneling driver
[    3.252431] gre: GRE over IPv4 demultiplexor driver
[    3.252619] ip_gre: GRE over IPv4 tunneling driver
[    3.257545] ip_tables: (C) 2000-2006 Netfilter Core Team
[    3.488366] arp_tables: (C) 2002 David S. Miller
[    3.489516] Initializing XFRM netlink socket
[    3.490065] NET: Registered protocol family 10
[    3.493928] cfg80211: Calling CRDA to update world regulatory domain
[    3.498549] ip6_tables: (C) 2000-2006 Netfilter Core Team
[    3.500367] sit: IPv6 over IPv4 tunneling driver
[    3.504496] NET: Registered protocol family 17
[    3.505212] bridge: automatic filtering via arp/ip/ip6tables has been deprecated. Update your scripts to load br_netfilter if you need this.
[    3.505573] Bridge firewalling registered
[    3.505712] Ebtables v2.0 registered
[    3.506942] 8021q: 802.1Q VLAN Support v1.8
[    3.507639] Registering SWP/SWPB emulation handler
[    3.510527] rtc-pl031 9010000.pl031: setting system clock to 2018-07-19 10:27:40 UTC (1531996060)
[    3.521536] EXT4-fs (vda1): couldn't mount as ext3 due to feature incompatibilities
[    3.523409] EXT4-fs (vda1): mounting ext2 file system using the ext4 subsystem
[    3.536063] EXT4-fs (vda1): mounted filesystem without journal. Opts: (null)
[    3.537201] VFS: Mounted root (ext2 filesystem) on device 254:1.
[    3.555387] Freeing unused kernel memory: 180K (c05c7000 - c05f4000)
[    3.842341] firmadyne: sys_reboot[PID: 1 (init)]: magic1:fee1dead, magic2:28121969, cmd:0
[    4.626235] firmadyne: sys_socket[PID: 1 (init)]: family:1, type:2, protocol:0
[    4.628575] firmadyne: sys_socket[PID: 1 (init)]: family:1, type:1, protocol:0
init started: BusyBox v1.18.4 (2014-04-12 07:00:20 UTC)
[    4.636693] firmadyne: sys_socket[PID: 1 (init)]: family:1, type:2, protocol:0
[    4.637063] firmadyne: sys_socket[PID: 1 (init)]: family:1, type:1, protocol:0
[    4.638615] firmadyne: sys_socket[PID: 54 (init)]: family:1, type:2, protocol:0
[    4.638901] firmadyne: sys_socket[PID: 54 (init)]: family:1, type:1, protocol:0
[    4.640716] firmadyne: sys_socket[PID: 54 (init)]: family:1, type:2, protocol:0
[    4.641007] firmadyne: sys_socket[PID: 54 (init)]: family:1, type:1, protocol:0
can't run '/etc/init.d/rcS': No such file or directory
[    4.642887] firmadyne: sys_socket[PID: 1 (init)]: family:1, type:2, protocol:0
[    4.643221] firmadyne: sys_socket[PID: 1 (init)]: family:1, type:1, protocol:0

Please press Enter to activate this console. [    6.634820] cfg80211: Calling CRDA to update world regulatory domain
[    9.785048] cfg80211: Calling CRDA to update world regulatory domain
[   12.935610] cfg80211: Calling CRDA to update world regulatory domain
[   16.086373] cfg80211: Calling CRDA to update world regulatory domain
[   19.235621] cfg80211: Calling CRDA to update world regulatory domain
[   22.385739] cfg80211: Calling CRDA to update world regulatory domain
[   25.534820] cfg80211: Calling CRDA to update world regulatory domain
[   28.684915] cfg80211: Calling CRDA to update world regulatory domain
[   31.835644] cfg80211: Calling CRDA to update world regulatory domain
[   34.984670] cfg80211: Exceeded CRDA call max attempts. Not calling CRDA
Starting firmware emulation... use Ctrl-a + x to exit
qemu-system-arm: terminating on signal 2 from pid 91329 (timeout)
[    0.000000] Booting Linux on physical CPU 0x0
[    0.000000] Linux version 4.1.17+ (vagrant@vagrant-ubuntu-trusty-64) (gcc version 5.3.0 (GCC) ) #1 Thu Feb 18 01:05:21 UTC 2016
[    0.000000] CPU: ARMv7 Processor [412fc0f1] revision 1 (ARMv7), cr=10c5387d
[    0.000000] CPU: PIPT / VIPT nonaliasing data cache, PIPT instruction cache
[    0.000000] Machine model: linux,dummy-virt
[    0.000000] debug: ignoring loglevel setting.
[    0.000000] Memory policy: Data cache writeback
[    0.000000] On node 0 totalpages: 65536
[    0.000000] free_area_init_node: node 0, pgdat c061dfe8, node_mem_map cfdf9000
[    0.000000]   Normal zone: 512 pages used for memmap
[    0.000000]   Normal zone: 0 pages reserved
[    0.000000]   Normal zone: 65536 pages, LIFO batch:15
[    0.000000] psci: probing for conduit method from DT.
[    0.000000] psci: PSCIv0.2 detected in firmware.
[    0.000000] psci: Using standard PSCI v0.2 function IDs
[    0.000000] CPU: All CPU(s) started in SVC mode.
[    0.000000] pcpu-alloc: s0 r0 d32768 u32768 alloc=1*32768
[    0.000000] pcpu-alloc: [0] 0 
[    0.000000] Built 1 zonelists in Zone order, mobility grouping on.  Total pages: 65024
[    0.000000] Kernel command line: root=/dev/vda1 console=ttyS0 nandsim.parts=64,64,64,64,64,64,64,64,64,64 rdinit=/firmadyne/preInit.sh rw debug ignore_loglevel print-fatal-signals=1 user_debug=31 firmadyne.syscall=0
[    0.000000] PID hash table entries: 1024 (order: 0, 4096 bytes)
[    0.000000] Dentry cache hash table entries: 32768 (order: 5, 131072 bytes)
[    0.000000] Inode-cache hash table entries: 16384 (order: 4, 65536 bytes)
[    0.000000] Memory: 253340K/262144K available (4297K kernel code, 170K rwdata, 1584K rodata, 180K init, 148K bss, 8804K reserved, 0K cma-reserved)
[    0.000000] Virtual kernel memory layout:
[    0.000000]     vector  : 0xffff0000 - 0xffff1000   (   4 kB)
[    0.000000]     fixmap  : 0xffc00000 - 0xfff00000   (3072 kB)
[    0.000000]     vmalloc : 0xd0800000 - 0xff000000   ( 744 MB)
[    0.000000]     lowmem  : 0xc0000000 - 0xd0000000   ( 256 MB)
[    0.000000]     modules : 0xbf000000 - 0xc0000000   (  16 MB)
[    0.000000]       .text : 0xc0008000 - 0xc05c67bc   (5882 kB)
[    0.000000]       .init : 0xc05c7000 - 0xc05f4000   ( 180 kB)
[    0.000000]       .data : 0xc05f4000 - 0xc061e840   ( 171 kB)
[    0.000000]        .bss : 0xc0621000 - 0xc06462d4   ( 149 kB)
[    0.000000] NR_IRQS:16 nr_irqs:16 16
[    0.000000] Architected cp15 timer(s) running at 62.50MHz (virt).
[    0.000000] clocksource arch_sys_counter: mask: 0xffffffffffffff max_cycles: 0x1cd42e208c, max_idle_ns: 881590405314 ns
[    0.000140] sched_clock: 56 bits at 62MHz, resolution 16ns, wraps every 4398046511096ns
[    0.000263] Switching to timer-based delay loop, resolution 16ns
[    0.003527] Console: colour dummy device 80x30
[    0.003901] Calibrating delay loop (skipped), value calculated using timer frequency.. 125.00 BogoMIPS (lpj=625000)
[    0.004043] pid_max: default: 32768 minimum: 301
[    0.004951] Mount-cache hash table entries: 1024 (order: 0, 4096 bytes)
[    0.004990] Mountpoint-cache hash table entries: 1024 (order: 0, 4096 bytes)
[    0.014657] CPU: Testing write buffer coherency: ok
[    0.021244] Setting up static identity map for 0x40008240 - 0x40008298
[    0.036378] VFP support v0.3: implementor 41 architecture 4 part 30 variant f rev 0
[    0.058115] clocksource jiffies: mask: 0xffffffff max_cycles: 0xffffffff, max_idle_ns: 19112604462750000 ns
[    0.067681] NET: Registered protocol family 16
[    0.071261] DMA: preallocated 256 KiB pool for atomic coherent allocations
[    0.075522] cpuidle: using governor ladder
[    0.075711] cpuidle: using governor menu
[    0.381723] Serial: AMBA PL011 UART driver
[    0.384083] 9000000.pl011: ttyS0 at MMIO 0x9000000 (irq = 54, base_baud = 0) is a PL011 rev1
[    0.392262] console [ttyS0] enabled
[    0.415848] vgaarb: loaded
[    0.417575] SCSI subsystem initialized
[    0.418747] usbcore: registered new interface driver usbfs
[    0.419160] usbcore: registered new interface driver hub
[    0.419546] usbcore: registered new device driver usb
[    0.429453] cfg80211: Calling CRDA to update world regulatory domain
[    0.431969] Switched to clocksource arch_sys_counter
[    0.451141] NET: Registered protocol family 2
[    0.456751] TCP established hash table entries: 2048 (order: 1, 8192 bytes)
[    0.457022] TCP bind hash table entries: 2048 (order: 1, 8192 bytes)
[    0.457350] TCP: Hash tables configured (established 2048 bind 2048)
[    0.457910] UDP hash table entries: 256 (order: 0, 4096 bytes)
[    0.458206] UDP-Lite hash table entries: 256 (order: 0, 4096 bytes)
[    0.459709] NET: Registered protocol family 1
[    0.464582] PCI: CLS 0 bytes, default 64
[    0.472191] NetWinder Floating Point Emulator V0.97 (extended precision)
[    0.475010] futex hash table entries: 256 (order: -1, 3072 bytes)
[    0.480708] squashfs: version 4.0 (2009/01/31) Phillip Lougher
[    0.500007] jffs2: version 2.2. (NAND) © 2001-2006 Red Hat, Inc.
[    0.500946] romfs: ROMFS MTD (C) 2007 Red Hat, Inc.
[    0.511047] Block layer SCSI generic (bsg) driver version 0.4 loaded (major 253)
[    0.511484] io scheduler noop registered
[    0.511921] io scheduler cfq registered (default)
[    0.512704] firmadyne: devfs: 1, execute: 1, procfs: 1, syscall: 0
[    0.514139] ------------[ cut here ]------------
[    0.514419] WARNING: CPU: 0 PID: 1 at /home/vagrant/firmadyne-kernel/kernel-v4.1/fs/sysfs/dir.c:31 sysfs_warn_dup+0x50/0x6c()
[    0.514657] sysfs: cannot create duplicate filename '/class/gpio'
[    0.514859] Modules linked in:
[    0.515155] CPU: 0 PID: 1 Comm: swapper Not tainted 4.1.17+ #1
[    0.515336] Hardware name: Generic DT based system
[    0.516051] [<c001c99c>] (unwind_backtrace) from [<c0019d30>] (show_stack+0x10/0x14)
[    0.516352] [<c0019d30>] (show_stack) from [<c0024ab4>] (warn_slowpath_common+0x80/0xa8)
[    0.516582] [<c0024ab4>] (warn_slowpath_common) from [<c0024b08>] (warn_slowpath_fmt+0x2c/0x3c)
[    0.516826] [<c0024b08>] (warn_slowpath_fmt) from [<c00e363c>] (sysfs_warn_dup+0x50/0x6c)
[    0.517025] [<c00e363c>] (sysfs_warn_dup) from [<c00e3714>] (sysfs_create_dir_ns+0x74/0x84)
[    0.517203] [<c00e3714>] (sysfs_create_dir_ns) from [<c018e6ac>] (kobject_add_internal+0xb8/0x2ac)
[    0.517480] [<c018e6ac>] (kobject_add_internal) from [<c018e9a8>] (kset_register+0x1c/0x44)
[    0.517743] [<c018e9a8>] (kset_register) from [<c02090b4>] (__class_register+0xa8/0x198)
[    0.517928] [<c02090b4>] (__class_register) from [<c02091e4>] (__class_create+0x40/0x70)
[    0.518103] [<c02091e4>] (__class_create) from [<c01adf68>] (register_devfs_stubs+0x314/0xbb4)
[    0.518319] [<c01adf68>] (register_devfs_stubs) from [<c05d9b08>] (init_module+0x28/0xa4)
[    0.518555] [<c05d9b08>] (init_module) from [<c0009670>] (do_one_initcall+0x104/0x1b4)
[    0.518733] [<c0009670>] (do_one_initcall) from [<c05c7d08>] (kernel_init_freeable+0xf0/0x1b0)
[    0.518918] [<c05c7d08>] (kernel_init_freeable) from [<c040f28c>] (kernel_init+0x8/0xe4)
[    0.519087] [<c040f28c>] (kernel_init) from [<c0016da8>] (ret_from_fork+0x14/0x2c)
[    0.519366] ---[ end trace 785d08b7f959e53d ]---
[    0.519586] ------------[ cut here ]------------
[    0.519706] WARNING: CPU: 0 PID: 1 at /home/vagrant/firmadyne-kernel/kernel-v4.1/lib/kobject.c:240 kobject_add_internal+0x240/0x2ac()
[    0.519958] kobject_add_internal failed for gpio with -EEXIST, don't try to register things with the same name in the same directory.
[    0.520188] Modules linked in:
[    0.520390] CPU: 0 PID: 1 Comm: swapper Tainted: G        W       4.1.17+ #1
[    0.520542] Hardware name: Generic DT based system
[    0.520666] [<c001c99c>] (unwind_backtrace) from [<c0019d30>] (show_stack+0x10/0x14)
[    0.520863] [<c0019d30>] (show_stack) from [<c0024ab4>] (warn_slowpath_common+0x80/0xa8)
[    0.521025] [<c0024ab4>] (warn_slowpath_common) from [<c0024b08>] (warn_slowpath_fmt+0x2c/0x3c)
[    0.521194] [<c0024b08>] (warn_slowpath_fmt) from [<c018e834>] (kobject_add_internal+0x240/0x2ac)
[    0.521435] [<c018e834>] (kobject_add_internal) from [<c018e9a8>] (kset_register+0x1c/0x44)
[    0.521633] [<c018e9a8>] (kset_register) from [<c02090b4>] (__class_register+0xa8/0x198)
[    0.521981] [<c02090b4>] (__class_register) from [<c02091e4>] (__class_create+0x40/0x70)
[    0.522162] [<c02091e4>] (__class_create) from [<c01adf68>] (register_devfs_stubs+0x314/0xbb4)
[    0.522371] [<c01adf68>] (register_devfs_stubs) from [<c05d9b08>] (init_module+0x28/0xa4)
[    0.522567] [<c05d9b08>] (init_module) from [<c0009670>] (do_one_initcall+0x104/0x1b4)
[    0.522737] [<c0009670>] (do_one_initcall) from [<c05c7d08>] (kernel_init_freeable+0xf0/0x1b0)
[    0.522946] [<c05c7d08>] (kernel_init_freeable) from [<c040f28c>] (kernel_init+0x8/0xe4)
[    0.523102] [<c040f28c>] (kernel_init) from [<c0016da8>] (ret_from_fork+0x14/0x2c)
[    0.523316] ---[ end trace 785d08b7f959e53e ]---
[    0.523511] firmadyne: Cannot create device class: gpio!
[    0.525529] firmadyne: Cannot register character device: watchdog, 0xa, 0x82!
[    0.525712] firmadyne: Cannot register character device: wdt, 0xfd, 0x0!
[    0.612723] PCI host bridge /pcie@10000000 ranges:
[    0.613297]    IO 0x3eff0000..0x3effffff -> 0x00000000
[    0.613688]   MEM 0x10000000..0x3efeffff -> 0x10000000
[    0.613827]   MEM 0x8000000000..0xffffffffff -> 0x8000000000
[    0.614533] pci-host-generic 3f000000.pcie: resource collision: [mem 0x00000000-0xffffffff] conflicts with /pl011@9000000 [mem 0x09000000-0x09000fff]
[    0.615263] pci-host-generic: probe of 3f000000.pcie failed with error -16
[    0.628091] Non-volatile memory driver v1.3
[    0.682232] brd: module loaded
[    0.693303] loop: module loaded
[    0.880129]  vda: vda1
[    0.893157] 0.flash: Found 2 x16 devices at 0x0 in 32-bit bank. Manufacturer ID 0x000000 Chip ID 0x000000
[    0.893865] Intel/Sharp Extended Query Table at 0x0031
[    0.895132] Using buffer write method
[    0.895626] erase region 0: offset=0x0,size=0x40000,blocks=256
[    0.903524] 0.flash: Found 2 x16 devices at 0x0 in 32-bit bank. Manufacturer ID 0x000000 Chip ID 0x000000
[    0.903833] Intel/Sharp Extended Query Table at 0x0031
[    0.904708] Using buffer write method
[    0.904852] erase region 0: offset=0x0,size=0x40000,blocks=256
[    0.905080] Concatenating MTD devices:
[    0.905185] (0): "0.flash"
[    0.905296] (1): "0.flash"
[    0.905371] into device "0.flash"
[    0.919226] [nandsim] warning: read_byte: unexpected data output cycle, state is STATE_READY return 0x0
[    0.919512] [nandsim] warning: read_byte: unexpected data output cycle, state is STATE_READY return 0x0
[    0.919714] [nandsim] warning: read_byte: unexpected data output cycle, state is STATE_READY return 0x0
[    0.919881] [nandsim] warning: read_byte: unexpected data output cycle, state is STATE_READY return 0x0
[    0.920061] [nandsim] warning: read_byte: unexpected data output cycle, state is STATE_READY return 0x0
[    0.920220] [nandsim] warning: read_byte: unexpected data output cycle, state is STATE_READY return 0x0
[    0.920693] nand: device found, Manufacturer ID: 0x98, Chip ID: 0x39
[    0.920869] nand: Toshiba NAND 128MiB 1,8V 8-bit
[    0.920995] nand: 128 MiB, SLC, erase size: 16 KiB, page size: 512, OOB size: 16
[    0.922718] flash size: 128 MiB
[    0.922850] page size: 512 bytes
[    0.922928] OOB area size: 16 bytes
[    0.923008] sector size: 16 KiB
[    0.923084] pages number: 262144
[    0.923172] pages per sector: 32
[    0.923292] bus width: 8
[    0.923369] bits in sector size: 14
[    0.923465] bits in page size: 9
[    0.923547] bits in OOB size: 4
[    0.923629] flash size with OOB: 135168 KiB
[    0.923739] page address bytes: 4
[    0.923811] sector address bytes: 3
[    0.923907] options: 0x42
[    1.609968] Scanning device for bad blocks
[    1.724817] firmadyne: do_execve: /firmadyne/console
[    1.725045] OFFSETS: offset of pid: 0x190 offset of comm: 0x270
[    1.725569] Creating 11 MTD partitions on "NAND 128MiB 1,8V 8-bit":
[    1.725985] 0x000000000000-0x000000100000 : "NAND simulator partition 0"
[    1.728314] 0x000000100000-0x000000200000 : "NAND simulator partition 1"
[    1.729783] 0x000000200000-0x000000300000 : "NAND simulator partition 2"
[    1.731213] 0x000000300000-0x000000400000 : "NAND simulator partition 3"
[    1.733045] 0x000000400000-0x000000500000 : "NAND simulator partition 4"
[    1.734504] 0x000000500000-0x000000600000 : "NAND simulator partition 5"
[    1.735968] 0x000000600000-0x000000700000 : "NAND simulator partition 6"
[    1.737653] 0x000000700000-0x000000800000 : "NAND simulator partition 7"
[    1.739045] 0x000000800000-0x000000900000 : "NAND simulator partition 8"
[    1.740485] 0x000000900000-0x000000a00000 : "NAND simulator partition 9"
[    1.742088] 0x000000a00000-0x000008000000 : "NAND simulator partition 10"
[    1.747869] tun: Universal TUN/TAP device driver, 1.6
[    1.748026] tun: (C) 1999-2004 Max Krasnyansky <maxk@qualcomm.com>
[    2.607624] PPP generic driver version 2.4.2
[    2.608460] PPP BSD Compression module registered
[    2.608658] PPP Deflate Compression module registered
[    2.608937] PPP MPPE Compression module registered
[    2.609083] NET: Registered protocol family 24
[    2.609433] PPTP driver version 0.8.5
[    3.005205] usbcore: registered new interface driver usb-storage
[    3.781958] rtc-pl031 9010000.pl031: rtc core: registered pl031 as rtc0
[    3.782934] hidraw: raw HID events driver (C) Jiri Kosina
[    3.783585] usbcore: registered new interface driver usbhid
[    3.783745] usbhid: USB HID core driver
[    3.784266] Netfilter messages via NETLINK v0.30.
[    3.785017] nf_conntrack version 0.5.0 (3958 buckets, 15832 max)
[    3.786597] ctnetlink v0.93: registering with nfnetlink.
[    3.788167] ipip: IPv4 over IPv4 tunneling driver
[    3.790630] gre: GRE over IPv4 demultiplexor driver
[    3.790861] ip_gre: GRE over IPv4 tunneling driver
[    3.796011] ip_tables: (C) 2000-2006 Netfilter Core Team
[    3.797838] arp_tables: (C) 2002 David S. Miller
[    3.798985] Initializing XFRM netlink socket
[    3.799598] NET: Registered protocol family 10
[    3.803638] cfg80211: Calling CRDA to update world regulatory domain
[    3.808459] ip6_tables: (C) 2000-2006 Netfilter Core Team
[    3.810341] sit: IPv6 over IPv4 tunneling driver
[    3.814575] NET: Registered protocol family 17
[    3.815287] bridge: automatic filtering via arp/ip/ip6tables has been deprecated. Update your scripts to load br_netfilter if you need this.
[    3.815668] Bridge firewalling registered
[    3.815820] Ebtables v2.0 registered
[    3.817087] 8021q: 802.1Q VLAN Support v1.8
[    3.817785] Registering SWP/SWPB emulation handler
[    3.820911] rtc-pl031 9010000.pl031: setting system clock to 2018-07-19 10:28:40 UTC (1531996120)
[    3.832172] EXT4-fs (vda1): couldn't mount as ext3 due to feature incompatibilities
[    3.834445] EXT4-fs (vda1): mounting ext2 file system using the ext4 subsystem
[    4.266544] EXT4-fs (vda1): warning: mounting unchecked fs, running e2fsck is recommended
[    4.269590] EXT4-fs (vda1): mounted filesystem without journal. Opts: (null)
[    4.270740] VFS: Mounted root (ext2 filesystem) on device 254:1.
[    4.289560] Freeing unused kernel memory: 180K (c05c7000 - c05f4000)
[    4.747856] firmadyne: sys_reboot[PID: 1 (init)]: magic1:fee1dead, magic2:28121969, cmd:0
init started: BusyBox v1.18.4 (2014-04-12 07:00:20 UTC)
can't run '/etc/init.d/rcS': No such file or directory

Please press Enter to activate this console. [    6.952579] cfg80211: Calling CRDA to update world regulatory domain
[   10.102715] cfg80211: Calling CRDA to update world regulatory domain
[   13.253126] cfg80211: Calling CRDA to update world regulatory domain
[   16.402356] cfg80211: Calling CRDA to update world regulatory domain
[   19.554254] cfg80211: Calling CRDA to update world regulatory domain
[   22.703576] cfg80211: Calling CRDA to update world regulatory domain
[   25.852615] cfg80211: Calling CRDA to update world regulatory domain
[   29.002714] cfg80211: Calling CRDA to update world regulatory domain
[   32.154906] cfg80211: Calling CRDA to update world regulatory domain
[   35.304250] cfg80211: Exceeded CRDA call max attempts. Not calling CRDA
