>> Database Image ID: 145

/home/zhumengfan/firmware/firmwares/42e55780a98b41c2be5be66f963b410fd523a5c0.ZIP
>> MD5: d96d511a0e5e1946abf075027a485280
>> Tag: 145
>> Temp: /tmp/tmpTjrilR
>> Status: Kernel: True, Rootfs: False, Do_Kernel: False,                 Do_Rootfs: True
>>>> Zip archive data, at least v2.0 to extract, compressed size: 10951, uncompressed size: 13766, name: DIR-890L_REVA_RELEASENOTES_1.03.B07_EN.PDF
>> Recursing into archive ...
	
/tmp/tmpTjrilR/_42e55780a98b41c2be5be66f963b410fd523a5c0.ZIP.extracted/DIR890A1_FW103b07.bin
	>> MD5: a02d0021c74e1cfea912958636675768
	>> Tag: 145
	>> Temp: /tmp/tmph_mBp9
	>> Status: Kernel: True, Rootfs: False, Do_Kernel: False,                 Do_Rootfs: True
	>>>> Squashfs filesystem, little endian, version 4.0, compression:xz, size: 13852268 bytes, 2566 inodes, blocksize: 131072 bytes, created: 2015-02-11 09:18:37
	>>>> Found Linux filesystem in /tmp/tmph_mBp9/_DIR890A1_FW103b07.bin.extracted/squashfs-root!
	>> Skipping: completed!
	>> Cleaning up /tmp/tmph_mBp9...
>> Skipping: completed!
>> Cleaning up /tmp/tmpTjrilR...
./bin/busybox: armel
Querying database for architecture... armel
----Running----
----Copying Filesystem Tarball----
----Creating QEMU Image----
Formatting '/home/zhumengfan/firmadyne//scratch//145//image.raw', fmt=raw size=1073741824
----Creating Partition Table----

Welcome to fdisk (util-linux 2.27.1).
Changes will remain in memory only, until you decide to write them.
Be careful before using the write command.

Device does not contain a recognized partition table.
Created a new DOS disklabel with disk identifier 0xfd9c9b26.

Command (m for help): Created a new DOS disklabel with disk identifier 0xcb22c085.

Command (m for help): Partition type
   p   primary (0 primary, 0 extended, 4 free)
   e   extended (container for logical partitions)
Select (default p): Partition number (1-4, default 1): First sector (2048-2097151, default 2048): Last sector, +sectors or +size{K,M,G,T,P} (2048-2097151, default 2097151): 
Created a new partition 1 of type 'Linux' and of size 1023 MiB.

Command (m for help): The partition table has been altered.
Syncing disks.

----Mounting QEMU Image----
add map loop0p1 (252:0): 0 2095104 linear 7:0 2048
----Creating Filesystem----
mke2fs 1.42.13 (17-May-2015)
Discarding device blocks:   4096/261888             done                            
Creating filesystem with 261888 4k blocks and 65536 inodes
Filesystem UUID: a25c4002-e2ac-4fa6-954d-3c927106142e
Superblock backups stored on blocks: 
	32768, 98304, 163840, 229376

Allocating group tables: 0/8   done                            
Writing inode tables: 0/8   done                            
Writing superblocks and filesystem accounting information: 0/8   done

----Making QEMU Image Mountpoint----
----Mounting QEMU Image Partition 1----
----Extracting Filesystem Tarball----
----Creating FIRMADYNE Directories----
----Patching Filesystem (chroot)----
Creating /etc/TZ!
Creating /etc/hosts!
Creating /etc/passwd!
Warning: Recreating device nodes!
Removing /etc/scripts/sys_resetbutton!
----Setting up FIRMADYNE----
----Unmounting QEMU Image----
loop deleted : /dev/loop0
Querying database for architecture... armel
Running firmware 145: terminating after 60 secs...
qemu-system-arm: terminating on signal 2 from pid 141984 (timeout)
Inferring network...
Interfaces: []
Done!
[    0.000000] Booting Linux on physical CPU 0x0
[    0.000000] Linux version 4.1.17+ (vagrant@vagrant-ubuntu-trusty-64) (gcc version 5.3.0 (GCC) ) #1 Thu Feb 18 01:05:21 UTC 2016
[    0.000000] CPU: ARMv7 Processor [412fc0f1] revision 1 (ARMv7), cr=10c5387d
[    0.000000] CPU: PIPT / VIPT nonaliasing data cache, PIPT instruction cache
[    0.000000] Machine model: linux,dummy-virt
[    0.000000] debug: ignoring loglevel setting.
[    0.000000] Memory policy: Data cache writeback
[    0.000000] On node 0 totalpages: 65536
[    0.000000] free_area_init_node: node 0, pgdat c061dfe8, node_mem_map cfdf9000
[    0.000000]   Normal zone: 512 pages used for memmap
[    0.000000]   Normal zone: 0 pages reserved
[    0.000000]   Normal zone: 65536 pages, LIFO batch:15
[    0.000000] psci: probing for conduit method from DT.
[    0.000000] psci: PSCIv0.2 detected in firmware.
[    0.000000] psci: Using standard PSCI v0.2 function IDs
[    0.000000] CPU: All CPU(s) started in SVC mode.
[    0.000000] pcpu-alloc: s0 r0 d32768 u32768 alloc=1*32768
[    0.000000] pcpu-alloc: [0] 0 
[    0.000000] Built 1 zonelists in Zone order, mobility grouping on.  Total pages: 65024
[    0.000000] Kernel command line: firmadyne.syscall=1 root=/dev/vda1 console=ttyS0 nandsim.parts=64,64,64,64,64,64,64,64,64,64 rdinit=/firmadyne/preInit.sh rw debug ignore_loglevel print-fatal-signals=1 user_debug=31
[    0.000000] PID hash table entries: 1024 (order: 0, 4096 bytes)
[    0.000000] Dentry cache hash table entries: 32768 (order: 5, 131072 bytes)
[    0.000000] Inode-cache hash table entries: 16384 (order: 4, 65536 bytes)
[    0.000000] Memory: 253340K/262144K available (4297K kernel code, 170K rwdata, 1584K rodata, 180K init, 148K bss, 8804K reserved, 0K cma-reserved)
[    0.000000] Virtual kernel memory layout:
[    0.000000]     vector  : 0xffff0000 - 0xffff1000   (   4 kB)
[    0.000000]     fixmap  : 0xffc00000 - 0xfff00000   (3072 kB)
[    0.000000]     vmalloc : 0xd0800000 - 0xff000000   ( 744 MB)
[    0.000000]     lowmem  : 0xc0000000 - 0xd0000000   ( 256 MB)
[    0.000000]     modules : 0xbf000000 - 0xc0000000   (  16 MB)
[    0.000000]       .text : 0xc0008000 - 0xc05c67bc   (5882 kB)
[    0.000000]       .init : 0xc05c7000 - 0xc05f4000   ( 180 kB)
[    0.000000]       .data : 0xc05f4000 - 0xc061e840   ( 171 kB)
[    0.000000]        .bss : 0xc0621000 - 0xc06462d4   ( 149 kB)
[    0.000000] NR_IRQS:16 nr_irqs:16 16
[    0.000000] Architected cp15 timer(s) running at 62.50MHz (virt).
[    0.000000] clocksource arch_sys_counter: mask: 0xffffffffffffff max_cycles: 0x1cd42e208c, max_idle_ns: 881590405314 ns
[    0.000160] sched_clock: 56 bits at 62MHz, resolution 16ns, wraps every 4398046511096ns
[    0.000300] Switching to timer-based delay loop, resolution 16ns
[    0.003413] Console: colour dummy device 80x30
[    0.003743] Calibrating delay loop (skipped), value calculated using timer frequency.. 125.00 BogoMIPS (lpj=625000)
[    0.003877] pid_max: default: 32768 minimum: 301
[    0.204446] Mount-cache hash table entries: 1024 (order: 0, 4096 bytes)
[    0.204497] Mountpoint-cache hash table entries: 1024 (order: 0, 4096 bytes)
[    0.211718] CPU: Testing write buffer coherency: ok
[    0.217931] Setting up static identity map for 0x40008240 - 0x40008298
[    0.232950] VFP support v0.3: implementor 41 architecture 4 part 30 variant f rev 0
[    0.373441] clocksource jiffies: mask: 0xffffffff max_cycles: 0xffffffff, max_idle_ns: 19112604462750000 ns
[    0.382582] NET: Registered protocol family 16
[    0.385732] DMA: preallocated 256 KiB pool for atomic coherent allocations
[    0.389939] cpuidle: using governor ladder
[    0.390100] cpuidle: using governor menu
[    0.411084] Serial: AMBA PL011 UART driver
[    0.413267] 9000000.pl011: ttyS0 at MMIO 0x9000000 (irq = 54, base_baud = 0) is a PL011 rev1
[    0.420764] console [ttyS0] enabled
[    0.952229] vgaarb: loaded
[    0.954075] SCSI subsystem initialized
[    0.955233] usbcore: registered new interface driver usbfs
[    0.955607] usbcore: registered new interface driver hub
[    0.955947] usbcore: registered new device driver usb
[    0.965795] cfg80211: Calling CRDA to update world regulatory domain
[    0.968189] Switched to clocksource arch_sys_counter
[    0.986748] NET: Registered protocol family 2
[    0.992044] TCP established hash table entries: 2048 (order: 1, 8192 bytes)
[    0.992300] TCP bind hash table entries: 2048 (order: 1, 8192 bytes)
[    0.992606] TCP: Hash tables configured (established 2048 bind 2048)
[    0.993144] UDP hash table entries: 256 (order: 0, 4096 bytes)
[    0.993398] UDP-Lite hash table entries: 256 (order: 0, 4096 bytes)
[    0.994816] NET: Registered protocol family 1
[    0.995263] PCI: CLS 0 bytes, default 64
[    1.080661] NetWinder Floating Point Emulator V0.97 (extended precision)
[    1.083458] futex hash table entries: 256 (order: -1, 3072 bytes)
[    1.088996] squashfs: version 4.0 (2009/01/31) Phillip Lougher
[    1.090033] jffs2: version 2.2. (NAND) Â© 2001-2006 Red Hat, Inc.
[    1.090828] romfs: ROMFS MTD (C) 2007 Red Hat, Inc.
[    1.099725] Block layer SCSI generic (bsg) driver version 0.4 loaded (major 253)
[    1.100045] io scheduler noop registered
[    1.100278] io scheduler cfq registered (default)
[    1.100954] firmadyne: devfs: 1, execute: 1, procfs: 1, syscall: 1
[    1.102294] ------------[ cut here ]------------
[    1.102494] WARNING: CPU: 0 PID: 1 at /home/vagrant/firmadyne-kernel/kernel-v4.1/fs/sysfs/dir.c:31 sysfs_warn_dup+0x50/0x6c()
[    1.102720] sysfs: cannot create duplicate filename '/class/gpio'
[    1.102877] Modules linked in:
[    1.103181] CPU: 0 PID: 1 Comm: swapper Not tainted 4.1.17+ #1
[    1.103318] Hardware name: Generic DT based system
[    1.104007] [<c001c99c>] (unwind_backtrace) from [<c0019d30>] (show_stack+0x10/0x14)
[    1.104280] [<c0019d30>] (show_stack) from [<c0024ab4>] (warn_slowpath_common+0x80/0xa8)
[    1.104477] [<c0024ab4>] (warn_slowpath_common) from [<c0024b08>] (warn_slowpath_fmt+0x2c/0x3c)
[    1.104709] [<c0024b08>] (warn_slowpath_fmt) from [<c00e363c>] (sysfs_warn_dup+0x50/0x6c)
[    1.104886] [<c00e363c>] (sysfs_warn_dup) from [<c00e3714>] (sysfs_create_dir_ns+0x74/0x84)
[    1.105065] [<c00e3714>] (sysfs_create_dir_ns) from [<c018e6ac>] (kobject_add_internal+0xb8/0x2ac)
[    1.105263] [<c018e6ac>] (kobject_add_internal) from [<c018e9a8>] (kset_register+0x1c/0x44)
[    1.105441] [<c018e9a8>] (kset_register) from [<c02090b4>] (__class_register+0xa8/0x198)
[    1.105614] [<c02090b4>] (__class_register) from [<c02091e4>] (__class_create+0x40/0x70)
[    1.105784] [<c02091e4>] (__class_create) from [<c01adf68>] (register_devfs_stubs+0x314/0xbb4)
[    1.105963] [<c01adf68>] (register_devfs_stubs) from [<c05d9b08>] (init_module+0x28/0xa4)
[    1.106166] [<c05d9b08>] (init_module) from [<c0009670>] (do_one_initcall+0x104/0x1b4)
[    1.106340] [<c0009670>] (do_one_initcall) from [<c05c7d08>] (kernel_init_freeable+0xf0/0x1b0)
[    1.106523] [<c05c7d08>] (kernel_init_freeable) from [<c040f28c>] (kernel_init+0x8/0xe4)
[    1.106690] [<c040f28c>] (kernel_init) from [<c0016da8>] (ret_from_fork+0x14/0x2c)
[    1.106935] ---[ end trace e90029ef57b9ea7a ]---
[    1.107126] ------------[ cut here ]------------
[    1.107237] WARNING: CPU: 0 PID: 1 at /home/vagrant/firmadyne-kernel/kernel-v4.1/lib/kobject.c:240 kobject_add_internal+0x240/0x2ac()
[    1.107453] kobject_add_internal failed for gpio with -EEXIST, don't try to register things with the same name in the same directory.
[    1.107664] Modules linked in:
[    1.107800] CPU: 0 PID: 1 Comm: swapper Tainted: G        W       4.1.17+ #1
[    1.108047] Hardware name: Generic DT based system
[    1.108176] [<c001c99c>] (unwind_backtrace) from [<c0019d30>] (show_stack+0x10/0x14)
[    1.108341] [<c0019d30>] (show_stack) from [<c0024ab4>] (warn_slowpath_common+0x80/0xa8)
[    1.108511] [<c0024ab4>] (warn_slowpath_common) from [<c0024b08>] (warn_slowpath_fmt+0x2c/0x3c)
[    1.108690] [<c0024b08>] (warn_slowpath_fmt) from [<c018e834>] (kobject_add_internal+0x240/0x2ac)
[    1.108878] [<c018e834>] (kobject_add_internal) from [<c018e9a8>] (kset_register+0x1c/0x44)
[    1.109049] [<c018e9a8>] (kset_register) from [<c02090b4>] (__class_register+0xa8/0x198)
[    1.109235] [<c02090b4>] (__class_register) from [<c02091e4>] (__class_create+0x40/0x70)
[    1.109406] [<c02091e4>] (__class_create) from [<c01adf68>] (register_devfs_stubs+0x314/0xbb4)
[    1.109585] [<c01adf68>] (register_devfs_stubs) from [<c05d9b08>] (init_module+0x28/0xa4)
[    1.109755] [<c05d9b08>] (init_module) from [<c0009670>] (do_one_initcall+0x104/0x1b4)
[    1.109921] [<c0009670>] (do_one_initcall) from [<c05c7d08>] (kernel_init_freeable+0xf0/0x1b0)
[    1.110095] [<c05c7d08>] (kernel_init_freeable) from [<c040f28c>] (kernel_init+0x8/0xe4)
[    1.110258] [<c040f28c>] (kernel_init) from [<c0016da8>] (ret_from_fork+0x14/0x2c)
[    1.110422] ---[ end trace e90029ef57b9ea7b ]---
[    1.110584] firmadyne: Cannot create device class: gpio!
[    1.112287] firmadyne: Cannot register character device: watchdog, 0xa, 0x82!
[    1.112461] firmadyne: Cannot register character device: wdt, 0xfd, 0x0!
[    1.194868] PCI host bridge /pcie@10000000 ranges:
[    1.195488]    IO 0x3eff0000..0x3effffff -> 0x00000000
[    1.195852]   MEM 0x10000000..0x3efeffff -> 0x10000000
[    1.195980]   MEM 0x8000000000..0xffffffffff -> 0x8000000000
[    1.196693] pci-host-generic 3f000000.pcie: resource collision: [mem 0x00000000-0xffffffff] conflicts with /pl011@9000000 [mem 0x09000000-0x09000fff]
[    1.197454] pci-host-generic: probe of 3f000000.pcie failed with error -16
[    1.209959] Non-volatile memory driver v1.3
[    1.233675] brd: module loaded
[    1.244592] loop: module loaded
[    1.256861]  vda: vda1
[    1.269570] 0.flash: Found 2 x16 devices at 0x0 in 32-bit bank. Manufacturer ID 0x000000 Chip ID 0x000000
[    1.270204] Intel/Sharp Extended Query Table at 0x0031
[    1.271419] Using buffer write method
[    1.271889] erase region 0: offset=0x0,size=0x40000,blocks=256
[    1.279259] 0.flash: Found 2 x16 devices at 0x0 in 32-bit bank. Manufacturer ID 0x000000 Chip ID 0x000000
[    1.279494] Intel/Sharp Extended Query Table at 0x0031
[    1.280364] Using buffer write method
[    1.280478] erase region 0: offset=0x0,size=0x40000,blocks=256
[    1.280670] Concatenating MTD devices:
[    1.280774] (0): "0.flash"
[    1.280846] (1): "0.flash"
[    1.280912] into device "0.flash"
[    1.293765] [nandsim] warning: read_byte: unexpected data output cycle, state is STATE_READY return 0x0
[    1.294003] [nandsim] warning: read_byte: unexpected data output cycle, state is STATE_READY return 0x0
[    1.294179] [nandsim] warning: read_byte: unexpected data output cycle, state is STATE_READY return 0x0
[    1.294361] [nandsim] warning: read_byte: unexpected data output cycle, state is STATE_READY return 0x0
[    1.294544] [nandsim] warning: read_byte: unexpected data output cycle, state is STATE_READY return 0x0
[    1.294713] [nandsim] warning: read_byte: unexpected data output cycle, state is STATE_READY return 0x0
[    1.295133] nand: device found, Manufacturer ID: 0x98, Chip ID: 0x39
[    1.295280] nand: Toshiba NAND 128MiB 1,8V 8-bit
[    1.295421] nand: 128 MiB, SLC, erase size: 16 KiB, page size: 512, OOB size: 16
[    1.296328] flash size: 128 MiB
[    1.296431] page size: 512 bytes
[    1.296508] OOB area size: 16 bytes
[    1.296586] sector size: 16 KiB
[    1.296657] pages number: 262144
[    1.296728] pages per sector: 32
[    1.296803] bus width: 8
[    1.296863] bits in sector size: 14
[    1.296938] bits in page size: 9
[    1.297013] bits in OOB size: 4
[    1.297088] flash size with OOB: 135168 KiB
[    1.297175] page address bytes: 4
[    1.297255] sector address bytes: 3
[    1.297332] options: 0x42
[    1.301987] Scanning device for bad blocks
[    1.413214] firmadyne: do_execve: /firmadyne/console
[    1.413446] OFFSETS: offset of pid: 0x190 offset of comm: 0x270
[    1.413938] Creating 11 MTD partitions on "NAND 128MiB 1,8V 8-bit":
[    1.414376] 0x000000000000-0x000000100000 : "NAND simulator partition 0"
[    1.416672] 0x000000100000-0x000000200000 : "NAND simulator partition 1"
[    1.418249] 0x000000200000-0x000000300000 : "NAND simulator partition 2"
[    1.419730] 0x000000300000-0x000000400000 : "NAND simulator partition 3"
[    1.421226] 0x000000400000-0x000000500000 : "NAND simulator partition 4"
[    1.422701] 0x000000500000-0x000000600000 : "NAND simulator partition 5"
[    1.424181] 0x000000600000-0x000000700000 : "NAND simulator partition 6"
[    1.425898] 0x000000700000-0x000000800000 : "NAND simulator partition 7"
[    1.427337] 0x000000800000-0x000000900000 : "NAND simulator partition 8"
[    1.428900] 0x000000900000-0x000000a00000 : "NAND simulator partition 9"
[    1.430458] 0x000000a00000-0x000008000000 : "NAND simulator partition 10"
[    1.436312] tun: Universal TUN/TAP device driver, 1.6
[    1.436463] tun: (C) 1999-2004 Max Krasnyansky <maxk@qualcomm.com>
[    1.448524] PPP generic driver version 2.4.2
[    1.449341] PPP BSD Compression module registered
[    1.449523] PPP Deflate Compression module registered
[    1.449758] PPP MPPE Compression module registered
[    1.449893] NET: Registered protocol family 24
[    1.450231] PPTP driver version 0.8.5
[    1.451890] usbcore: registered new interface driver usb-storage
[    1.455320] rtc-pl031 9010000.pl031: rtc core: registered pl031 as rtc0
[    1.456065] hidraw: raw HID events driver (C) Jiri Kosina
[    1.456649] usbcore: registered new interface driver usbhid
[    1.456781] usbhid: USB HID core driver
[    1.457268] Netfilter messages via NETLINK v0.30.
[    1.458051] nf_conntrack version 0.5.0 (3958 buckets, 15832 max)
[    1.459586] ctnetlink v0.93: registering with nfnetlink.
[    1.461148] ipip: IPv4 over IPv4 tunneling driver
[    1.463447] gre: GRE over IPv4 demultiplexor driver
[    1.463615] ip_gre: GRE over IPv4 tunneling driver
[    2.259742] ip_tables: (C) 2000-2006 Netfilter Core Team
[    2.261726] arp_tables: (C) 2002 David S. Miller
[    2.262830] Initializing XFRM netlink socket
[    2.263354] NET: Registered protocol family 10
[    2.271427] ip6_tables: (C) 2000-2006 Netfilter Core Team
[    2.273202] sit: IPv6 over IPv4 tunneling driver
[    2.277128] NET: Registered protocol family 17
[    2.277812] bridge: automatic filtering via arp/ip/ip6tables has been deprecated. Update your scripts to load br_netfilter if you need this.
[    2.278271] Bridge firewalling registered
[    2.278455] Ebtables v2.0 registered
[    2.280018] 8021q: 802.1Q VLAN Support v1.8
[    2.280682] Registering SWP/SWPB emulation handler
[    2.283724] rtc-pl031 9010000.pl031: setting system clock to 2018-07-19 13:27:33 UTC (1532006853)
[    2.296682] EXT4-fs (vda1): couldn't mount as ext3 due to feature incompatibilities
[    2.298597] EXT4-fs (vda1): mounting ext2 file system using the ext4 subsystem
[    2.313310] EXT4-fs (vda1): mounted filesystem without journal. Opts: (null)
[    2.314495] VFS: Mounted root (ext2 filesystem) on device 254:1.
[    5.108898] Freeing unused kernel memory: 180K (c05c7000 - c05f4000)
[    5.111850] cfg80211: Calling CRDA to update world regulatory domain
[    5.142584] random: init urandom read with 2 bits of entropy available
[    5.146274] firmadyne: sys_reboot[PID: 1 (init)]: magic1:fee1dead, magic2:28121969, cmd:0
init started: BusyBox v1.14.1 (2015-02-11 17:15:51 CST)
starting pid 54, tty '': '/etc/init.d/rcS'
[    9.784036] cfg80211: Calling CRDA to update world regulatory domain
[/etc/init.d/S10init.sh]
mount: mounting usbfs on /proc/bus/usb failed: No such file or directory
[/etc/init.d/S12ubs_storage.sh]
[/etc/init.d/S15udevd.sh]
[   11.461631] firmadyne: sys_socket[PID: 76 (udevd)]: family:1, type:2, protocol:0
[   11.462915] firmadyne: sys_setsockopt[PID: 76 (udevd)]: fd:3, level:1, optname:16
[   11.463369] firmadyne: sys_socket[PID: 76 (udevd)]: family:16, type:2, protocol:15
[   11.463752] firmadyne: sys_setsockopt[PID: 76 (udevd)]: fd:4, level:1, optname:33
[   11.741370] firmadyne: sys_socket[PID: 77 (udevd)]: family:1, type:2, protocol:0
[   11.742635] firmadyne: sys_socket[PID: 77 (udevd)]: family:1, type:1, protocol:0
[   11.746995] udevd (77): /proc/77/oom_adj is deprecated, please use /proc/77/oom_score_adj instead.
[/etc/init.d/S16ipv6.sh]
[/etc/init.d/S19init.sh]
[/etc/init.d/S20init.sh]
[   12.292598] firmadyne: sys_socket[PID: 98 (xmldb)]: family:1, type:1, protocol:0
[   12.661470] firmadyne: sys_socket[PID: 102 (xmldbc)]: family:1, type:1, protocol:0
[   12.686172] firmadyne: sys_socket[PID: 100 (servd)]: family:1, type:1, protocol:0
[   12.914369] firmadyne: sys_socket[PID: 108 (xmldbc)]: family:1, type:1, protocol:0
[   12.928067] cfg80211: Calling CRDA to update world regulatory domain
the mfc do not init wifi password,using default
the mfc do not init wifi password,using default
the mfc do not init wifi password,using default
[   13.602789] firmadyne: sys_socket[PID: 124 (xmldbc)]: family:1, type:1, protocol:0
[   13.644841] firmadyne: sys_socket[PID: 125 (xmldbc)]: family:1, type:1, protocol:0
DEVCONF: unable to read config data (ret=-3) !
!!!!!!!!!!!!!!!!!!!!!!!!!!!!!!!!!!!!!!!!!!
!!     Uable to read device config.     !!
!! Setting is reset to factory default. !!
!!!!!!!!!!!!!!!!!!!!!!!!!!!!!!!!!!!!!!!!!!
  DEFNODE[/etc/defnodes/S11devdata.xml]
[   13.736826] firmadyne: sys_socket[PID: 137 (xmldbc)]: family:1, type:1, protocol:0
  DEFNODE[/etc/defnodes/S12devdata.php]
[   13.792937] firmadyne: sys_socket[PID: 140 (xmldbc)]: family:1, type:1, protocol:0
  DEFNODE[/etc/defnodes/S12flashspeed.php]
[   14.559288] firmadyne: sys_socket[PID: 165 (xmldbc)]: family:1, type:1, protocol:0
  DEFNODE[/etc/defnodes/S13dfs.php]
[   14.583324] firmadyne: sys_socket[PID: 168 (xmldbc)]: family:1, type:1, protocol:0
  DEFNODE[/etc/defnodes/S14setchlist.php]
[   14.601950] firmadyne: sys_socket[PID: 171 (xmldbc)]: family:1, type:1, protocol:0
phplib/getchlist.php - GETCHLIST() ERROR: no Country Code!!! Please check if you board is initialized.
  DEFNODE[/etc/defnodes/S20device.xml]
[   14.643178] firmadyne: sys_socket[PID: 174 (xmldbc)]: family:1, type:1, protocol:0
  DEFNODE[/etc/defnodes/S22timezone.php]
[   14.664742] firmadyne: sys_socket[PID: 177 (xmldbc)]: family:1, type:1, protocol:0
[/etc/scripts/setdate.sh] 01/01/2000 ...
Sat Jan  1 13:27:45 UTC 2000
  DEFNODE[/etc/defnodes/S30device.php]
[   14.811923] firmadyne: sys_socket[PID: 196 (xmldbc)]: family:1, type:1, protocol:0
  DEFNODE[/etc/defnodes/S30device.xml]
[   14.838320] firmadyne: sys_socket[PID: 199 (xmldbc)]: family:1, type:1, protocol:0
  DEFNODE[/etc/defnodes/S31diagnostic.xml]
[   14.863478] firmadyne: sys_socket[PID: 202 (xmldbc)]: family:1, type:1, protocol:0
  DEFNODE[/etc/defnodes/S31locale.php]
[   14.888130] firmadyne: sys_socket[PID: 205 (xmldbc)]: family:1, type:1, protocol:0
  DEFNODE[/etc/defnodes/S33wifi.php]
[   14.912913] firmadyne: sys_socket[PID: 208 (xmldbc)]: family:1, type:1, protocol:0
  DEFNODE[/etc/defnodes/S40device.xml]
[   14.946373] firmadyne: sys_socket[PID: 211 (xmldbc)]: family:1, type:1, protocol:0
  DEFNODE[/etc/defnodes/S40links.php]
[   14.968882] firmadyne: sys_socket[PID: 214 (xmldbc)]: family:1, type:1, protocol:0
  DEFNODE[/etc/defnodes/S90opendns.php]
[   14.989360] firmadyne: sys_socket[PID: 217 (xmldbc)]: family:1, type:1, protocol:0
  DEFNODE[/etc/defnodes/S90sessions.php]
[   15.027693] firmadyne: sys_socket[PID: 220 (xmldbc)]: family:1, type:1, protocol:0
  DEFNODE[/etc/defnodes/S90upnpigd.php]
[   15.054386] firmadyne: sys_socket[PID: 223 (xmldbc)]: family:1, type:1, protocol:0
  DEFNODE[/etc/defnodes/S90upnpwfa.php]
[   15.134951] firmadyne: sys_socket[PID: 232 (xmldbc)]: family:1, type:1, protocol:0
  DEFNODE[/etc/defnodes/S91upnpigd2.php]
[   15.217547] firmadyne: sys_socket[PID: 241 (xmldbc)]: family:1, type:1, protocol:0
[   15.305717] firmadyne: sys_socket[PID: 248 (service)]: family:1, type:1, protocol:0
SERVD: start service [LOGD]
 [   15.355139] firmadyne: sys_socket[PID: 260 (pidmon)]: family:1, type:1, protocol:0
[   15.362917] firmadyne: sys_socket[PID: 258 (xmldbc)]: family:1, type:1, protocol:0
 [/etc/init.d/S21usbmount.sh]
[/etc/init.d/S22mydlink.sh]
[   15.462606] firmadyne: sys_socket[PID: 272 (xmldbc)]: family:1, type:1, protocol:0
[   15.480496] firmadyne: sys_socket[PID: 273 (logd)]: family:1, type:2, protocol:0
[/etc/init.d/S23udevd.sh]
[/etc/init.d/S45gpiod.sh]
[   15.795522] firmadyne: sys_socket[PID: 285 (xmldbc)]: family:1, type:1, protocol:0
[/etc/init.d/rcS] done!
Factory reset time : 5 secs
00: WPS Button using GPIO #7, input mode.
01: Factory Reset Button using GPIO #17, input mode.
02: Power_Status LED Green using GPIO #0, output mode.
03: Power_Status LED Orange using GPIO #2, output mode.
04: Internet LED Orange using GPIO #3, output mode.
05: Internet LED Green using GPIO #1, output mode.
06: USB2.0 using GPIO #21, output mode.
07: USB3.0 using GPIO #18, output mode.
08: USB2.0 LED Green using GPIO #15, output mode.
09: USB3.0 LED Green using GPIO #8, output mode.
10: WIFI 2.4G LED Green using GPIO #13, output mode.
11: WIFI 5G LED Green using GPIO #14, output mode.
[   15.834255] firmadyne: sys_socket[PID: 287 (gpiod)]: family:1, type:2, protocol:0
[   15.836476] firmadyne: sys_socket[PID: 287 (gpiod)]: family:2, type:2, protocol:0
ioctl fail
[/etc/init0.d/S21layout.sh]: start ...
[   15.865838] firmadyne: sys_socket[PID: 295 (service)]: family:1, type:1, protocol:0
[   15.879696] firmadyne: sys_socket[PID: 296 (event)]: family:1, type:1, protocol:0
SERVD: start service [LAYOUT]
 SERVD: event [WANPORT.LINKDOWN] not found!
 [   15.932343] firmadyne: sys_socket[PID: 305 (xmldbc)]: family:1, type:1, protocol:0
mount: mounting /dev/mtdblock/4 on /htdocs/web/js/localization failed: Invalid argument
[   15.987129] firmadyne: sys_socket[PID: 311 (event)]: family:1, type:1, protocol:0
 [/etc/init0.d/S40event.sh]: start ...
[   16.078147] cfg80211: Calling CRDA to update world regulatory domain
[   16.083919] firmadyne: sys_socket[PID: 320 (event)]: family:1, type:1, protocol:0
 [   16.111802] firmadyne: sys_socket[PID: 322 (event)]: family:1, type:1, protocol:0
 [   16.148518] firmadyne: sys_socket[PID: 323 (event)]: family:1, type:1, protocol:0
 [   16.174135] firmadyne: sys_socket[PID: 324 (event)]: family:1, type:1, protocol:0
 /dev/nvram: No such device
[   16.209265] firmadyne: sys_socket[PID: 326 (event)]: family:1, type:1, protocol:0
 [   16.236076] firmadyne: sys_socket[PID: 328 (event)]: family:1, type:1, protocol:0
/dev/nvram: No such device
 /dev/nvram: No such device
[   16.265682] firmadyne: sys_socket[PID: 331 (event)]: family:1, type:1, protocol:0
/dev/nvram: No such device
 /dev/nvram: No such device
[   16.300761] firmadyne: sys_socket[PID: 334 (event)]: family:1, type:1, protocol:0
 /dev/nvram: No such device
/dev/nvram: No such device
/dev/nvram: No such device
/dev/nvram: No such device
[   16.392521] firmadyne: sys_socket[PID: 341 (event)]: family:1, type:1, protocol:0
 [   16.417108] firmadyne: sys_socket[PID: 344 (event)]: family:1, type:1, protocol:0
/dev/nvram: No such device
 /dev/nvram: No such device
[   16.448614] firmadyne: sys_socket[PID: 346 (event)]: family:1, type:1, protocol:0
 /dev/nvram: No such device
[   16.541401] firmadyne: sys_socket[PID: 348 (event)]: family:1, type:1, protocol:0
 /dev/nvram: No such device
[   16.584692] firmadyne: sys_socket[PID: 350 (event)]: family:1, type:1, protocol:0
 /dev/nvram: No such device
[   16.612796] firmadyne: sys_socket[PID: 352 (event)]: family:1, type:1, protocol:0
/dev/nvram: No such device
 /dev/nvram: No such device
[   16.645123] firmadyne: sys_socket[PID: 355 (event)]: family:1, type:1, protocol:0
 /dev/nvram: No such device
[   16.674231] firmadyne: sys_socket[PID: 357 (event)]: family:1, type:1, protocol:0
 /dev/nvram: No such device
[   16.701964] firmadyne: sys_socket[PID: 359 (event)]: family:1, type:1, protocol:0
 /dev/nvram: No such device
[   16.730418] firmadyne: sys_socket[PID: 361 (event)]: family:1, type:1, protocol:0
 /dev/nvram: No such device
[   16.759711] firmadyne: sys_socket[PID: 363 (event)]: family:1, type:1, protocol:0
 /dev/nvram: No such device
[   16.789058] firmadyne: sys_socket[PID: 365 (event)]: family:1, type:1, protocol:0
 /dev/nvram: No such device
[   16.823171] firmadyne: sys_socket[PID: 368 (event)]: family:1, type:1, protocol:0
 /dev/nvram: No such device
[   16.856456] firmadyne: sys_socket[PID: 370 (event)]: family:1, type:1, protocol:0
 /dev/nvram: No such device
[   16.887079] firmadyne: sys_socket[PID: 373 (event)]: family:1, type:1, protocol:0
[   16.891822] firmadyne: sys_socket[PID: 287 (gpiod)]: family:2, type:2, protocol:0
ioctl fail
 /dev/nvram: No such device
[   16.917643] firmadyne: sys_socket[PID: 375 (event)]: family:1, type:1, protocol:0
 /dev/nvram: No such device
[   16.959291] firmadyne: sys_socket[PID: 378 (event)]: family:1, type:1, protocol:0
/dev/nvram: No such device
 /dev/nvram: No such device
[   16.990795] firmadyne: sys_socket[PID: 381 (event)]: family:1, type:1, protocol:0
 /dev/nvram: No such device
[   17.020722] firmadyne: sys_socket[PID: 384 (event)]: family:1, type:1, protocol:0
 /dev/nvram: No such device
[   17.046533] firmadyne: sys_socket[PID: 386 (event)]: family:1, type:1, protocol:0
 /dev/nvram: No such device
[   17.073306] firmadyne: sys_socket[PID: 388 (event)]: family:1, type:1, protocol:0
 /dev/nvram: No such device
[   17.105124] firmadyne: sys_socket[PID: 390 (event)]: family:1, type:1, protocol:0
 [   17.133853] firmadyne: sys_socket[PID: 392 (event)]: family:1, type:1, protocol:0
 [   17.166799] firmadyne: sys_socket[PID: 394 (et)]: family:2, type:2, protocol:0
[   17.170400] firmadyne: sys_socket[PID: 395 (event)]: family:1, type:1, protocol:0
 etcrobowr: Operation not supported
[   17.184971] firmadyne: sys_socket[PID: 396 (event)]: family:1, type:1, protocol:0
 [   17.208917] firmadyne: sys_socket[PID: 397 (et)]: family:2, type:2, protocol:0
etcrobowr: Operation not supported
[   17.220997] firmadyne: sys_socket[PID: 398 (event)]: family:1, type:1, protocol:0
 [   17.239883] firmadyne: sys_socket[PID: 399 (et)]: family:2, type:2, protocol:0
etcrobowr: Operation not supported
[   17.247114] firmadyne: sys_socket[PID: 400 (event)]: family:1, type:1, protocol:0
[   17.255727] firmadyne: sys_socket[PID: 401 (et)]: family:2, type:2, protocol:0
etcrobowr:  Operation not supported
[   17.275336] firmadyne: sys_socket[PID: 402 (event)]: family:1, type:1, protocol:0
[   17.278701] firmadyne: sys_socket[PID: 403 (ifconfig)]: family:2, type:2, protocol:0
 ifconfig: SIOCGIFFLAGS: No such device
[   17.299516] firmadyne: sys_socket[PID: 409 (ifconfig)]: family:2, type:2, protocol:0
[   17.306279] firmadyne: sys_socket[PID: 407 (event)]: family:1, type:1, protocol:0
 ifconfig: SIOCGIFFLAGS: No such device
[   17.325408] firmadyne: sys_socket[PID: 414 (event)]: family:1, type:1, protocol:0
[   17.328254] firmadyne: sys_socket[PID: 415 (ifconfig)]: family:2, type:2, protocol:0
 [   17.349327] firmadyne: sys_socket[PID: 416 (et)]: family:2, type:2, protocol:0
etcrobowr: Operation not supported
[   17.356760] firmadyne: sys_socket[PID: 417 (event)]: family:1, type:1, protocol:0
 [   17.382418] firmadyne: sys_socket[PID: 418 (ip)]: family:16, type:3, protocol:0
[   17.382999] firmadyne: sys_setsockopt[PID: 418 (ip)]: fd:8, level:1, optname:7
[   17.383458] firmadyne: sys_setsockopt[PID: 418 (ip)]: fd:8, level:1, optname:8
[   17.391666] firmadyne: sys_socket[PID: 419 (event)]: family:1, type:1, protocol:0
[   17.402496] 8021q: adding VLAN 0 to HW filter on device eth0
 [   17.417048] firmadyne: sys_socket[PID: 420 (event)]: family:1, type:1, protocol:0
[   17.430193] firmadyne: sys_socket[PID: 421 (vconfig)]: family:2, type:1, protocol:0
[   17.431884] firmadyne: register_vlan_dev[PID: 421 (vconfig)]: dev:eth0.1 vlan_id:1
 [   17.471937] firmadyne: sys_socket[PID: 423 (event)]: family:1, type:1, protocol:0
 [   17.487826] firmadyne: sys_socket[PID: 425 (event)]: family:1, type:1, protocol:0
[   17.492084] firmadyne: sys_socket[PID: 426 (vconfig)]: family:2, type:1, protocol:0
SERVD: event [SEALPAC.LOAD/default]
 [   17.501739] firmadyne: sys_socket[PID: 427 (vconfig)]: family:2, type:1, protocol:0
[   17.509846] firmadyne: sys_socket[PID: 430 (vconfig)]: family:2, type:1, protocol:0
[   17.514529] firmadyne: sys_socket[PID: 432 (vconfig)]: family:2, type:1, protocol:0
[   17.521177] firmadyne: sys_socket[PID: 434 (vconfig)]: family:2, type:1, protocol:0
[   17.527409] firmadyne: sys_socket[PID: 429 (service)]: family:1, type:1, protocol:0
[   17.532151] firmadyne: sys_socket[PID: 435 (vconfig)]: family:2, type:1, protocol:0
[   17.539350] firmadyne: sys_socket[PID: 437 (vconfig)]: family:2, type:1, protocol:0
 [   17.546586] firmadyne: sys_socket[PID: 439 (vconfig)]: family:2, type:1, protocol:0
[   17.565274] firmadyne: sys_socket[PID: 441 (ip)]: family:16, type:3, protocol:0
[   17.565608] firmadyne: sys_setsockopt[PID: 441 (ip)]: fd:8, level:1, optname:7
[   17.565808] firmadyne: sys_setsockopt[PID: 441 (ip)]: fd:8, level:1, optname:8
[   17.577867] firmadyne: sys_socket[PID: 440 (service)]: family:1, type:1, protocol:0
[   17.583769] firmadyne: sys_socket[PID: 438 (xmldbc)]: family:1, type:1, protocol:0
 [   17.627500] firmadyne: sys_socket[PID: 444 (xmldbc)]: family:1, type:1, protocol:0
[   17.637128] firmadyne: sys_socket[PID: 442 (ip)]: family:16, type:3, protocol:0
[   17.637485] firmadyne: sys_setsockopt[PID: 442 (ip)]: fd:8, level:1, optname:7
[   17.637686] firmadyne: sys_setsockopt[PID: 442 (ip)]: fd:8, level:1, optname:8
[   17.656122] firmadyne: sys_socket[PID: 449 (ip)]: family:16, type:3, protocol:0
[   17.656438] firmadyne: sys_setsockopt[PID: 449 (ip)]: fd:8, level:1, optname:7
[   17.656640] firmadyne: sys_setsockopt[PID: 449 (ip)]: fd:8, level:1, optname:8
[/etc/init0.d/S40gpioevent.sh]: start ...
[   17.729525] firmadyne: sys_socket[PID: 455 (event)]: family:1, type:1, protocol:0
[   17.733792] firmadyne: sys_socket[PID: 456 (ip)]: family:16, type:3, protocol:0
[   17.734094] firmadyne: sys_setsockopt[PID: 456 (ip)]: fd:8, level:1, optname:7
[   17.734293] firmadyne: sys_setsockopt[PID: 456 (ip)]: fd:8, level:1, optname:8
 [   17.752800] firmadyne: sys_socket[PID: 458 (event)]: family:1, type:1, protocol:0
SEAMA: '/dev/mtdblock/4' is not a seama file !
 [   17.773934] firmadyne: sys_socket[PID: 457 (ip)]: family:16, type:3, protocol:0
[   17.774278] firmadyne: sys_setsockopt[PID: 457 (ip)]: fd:8, level:1, optname:7
[   17.774475] firmadyne: sys_setsockopt[PID: 457 (ip)]: fd:8, level:1, optname:8
[   17.776969] firmadyne: __inet_insert_ifa[PID: 457 (ip)]: device:lo ifa:0x0100007f
[   17.805283] firmadyne: sys_socket[PID: 459 (event)]: family:1, type:1, protocol:0
 [   17.827890] firmadyne: sys_socket[PID: 463 (event)]: family:1, type:1, protocol:0
[   17.843796] firmadyne: sys_socket[PID: 462 (brctl)]: family:2, type:1, protocol:0
 [   17.862979] firmadyne: sys_socket[PID: 465 (event)]: family:1, type:1, protocol:0
 [   17.892622] firmadyne: sys_socket[PID: 467 (event)]: family:1, type:1, protocol:0
[   17.894141] firmadyne: sys_socket[PID: 287 (gpiod)]: family:2, type:2, protocol:0
ioctl fail
[   17.895342] firmadyne: sys_socket[PID: 468 (brctl)]: family:2, type:1, protocol:0
[   17.896501] firmadyne: sys_socket[PID: 468 (brctl)]: family:10, type:2, protocol:0
 [   17.915792] firmadyne: sys_socket[PID: 469 (event)]: family:1, type:1, protocol:0
[   17.928412] firmadyne: sys_socket[PID: 470 (brctl)]: family:2, type:1, protocol:0
[   17.929589] firmadyne: sys_socket[PID: 470 (brctl)]: family:10, type:2, protocol:0
 [   17.946952] firmadyne: sys_socket[PID: 471 (brctl)]: family:2, type:1, protocol:0
[   17.959444] firmadyne: sys_socket[PID: 472 (event)]: family:1, type:1, protocol:0
[   17.961791] firmadyne: sys_socket[PID: 471 (brctl)]: family:10, type:2, protocol:0
[   17.962490] firmadyne: sys_socket[PID: 471 (brctl)]: family:10, type:2, protocol:0
[   17.963025] firmadyne: br_add_if[PID: 471 (brctl)]: br:br0 dev:eth0.1
[   17.965193] device eth0.1 entered promiscuous mode
[   17.965354] device eth0 entered promiscuous mode
 [   17.992856] firmadyne: sys_socket[PID: 473 (event)]: family:1, type:1, protocol:0
 [   18.002200] firmadyne: sys_socket[PID: 474 (ip)]: family:16, type:3, protocol:0
[   18.002520] firmadyne: sys_setsockopt[PID: 474 (ip)]: fd:8, level:1, optname:7
[   18.002730] firmadyne: sys_setsockopt[PID: 474 (ip)]: fd:8, level:1, optname:8
[   18.005458] br0: port 1(eth0.1) entered forwarding state
[   18.005873] br0: port 1(eth0.1) entered forwarding state
[   18.017785] firmadyne: sys_socket[PID: 475 (event)]: family:1, type:1, protocol:0
[   18.031249] firmadyne: sys_socket[PID: 476 (brctl)]: family:2, type:1, protocol:0
[   18.032330] firmadyne: sys_socket[PID: 476 (brctl)]: family:10, type:2, protocol:0
 [   18.065062] firmadyne: sys_socket[PID: 480 (brctl)]: family:2, type:1, protocol:0
[   18.066147] firmadyne: sys_socket[PID: 480 (brctl)]: family:10, type:2, protocol:0
[   18.066829] firmadyne: sys_socket[PID: 480 (brctl)]: family:10, type:2, protocol:0
[   18.068352] firmadyne: sys_socket[PID: 478 (event)]: family:1, type:1, protocol:0
 [   18.094249] firmadyne: sys_socket[PID: 481 (event)]: family:1, type:1, protocol:0
[   18.096974] firmadyne: sys_socket[PID: 482 (brctl)]: family:2, type:1, protocol:0
 [   18.100227] firmadyne: sys_socket[PID: 482 (brctl)]: family:10, type:2, protocol:0
[   18.100942] firmadyne: sys_socket[PID: 482 (brctl)]: family:10, type:2, protocol:0
[   18.115043] firmadyne: sys_socket[PID: 484 (ip)]: family:16, type:3, protocol:0
[   18.115410] firmadyne: sys_setsockopt[PID: 484 (ip)]: fd:8, level:1, optname:7
[   18.115610] firmadyne: sys_setsockopt[PID: 484 (ip)]: fd:8, level:1, optname:8
[   18.126459] firmadyne: sys_socket[PID: 483 (event)]: family:1, type:1, protocol:0
 [   18.148901] firmadyne: sys_socket[PID: 485 (service)]: family:1, type:1, protocol:0
 [   18.153579] firmadyne: sys_socket[PID: 486 (event)]: family:1, type:1, protocol:0
[   18.165551] firmadyne: sys_socket[PID: 487 (service)]: family:1, type:1, protocol:0
  [   18.184169] firmadyne: sys_socket[PID: 488 (event)]: family:1, type:1, protocol:0
[   18.196308] firmadyne: sys_socket[PID: 489 (service)]: family:1, type:1, protocol:0
  [   18.216174] firmadyne: sys_socket[PID: 490 (event)]: family:1, type:1, protocol:0
[   18.227837] firmadyne: sys_socket[PID: 491 (xmldbc)]: family:1, type:1, protocol:0
 [   18.252299] firmadyne: sys_socket[PID: 492 (event)]: family:1, type:1, protocol:0
 [   18.261954] firmadyne: sys_socket[PID: 493 (xmldbc)]: family:1, type:1, protocol:0
[   18.288624] firmadyne: sys_socket[PID: 494 (event)]: family:1, type:1, protocol:0
[   18.291026] firmadyne: sys_socket[PID: 495 (xmldbc)]: family:1, type:1, protocol:0
 [   18.302313] firmadyne: sys_socket[PID: 496 (event)]: family:1, type:1, protocol:0
 [   18.314549] firmadyne: sys_socket[PID: 497 (xmldbc)]: family:1, type:1, protocol:0
[   18.323773] firmadyne: sys_socket[PID: 498 (event)]: family:1, type:1, protocol:0
[   18.335923] firmadyne: sys_socket[PID: 499 (xmldbc)]: family:1, type:1, protocol:0
 [   18.361458] firmadyne: sys_socket[PID: 500 (event)]: family:1, type:1, protocol:0
 [   18.373872] firmadyne: sys_socket[PID: 501 (xmldbc)]: family:1, type:1, protocol:0
[   18.398396] firmadyne: sys_socket[PID: 502 (event)]: family:1, type:1, protocol:0
 [   18.405701] firmadyne: sys_socket[PID: 503 (xmldbc)]: family:1, type:1, protocol:0
[   18.413154] firmadyne: sys_socket[PID: 504 (event)]: family:1, type:1, protocol:0
 [   18.435022] firmadyne: sys_socket[PID: 506 (event)]: family:1, type:1, protocol:0
[   18.440296] firmadyne: sys_socket[PID: 505 (xmldbc)]: family:1, type:1, protocol:0
 [   18.456120] firmadyne: sys_socket[PID: 507 (event)]: family:1, type:1, protocol:0
 [   18.481466] firmadyne: sys_socket[PID: 508 (usockc)]: family:1, type:2, protocol:0
[   18.485993] firmadyne: sys_socket[PID: 287 (gpiod)]: family:2, type:2, protocol:0
ioctl fail
[   18.490864] firmadyne: sys_socket[PID: 509 (event)]: family:1, type:1, protocol:0
 [   18.504374] firmadyne: sys_socket[PID: 510 (service)]: family:1, type:1, protocol:0
[   18.516245] firmadyne: sys_socket[PID: 511 (event)]: family:1, type:1, protocol:0
 [   18.524209] firmadyne: sys_socket[PID: 512 (service)]: family:1, type:1, protocol:0
  [   18.543486] firmadyne: sys_socket[PID: 514 (event)]: family:1, type:1, protocol:0
[   18.547282] firmadyne: sys_socket[PID: 513 (service)]: family:1, type:1, protocol:0
 [   18.554354] firmadyne: sys_socket[PID: 515 (event)]: family:1, type:1, protocol:0
  [   18.573778] firmadyne: sys_socket[PID: 517 (event)]: family:1, type:1, protocol:0
 [/etc/init0.d/S40ttyevent.sh]: start ...
[   18.605261] firmadyne: sys_socket[PID: 526 (event)]: family:1, type:1, protocol:0
 [   18.612397] firmadyne: sys_socket[PID: 527 (event)]: family:1, type:1, protocol:0
 [   18.628051] firmadyne: sys_socket[PID: 528 (event)]: family:1, type:1, protocol:0
 [/etc/init0.d/S41autowan.sh]: start ...
[   18.667044] firmadyne: sys_socket[PID: 537 (event)]: family:1, type:1, protocol:0
 [   18.678608] firmadyne: sys_socket[PID: 538 (event)]: family:1, type:1, protocol:0
 [   18.687350] firmadyne: sys_socket[PID: 539 (event)]: family:1, type:1, protocol:0
 [/etc/init0.d/S41autowanv6.sh]: start ...
[   18.751084] firmadyne: sys_socket[PID: 548 (event)]: family:1, type:1, protocol:0
 [   18.807863] firmadyne: sys_socket[PID: 549 (event)]: family:1, type:1, protocol:0
 [/etc/init0.d/S41event.sh]: start ...
[   18.887589] firmadyne: sys_socket[PID: 558 (event)]: family:1, type:1, protocol:0
 [   18.904519] firmadyne: sys_socket[PID: 559 (event)]: family:1, type:1, protocol:0
 [   18.919664] firmadyne: sys_socket[PID: 560 (event)]: family:1, type:1, protocol:0
 [   18.935282] firmadyne: sys_socket[PID: 561 (event)]: family:1, type:1, protocol:0
 [/etc/init0.d/S41factorydefault.sh]: start ...
[   18.975713] firmadyne: sys_socket[PID: 570 (xmldbc)]: family:1, type:1, protocol:0
[: missing ]
[/etc/init0.d/S41inf.sh]: start ...
[   19.075210] firmadyne: sys_socket[PID: 582 (event)]: family:1, type:1, protocol:0
 [   19.093026] firmadyne: sys_socket[PID: 583 (event)]: family:1, type:1, protocol:0
 [   19.108812] firmadyne: sys_socket[PID: 584 (event)]: family:1, type:1, protocol:0
 [   19.125273] firmadyne: sys_socket[PID: 585 (event)]: family:1, type:1, protocol:0
 [   19.135085] firmadyne: sys_socket[PID: 586 (service)]: family:1, type:1, protocol:0
 [   19.149620] firmadyne: sys_socket[PID: 587 (service)]: family:1, type:1, protocol:0
 [   19.165273] firmadyne: sys_socket[PID: 588 (service)]: family:1, type:1, protocol:0
 [/etc/init0.d/S41smart404.sh]: start ...
[   19.228774] cfg80211: Calling CRDA to update world regulatory domain
[   19.263918] firmadyne: sys_socket[PID: 603 (xmldbc)]: family:1, type:1, protocol:0
[   19.359282] firmadyne: sys_socket[PID: 607 (xmldbc)]: family:1, type:1, protocol:0
[   19.378414] firmadyne: sys_socket[PID: 608 (xmldbc)]: family:1, type:1, protocol:0
[   19.406652] firmadyne: sys_socket[PID: 610 (fakedns)]: family:16, type:3, protocol:0
[   19.411904] firmadyne: sys_socket[PID: 610 (fakedns)]: family:2, type:2, protocol:0
[   19.414277] firmadyne: sys_socket[PID: 610 (fakedns)]: family:2, type:2, protocol:0
[   19.414638] firmadyne: sys_socket[PID: 610 (fakedns)]: family:2, type:2, protocol:0
[   19.415079] firmadyne: sys_socket[PID: 610 (fakedns)]: family:2, type:2, protocol:0
[   19.415295] firmadyne: sys_socket[PID: 610 (fakedns)]: family:2, type:1, protocol:0
[   19.415833] firmadyne: sys_setsockopt[PID: 610 (fakedns)]: fd:5, level:1, optname:2
[   19.416273] firmadyne: inet_bind[PID: 610 (fakedns)]: proto:SOCK_STREAM, port:63481
[   19.417592] firmadyne: sys_socket[PID: 610 (fakedns)]: family:10, type:2, protocol:0
[   19.418491] firmadyne: sys_socket[PID: 610 (fakedns)]: family:10, type:1, protocol:0
[   19.418958] firmadyne: sys_setsockopt[PID: 610 (fakedns)]: fd:6, level:1, optname:2
[   19.419160] firmadyne: sys_setsockopt[PID: 610 (fakedns)]: fd:7, level:1, optname:2
[   19.419344] firmadyne: sys_setsockopt[PID: 610 (fakedns)]: fd:6, level:41, optname:26
[   19.419820] firmadyne: sys_setsockopt[PID: 610 (fakedns)]: fd:7, level:41, optname:26
[   19.420112] firmadyne: sys_setsockopt[PID: 610 (fakedns)]: fd:6, level:41, optname:49
[   19.421086] firmadyne: sys_setsockopt[PID: 610 (fakedns)]: fd:4, level:1, optname:2
[   19.421356] firmadyne: sys_setsockopt[PID: 610 (fakedns)]: fd:4, level:0, optname:8
[   19.421794] firmadyne: inet_bind[PID: 610 (fakedns)]: proto:SOCK_DGRAM, port:63481
[   19.429544] firmadyne: sys_socket[PID: 612 (fakedns)]: family:1, type:2, protocol:0
[   19.444254] firmadyne: sys_socket[PID: 273 (logd)]: family:1, type:1, protocol:0
[   19.487519] firmadyne: sys_socket[PID: 287 (gpiod)]: family:2, type:2, protocol:0
ioctl fail
[   19.499887] firmadyne: sys_socket[PID: 620 (xmldbc)]: family:1, type:1, protocol:0
[   19.577071] firmadyne: sys_socket[PID: 622 (service)]: family:1, type:1, protocol:0
[   19.590165] firmadyne: sys_socket[PID: 624 (event)]: family:1, type:1, protocol:0
  SERVD: start service [PHYINF.ETH-1]
[   19.626394] firmadyne: sys_socket[PID: 626 (event)]: family:1, type:1, protocol:0
 [   19.642439] firmadyne: sys_socket[PID: 631 (event)]: family:1, type:1, protocol:0
 [   19.657799] firmadyne: sys_socket[PID: 632 (xmldbc)]: family:1, type:1, protocol:0
[   19.679294] firmadyne: sys_socket[PID: 633 (event)]: family:1, type:1, protocol:0
 [   19.695138] firmadyne: sys_socket[PID: 634 (event)]: family:1, type:1, protocol:0
 [   19.734230] firmadyne: sys_socket[PID: 635 (event)]: family:1, type:1, protocol:0
 [   19.772975] firmadyne: sys_socket[PID: 636 (event)]: family:1, type:1, protocol:0
 [   19.807256] firmadyne: sys_socket[PID: 637 (event)]: family:1, type:1, protocol:0
 [   19.847763] firmadyne: sys_socket[PID: 640 (event)]: family:1, type:1, protocol:0
 SERVD: start service [PHYINF.ETH-2]
[/etc/init0.d/S42event.sh]: start ...
[   19.902867] firmadyne: sys_socket[PID: 653 (event)]: family:1, type:1, protocol:0
 [   19.935789] firmadyne: sys_socket[PID: 656 (xmldbc)]: family:1, type:1, protocol:0
[/etc/init0.d/S42pthrough.sh]: start ...
[   20.001021] firmadyne: sys_socket[PID: 665 (service)]: family:1, type:1, protocol:0
 [/etc/init0.d/S43checkfw.sh]: start ...
[   20.084648] firmadyne: sys_socket[PID: 675 (xmldbc)]: family:1, type:1, protocol:0
[   20.087415] firmadyne: sys_socket[PID: 676 (event)]: family:1, type:1, protocol:0
 [   20.110262] firmadyne: sys_socket[PID: 679 (event)]: family:1, type:1, protocol:0
SERVD: start service [PHYINF.ETH-3]
 [   20.157677] firmadyne: sys_socket[PID: 688 (xmldbc)]: family:1, type:1, protocol:0
[   20.191391] firmadyne: sys_socket[PID: 693 (xmldbc)]: family:1, type:1, protocol:0
[   20.265862] firmadyne: sys_socket[PID: 695 (ip)]: family:16, type:3, protocol:0
[   20.266217] firmadyne: sys_setsockopt[PID: 695 (ip)]: fd:8, level:1, optname:7
[   20.266438] firmadyne: sys_setsockopt[PID: 695 (ip)]: fd:8, level:1, optname:8
[   20.281800] firmadyne: sys_socket[PID: 695 (ip)]: family:2, type:1, protocol:0
PHYINF.ETH-3: cfg[00:de:fa:28:7e:3a] curr[00:de:fa:73:74:d3], restart the device !!!
[/etc/init0.d/S43mydlinkevent.sh]: start ...
[   20.330116] firmadyne: sys_socket[PID: 698 (slinktype)]: family:2, type:2, protocol:0
ioctl fail
[   20.331164] firmadyne: sys_socket[PID: 698 (slinktype)]: family:2, type:2, protocol:0
ioctl fail
[   20.331571] firmadyne: sys_socket[PID: 698 (slinktype)]: family:2, type:2, protocol:0
ioctl fail
[   20.332023] firmadyne: sys_socket[PID: 698 (slinktype)]: family:2, type:2, protocol:0
ioctl fail
[   20.332480] firmadyne: sys_socket[PID: 698 (slinktype)]: family:2, type:2, protocol:0
ioctl fail
[   20.332916] firmadyne: sys_socket[PID: 698 (slinktype)]: family:2, type:2, protocol:0
ioctl fail
setlinktype: port4 type:0
[   20.344126] firmadyne: sys_socket[PID: 702 (event)]: family:1, type:1, protocol:0
 [   20.361701] firmadyne: sys_socket[PID: 704 (event)]: family:1, type:1, protocol:0
 [   20.377633] firmadyne: sys_socket[PID: 705 (event)]: family:1, type:1, protocol:0
 [   20.393396] firmadyne: sys_socket[PID: 706 (event)]: family:1, type:1, protocol:0
 [   20.409324] firmadyne: sys_socket[PID: 707 (event)]: family:1, type:1, protocol:0
 [   20.424715] firmadyne: sys_socket[PID: 708 (service)]: family:1, type:1, protocol:0
 [   20.444733] firmadyne: sys_socket[PID: 710 (xmldbc)]: family:1, type:1, protocol:0
[   20.461025] firmadyne: sys_socket[PID: 712 (arpmonitor)]: family:1, type:1, protocol:0
[   20.470181] firmadyne: sys_socket[PID: 712 (arpmonitor)]: family:17, type:3, protocol:1544
[   20.471268] firmadyne: sys_socket[PID: 712 (arpmonitor)]: family:2, type:2, protocol:0
[   20.471777] firmadyne: sys_socket[PID: 712 (arpmonitor)]: family:2, type:2, protocol:0
[   20.472497] firmadyne: sys_socket[PID: 712 (arpmonitor)]: family:2, type:2, protocol:0
[   20.472810] firmadyne: sys_setsockopt[PID: 712 (arpmonitor)]: fd:6, level:1, optname:2
[   20.473035] firmadyne: inet_bind[PID: 712 (arpmonitor)]: proto:SOCK_DGRAM, port:0
[   20.473388] firmadyne: sys_socket[PID: 712 (arpmonitor)]: family:10, type:3, protocol:58
[   20.473881] firmadyne: sys_setsockopt[PID: 712 (arpmonitor)]: fd:7, level:41, optname:49
[   20.474210] firmadyne: sys_setsockopt[PID: 712 (arpmonitor)]: fd:7, level:58, optname:1
[   20.485852] firmadyne: sys_socket[PID: 712 (arpmonitor)]: family:17, type:3, protocol:1544
[   20.486222] firmadyne: sys_socket[PID: 712 (arpmonitor)]: family:2, type:2, protocol:0
[   20.486513] firmadyne: sys_socket[PID: 712 (arpmonitor)]: family:2, type:2, protocol:0
[   20.486801] firmadyne: sys_socket[PID: 712 (arpmonitor)]: family:2, type:2, protocol:0
[   20.486998] firmadyne: sys_setsockopt[PID: 712 (arpmonitor)]: fd:9, level:1, optname:2
[   20.487178] firmadyne: inet_bind[PID: 712 (arpmonitor)]: proto:SOCK_DGRAM, port:0
[   20.487351] firmadyne: sys_socket[PID: 712 (arpmonitor)]: family:10, type:3, protocol:58
[   20.487550] firmadyne: sys_setsockopt[PID: 712 (arpmonitor)]: fd:10, level:41, optname:49
[   20.487731] firmadyne: sys_setsockopt[PID: 712 (arpmonitor)]: fd:10, level:58, optname:1
[   20.489820] firmadyne: sys_socket[PID: 287 (gpiod)]: family:2, type:2, protocol:0
ioctl fail
[/etc/init0.d/S51wlan.sh]: start ...
[   20.528200] firmadyne: sys_socket[PID: 727 (service)]: family:1, type:1, protocol:0
 [   20.543571] firmadyne: sys_socket[PID: 728 (event)]: family:1, type:1, protocol:0
 [   20.574428] firmadyne: sys_socket[PID: 734 (xmldbc)]: family:1, type:1, protocol:0
[/etc/init0.d/S52wlan.sh]: start ...
[   20.788629] firmadyne: sys_socket[PID: 747 (xmldbc)]: family:1, type:1, protocol:0
nvram_set: emf_enable = "1"
sem_lock: Triggering NVRAM initialization!
nvram_init: Initializing NVRAM...
sem_get: Key: 4101801b
sem_get: Key: 410f0529
nvram_set_default_builtin: Setting built-in default values!
nvram_set: console_loglevel = "7"
sem_get: Key: 410f0529
sem_get: Key: 410f0529
nvram_set: restore_defaults = "1"
sem_get: Key: 410f0529
sem_get: Key: 410f0529
nvram_set: sku_name = ""
sem_get: Key: 410f0529
sem_get: Key: 410f0529
nvram_set: wla_wlanstate = ""
sem_get: Key: 410f0529
sem_get: Key: 410f0529
nvram_set: lan_if = "br0"
sem_get: Key: 410f0529
sem_get: Key: 410f0529
nvram_set: lan_ipaddr = "192.168.0.50"
sem_get: Key: 410f0529
sem_get: Key: 410f0529
nvram_set: lan_bipaddr = "192.168.0.255"
sem_get: Key: 410f0529
sem_get: Key: 410f0529
nvram_set: lan_netmask = "255.255.255.0"
sem_get: Key: 410f0529
sem_get: Key: 410f0529
nvram_set: time_zone = "EST5EDT"
sem_get: Key: 410f0529
sem_get: Key: 410f0529
nvram_set: wan_hwaddr_def = "01:23:45:67:89:ab"
sem_get: Key: 410f0529
sem_get: Key: 410f0529
nvram_set: wan_ifname = "eth0"
sem_get: Key: 410f0529
sem_get: Key: 410f0529
nvram_set: lan_ifnames = "eth1 eth2 eth3 eth4"
sem_get: Key: 410f0529
sem_get: Key: 410f0529
nvram_set: ethConver = "1"
sem_get: Key: 410f0529
sem_get: Key: 410f0529
nvram_set: lan_proto = "dhcp"
sem_get: Key: 410f0529
sem_get: Key: 410f0529
nvram_set: wan_ipaddr = "0.0.0.0"
sem_get: Key: 410f0529
sem_get: Key: 410f0529
nvram_set: wan_netmask = "255.255.255.0"
sem_get: Key: 410f0529
sem_get: Key: 410f0529
nvram_set: wanif = "eth0"
sem_get: Key: 410f0529
sem_get: Key: 410f0529
nvram_set: time_zone_x = "0"
sem_get: Key: 410f0529
sem_get: Key: 410f0529
nvram_set: rip_multicast = "0"
sem_get: Key: 410f0529
sem_get: Key: 410f0529
nvram_set: bs_trustedip_enable = "0"
sem_get: Key: 410f0529
sem_get: Key: 410f0529
nvram_set_default: Loading built-in default values = 1!
nvram_set_default: Checking for symbol "router_defaults"...
nvram_set_default: Checking for symbol "Nvrams"...
nvram_set_default_image: Copying overrides from defaults folder!
sem_get: Key: 410f0529
cp: cannot stat '/firmadyne/libnvram.override/*': No such file or directory
sem_get: Key: 410f0529
sem_get: Key: 410f0529
sem_get: Key: 410f0529
nvram_set: devpath1 = "pcie/1/4"
sem_lock: Already initialized!
sem_get: Key: 410f0529
sem_get: Key: 410f0529
nvram_set: 1:devpath1 = "sb/1/"
sem_lock: Already initialized!
sem_get: Key: 410f0529
sem_get: Key: 410f0529
nvram_set: 1:boardrev = "0x1421"
sem_lock: Already initialized!
sem_get: Key: 410f0529
sem_get: Key: 410f0529
nvram_set: 1:sromrev = "11"
sem_lock: Already initialized!
sem_get: Key: 410f0529
sem_get: Key: 410f0529
nvram_set: 1:venid = "0x14E4"
sem_lock: Already initialized!
sem_get: Key: 410f0529
sem_get: Key: 410f0529
nvram_set: 1:devid = "0x43BB"
sem_lock: Already initialized!
sem_get: Key: 410f0529
sem_get: Key: 410f0529
nvram_set: 1:xtalfreq = "40000"
sem_lock: Already initialized!
sem_get: Key: 410f0529
sem_get: Key: 410f0529
nvram_set: 1:boardflags = "0x20001000"
sem_lock: Already initialized!
sem_get: Key: 410f0529
sem_get: Key: 410f0529
[   21.379652] firmadyne: sys_socket[PID: 764 (event)]: family:1, type:1, protocol:0
nvram_set: 1:boardflags2 = "0x00000002"
 sem_lock: Already initialized!
sem_get: Key: 410f0529
sem_get: Key: 410f0529
[   21.399592] firmadyne: sys_socket[PID: 767 (ifconfig)]: family:2, type:2, protocol:0
[   21.418427] device eth0 left promiscuous mode
[   21.419499] br0: port 1(eth0.1) entered disabled state
[   21.423956] firmadyne: sys_socket[PID: 769 (ifconfig)]: family:2, type:2, protocol:0
[   21.429447] firmadyne: sys_socket[PID: 770 (ifconfig)]: family:2, type:2, protocol:0
[   21.431987] 8021q: adding VLAN 0 to HW filter on device eth0
[   21.432502] device eth0 entered promiscuous mode
[   21.433483] br0: port 1(eth0.1) entered forwarding state
[   21.433800] br0: port 1(eth0.1) entered forwarding state
nvram_set: 1:boardflags3 = "0x04000005"
sem_lock: Already initialized!
sem_get: Key: 410f0529
sem_get: Key: 410f0529
SERVD: start service [BRIDGE]
nvram_set: 1:aa2g = "7"
sem_lock: Already initialized!
sem_get: Key: 410f0529
sem_get: Key: 410f0529
[   21.492357] firmadyne: sys_socket[PID: 287 (gpiod)]: family:2, type:2, protocol:0
ioctl fail
nvram_set: 1:txchain = "7"
sem_lock: Already initialized!
sem_get: Key: 410f0529
sem_get: Key: 410f0529
[   21.515976] firmadyne: sys_socket[PID: 778 (xmldbc)]: family:1, type:1, protocol:0
nvram_set: 1:rxchain = "7"
sem_lock: Already initialized!
sem_get: Key: 410f0529
sem_get: Key: 410f0529
nvram_set: 1:antswitch = "0"
sem_lock: Already initialized!
sem_get: Key: 410f0529
sem_get: Key: 410f0529
nvram_set: 1:temps_period = "5"
sem_lock: Already initialized!
sem_get: Key: 410f0529
sem_get: Key: 410f0529
nvram_set: 1:tempthresh = "120"
sem_lock: Already initialized!
sem_get: Key: 410f0529
sem_get: Key: 410f0529
nvram_set: 1:temps_hysteresis = "5"
sem_lock: Already initialized!
sem_get: Key: 410f0529
sem_get: Key: 410f0529
nvram_set: 1:phycal_tempdelta = "0"
[   21.686066] firmadyne: sys_socket[PID: 786 (service)]: family:1, type:1, protocol:0
sem_lock: Already initialized!
sem_get: Key: 410f0529
sem_get: Key: 410f0529
 nvram_set: [   21.715926] firmadyne: sys_socket[PID: 788 (service)]: family:1, type:1, protocol:0
 BRIDGE: The device is not in the bridge mode.
1:tempoffset = "0"
sem_lock: Already initialized!
sem_get: Key: 410f0529
SERVD: start service [LAN]
sem_get: Key: 410f0529
nvram_set: 1:tssiposslope2g = "1"
sem_lock: Already initialized!
sem_get: Key: 410f0529
sem_get: Key: 410f0529
[   21.778968] firmadyne: sys_socket[PID: 796 (xmldbc)]: family:1, type:1, protocol:0
nvram_set: 1:femctrl = "3"
sem_lock: Already initialized!
sem_get: Key: 410f0529
sem_get: Key: 410f0529
nvram_set: 1:papdcap2g = "0"
sem_lock: Already initialized!
sem_get: Key: 410f0529
sem_get: Key: 410f0529
nvram_set: 1:tworangetssi2g = "0"
sem_lock: Already initialized!
sem_get: Key: 410f0529
sem_get: Key: 410f0529
nvram_set: 1:pdgain2g = "21"
sem_lock: Already initialized!
sem_get: Key: 410f0529
sem_get: Key: 410f0529
nvram_set: 1:epagain2g = "0"
sem_lock: Already initialized!
sem_get: Key: 410f0529
sem_get: Key: 410f0529
[   21.971589] firmadyne: sys_socket[PID: 803 (service)]: family:1, type:1, protocol:0
nvram_set: 1:gainctrlsph = "0"
 [   21.994569] firmadyne: sys_socket[PID: 805 (service)]: family:1, type:1, protocol:0
 sem_lock: Already initialized!
sem_get: Key: 410f0529
sem_get: Key: 410f0529
nvram_set: 1:rxgains2gelnagaina0 = "4"
sem_lock: Already initialized!
sem_get: Key: 410f0529
sem_get: Key: 410f0529
[   22.024991] firmadyne: sys_socket[PID: 808 (service)]: family:1, type:1, protocol:0
 [   22.046106] firmadyne: sys_socket[PID: 810 (service)]: family:1, type:1, protocol:0
nvram_set: 1:rxgains2gtrelnabypa0 = "1"
sem_lock: Already initialized!
sem_get: Key: 410f0529
sem_get: Key: 410f0529
 [   22.070360] firmadyne: sys_socket[PID: 812 (service)]: family:1, type:1, protocol:0
nvram_set: 1:rxgains2gtrisoa0 = "7"
sem_lock: Already initialized!
sem_get: Key: 410f0529
sem_get: Key: 410f0529
 [   22.093629] firmadyne: sys_socket[PID: 815 (service)]: family:1, type:1, protocol:0
nvram_set: 1:rxgains2gelnagaina1 = "4"
sem_lock: Already initialized!
sem_get: Key: 410f0529
sem_get : Key: 410f0529
[   22.127444] firmadyne: sys_socket[PID: 818 (service)]: family:1, type:1, protocol:0
nvram_set: 1:rxgains2gtrelnabypa1 = "1"
sem_lock: Already initialized!
sem_get: Key: 410f0529
sem_get: Key: 410f0529
 [   22.167602] firmadyne: sys_socket[PID: 821 (service)]: family:1, type:1, protocol:0
nvram_set: 1:rxgains2gtrisoa1 = "7"
sem_lock: Already initialized!
sem_get: Key: 410f0529
sem_get: Key: 410f0529
 [   22.189932] firmadyne: sys_socket[PID: 823 (service)]: family:1, type:1, protocol:0
 nvram_set: 1:rxgains2gelnagaina2 = "4"
sem_lock: Already initialized!
[   22.219103] firmadyne: sys_socket[PID: 825 (service)]: family:1, type:1, protocol:0
 sem_get: Key: 410f0529
sem_get: Key: 410f0529
[   22.246995] firmadyne: sys_socket[PID: 828 (service)]: family:1, type:1, protocol:0
nvram_set: 1:rxgains2gtrelnabypa2 = "1"
 sem_lock: Already initialized!
sem_get: Key: 410f0529
sem_get: Key: 410f0529
nvram_set: 1:rxgains2gtrisoa2 = "7"
sem_lock: Already initialized!
sem_get: Key: 410f0529
sem_get: Key: 410f0529
[   22.374978] firmadyne: sys_socket[PID: 829 (service)]: family:1, type:1, protocol:0
[   22.380820] cfg80211: Calling CRDA to update world regulatory domain
 nvram_set: 1:maxp2ga0 = "0x6a"
sem_lock: Already initialized!
sem_get: Key: 410f0529
sem_get: Key: 410f0529
[   22.446982] firmadyne: sys_socket[PID: 834 (service)]: family:1, type:1, protocol:0
nvram_set: 1:maxp2ga1 = "0x6a"
sem_lock: Already initialized!
sem_get: Key: 410f0529
 sem_get: Key: 410f0529
[   22.483478] firmadyne: sys_socket[PID: 836 (service)]: family:1, type:1, protocol:0
[   22.494283] firmadyne: sys_socket[PID: 287 (gpiod)]: family:2, type:2, protocol:0
ioctl fail
 nvram_set: 1:maxp2ga2 = "0x6a"
sem_lock: Already initialized!
[   22.520299] firmadyne: sys_socket[PID: 838 (service)]: family:1, type:1, protocol:0
sem_get: Key: 410f0529
sem_get: Key: 410f0529
 nvram_set: 1:pa2ga0 = "0xff2e,0x1c46,0xfc95"
sem_lock: Already initialized!
sem_get: Key: [   22.558296] firmadyne: sys_socket[PID: 840 (service)]: family:1, type:1, protocol:0
 410f0529
sem_get: Key: 410f0529
[   22.583819] firmadyne: sys_socket[PID: 841 (service)]: family:1, type:1, protocol:0
 nvram_set: 1:pa2ga1 = "0xff37,0x1d02,0xfc90"
sem_lock: Already initialized!
sem_get: Key: 410f0529
sem_get: Key: 410f0529
[   22.619128] firmadyne: sys_socket[PID: 843 (service)]: family:1, type:1, protocol:0
 [   22.637618] firmadyne: sys_socket[PID: 845 (service)]: family:1, type:1, protocol:0
nvram_set: 1:pa2ga2 = "0xff2f,0x1d24,0xfc7f"
 sem_lock: Already initialized!
sem_get: Key: 410f0529
sem_get: Key: 410f0529
[   22.666907] firmadyne: sys_socket[PID: 846 (service)]: family:1, type:1, protocol:0
nvram_set: 1:pdoffset2g40ma0 = "0"
sem_lock: Already initialized!
sem_get: Key: 410f0529
 sem_get: Key: 410f0529
[   22.702769] firmadyne: sys_socket[PID: 848 (service)]: family:1, type:1, protocol:0
 [   22.727516] firmadyne: sys_socket[PID: 850 (service)]: family:1, type:1, protocol:0
nvram_set: 1:pdoffset2g40ma1 = "0"
sem_lock: Already initialized!
sem_get: Key: 410f0529
sem_get: Key: 410f0529
 nvram_set: 1:pdoffset2g40ma2 = "0"
[   22.770229] firmadyne: sys_socket[PID: 852 (service)]: family:1, type:1, protocol:0
sem_lock: Already initialized!
sem_get: Key: 410f0529
sem_get: Key: 410f0529
 [   22.797817] firmadyne: sys_socket[PID: 854 (service)]: family:1, type:1, protocol:0
nvram_set: 1:pdoffset2g40mvalid = "1"
sem_lock: Already initialized!
sem_get: Key:  410f0529
sem_get: Key: 410f0529
[   22.825943] firmadyne: sys_socket[PID: 855 (service)]: family:1, type:1, protocol:0
 nvram_set: 1:cckbw202gpo = "0x0000"
sem_lock: Already initialized!
sem_get: Key: 410f0529
[   22.862281] firmadyne: sys_socket[PID: 857 (service)]: family:1, type:1, protocol:0
sem_get: Key: 410f0529
 [   22.887613] firmadyne: sys_socket[PID: 859 (service)]: family:1, type:1, protocol:0
nvram_set: 1:cckbw20ul2gpo = "0x0000"
sem_lock: Already initialized!
sem_get: Key: 410f0529
sem_get: Key: 410f0529
 [   22.922928] firmadyne: sys_socket[PID: 860 (service)]: family:1, type:1, protocol:0
 nvram_set: 1:mcsbw202gpo = "0xFECA6400"
sem_lock: Already initialized!
sem_get: Key: 410f0529
sem_get: Key: 410f0529
SERVD: start service [WAN]
nvram_set: 1:mcsbw402gpo = "0xEEEEEEEE"
sem_lock: Already initialized!
sem_get: Key: 410f0529
sem_get: Key: 410f0529
nvram_set: 1:ofdmlrbw202gpo = "0x0000"
sem_lock: Already initialized!
sem_get: Key: 410f0529
sem_get: Key: 410f0529
[   23.028596] firmadyne: sys_socket[PID: 868 (xmldbc)]: family:1, type:1, protocol:0
nvram_set: 1:dot11agofdmhrbw202gpo = "0x8640"
sem_lock: Already initialized!
sem_get: Key: 410f0529
sem_get: Key: 410f0529
nvram_set: 1:dot11agduplrpo = "0xC0000"
sem_lock: Already initialized!
sem_get: Key: 410f0529
sem_get: Key: 410f0529
nvram_set: 1:dot11agduphrpo = "0x0000"
sem_lock: Already initialized!
sem_get: Key: 410f0529
sem_get: Key: 410f0529
nvram_set: 1:agbg0 = "0x0"
sem_lock: Already initialized!
sem_get: Key: 410f0529
sem_get: Key: 410f0529
nvram_set: 1:agbg1 = "0x0"
sem_lock: Already initialized!
sem_get: Key: 410f0529
sem_get: Key: 410f0529
[   23.278284] firmadyne: sys_socket[PID: 877 (service)]: family:1, type:1, protocol:0
nvram_set: 1:agbg2 = "0x0"
sem_lock: Already initialized!
sem_get: Key: 410f0529
sem_get: Key: 410f0529
 [   23.307889] firmadyne: sys_socket[PID: 879 (service)]: family:1, type:1, protocol:0
nvram_set: 1:rxgainerr2ga0 = "63"
sem_lock: Already initialized!
sem_get: Key:  410f0529
sem_get: Key: 410f0529
[   23.337395] firmadyne: sys_socket[PID: 881 (service)]: family:1, type:1, protocol:0
nvram_set: 1:rxgainerr2ga1 = "31"
sem_lock: Already initialized!
sem_get: Key: 410f0529
sem_get: Key: 410f0529
 [   23.372349] firmadyne: sys_socket[PID: 883 (service)]: family:1, type:1, protocol:0
nvram_set: 1:rxgainerr2ga2 = "31"
 sem_lock: Already initialized!
sem_get: Key: 410f0529
sem_get: Key: 410f0529
[   23.419428] firmadyne: sys_socket[PID: 886 (service)]: family:1, type:1, protocol:0
 nvram_set: 1:rpcal2g = "0"
sem_lock: Already initialized!
sem_get: Key: 410f0529
sem_get: Key: 410f0529
[   23.440414] firmadyne: sys_socket[PID: 888 (service)]: family:1, type:1, protocol:0
 [   23.491415] firmadyne: sys_socket[PID: 892 (service)]: family:1, type:1, protocol:0
 [   23.497459] firmadyne: sys_socket[PID: 287 (gpiod)]: family:2, type:2, protocol:0
ioctl fail
[   23.506863] firmadyne: sys_socket[PID: 893 (service)]: family:1, type:1, protocol:0
 nvram_set: devpath0 = "pcie/1/3"
[   23.542072] firmadyne: sys_socket[PID: 897 (service)]: family:1, type:1, protocol:0
 [   23.555851] firmadyne: sys_socket[PID: 898 (service)]: family:1, type:1, protocol:0
sem_lock: Already initialized!
sem_get: Key: 410f0529
sem_get: Key: 410f0529
 nvram_set: 0:devpath0 = "sb/1/"
sem_lock: Already initialized!
sem_get: Key: 410f0529
sem_get: Key: 410f0529
[   23.595903] firmadyne: sys_socket[PID: 902 (service)]: family:1, type:1, protocol:0
 nvram_set: 0:boardrev = "0x1421"
sem_lock: Already initialized!
sem_get: Key: 410f0529
sem_get: Key: 410f0529
[   23.620975] firmadyne: sys_socket[PID: 903 (service)]: family:1, type:1, protocol:0
 nvram_set: 0:sromrev = "11"
sem_lock: Already initialized!
sem_get: Key: 410f0529
[   23.660190] firmadyne: sys_socket[PID: 906 (service)]: family:1, type:1, protocol:0
 sem_get: Key: 410f0529
[   23.677056] firmadyne: sys_socket[PID: 907 (service)]: family:1, type:1, protocol:0
 nvram_set: 0:venid = "0x14E4"
sem_lock: Already initialized!
[   23.709018] firmadyne: sys_socket[PID: 909 (service)]: family:1, type:1, protocol:0
sem_get: Key: 410f0529
sem_get: Key: 410f0529
 [   23.737390] firmadyne: sys_socket[PID: 911 (service)]: family:1, type:1, protocol:0
nvram_set: 0:devid = "0x43BC"
sem_lock: Already initialized!
sem_get: Key: 410f0529
sem_get: Key: 410f0529
 nvram_set: 0:xtalfreq = "40000"
sem_lock: Already initialized!
sem_get: Key: 410f0529
sem_get: Key: 410f0529
[   23.768879] firmadyne: sys_socket[PID: 912 (service)]: family:1, type:1, protocol:0
 [   23.793400] firmadyne: sys_socket[PID: 915 (service)]: family:1, type:1, protocol:0
nvram_set: 0:boardflags = "0x10000000"
 sem_lock: Already initialized!
sem_get: Key: 410f0529
sem_get: Key: 410f0529
[   23.816205] firmadyne: sys_socket[PID: 916 (service)]: family:1, type:1, protocol:0
nvram_set: 0:boardflags2 = "0x00000002"
sem_lock: Already initialized!
sem_get: Key: 410f0529
sem_get: Key: 410f0529
 [   23.851356] firmadyne: sys_socket[PID: 918 (service)]: family:1, type:1, protocol:0
 nvram_set: 0:boardflags3 = "0x00000000"
sem_lock: Already initialized!
sem_get: Key: 410f0529
sem_get: Key: 410f0529
[   23.886979] firmadyne: sys_socket[PID: 920 (service)]: family:1, type:1, protocol:0
 nvram_set: 0:aa5g = "7"
sem_lock: Already initialized!
sem_get: Key: 410f0529
sem_get: Key: 410f0529
[   23.918296] firmadyne: sys_socket[PID: 922 (service)]: family:1, type:1, protocol:0
 nvram_set: 0:txchain = "7"
sem_lock: Already initialized!
[   23.950548] firmadyne: sys_socket[PID: 924 (service)]: family:1, type:1, protocol:0
sem_get: Key: 410f0529
sem_get: Key: 410f0529
 [   23.976341] firmadyne: sys_socket[PID: 926 (service)]: family:1, type:1, protocol:0
nvram_set: 0:rxchain = "7"
sem_lock: Already initialized!
sem_get: Key: 410f0529
sem_get: Key: 410f0529
 [   24.002051] firmadyne: sys_socket[PID: 927 (service)]: family:1, type:1, protocol:0
 nvram_set: 0:antswitch = "0"
sem_lock: Already initialized!
sem_get: Key: 410f0529
sem_get: Key: 410f0529
[   24.026080] firmadyne: sys_socket[PID: 929 (service)]: family:1, type:1, protocol:0
nvram_set: 0:subband5gver = "4"
sem_lock: Already initialized!
sem_get: Key: 410f0529
sem_get: Key: 410f0529
 nvram_set[   24.061789] firmadyne: sys_socket[PID: 932 (service)]: family:1, type:1, protocol:0
 : 0:temps_period = "5"
sem_lockSERVD: start service [INFSVCS.BRIDGE-1]
: Already initialized!
sem_get: Key: 410f0529
sem_get: Key: 410f0529
nvram_set: 0:tempthresh = "120"
sem_lock: Already initialized!
sem_get: Key: 410f0529
sem_get: Key: 410f0529
nvram_set: 0:temps_hysteresis = "5"
sem_lock: Already initialized!
sem_get: Key: 410f0529
sem_get: Key: 410f0529
[   24.114844] firmadyne: sys_socket[PID: 940 (xmldbc)]: family:1, type:1, protocol:0
nvram_set: 0:phycal_tempdelta = "0"
sem_lock: Already initialized!
sem_get: Key: 410f0529
sem_get: Key: 410f0529
nvram_set: 0:tempoffset = "0"
sem_lock: Already initialized!
sem_get: Key: 410f0529
sem_get: Key: 410f0529
nvram_set: 0:femctrl = "6"
sem_lock: Already initialized!infsvcs_setup: (BRIDGE-1) not exist.
SERVD: service [INFSVCS.BRIDGE-1] return error 9.
SERVD: start service [DEVICE.PASSTHROUGH]

sem_get: Key: 410f0529
sem_get: Key: 410f0529
nvram_set: 0:tssiposslope5g = "1"
sem_lock: Already initialized!
sem_get: Key: 410f0529
sem_get: Key: 410f0529
[   24.309438] firmadyne: sys_socket[PID: 953 (xmldbc)]: family:1, type:1, protocol:0
nvram_set: 0:gainctrlsph = "0"
sem_lock: Already initialized!
sem_get: Key: 410f0529
sem_get: Key: 410f0529
nvram_set: 0:papdcap5g = "0"
sem_lock: Already initialized!
sem_get: Key: 410f0529
sem_get: Key: 410f0529
nvram_set: 0:tworangetssi5g = "0"
sem_lock: Already initialized!
sem_get: Key: 410f0529
sem_get: Key: 410f0529
/proc/pthrough/ipv6: can't create
/proc/pthrough/pppoe: can't create
[   24.450208] firmadyne: sys_socket[PID: 960 (service)]: family:1, type:1, protocol:0
 [   24.467292] firmadyne: sys_socket[PID: 962 (service)]: family:1, type:1, protocol:0
nvram_set: 0:pdgain5g = "19"
sem_lock: Already initialized!
sem_get: Key: 410f0529
sem_get: Key: 410f0529
 [   24.497806] firmadyne: sys_socket[PID: 964 (service)]: family:1, type:1, protocol:0
[   24.498995] firmadyne: sys_socket[PID: 287 (gpiod)]: family:2, type:2, protocol:0
ioctl fail
nvram_set: 0:epagain5g = "0"
 sem_lock: Already initialized!
sem_get: Key: 410f0529
sem_get: Key: 410f0529
[   24.521176] firmadyne: sys_socket[PID: 965 (service)]: family:1, type:1, protocol:0
 nvram_set: 0:rxgains5gelnagaina0 = "3"
[   24.549575] firmadyne: sys_socket[PID: 967 (service)]: family:1, type:1, protocol:0
sem_lock: Already initialized!
sem_get: Key: 410f0529
sem_get: Key: 410f0529
 nvram_set: 0:rxgains5gtrelnabypa0 = "1"
sem_lock: [   24.577600] firmadyne: sys_socket[PID: 969 (service)]: family:1, type:1, protocol:0
Already initialized!
sem_get: Key: 410f0529
sem_get: Key: 410f0529
 SERVD: start service [MYDLINK.LOG]
nvram_set: 0:rxgains5gtrisoa0 = "6"
sem_lock: Already initialized!
sem_get: Key: 410f0529
sem_get: Key: 410f0529
nvram_set: 0:rxgains5gmelnagaina0 = "3"
sem_lock: Already initialized!
sem_get: Key: 410f0529
sem_get: Key: 410f0529
[   24.754784] firmadyne: sys_socket[PID: 977 (xmldbc)]: family:1, type:1, protocol:0
nvram_set: 0:rxgains5gmtrelnabypa0 = "1"
sem_lock: Already initialized!
sem_get: Key: 410f0529
sem_get: Key: 410f0529
nvram_set: 0:rxgains5gmtrisoa0 = "6"
sem_lock: Already initialized!
sem_get: Key: 410f0529
SERVD: start service [WIFI.PHYINF]
sem_get: Key: 410f0529
nvram_set: 0:rxgains5ghelnagaina0 = "3"
SERVD: service [WIFI.PHYINF] return error 108.
SERVD: start service [IPTABLES]
sem_lock: Already initialized!
sem_get: Key: 410f0529
sem_get: Key: 410f0529
nvram_set: 0:rxgains5ghtrelnabypa0 = "1"
sem_lock: Already initialized!
sem_get: Key: 410f0529
sem_get: Key: 410f0529
[   25.000707] firmadyne: sys_socket[PID: 991 (xmldbc)]: family:1, type:1, protocol:0
nvram_set: 0:rxgains5ghtrisoa0 = "6"
sem_lock: Already initialized!
sem_get: Key: 410f0529
sem_get: Key: 410f0529
nvram_set: 0:rxgains5gelnagaina1 = "3"
sem_lock: Already initialized!
sem_get: Key: 410f0529
sem_get: Key: 410f0529
nvram_set: 0:rxgains5gtrelnabypa1 = "1"
sem_lock: Already initialized!
sem_get: Key: 410f0529
sem_get: Key: 410f0529
nvram_set: 0:rxgains5gtrisoa1 = "6"
sem_lock: Already initialized!
sem_get: Key: 410f0529
sem_get: Key: 410f0529
nvram_set: 0:rxgains5gmelnagaina1 = "3"
sem_lock: Already initialized!
sem_get: Key: 410f0529
sem_get: Key: 410f0529
nvram_set: 0:rxgains5gmtrelnabypa1 = "1"
sem_lock: Already initialized!
sem_get: Key: 410f0529
sem_get: Key: 410f0529
nvram_set: 0:rxgains5gmtrisoa1 = "6"
sem_lock: Already initialized!
sem_get: Key: 410f0529
sem_get: Key: 410f0529
[   25.364943] firmadyne: sys_socket[PID: 1005 (xmldbc)]: family:1, type:1, protocol:0
nvram_set: 0:rxgains5ghelnagaina1 = "3"
sem_lock: Already initialized!
sem_get: Key: 410f0529
sem_get: Key: 410f0529
nvram_set: 0:rxgains5ghtrelnabypa1 = "1"
sem_lock: Already initialized!
sem_get: Key: 410f0529
sem_get: Key: 410f0529
nvram_set: 0:rxgains5ghtrisoa1 = "6"
sem_lock: Already initialized!
[   25.500708] firmadyne: sys_socket[PID: 287 (gpiod)]: family:2, type:2, protocol:0
ioctl fail
sem_get: Key: 410f0529
sem_get: Key: 410f0529
[   25.528800] cfg80211: Calling CRDA to update world regulatory domain
[   25.540219] firmadyne: sys_socket[PID: 1018 (xmldbc)]: family:1, type:1, protocol:0
CONNTRACK_MAX=65536
nvram_set: 0:rxgains5gelnagaina2 = "3"
sem_lock: Already initialized!
sem_get: Key: 410f0529
sem_get: Key: 410f0529
nvram_set: 0:rxgains5gtrelnabypa2 = "1"
[   25.612149] firmadyne: sys_socket[PID: 1024 (xmldbc)]: family:1, type:1, protocol:0
sem_lock: Already initialized!
sem_get: Key: 410f0529
sem_get: Key: 410f0529
nvram_set: 0:rxgains5gtrisoa2 = "6"
sem_lock[   25.674184] firmadyne: sys_socket[PID: 1029 (xmldbc)]: family:1, type:1, protocol:0
: Already initialized!
sem_get: Key: 410f0529
sem_get: Key: 410f0529
CONNTRACK_MIN=32768
nvram_set: 0:rxgains5gmelnagaina2 = "3"
sem_lock: Already initialized!
sem_get: Key: 410f0529
sem_get: Key: 410f0529
nvram_set: 0:rxgains5gmtrelnabypa2 = "1"
[   25.753133] firmadyne: sys_socket[PID: 1037 (portt)]: family:1, type:2, protocol:0
sem_lock: Already initialized!
sem_get: Key: 410f0529
sem_get: Key: 410f0529
[   25.779068] firmadyne: sys_socket[PID: 1038 (iptables)]: family:2, type:3, protocol:255
nvram_set: 0:rxgains5gmtrisoa2 = "6"
[   25.793161] firmadyne: sys_socket[PID: 1038 (iptables)]: family:2, type:3, protocol:255
sem_lock: Already initialized!
sem_get: Key: [   25.800651] firmadyne: sys_socket[PID: 1038 (iptables)]: family:2, type:3, protocol:255
410f0529
sem_get: Key: 410f0529
[   25.807387] firmadyne: sys_socket[PID: 1038 (iptables)]: family:2, type:3, protocol:255
[   25.820931] firmadyne: sys_socket[PID: 1038 (iptables)]: family:2, type:3, protocol:255
[   25.823843] firmadyne: sys_socket[PID: 1038 (iptables)]: family:2, type:3, protocol:255
nvram_set: 0:rxgains5ghelnagaina2 = "3"
[   25.830879] firmadyne: sys_socket[PID: 1038 (iptables)]: family:2, type:3, protocol:255
sem_lock: Already initialized!
sem_get: Key: 410f0529
sem_get: Key: 410f0529
[   25.847451] firmadyne: sys_socket[PID: 1038 (iptables)]: family:2, type:3, protocol:255
[   25.850623] firmadyne: sys_socket[PID: 1038 (iptables)]: family:2, type:3, protocol:255
[   25.860680] firmadyne: sys_socket[PID: 1038 (iptables)]: family:2, type:3, protocol:255
nvram_set: 0:rxgains5ghtrelnabypa2 = "1"
sem_lock: Already initialized!
sem_get: Key: 410f0529
sem_get: Key: 410f0529
[   25.871541] firmadyne: sys_socket[PID: 1038 (iptables)]: family:2, type:3, protocol:255
[   25.872193] firmadyne: sys_socket[PID: 1038 (iptables)]: family:2, type:3, protocol:255
[   25.875632] firmadyne: sys_socket[PID: 1038 (iptables)]: family:2, type:3, protocol:255
[   25.890527] firmadyne: sys_socket[PID: 1038 (iptables)]: family:2, type:3, protocol:255
[   25.893064] firmadyne: sys_socket[PID: 1038 (iptables)]: family:2, type:3, protocol:255
nvram_set: 0:rxgains5ghtrisoa2 = "6"
[   25.900725] firmadyne: sys_socket[PID: 1038 (iptables)]: family:2, type:3, protocol:255
[   25.901104] firmadyne: sys_socket[PID: 1038 (iptables)]: family:2, type:3, protocol:255
[   25.902648] firmadyne: sys_socket[PID: 1038 (iptables)]: family:2, type:3, protocol:255
sem_lock: Already initialized!
sem_get: Key: 410f0529
sem_get: Key: 410f0529
[   25.913445] firmadyne: sys_setsockopt[PID: 1038 (iptables)]: fd:6, level:0, optname:64
[   25.916112] firmadyne: sys_setsockopt[PID: 1038 (iptables)]: fd:6, level:0, optname:65
nvram_set: 0:maxp5ga0 = "0x5a,0x5a,0x5a,0x5a"
sem_lock: Already initialized!
sem_get: Key: 410f0529
sem_get[   25.950094] firmadyne: sys_socket[PID: 1072 (iptables)]: family:2, type:3, protocol:255
[   25.953280] firmadyne: sys_socket[PID: 1072 (iptables)]: family:2, type:3, protocol:255
: Key: 410f0529
[   25.960337] firmadyne: sys_socket[PID: 1072 (iptables)]: family:2, type:3, protocol:255
nvram_set: 0:maxp5ga1 = "0x5a,0x5a,0x5a,0x5a"
sem_lock: Already initialized!
sem_get: Key: 410f0529
sem_get: Key: 410f0529
[   25.980350] firmadyne: sys_socket[PID: 1072 (iptables)]: family:2, type:3, protocol:255
[   25.982882] firmadyne: sys_socket[PID: 1072 (iptables)]: family:2, type:3, protocol:255
nvram_set: 0:maxp5ga2 = "0x5a,0x5a,0x5a,0x5a"
[   25.990330] firmadyne: sys_socket[PID: 1072 (iptables)]: family:2, type:3, protocol:255
sem_lock: Already initialized!
sem_get: Key: 410f0529
sem_get: Key: 410f0529
[   26.000320] firmadyne: sys_socket[PID: 1072 (iptables)]: family:2, type:3, protocol:255
[   26.010514] firmadyne: sys_socket[PID: 1072 (iptables)]: family:2, type:3, protocol:255
nvram_set: 0:pa5ga0 = "0xff33,0x181d,0xfd0f,0xff33,0x177f,0xfd20,0xFF33,0x1A22,0xFCD6,0xFF32,0x19FC,0xFCDD"
[   26.020435] firmadyne: sys_socket[PID: 1072 (iptables)]: family:2, type:3, protocol:255
[   26.022789] firmadyne: sys_socket[PID: 1072 (iptables)]: family:2, type:3, protocol:255
sem_lock: Already initialized!
sem_get: Key: 410f0529
sem_get: Key: 410f0529
[   26.030633] firmadyne: sys_socket[PID: 1072 (iptables)]: family:2, type:3, protocol:255
[   26.031022] firmadyne: sys_socket[PID: 1072 (iptables)]: family:2, type:3, protocol:255
[   26.039890] firmadyne: sys_socket[PID: 1072 (iptables)]: family:2, type:3, protocol:255
nvram_set: 0:pa5ga1 = "0xff35,0x1757,0xfd1d,0xff30,0x174d,0xfd31,0xFF2F,0x19B3,0xFCE2,0xFF2E,0x19EB,0xFCDA"
[   26.050396] firmadyne: sys_socket[PID: 1072 (iptables)]: family:2, type:3, protocol:255
[   26.052694] firmadyne: sys_socket[PID: 1072 (iptables)]: family:2, type:3, protocol:255
sem_lock: Already initialized!
sem_get: Key: 410f0529
sem_get: Key: 410f0529[   26.060574] firmadyne: sys_socket[PID: 1072 (iptables)]: family:2, type:3, protocol:255
[   26.060933] firmadyne: sys_socket[PID: 1072 (iptables)]: family:2, type:3, protocol:255
[   26.061747] firmadyne: sys_socket[PID: 1072 (iptables)]: family:2, type:3, protocol:255
[   26.063786] firmadyne: sys_setsockopt[PID: 1072 (iptables)]: fd:6, level:0, optname:64
[   26.064219] firmadyne: sys_setsockopt[PID: 1072 (iptables)]: fd:6, level:0, optname:65

[   26.075024] firmadyne: sys_socket[PID: 1105 (iptables)]: family:2, type:3, protocol:255
[   26.090314] firmadyne: sys_socket[PID: 1105 (iptables)]: family:2, type:3, protocol:255
[   26.092714] firmadyne: sys_socket[PID: 1105 (iptables)]: family:2, type:3, protocol:255
nvram_set: 0:pa5ga2 = "0xff3a,0x17d2,0xfd21,0xff28,0x1692,0xfd2f,0xFF31,0x1A12,0xFCD7,0xFF31,0x19FE,0xFCDD"
sem_lock: Already initialized!
[   26.100431] firmadyne: sys_socket[PID: 1105 (iptables)]: family:2, type:3, protocol:255
sem_get: Key: 410f0529
sem_get: Key: 410f0529
[   26.110238] firmadyne: sys_socket[PID: 1105 (iptables)]: family:2, type:3, protocol:255
[   26.120530] firmadyne: sys_socket[PID: 1105 (iptables)]: family:2, type:3, protocol:255
nvram_set: 0:pdoffset40ma0 = "0x0044"
sem_lock: Already initialized!
sem_get: Key: 410f0529
[   26.130485] firmadyne: sys_socket[PID: 1105 (iptables)]: family:2, type:3, protocol:255
[   26.132825] firmadyne: sys_socket[PID: 1105 (iptables)]: family:2, type:3, protocol:255
sem_get: Key: 410f0529
[   26.140169] firmadyne: sys_socket[PID: 1105 (iptables)]: family:2, type:3, protocol:255
[   26.150555] firmadyne: sys_socket[PID: 1105 (iptables)]: family:2, type:3, protocol:255
nvram_set: 0:pdoffset40ma1 = "0x0044"
sem_lock: Already initialized!
sem_get: Key: [   26.160471] firmadyne: sys_socket[PID: 1105 (iptables)]: family:2, type:3, protocol:255
[   26.160893] firmadyne: sys_socket[PID: 1105 (iptables)]: family:2, type:3, protocol:255
[   26.163224] firmadyne: sys_socket[PID: 1105 (iptables)]: family:2, type:3, protocol:255
410f0529
sem_get: Key: 410f0529
[   26.179797] firmadyne: sys_socket[PID: 1105 (iptables)]: family:2, type:3, protocol:255
[   26.182438] firmadyne: sys_socket[PID: 1105 (iptables)]: family:2, type:3, protocol:255
nvram_set: 0:pdoffset40ma2 = "0x0044"
[   26.190401] firmadyne: sys_socket[PID: 1105 (iptables)]: family:2, type:3, protocol:255
[   26.190768] firmadyne: sys_socket[PID: 1105 (iptables)]: family:2, type:3, protocol:255
[   26.191609] firmadyne: sys_socket[PID: 1105 (iptables)]: family:2, type:3, protocol:255
sem_lock: Already initialized!
sem_get: Key: 410f0529
sem_get: Key: 410f0529
iptables v1.4.7: can't initialize iptables table `nat': Table does not exist (do you need to insmod?)
Perhaps iptables or your kernel needs to be upgraded.
nvram_set: 0:pdoffset80ma0 = "0x0011"
sem_lock: Already initialized!
sem_get: Key: 410f0529
sem_get: Key: 410f0529
[   26.229264] firmadyne: sys_socket[PID: 1141 (iptables)]: family:2, type:3, protocol:255
nvram_set: 0:pdoffset80ma1 = "0x0011"
sem_lock: Already initialized!
sem_get: Key: 410f0529
[   26.240425] firmadyne: sys_socket[PID: 1141 (iptables)]: family:2, type:3, protocol:255
[   26.242788] firmadyne: sys_socket[PID: 1141 (iptables)]: family:2, type:3, protocol:255
sem_get: Key: 410f0529
[   26.258668] firmadyne: sys_socket[PID: 1141 (iptables)]: family:2, type:3, protocol:255
[   26.261370] firmadyne: sys_socket[PID: 1141 (iptables)]: family:2, type:3, protocol:255
nvram_set: 0:pdoffset80ma2 = "0x0011"
sem_lock: Already initialized!
[   26.270352] firmadyne: sys_socket[PID: 1141 (iptables)]: family:2, type:3, protocol:255
[   26.272611] firmadyne: sys_socket[PID: 1141 (iptables)]: family:2, type:3, protocol:255
sem_get: Key: 410f0529
sem_get: Key: 410f0529
[   26.289475] firmadyne: sys_socket[PID: 1141 (iptables)]: family:2, type:3, protocol:255
[   26.292014] firmadyne: sys_socket[PID: 1141 (iptables)]: family:2, type:3, protocol:255
nvram_set: 0:mcsbw205glpo = "0xeecc7530"
sem_lock: Already initialized!
[   26.300358] firmadyne: sys_socket[PID: 1141 (iptables)]: family:2, type:3, protocol:255
sem_get: Key: 410f0529
sem_get: Key: 410f0529
[   26.306895] firmadyne: sys_socket[PID: 1141 (iptables)]: family:2, type:3, protocol:255
[   26.307302] firmadyne: sys_socket[PID: 1141 (iptables)]: family:2, type:3, protocol:255
[   26.320328] firmadyne: sys_socket[PID: 1141 (iptables)]: family:2, type:3, protocol:255
[   26.322649] firmadyne: sys_socket[PID: 1141 (iptables)]: family:2, type:3, protocol:255
nvram_set: 0:mcsbw205gmpo = "0xeecc7530"
[   26.330501] firmadyne: sys_socket[PID: 1141 (iptables)]: family:2, type:3, protocol:255
sem_lock: Already initialized!
sem_get: Key: 410f0529
sem_get: Key: 410f0529
[   26.349106] firmadyne: sys_socket[PID: 1141 (iptables)]: family:2, type:3, protocol:255
[   26.349513] firmadyne: sys_socket[PID: 1141 (iptables)]: family:2, type:3, protocol:255
[   26.350330] firmadyne: sys_socket[PID: 1141 (iptables)]: family:2, type:3, protocol:255
iptables v1.4.7: can't initialize iptables table `nat': Table does not exist (do you need to insmod?)
Perhaps iptables or your kernel needs to be upgraded.
nvram_set: 0:mcsbw205ghpo = "0xeecc7530"
sem_lock: Already initialized!
sem_get: Key: 410f0529
sem_get: Key: 410f0529
[   26.371765] firmadyne: sys_socket[PID: 1177 (iptables)]: family:2, type:3, protocol:255
[   26.380251] firmadyne: sys_socket[PID: 1177 (iptables)]: family:2, type:3, protocol:255
nvram_set: 0:mcsbw405glpo = "0xfeca7531"
[   26.390024] firmadyne: sys_socket[PID: 1177 (iptables)]: family:2, type:3, protocol:255
sem_lock: Already initialized!
sem_get: Key: 410f0529
sem_get: Key: 410f0529
[   26.399020] firmadyne: sys_socket[PID: 1177 (iptables)]: family:2, type:3, protocol:255
[   26.409983] firmadyne: sys_socket[PID: 1177 (iptables)]: family:2, type:3, protocol:255
nvram_set: 0:mcsbw405gmpo = "0xfeca7531"
sem_lock: Already initialized!
sem_get[   26.419998] firmadyne: sys_socket[PID: 1177 (iptables)]: family:2, type:3, protocol:255
[   26.422207] firmadyne: sys_socket[PID: 1177 (iptables)]: family:2, type:3, protocol:255
: Key: 410f0529
sem_get: Key: 410f0529
[   26.429887] firmadyne: sys_socket[PID: 1177 (iptables)]: family:2, type:3, protocol:255
[   26.440124] firmadyne: sys_socket[PID: 1177 (iptables)]: family:2, type:3, protocol:255
nvram_set: 0:mcsbw405ghpo = "0xfeca7531"
sem_lock: Already initialized!
sem_get: Key: 410f0529
[   26.449943] firmadyne: sys_socket[PID: 1177 (iptables)]: family:2, type:3, protocol:255
[   26.452185] firmadyne: sys_socket[PID: 1177 (iptables)]: family:2, type:3, protocol:255
[   26.452526] firmadyne: sys_socket[PID: 1177 (iptables)]: family:2, type:3, protocol:255
sem_get: Key: 410f0529
[   26.461375] firmadyne: sys_socket[PID: 1177 (iptables)]: family:2, type:3, protocol:255
[   26.469892] firmadyne: sys_socket[PID: 1177 (iptables)]: family:2, type:3, protocol:255
nvram_set: 0:mcsbw805glpo = "0xfeccccbb"
[   26.479922] firmadyne: sys_socket[PID: 1177 (iptables)]: family:2, type:3, protocol:255
[   26.482187] firmadyne: sys_socket[PID: 1177 (iptables)]: family:2, type:3, protocol:255
[   26.482506] firmadyne: sys_socket[PID: 1177 (iptables)]: family:2, type:3, protocol:255
[   26.482882] firmadyne: sys_socket[PID: 1177 (iptables)]: family:2, type:3, protocol:255
sem_lock: Already initialized!
sem_get: Key: 410f0529
sem_get: Key: 410f0529
iptables v1.4.7: can't initialize iptables table `nat': Table does not exist (do you need to insmod?)
Perhaps iptables or your kernel needs to be upgraded.
[   26.504235] firmadyne: sys_socket[PID: 287 (gpiod)]: family:2, type:2, protocol:0
ioctl fail
[   26.512792] firmadyne: sys_socket[PID: 1213 (iptables)]: family:2, type:3, protocol:255
nvram_set: 0:mcsbw805gmpo = "0xfeccccbb"
[   26.521489] firmadyne: sys_socket[PID: 1213 (iptables)]: family:2, type:3, protocol:255
sem_lock: Already initialized!
sem_get: Key: 410f0529
sem_get: Key: 410f0529
[   26.539826] firmadyne: sys_socket[PID: 1213 (iptables)]: family:2, type:3, protocol:255
[   26.542069] firmadyne: sys_socket[PID: 1213 (iptables)]: family:2, type:3, protocol:255
nvram_set: 0:mcsbw805ghpo = "0xfeccccbb"
[   26.550019] firmadyne: sys_socket[PID: 1213 (iptables)]: family:2, type:3, protocol:255
sem_lock: Already initialized!
sem_get: Key: 410f0529
sem_get: Key: 410f0529
[   26.556347] firmadyne: sys_socket[PID: 1213 (iptables)]: family:2, type:3, protocol:255
[   26.569923] firmadyne: sys_socket[PID: 1213 (iptables)]: family:2, type:3, protocol:255
[   26.572134] firmadyne: sys_socket[PID: 1213 (iptables)]: family:2, type:3, protocol:255
nvram_set: 0:mcslr5glpo = "0x0000"
sem_lock: Already initialized!
sem_get: Key: [   26.584216] firmadyne: sys_socket[PID: 1213 (iptables)]: family:2, type:3, protocol:255
410f0529
sem_get: Key: 410f0529
[   26.589680] firmadyne: sys_socket[PID: 1213 (iptables)]: family:2, type:3, protocol:255
[   26.600051] firmadyne: sys_socket[PID: 1213 (iptables)]: family:2, type:3, protocol:255
[   26.600434] firmadyne: sys_socket[PID: 1213 (iptables)]: family:2, type:3, protocol:255
nvram_set: 0:mcslr5gmpo = "0x0000"
[   26.609896] firmadyne: sys_socket[PID: 1213 (iptables)]: family:2, type:3, protocol:255
[   26.612140] firmadyne: sys_socket[PID: 1213 (iptables)]: family:2, type:3, protocol:255
sem_lock: Already initialized!
sem_get: Key: 410f0529
sem_get: Key: 410f0529
[   26.619844] firmadyne: sys_socket[PID: 1213 (iptables)]: family:2, type:3, protocol:255
[   26.630014] firmadyne: sys_socket[PID: 1213 (iptables)]: family:2, type:3, protocol:255
[   26.630340] firmadyne: sys_socket[PID: 1213 (iptables)]: family:2, type:3, protocol:255
[   26.631117] firmadyne: sys_socket[PID: 1213 (iptables)]: family:2, type:3, protocol:255
nvram_set: 0:mcslr5ghpo = "0x0000"
sem_lockiptables v1.4.7: can't initialize iptables table `nat': Table does not exist (do you need to insmod?)
Perhaps iptables or your kernel needs to be upgraded.
: Already initialized!
sem_get: Key: 410f0529
sem_get: Key: 410f0529
[   26.668472] firmadyne: sys_socket[PID: 1248 (iptables)]: family:2, type:3, protocol:255
[   26.671051] firmadyne: sys_socket[PID: 1248 (iptables)]: family:2, type:3, protocol:255
nvram_set: 0:sb20in40lrpo = "0x0000"
[   26.674133] random: nonblocking pool is initialized
sem_lock: Already initialized!
sem_get: Key: [   26.680069] firmadyne: sys_socket[PID: 1248 (iptables)]: family:2, type:3, protocol:255
410f0529
sem_get: Key: 410f0529
[   26.689884] firmadyne: sys_socket[PID: 1248 (iptables)]: family:2, type:3, protocol:255
[   26.699959] firmadyne: sys_socket[PID: 1248 (iptables)]: family:2, type:3, protocol:255
[   26.702198] firmadyne: sys_socket[PID: 1248 (iptables)]: family:2, type:3, protocol:255
nvram_set: 0:sb20in40hrpo = "0x0000"
sem_lock: Already initialized!
sem_get: Key: 410f0529
[   26.709973] firmadyne: sys_socket[PID: 1248 (iptables)]: family:2, type:3, protocol:255
sem_get: Key: 410f0529
[   26.719907] firmadyne: sys_socket[PID: 1248 (iptables)]: family:2, type:3, protocol:255
[   26.722212] firmadyne: sys_socket[PID: 1248 (iptables)]: family:2, type:3, protocol:255
[   26.729970] firmadyne: sys_socket[PID: 1248 (iptables)]: family:2, type:3, protocol:255
nvram_set: 0:sb20in80and160lr5glpo = "0x0000"
sem_lock: Already initialized!
sem_get: Key: 410f0529
sem_get: Key: 410f0529
[   26.740108] firmadyne: sys_socket[PID: 1248 (iptables)]: family:2, type:3, protocol:255
[   26.740475] firmadyne: sys_socket[PID: 1248 (iptables)]: family:2, type:3, protocol:255
[   26.743116] firmadyne: sys_socket[PID: 1248 (iptables)]: family:2, type:3, protocol:255
[   26.750111] firmadyne: sys_socket[PID: 1248 (iptables)]: family:2, type:3, protocol:255
nvram_set: 0:sb20in80and160lr5gmpo = "0x0000"
sem_lock: Already initialized!
sem_get: Key: 410f0529
sem_get: Key: 410f0529
[   26.759804] firmadyne: sys_socket[PID: 1248 (iptables)]: family:2, type:3, protocol:255
[   26.770690] firmadyne: sys_socket[PID: 1248 (iptables)]: family:2, type:3, protocol:255
[   26.771065] firmadyne: sys_socket[PID: 1248 (iptables)]: family:2, type:3, protocol:255
[   26.771861] firmadyne: sys_socket[PID: 1248 (iptables)]: family:2, type:3, protocol:255
[   26.773686] firmadyne: sys_setsockopt[PID: 1248 (iptables)]: fd:6, level:0, optname:64
[   26.774058] firmadyne: sys_setsockopt[PID: 1248 (iptables)]: fd:6, level:0, optname:65
nvram_set: 0:sb20in80and160lr5ghpo = "0x0000"
sem_lock: Already initialized!
sem_get: Key: 410f0529
sem_get: Key: 410f0529
[   26.795830] firmadyne: sys_socket[PID: 1282 (iptables)]: family:2, type:3, protocol:255
[   26.810569] firmadyne: sys_socket[PID: 1282 (iptables)]: family:2, type:3, protocol:255
nvram_set: 0:sb20in80and160hr5glpo = "0x0000"
sem_lock: Already initialized!
sem_get: Key: [   26.820541] firmadyne: sys_socket[PID: 1282 (iptables)]: family:2, type:3, protocol:255
[   26.823080] firmadyne: sys_socket[PID: 1282 (iptables)]: family:2, type:3, protocol:255
410f0529
sem_get: Key: 410f0529
[   26.840153] firmadyne: sys_socket[PID: 1282 (iptables)]: family:2, type:3, protocol:255
[   26.842608] firmadyne: sys_socket[PID: 1282 (iptables)]: family:2, type:3, protocol:255
[   26.847761] firmadyne: sys_socket[PID: 1282 (iptables)]: family:2, type:3, protocol:255
nvram_set: 0:sb20in80and160hr5gmpo = "0x0000"
sem_lock: Already initialized!
sem_get: Key: 410f0529
sem_get: Key: 410f0529
[   26.859161] firmadyne: sys_socket[PID: 1282 (iptables)]: family:2, type:3, protocol:255
[   26.870664] firmadyne: sys_socket[PID: 1282 (iptables)]: family:2, type:3, protocol:255
nvram_set: 0:sb20in80and160hr5ghpo = "0x0000"
[   26.880377] firmadyne: sys_socket[PID: 1282 (iptables)]: family:2, type:3, protocol:255
[   26.882785] firmadyne: sys_socket[PID: 1282 (iptables)]: family:2, type:3, protocol:255
[   26.883146] firmadyne: sys_socket[PID: 1282 (iptables)]: family:2, type:3, protocol:255
sem_lock: Already initialized!
sem_get: Key: 410f0529
sem_get: Key: 410f0529
[   26.899822] firmadyne: sys_socket[PID: 1282 (iptables)]: family:2, type:3, protocol:255
[   26.902129] firmadyne: sys_socket[PID: 1282 (iptables)]: family:2, type:3, protocol:255
nvram_set: 0:sb40and80lr5glpo = "0x0000"
[   26.910070] firmadyne: sys_socket[PID: 1282 (iptables)]: family:2, type:3, protocol:255
sem_lock: Already initialized!
sem_get: Key: 410f0529
sem_get: Key: 410f0529
[   26.918070] firmadyne: sys_socket[PID: 1282 (iptables)]: family:2, type:3, protocol:255
[   26.918411] firmadyne: sys_socket[PID: 1282 (iptables)]: family:2, type:3, protocol:255
[   26.919201] firmadyne: sys_socket[PID: 1282 (iptables)]: family:2, type:3, protocol:255
[   26.920185] firmadyne: sys_setsockopt[PID: 1282 (iptables)]: fd:6, level:0, optname:64
[   26.920545] firmadyne: sys_setsockopt[PID: 1282 (iptables)]: fd:6, level:0, optname:65
nvram_set: 0:sb40and80lr5gmpo = "0x0000"
[   26.948947] firmadyne: sys_socket[PID: 1316 (iptables)]: family:2, type:3, protocol:255
sem_lock: Already initialized!
sem_get: Key: 410f0529
sem_get: Key: 410f0529
[   26.956421] firmadyne: sys_socket[PID: 1316 (iptables)]: family:2, type:3, protocol:255
[   26.970037] firmadyne: sys_socket[PID: 1316 (iptables)]: family:2, type:3, protocol:255
[   26.972328] firmadyne: sys_socket[PID: 1316 (iptables)]: family:2, type:3, protocol:255
nvram_set: 0:sb40and80lr5ghpo = "0x0000"
sem_lock: Already initialized!
[   26.980035] firmadyne: sys_socket[PID: 1316 (iptables)]: family:2, type:3, protocol:255
sem_get: Key: 410f0529
sem_get: Key: 410f0529
[   26.989906] firmadyne: sys_socket[PID: 1316 (iptables)]: family:2, type:3, protocol:255
nvram_set: 0:sb40and80hr5glpo = "0x0000"
sem_lock: Already initialized!
sem_get: Key: 410f0529
sem_get: Key: 410f0529
[   26.996840] firmadyne: sys_socket[PID: 1316 (iptables)]: family:2, type:3, protocol:255
nvram_set: 0:sb40and80hr5gmpo = "0x0000"
sem_lock: Already initialized!
sem_get: Key: 410f0529
sem_get: Key: 410f0529
[   27.019893] firmadyne: sys_socket[PID: 1316 (iptables)]: family:2, type:3, protocol:255
[   27.022266] firmadyne: sys_socket[PID: 1316 (iptables)]: family:2, type:3, protocol:255
[   27.024479] firmadyne: sys_socket[PID: 1316 (iptables)]: family:2, type:3, protocol:255
nvram_set: 0:sb40and80hr5ghpo = "0x0000"
sem_lock: Already initialized!
sem_get: Key: 410f0529
sem_get: Key: 410f0529
[   27.035241] firmadyne: sys_socket[PID: 1316 (iptables)]: family:2, type:3, protocol:255
[   27.035605] firmadyne: sys_socket[PID: 1316 (iptables)]: family:2, type:3, protocol:255
[   27.050048] firmadyne: sys_socket[PID: 1316 (iptables)]: family:2, type:3, protocol:255
[   27.052328] firmadyne: sys_socket[PID: 1316 (iptables)]: family:2, type:3, protocol:255
nvram_set: 0:dot11agduplrpo = "0x4444"
sem_lock: Already initialized!
sem_get[   27.060098] firmadyne: sys_socket[PID: 1316 (iptables)]: family:2, type:3, protocol:255
: Key: 410f0529
sem_get: Key: 410f0529
[   27.065699] firmadyne: sys_socket[PID: 1316 (iptables)]: family:2, type:3, protocol:255
[   27.066019] firmadyne: sys_socket[PID: 1316 (iptables)]: family:2, type:3, protocol:255
[   27.066842] firmadyne: sys_socket[PID: 1316 (iptables)]: family:2, type:3, protocol:255
[   27.069004] firmadyne: sys_setsockopt[PID: 1316 (iptables)]: fd:6, level:0, optname:64
[   27.069442] firmadyne: sys_setsockopt[PID: 1316 (iptables)]: fd:6, level:0, optname:65
[   27.085623] firmadyne: sys_socket[PID: 1351 (iptables)]: family:2, type:3, protocol:255
nvram_set: 0:dot11agduphrpo = "0x4444"
sem_lock: Already initialized!
sem_get: Key: 410f0529
sem_get: Key: 410f0529
[   27.099987] firmadyne: sys_socket[PID: 1351 (iptables)]: family:2, type:3, protocol:255
[   27.102241] firmadyne: sys_socket[PID: 1351 (iptables)]: family:2, type:3, protocol:255
[   27.105475] firmadyne: sys_socket[PID: 1351 (iptables)]: family:2, type:3, protocol:255
[   27.119859] firmadyne: sys_socket[PID: 1351 (iptables)]: family:2, type:3, protocol:255
[   27.122175] firmadyne: sys_socket[PID: 1351 (iptables)]: family:2, type:3, protocol:255
nvram_set: 0:rxgainerr5ga0 = "63,63,63,63"
[   27.130488] firmadyne: sys_socket[PID: 1351 (iptables)]: family:2, type:3, protocol:255
sem_lock: Already initialized!
sem_get: Key: 410f0529
sem_get: Key: 410f0529
[   27.137264] firmadyne: sys_socket[PID: 1351 (iptables)]: family:2, type:3, protocol:255
[   27.149996] firmadyne: sys_socket[PID: 1351 (iptables)]: family:2, type:3, protocol:255
[   27.152208] firmadyne: sys_socket[PID: 1351 (iptables)]: family:2, type:3, protocol:255
nvram_set: 0:rxgainerr5ga1 = "31,31,31,31"
[   27.160000] firmadyne: sys_socket[PID: 1351 (iptables)]: family:2, type:3, protocol:255
[   27.160360] firmadyne: sys_socket[PID: 1351 (iptables)]: family:2, type:3, protocol:255
sem_lock: Already initialized!
sem_get: Key: 410f0529
sem_get: Key: 410f0529
[   27.169919] firmadyne: sys_socket[PID: 1351 (iptables)]: family:2, type:3, protocol:255
[   27.180040] firmadyne: sys_socket[PID: 1351 (iptables)]: family:2, type:3, protocol:255
nvram_set: 0:rxgainerr5ga2 = "31,31,31,31"
sem_lock: Already initialized!
sem_get: Key: [   27.190149] firmadyne: sys_socket[PID: 1351 (iptables)]: family:2, type:3, protocol:255
[   27.192479] firmadyne: sys_socket[PID: 1351 (iptables)]: family:2, type:3, protocol:255
[   27.192803] firmadyne: sys_socket[PID: 1351 (iptables)]: family:2, type:3, protocol:255
[   27.193596] firmadyne: sys_socket[PID: 1351 (iptables)]: family:2, type:3, protocol:255
[   27.195377] firmadyne: sys_setsockopt[PID: 1351 (iptables)]: fd:6, level:0, optname:64
[   27.195746] firmadyne: sys_setsockopt[PID: 1351 (iptables)]: fd:6, level:0, optname:65
410f0529
sem_get: Key: 410f0529
nvram_set: 0:aga0 = "0"
[   27.223071] firmadyne: sys_socket[PID: 1383 (iptables)]: family:2, type:3, protocol:255
sem_lock: Already initialized!
sem_get: Key: 410f0529
sem_get: Key: [   27.230685] firmadyne: sys_socket[PID: 1383 (iptables)]: family:2, type:3, protocol:255
410f0529
[   27.240229] firmadyne: sys_socket[PID: 1383 (iptables)]: family:2, type:3, protocol:255
[   27.250587] firmadyne: sys_socket[PID: 1383 (iptables)]: family:2, type:3, protocol:255
[   27.252946] firmadyne: sys_socket[PID: 1383 (iptables)]: family:2, type:3, protocol:255
nvram_set: 0:aga1 = "0"
sem_lock: Already initialized!
[   27.260364] firmadyne: sys_socket[PID: 1383 (iptables)]: family:2, type:3, protocol:255
sem_get: Key: 410f0529
sem_get: Key: 410f0529
[   27.267204] firmadyne: sys_socket[PID: 1383 (iptables)]: family:2, type:3, protocol:255
[   27.280423] firmadyne: sys_socket[PID: 1383 (iptables)]: family:2, type:3, protocol:255
