>> Database Image ID: 58

/home/zhumengfan/firmware/firmwares/461e02fd5a5e83455ca80bb1d3e365a9c600d9f1.ZIP
>> MD5: d1201862eda16976ab26fbbb7fb73f5f
>> Tag: 58
>> Temp: /tmp/tmpNj7Ff8
>> Status: Kernel: True, Rootfs: False, Do_Kernel: False,                 Do_Rootfs: True
>>>> Zip archive data, at least v2.0 to extract, compressed size: 8352031, uncompressed size: 8362820, name: DNS-326_A1_FW_v1.00.bin
>> Recursing into archive ...
	
/tmp/tmpNj7Ff8/_461e02fd5a5e83455ca80bb1d3e365a9c600d9f1.ZIP.extracted/DNS-326_A1_FW_v1.00.bin
	>> MD5: f0efc5463f1b27f6850f22026e5a22ad
	>> Tag: 58
	>> Temp: /tmp/tmpBMvdeu
	>> Status: Kernel: True, Rootfs: False, Do_Kernel: False,                 Do_Rootfs: True
	>>>> Squashfs filesystem, little endian, non-standard signature, version 3.1, size: 6630551 bytes, 857 inodes, blocksize: 131072 bytes, created: 2010-10-11 11:29:52
	>>>> Found Linux filesystem in /tmp/tmpBMvdeu/_DNS-326_A1_FW_v1.00.bin.extracted/squashfs-root!
	>> Skipping: completed!
	>> Cleaning up /tmp/tmpBMvdeu...
>> Skipping: completed!
>> Cleaning up /tmp/tmpNj7Ff8...
./bin/busybox: armel
Querying database for architecture... armel
----Running----
----Copying Filesystem Tarball----
----Creating QEMU Image----
Formatting '/home/zhumengfan/firmadyne//scratch//58//image.raw', fmt=raw size=1073741824
----Creating Partition Table----

Welcome to fdisk (util-linux 2.27.1).
Changes will remain in memory only, until you decide to write them.
Be careful before using the write command.

Device does not contain a recognized partition table.
Created a new DOS disklabel with disk identifier 0xc90b73c2.

Command (m for help): Created a new DOS disklabel with disk identifier 0x6563a9bf.

Command (m for help): Partition type
   p   primary (0 primary, 0 extended, 4 free)
   e   extended (container for logical partitions)
Select (default p): Partition number (1-4, default 1): First sector (2048-2097151, default 2048): Last sector, +sectors or +size{K,M,G,T,P} (2048-2097151, default 2097151): 
Created a new partition 1 of type 'Linux' and of size 1023 MiB.

Command (m for help): The partition table has been altered.
Syncing disks.

----Mounting QEMU Image----
add map loop0p1 (252:0): 0 2095104 linear 7:0 2048
----Creating Filesystem----
mke2fs 1.42.13 (17-May-2015)
Discarding device blocks:   4096/261888             done                            
Creating filesystem with 261888 4k blocks and 65536 inodes
Filesystem UUID: 77c7f124-9233-473e-ade4-42d000c2bcf7
Superblock backups stored on blocks: 
	32768, 98304, 163840, 229376

Allocating group tables: 0/8   done                            
Writing inode tables: 0/8   done                            
Writing superblocks and filesystem accounting information: 0/8   done

----Making QEMU Image Mountpoint----
----Mounting QEMU Image Partition 1----
----Extracting Filesystem Tarball----
----Creating FIRMADYNE Directories----
----Patching Filesystem (chroot)----
Creating /etc/TZ!
Creating /etc/hosts!
Creating /etc/passwd!
Warning: Recreating device nodes!
Removing /etc/scripts/sys_resetbutton!
----Setting up FIRMADYNE----
----Unmounting QEMU Image----
loop deleted : /dev/loop0
Querying database for architecture... armel
Running firmware 58: terminating after 60 secs...
qemu-system-arm: terminating on signal 2 from pid 91853 (timeout)
Inferring network...
Interfaces: []
Done!
[    0.000000] Booting Linux on physical CPU 0x0
[    0.000000] Linux version 4.1.17+ (vagrant@vagrant-ubuntu-trusty-64) (gcc version 5.3.0 (GCC) ) #1 Thu Feb 18 01:05:21 UTC 2016
[    0.000000] CPU: ARMv7 Processor [412fc0f1] revision 1 (ARMv7), cr=10c5387d
[    0.000000] CPU: PIPT / VIPT nonaliasing data cache, PIPT instruction cache
[    0.000000] Machine model: linux,dummy-virt
[    0.000000] debug: ignoring loglevel setting.
[    0.000000] Memory policy: Data cache writeback
[    0.000000] On node 0 totalpages: 65536
[    0.000000] free_area_init_node: node 0, pgdat c061dfe8, node_mem_map cfdf9000
[    0.000000]   Normal zone: 512 pages used for memmap
[    0.000000]   Normal zone: 0 pages reserved
[    0.000000]   Normal zone: 65536 pages, LIFO batch:15
[    0.000000] psci: probing for conduit method from DT.
[    0.000000] psci: PSCIv0.2 detected in firmware.
[    0.000000] psci: Using standard PSCI v0.2 function IDs
[    0.000000] CPU: All CPU(s) started in SVC mode.
[    0.000000] pcpu-alloc: s0 r0 d32768 u32768 alloc=1*32768
[    0.000000] pcpu-alloc: [0] 0 
[    0.000000] Built 1 zonelists in Zone order, mobility grouping on.  Total pages: 65024
[    0.000000] Kernel command line: firmadyne.syscall=1 root=/dev/vda1 console=ttyS0 nandsim.parts=64,64,64,64,64,64,64,64,64,64 rdinit=/firmadyne/preInit.sh rw debug ignore_loglevel print-fatal-signals=1 user_debug=31
[    0.000000] PID hash table entries: 1024 (order: 0, 4096 bytes)
[    0.000000] Dentry cache hash table entries: 32768 (order: 5, 131072 bytes)
[    0.000000] Inode-cache hash table entries: 16384 (order: 4, 65536 bytes)
[    0.000000] Memory: 253340K/262144K available (4297K kernel code, 170K rwdata, 1584K rodata, 180K init, 148K bss, 8804K reserved, 0K cma-reserved)
[    0.000000] Virtual kernel memory layout:
[    0.000000]     vector  : 0xffff0000 - 0xffff1000   (   4 kB)
[    0.000000]     fixmap  : 0xffc00000 - 0xfff00000   (3072 kB)
[    0.000000]     vmalloc : 0xd0800000 - 0xff000000   ( 744 MB)
[    0.000000]     lowmem  : 0xc0000000 - 0xd0000000   ( 256 MB)
[    0.000000]     modules : 0xbf000000 - 0xc0000000   (  16 MB)
[    0.000000]       .text : 0xc0008000 - 0xc05c67bc   (5882 kB)
[    0.000000]       .init : 0xc05c7000 - 0xc05f4000   ( 180 kB)
[    0.000000]       .data : 0xc05f4000 - 0xc061e840   ( 171 kB)
[    0.000000]        .bss : 0xc0621000 - 0xc06462d4   ( 149 kB)
[    0.000000] NR_IRQS:16 nr_irqs:16 16
[    0.000000] Architected cp15 timer(s) running at 62.50MHz (virt).
[    0.000000] clocksource arch_sys_counter: mask: 0xffffffffffffff max_cycles: 0x1cd42e208c, max_idle_ns: 881590405314 ns
[    0.000158] sched_clock: 56 bits at 62MHz, resolution 16ns, wraps every 4398046511096ns
[    0.000304] Switching to timer-based delay loop, resolution 16ns
[    0.003376] Console: colour dummy device 80x30
[    0.003704] Calibrating delay loop (skipped), value calculated using timer frequency.. 125.00 BogoMIPS (lpj=625000)
[    0.003836] pid_max: default: 32768 minimum: 301
[    0.004730] Mount-cache hash table entries: 1024 (order: 0, 4096 bytes)
[    0.004769] Mountpoint-cache hash table entries: 1024 (order: 0, 4096 bytes)
[    1.008013] CPU: Testing write buffer coherency: ok
[    1.014082] Setting up static identity map for 0x40008240 - 0x40008298
[    1.028922] VFP support v0.3: implementor 41 architecture 4 part 30 variant f rev 0
[    1.040768] clocksource jiffies: mask: 0xffffffff max_cycles: 0xffffffff, max_idle_ns: 19112604462750000 ns
[    1.100009] NET: Registered protocol family 16
[    1.103260] DMA: preallocated 256 KiB pool for atomic coherent allocations
[    1.107309] cpuidle: using governor ladder
[    1.107464] cpuidle: using governor menu
[    1.128423] Serial: AMBA PL011 UART driver
[    1.130610] 9000000.pl011: ttyS0 at MMIO 0x9000000 (irq = 54, base_baud = 0) is a PL011 rev1
[    1.138496] console [ttyS0] enabled
[    1.221576] vgaarb: loaded
[    1.223154] SCSI subsystem initialized
[    1.224288] usbcore: registered new interface driver usbfs
[    1.224658] usbcore: registered new interface driver hub
[    1.225006] usbcore: registered new device driver usb
[    1.234202] cfg80211: Calling CRDA to update world regulatory domain
[    1.236470] Switched to clocksource arch_sys_counter
[    1.254471] NET: Registered protocol family 2
[    1.260148] TCP established hash table entries: 2048 (order: 1, 8192 bytes)
[    1.260411] TCP bind hash table entries: 2048 (order: 1, 8192 bytes)
[    1.260718] TCP: Hash tables configured (established 2048 bind 2048)
[    1.261264] UDP hash table entries: 256 (order: 0, 4096 bytes)
[    1.261515] UDP-Lite hash table entries: 256 (order: 0, 4096 bytes)
[    1.262931] NET: Registered protocol family 1
[    1.263374] PCI: CLS 0 bytes, default 64
[    1.270576] NetWinder Floating Point Emulator V0.97 (extended precision)
[    1.273161] futex hash table entries: 256 (order: -1, 3072 bytes)
[    1.278581] squashfs: version 4.0 (2009/01/31) Phillip Lougher
[    1.325364] jffs2: version 2.2. (NAND) © 2001-2006 Red Hat, Inc.
[    1.326392] romfs: ROMFS MTD (C) 2007 Red Hat, Inc.
[    1.335462] Block layer SCSI generic (bsg) driver version 0.4 loaded (major 253)
[    1.335780] io scheduler noop registered
[    1.336013] io scheduler cfq registered (default)
[    1.336798] firmadyne: devfs: 1, execute: 1, procfs: 1, syscall: 1
[    1.338127] ------------[ cut here ]------------
[    1.338326] WARNING: CPU: 0 PID: 1 at /home/vagrant/firmadyne-kernel/kernel-v4.1/fs/sysfs/dir.c:31 sysfs_warn_dup+0x50/0x6c()
[    1.338561] sysfs: cannot create duplicate filename '/class/gpio'
[    1.338721] Modules linked in:
[    1.339035] CPU: 0 PID: 1 Comm: swapper Not tainted 4.1.17+ #1
[    1.339176] Hardware name: Generic DT based system
[    1.339844] [<c001c99c>] (unwind_backtrace) from [<c0019d30>] (show_stack+0x10/0x14)
[    1.340114] [<c0019d30>] (show_stack) from [<c0024ab4>] (warn_slowpath_common+0x80/0xa8)
[    1.340346] [<c0024ab4>] (warn_slowpath_common) from [<c0024b08>] (warn_slowpath_fmt+0x2c/0x3c)
[    1.340587] [<c0024b08>] (warn_slowpath_fmt) from [<c00e363c>] (sysfs_warn_dup+0x50/0x6c)
[    1.340793] [<c00e363c>] (sysfs_warn_dup) from [<c00e3714>] (sysfs_create_dir_ns+0x74/0x84)
[    1.340971] [<c00e3714>] (sysfs_create_dir_ns) from [<c018e6ac>] (kobject_add_internal+0xb8/0x2ac)
[    1.341156] [<c018e6ac>] (kobject_add_internal) from [<c018e9a8>] (kset_register+0x1c/0x44)
[    1.341332] [<c018e9a8>] (kset_register) from [<c02090b4>] (__class_register+0xa8/0x198)
[    1.341515] [<c02090b4>] (__class_register) from [<c02091e4>] (__class_create+0x40/0x70)
[    1.341679] [<c02091e4>] (__class_create) from [<c01adf68>] (register_devfs_stubs+0x314/0xbb4)
[    1.341874] [<c01adf68>] (register_devfs_stubs) from [<c05d9b08>] (init_module+0x28/0xa4)
[    1.342074] [<c05d9b08>] (init_module) from [<c0009670>] (do_one_initcall+0x104/0x1b4)
[    1.342243] [<c0009670>] (do_one_initcall) from [<c05c7d08>] (kernel_init_freeable+0xf0/0x1b0)
[    1.342428] [<c05c7d08>] (kernel_init_freeable) from [<c040f28c>] (kernel_init+0x8/0xe4)
[    1.342608] [<c040f28c>] (kernel_init) from [<c0016da8>] (ret_from_fork+0x14/0x2c)
[    1.342874] ---[ end trace 5c91a6fd97693997 ]---
[    1.343071] ------------[ cut here ]------------
[    1.343183] WARNING: CPU: 0 PID: 1 at /home/vagrant/firmadyne-kernel/kernel-v4.1/lib/kobject.c:240 kobject_add_internal+0x240/0x2ac()
[    1.343400] kobject_add_internal failed for gpio with -EEXIST, don't try to register things with the same name in the same directory.
[    1.343622] Modules linked in:
[    1.343773] CPU: 0 PID: 1 Comm: swapper Tainted: G        W       4.1.17+ #1
[    1.343910] Hardware name: Generic DT based system
[    1.344026] [<c001c99c>] (unwind_backtrace) from [<c0019d30>] (show_stack+0x10/0x14)
[    1.344190] [<c0019d30>] (show_stack) from [<c0024ab4>] (warn_slowpath_common+0x80/0xa8)
[    1.344369] [<c0024ab4>] (warn_slowpath_common) from [<c0024b08>] (warn_slowpath_fmt+0x2c/0x3c)
[    1.344550] [<c0024b08>] (warn_slowpath_fmt) from [<c018e834>] (kobject_add_internal+0x240/0x2ac)
[    1.344771] [<c018e834>] (kobject_add_internal) from [<c018e9a8>] (kset_register+0x1c/0x44)
[    1.344942] [<c018e9a8>] (kset_register) from [<c02090b4>] (__class_register+0xa8/0x198)
[    1.345109] [<c02090b4>] (__class_register) from [<c02091e4>] (__class_create+0x40/0x70)
[    1.345277] [<c02091e4>] (__class_create) from [<c01adf68>] (register_devfs_stubs+0x314/0xbb4)
[    1.345455] [<c01adf68>] (register_devfs_stubs) from [<c05d9b08>] (init_module+0x28/0xa4)
[    1.345625] [<c05d9b08>] (init_module) from [<c0009670>] (do_one_initcall+0x104/0x1b4)
[    1.345790] [<c0009670>] (do_one_initcall) from [<c05c7d08>] (kernel_init_freeable+0xf0/0x1b0)
[    1.345965] [<c05c7d08>] (kernel_init_freeable) from [<c040f28c>] (kernel_init+0x8/0xe4)
[    1.346148] [<c040f28c>] (kernel_init) from [<c0016da8>] (ret_from_fork+0x14/0x2c)
[    1.346399] ---[ end trace 5c91a6fd97693998 ]---
[    1.346561] firmadyne: Cannot create device class: gpio!
[    1.348270] firmadyne: Cannot register character device: watchdog, 0xa, 0x82!
[    1.348450] firmadyne: Cannot register character device: wdt, 0xfd, 0x0!
[    1.428529] PCI host bridge /pcie@10000000 ranges:
[    1.429081]    IO 0x3eff0000..0x3effffff -> 0x00000000
[    1.429441]   MEM 0x10000000..0x3efeffff -> 0x10000000
[    1.429571]   MEM 0x8000000000..0xffffffffff -> 0x8000000000
[    1.430232] pci-host-generic 3f000000.pcie: resource collision: [mem 0x00000000-0xffffffff] conflicts with /pl011@9000000 [mem 0x09000000-0x09000fff]
[    1.430926] pci-host-generic: probe of 3f000000.pcie failed with error -16
[    1.442153] Non-volatile memory driver v1.3
[    1.505901] brd: module loaded
[    1.516115] loop: module loaded
[    6.095182]  vda: vda1
[    6.097023] cfg80211: Calling CRDA to update world regulatory domain
[    6.108984] 0.flash: Found 2 x16 devices at 0x0 in 32-bit bank. Manufacturer ID 0x000000 Chip ID 0x000000
[    6.109658] Intel/Sharp Extended Query Table at 0x0031
[    6.110811] Using buffer write method
[    6.112483] erase region 0: offset=0x0,size=0x40000,blocks=256
[    6.120540] 0.flash: Found 2 x16 devices at 0x0 in 32-bit bank. Manufacturer ID 0x000000 Chip ID 0x000000
[    6.120799] Intel/Sharp Extended Query Table at 0x0031
[    6.121596] Using buffer write method
[    6.121714] erase region 0: offset=0x0,size=0x40000,blocks=256
[    6.121928] Concatenating MTD devices:
[    6.122037] (0): "0.flash"
[    6.122110] (1): "0.flash"
[    6.122175] into device "0.flash"
[    6.133291] [nandsim] warning: read_byte: unexpected data output cycle, state is STATE_READY return 0x0
[    6.133535] [nandsim] warning: read_byte: unexpected data output cycle, state is STATE_READY return 0x0
[    6.133711] [nandsim] warning: read_byte: unexpected data output cycle, state is STATE_READY return 0x0
[    6.133885] [nandsim] warning: read_byte: unexpected data output cycle, state is STATE_READY return 0x0
[    6.134056] [nandsim] warning: read_byte: unexpected data output cycle, state is STATE_READY return 0x0
[    6.134227] [nandsim] warning: read_byte: unexpected data output cycle, state is STATE_READY return 0x0
[    6.134645] nand: device found, Manufacturer ID: 0x98, Chip ID: 0x39
[    6.134802] nand: Toshiba NAND 128MiB 1,8V 8-bit
[    6.134924] nand: 128 MiB, SLC, erase size: 16 KiB, page size: 512, OOB size: 16
[    6.135840] flash size: 128 MiB
[    6.135925] page size: 512 bytes
[    6.136000] OOB area size: 16 bytes
[    6.136078] sector size: 16 KiB
[    6.136644] pages number: 262144
[    6.136731] pages per sector: 32
[    6.136805] bus width: 8
[    6.136866] bits in sector size: 14
[    6.136944] bits in page size: 9
[    6.137021] bits in OOB size: 4
[    6.137102] flash size with OOB: 135168 KiB
[    6.137192] page address bytes: 4
[    6.137266] sector address bytes: 3
[    6.137344] options: 0x42
[    7.484618] Scanning device for bad blocks
[    7.591682] firmadyne: do_execve: /firmadyne/console
[    7.591907] OFFSETS: offset of pid: 0x190 offset of comm: 0x270
[    7.592376] Creating 11 MTD partitions on "NAND 128MiB 1,8V 8-bit":
[    7.592864] 0x000000000000-0x000000100000 : "NAND simulator partition 0"
[    7.595226] 0x000000100000-0x000000200000 : "NAND simulator partition 1"
[    7.596821] 0x000000200000-0x000000300000 : "NAND simulator partition 2"
[    7.598267] 0x000000300000-0x000000400000 : "NAND simulator partition 3"
[    7.599693] 0x000000400000-0x000000500000 : "NAND simulator partition 4"
[    7.601129] 0x000000500000-0x000000600000 : "NAND simulator partition 5"
[    7.602574] 0x000000600000-0x000000700000 : "NAND simulator partition 6"
[    7.604214] 0x000000700000-0x000000800000 : "NAND simulator partition 7"
[    7.605600] 0x000000800000-0x000000900000 : "NAND simulator partition 8"
[    7.607154] 0x000000900000-0x000000a00000 : "NAND simulator partition 9"
[    7.608593] 0x000000a00000-0x000008000000 : "NAND simulator partition 10"
[    7.614135] tun: Universal TUN/TAP device driver, 1.6
[    7.614275] tun: (C) 1999-2004 Max Krasnyansky <maxk@qualcomm.com>
[    7.730854] PPP generic driver version 2.4.2
[    7.731641] PPP BSD Compression module registered
[    7.731851] PPP Deflate Compression module registered
[    7.732098] PPP MPPE Compression module registered
[    7.732266] NET: Registered protocol family 24
[    7.732588] PPTP driver version 0.8.5
[    7.789231] usbcore: registered new interface driver usb-storage
[    7.792723] rtc-pl031 9010000.pl031: rtc core: registered pl031 as rtc0
[    7.793478] hidraw: raw HID events driver (C) Jiri Kosina
[    7.794018] usbcore: registered new interface driver usbhid
[    7.794152] usbhid: USB HID core driver
[    7.794623] Netfilter messages via NETLINK v0.30.
[    7.795282] nf_conntrack version 0.5.0 (3958 buckets, 15832 max)
[    7.796897] ctnetlink v0.93: registering with nfnetlink.
[    7.798349] ipip: IPv4 over IPv4 tunneling driver
[    7.800476] gre: GRE over IPv4 demultiplexor driver
[    7.800642] ip_gre: GRE over IPv4 tunneling driver
[    7.805212] ip_tables: (C) 2000-2006 Netfilter Core Team
[    7.807099] arp_tables: (C) 2002 David S. Miller
[    7.808211] Initializing XFRM netlink socket
[    7.808784] NET: Registered protocol family 10
[    9.655857] cfg80211: Calling CRDA to update world regulatory domain
[    9.660270] ip6_tables: (C) 2000-2006 Netfilter Core Team
[    9.662016] sit: IPv6 over IPv4 tunneling driver
[    9.665760] NET: Registered protocol family 17
[    9.666529] bridge: automatic filtering via arp/ip/ip6tables has been deprecated. Update your scripts to load br_netfilter if you need this.
[    9.666880] Bridge firewalling registered
[    9.667024] Ebtables v2.0 registered
[    9.668215] 8021q: 802.1Q VLAN Support v1.8
[    9.668878] Registering SWP/SWPB emulation handler
[    9.671610] rtc-pl031 9010000.pl031: setting system clock to 2018-07-19 10:30:04 UTC (1531996204)
[    9.682579] EXT4-fs (vda1): couldn't mount as ext3 due to feature incompatibilities
[    9.684306] EXT4-fs (vda1): mounting ext2 file system using the ext4 subsystem
[    9.696434] EXT4-fs (vda1): mounted filesystem without journal. Opts: (null)
[    9.697569] VFS: Mounted root (ext2 filesystem) on device 254:1.
[    9.715586] Freeing unused kernel memory: 180K (c05c7000 - c05f4000)
[   11.309865] firmadyne: sys_reboot[PID: 54 (init)]: magic1:fee1dead, magic2:28121969, cmd:0
init started:  BusyBox v1.00 (2009.10.05-07:05+0000) multi-call binary
Starting pid 58, console /dev/ttyS0: '/etc/init.d/rc.sysinit'
[   13.637450] cfg80211: Calling CRDA to update world regulatory domain
[   17.040757] cfg80211: Calling CRDA to update world regulatory domain
mount: /etc/mtab: No such file or directory
mount: Mounting none on /proc/bus/usb failed: No such file or directory
cp: /bak/dev/*: No such file or directory
Mounting other filesystems ...
Start Kernel Modules..
/etc/init.d/rc.sysinit: 40: Can't open /dev/null
/etc/init.d/rc.sysinit: 39: Can't open /dev/null
/etc/init.d/rc.sysinit: 38: Can't open /dev/null
/etc/init.d/rc.sysinit: 37: Can't open /dev/null
Cameo/DNS-326 Version 1.00 --  Mon Oct 11 19:28:38 CST 2010
[   20.187766] cfg80211: Calling CRDA to update world regulatory domain
[   23.336740] cfg80211: Calling CRDA to update world regulatory domain
[   26.486782] cfg80211: Calling CRDA to update world regulatory domain
[   29.636763] cfg80211: Calling CRDA to update world regulatory domain
[   32.787079] cfg80211: Calling CRDA to update world regulatory domain
[   35.937308] cfg80211: Calling CRDA to update world regulatory domain
[   39.087643] cfg80211: Exceeded CRDA call max attempts. Not calling CRDA
Starting firmware emulation... use Ctrl-a + x to exit
qemu-system-arm: terminating on signal 2 from pid 92022 (timeout)
[    0.000000] Booting Linux on physical CPU 0x0
[    0.000000] Linux version 4.1.17+ (vagrant@vagrant-ubuntu-trusty-64) (gcc version 5.3.0 (GCC) ) #1 Thu Feb 18 01:05:21 UTC 2016
[    0.000000] CPU: ARMv7 Processor [412fc0f1] revision 1 (ARMv7), cr=10c5387d
[    0.000000] CPU: PIPT / VIPT nonaliasing data cache, PIPT instruction cache
[    0.000000] Machine model: linux,dummy-virt
[    0.000000] debug: ignoring loglevel setting.
[    0.000000] Memory policy: Data cache writeback
[    0.000000] On node 0 totalpages: 65536
[    0.000000] free_area_init_node: node 0, pgdat c061dfe8, node_mem_map cfdf9000
[    0.000000]   Normal zone: 512 pages used for memmap
[    0.000000]   Normal zone: 0 pages reserved
[    0.000000]   Normal zone: 65536 pages, LIFO batch:15
[    0.000000] psci: probing for conduit method from DT.
[    0.000000] psci: PSCIv0.2 detected in firmware.
[    0.000000] psci: Using standard PSCI v0.2 function IDs
[    0.000000] CPU: All CPU(s) started in SVC mode.
[    0.000000] pcpu-alloc: s0 r0 d32768 u32768 alloc=1*32768
[    0.000000] pcpu-alloc: [0] 0 
[    0.000000] Built 1 zonelists in Zone order, mobility grouping on.  Total pages: 65024
[    0.000000] Kernel command line: root=/dev/vda1 console=ttyS0 nandsim.parts=64,64,64,64,64,64,64,64,64,64 rdinit=/firmadyne/preInit.sh rw debug ignore_loglevel print-fatal-signals=1 user_debug=31 firmadyne.syscall=0
[    0.000000] PID hash table entries: 1024 (order: 0, 4096 bytes)
[    0.000000] Dentry cache hash table entries: 32768 (order: 5, 131072 bytes)
[    0.000000] Inode-cache hash table entries: 16384 (order: 4, 65536 bytes)
[    0.000000] Memory: 253340K/262144K available (4297K kernel code, 170K rwdata, 1584K rodata, 180K init, 148K bss, 8804K reserved, 0K cma-reserved)
[    0.000000] Virtual kernel memory layout:
[    0.000000]     vector  : 0xffff0000 - 0xffff1000   (   4 kB)
[    0.000000]     fixmap  : 0xffc00000 - 0xfff00000   (3072 kB)
[    0.000000]     vmalloc : 0xd0800000 - 0xff000000   ( 744 MB)
[    0.000000]     lowmem  : 0xc0000000 - 0xd0000000   ( 256 MB)
[    0.000000]     modules : 0xbf000000 - 0xc0000000   (  16 MB)
[    0.000000]       .text : 0xc0008000 - 0xc05c67bc   (5882 kB)
[    0.000000]       .init : 0xc05c7000 - 0xc05f4000   ( 180 kB)
[    0.000000]       .data : 0xc05f4000 - 0xc061e840   ( 171 kB)
[    0.000000]        .bss : 0xc0621000 - 0xc06462d4   ( 149 kB)
[    0.000000] NR_IRQS:16 nr_irqs:16 16
[    0.000000] Architected cp15 timer(s) running at 62.50MHz (virt).
[    0.000000] clocksource arch_sys_counter: mask: 0xffffffffffffff max_cycles: 0x1cd42e208c, max_idle_ns: 881590405314 ns
[    0.000157] sched_clock: 56 bits at 62MHz, resolution 16ns, wraps every 4398046511096ns
[    0.000303] Switching to timer-based delay loop, resolution 16ns
[    0.003406] Console: colour dummy device 80x30
[    0.003742] Calibrating delay loop (skipped), value calculated using timer frequency.. 125.00 BogoMIPS (lpj=625000)
[    0.003880] pid_max: default: 32768 minimum: 301
[    0.004787] Mount-cache hash table entries: 1024 (order: 0, 4096 bytes)
[    0.004831] Mountpoint-cache hash table entries: 1024 (order: 0, 4096 bytes)
[    0.015169] CPU: Testing write buffer coherency: ok
[    0.021261] Setting up static identity map for 0x40008240 - 0x40008298
[    0.977576] VFP support v0.3: implementor 41 architecture 4 part 30 variant f rev 0
[    0.989590] clocksource jiffies: mask: 0xffffffff max_cycles: 0xffffffff, max_idle_ns: 19112604462750000 ns
[    0.998888] NET: Registered protocol family 16
[    1.002111] DMA: preallocated 256 KiB pool for atomic coherent allocations
[    3.112984] cpuidle: using governor ladder
[    3.113180] cpuidle: using governor menu
[    3.134692] Serial: AMBA PL011 UART driver
[    3.136897] 9000000.pl011: ttyS0 at MMIO 0x9000000 (irq = 54, base_baud = 0) is a PL011 rev1
[    3.144574] console [ttyS0] enabled
[    3.166790] vgaarb: loaded
[    3.168374] SCSI subsystem initialized
[    3.169430] usbcore: registered new interface driver usbfs
[    3.169799] usbcore: registered new interface driver hub
[    3.170116] usbcore: registered new device driver usb
[    3.179785] Switched to clocksource arch_sys_counter
[    5.132226] NET: Registered protocol family 2
[    5.137765] TCP established hash table entries: 2048 (order: 1, 8192 bytes)
[    5.138026] TCP bind hash table entries: 2048 (order: 1, 8192 bytes)
[    5.138337] TCP: Hash tables configured (established 2048 bind 2048)
[    5.138870] UDP hash table entries: 256 (order: 0, 4096 bytes)
[    5.139115] UDP-Lite hash table entries: 256 (order: 0, 4096 bytes)
[    5.140715] NET: Registered protocol family 1
[    5.141172] PCI: CLS 0 bytes, default 64
[    5.148312] NetWinder Floating Point Emulator V0.97 (extended precision)
[    5.151157] futex hash table entries: 256 (order: -1, 3072 bytes)
[    5.156534] squashfs: version 4.0 (2009/01/31) Phillip Lougher
[    5.157153] jffs2: version 2.2. (NAND) © 2001-2006 Red Hat, Inc.
[    5.157981] romfs: ROMFS MTD (C) 2007 Red Hat, Inc.
[    5.167410] Block layer SCSI generic (bsg) driver version 0.4 loaded (major 253)
[    5.167751] io scheduler noop registered
[    5.167976] io scheduler cfq registered (default)
[    5.168656] firmadyne: devfs: 1, execute: 1, procfs: 1, syscall: 0
[    5.170225] ------------[ cut here ]------------
[    5.170438] WARNING: CPU: 0 PID: 1 at /home/vagrant/firmadyne-kernel/kernel-v4.1/fs/sysfs/dir.c:31 sysfs_warn_dup+0x50/0x6c()
[    5.170694] sysfs: cannot create duplicate filename '/class/gpio'
[    5.170861] Modules linked in:
[    5.171191] CPU: 0 PID: 1 Comm: swapper Not tainted 4.1.17+ #1
[    5.171326] Hardware name: Generic DT based system
[    5.172016] [<c001c99c>] (unwind_backtrace) from [<c0019d30>] (show_stack+0x10/0x14)
[    5.172288] [<c0019d30>] (show_stack) from [<c0024ab4>] (warn_slowpath_common+0x80/0xa8)
[    5.172488] [<c0024ab4>] (warn_slowpath_common) from [<c0024b08>] (warn_slowpath_fmt+0x2c/0x3c)
[    5.172722] [<c0024b08>] (warn_slowpath_fmt) from [<c00e363c>] (sysfs_warn_dup+0x50/0x6c)
[    5.172900] [<c00e363c>] (sysfs_warn_dup) from [<c00e3714>] (sysfs_create_dir_ns+0x74/0x84)
[    5.173084] [<c00e3714>] (sysfs_create_dir_ns) from [<c018e6ac>] (kobject_add_internal+0xb8/0x2ac)
[    5.173275] [<c018e6ac>] (kobject_add_internal) from [<c018e9a8>] (kset_register+0x1c/0x44)
[    5.173453] [<c018e9a8>] (kset_register) from [<c02090b4>] (__class_register+0xa8/0x198)
[    5.173630] [<c02090b4>] (__class_register) from [<c02091e4>] (__class_create+0x40/0x70)
[    5.173817] [<c02091e4>] (__class_create) from [<c01adf68>] (register_devfs_stubs+0x314/0xbb4)
[    5.174000] [<c01adf68>] (register_devfs_stubs) from [<c05d9b08>] (init_module+0x28/0xa4)
[    5.174239] [<c05d9b08>] (init_module) from [<c0009670>] (do_one_initcall+0x104/0x1b4)
[    5.174411] [<c0009670>] (do_one_initcall) from [<c05c7d08>] (kernel_init_freeable+0xf0/0x1b0)
[    5.174595] [<c05c7d08>] (kernel_init_freeable) from [<c040f28c>] (kernel_init+0x8/0xe4)
[    5.174763] [<c040f28c>] (kernel_init) from [<c0016da8>] (ret_from_fork+0x14/0x2c)
[    5.175017] ---[ end trace 9053c4722d29112c ]---
[    5.175210] ------------[ cut here ]------------
[    5.175322] WARNING: CPU: 0 PID: 1 at /home/vagrant/firmadyne-kernel/kernel-v4.1/lib/kobject.c:240 kobject_add_internal+0x240/0x2ac()
[    5.175540] kobject_add_internal failed for gpio with -EEXIST, don't try to register things with the same name in the same directory.
[    5.175764] Modules linked in:
[    5.175916] CPU: 0 PID: 1 Comm: swapper Tainted: G        W       4.1.17+ #1
[    5.176052] Hardware name: Generic DT based system
[    5.176169] [<c001c99c>] (unwind_backtrace) from [<c0019d30>] (show_stack+0x10/0x14)
[    5.176334] [<c0019d30>] (show_stack) from [<c0024ab4>] (warn_slowpath_common+0x80/0xa8)
[    5.176505] [<c0024ab4>] (warn_slowpath_common) from [<c0024b08>] (warn_slowpath_fmt+0x2c/0x3c)
[    5.176701] [<c0024b08>] (warn_slowpath_fmt) from [<c018e834>] (kobject_add_internal+0x240/0x2ac)
[    5.176874] [<c018e834>] (kobject_add_internal) from [<c018e9a8>] (kset_register+0x1c/0x44)
[    5.177072] [<c018e9a8>] (kset_register) from [<c02090b4>] (__class_register+0xa8/0x198)
[    5.177241] [<c02090b4>] (__class_register) from [<c02091e4>] (__class_create+0x40/0x70)
[    5.177409] [<c02091e4>] (__class_create) from [<c01adf68>] (register_devfs_stubs+0x314/0xbb4)
[    5.177602] [<c01adf68>] (register_devfs_stubs) from [<c05d9b08>] (init_module+0x28/0xa4)
[    5.177797] [<c05d9b08>] (init_module) from [<c0009670>] (do_one_initcall+0x104/0x1b4)
[    5.177964] [<c0009670>] (do_one_initcall) from [<c05c7d08>] (kernel_init_freeable+0xf0/0x1b0)
[    5.178140] [<c05c7d08>] (kernel_init_freeable) from [<c040f28c>] (kernel_init+0x8/0xe4)
[    5.178303] [<c040f28c>] (kernel_init) from [<c0016da8>] (ret_from_fork+0x14/0x2c)
[    5.178466] ---[ end trace 9053c4722d29112d ]---
[    5.178636] firmadyne: Cannot create device class: gpio!
[    5.180448] firmadyne: Cannot register character device: watchdog, 0xa, 0x82!
[    5.180631] firmadyne: Cannot register character device: wdt, 0xfd, 0x0!
[    5.191433] cfg80211: Calling CRDA to update world regulatory domain
[    6.207440] PCI host bridge /pcie@10000000 ranges:
[    6.208005]    IO 0x3eff0000..0x3effffff -> 0x00000000
[    6.208367]   MEM 0x10000000..0x3efeffff -> 0x10000000
[    6.208495]   MEM 0x8000000000..0xffffffffff -> 0x8000000000
[    6.209160] pci-host-generic 3f000000.pcie: resource collision: [mem 0x00000000-0xffffffff] conflicts with /pl011@9000000 [mem 0x09000000-0x09000fff]
[    6.209970] pci-host-generic: probe of 3f000000.pcie failed with error -16
[    6.221303] Non-volatile memory driver v1.3
[    7.148070] brd: module loaded
[    7.158054] loop: module loaded
[    7.213677]  vda: vda1
[    7.225538] 0.flash: Found 2 x16 devices at 0x0 in 32-bit bank. Manufacturer ID 0x000000 Chip ID 0x000000
[    7.226268] Intel/Sharp Extended Query Table at 0x0031
[    7.227462] Using buffer write method
[    7.227875] erase region 0: offset=0x0,size=0x40000,blocks=256
[    7.235304] 0.flash: Found 2 x16 devices at 0x0 in 32-bit bank. Manufacturer ID 0x000000 Chip ID 0x000000
[    7.235530] Intel/Sharp Extended Query Table at 0x0031
[    7.236268] Using buffer write method
[    7.236382] erase region 0: offset=0x0,size=0x40000,blocks=256
[    7.236576] Concatenating MTD devices:
[    7.236680] (0): "0.flash"
[    7.236754] (1): "0.flash"
[    7.236820] into device "0.flash"
[    9.511331] [nandsim] warning: read_byte: unexpected data output cycle, state is STATE_READY return 0x0
[    9.511619] [nandsim] warning: read_byte: unexpected data output cycle, state is STATE_READY return 0x0
[    9.511789] [nandsim] warning: read_byte: unexpected data output cycle, state is STATE_READY return 0x0
[    9.511974] [nandsim] warning: read_byte: unexpected data output cycle, state is STATE_READY return 0x0
[    9.512144] [nandsim] warning: read_byte: unexpected data output cycle, state is STATE_READY return 0x0
[    9.512313] [nandsim] warning: read_byte: unexpected data output cycle, state is STATE_READY return 0x0
[    9.512723] nand: device found, Manufacturer ID: 0x98, Chip ID: 0x39
[    9.512868] nand: Toshiba NAND 128MiB 1,8V 8-bit
[    9.512990] nand: 128 MiB, SLC, erase size: 16 KiB, page size: 512, OOB size: 16
[    9.513937] flash size: 128 MiB
[    9.514023] page size: 512 bytes
[    9.514097] OOB area size: 16 bytes
[    9.514175] sector size: 16 KiB
[    9.514246] pages number: 262144
[    9.514317] pages per sector: 32
[    9.514388] bus width: 8
[    9.514447] bits in sector size: 14
[    9.514522] bits in page size: 9
[    9.514597] bits in OOB size: 4
[    9.514673] flash size with OOB: 135168 KiB
[    9.514761] page address bytes: 4
[    9.514833] sector address bytes: 3
[    9.514909] options: 0x42
[    9.515668] cfg80211: Calling CRDA to update world regulatory domain
[   10.497631] Scanning device for bad blocks
[   10.603253] firmadyne: do_execve: /firmadyne/console
[   10.603466] OFFSETS: offset of pid: 0x190 offset of comm: 0x270
[   10.603936] Creating 11 MTD partitions on "NAND 128MiB 1,8V 8-bit":
[   10.604357] 0x000000000000-0x000000100000 : "NAND simulator partition 0"
[   10.606602] 0x000000100000-0x000000200000 : "NAND simulator partition 1"
[   10.607992] 0x000000200000-0x000000300000 : "NAND simulator partition 2"
[   10.609352] 0x000000300000-0x000000400000 : "NAND simulator partition 3"
[   10.610898] 0x000000400000-0x000000500000 : "NAND simulator partition 4"
[   10.612277] 0x000000500000-0x000000600000 : "NAND simulator partition 5"
[   10.613667] 0x000000600000-0x000000700000 : "NAND simulator partition 6"
[   10.615240] 0x000000700000-0x000000800000 : "NAND simulator partition 7"
[   10.616581] 0x000000800000-0x000000900000 : "NAND simulator partition 8"
[   10.617940] 0x000000900000-0x000000a00000 : "NAND simulator partition 9"
[   10.619323] 0x000000a00000-0x000008000000 : "NAND simulator partition 10"
[   10.624998] tun: Universal TUN/TAP device driver, 1.6
[   10.625128] tun: (C) 1999-2004 Max Krasnyansky <maxk@qualcomm.com>
[   10.948466] PPP generic driver version 2.4.2
[   10.949268] PPP BSD Compression module registered
[   10.949597] PPP Deflate Compression module registered
[   10.949878] PPP MPPE Compression module registered
[   10.950015] NET: Registered protocol family 24
[   10.950341] PPTP driver version 0.8.5
[   11.131274] usbcore: registered new interface driver usb-storage
[   11.134783] rtc-pl031 9010000.pl031: rtc core: registered pl031 as rtc0
[   11.135584] hidraw: raw HID events driver (C) Jiri Kosina
[   11.136105] usbcore: registered new interface driver usbhid
[   11.136268] usbhid: USB HID core driver
[   11.136725] Netfilter messages via NETLINK v0.30.
[   11.137451] nf_conntrack version 0.5.0 (3958 buckets, 15832 max)
[   11.138917] ctnetlink v0.93: registering with nfnetlink.
[   11.140500] ipip: IPv4 over IPv4 tunneling driver
[   11.142544] gre: GRE over IPv4 demultiplexor driver
[   11.142707] ip_gre: GRE over IPv4 tunneling driver
[   11.147145] ip_tables: (C) 2000-2006 Netfilter Core Team
[   11.148793] arp_tables: (C) 2002 David S. Miller
[   11.149967] Initializing XFRM netlink socket
[   11.150461] NET: Registered protocol family 10
[   11.157277] ip6_tables: (C) 2000-2006 Netfilter Core Team
[   11.158973] sit: IPv6 over IPv4 tunneling driver
[   11.162741] NET: Registered protocol family 17
[   11.163383] bridge: automatic filtering via arp/ip/ip6tables has been deprecated. Update your scripts to load br_netfilter if you need this.
[   11.163720] Bridge firewalling registered
[   11.163864] Ebtables v2.0 registered
[   11.165013] 8021q: 802.1Q VLAN Support v1.8
[   11.165647] Registering SWP/SWPB emulation handler
[   11.168431] rtc-pl031 9010000.pl031: setting system clock to 2018-07-19 10:31:07 UTC (1531996267)
[   12.601183] EXT4-fs (vda1): couldn't mount as ext3 due to feature incompatibilities
[   12.603275] EXT4-fs (vda1): mounting ext2 file system using the ext4 subsystem
[   12.611845] EXT4-fs (vda1): warning: mounting unchecked fs, running e2fsck is recommended
[   12.614653] EXT4-fs (vda1): mounted filesystem without journal. Opts: (null)
[   12.615722] VFS: Mounted root (ext2 filesystem) on device 254:1.
[   12.633657] Freeing unused kernel memory: 180K (c05c7000 - c05f4000)
[   12.661367] cfg80211: Calling CRDA to update world regulatory domain
[   12.975527] firmadyne: sys_reboot[PID: 54 (init)]: magic1:fee1dead, magic2:28121969, cmd:0
init started:  BusyBox v1.00 (2009.10.05-07:05+0000) multi-call binary
Starting pid 58, console /dev/ttyS0: '/etc/init.d/rc.sysinit'
[   16.494951] cfg80211: Calling CRDA to update world regulatory domain
[   19.814215] cfg80211: Calling CRDA to update world regulatory domain
mount: Mounting none on /proc/bus/usb failed: No such file or directory
cp: /bak/dev/*: No such file or directory
[   26.099987] cfg80211: Calling CRDA to update world regulatory domain
Mounting other filesystems ...
Start Kernel Modules..
/etc/init.d/rc.sysinit: 40: Can't open /dev/null
/etc/init.d/rc.sysinit: 39: Can't open /dev/null
/etc/init.d/rc.sysinit: 38: Can't open /dev/null
/etc/init.d/rc.sysinit: 37: Can't open /dev/null
Cameo/DNS-326 Version 1.00 --  Mon Oct 11 19:28:38 CST 2010
[   29.401748] cfg80211: Calling CRDA to update world regulatory domain
[   32.550078] cfg80211: Calling CRDA to update world regulatory domain
[   35.700069] cfg80211: Calling CRDA to update world regulatory domain
[   38.850130] cfg80211: Calling CRDA to update world regulatory domain
[   42.000423] cfg80211: Calling CRDA to update world regulatory domain
[   45.150229] cfg80211: Exceeded CRDA call max attempts. Not calling CRDA
