>> Database Image ID: 143

/home/zhumengfan/firmware/firmwares/57aa3b640fd2d9f2ac6bfa3857f7e0cb2b2aef7d.ZIP
>> Skipping: completed!
./bin/busybox: armel
Querying database for architecture... armel
----Running----
----Copying Filesystem Tarball----
----Creating QEMU Image----
Formatting '/home/zhumengfan/firmadyne//scratch//143//image.raw', fmt=raw size=1073741824
----Creating Partition Table----

Welcome to fdisk (util-linux 2.27.1).
Changes will remain in memory only, until you decide to write them.
Be careful before using the write command.

Device does not contain a recognized partition table.
Created a new DOS disklabel with disk identifier 0x28538800.

Command (m for help): Created a new DOS disklabel with disk identifier 0xd6632e83.

Command (m for help): Partition type
   p   primary (0 primary, 0 extended, 4 free)
   e   extended (container for logical partitions)
Select (default p): Partition number (1-4, default 1): First sector (2048-2097151, default 2048): Last sector, +sectors or +size{K,M,G,T,P} (2048-2097151, default 2097151): 
Created a new partition 1 of type 'Linux' and of size 1023 MiB.

Command (m for help): The partition table has been altered.
Syncing disks.

----Mounting QEMU Image----
add map loop0p1 (252:0): 0 2095104 linear 7:0 2048
----Creating Filesystem----
mke2fs 1.42.13 (17-May-2015)
Discarding device blocks:   4096/261888             done                            
Creating filesystem with 261888 4k blocks and 65536 inodes
Filesystem UUID: 6f64c5ea-3633-4243-94cd-8d4e9c96df00
Superblock backups stored on blocks: 
	32768, 98304, 163840, 229376

Allocating group tables: 0/8   done                            
Writing inode tables: 0/8   done                            
Writing superblocks and filesystem accounting information: 0/8   done

----Making QEMU Image Mountpoint----
----Mounting QEMU Image Partition 1----
----Extracting Filesystem Tarball----
----Creating FIRMADYNE Directories----
----Patching Filesystem (chroot)----
Creating /etc/TZ!
Creating /etc/hosts!
Creating /etc/passwd!
Warning: Recreating device nodes!
Removing /etc/scripts/sys_resetbutton!
----Setting up FIRMADYNE----
----Unmounting QEMU Image----
loop deleted : /dev/loop0
Querying database for architecture... armel
Running firmware 143: terminating after 60 secs...
qemu-system-arm: terminating on signal 2 from pid 140413 (timeout)
Inferring network...
Interfaces: [('br0', '192.168.0.1'), ('br1', '192.168.7.1')]
Done!
[    0.000000] Booting Linux on physical CPU 0x0
[    0.000000] Linux version 4.1.17+ (vagrant@vagrant-ubuntu-trusty-64) (gcc version 5.3.0 (GCC) ) #1 Thu Feb 18 01:05:21 UTC 2016
[    0.000000] CPU: ARMv7 Processor [412fc0f1] revision 1 (ARMv7), cr=10c5387d
[    0.000000] CPU: PIPT / VIPT nonaliasing data cache, PIPT instruction cache
[    0.000000] Machine model: linux,dummy-virt
[    0.000000] debug: ignoring loglevel setting.
[    0.000000] Memory policy: Data cache writeback
[    0.000000] On node 0 totalpages: 65536
[    0.000000] free_area_init_node: node 0, pgdat c061dfe8, node_mem_map cfdf9000
[    0.000000]   Normal zone: 512 pages used for memmap
[    0.000000]   Normal zone: 0 pages reserved
[    0.000000]   Normal zone: 65536 pages, LIFO batch:15
[    0.000000] psci: probing for conduit method from DT.
[    0.000000] psci: PSCIv0.2 detected in firmware.
[    0.000000] psci: Using standard PSCI v0.2 function IDs
[    0.000000] CPU: All CPU(s) started in SVC mode.
[    0.000000] pcpu-alloc: s0 r0 d32768 u32768 alloc=1*32768
[    0.000000] pcpu-alloc: [0] 0 
[    0.000000] Built 1 zonelists in Zone order, mobility grouping on.  Total pages: 65024
[    0.000000] Kernel command line: firmadyne.syscall=1 root=/dev/vda1 console=ttyS0 nandsim.parts=64,64,64,64,64,64,64,64,64,64 rdinit=/firmadyne/preInit.sh rw debug ignore_loglevel print-fatal-signals=1 user_debug=31
[    0.000000] PID hash table entries: 1024 (order: 0, 4096 bytes)
[    0.000000] Dentry cache hash table entries: 32768 (order: 5, 131072 bytes)
[    0.000000] Inode-cache hash table entries: 16384 (order: 4, 65536 bytes)
[    0.000000] Memory: 253340K/262144K available (4297K kernel code, 170K rwdata, 1584K rodata, 180K init, 148K bss, 8804K reserved, 0K cma-reserved)
[    0.000000] Virtual kernel memory layout:
[    0.000000]     vector  : 0xffff0000 - 0xffff1000   (   4 kB)
[    0.000000]     fixmap  : 0xffc00000 - 0xfff00000   (3072 kB)
[    0.000000]     vmalloc : 0xd0800000 - 0xff000000   ( 744 MB)
[    0.000000]     lowmem  : 0xc0000000 - 0xd0000000   ( 256 MB)
[    0.000000]     modules : 0xbf000000 - 0xc0000000   (  16 MB)
[    0.000000]       .text : 0xc0008000 - 0xc05c67bc   (5882 kB)
[    0.000000]       .init : 0xc05c7000 - 0xc05f4000   ( 180 kB)
[    0.000000]       .data : 0xc05f4000 - 0xc061e840   ( 171 kB)
[    0.000000]        .bss : 0xc0621000 - 0xc06462d4   ( 149 kB)
[    0.000000] NR_IRQS:16 nr_irqs:16 16
[    0.000000] Architected cp15 timer(s) running at 62.50MHz (virt).
[    0.000000] clocksource arch_sys_counter: mask: 0xffffffffffffff max_cycles: 0x1cd42e208c, max_idle_ns: 881590405314 ns
[    0.000158] sched_clock: 56 bits at 62MHz, resolution 16ns, wraps every 4398046511096ns
[    0.000297] Switching to timer-based delay loop, resolution 16ns
[    0.003376] Console: colour dummy device 80x30
[    0.003709] Calibrating delay loop (skipped), value calculated using timer frequency.. 125.00 BogoMIPS (lpj=625000)
[    0.003844] pid_max: default: 32768 minimum: 301
[    0.004727] Mount-cache hash table entries: 1024 (order: 0, 4096 bytes)
[    0.004765] Mountpoint-cache hash table entries: 1024 (order: 0, 4096 bytes)
[    0.014634] CPU: Testing write buffer coherency: ok
[    0.020673] Setting up static identity map for 0x40008240 - 0x40008298
[    0.035442] VFP support v0.3: implementor 41 architecture 4 part 30 variant f rev 0
[    0.047424] clocksource jiffies: mask: 0xffffffff max_cycles: 0xffffffff, max_idle_ns: 19112604462750000 ns
[    0.056785] NET: Registered protocol family 16
[    0.060002] DMA: preallocated 256 KiB pool for atomic coherent allocations
[    0.064367] cpuidle: using governor ladder
[    0.064550] cpuidle: using governor menu
[    0.085449] Serial: AMBA PL011 UART driver
[    0.087710] 9000000.pl011: ttyS0 at MMIO 0x9000000 (irq = 54, base_baud = 0) is a PL011 rev1
[    0.095533] console [ttyS0] enabled
[    0.118452] vgaarb: loaded
[    0.120005] SCSI subsystem initialized
[    0.121112] usbcore: registered new interface driver usbfs
[    0.121471] usbcore: registered new interface driver hub
[    0.121797] usbcore: registered new device driver usb
[    0.131194] cfg80211: Calling CRDA to update world regulatory domain
[    0.133527] Switched to clocksource arch_sys_counter
[    0.151744] NET: Registered protocol family 2
[    0.157172] TCP established hash table entries: 2048 (order: 1, 8192 bytes)
[    0.157448] TCP bind hash table entries: 2048 (order: 1, 8192 bytes)
[    0.157757] TCP: Hash tables configured (established 2048 bind 2048)
[    0.158294] UDP hash table entries: 256 (order: 0, 4096 bytes)
[    0.158576] UDP-Lite hash table entries: 256 (order: 0, 4096 bytes)
[    0.160071] NET: Registered protocol family 1
[    0.160542] PCI: CLS 0 bytes, default 64
[    0.167886] NetWinder Floating Point Emulator V0.97 (extended precision)
[    0.170651] futex hash table entries: 256 (order: -1, 3072 bytes)
[    0.176339] squashfs: version 4.0 (2009/01/31) Phillip Lougher
[    0.177758] jffs2: version 2.2. (NAND) Â© 2001-2006 Red Hat, Inc.
[    0.178571] romfs: ROMFS MTD (C) 2007 Red Hat, Inc.
[    0.187404] Block layer SCSI generic (bsg) driver version 0.4 loaded (major 253)
[    0.187752] io scheduler noop registered
[    0.187984] io scheduler cfq registered (default)
[    0.188676] firmadyne: devfs: 1, execute: 1, procfs: 1, syscall: 1
[    0.190016] ------------[ cut here ]------------
[    0.190222] WARNING: CPU: 0 PID: 1 at /home/vagrant/firmadyne-kernel/kernel-v4.1/fs/sysfs/dir.c:31 sysfs_warn_dup+0x50/0x6c()
[    0.190462] sysfs: cannot create duplicate filename '/class/gpio'
[    0.190623] Modules linked in:
[    0.190936] CPU: 0 PID: 1 Comm: swapper Not tainted 4.1.17+ #1
[    0.191074] Hardware name: Generic DT based system
[    0.191760] [<c001c99c>] (unwind_backtrace) from [<c0019d30>] (show_stack+0x10/0x14)
[    0.192036] [<c0019d30>] (show_stack) from [<c0024ab4>] (warn_slowpath_common+0x80/0xa8)
[    0.192236] [<c0024ab4>] (warn_slowpath_common) from [<c0024b08>] (warn_slowpath_fmt+0x2c/0x3c)
[    0.192478] [<c0024b08>] (warn_slowpath_fmt) from [<c00e363c>] (sysfs_warn_dup+0x50/0x6c)
[    0.192655] [<c00e363c>] (sysfs_warn_dup) from [<c00e3714>] (sysfs_create_dir_ns+0x74/0x84)
[    0.192835] [<c00e3714>] (sysfs_create_dir_ns) from [<c018e6ac>] (kobject_add_internal+0xb8/0x2ac)
[    0.193021] [<c018e6ac>] (kobject_add_internal) from [<c018e9a8>] (kset_register+0x1c/0x44)
[    0.193197] [<c018e9a8>] (kset_register) from [<c02090b4>] (__class_register+0xa8/0x198)
[    0.193583] [<c02090b4>] (__class_register) from [<c02091e4>] (__class_create+0x40/0x70)
[    0.193764] [<c02091e4>] (__class_create) from [<c01adf68>] (register_devfs_stubs+0x314/0xbb4)
[    0.193948] [<c01adf68>] (register_devfs_stubs) from [<c05d9b08>] (init_module+0x28/0xa4)
[    0.194160] [<c05d9b08>] (init_module) from [<c0009670>] (do_one_initcall+0x104/0x1b4)
[    0.194365] [<c0009670>] (do_one_initcall) from [<c05c7d08>] (kernel_init_freeable+0xf0/0x1b0)
[    0.194549] [<c05c7d08>] (kernel_init_freeable) from [<c040f28c>] (kernel_init+0x8/0xe4)
[    0.194716] [<c040f28c>] (kernel_init) from [<c0016da8>] (ret_from_fork+0x14/0x2c)
[    0.194975] ---[ end trace fd32cb0a874bf38f ]---
[    0.195174] ------------[ cut here ]------------
[    0.195289] WARNING: CPU: 0 PID: 1 at /home/vagrant/firmadyne-kernel/kernel-v4.1/lib/kobject.c:240 kobject_add_internal+0x240/0x2ac()
[    0.195506] kobject_add_internal failed for gpio with -EEXIST, don't try to register things with the same name in the same directory.
[    0.195716] Modules linked in:
[    0.195863] CPU: 0 PID: 1 Comm: swapper Tainted: G        W       4.1.17+ #1
[    0.196001] Hardware name: Generic DT based system
[    0.196120] [<c001c99c>] (unwind_backtrace) from [<c0019d30>] (show_stack+0x10/0x14)
[    0.196285] [<c0019d30>] (show_stack) from [<c0024ab4>] (warn_slowpath_common+0x80/0xa8)
[    0.196458] [<c0024ab4>] (warn_slowpath_common) from [<c0024b08>] (warn_slowpath_fmt+0x2c/0x3c)
[    0.196638] [<c0024b08>] (warn_slowpath_fmt) from [<c018e834>] (kobject_add_internal+0x240/0x2ac)
[    0.196831] [<c018e834>] (kobject_add_internal) from [<c018e9a8>] (kset_register+0x1c/0x44)
[    0.197002] [<c018e9a8>] (kset_register) from [<c02090b4>] (__class_register+0xa8/0x198)
[    0.197172] [<c02090b4>] (__class_register) from [<c02091e4>] (__class_create+0x40/0x70)
[    0.197340] [<c02091e4>] (__class_create) from [<c01adf68>] (register_devfs_stubs+0x314/0xbb4)
[    0.197519] [<c01adf68>] (register_devfs_stubs) from [<c05d9b08>] (init_module+0x28/0xa4)
[    0.197690] [<c05d9b08>] (init_module) from [<c0009670>] (do_one_initcall+0x104/0x1b4)
[    0.197858] [<c0009670>] (do_one_initcall) from [<c05c7d08>] (kernel_init_freeable+0xf0/0x1b0)
[    0.198034] [<c05c7d08>] (kernel_init_freeable) from [<c040f28c>] (kernel_init+0x8/0xe4)
[    0.198198] [<c040f28c>] (kernel_init) from [<c0016da8>] (ret_from_fork+0x14/0x2c)
[    0.198380] ---[ end trace fd32cb0a874bf390 ]---
[    0.198547] firmadyne: Cannot create device class: gpio!
[    0.200333] firmadyne: Cannot register character device: watchdog, 0xa, 0x82!
[    0.200512] firmadyne: Cannot register character device: wdt, 0xfd, 0x0!
[    0.282191] PCI host bridge /pcie@10000000 ranges:
[    0.282788]    IO 0x3eff0000..0x3effffff -> 0x00000000
[    0.283150]   MEM 0x10000000..0x3efeffff -> 0x10000000
[    0.283451]   MEM 0x8000000000..0xffffffffff -> 0x8000000000
[    0.284128] pci-host-generic 3f000000.pcie: resource collision: [mem 0x00000000-0xffffffff] conflicts with /pl011@9000000 [mem 0x09000000-0x09000fff]
[    0.284833] pci-host-generic: probe of 3f000000.pcie failed with error -16
[    0.296290] Non-volatile memory driver v1.3
[    0.319245] brd: module loaded
[    0.329490] loop: module loaded
[    0.341921]  vda: vda1
[    0.353911] 0.flash: Found 2 x16 devices at 0x0 in 32-bit bank. Manufacturer ID 0x000000 Chip ID 0x000000
[    0.354577] Intel/Sharp Extended Query Table at 0x0031
[    0.355746] Using buffer write method
[    0.356176] erase region 0: offset=0x0,size=0x40000,blocks=256
[    0.363571] 0.flash: Found 2 x16 devices at 0x0 in 32-bit bank. Manufacturer ID 0x000000 Chip ID 0x000000
[    0.363819] Intel/Sharp Extended Query Table at 0x0031
[    0.364592] Using buffer write method
[    0.364711] erase region 0: offset=0x0,size=0x40000,blocks=256
[    0.364929] Concatenating MTD devices:
[    0.365035] (0): "0.flash"
[    0.365110] (1): "0.flash"
[    0.365178] into device "0.flash"
[    0.378021] [nandsim] warning: read_byte: unexpected data output cycle, state is STATE_READY return 0x0
[    0.378262] [nandsim] warning: read_byte: unexpected data output cycle, state is STATE_READY return 0x0
[    0.378446] [nandsim] warning: read_byte: unexpected data output cycle, state is STATE_READY return 0x0
[    0.378616] [nandsim] warning: read_byte: unexpected data output cycle, state is STATE_READY return 0x0
[    0.378784] [nandsim] warning: read_byte: unexpected data output cycle, state is STATE_READY return 0x0
[    0.378953] [nandsim] warning: read_byte: unexpected data output cycle, state is STATE_READY return 0x0
[    0.379380] nand: device found, Manufacturer ID: 0x98, Chip ID: 0x39
[    0.379528] nand: Toshiba NAND 128MiB 1,8V 8-bit
[    0.379654] nand: 128 MiB, SLC, erase size: 16 KiB, page size: 512, OOB size: 16
[    0.380562] flash size: 128 MiB
[    0.380648] page size: 512 bytes
[    0.380723] OOB area size: 16 bytes
[    0.380803] sector size: 16 KiB
[    0.380875] pages number: 262144
[    0.380948] pages per sector: 32
[    0.381020] bus width: 8
[    0.381084] bits in sector size: 14
[    0.381162] bits in page size: 9
[    0.381238] bits in OOB size: 4
[    0.381316] flash size with OOB: 135168 KiB
[    0.381414] page address bytes: 4
[    0.381489] sector address bytes: 3
[    0.381566] options: 0x42
[    0.385884] Scanning device for bad blocks
[    0.492461] firmadyne: do_execve: /firmadyne/console
[    0.492684] OFFSETS: offset of pid: 0x190 offset of comm: 0x270
[    0.493151] Creating 11 MTD partitions on "NAND 128MiB 1,8V 8-bit":
[    0.493767] 0x000000000000-0x000000100000 : "NAND simulator partition 0"
[    0.496016] 0x000000100000-0x000000200000 : "NAND simulator partition 1"
[    0.497414] 0x000000200000-0x000000300000 : "NAND simulator partition 2"
[    0.498792] 0x000000300000-0x000000400000 : "NAND simulator partition 3"
[    0.500214] 0x000000400000-0x000000500000 : "NAND simulator partition 4"
[    0.501597] 0x000000500000-0x000000600000 : "NAND simulator partition 5"
[    0.502997] 0x000000600000-0x000000700000 : "NAND simulator partition 6"
[    0.504777] 0x000000700000-0x000000800000 : "NAND simulator partition 7"
[    0.506126] 0x000000800000-0x000000900000 : "NAND simulator partition 8"
[    0.507507] 0x000000900000-0x000000a00000 : "NAND simulator partition 9"
[    0.508889] 0x000000a00000-0x000008000000 : "NAND simulator partition 10"
[    0.514689] tun: Universal TUN/TAP device driver, 1.6
[    0.514829] tun: (C) 1999-2004 Max Krasnyansky <maxk@qualcomm.com>
[    0.526376] PPP generic driver version 2.4.2
[    0.527140] PPP BSD Compression module registered
[    0.527325] PPP Deflate Compression module registered
[    0.527565] PPP MPPE Compression module registered
[    0.527703] NET: Registered protocol family 24
[    0.528021] PPTP driver version 0.8.5
[    3.211407] usbcore: registered new interface driver usb-storage
[    3.215193] rtc-pl031 9010000.pl031: rtc core: registered pl031 as rtc0
[    3.215972] hidraw: raw HID events driver (C) Jiri Kosina
[    3.216546] usbcore: registered new interface driver usbhid
[    3.216684] usbhid: USB HID core driver
[    3.217178] Netfilter messages via NETLINK v0.30.
[    3.217870] nf_conntrack version 0.5.0 (3958 buckets, 15832 max)
[    3.219389] ctnetlink v0.93: registering with nfnetlink.
[    3.220900] ipip: IPv4 over IPv4 tunneling driver
[    3.223066] gre: GRE over IPv4 demultiplexor driver
[    3.223341] ip_gre: GRE over IPv4 tunneling driver
[    3.228051] ip_tables: (C) 2000-2006 Netfilter Core Team
[    3.229788] arp_tables: (C) 2002 David S. Miller
[    3.230890] Initializing XFRM netlink socket
[    3.231414] NET: Registered protocol family 10
[    4.111568] ip6_tables: (C) 2000-2006 Netfilter Core Team
[    4.113481] sit: IPv6 over IPv4 tunneling driver
[    4.117319] NET: Registered protocol family 17
[    4.117991] bridge: automatic filtering via arp/ip/ip6tables has been deprecated. Update your scripts to load br_netfilter if you need this.
[    4.118355] Bridge firewalling registered
[    4.118506] Ebtables v2.0 registered
[    4.119665] cfg80211: Calling CRDA to update world regulatory domain
[    4.121055] 8021q: 802.1Q VLAN Support v1.8
[    4.122108] Registering SWP/SWPB emulation handler
[    4.125005] rtc-pl031 9010000.pl031: setting system clock to 2018-07-19 13:21:57 UTC (1532006517)
[    4.136189] EXT4-fs (vda1): couldn't mount as ext3 due to feature incompatibilities
[    4.137704] EXT4-fs (vda1): mounting ext2 file system using the ext4 subsystem
[    4.149443] EXT4-fs (vda1): mounted filesystem without journal. Opts: (null)
[    4.150549] VFS: Mounted root (ext2 filesystem) on device 254:1.
[    4.168571] Freeing unused kernel memory: 180K (c05c7000 - c05f4000)
[    5.483627] random: init urandom read with 2 bits of entropy available
[    5.487474] firmadyne: sys_reboot[PID: 1 (init)]: magic1:fee1dead, magic2:28121969, cmd:0
init started: BusyBox v1.14.1 (2014-11-17 20:59:58 CST)
starting pid 54, tty '': '/etc/init.d/rcS'
[/etc/init.d/S10init.sh]
mount: mounting usbfs on /proc/bus/usb failed: No such file or directory
[/etc/init.d/S12ubs_storage.sh]
[/etc/init.d/S15udevd.sh]
[    5.882333] firmadyne: sys_socket[PID: 76 (udevd)]: family:1, type:2, protocol:0
[    5.883737] firmadyne: sys_setsockopt[PID: 76 (udevd)]: fd:3, level:1, optname:16
[    5.884193] firmadyne: sys_socket[PID: 76 (udevd)]: family:16, type:2, protocol:15
[    5.884576] firmadyne: sys_setsockopt[PID: 76 (udevd)]: fd:4, level:1, optname:33
[    6.544854] firmadyne: sys_socket[PID: 77 (udevd)]: family:1, type:2, protocol:0
[    6.546079] firmadyne: sys_socket[PID: 77 (udevd)]: family:1, type:1, protocol:0
[    6.550345] udevd (77): /proc/77/oom_adj is deprecated, please use /proc/77/oom_score_adj instead.
[/etc/init.d/S16ipv6.sh]
[/etc/init.d/S19init.sh]
[/etc/init.d/S20init.sh]
[    7.206465] firmadyne: sys_socket[PID: 98 (xmldb)]: family:1, type:1, protocol:0
[    7.244341] firmadyne: sys_socket[PID: 100 (servd)]: family:1, type:1, protocol:0
[    7.447808] cfg80211: Calling CRDA to update world regulatory domain
[    7.456654] firmadyne: sys_socket[PID: 102 (xmldbc)]: family:1, type:1, protocol:0
[    8.031435] firmadyne: sys_socket[PID: 109 (xmldbc)]: family:1, type:1, protocol:0
the mfc do not init wifi password,using default
the mfc do not init wifi password,using default
the mfc do not init wifi password,using default
[    8.740510] firmadyne: sys_socket[PID: 122 (xmldbc)]: family:1, type:1, protocol:0
[    8.780441] firmadyne: sys_socket[PID: 123 (xmldbc)]: family:1, type:1, protocol:0
DEVCONF: unable to read config data (ret=-3) !
!!!!!!!!!!!!!!!!!!!!!!!!!!!!!!!!!!!!!!!!!!
!!     Uable to read device config.     !!
!! Setting is reset to factory default. !!
!!!!!!!!!!!!!!!!!!!!!!!!!!!!!!!!!!!!!!!!!!
  DEFNODE[/etc/defnodes/S11devdata.xml]
[    9.094945] firmadyne: sys_socket[PID: 135 (xmldbc)]: family:1, type:1, protocol:0
  DEFNODE[/etc/defnodes/S12devdata.php]
[    9.113039] firmadyne: sys_socket[PID: 138 (xmldbc)]: family:1, type:1, protocol:0
[   10.799137] cfg80211: Calling CRDA to update world regulatory domain
  DEFNODE[/etc/defnodes/S12flashspeed.php]
[   11.054273] firmadyne: sys_socket[PID: 164 (xmldbc)]: family:1, type:1, protocol:0
  DEFNODE[/etc/defnodes/S13dfs.php]
[   11.076861] firmadyne: sys_socket[PID: 167 (xmldbc)]: family:1, type:1, protocol:0
  DEFNODE[/etc/defnodes/S14setchlist.php]
[   11.099582] firmadyne: sys_socket[PID: 170 (xmldbc)]: family:1, type:1, protocol:0
phplib/getchlist.php - GETCHLIST() ERROR: no Country Code!!! Please check if you board is initialized.
  DEFNODE[/etc/defnodes/S20device.xml]
[   11.150734] firmadyne: sys_socket[PID: 173 (xmldbc)]: family:1, type:1, protocol:0
  DEFNODE[/etc/defnodes/S22timezone.php]
[   11.174781] firmadyne: sys_socket[PID: 176 (xmldbc)]: family:1, type:1, protocol:0
[/etc/scripts/setdate.sh] 01/01/2000 ...
Sat Jan  1 13:22:04 UTC 2000
  DEFNODE[/etc/defnodes/S30device.php]
[   11.286694] firmadyne: sys_socket[PID: 195 (xmldbc)]: family:1, type:1, protocol:0
  DEFNODE[/etc/defnodes/S30device.xml]
[   11.303600] firmadyne: sys_socket[PID: 198 (xmldbc)]: family:1, type:1, protocol:0
  DEFNODE[/etc/defnodes/S31diagnostic.xml]
[   11.323488] firmadyne: sys_socket[PID: 201 (xmldbc)]: family:1, type:1, protocol:0
  DEFNODE[/etc/defnodes/S31locale.php]
[   11.345435] firmadyne: sys_socket[PID: 204 (xmldbc)]: family:1, type:1, protocol:0
  DEFNODE[/etc/defnodes/S33wifi.php]
[   11.367610] firmadyne: sys_socket[PID: 207 (xmldbc)]: family:1, type:1, protocol:0
  DEFNODE[/etc/defnodes/S40device.xml]
[   11.408271] firmadyne: sys_socket[PID: 210 (xmldbc)]: family:1, type:1, protocol:0
  DEFNODE[/etc/defnodes/S40links.php]
[   11.431197] firmadyne: sys_socket[PID: 213 (xmldbc)]: family:1, type:1, protocol:0
  DEFNODE[/etc/defnodes/S90opendns.php]
[   11.455102] firmadyne: sys_socket[PID: 216 (xmldbc)]: family:1, type:1, protocol:0
  DEFNODE[/etc/defnodes/S90sessions.php]
[   11.495883] firmadyne: sys_socket[PID: 219 (xmldbc)]: family:1, type:1, protocol:0
  DEFNODE[/etc/defnodes/S90upnpigd.php]
[   11.521295] firmadyne: sys_socket[PID: 222 (xmldbc)]: family:1, type:1, protocol:0
  DEFNODE[/etc/defnodes/S90upnpwfa.php]
[   11.617915] firmadyne: sys_socket[PID: 231 (xmldbc)]: family:1, type:1, protocol:0
  DEFNODE[/etc/defnodes/S91upnpigd2.php]
[   11.690754] firmadyne: sys_socket[PID: 240 (xmldbc)]: family:1, type:1, protocol:0
[   11.774640] firmadyne: sys_socket[PID: 247 (service)]: family:1, type:1, protocol:0
SERVD: start service [LOGD]
 [   11.825222] firmadyne: sys_socket[PID: 257 (xmldbc)]: family:1, type:1, protocol:0
[   11.845991] firmadyne: sys_socket[PID: 259 (pidmon)]: family:1, type:1, protocol:0
 [/etc/init.d/S21usbmount.sh]
[/etc/init.d/S22mydlink.sh]
[   11.921580] firmadyne: sys_socket[PID: 271 (logd)]: family:1, type:2, protocol:0
[   11.948684] firmadyne: sys_socket[PID: 272 (xmldbc)]: family:1, type:1, protocol:0
[/etc/init.d/S23udevd.sh]
[/etc/init.d/S45gpiod.sh]
[   12.263577] firmadyne: sys_socket[PID: 284 (xmldbc)]: family:1, type:1, protocol:0
Factory reset time : 5 secs
[/etc/init.d/rcS] done!
00: WPS Button using GPIO #7, input mode.
01: Factory Reset Button using GPIO #17, input mode.
02: Power_Status LED Green using GPIO #0, output mode.
03: Power_Status LED Orange using GPIO #2, output mode.
04: Internet LED Orange using GPIO #3, output mode.
05: Internet LED Green using GPIO #1, output mode.
06: USB2.0 using GPIO #21, output mode.
07: USB3.0 using GPIO #18, output mode.
08: USB2.0 LED Green using GPIO #15, output mode.
09: USB3.0 LED Green using GPIO #8, output mode.
10: WIFI 2.4G LED Green using GPIO #13, output mode.
11: WIFI 5G LED Green using GPIO #14, output mode.
[   12.299617] firmadyne: sys_socket[PID: 286 (gpiod)]: family:1, type:2, protocol:0
[   12.301609] firmadyne: sys_socket[PID: 286 (gpiod)]: family:2, type:2, protocol:0
ioctl fail
[/etc/init0.d/S21layout.sh]: start ...
[   12.329483] firmadyne: sys_socket[PID: 295 (service)]: family:1, type:1, protocol:0
[   12.332008] firmadyne: sys_socket[PID: 294 (event)]: family:1, type:1, protocol:0
SERVD: start service [LAYOUT]
 SERVD: event [WANPORT.LINKDOWN] not found!
 [   12.377593] firmadyne: sys_socket[PID: 304 (xmldbc)]: family:1, type:1, protocol:0
mount: mounting /dev/mtdblock/4 on /htdocs/web/js/localization failed: Invalid argument
[   12.444179] firmadyne: sys_socket[PID: 310 (event)]: family:1, type:1, protocol:0
 [/etc/init0.d/S40event.sh]: start ...
[   12.523992] firmadyne: sys_socket[PID: 319 (event)]: family:1, type:1, protocol:0
 [   12.542334] firmadyne: sys_socket[PID: 320 (event)]: family:1, type:1, protocol:0
 [   12.575879] firmadyne: sys_socket[PID: 321 (event)]: family:1, type:1, protocol:0
 [   12.599230] firmadyne: sys_socket[PID: 322 (event)]: family:1, type:1, protocol:0
 [   12.622264] firmadyne: sys_socket[PID: 323 (event)]: family:1, type:1, protocol:0
/dev/nvram: No such device
 /dev/nvram: No such device
[   12.657350] firmadyne: sys_socket[PID: 326 (event)]: family:1, type:1, protocol:0
/dev/nvram: No such device
 [   12.677551] firmadyne: sys_socket[PID: 330 (event)]: family:1, type:1, protocol:0
/dev/nvram: No such device
 [   12.687820] firmadyne: sys_socket[PID: 332 (event)]: family:1, type:1, protocol:0
 /dev/nvram: No such device
/dev/nvram: No such device
/dev/nvram: No such device
[   12.770359] firmadyne: sys_socket[PID: 339 (event)]: family:1, type:1, protocol:0
/dev/nvram: No such device
 /dev/nvram: No such device
[   12.802652] firmadyne: sys_socket[PID: 341 (event)]: family:1, type:1, protocol:0
/dev/nvram: No such device
 [   12.829450] firmadyne: sys_socket[PID: 344 (event)]: family:1, type:1, protocol:0
/dev/nvram: No such device
 /dev/nvram: No such device
[   12.865308] firmadyne: sys_socket[PID: 346 (event)]: family:1, type:1, protocol:0
 /dev/nvram: No such device
[   12.912058] firmadyne: sys_socket[PID: 348 (event)]: family:1, type:1, protocol:0
 /dev/nvram: No such device
[   12.976482] firmadyne: sys_socket[PID: 350 (event)]: family:1, type:1, protocol:0
/dev/nvram: No such device
 /dev/nvram: No such device
[   13.019028] firmadyne: sys_socket[PID: 353 (event)]: family:1, type:1, protocol:0
 /dev/nvram: No such device
[   13.047782] firmadyne: sys_socket[PID: 355 (event)]: family:1, type:1, protocol:0
 [   13.073242] firmadyne: sys_socket[PID: 357 (event)]: family:1, type:1, protocol:0
/dev/nvram: No such device
 /dev/nvram: No such device
[   13.104848] firmadyne: sys_socket[PID: 359 (event)]: family:1, type:1, protocol:0
 /dev/nvram: No such device
[   13.132748] firmadyne: sys_socket[PID: 361 (event)]: family:1, type:1, protocol:0
 /dev/nvram: No such device
[   13.162597] firmadyne: sys_socket[PID: 363 (event)]: family:1, type:1, protocol:0
 [   13.193004] firmadyne: sys_socket[PID: 366 (event)]: family:1, type:1, protocol:0
/dev/nvram: No such device
 /dev/nvram: No such device
[   13.223840] firmadyne: sys_socket[PID: 368 (event)]: family:1, type:1, protocol:0
 [   13.250581] firmadyne: sys_socket[PID: 370 (event)]: family:1, type:1, protocol:0
 /dev/nvram: No such device
/dev/nvram: No such device
[   13.278239] firmadyne: sys_socket[PID: 372 (event)]: family:1, type:1, protocol:0
/dev/nvram : No such device
[   13.312011] firmadyne: sys_socket[PID: 376 (event)]: family:1, type:1, protocol:0
 /dev/nvram: No such device
[   13.341307] firmadyne: sys_socket[PID: 286 (gpiod)]: family:2, type:2, protocol:0
ioctl fail
[   13.345636] firmadyne: sys_socket[PID: 378 (event)]: family:1, type:1, protocol:0
 /dev/nvram: No such device
[   13.373791] firmadyne: sys_socket[PID: 381 (event)]: family:1, type:1, protocol:0
 /dev/nvram: No such device
[   13.413921] firmadyne: sys_socket[PID: 383 (event)]: family:1, type:1, protocol:0
 /dev/nvram: No such device
[   13.446242] firmadyne: sys_socket[PID: 385 (event)]: family:1, type:1, protocol:0
 /dev/nvram: No such device
[   13.478816] firmadyne: sys_socket[PID: 387 (event)]: family:1, type:1, protocol:0
 [   13.510999] firmadyne: sys_socket[PID: 389 (event)]: family:1, type:1, protocol:0
[   13.522489] firmadyne: sys_socket[PID: 391 (et)]: family:2, type:2, protocol:0
 etcrobowr: Operation not supported
[   13.541250] firmadyne: sys_socket[PID: 392 (event)]: family:1, type:1, protocol:0
 [   13.565965] firmadyne: sys_socket[PID: 393 (et)]: family:2, type:2, protocol:0
etcrobowr: Operation not supported
[   13.584579] firmadyne: sys_socket[PID: 394 (event)]: family:1, type:1, protocol:0
 [   13.596077] firmadyne: sys_socket[PID: 395 (et)]: family:2, type:2, protocol:0
etcrobowr: Operation not supported
[   13.611181] firmadyne: sys_socket[PID: 397 (et)]: family:2, type:2, protocol:0
etcrobowr[   13.617446] firmadyne: sys_socket[PID: 396 (event)]: family:1, type:1, protocol:0
 : Operation not supported
[   13.635808] firmadyne: sys_socket[PID: 399 (ifconfig)]: family:2, type:2, protocol:0
[   13.638214] firmadyne: sys_socket[PID: 398 (event)]: family:1, type:1, protocol:0
 [   13.660372] firmadyne: sys_socket[PID: 402 (event)]: family:1, type:1, protocol:0
ifconfig: SIOCGIFFLAGS: No such device
[   13.667597] firmadyne: sys_socket[PID: 405 (ifconfig)]: family:2, type:2, protocol:0
 ifconfig: SIOCGIFFLAGS: No such device
[   13.684966] firmadyne: sys_socket[PID: 411 (ifconfig)]: family:2, type:2, protocol:0
[   13.692176] firmadyne: sys_socket[PID: 409 (event)]: family:1, type:1, protocol:0
 [   13.715346] firmadyne: sys_socket[PID: 412 (et)]: family:2, type:2, protocol:0
etcrobowr: Operation not supported
[   13.722491] firmadyne: sys_socket[PID: 413 (event)]: family:1, type:1, protocol:0
 [   13.740158] firmadyne: sys_socket[PID: 414 (ip)]: family:16, type:3, protocol:0
[   13.740745] firmadyne: sys_setsockopt[PID: 414 (ip)]: fd:7, level:1, optname:7
[   13.741202] firmadyne: sys_setsockopt[PID: 414 (ip)]: fd:7, level:1, optname:8
[   13.755085] firmadyne: sys_socket[PID: 415 (event)]: family:1, type:1, protocol:0
[   13.768958] 8021q: adding VLAN 0 to HW filter on device eth0
 [   13.795684] firmadyne: sys_socket[PID: 417 (vconfig)]: family:2, type:1, protocol:0
[   13.797423] firmadyne: register_vlan_dev[PID: 417 (vconfig)]: dev:eth0.1 vlan_id:1
[   13.820975] firmadyne: sys_socket[PID: 416 (event)]: family:1, type:1, protocol:0
 [   13.849873] firmadyne: sys_socket[PID: 420 (event)]: family:1, type:1, protocol:0
[   13.855943] firmadyne: sys_socket[PID: 421 (vconfig)]: family:2, type:1, protocol:0
 [   13.860965] firmadyne: sys_socket[PID: 422 (vconfig)]: family:2, type:1, protocol:0
[   13.872678] firmadyne: sys_socket[PID: 423 (event)]: family:1, type:1, protocol:0
[   13.875279] firmadyne: sys_socket[PID: 424 (vconfig)]: family:2, type:1, protocol:0
[   13.877737] firmadyne: sys_socket[PID: 425 (vconfig)]: family:2, type:1, protocol:0
[   13.880028] firmadyne: sys_socket[PID: 426 (vconfig)]: family:2, type:1, protocol:0
[   13.884832] firmadyne: sys_socket[PID: 427 (vconfig)]: family:2, type:1, protocol:0
 [   13.889236] firmadyne: sys_socket[PID: 428 (vconfig)]: family:2, type:1, protocol:0
[   13.895046] firmadyne: sys_socket[PID: 430 (vconfig)]: family:2, type:1, protocol:0
[   13.913185] firmadyne: sys_socket[PID: 431 (ip)]: family:16, type:3, protocol:0
[   13.914232] firmadyne: sys_socket[PID: 429 (event)]: family:1, type:1, protocol:0
SERVD: event [SEALPAC.LOAD/default]
 [   13.921977] firmadyne: sys_setsockopt[PID: 431 (ip)]: fd:7, level:1, optname:7
[   13.922213] firmadyne: sys_setsockopt[PID: 431 (ip)]: fd:7, level:1, optname:8
[   13.930295] firmadyne: sys_socket[PID: 433 (service)]: family:1, type:1, protocol:0
[   13.945094] cfg80211: Calling CRDA to update world regulatory domain
[   13.986284] firmadyne: sys_socket[PID: 436 (ip)]: family:16, type:3, protocol:0
[   13.986670] firmadyne: sys_setsockopt[PID: 436 (ip)]: fd:7, level:1, optname:7
[   13.986882] firmadyne: sys_setsockopt[PID: 436 (ip)]: fd:7, level:1, optname:8
[   13.998711] firmadyne: sys_socket[PID: 439 (xmldbc)]: family:1, type:1, protocol:0
 [   14.044550] firmadyne: sys_socket[PID: 440 (ip)]: family:16, type:3, protocol:0
[   14.044890] firmadyne: sys_setsockopt[PID: 440 (ip)]: fd:7, level:1, optname:7
[   14.045084] firmadyne: sys_setsockopt[PID: 440 (ip)]: fd:7, level:1, optname:8
[   14.052179] firmadyne: sys_socket[PID: 441 (service)]: family:1, type:1, protocol:0
[   14.059163] firmadyne: sys_socket[PID: 442 (xmldbc)]: family:1, type:1, protocol:0
 [   14.100518] firmadyne: sys_socket[PID: 443 (ip)]: family:16, type:3, protocol:0
[   14.100833] firmadyne: sys_setsockopt[PID: 443 (ip)]: fd:7, level:1, optname:7
[   14.101025] firmadyne: sys_setsockopt[PID: 443 (ip)]: fd:7, level:1, optname:8
[/etc/init0.d/S40gpioevent.sh]: start ...
[   14.168295] firmadyne: sys_socket[PID: 451 (ip)]: family:16, type:3, protocol:0
[   14.168619] firmadyne: sys_setsockopt[PID: 451 (ip)]: fd:7, level:1, optname:7
[   14.168812] firmadyne: sys_setsockopt[PID: 451 (ip)]: fd:7, level:1, optname:8
[   14.171271] firmadyne: __inet_insert_ifa[PID: 451 (ip)]: device:lo ifa:0x0100007f
[   14.195879] firmadyne: sys_socket[PID: 455 (event)]: family:1, type:1, protocol:0
SEAMA: '/dev/mtdblock/4' is not a seama file !
 [   14.227416] firmadyne: sys_socket[PID: 457 (event)]: family:1, type:1, protocol:0
 [   14.241528] firmadyne: sys_socket[PID: 459 (brctl)]: family:2, type:1, protocol:0
[   14.265207] firmadyne: sys_socket[PID: 460 (event)]: family:1, type:1, protocol:0
[   14.272900] firmadyne: sys_socket[PID: 463 (brctl)]: family:2, type:1, protocol:0
 [   14.284247] firmadyne: sys_socket[PID: 463 (brctl)]: family:10, type:2, protocol:0
[   14.305378] firmadyne: sys_socket[PID: 464 (event)]: family:1, type:1, protocol:0
[   14.308860] firmadyne: sys_socket[PID: 465 (brctl)]: family:2, type:1, protocol:0
[   14.309293] firmadyne: sys_socket[PID: 465 (brctl)]: family:10, type:2, protocol:0
 [   14.330103] firmadyne: sys_socket[PID: 467 (event)]: family:1, type:1, protocol:0
[   14.333816] firmadyne: sys_socket[PID: 466 (brctl)]: family:2, type:1, protocol:0
[   14.334903] firmadyne: sys_socket[PID: 466 (brctl)]: family:10, type:2, protocol:0
[   14.335465] firmadyne: sys_socket[PID: 466 (brctl)]: family:10, type:2, protocol:0
[   14.335938] firmadyne: br_add_if[PID: 466 (brctl)]: br:br0 dev:eth0.1
[   14.337930] device eth0.1 entered promiscuous mode
[   14.338128] device eth0 entered promiscuous mode
 [   14.343711] firmadyne: sys_socket[PID: 286 (gpiod)]: family:2, type:2, protocol:0
ioctl fail
[   14.365880] firmadyne: sys_socket[PID: 468 (ip)]: family:16, type:3, protocol:0
[   14.366196] firmadyne: sys_setsockopt[PID: 468 (ip)]: fd:7, level:1, optname:7
[   14.366420] firmadyne: sys_setsockopt[PID: 468 (ip)]: fd:7, level:1, optname:8
[   14.369001] br0: port 1(eth0.1) entered forwarding state
[   14.369471] br0: port 1(eth0.1) entered forwarding state
[   14.372837] firmadyne: sys_socket[PID: 469 (event)]: family:1, type:1, protocol:0
 [   14.393931] firmadyne: sys_socket[PID: 470 (brctl)]: family:2, type:1, protocol:0
[   14.394917] firmadyne: sys_socket[PID: 470 (brctl)]: family:10, type:2, protocol:0
[   14.411680] firmadyne: sys_socket[PID: 471 (event)]: family:1, type:1, protocol:0
[   14.422857] firmadyne: sys_socket[PID: 474 (brctl)]: family:2, type:1, protocol:0
 [   14.434284] firmadyne: sys_socket[PID: 474 (brctl)]: family:10, type:2, protocol:0
[   14.435041] firmadyne: sys_socket[PID: 474 (brctl)]: family:10, type:2, protocol:0
[   14.440962] firmadyne: sys_socket[PID: 475 (event)]: family:1, type:1, protocol:0
 [   14.460765] firmadyne: sys_socket[PID: 477 (event)]: family:1, type:1, protocol:0
[   14.462243] firmadyne: sys_socket[PID: 476 (brctl)]: family:2, type:1, protocol:0
[   14.464580] firmadyne: sys_socket[PID: 476 (brctl)]: family:10, type:2, protocol:0
[   14.465369] firmadyne: sys_socket[PID: 476 (brctl)]: family:10, type:2, protocol:0
 [   14.488374] firmadyne: sys_socket[PID: 478 (ip)]: family:16, type:3, protocol:0
[   14.488734] firmadyne: sys_setsockopt[PID: 478 (ip)]: fd:7, level:1, optname:7
[   14.488932] firmadyne: sys_setsockopt[PID: 478 (ip)]: fd:7, level:1, optname:8
[   14.495146] firmadyne: sys_socket[PID: 479 (event)]: family:1, type:1, protocol:0
 [   14.517519] firmadyne: sys_socket[PID: 480 (service)]: family:1, type:1, protocol:0
 [   14.526352] firmadyne: sys_socket[PID: 481 (event)]: family:1, type:1, protocol:0
 [   14.540092] firmadyne: sys_socket[PID: 482 (service)]: family:1, type:1, protocol:0
[   14.547598] firmadyne: sys_socket[PID: 483 (event)]: family:1, type:1, protocol:0
  [   14.558715] firmadyne: sys_socket[PID: 484 (event)]: family:1, type:1, protocol:0
[   14.569876] firmadyne: sys_socket[PID: 485 (service)]: family:1, type:1, protocol:0
  [   14.591752] firmadyne: sys_socket[PID: 487 (xmldbc)]: family:1, type:1, protocol:0
[   14.594710] firmadyne: sys_socket[PID: 486 (event)]: family:1, type:1, protocol:0
 [   14.623129] firmadyne: sys_socket[PID: 488 (event)]: family:1, type:1, protocol:0
[   14.626428] firmadyne: sys_socket[PID: 489 (xmldbc)]: family:1, type:1, protocol:0
 [   14.655666] firmadyne: sys_socket[PID: 490 (event)]: family:1, type:1, protocol:0
[   14.661380] firmadyne: sys_socket[PID: 491 (xmldbc)]: family:1, type:1, protocol:0
 [   14.681885] firmadyne: sys_socket[PID: 493 (xmldbc)]: family:1, type:1, protocol:0
[   14.688816] firmadyne: sys_socket[PID: 492 (event)]: family:1, type:1, protocol:0
 [   14.718511] firmadyne: sys_socket[PID: 494 (xmldbc)]: family:1, type:1, protocol:0
[   14.720151] firmadyne: sys_socket[PID: 495 (event)]: family:1, type:1, protocol:0
 [   14.737641] firmadyne: sys_socket[PID: 497 (event)]: family:1, type:1, protocol:0
 [   14.755313] firmadyne: sys_socket[PID: 496 (xmldbc)]: family:1, type:1, protocol:0
[   14.765578] firmadyne: sys_socket[PID: 498 (event)]: family:1, type:1, protocol:0
 [   14.786438] firmadyne: sys_socket[PID: 499 (xmldbc)]: family:1, type:1, protocol:0
[   14.802900] firmadyne: sys_socket[PID: 501 (usockc)]: family:1, type:2, protocol:0
[   14.805425] firmadyne: sys_socket[PID: 500 (event)]: family:1, type:1, protocol:0
 [   14.817866] firmadyne: sys_socket[PID: 286 (gpiod)]: family:2, type:2, protocol:0
ioctl fail
[   14.822547] firmadyne: sys_socket[PID: 502 (event)]: family:1, type:1, protocol:0
 [   14.843557] firmadyne: sys_socket[PID: 503 (service)]: family:1, type:1, protocol:0
 [   14.852143] firmadyne: sys_socket[PID: 504 (event)]: family:1, type:1, protocol:0
[   14.862394] firmadyne: sys_socket[PID: 505 (service)]: family:1, type:1, protocol:0
  [   14.882288] firmadyne: sys_socket[PID: 506 (event)]: family:1, type:1, protocol:0
[   14.893512] firmadyne: sys_socket[PID: 507 (service)]: family:1, type:1, protocol:0
  [   14.911670] firmadyne: sys_socket[PID: 508 (event)]: family:1, type:1, protocol:0
 [   14.922709] firmadyne: sys_socket[PID: 510 (event)]: family:1, type:1, protocol:0
 [   14.933027] firmadyne: sys_socket[PID: 511 (event)]: family:1, type:1, protocol:0
 [   14.940943] firmadyne: sys_socket[PID: 512 (event)]: family:1, type:1, protocol:0
 [   14.948347] firmadyne: sys_socket[PID: 513 (event)]: family:1, type:1, protocol:0
 [   14.961507] firmadyne: sys_socket[PID: 514 (event)]: family:1, type:1, protocol:0
 [/etc/init0.d/S40ttyevent.sh]: start ...
[   15.000680] firmadyne: sys_socket[PID: 523 (event)]: family:1, type:1, protocol:0
 [   15.010676] firmadyne: sys_socket[PID: 524 (event)]: family:1, type:1, protocol:0
 [   15.023903] firmadyne: sys_socket[PID: 525 (event)]: family:1, type:1, protocol:0
 [/etc/init0.d/S41autowan.sh]: start ...
[   15.056552] firmadyne: sys_socket[PID: 534 (event)]: family:1, type:1, protocol:0
 [   15.063236] firmadyne: sys_socket[PID: 535 (event)]: family:1, type:1, protocol:0
 [   15.077194] firmadyne: sys_socket[PID: 536 (event)]: family:1, type:1, protocol:0
 [/etc/init0.d/S41autowanv6.sh]: start ...
[   15.108633] firmadyne: sys_socket[PID: 545 (event)]: family:1, type:1, protocol:0
 [   15.120629] firmadyne: sys_socket[PID: 546 (event)]: family:1, type:1, protocol:0
 [/etc/init0.d/S41event.sh]: start ...
[   15.157344] firmadyne: sys_socket[PID: 555 (event)]: family:1, type:1, protocol:0
 [   15.166829] firmadyne: sys_socket[PID: 556 (event)]: family:1, type:1, protocol:0
 [   15.193526] firmadyne: sys_socket[PID: 557 (event)]: family:1, type:1, protocol:0
 [   15.289536] firmadyne: sys_socket[PID: 558 (event)]: family:1, type:1, protocol:0
 [/etc/init0.d/S41factorydefault.sh]: start ...
[   15.357869] firmadyne: sys_socket[PID: 567 (xmldbc)]: family:1, type:1, protocol:0
[: missing ]
[/etc/init0.d/S41inf.sh]: start ...
[   15.462648] firmadyne: sys_socket[PID: 579 (event)]: family:1, type:1, protocol:0
 [   15.478548] firmadyne: sys_socket[PID: 580 (event)]: family:1, type:1, protocol:0
 [   15.494648] firmadyne: sys_socket[PID: 581 (event)]: family:1, type:1, protocol:0
 [   15.510080] firmadyne: sys_socket[PID: 582 (event)]: family:1, type:1, protocol:0
 [   15.525347] firmadyne: sys_socket[PID: 583 (service)]: family:1, type:1, protocol:0
 [   15.541036] firmadyne: sys_socket[PID: 584 (service)]: family:1, type:1, protocol:0
 [   15.556424] firmadyne: sys_socket[PID: 585 (service)]: family:1, type:1, protocol:0
 [/etc/init0.d/S41smart404.sh]: start ...
[   15.613883] firmadyne: sys_socket[PID: 600 (xmldbc)]: family:1, type:1, protocol:0
[   15.710165] firmadyne: sys_socket[PID: 603 (xmldbc)]: family:1, type:1, protocol:0
[   15.728626] firmadyne: sys_socket[PID: 604 (xmldbc)]: family:1, type:1, protocol:0
[   15.760353] firmadyne: sys_socket[PID: 606 (fakedns)]: family:16, type:3, protocol:0
[   15.765686] firmadyne: sys_socket[PID: 606 (fakedns)]: family:2, type:2, protocol:0
[   15.768050] firmadyne: sys_socket[PID: 606 (fakedns)]: family:2, type:2, protocol:0
[   15.768459] firmadyne: sys_socket[PID: 606 (fakedns)]: family:2, type:2, protocol:0
[   15.768878] firmadyne: sys_socket[PID: 606 (fakedns)]: family:2, type:2, protocol:0
[   15.769093] firmadyne: sys_socket[PID: 606 (fakedns)]: family:2, type:1, protocol:0
[   15.769605] firmadyne: sys_setsockopt[PID: 606 (fakedns)]: fd:5, level:1, optname:2
[   15.770043] firmadyne: inet_bind[PID: 606 (fakedns)]: proto:SOCK_STREAM, port:63481
[   15.771393] firmadyne: sys_socket[PID: 606 (fakedns)]: family:10, type:2, protocol:0
[   15.771815] firmadyne: sys_socket[PID: 606 (fakedns)]: family:10, type:1, protocol:0
[   15.772190] firmadyne: sys_setsockopt[PID: 606 (fakedns)]: fd:6, level:1, optname:2
[   15.772386] firmadyne: sys_setsockopt[PID: 606 (fakedns)]: fd:7, level:1, optname:2
[   15.772659] firmadyne: sys_setsockopt[PID: 606 (fakedns)]: fd:6, level:41, optname:26
[   15.773174] firmadyne: sys_setsockopt[PID: 606 (fakedns)]: fd:7, level:41, optname:26
[   15.774161] firmadyne: sys_setsockopt[PID: 606 (fakedns)]: fd:6, level:41, optname:49
[   15.775230] firmadyne: sys_setsockopt[PID: 606 (fakedns)]: fd:4, level:1, optname:2
[   15.775468] firmadyne: sys_setsockopt[PID: 606 (fakedns)]: fd:4, level:0, optname:8
[   15.775861] firmadyne: inet_bind[PID: 606 (fakedns)]: proto:SOCK_DGRAM, port:63481
[   15.785958] firmadyne: sys_socket[PID: 608 (fakedns)]: family:1, type:2, protocol:0
[   15.800198] firmadyne: sys_socket[PID: 271 (logd)]: family:1, type:1, protocol:0
[   15.819347] firmadyne: sys_socket[PID: 286 (gpiod)]: family:2, type:2, protocol:0
ioctl fail
[   15.853913] firmadyne: sys_socket[PID: 616 (xmldbc)]: family:1, type:1, protocol:0
[   15.932501] firmadyne: sys_socket[PID: 618 (service)]: family:1, type:1, protocol:0
[   15.942249] firmadyne: sys_socket[PID: 620 (event)]: family:1, type:1, protocol:0
 SERVD: start service [PHYINF.ETH-1]
 [   15.972520] firmadyne: sys_socket[PID: 623 (event)]: family:1, type:1, protocol:0
 [   16.005726] firmadyne: sys_socket[PID: 627 (xmldbc)]: family:1, type:1, protocol:0
[   16.010798] firmadyne: sys_socket[PID: 628 (event)]: family:1, type:1, protocol:0
 [   16.064898] firmadyne: sys_socket[PID: 629 (event)]: family:1, type:1, protocol:0
 [   16.090712] firmadyne: sys_socket[PID: 630 (event)]: family:1, type:1, protocol:0
 [   16.117406] firmadyne: sys_socket[PID: 631 (event)]: family:1, type:1, protocol:0
 [   16.157492] firmadyne: sys_socket[PID: 632 (event)]: family:1, type:1, protocol:0
 [   16.184315] firmadyne: sys_socket[PID: 633 (event)]: family:1, type:1, protocol:0
[   16.190980] firmadyne: sys_socket[PID: 635 (event)]: family:1, type:1, protocol:0
  SERVD: start service [PHYINF.ETH-2]
[/etc/init0.d/S42event.sh]: start ...
[   16.249577] firmadyne: sys_socket[PID: 648 (xmldbc)]: family:1, type:1, protocol:0
[   16.284165] firmadyne: sys_socket[PID: 651 (event)]: family:1, type:1, protocol:0
 [/etc/init0.d/S42pthrough.sh]: start ...
[   16.364245] firmadyne: sys_socket[PID: 660 (service)]: family:1, type:1, protocol:0
 [   16.400088] firmadyne: sys_socket[PID: 665 (event)]: family:1, type:1, protocol:0
 [/etc/init0.d/S43checkfw.sh]: start ...
SERVD: start service [PHYINF.ETH-3]
[   16.447259] firmadyne: sys_socket[PID: 673 (xmldbc)]: family:1, type:1, protocol:0
[   16.458245] firmadyne: sys_socket[PID: 677 (xmldbc)]: family:1, type:1, protocol:0
[   16.478784] firmadyne: sys_socket[PID: 679 (event)]: family:1, type:1, protocol:0
 [   16.562206] firmadyne: sys_socket[PID: 687 (xmldbc)]: family:1, type:1, protocol:0
[   16.612626] firmadyne: sys_socket[PID: 689 (ip)]: family:16, type:3, protocol:0
[   16.613198] firmadyne: sys_setsockopt[PID: 689 (ip)]: fd:8, level:1, optname:7
[   16.619087] firmadyne: sys_setsockopt[PID: 689 (ip)]: fd:8, level:1, optname:8
[   16.629273] firmadyne: sys_socket[PID: 689 (ip)]: family:2, type:1, protocol:0
[   16.662479] firmadyne: sys_socket[PID: 693 (slinktype)]: family:2, type:2, protocol:0
ioctl fail
[/etc/init0.d/S43mydlinkevent.sh]: start ...
[   16.669788] firmadyne: sys_socket[PID: 693 (slinktype)]: family:2, type:2, protocol:0
ioctl fail
[   16.670253] firmadyne: sys_socket[PID: 693 (slinktype)]: family:2, type:2, protocol:0
ioctl fail
[   16.670679] firmadyne: sys_socket[PID: 693 (slinktype)]: family:2, type:2, protocol:0
ioctl fail
[   16.671129] firmadyne: sys_socket[PID: 693 (slinktype)]: family:2, type:2, protocol:0
ioctl fail
[   16.671482] firmadyne: sys_socket[PID: 693 (slinktype)]: family:2, type:2, protocol:0
ioctl fail
setlinktype: port4 type:0
[   16.686972] firmadyne: sys_socket[PID: 696 (event)]: family:1, type:1, protocol:0
 [   16.701173] firmadyne: sys_socket[PID: 698 (event)]: family:1, type:1, protocol:0
 [   16.711756] firmadyne: sys_socket[PID: 699 (event)]: family:1, type:1, protocol:0
 [   16.719899] firmadyne: sys_socket[PID: 700 (event)]: family:1, type:1, protocol:0
 [   16.731911] firmadyne: sys_socket[PID: 701 (event)]: family:1, type:1, protocol:0
 [   16.744979] firmadyne: sys_socket[PID: 702 (service)]: family:1, type:1, protocol:0
 [   16.761003] firmadyne: sys_socket[PID: 704 (xmldbc)]: family:1, type:1, protocol:0
[   16.793436] firmadyne: sys_socket[PID: 706 (arpmonitor)]: family:1, type:1, protocol:0
[   16.797743] firmadyne: sys_socket[PID: 706 (arpmonitor)]: family:17, type:3, protocol:1544
[   16.798781] firmadyne: sys_socket[PID: 706 (arpmonitor)]: family:2, type:2, protocol:0
[   16.799227] firmadyne: sys_socket[PID: 706 (arpmonitor)]: family:2, type:2, protocol:0
[   16.800008] firmadyne: sys_socket[PID: 706 (arpmonitor)]: family:2, type:2, protocol:0
[   16.800274] firmadyne: sys_setsockopt[PID: 706 (arpmonitor)]: fd:6, level:1, optname:2
[   16.800501] firmadyne: inet_bind[PID: 706 (arpmonitor)]: proto:SOCK_DGRAM, port:0
[   16.800819] firmadyne: sys_socket[PID: 706 (arpmonitor)]: family:10, type:3, protocol:58
[   16.801216] firmadyne: sys_setsockopt[PID: 706 (arpmonitor)]: fd:7, level:41, optname:49
[   16.801492] firmadyne: sys_setsockopt[PID: 706 (arpmonitor)]: fd:7, level:58, optname:1
[   16.811401] firmadyne: sys_socket[PID: 706 (arpmonitor)]: family:17, type:3, protocol:1544
[   16.811768] firmadyne: sys_socket[PID: 706 (arpmonitor)]: family:2, type:2, protocol:0
[   16.812044] firmadyne: sys_socket[PID: 706 (arpmonitor)]: family:2, type:2, protocol:0
[   16.812305] firmadyne: sys_socket[PID: 706 (arpmonitor)]: family:2, type:2, protocol:0
[   16.812503] firmadyne: sys_setsockopt[PID: 706 (arpmonitor)]: fd:9, level:1, optname:2
[   16.812685] firmadyne: inet_bind[PID: 706 (arpmonitor)]: proto:SOCK_DGRAM, port:0
[   16.812863] firmadyne: sys_socket[PID: 706 (arpmonitor)]: family:10, type:3, protocol:58
[   16.813068] firmadyne: sys_setsockopt[PID: 706 (arpmonitor)]: fd:10, level:41, optname:49
[   16.816865] firmadyne: sys_setsockopt[PID: 706 (arpmonitor)]: fd:10, level:58, optname:1
[   16.821286] firmadyne: sys_socket[PID: 286 (gpiod)]: family:2, type:2, protocol:0
ioctl fail
[/etc/init0.d/S51wlan.sh]: start ...
[   16.845669] firmadyne: sys_socket[PID: 721 (service)]: family:1, type:1, protocol:0
 [   16.856034] firmadyne: sys_socket[PID: 722 (event)]: family:1, type:1, protocol:0
 [   16.882255] firmadyne: sys_socket[PID: 728 (xmldbc)]: family:1, type:1, protocol:0
[   17.063539] firmadyne: sys_socket[PID: 740 (xmldbc)]: family:1, type:1, protocol:0
[   17.094042] cfg80211: Calling CRDA to update world regulatory domain
nvram_set: devpath1 = "pcie/1/4"
sem_lock: Triggering NVRAM initialization!
nvram_init: Initializing NVRAM...
sem_get: Key: 4101c005
sem_get: Key: 410f0524
nvram_set_default_builtin: Setting built-in default values!
nvram_set: console_loglevel = "7"
sem_get: Key: 410f0524
sem_get: Key: 410f0524
nvram_set: restore_defaults = "1"
sem_get: Key: 410f0524
sem_get: Key: 410f0524
nvram_set: sku_name = ""
sem_get: Key: 410f0524
sem_get: Key: 410f0524
nvram_set: wla_wlanstate = ""
sem_get: Key: 410f0524
sem_get: Key: 410f0524
nvram_set: lan_if = "br0"
sem_get: Key: 410f0524
sem_get: Key: 410f0524
nvram_set: lan_ipaddr = "192.168.0.50"
sem_get: Key: 410f0524
sem_get: Key: 410f0524
nvram_set: lan_bipaddr = "192.168.0.255"
sem_get: Key: 410f0524
sem_get: Key: 410f0524
nvram_set: lan_netmask = "255.255.255.0"
sem_get: Key: 410f0524
sem_get: Key: 410f0524
nvram_set: time_zone = "EST5EDT"
sem_get: Key: 410f0524
sem_get: Key: 410f0524
nvram_set: wan_hwaddr_def = "01:23:45:67:89:ab"
sem_get: Key: 410f0524
sem_get: Key: 410f0524
nvram_set: wan_ifname = "eth0"
sem_get: Key: 410f0524
sem_get: Key: 410f0524
nvram_set: lan_ifnames = "eth1 eth2 eth3 eth4"
sem_get: Key: 410f0524
sem_get: Key: 410f0524
nvram_set: ethConver = "1"
sem_get: Key: 410f0524
sem_get: Key: 410f0524
nvram_set: lan_proto = "dhcp"
sem_get: Key: 410f0524
sem_get: Key: 410f0524
nvram_set: wan_ipaddr = "0.0.0.0"
sem_get: Key: 410f0524
sem_get: Key: 410f0524
nvram_set: wan_netmask = "255.255.255.0"
sem_get: Key: 410f0524
sem_get: Key: 410f0524
nvram_set: wanif = "eth0"
sem_get: Key: 410f0524
sem_get: Key: 410f0524
nvram_set: time_zone_x = "0"
sem_get: Key: 410f0524
sem_get: Key: 410f0524
nvram_set: rip_multicast = "0"
sem_get: Key: 410f0524
sem_get: Key: 410f0524
nvram_set: bs_trustedip_enable = "0"
sem_get: Key: 410f0524
sem_get: Key: 410f0524
nvram_set_default: Loading built-in default values = 1!
nvram_set_default: Checking for symbol "router_defaults"...
nvram_set_default: Checking for symbol "Nvrams"...
nvram_set_default_image: Copying overrides from defaults folder!
sem_get: Key: 410f0524
cp: cannot stat '/firmadyne/libnvram.override/*': No such file or directory
sem_get: Key: 410f0524
sem_get: Key: 410f0524
sem_get: Key: 410f0524
nvram_set: 1:devpath1 = "sb/1/"
sem_lock: Already initialized!
sem_get: Key: 410f0524
sem_get: Key: 410f0524
nvram_set: 1:boardrev = "0x1421"
sem_lock: Already initialized!
sem_get: Key: 410f0524
sem_get: Key: 410f0524
nvram_set: 1:sromrev = "11"
sem_lock: Already initialized!
sem_get: Key: 410f0524
sem_get: Key: 410f0524
nvram_set: 1:venid = "0x14E4"
sem_lock: Already initialized!
sem_get: Key: 410f0524
sem_get: Key: 410f0524
nvram_set: 1:devid = "0x43BB"
sem_lock: Already initialized!
sem_get: Key: 410f0524
sem_get: Key: 410f0524
nvram_set: 1:xtalfreq = "40000"
sem_lock: Already initialized!
sem_get: Key: 410f0524
sem_get: Key: 410f0524
nvram_set: 1:boardflags = "0x20001000"
sem_lock: Already initialized!
sem_get: Key: 410f0524
sem_get: Key: 410f0524
nvram_set: 1:boardflags2 = "0x00000002"
sem_lock: Already initialized!
sem_get: Key: 410f0524
sem_get: Key: 410f0524
nvram_set: 1:boardflags3 = "0x04000005"
sem_lock: Already initialized!
sem_get: Key: 410f0524
sem_get: Key: 410f0524
nvram_set: 1:aa2g = "7"
sem_lock: Already initialized!
sem_get: Key: 410f0524
sem_get: Key: 410f0524
nvram_set: 1:txchain = "7"
sem_lock: Already initialized!
sem_get: Key: 410f0524
sem_get: Key: 410f0524
nvram_set: 1:rxchain = "7"
sem_lock: Already initialized!
sem_get: Key: 410f0524
sem_get: Key: 410f0524
nvram_set: 1:antswitch = "0"
sem_lock: Already initialized!
sem_get: Key: 410f0524
sem_get: Key: 410f0524
nvram_set: 1:temps_period = "5"
sem_lock: Already initialized!
sem_get: Key: 410f0524[   17.702488] firmadyne: sys_socket[PID: 763 (event)]: family:1, type:1, protocol:0

sem_get: Key: 410f0524
 nvram_set: SERVD: start service [BRIDGE]
1:tempthresh = "120"
sem_lock: Already initialized!
sem_get: Key: 410f0524
sem_get: Key: 410f0524
[   17.760631] firmadyne: sys_socket[PID: 771 (xmldbc)]: family:1, type:1, protocol:0
nvram_set: 1:temps_hysteresis = "5"
sem_lock: Already initialized!
sem_get: Key: 410f0524
sem_get: Key: 410f0524
nvram_set: 1:phycal_tempdelta = "0"
sem_lock: Already initialized!
sem_get: Key: 410f0524
sem_get: Key: 410f0524
[   17.822561] firmadyne: sys_socket[PID: 286 (gpiod)]: family:2, type:2, protocol:0
ioctl fail
nvram_set: 1:tempoffset = "0"
sem_lock: Already initialized!
sem_get: Key: 410f0524
sem_get: Key: 410f0524
nvram_set: 1:tssiposslope2g = "1"
sem_lock: Already initialized!
sem_get: Key: 410f0524
sem_get: Key: 410f0524
nvram_set: 1:femctrl = "3"
sem_lock: Already initialized!
[   17.915021] firmadyne: sys_socket[PID: 777 (service)]: family:1, type:1, protocol:0
 sem_get: Key: 410f0524
sem_get: Key: 410f0524
[   17.932240] firmadyne: sys_socket[PID: 778 (service)]: family:1, type:1, protocol:0
 nvram_set: 1:papdcap2g = "0"
sem_lock: Already initialized!
sem_get: Key: BRIDGE: The device is not in the bridge mode.
SERVD: start service [LAN]
410f0524
sem_get: Key: 410f0524
nvram_set: 1:tworangetssi2g = "0"
sem_lock: Already initialized!
sem_get: Key: 410f0524
sem_get: Key: 410f0524
[   18.001759] firmadyne: sys_socket[PID: 787 (xmldbc)]: family:1, type:1, protocol:0
nvram_set: 1:pdgain2g = "21"
sem_lock: Already initialized!
sem_get: Key: 410f0524
sem_get: Key: 410f0524
nvram_set: 1:epagain2g = "0"
sem_lock: Already initialized!
sem_get: Key: 410f0524
sem_get: Key: 410f0524
nvram_set: 1:gainctrlsph = "0"
sem_lock: Already initialized!
sem_get: Key: 410f0524
sem_get: Key: 410f0524
nvram_set: 1:rxgains2gelnagaina0 = "4"
sem_lock: Already initialized!
sem_get: Key: 410f0524
sem_get: Key: 410f0524
[   18.181373] firmadyne: sys_socket[PID: 794 (service)]: family:1, type:1, protocol:0
nvram_set: 1:rxgains2gtrelnabypa0 = "1"
sem_lock: Already initialized!
sem_get: Key: 410f0524
sem_get: Key: 410f0524
 [   18.207026] firmadyne: sys_socket[PID: 796 (service)]: family:1, type:1, protocol:0
 nvram_set: 1:rxgains2gtrisoa0 = "7"
sem_lock: Already initialized!
sem_get: Key: 410f0524
sem_get: Key: 410f0524
[   18.230756] firmadyne: sys_socket[PID: 798 (service)]: family:1, type:1, protocol:0
nvram_set: 1:rxgains2gelnagaina1 = "4"
sem_lock: Already initialized!
sem_get: Key: 410f0524
sem_get: Key: 410f0524
 nvram_set: 1:rxgains2gtrelnabypa1 = "1"
sem_lock: Already initialized!
sem_get: Key: 410f0524
sem_get: Key: 410f0524
[   18.260283] firmadyne: sys_socket[PID: 801 (service)]: family:1, type:1, protocol:0
nvram_set: 1:rxgains2gtrisoa1 = "7"
sem_lock: Already initialized!
 sem_get: Key: 410f0524
sem_get: Key: 410f0524
[   18.283899] firmadyne: sys_socket[PID: 804 (service)]: family:1, type:1, protocol:0
 nvram_set: 1:rxgains2gelnagaina2 = "4"
sem_lock: Already initialized!
sem_get: Key: 410f0524
[   18.313059] firmadyne: sys_socket[PID: 806 (service)]: family:1, type:1, protocol:0
 sem_get: Key: 410f0524
nvram_set: 1:rxgains2gtrelnabypa2 = "1"
sem_lock: Already initialized!
sem_get: Key: 410f0524
sem_get: Key: 410f0524
[   18.353537] firmadyne: sys_socket[PID: 810 (service)]: family:1, type:1, protocol:0
 nvram_set: 1:rxgains2gtrisoa2 = "7"
sem_lock: Already initialized!
sem_get: Key: 410f0524
[   18.385147] firmadyne: sys_socket[PID: 812 (service)]: family:1, type:1, protocol:0
 sem_get: Key: 410f0524
nvram_set: 1:maxp2ga0 = "0x6a"
sem_lock: Already initialized!
sem_get: Key: 410f0524
[   18.423732] firmadyne: sys_socket[PID: 815 (service)]: family:1, type:1, protocol:0
 [   18.432479] firmadyne: sys_socket[PID: 816 (service)]: family:1, type:1, protocol:0
sem_get: Key: 410f0524
 nvram_set: 1:maxp2ga1 = "0x6a"
sem_lock: Already initialized!
sem_get: Key: 410f0524
sem_get: Key: 410f0524
[   18.466039] firmadyne: sys_socket[PID: 819 (service)]: family:1, type:1, protocol:0
nvram_set: 1:maxp2ga2 = "0x6a"
 sem_lock: Already initialized!
sem_get: Key: 410f0524
sem_get: Key: 410f0524
[   18.491392] firmadyne: sys_socket[PID: 821 (service)]: family:1, type:1, protocol:0
nvram_set: 1:pa2ga0 = "0xff2e,0x1c46,0xfc95"
 sem_lock: Already initialized!
sem_get: Key: 410f0524
sem_get: Key: 410f0524
[   18.548009] firmadyne: sys_socket[PID: 824 (service)]: family:1, type:1, protocol:0
 nvram_set: 1:pa2ga1 = "0xff37,0x1d02,0xfc90"
sem_lock: Already initialized!
sem_get: Key: 410f0524
sem_get: Key: 410f0524
nvram_set: [   18.644835] firmadyne: sys_socket[PID: 826 (service)]: family:1, type:1, protocol:0
 1:pa2ga2 = "0xff2f,0x1d24,0xfc7f"
sem_lock: Already initialized!
sem_get: Key: 410f0524
sem_get: Key: 410f0524
[   18.665547] firmadyne: sys_socket[PID: 828 (service)]: family:1, type:1, protocol:0
 nvram_set: 1:pdoffset2g40ma0 = "0"
[   18.692323] firmadyne: sys_socket[PID: 830 (service)]: family:1, type:1, protocol:0
sem_lock: Already initialized!
sem_get: Key: 410f0524
sem_get: Key: 410f0524
 [   18.722430] firmadyne: sys_socket[PID: 832 (service)]: family:1, type:1, protocol:0
nvram_set: 1:pdoffset2g40ma1 = "0"
sem_lock: Already initialized!
sem_get: Key: 410f0524
sem_get: Key: 410f0524
 [   18.752268] firmadyne: sys_socket[PID: 834 (service)]: family:1, type:1, protocol:0
nvram_set: 1:pdoffset2g40ma2 = "0"
sem_lock: Already initialized!
sem_get: Key: 410f0524
sem_get: Key: 410f0524
 [   18.785764] firmadyne: sys_socket[PID: 835 (service)]: family:1, type:1, protocol:0
 [   18.802555] firmadyne: sys_socket[PID: 837 (service)]: family:1, type:1, protocol:0
nvram_set: 1:pdoffset2g40mvalid = "1"
sem_lock: Already initialized!
sem_get: Key: 410f0524
sem_get: Key: 410f0524
[   18.823885] firmadyne: sys_socket[PID: 286 (gpiod)]: family:2, type:2, protocol:0
ioctl fail
 [   18.837424] firmadyne: sys_socket[PID: 839 (service)]: family:1, type:1, protocol:0
nvram_set: 1:cckbw202gpo = "0x0000"
 sem_lock: Already initialized!
sem_get: Key: 410f0524
sem_get: Key: 410f0524
[   18.859739] firmadyne: sys_socket[PID: 840 (service)]: family:1, type:1, protocol:0
 nvram_set: 1:cckbw20ul2gpo = "0x0000"
sem_lock: Already initialized!
sem_get: Key: 410f0524
sem_get: Key: 410f0524
[   18.892607] firmadyne: sys_socket[PID: 842 (service)]: family:1, type:1, protocol:0
nvram_set: 1:mcsbw202gpo = "0xFECA6400"
sem_lock: Already initialized!
sem_get: Key: 410f0524
 sem_get: Key: 410f0524
[   18.926530] firmadyne: sys_socket[PID: 844 (service)]: family:1, type:1, protocol:0
 nvram_set[   18.952573] firmadyne: sys_socket[PID: 846 (service)]: family:1, type:1, protocol:0
: 1:mcsbw402gpo = "0xEEEEEEEE"
sem_lock: Already initialized!
sem_get: Key: 410f0524
sem_get: Key: 410f0524
nvram_set: 1:ofdmlrbw202gpo = "0x0000"
sem_lock: Already initialized!
sem_get: Key: 410f0524
 sem_get: Key: 410f0524
[   19.006771] firmadyne: sys_socket[PID: 848 (service)]: family:1, type:1, protocol:0
 nvram_set: 1:dot11agofdmhrbw202gpo = "0x8640"
sem_lock: Already initialized!
sem_get: Key: 410f0524
sem_get: Key: 410f0524
[   19.032468] firmadyne: sys_socket[PID: 850 (service)]: family:1, type:1, protocol:0
nvram_set: 1:dot11agduplrpo = "0xC0000"
sem_lock: Already initialized!
sem_get: Key: 410f0524
sem_get: Key:  [   19.069837] firmadyne: sys_socket[PID: 852 (service)]: family:1, type:1, protocol:0
410f0524
 nvram_set: 1:dot11agduphrpo = "0x0000"
sem_lock: Already initialized!
sem_get: Key: 410f0524
SERVD: start service [WAN]
sem_get: Key: 410f0524
nvram_set: 1:agbg0 = "0x0"
sem_lock: Already initialized!
sem_get: Key: 410f0524
sem_get: Key: 410f0524
[   19.186236] firmadyne: sys_socket[PID: 860 (xmldbc)]: family:1, type:1, protocol:0
nvram_set: 1:agbg1 = "0x0"
sem_lock: Already initialized!
sem_get: Key: 410f0524
sem_get: Key: 410f0524
nvram_set: 1:agbg2 = "0x0"
sem_lock: Already initialized!
sem_get: Key: 410f0524
sem_get: Key: 410f0524
nvram_set: 1:rxgainerr2ga0 = "63"
sem_lock: Already initialized!
sem_get: Key: 410f0524
sem_get: Key: 410f0524
nvram_set: 1:rxgainerr2ga1 = "31"
sem_lock: Already initialized!
sem_get: Key: 410f0524
sem_get: Key: 410f0524
nvram_set: 1:rxgainerr2ga2 = "31"
sem_lock: Already initialized!
sem_get: Key: 410f0524
sem_get: Key: 410f0524
nvram_set: 1:rpcal2g = "0"
sem_lock: Already initialized!
sem_get: Key: 410f0524
sem_get: Key: 410f0524
[   19.464050] firmadyne: sys_socket[PID: 870 (service)]: family:1, type:1, protocol:0
 [   19.504012] firmadyne: sys_socket[PID: 871 (service)]: family:1, type:1, protocol:0
[: : unknown operand
 nvram_set: devpath0 = "pcie/1/3"
sem_lock: Already initialized!
sem_get: Key: 410f0524
sem_get: Key: 410f0524
[   19.547121] firmadyne: sys_socket[PID: 875 (service)]: family:1, type:1, protocol:0
 [   19.573736] firmadyne: sys_socket[PID: 876 (service)]: family:1, type:1, protocol:0
nvram_set: 0:devpath0 = "sb/1/"
sem_lock: Already initialized!
sem_get: Key: 410f0524
 sem_get: Key: 410f0524
[   19.608078] firmadyne: sys_socket[PID: 879 (service)]: family:1, type:1, protocol:0
 nvram_set: 0:boardrev = "0x1421"
sem_lock: Already initialized!
sem_get: Key: 410f0524
sem_get: Key: 410f0524
[   19.625031] firmadyne: sys_socket[PID: 881 (service)]: family:1, type:1, protocol:0
 nvram_set: 0:sromrev = "11"
sem_lock: Already initialized!
sem_get: Key: 410f0524
[   19.650822] firmadyne: sys_socket[PID: 884 (service)]: family:1, type:1, protocol:0
sem_get: Key: 410f0524
 [   19.672988] firmadyne: sys_socket[PID: 886 (service)]: family:1, type:1, protocol:0
nvram_set: 0:venid = "0x14E4"
sem_lock: Already initialized!
sem_get: Key: 410f0524
 sem_get: Key: 410f0524
[   19.695309] firmadyne: sys_socket[PID: 888 (service)]: family:1, type:1, protocol:0
nvram_set: 0:devid = "0x43BC"
sem_lock: Already initialized!
sem_get: Key: 410f0524
 sem_get: Key: 410f0524
nvram_set: 0:xtalfreq = "40000"
sem_lock: Already initialized!
sem_get: Key: 410f0524
sem_get: Key: 410f0524
[   19.724920] firmadyne: sys_socket[PID: 890 (service)]: family:1, type:1, protocol:0
nvram_set: 0:boardflags = "0x10000000"
 sem_lock: Already initialized!
sem_get: Key: 410f0524
sem_get: Key: 410f0524
[   19.749397] firmadyne: sys_socket[PID: 894 (service)]: family:1, type:1, protocol:0
 nvram_set: 0:boardflags2 = "0x00000002"
sem_lock: Already initialized!
sem_get: Key: 410f0524
sem_get: Key: 410f0524
[   19.779171] firmadyne: sys_socket[PID: 896 (service)]: family:1, type:1, protocol:0
nvram_set: 0:boardflags3 = "0x00000000"
sem_lock: Already initialized!
 sem_get: Key: 410f0524
sem_get: Key: 410f0524
[   19.810544] firmadyne: sys_socket[PID: 899 (service)]: family:1, type:1, protocol:0
nvram_set: 0:aa5g = "7"
sem_lock: Already initialized!
sem_get: Key: 410f0524
sem_get: Key: 410f0524
 [   19.826603] firmadyne: sys_socket[PID: 286 (gpiod)]: family:2, type:2, protocol:0
ioctl fail
nvram_set[   19.846551] firmadyne: sys_socket[PID: 902 (service)]: family:1, type:1, protocol:0
 : 0:txchain = "7"
[   19.862611] firmadyne: sys_socket[PID: 903 (service)]: family:1, type:1, protocol:0
sem_lock: Already initialized!
sem_get: Key: 410f0524
sem_get: Key: 410f0524
 nvram_set: 0:rxchain = "7"
sem_lock: Already initialized!
sem_get: Key: 410f0524
[   19.892806] firmadyne: sys_socket[PID: 905 (service)]: family:1, type:1, protocol:0
sem_get: Key: 410f0524
 nvram_set: 0:antswitch = "0"
sem_lock: Already initialized!
sem_get: Key: 410f0524
sem_get: Key: 410f0524
[   19.925034] firmadyne: sys_socket[PID: 907 (service)]: family:1, type:1, protocol:0
 nvram_set: 0:subband5gver = "4"
[   19.952457] firmadyne: sys_socket[PID: 909 (service)]: family:1, type:1, protocol:0
sem_lock: Already initialized!
sem_get: Key: 410f0524
sem_get: Key: 410f0524
 nvram_set: 0:temps_period = "5"
[   19.980641] firmadyne: sys_socket[PID: 911 (service)]: family:1, type:1, protocol:0
 sem_lock: Already initialized!
sem_get: Key: 410f0524
sem_get: Key: 410f0524
[   20.008672] firmadyne: sys_socket[PID: 912 (service)]: family:1, type:1, protocol:0
 nvram_set: 0:tempthresh = "120"
sem_lock: Already initialized!
sem_get: Key: 410f0524
[   20.027165] firmadyne: sys_socket[PID: 914 (service)]: family:1, type:1, protocol:0
 sem_get: Key: 410f0524
[   20.038438] firmadyne: sys_socket[PID: 915 (service)]: family:1, type:1, protocol:0
 nvram_set: 0:temps_hysteresis = "5"
sem_lock: Already initialized!
sem_get: Key: 410f0524
sem_get: Key: 410f0524
[   20.061367] firmadyne: sys_socket[PID: 917 (service)]: family:1, type:1, protocol:0
nvram_set: 0:phycal_tempdelta = "0"
sem_lock: Already initialized!
sem_get: Key: 410f0524
sem_get: Key: 410f0524
 [   20.096926] firmadyne: sys_socket[PID: 920 (service)]: family:1, type:1, protocol:0
 nvram_set: 0:tempoffset = "0"
sem_lock: Already initialized!
sem_get: Key: 410f0524
sem_get: Key: 410f0524
[   20.118154] firmadyne: sys_socket[PID: 921 (service)]: family:1, type:1, protocol:0
 [   20.142523] firmadyne: sys_socket[PID: 923 (service)]: family:1, type:1, protocol:0
nvram_set: 0:femctrl = "6"
sem_lock: Already initialized!
sem_get: Key: 410f0524
sem_get: Key: 410f0524
 [   20.172454] firmadyne: sys_socket[PID: 925 (service)]: family:1, type:1, protocol:0
nvram_set: 0:tssiposslope5g = "1"
sem_lock: Already initialized!
sem_get: Key: 410f0524
sem_get: Key: 410f0524
 SERVD: start service [INFSVCS.BRIDGE-1]
nvram_set: 0:gainctrlsph = "0"
sem_lock: Already initialized!
sem_get: Key: 410f0524
sem_get: Key: 410f0524
nvram_set: 0:papdcap5g = "0"
[   20.244054] cfg80211: Calling CRDA to update world regulatory domain
[   20.255414] firmadyne: sys_socket[PID: 932 (xmldbc)]: family:1, type:1, protocol:0
sem_lock: Already initialized!
sem_get: Key: 410f0524
sem_get: Key: 410f0524
nvram_set: 0:tworangetssi5g = "0"
sem_lock: Already initialized!
sem_get: Key: 410f0524
sem_get: Key: 410f0524
nvram_set: 0:pdgain5g = "19"
sem_lock: Already initialized!
sem_get: Key: 410f0524
sem_get: Key: 410f0524
nvram_set: 0:epagain5g = "0"
sem_lock: Already initialized!
sem_get: Key: 410f0524
sem_get: Key: 410f0524
nvram_set: NULL key or value!
nvram_set: 0:rxgains5gelnagaina0 = "infsvcs_setup: (BRIDGE-1) not exist.
3"
sem_lock: Already initialized!
sem_get: Key: 410f0524
sem_get: Key: 410f0524
SERVD: service [INFSVCS.BRIDGE-1] return error 9.
SERVD: start service [DEVICE.PASSTHROUGH]
nvram_set: NULL key or value!
nvram_set: 0:rxgains5gtrelnabypa0 = "1"
sem_lock: Already initialized!
sem_get: Key: 410f0524
sem_get: Key: 410f0524
[   20.452451] firmadyne: sys_socket[PID: 948 (xmldbc)]: family:1, type:1, protocol:0
nvram_set: 0:rxgains5gtrisoa0 = "6"
sem_lock: Already initialized!
sem_get: Key: 410f0524
sem_get: Key: 410f0524
nvram_set: 0:rxgains5gmelnagaina0 = "3"
sem_lock: Already initialized!
sem_get: Key: 410f0524
sem_get: Key: 410f0524
nvram_set: 0:rxgains5gmtrelnabypa0 = "1"
sem_lock: Already initialized!
sem_get: Key: 410f0524
sem_get: Key: 410f0524
nvram_set: 0:rxgains5gmtrisoa0 = "6"
sem_lock: Already initialized!
sem_get: Key: 410f0524
/proc/pthrough/ipv6: can't create
/proc/pthrough/pppoe: can't create
sem_get: Key: 410f0524
[   20.605053] firmadyne: sys_socket[PID: 956 (service)]: family:1, type:1, protocol:0
 [   20.619457] firmadyne: sys_socket[PID: 958 (service)]: family:1, type:1, protocol:0
nvram_set: 0:rxgains5ghelnagaina0 = "3"
sem_lock: Already initialized!
sem_get: Key: 410f0524
sem_get: Key: 410f0524
 [   20.652854] firmadyne: sys_socket[PID: 960 (service)]: family:1, type:1, protocol:0
nvram_set: 0:rxgains5ghtrelnabypa0 = "1"
sem_lock: Already initialized!
sem_get: Key: 410f0524
sem_get: Key: 410f0524
 [   20.682903] firmadyne: sys_socket[PID: 962 (service)]: family:1, type:1, protocol:0
nvram_set: 0:rxgains5ghtrisoa0 = "6"
 sem_lock: Already initialized!
sem_get: Key: 410f0524
sem_get: Key: 410f0524
[   20.707508] firmadyne: sys_socket[PID: 963 (service)]: family:1, type:1, protocol:0
 nvram_set: 0:rxgains5gelnagaina1 = "3"
[   20.732936] firmadyne: sys_socket[PID: 965 (service)]: family:1, type:1, protocol:0
sem_lock: Already initialized!
sem_get: Key: 410f0524
sem_get: Key: 410f0524
 SERVD: start service [MYDLINK.LOG]
nvram_set: 0:rxgains5gtrelnabypa1 = "1"
sem_lock: Already initialized!
sem_get: Key: 410f0524
sem_get: Key: 410f0524
nvram_set: 0:rxgains5gtrisoa1 = "6"
sem_lock: Already initialized!
sem_get: Key: 410f0524
sem_get: Key: 410f0524
[   20.797349] firmadyne: sys_socket[PID: 973 (xmldbc)]: family:1, type:1, protocol:0
[   20.828284] firmadyne: sys_socket[PID: 286 (gpiod)]: family:2, type:2, protocol:0
ioctl fail
SERVD: start service [WIFI.PHYINF]
nvram_set: 0:rxgains5gmelnagaina1 = "3"
sem_lock: Already initialized!
sem_get: Key: 410f0524
sem_get: Key: 410f0524
nvram_set: 0:rxgains5gmtrelnabypa1 = "1"
sem_lock: Already initialized!
sem_get: Key: 410f0524
sem_get: Key: 410f0524
SERVD: service [WIFI.PHYINF] return error 108.
SERVD: start service [IPTABLES]
nvram_set: 0:rxgains5gmtrisoa1 = "6"
sem_lock: Already initialized!
sem_get: Key: 410f0524
sem_get: Key: 410f0524
nvram_set: 0:rxgains5ghelnagaina1 = "3"
sem_lock: Already initialized!
sem_get: Key: 410f0524
sem_get: Key: 410f0524
[   20.909783] firmadyne: sys_socket[PID: 987 (xmldbc)]: family:1, type:1, protocol:0
nvram_set: 0:rxgains5ghtrelnabypa1 = "1"
sem_lock: Already initialized!
sem_get: Key: 410f0524
sem_get: Key: 410f0524
nvram_set: 0:rxgains5ghtrisoa1 = "6"
sem_lock: Already initialized!
sem_get: Key: 410f0524
sem_get: Key: 410f0524
nvram_set: 0:rxgains5gelnagaina2 = "3"
sem_lock: Already initialized!
sem_get: Key: 410f0524
sem_get: Key: 410f0524
nvram_set: 0:rxgains5gtrelnabypa2 = "1"
sem_lock: Already initialized!
sem_get: Key: 410f0524
sem_get: Key: 410f0524
nvram_set: 0:rxgains5gtrisoa2 = "6"
sem_lock: Already initialized!
sem_get: Key: 410f0524
sem_get: Key: 410f0524
nvram_set: 0:rxgains5gmelnagaina2 = "3"
sem_lock: Already initialized!
sem_get: Key: 410f0524
sem_get: Key: 410f0524
nvram_set: 0:rxgains5gmtrelnabypa2 = "1"
sem_lock: Already initialized!
sem_get: Key: 410f0524
sem_get: Key: 410f0524
[   21.304908] firmadyne: sys_socket[PID: 1001 (xmldbc)]: family:1, type:1, protocol:0
nvram_set: 0:rxgains5gmtrisoa2 = "6"
sem_lock: Already initialized!
sem_get: Key: 410f0524
sem_get: Key: 410f0524
nvram_set: 0:rxgains5ghelnagaina2 = "3"
sem_lock: Already initialized!
sem_get: Key: 410f0524
sem_get: Key: 410f0524
nvram_set: 0:rxgains5ghtrelnabypa2 = "1"
sem_lock: Already initialized!
sem_get: Key: 410f0524
sem_get: Key: 410f0524
nvram_set: 0:rxgains5ghtrisoa2 = "6"
sem_lock: Already initialized!
sem_get: Key: 410f0524
sem_get: Key: 410f0524
nvram_set: 0:maxp5ga0 = "0x5a,0x5a,0x5a,0x5a"
sem_lock: Already initialized!
sem_get: Key: 410f0524
sem_get: Key: 410f0524
[   21.466301] firmadyne: sys_socket[PID: 1016 (xmldbc)]: family:1, type:1, protocol:0
nvram_set: 0:maxp5ga1 = "0x5a,0x5a,0x5a,0x5a"
CONNTRACK_MAX=65536
sem_lock: Already initialized!
sem_get: Key: 410f0524
sem_get: Key: 410f0524
[   21.514246] firmadyne: sys_socket[PID: 1020 (xmldbc)]: family:1, type:1, protocol:0
nvram_set: 0:maxp5ga2 = "0x5a,0x5a,0x5a,0x5a"
sem_lock: Already initialized!
sem_get: Key: 410f0524
sem_get: Key: 410f0524
[   21.547247] firmadyne: sys_socket[PID: 1025 (xmldbc)]: family:1, type:1, protocol:0
nvram_set: 0:pa5ga0 = "0xff33,0x171d,0xfd29,0xff33,0x167f,0xfd3a,0xFF33,0x1A22,0xFCD6,0xFF32,0x19FC,0xFCDD"
sem_lock: Already initialized!
sem_get: Key: 410f0524
sem_get: Key: 410f0524
CONNTRACK_MIN=32768
nvram_set: 0:pa5ga1 = "0xff35,0x17a7,0xfd1d,0xff30,0x169d,0xfd31,0xFF2F,0x19B3,0xFCE2,0xFF2E,0x19EB,0xFCDA"
sem_lock: Already initialized!
sem_get: Key: 410f0524
sem_get: Key: 410f0524
[   21.612803] firmadyne: sys_socket[PID: 1033 (portt)]: family:1, type:2, protocol:0
nvram_set: 0:pa5ga2 = "0xff3a,0x1752,0xfd2e,0xff28,0x1612,0xfd3d,0xFF31,0x1A12,0xFCD7,0xFF31,0x19FE,0xFCDD"
sem_lock: Already initialized!
sem_get: Key: 410f0524
sem_get: Key: 410f0524
[   21.650668] firmadyne: sys_socket[PID: 1035 (iptables)]: family:2, type:3, protocol:255
[   21.670081] firmadyne: sys_socket[PID: 1035 (iptables)]: family:2, type:3, protocol:255
[   21.672989] firmadyne: sys_socket[PID: 1035 (iptables)]: family:2, type:3, protocol:255
nvram_set: 0:pdoffset40ma0 = "0x0044"
sem_lock: Already initialized!
sem_get: Key: 410f0524
sem_get: Key: 410f0524
[   21.685892] firmadyne: sys_socket[PID: 1035 (iptables)]: family:2, type:3, protocol:255
[   21.688779] firmadyne: sys_socket[PID: 1035 (iptables)]: family:2, type:3, protocol:255
[   21.695613] firmadyne: sys_socket[PID: 1035 (iptables)]: family:2, type:3, protocol:255
[   21.705898] firmadyne: sys_socket[PID: 1035 (iptables)]: family:2, type:3, protocol:255
nvram_set: 0:pdoffset40ma1 = "0x0044"
sem_lock: Already initialized!
sem_get[   21.715904] firmadyne: sys_socket[PID: 1035 (iptables)]: family:2, type:3, protocol:255
[   21.718472] firmadyne: sys_socket[PID: 1035 (iptables)]: family:2, type:3, protocol:255
: Key: 410f0524
sem_get: Key: 410f0524
[   21.735010] firmadyne: sys_socket[PID: 1035 (iptables)]: family:2, type:3, protocol:255
[   21.737740] firmadyne: sys_socket[PID: 1035 (iptables)]: family:2, type:3, protocol:255
[   21.738328] firmadyne: sys_socket[PID: 1035 (iptables)]: family:2, type:3, protocol:255
nvram_set: 0:pdoffset40ma2 = "0x0044"
[   21.745727] firmadyne: sys_socket[PID: 1035 (iptables)]: family:2, type:3, protocol:255
sem_lock: Already initialized!
sem_get: Key: 410f0524
sem_get: Key: 410f0524
[   21.765152] firmadyne: sys_socket[PID: 1035 (iptables)]: family:2, type:3, protocol:255
[   21.767812] firmadyne: sys_socket[PID: 1035 (iptables)]: family:2, type:3, protocol:255
nvram_set: 0:pdoffset80ma0 = "0x0011"
[   21.776015] firmadyne: sys_socket[PID: 1035 (iptables)]: family:2, type:3, protocol:255
[   21.776376] firmadyne: sys_socket[PID: 1035 (iptables)]: family:2, type:3, protocol:255
[   21.777933] firmadyne: sys_socket[PID: 1035 (iptables)]: family:2, type:3, protocol:255
[   21.783250] firmadyne: sys_setsockopt[PID: 1035 (iptables)]: fd:6, level:0, optname:64
sem_lock: Already initialized!
sem_get: Key: 410f0524
sem_get: Key: 410f0524
[   21.791124] firmadyne: sys_setsockopt[PID: 1035 (iptables)]: fd:6, level:0, optname:65
[   21.813177] firmadyne: sys_socket[PID: 1069 (iptables)]: family:2, type:3, protocol:255
nvram_set: 0:pdoffset80ma1 = "0x0011"
sem_lock: Already initialized!
sem_get: Key: 410f0524
sem_get: Key: 410f0524
[   21.826120] firmadyne: sys_socket[PID: 1069 (iptables)]: family:2, type:3, protocol:255
[   21.829749] firmadyne: sys_socket[PID: 1069 (iptables)]: family:2, type:3, protocol:255
[   21.830275] firmadyne: sys_socket[PID: 286 (gpiod)]: family:2, type:2, protocol:0
ioctl fail
[   21.845781] firmadyne: sys_socket[PID: 1069 (iptables)]: family:2, type:3, protocol:255
[   21.848177] firmadyne: sys_socket[PID: 1069 (iptables)]: family:2, type:3, protocol:255
nvram_set: 0:pdoffset80ma2 = "0x0011"
sem_lock: Already initialized!
[   21.855818] firmadyne: sys_socket[PID: 1069 (iptables)]: family:2, type:3, protocol:255
sem_get: Key: 410f0524
sem_get: Key: 410f0524
[   21.869338] firmadyne: sys_socket[PID: 1069 (iptables)]: family:2, type:3, protocol:255
[   21.885543] firmadyne: sys_socket[PID: 1069 (iptables)]: family:2, type:3, protocol:255
[   21.887940] firmadyne: sys_socket[PID: 1069 (iptables)]: family:2, type:3, protocol:255
nvram_set: 0:mcsbw205glpo = "0xeecc7530"
[   21.895903] firmadyne: sys_socket[PID: 1069 (iptables)]: family:2, type:3, protocol:255
sem_lock: Already initialized!
sem_get: Key: 410f0524
sem_get: Key: 410f0524
[   21.914509] firmadyne: sys_socket[PID: 1069 (iptables)]: family:2, type:3, protocol:255
[   21.914938] firmadyne: sys_socket[PID: 1069 (iptables)]: family:2, type:3, protocol:255
[   21.917484] firmadyne: sys_socket[PID: 1069 (iptables)]: family:2, type:3, protocol:255
nvram_set: 0:mcsbw205gmpo = "0xeecc7530"
sem_lock: Already initialized!
[   21.925736] firmadyne: sys_socket[PID: 1069 (iptables)]: family:2, type:3, protocol:255
sem_get: Key: 410f0524
sem_get: Key: 410f0524
[   21.931780] firmadyne: sys_socket[PID: 1069 (iptables)]: family:2, type:3, protocol:255
[   21.945755] firmadyne: sys_socket[PID: 1069 (iptables)]: family:2, type:3, protocol:255
[   21.946129] firmadyne: sys_socket[PID: 1069 (iptables)]: family:2, type:3, protocol:255
[   21.946677] firmadyne: sys_socket[PID: 1069 (iptables)]: family:2, type:3, protocol:255
[   21.947986] firmadyne: sys_setsockopt[PID: 1069 (iptables)]: fd:6, level:0, optname:64
[   21.948417] firmadyne: sys_setsockopt[PID: 1069 (iptables)]: fd:6, level:0, optname:65
[   21.956142] firmadyne: sys_socket[PID: 1102 (iptables)]: family:2, type:3, protocol:255
nvram_set: 0:mcsbw205ghpo = "0xeecc7530"
sem_lock: Already initialized!
sem_get: Key: 410f0524
[   21.966010] firmadyne: sys_socket[PID: 1102 (iptables)]: family:2, type:3, protocol:255
sem_get: Key: 410f0524
[   21.971960] firmadyne: sys_socket[PID: 1102 (iptables)]: family:2, type:3, protocol:255
[   21.985799] firmadyne: sys_socket[PID: 1102 (iptables)]: family:2, type:3, protocol:255
[   21.988266] firmadyne: sys_socket[PID: 1102 (iptables)]: family:2, type:3, protocol:255
nvram_set: 0:mcsbw405glpo = "0xfeca7531"
sem_lock: Already initialized!
[   21.995786] firmadyne: sys_socket[PID: 1102 (iptables)]: family:2, type:3, protocol:255
sem_get: Key: 410f0524
sem_get: Key: 410f0524
[   22.002699] firmadyne: sys_socket[PID: 1102 (iptables)]: family:2, type:3, protocol:255
[   22.015875] firmadyne: sys_socket[PID: 1102 (iptables)]: family:2, type:3, protocol:255
[   22.018249] firmadyne: sys_socket[PID: 1102 (iptables)]: family:2, type:3, protocol:255
nvram_set: 0:mcsbw405gmpo = "0xfeca7531"
[   22.025710] firmadyne: sys_socket[PID: 1102 (iptables)]: family:2, type:3, protocol:255
sem_lock: Already initialized!
sem_get: Key: 410f0524
sem_get: Key: 410f0524
[   22.033592] firmadyne: sys_socket[PID: 1102 (iptables)]: family:2, type:3, protocol:255
[   22.034012] firmadyne: sys_socket[PID: 1102 (iptables)]: family:2, type:3, protocol:255
nvram_set: 0:mcsbw405ghpo = "0xfeca7531"
[   22.045742] firmadyne: sys_socket[PID: 1102 (iptables)]: family:2, type:3, protocol:255
[   22.048168] firmadyne: sys_socket[PID: 1102 (iptables)]: family:2, type:3, protocol:255
sem_lock: Already initialized!
sem_get: Key: 410f0524
[   22.055899] firmadyne: sys_socket[PID: 1102 (iptables)]: family:2, type:3, protocol:255
sem_get: Key: 410f0524
[   22.061316] firmadyne: sys_socket[PID: 1102 (iptables)]: family:2, type:3, protocol:255
[   22.061663] firmadyne: sys_socket[PID: 1102 (iptables)]: family:2, type:3, protocol:255
[   22.062496] firmadyne: sys_socket[PID: 1102 (iptables)]: family:2, type:3, protocol:255
nvram_set: 0:mcsbw805glpo = "0xfeccccbb"
sem_lock: Already initialized!
sem_get: Key: 410f0524
sem_get: Key: 410f0524
iptables v1.4.7: can't initialize iptables table `nat': Table does not exist (do you need to insmod?)
Perhaps iptables or your kernel needs to be upgraded.
nvram_set: 0:mcsbw805gmpo = "0xfeccccbb"
sem_lock: Already initialized!
sem_get: Key: 410f0524
sem_get: Key: 410f0524
[   22.104831] firmadyne: sys_socket[PID: 1138 (iptables)]: family:2, type:3, protocol:255
[   22.107825] firmadyne: sys_socket[PID: 1138 (iptables)]: family:2, type:3, protocol:255
nvram_set: 0:mcsbw805ghpo[   22.115902] firmadyne: sys_socket[PID: 1138 (iptables)]: family:2, type:3, protocol:255
 = "0xfeccccbb"
sem_lock: Already initialized!
sem_get: Key: 410f0524
sem_get: Key: 410f0524
[   22.135716] firmadyne: sys_socket[PID: 1138 (iptables)]: family:2, type:3, protocol:255
[   22.138153] firmadyne: sys_socket[PID: 1138 (iptables)]: family:2, type:3, protocol:255
nvram_set: 0:mcslr5glpo = "0x0000"
[   22.145705] firmadyne: sys_socket[PID: 1138 (iptables)]: family:2, type:3, protocol:255
sem_lock: Already initialized!
sem_get: Key: 410f0524
sem_get: Key: 410f0524
nvram_set: 0:mcslr5gmpo = "0x0000"
sem_lock: Already initialized!
sem_get: Key: 410f0524
sem_get: Key: 410f0524
[   22.163764] firmadyne: sys_socket[PID: 1138 (iptables)]: family:2, type:3, protocol:255
[   22.176048] firmadyne: sys_socket[PID: 1138 (iptables)]: family:2, type:3, protocol:255
[   22.178493] firmadyne: sys_socket[PID: 1138 (iptables)]: family:2, type:3, protocol:255
nvram_set: 0:mcslr5ghpo = "0x0000"
[   22.185921] firmadyne: sys_socket[PID: 1138 (iptables)]: family:2, type:3, protocol:255
sem_lock: Already initialized!
sem_get: Key: 410f0524
sem_get: Key: 410f0524
[   22.195888] firmadyne: sys_socket[PID: 1138 (iptables)]: family:2, type:3, protocol:255
[   22.196294] firmadyne: sys_socket[PID: 1138 (iptables)]: family:2, type:3, protocol:255
[   22.205797] firmadyne: sys_socket[PID: 1138 (iptables)]: family:2, type:3, protocol:255
nvram_set: 0:sb20in40lrpo = "0x0000"
[   22.215888] firmadyne: sys_socket[PID: 1138 (iptables)]: family:2, type:3, protocol:255
sem_lock: Already initialized!
sem_get: Key: 410f0524
sem_get: Key: 410f0524
[   22.224320] firmadyne: sys_socket[PID: 1138 (iptables)]: family:2, type:3, protocol:255
nvram_set: 0:sb20in40hrpo = "0x0000"
[   22.231073] random: nonblocking pool is initialized
sem_lock: Already initialized!
sem_get: Key: 410f0524
sem_get: Key: 410f0524
[   22.236008] firmadyne: sys_socket[PID: 1138 (iptables)]: family:2, type:3, protocol:255
[   22.236345] firmadyne: sys_socket[PID: 1138 (iptables)]: family:2, type:3, protocol:255
[   22.237135] firmadyne: sys_socket[PID: 1138 (iptables)]: family:2, type:3, protocol:255
iptables v1.4.7: can't initialize iptables table `nat': Table does not exist (do you need to insmod?)
Perhaps iptables or your kernel needs to be upgraded.
[   22.260745] firmadyne: sys_socket[PID: 1176 (iptables)]: family:2, type:3, protocol:255
nvram_set: 0:sb20in80and160lr5glpo = "0x0000"
sem_lock: Already initialized!
sem_get: Key: 410f0524
sem_get: Key: 410f0524
[   22.274466] firmadyne: sys_socket[PID: 1176 (iptables)]: family:2, type:3, protocol:255
[   22.285882] firmadyne: sys_socket[PID: 1176 (iptables)]: family:2, type:3, protocol:255
nvram_set: 0:sb20in80and160lr5gmpo = "0x0000"
[   22.295801] firmadyne: sys_socket[PID: 1176 (iptables)]: family:2, type:3, protocol:255
[   22.298177] firmadyne: sys_socket[PID: 1176 (iptables)]: family:2, type:3, protocol:255
sem_lock: Already initialized!
sem_get: Key: 410f0524
sem_get: Key: 410f0524
[   22.306187] firmadyne: sys_socket[PID: 1176 (iptables)]: family:2, type:3, protocol:255
[   22.315876] firmadyne: sys_socket[PID: 1176 (iptables)]: family:2, type:3, protocol:255
nvram_set: 0:sb20in80and160lr5ghpo = "0x0000"
[   22.325852] firmadyne: sys_socket[PID: 1176 (iptables)]: family:2, type:3, protocol:255
sem_lock: Already initialized!
sem_get: Key: 410f0524
sem_get: Key: 410f0524
[   22.332978] firmadyne: sys_socket[PID: 1176 (iptables)]: family:2, type:3, protocol:255
nvram_set: 0:sb20in80and160hr5glpo = "0x0000"
sem_lock: Already initialized!
sem_get: Key: 410f0524
sem_get: Key: 410f0524
[   22.345060] firmadyne: sys_socket[PID: 1176 (iptables)]: family:2, type:3, protocol:255
[   22.355876] firmadyne: sys_socket[PID: 1176 (iptables)]: family:2, type:3, protocol:255
[   22.356293] firmadyne: sys_socket[PID: 1176 (iptables)]: family:2, type:3, protocol:255
nvram_set: 0:sb20in80and160hr5gmpo = "0x0000"
[   22.365768] firmadyne: sys_socket[PID: 1176 (iptables)]: family:2, type:3, protocol:255
[   22.368085] firmadyne: sys_socket[PID: 1176 (iptables)]: family:2, type:3, protocol:255
sem_lock: Already initialized!
sem_get: Key: 410f0524
sem_get: Key: 410f0524
[   22.376443] firmadyne: sys_socket[PID: 1176 (iptables)]: family:2, type:3, protocol:255
[   22.385783] firmadyne: sys_socket[PID: 1176 (iptables)]: family:2, type:3, protocol:255
[   22.386147] firmadyne: sys_socket[PID: 1176 (iptables)]: family:2, type:3, protocol:255
[   22.386952] firmadyne: sys_socket[PID: 1176 (iptables)]: family:2, type:3, protocol:255
nvram_set: 0:sb20in80and160hr5ghpo = "0x0000"
iptables v1.4.7: can't initialize iptables table `nat': Table does not exist (do you need to insmod?)
Perhaps iptables or your kernel needs to be upgraded.
sem_lock: Already initialized!
sem_get: Key: 410f0524
sem_get: Key: 410f0524
[   22.424611] firmadyne: sys_socket[PID: 1212 (iptables)]: family:2, type:3, protocol:255
[   22.427515] firmadyne: sys_socket[PID: 1212 (iptables)]: family:2, type:3, protocol:255
nvram_set: 0:sb40and80lr5glpo = "0x0000"
[   22.435865] firmadyne: sys_socket[PID: 1212 (iptables)]: family:2, type:3, protocol:255
sem_lock: Already initialized!
sem_get: Key: 410f0524
sem_get: Key: 410f0524
[   22.455458] firmadyne: sys_socket[PID: 1212 (iptables)]: family:2, type:3, protocol:255
[   22.457888] firmadyne: sys_socket[PID: 1212 (iptables)]: family:2, type:3, protocol:255
nvram_set: 0:sb40and80lr5gmpo = "0x0000"
[   22.465801] firmadyne: sys_socket[PID: 1212 (iptables)]: family:2, type:3, protocol:255
sem_lock: Already initialized!
sem_get: Key: 410f0524
sem_get: Key: 410f0524
[   22.472642] firmadyne: sys_socket[PID: 1212 (iptables)]: family:2, type:3, protocol:255
[   22.485452] firmadyne: sys_socket[PID: 1212 (iptables)]: family:2, type:3, protocol:255
[   22.487948] firmadyne: sys_socket[PID: 1212 (iptables)]: family:2, type:3, protocol:255
nvram_set: 0:sb40and80lr5ghpo = "0x0000"
[   22.495449] firmadyne: sys_socket[PID: 1212 (iptables)]: family:2, type:3, protocol:255
sem_lock: Already initialized!
sem_get: Key: 410f0524
sem_get: Key: 410f0524
[   22.502862] firmadyne: sys_socket[PID: 1212 (iptables)]: family:2, type:3, protocol:255
[   22.503420] firmadyne: sys_socket[PID: 1212 (iptables)]: family:2, type:3, protocol:255
[   22.515753] firmadyne: sys_socket[PID: 1212 (iptables)]: family:2, type:3, protocol:255
[   22.518049] firmadyne: sys_socket[PID: 1212 (iptables)]: family:2, type:3, protocol:255
nvram_set: 0:sb40and80hr5glpo = "0x0000"
[   22.525720] firmadyne: sys_socket[PID: 1212 (iptables)]: family:2, type:3, protocol:255
sem_lock: Already initialized!
sem_get: Key: 410f0524
sem_get: Key: 410f0524
[   22.544670] firmadyne: sys_socket[PID: 1212 (iptables)]: family:2, type:3, protocol:255
[   22.545042] firmadyne: sys_socket[PID: 1212 (iptables)]: family:2, type:3, protocol:255
[   22.545904] firmadyne: sys_socket[PID: 1212 (iptables)]: family:2, type:3, protocol:255
iptables v1.4.7: can't initialize iptables table `nat': Table does not exist (do you need to insmod?)
Perhaps iptables or your kernel needs to be upgraded.
nvram_set: 0:sb40and80hr5gmpo = "0x0000"
sem_lock: Already initialized!
sem_get: Key: 410f0524
sem_get: Key: 410f0524
[   22.573693] firmadyne: sys_socket[PID: 1248 (iptables)]: family:2, type:3, protocol:255
[   22.586106] firmadyne: sys_socket[PID: 1248 (iptables)]: family:2, type:3, protocol:255
nvram_set: 0:sb40and80hr5ghpo = "0x0000"
sem_lock: Already initialized![   22.595856] firmadyne: sys_socket[PID: 1248 (iptables)]: family:2, type:3, protocol:255
[   22.598233] firmadyne: sys_socket[PID: 1248 (iptables)]: family:2, type:3, protocol:255

sem_get: Key: 410f0524
sem_get: Key: 410f0524
[   22.605947] firmadyne: sys_socket[PID: 1248 (iptables)]: family:2, type:3, protocol:255
[   22.615939] firmadyne: sys_socket[PID: 1248 (iptables)]: family:2, type:3, protocol:255
nvram_set: 0:dot11agduplrpo = "0x4444"
[   22.625715] firmadyne: sys_socket[PID: 1248 (iptables)]: family:2, type:3, protocol:255
sem_lock: Already initialized!
sem_get: Key: 410f0524
sem_get: Key: 410f0524
[   22.634493] firmadyne: sys_socket[PID: 1248 (iptables)]: family:2, type:3, protocol:255
[   22.646457] firmadyne: sys_socket[PID: 1248 (iptables)]: family:2, type:3, protocol:255
nvram_set: 0:dot11agduphrpo = "0x4444"
[   22.655852] firmadyne: sys_socket[PID: 1248 (iptables)]: family:2, type:3, protocol:255
[   22.658151] firmadyne: sys_socket[PID: 1248 (iptables)]: family:2, type:3, protocol:255
[   22.658524] firmadyne: sys_socket[PID: 1248 (iptables)]: family:2, type:3, protocol:255
sem_lock: Already initialized!
sem_get: Key: 410f0524
sem_get: Key: 410f0524
[   22.665988] firmadyne: sys_socket[PID: 1248 (iptables)]: family:2, type:3, protocol:255
[   22.675714] firmadyne: sys_socket[PID: 1248 (iptables)]: family:2, type:3, protocol:255
[   22.685935] firmadyne: sys_socket[PID: 1248 (iptables)]: family:2, type:3, protocol:255
[   22.688325] firmadyne: sys_socket[PID: 1248 (iptables)]: family:2, type:3, protocol:255
[   22.688637] firmadyne: sys_socket[PID: 1248 (iptables)]: family:2, type:3, protocol:255
[   22.689461] firmadyne: sys_socket[PID: 1248 (iptables)]: family:2, type:3, protocol:255
[   22.691327] firmadyne: sys_setsockopt[PID: 1248 (iptables)]: fd:6, level:0, optname:64
[   22.691684] firmadyne: sys_setsockopt[PID: 1248 (iptables)]: fd:6, level:0, optname:65
nvram_set: 0:rxgainerr5ga0 = "63,63,63,63"
sem_lock: Already initialized!
sem_get: Key: 410f0524
sem_get: Key: 410f0524
[   22.723518] firmadyne: sys_socket[PID: 1281 (iptables)]: family:2, type:3, protocol:255
nvram_set: 0:rxgainerr5ga1 = "31,31,31,31"
sem_lock: Already initialized!
sem_get: Key: 410f0524
sem_get: Key: 410f0524
[   22.746444] firmadyne: sys_socket[PID: 1281 (iptables)]: family:2, type:3, protocol:255
[   22.748897] firmadyne: sys_socket[PID: 1281 (iptables)]: family:2, type:3, protocol:255
nvram_set: 0:rxgainerr5ga2 = "31,31,31,31"
[   22.755666] firmadyne: sys_socket[PID: 1281 (iptables)]: family:2, type:3, protocol:255
sem_lock: Already initialized!
sem_get: Key: 410f0524
sem_get: Key: 410f0524
[   22.766184] firmadyne: sys_socket[PID: 1281 (iptables)]: family:2, type:3, protocol:255
nvram_set: 0:aga0 = "0"
sem_lock: Already initialized!
sem_get: Key: 410f0524
[   22.775852] firmadyne: sys_socket[PID: 1281 (iptables)]: family:2, type:3, protocol:255
sem_get: Key: 410f0524
[   22.780346] firmadyne: sys_socket[PID: 1281 (iptables)]: family:2, type:3, protocol:255
nvram_set: 0:aga1 = "0"
[   22.795690] firmadyne: sys_socket[PID: 1281 (iptables)]: family:2, type:3, protocol:255
[   22.798201] firmadyne: sys_socket[PID: 1281 (iptables)]: family:2, type:3, protocol:255
sem_lock: Already initialized!
sem_get: Key: 410f0524
[   22.805651] firmadyne: sys_socket[PID: 1281 (iptables)]: family:2, type:3, protocol:255
sem_get: Key: 410f0524
[   22.811175] firmadyne: sys_socket[PID: 1281 (iptables)]: family:2, type:3, protocol:255
[   22.811573] firmadyne: sys_socket[PID: 1281 (iptables)]: family:2, type:3, protocol:255
[   22.825739] firmadyne: sys_socket[PID: 1281 (iptables)]: family:2, type:3, protocol:255
[   22.828078] firmadyne: sys_socket[PID: 1281 (iptables)]: family:2, type:3, protocol:255
nvram_set: 0:aga2 = "0"
sem_lock: Already initialized!
[   22.832742] firmadyne: sys_socket[PID: 286 (gpiod)]: family:2, type:2, protocol:0
ioctl fail
[   22.835875] firmadyne: sys_socket[PID: 1281 (iptables)]: family:2, type:3, protocol:255
sem_get: Key: 410f0524
sem_get: Key: 410f0524
[   22.842915] firmadyne: sys_socket[PID: 1281 (iptables)]: family:2, type:3, protocol:255
[   22.843434] firmadyne: sys_socket[PID: 1281 (iptables)]: family:2, type:3, protocol:255
[   22.844237] firmadyne: sys_socket[PID: 1281 (iptables)]: family:2, type:3, protocol:255
[   22.845214] firmadyne: sys_setsockopt[PID: 1281 (iptables)]: fd:6, level:0, optname:64
[   22.845574] firmadyne: sys_setsockopt[PID: 1281 (iptables)]: fd:6, level:0, optname:65
nvram_set: 0:rpcal5gb0 = "0"
sem_lock: Already initialized!
sem_get: Key: [   22.874598] firmadyne: sys_socket[PID: 1316 (iptables)]: family:2, type:3, protocol:255
410f0524
sem_get: Key: 410f0524
[   22.880587] firmadyne: sys_socket[PID: 1316 (iptables)]: family:2, type:3, protocol:255
[   22.895658] firmadyne: sys_socket[PID: 1316 (iptables)]: family:2, type:3, protocol:255
[   22.898050] firmadyne: sys_socket[PID: 1316 (iptables)]: family:2, type:3, protocol:255
nvram_set: 0:rpcal5gb1 = "0"
sem_lock: Already initialized!
[   22.905414] firmadyne: sys_socket[PID: 1316 (iptables)]: family:2, type:3, protocol:255
sem_get: Key: 410f0524
sem_get: Key: 410f0524
[   22.915480] firmadyne: sys_socket[PID: 1316 (iptables)]: family:2, type:3, protocol:255
nvram_set: 0:rpcal5gb2 = "0"
[   22.925752] firmadyne: sys_socket[PID: 1316 (iptables)]: family:2, type:3, protocol:255
[   22.928068] firmadyne: sys_socket[PID: 1316 (iptables)]: family:2, type:3, protocol:255
sem_lock: Already initialized!
sem_get: Key: 410f0524
sem_get: Key: 410f0524
[   22.936002] firmadyne: sys_socket[PID: 1316 (iptables)]: family:2, type:3, protocol:255
[   22.945562] firmadyne: sys_socket[PID: 1316 (iptables)]: family:2, type:3, protocol:255
nvram_set: 0:rpcal5gb3 = "0"
[   22.955865] firmadyne: sys_socket[PID: 1316 (iptables)]: family:2, type:3, protocol:255
[   22.956309] firmadyne: sys_socket[PID: 1316 (iptables)]: family:2, type:3, protocol:255
[   22.958560] firmadyne: sys_socket[PID: 1316 (iptables)]: family:2, type:3, protocol:255
sem_lock: Already initialized!
sem_get: Key: 410f0524
[   22.965903] firmadyne: sys_socket[PID: 1316 (iptables)]: family:2, type:3, protocol:255
sem_get: Key: 410f0524
[   22.972555] firmadyne: sys_socket[PID: 1316 (iptables)]: family:2, type:3, protocol:255
[   22.985945] firmadyne: sys_socket[PID: 1316 (iptables)]: family:2, type:3, protocol:255
[   22.986349] firmadyne: sys_socket[PID: 1316 (iptables)]: family:2, type:3, protocol:255
[   22.987193] firmadyne: sys_socket[PID: 1316 (iptables)]: family:2, type:3, protocol:255
[   22.988984] firmadyne: sys_setsockopt[PID: 1316 (iptables)]: fd:6, level:0, optname:64
[   22.989342] firmadyne: sys_setsockopt[PID: 1316 (iptables)]: fd:6, level:0, optname:65
[   23.001264] firmadyne: sys_socket[PID: 1350 (iptables)]: family:2, type:3, protocol:255
[   23.019572] firmadyne: sys_socket[PID: 1350 (iptables)]: family:2, type:3, protocol:255
[   23.029665] firmadyne: sys_socket[PID: 1350 (iptables)]: family:2, type:3, protocol:255
[: : unknown operand
[   23.036679] firmadyne: sys_socket[PID: 1350 (iptables)]: family:2, type:3, protocol:255
[   23.045878] firmadyne: sys_socket[PID: 1350 (iptables)]: family:2, type:3, protocol:255
[   23.056116] firmadyne: sys_socket[PID: 1350 (iptables)]: family:2, type:3, protocol:255
[   23.066156] firmadyne: sys_socket[PID: 1350 (iptables)]: family:2, type:3, protocol:255
[   23.073538] firmadyne: sys_socket[PID: 1350 (iptables)]: family:2, type:3, protocol:255
[: : unknown operand
[   23.080297] firmadyne: sys_socket[PID: 1350 (iptables)]: family:2, type:3, protocol:255
[   23.095654] firmadyne: sys_socket[PID: 1350 (iptables)]: family:2, type:3, protocol:255
[   23.098182] firmadyne: sys_socket[PID: 1350 (iptables)]: family:2, type:3, protocol:255
[   23.098560] firmadyne: sys_socket[PID: 1350 (iptables)]: family:2, type:3, protocol:255
[   23.108635] firmadyne: sys_socket[PID: 1350 (iptables)]: family:2, type:3, protocol:255
[   23.116280] firmadyne: sys_socket[PID: 1350 (iptables)]: family:2, type:3, protocol:255
[: : unknown operand
[   23.122867] firmadyne: sys_socket[PID: 1350 (iptables)]: family:2, type:3, protocol:255
[   23.135820] firmadyne: sys_socket[PID: 1350 (iptables)]: family:2, type:3, protocol:255
[   23.136191] firmadyne: sys_socket[PID: 1350 (iptables)]: family:2, type:3, protocol:255
[   23.137022] firmadyne: sys_socket[PID: 1350 (iptables)]: family:2, type:3, protocol:255
[   23.138103] firmadyne: sys_setsockopt[PID: 1350 (iptables)]: fd:6, level:0, optname:64
[   23.138494] firmadyne: sys_setsockopt[PID: 1350 (iptables)]: fd:6, level:0, optname:65
[   23.150171] firmadyne: sys_socket[PID: 1388 (iptables)]: family:2, type:3, protocol:255
[   23.163114] firmadyne: sys_socket[PID: 1388 (iptables)]: family:2, type:3, protocol:255
[: : unknown operand
[   23.185634] firmadyne: sys_socket[PID: 1388 (iptables)]: family:2, type:3, protocol:255
[   23.188094] firmadyne: sys_socket[PID: 1388 (iptables)]: family:2, type:3, protocol:255
[   23.190338] firmadyne: sys_socket[PID: 1388 (iptables)]: family:2, type:3, protocol:255
nvram_set: devpath2 = "pcie/2/1"
sem_lock: Already initialized!
sem_get: Key: 410f0524
sem_get: Key: 410f0524
[   23.200929] firmadyne: sys_socket[PID: 1388 (iptables)]: family:2, type:3, protocol:255
[   23.215682] firmadyne: sys_socket[PID: 1388 (iptables)]: family:2, type:3, protocol:255
[   23.217982] firmadyne: sys_socket[PID: 1388 (iptables)]: family:2, type:3, protocol:255
nvram_set: 2:devpath2 = "sb/1/"
sem_lock: Already initialized!
sem_get: Key: [   23.225469] firmadyne: sys_socket[PID: 1388 (iptables)]: family:2, type:3, protocol:255
410f0524
sem_get: Key: 410f0524
[   23.231552] firmadyne: sys_socket[PID: 1388 (iptables)]: family:2, type:3, protocol:255
[   23.245828] firmadyne: sys_socket[PID: 1388 (iptables)]: family:2, type:3, protocol:255
[   23.246244] firmadyne: sys_socket[PID: 1388 (iptables)]: family:2, type:3, protocol:255
[   23.248514] firmadyne: sys_socket[PID: 1388 (iptables)]: family:2, type:3, protocol:255
nvram_set: 2:boardrev = "0x1421"
sem_lock: Already initialized!
[   23.255890] firmadyne: sys_socket[PID: 1388 (iptables)]: family:2, type:3, protocol:255
sem_get: Key: 410f0524
sem_get: Key: 410f0524
[   23.262936] firmadyne: sys_socket[PID: 1388 (iptables)]: family:2, type:3, protocol:255
[   23.275849] firmadyne: sys_socket[PID: 1388 (iptables)]: family:2, type:3, protocol:255
[   23.276226] firmadyne: sys_socket[PID: 1388 (iptables)]: family:2, type:3, protocol:255
[   23.277014] firmadyne: sys_socket[PID: 1388 (iptables)]: family:2, type:3, protocol:255
