>> Database Image ID: 108

/home/zhumengfan/firmware/firmwares/71b643570ae76704e4b2733963efb4795363f9fb.zip
>> MD5: 6921925047ee86cb948c6b8a5acf2243
>> Tag: 108
>> Temp: /tmp/tmpNWoy8f
>> Status: Kernel: True, Rootfs: False, Do_Kernel: False,                 Do_Rootfs: True
>>>> Zip archive data, at least v2.0 to extract, compressed size: 793, uncompressed size: 1701, name: ReleaseNotes_WNHD3004_fw_1.2.0.2.html
>> Recursing into archive ...
	
/tmp/tmpNWoy8f/_71b643570ae76704e4b2733963efb4795363f9fb.zip.extracted/WNHD3004-V1.2.0.2NA.bin
	>> MD5: 925ac0a1424c8de03cd202fad5195ea8
	>> Tag: 108
	>> Temp: /tmp/tmpFO4dQM
	>> Status: Kernel: True, Rootfs: False, Do_Kernel: False,                 Do_Rootfs: True
	>>>> Squashfs filesystem, little endian, version 3.0, size: 2944547 bytes, 558 inodes, blocksize: 65536 bytes, created: 2010-08-26 10:06:14
	>>>> Found Linux filesystem in /tmp/tmpFO4dQM/_WNHD3004-V1.2.0.2NA.bin.extracted/squashfs-root!
	>> Skipping: completed!
	>> Cleaning up /tmp/tmpFO4dQM...
>> Skipping: completed!
>> Cleaning up /tmp/tmpNWoy8f...
./bin/busybox: armel
Querying database for architecture... armel
----Running----
----Copying Filesystem Tarball----
----Creating QEMU Image----
Formatting '/home/zhumengfan/firmadyne//scratch//108//image.raw', fmt=raw size=1073741824
----Creating Partition Table----

Welcome to fdisk (util-linux 2.27.1).
Changes will remain in memory only, until you decide to write them.
Be careful before using the write command.

Device does not contain a recognized partition table.
Created a new DOS disklabel with disk identifier 0xefeda5c3.

Command (m for help): Created a new DOS disklabel with disk identifier 0xc2393613.

Command (m for help): Partition type
   p   primary (0 primary, 0 extended, 4 free)
   e   extended (container for logical partitions)
Select (default p): Partition number (1-4, default 1): First sector (2048-2097151, default 2048): Last sector, +sectors or +size{K,M,G,T,P} (2048-2097151, default 2097151): 
Created a new partition 1 of type 'Linux' and of size 1023 MiB.

Command (m for help): The partition table has been altered.
Syncing disks.

----Mounting QEMU Image----
add map loop0p1 (252:0): 0 2095104 linear 7:0 2048
----Creating Filesystem----
mke2fs 1.42.13 (17-May-2015)
Discarding device blocks:   4096/261888             done                            
Creating filesystem with 261888 4k blocks and 65536 inodes
Filesystem UUID: 79b5b2e0-c921-43ac-a190-afb1b1569a74
Superblock backups stored on blocks: 
	32768, 98304, 163840, 229376

Allocating group tables: 0/8   done                            
Writing inode tables: 0/8   done                            
Writing superblocks and filesystem accounting information: 0/8   done

----Making QEMU Image Mountpoint----
----Mounting QEMU Image Partition 1----
----Extracting Filesystem Tarball----
----Creating FIRMADYNE Directories----
----Patching Filesystem (chroot)----
Creating /etc/TZ!
Creating /etc/hosts!
Creating /etc/passwd!
Warning: Recreating device nodes!
Removing /etc/scripts/sys_resetbutton!
----Setting up FIRMADYNE----
----Unmounting QEMU Image----
loop deleted : /dev/loop0
Querying database for architecture... armel
Running firmware 108: terminating after 60 secs...
qemu-system-arm: terminating on signal 2 from pid 119446 (timeout)
Inferring network...
Interfaces: []
Done!
[    0.000000] Booting Linux on physical CPU 0x0
[    0.000000] Linux version 4.1.17+ (vagrant@vagrant-ubuntu-trusty-64) (gcc version 5.3.0 (GCC) ) #1 Thu Feb 18 01:05:21 UTC 2016
[    0.000000] CPU: ARMv7 Processor [412fc0f1] revision 1 (ARMv7), cr=10c5387d
[    0.000000] CPU: PIPT / VIPT nonaliasing data cache, PIPT instruction cache
[    0.000000] Machine model: linux,dummy-virt
[    0.000000] debug: ignoring loglevel setting.
[    0.000000] Memory policy: Data cache writeback
[    0.000000] On node 0 totalpages: 65536
[    0.000000] free_area_init_node: node 0, pgdat c061dfe8, node_mem_map cfdf9000
[    0.000000]   Normal zone: 512 pages used for memmap
[    0.000000]   Normal zone: 0 pages reserved
[    0.000000]   Normal zone: 65536 pages, LIFO batch:15
[    0.000000] psci: probing for conduit method from DT.
[    0.000000] psci: PSCIv0.2 detected in firmware.
[    0.000000] psci: Using standard PSCI v0.2 function IDs
[    0.000000] CPU: All CPU(s) started in SVC mode.
[    0.000000] pcpu-alloc: s0 r0 d32768 u32768 alloc=1*32768
[    0.000000] pcpu-alloc: [0] 0 
[    0.000000] Built 1 zonelists in Zone order, mobility grouping on.  Total pages: 65024
[    0.000000] Kernel command line: firmadyne.syscall=1 root=/dev/vda1 console=ttyS0 nandsim.parts=64,64,64,64,64,64,64,64,64,64 rdinit=/firmadyne/preInit.sh rw debug ignore_loglevel print-fatal-signals=1 user_debug=31
[    0.000000] PID hash table entries: 1024 (order: 0, 4096 bytes)
[    0.000000] Dentry cache hash table entries: 32768 (order: 5, 131072 bytes)
[    0.000000] Inode-cache hash table entries: 16384 (order: 4, 65536 bytes)
[    0.000000] Memory: 253340K/262144K available (4297K kernel code, 170K rwdata, 1584K rodata, 180K init, 148K bss, 8804K reserved, 0K cma-reserved)
[    0.000000] Virtual kernel memory layout:
[    0.000000]     vector  : 0xffff0000 - 0xffff1000   (   4 kB)
[    0.000000]     fixmap  : 0xffc00000 - 0xfff00000   (3072 kB)
[    0.000000]     vmalloc : 0xd0800000 - 0xff000000   ( 744 MB)
[    0.000000]     lowmem  : 0xc0000000 - 0xd0000000   ( 256 MB)
[    0.000000]     modules : 0xbf000000 - 0xc0000000   (  16 MB)
[    0.000000]       .text : 0xc0008000 - 0xc05c67bc   (5882 kB)
[    0.000000]       .init : 0xc05c7000 - 0xc05f4000   ( 180 kB)
[    0.000000]       .data : 0xc05f4000 - 0xc061e840   ( 171 kB)
[    0.000000]        .bss : 0xc0621000 - 0xc06462d4   ( 149 kB)
[    0.000000] NR_IRQS:16 nr_irqs:16 16
[    0.000000] Architected cp15 timer(s) running at 62.50MHz (virt).
[    0.000000] clocksource arch_sys_counter: mask: 0xffffffffffffff max_cycles: 0x1cd42e208c, max_idle_ns: 881590405314 ns
[    0.000160] sched_clock: 56 bits at 62MHz, resolution 16ns, wraps every 4398046511096ns
[    0.000304] Switching to timer-based delay loop, resolution 16ns
[    0.003522] Console: colour dummy device 80x30
[    0.003878] Calibrating delay loop (skipped), value calculated using timer frequency.. 125.00 BogoMIPS (lpj=625000)
[    0.004014] pid_max: default: 32768 minimum: 301
[    0.004961] Mount-cache hash table entries: 1024 (order: 0, 4096 bytes)
[    0.004999] Mountpoint-cache hash table entries: 1024 (order: 0, 4096 bytes)
[    2.031260] CPU: Testing write buffer coherency: ok
[    2.037380] Setting up static identity map for 0x40008240 - 0x40008298
[    2.052404] VFP support v0.3: implementor 41 architecture 4 part 30 variant f rev 0
[    2.064407] clocksource jiffies: mask: 0xffffffff max_cycles: 0xffffffff, max_idle_ns: 19112604462750000 ns
[    2.692858] NET: Registered protocol family 16
[    2.696249] DMA: preallocated 256 KiB pool for atomic coherent allocations
[    2.700463] cpuidle: using governor ladder
[    2.700625] cpuidle: using governor menu
[    2.722168] Serial: AMBA PL011 UART driver
[    2.724400] 9000000.pl011: ttyS0 at MMIO 0x9000000 (irq = 54, base_baud = 0) is a PL011 rev1
[    2.732270] console [ttyS0] enabled
[    4.358473] vgaarb: loaded
[    4.360290] SCSI subsystem initialized
[    4.361485] usbcore: registered new interface driver usbfs
[    4.361860] usbcore: registered new interface driver hub
[    4.362221] usbcore: registered new device driver usb
[    4.371833] cfg80211: Calling CRDA to update world regulatory domain
[    4.374272] Switched to clocksource arch_sys_counter
[    4.392705] NET: Registered protocol family 2
[    4.398149] TCP established hash table entries: 2048 (order: 1, 8192 bytes)
[    4.398407] TCP bind hash table entries: 2048 (order: 1, 8192 bytes)
[    4.398718] TCP: Hash tables configured (established 2048 bind 2048)
[    4.399239] UDP hash table entries: 256 (order: 0, 4096 bytes)
[    4.399490] UDP-Lite hash table entries: 256 (order: 0, 4096 bytes)
[    4.400982] NET: Registered protocol family 1
[    4.401436] PCI: CLS 0 bytes, default 64
[    4.409157] NetWinder Floating Point Emulator V0.97 (extended precision)
[    4.411921] futex hash table entries: 256 (order: -1, 3072 bytes)
[    4.417442] squashfs: version 4.0 (2009/01/31) Phillip Lougher
[    7.727532] jffs2: version 2.2. (NAND) © 2001-2006 Red Hat, Inc.
[    7.728418] romfs: ROMFS MTD (C) 2007 Red Hat, Inc.
[    7.737811] Block layer SCSI generic (bsg) driver version 0.4 loaded (major 253)
[    7.738170] io scheduler noop registered
[    7.738407] io scheduler cfq registered (default)
[    7.739091] firmadyne: devfs: 1, execute: 1, procfs: 1, syscall: 1
[    7.740509] ------------[ cut here ]------------
[    7.740721] WARNING: CPU: 0 PID: 1 at /home/vagrant/firmadyne-kernel/kernel-v4.1/fs/sysfs/dir.c:31 sysfs_warn_dup+0x50/0x6c()
[    7.740950] sysfs: cannot create duplicate filename '/class/gpio'
[    7.741117] Modules linked in:
[    7.741469] CPU: 0 PID: 1 Comm: swapper Not tainted 4.1.17+ #1
[    7.741609] Hardware name: Generic DT based system
[    7.742307] [<c001c99c>] (unwind_backtrace) from [<c0019d30>] (show_stack+0x10/0x14)
[    7.742586] [<c0019d30>] (show_stack) from [<c0024ab4>] (warn_slowpath_common+0x80/0xa8)
[    7.742787] [<c0024ab4>] (warn_slowpath_common) from [<c0024b08>] (warn_slowpath_fmt+0x2c/0x3c)
[    7.743031] [<c0024b08>] (warn_slowpath_fmt) from [<c00e363c>] (sysfs_warn_dup+0x50/0x6c)
[    7.743213] [<c00e363c>] (sysfs_warn_dup) from [<c00e3714>] (sysfs_create_dir_ns+0x74/0x84)
[    7.743398] [<c00e3714>] (sysfs_create_dir_ns) from [<c018e6ac>] (kobject_add_internal+0xb8/0x2ac)
[    7.743589] [<c018e6ac>] (kobject_add_internal) from [<c018e9a8>] (kset_register+0x1c/0x44)
[    7.743772] [<c018e9a8>] (kset_register) from [<c02090b4>] (__class_register+0xa8/0x198)
[    7.744143] [<c02090b4>] (__class_register) from [<c02091e4>] (__class_create+0x40/0x70)
[    7.744328] [<c02091e4>] (__class_create) from [<c01adf68>] (register_devfs_stubs+0x314/0xbb4)
[    7.744514] [<c01adf68>] (register_devfs_stubs) from [<c05d9b08>] (init_module+0x28/0xa4)
[    7.744726] [<c05d9b08>] (init_module) from [<c0009670>] (do_one_initcall+0x104/0x1b4)
[    7.744901] [<c0009670>] (do_one_initcall) from [<c05c7d08>] (kernel_init_freeable+0xf0/0x1b0)
[    7.745088] [<c05c7d08>] (kernel_init_freeable) from [<c040f28c>] (kernel_init+0x8/0xe4)
[    7.745258] [<c040f28c>] (kernel_init) from [<c0016da8>] (ret_from_fork+0x14/0x2c)
[    7.745547] ---[ end trace 1d7ef21955b847b6 ]---
[    7.745762] ------------[ cut here ]------------
[    7.745876] WARNING: CPU: 0 PID: 1 at /home/vagrant/firmadyne-kernel/kernel-v4.1/lib/kobject.c:240 kobject_add_internal+0x240/0x2ac()
[    7.746094] kobject_add_internal failed for gpio with -EEXIST, don't try to register things with the same name in the same directory.
[    7.746306] Modules linked in:
[    7.746454] CPU: 0 PID: 1 Comm: swapper Tainted: G        W       4.1.17+ #1
[    7.746591] Hardware name: Generic DT based system
[    7.746712] [<c001c99c>] (unwind_backtrace) from [<c0019d30>] (show_stack+0x10/0x14)
[    7.746879] [<c0019d30>] (show_stack) from [<c0024ab4>] (warn_slowpath_common+0x80/0xa8)
[    7.747052] [<c0024ab4>] (warn_slowpath_common) from [<c0024b08>] (warn_slowpath_fmt+0x2c/0x3c)
[    7.747234] [<c0024b08>] (warn_slowpath_fmt) from [<c018e834>] (kobject_add_internal+0x240/0x2ac)
[    7.747429] [<c018e834>] (kobject_add_internal) from [<c018e9a8>] (kset_register+0x1c/0x44)
[    7.747603] [<c018e9a8>] (kset_register) from [<c02090b4>] (__class_register+0xa8/0x198)
[    7.747774] [<c02090b4>] (__class_register) from [<c02091e4>] (__class_create+0x40/0x70)
[    7.747944] [<c02091e4>] (__class_create) from [<c01adf68>] (register_devfs_stubs+0x314/0xbb4)
[    7.748127] [<c01adf68>] (register_devfs_stubs) from [<c05d9b08>] (init_module+0x28/0xa4)
[    7.748299] [<c05d9b08>] (init_module) from [<c0009670>] (do_one_initcall+0x104/0x1b4)
[    7.748487] [<c0009670>] (do_one_initcall) from [<c05c7d08>] (kernel_init_freeable+0xf0/0x1b0)
[    7.748677] [<c05c7d08>] (kernel_init_freeable) from [<c040f28c>] (kernel_init+0x8/0xe4)
[    7.748843] [<c040f28c>] (kernel_init) from [<c0016da8>] (ret_from_fork+0x14/0x2c)
[    7.749009] ---[ end trace 1d7ef21955b847b7 ]---
[    7.749190] firmadyne: Cannot create device class: gpio!
[    7.751129] firmadyne: Cannot register character device: watchdog, 0xa, 0x82!
[    7.751301] firmadyne: Cannot register character device: wdt, 0xfd, 0x0!
[    7.832556] PCI host bridge /pcie@10000000 ranges:
[    7.833134]    IO 0x3eff0000..0x3effffff -> 0x00000000
[    7.833516]   MEM 0x10000000..0x3efeffff -> 0x10000000
[    7.833649]   MEM 0x8000000000..0xffffffffff -> 0x8000000000
[    7.834484] pci-host-generic 3f000000.pcie: resource collision: [mem 0x00000000-0xffffffff] conflicts with /pl011@9000000 [mem 0x09000000-0x09000fff]
[    7.835195] pci-host-generic: probe of 3f000000.pcie failed with error -16
[    7.847083] Non-volatile memory driver v1.3
[    9.552491] brd: module loaded
[    9.562744] loop: module loaded
[   12.854305] cfg80211: Calling CRDA to update world regulatory domain
[   16.021194]  vda: vda1
[   16.022419] cfg80211: Calling CRDA to update world regulatory domain
[   16.034284] 0.flash: Found 2 x16 devices at 0x0 in 32-bit bank. Manufacturer ID 0x000000 Chip ID 0x000000
[   16.034916] Intel/Sharp Extended Query Table at 0x0031
[   16.036064] Using buffer write method
[   16.037729] erase region 0: offset=0x0,size=0x40000,blocks=256
[   16.045011] 0.flash: Found 2 x16 devices at 0x0 in 32-bit bank. Manufacturer ID 0x000000 Chip ID 0x000000
[   16.045232] Intel/Sharp Extended Query Table at 0x0031
[   16.045995] Using buffer write method
[   16.046115] erase region 0: offset=0x0,size=0x40000,blocks=256
[   16.046310] Concatenating MTD devices:
[   16.046416] (0): "0.flash"
[   16.046490] (1): "0.flash"
[   16.046557] into device "0.flash"
[   16.057536] [nandsim] warning: read_byte: unexpected data output cycle, state is STATE_READY return 0x0
[   16.057751] [nandsim] warning: read_byte: unexpected data output cycle, state is STATE_READY return 0x0
[   16.057927] [nandsim] warning: read_byte: unexpected data output cycle, state is STATE_READY return 0x0
[   16.058098] [nandsim] warning: read_byte: unexpected data output cycle, state is STATE_READY return 0x0
[   16.058268] [nandsim] warning: read_byte: unexpected data output cycle, state is STATE_READY return 0x0
[   16.058437] [nandsim] warning: read_byte: unexpected data output cycle, state is STATE_READY return 0x0
[   16.058850] nand: device found, Manufacturer ID: 0x98, Chip ID: 0x39
[   16.058997] nand: Toshiba NAND 128MiB 1,8V 8-bit
[   16.059122] nand: 128 MiB, SLC, erase size: 16 KiB, page size: 512, OOB size: 16
[   16.060013] flash size: 128 MiB
[   16.060100] page size: 512 bytes
[   16.060176] OOB area size: 16 bytes
[   16.060256] sector size: 16 KiB
[   16.060328] pages number: 262144
[   16.060401] pages per sector: 32
[   16.060474] bus width: 8
[   16.060535] bits in sector size: 14
[   16.060612] bits in page size: 9
[   16.060692] bits in OOB size: 4
[   16.060770] flash size with OOB: 135168 KiB
[   16.060860] page address bytes: 4
[   16.060935] sector address bytes: 3
[   16.061013] options: 0x42
[   17.746224] Scanning device for bad blocks
[   17.854584] firmadyne: do_execve: /firmadyne/console
[   17.854807] OFFSETS: offset of pid: 0x190 offset of comm: 0x270
[   17.855297] Creating 11 MTD partitions on "NAND 128MiB 1,8V 8-bit":
[   17.855719] 0x000000000000-0x000000100000 : "NAND simulator partition 0"
[   17.858103] 0x000000100000-0x000000200000 : "NAND simulator partition 1"
[   17.859552] 0x000000200000-0x000000300000 : "NAND simulator partition 2"
[   17.860970] 0x000000300000-0x000000400000 : "NAND simulator partition 3"
[   17.862431] 0x000000400000-0x000000500000 : "NAND simulator partition 4"
[   17.863839] 0x000000500000-0x000000600000 : "NAND simulator partition 5"
[   17.865396] 0x000000600000-0x000000700000 : "NAND simulator partition 6"
[   17.867019] 0x000000700000-0x000000800000 : "NAND simulator partition 7"
[   17.868396] 0x000000800000-0x000000900000 : "NAND simulator partition 8"
[   17.869789] 0x000000900000-0x000000a00000 : "NAND simulator partition 9"
[   17.871211] 0x000000a00000-0x000008000000 : "NAND simulator partition 10"
[   17.876859] tun: Universal TUN/TAP device driver, 1.6
[   17.876989] tun: (C) 1999-2004 Max Krasnyansky <maxk@qualcomm.com>
[   20.795866] PPP generic driver version 2.4.2
[   20.796682] PPP BSD Compression module registered
[   20.796869] PPP Deflate Compression module registered
[   20.797120] PPP MPPE Compression module registered
[   20.797259] NET: Registered protocol family 24
[   20.797615] PPTP driver version 0.8.5
[   20.798560] cfg80211: Calling CRDA to update world regulatory domain
[   23.926942] usbcore: registered new interface driver usb-storage
[   23.930650] rtc-pl031 9010000.pl031: rtc core: registered pl031 as rtc0
[   23.931495] hidraw: raw HID events driver (C) Jiri Kosina
[   23.932092] usbcore: registered new interface driver usbhid
[   23.932225] usbhid: USB HID core driver
[   23.932729] Netfilter messages via NETLINK v0.30.
[   23.933443] nf_conntrack version 0.5.0 (3958 buckets, 15832 max)
[   23.935101] ctnetlink v0.93: registering with nfnetlink.
[   23.936596] ipip: IPv4 over IPv4 tunneling driver
[   23.938846] gre: GRE over IPv4 demultiplexor driver
[   23.939014] ip_gre: GRE over IPv4 tunneling driver
[   23.943693] ip_tables: (C) 2000-2006 Netfilter Core Team
[   23.945589] arp_tables: (C) 2002 David S. Miller
[   23.946688] Initializing XFRM netlink socket
[   23.947229] NET: Registered protocol family 10
[   24.737557] cfg80211: Calling CRDA to update world regulatory domain
[   24.741883] ip6_tables: (C) 2000-2006 Netfilter Core Team
[   24.743656] sit: IPv6 over IPv4 tunneling driver
[   24.747763] NET: Registered protocol family 17
[   24.748448] bridge: automatic filtering via arp/ip/ip6tables has been deprecated. Update your scripts to load br_netfilter if you need this.
[   24.748795] Bridge firewalling registered
[   24.748942] Ebtables v2.0 registered
[   24.750183] 8021q: 802.1Q VLAN Support v1.8
[   24.750845] Registering SWP/SWPB emulation handler
[   24.753738] rtc-pl031 9010000.pl031: setting system clock to 2018-07-19 12:08:04 UTC (1532002084)
[   24.764739] EXT4-fs (vda1): couldn't mount as ext3 due to feature incompatibilities
[   24.766978] EXT4-fs (vda1): mounting ext2 file system using the ext4 subsystem
[   24.778591] EXT4-fs (vda1): mounted filesystem without journal. Opts: (null)
[   24.779720] VFS: Mounted root (ext2 filesystem) on device 254:1.
[   24.798188] Freeing unused kernel memory: 180K (c05c7000 - c05f4000)
[   26.737647] firmadyne: sys_reboot[PID: 54 (init)]: magic1:fee1dead, magic2:28121969, cmd:0
init started: BusyBox v1.10.3 (2010-08-26 18:03:16 CST)
starting pid 55, tty '': '/usr/etc/rcS'
[   29.991089] cfg80211: Calling CRDA to update world regulatory domain
executing rcS ...
Starting firmware emulation... use Ctrl-a + x to exit
qemu-system-arm: terminating on signal 2 from pid 119597 (timeout)
[    0.000000] Booting Linux on physical CPU 0x0
[    0.000000] Linux version 4.1.17+ (vagrant@vagrant-ubuntu-trusty-64) (gcc version 5.3.0 (GCC) ) #1 Thu Feb 18 01:05:21 UTC 2016
[    0.000000] CPU: ARMv7 Processor [412fc0f1] revision 1 (ARMv7), cr=10c5387d
[    0.000000] CPU: PIPT / VIPT nonaliasing data cache, PIPT instruction cache
[    0.000000] Machine model: linux,dummy-virt
[    0.000000] debug: ignoring loglevel setting.
[    0.000000] Memory policy: Data cache writeback
[    0.000000] On node 0 totalpages: 65536
[    0.000000] free_area_init_node: node 0, pgdat c061dfe8, node_mem_map cfdf9000
[    0.000000]   Normal zone: 512 pages used for memmap
[    0.000000]   Normal zone: 0 pages reserved
[    0.000000]   Normal zone: 65536 pages, LIFO batch:15
[    0.000000] psci: probing for conduit method from DT.
[    0.000000] psci: PSCIv0.2 detected in firmware.
[    0.000000] psci: Using standard PSCI v0.2 function IDs
[    0.000000] CPU: All CPU(s) started in SVC mode.
[    0.000000] pcpu-alloc: s0 r0 d32768 u32768 alloc=1*32768
[    0.000000] pcpu-alloc: [0] 0 
[    0.000000] Built 1 zonelists in Zone order, mobility grouping on.  Total pages: 65024
[    0.000000] Kernel command line: root=/dev/vda1 console=ttyS0 nandsim.parts=64,64,64,64,64,64,64,64,64,64 rdinit=/firmadyne/preInit.sh rw debug ignore_loglevel print-fatal-signals=1 user_debug=31 firmadyne.syscall=0
[    0.000000] PID hash table entries: 1024 (order: 0, 4096 bytes)
[    0.000000] Dentry cache hash table entries: 32768 (order: 5, 131072 bytes)
[    0.000000] Inode-cache hash table entries: 16384 (order: 4, 65536 bytes)
[    0.000000] Memory: 253340K/262144K available (4297K kernel code, 170K rwdata, 1584K rodata, 180K init, 148K bss, 8804K reserved, 0K cma-reserved)
[    0.000000] Virtual kernel memory layout:
[    0.000000]     vector  : 0xffff0000 - 0xffff1000   (   4 kB)
[    0.000000]     fixmap  : 0xffc00000 - 0xfff00000   (3072 kB)
[    0.000000]     vmalloc : 0xd0800000 - 0xff000000   ( 744 MB)
[    0.000000]     lowmem  : 0xc0000000 - 0xd0000000   ( 256 MB)
[    0.000000]     modules : 0xbf000000 - 0xc0000000   (  16 MB)
[    0.000000]       .text : 0xc0008000 - 0xc05c67bc   (5882 kB)
[    0.000000]       .init : 0xc05c7000 - 0xc05f4000   ( 180 kB)
[    0.000000]       .data : 0xc05f4000 - 0xc061e840   ( 171 kB)
[    0.000000]        .bss : 0xc0621000 - 0xc06462d4   ( 149 kB)
[    0.000000] NR_IRQS:16 nr_irqs:16 16
[    0.000000] Architected cp15 timer(s) running at 62.50MHz (virt).
[    0.000000] clocksource arch_sys_counter: mask: 0xffffffffffffff max_cycles: 0x1cd42e208c, max_idle_ns: 881590405314 ns
[    0.000162] sched_clock: 56 bits at 62MHz, resolution 16ns, wraps every 4398046511096ns
[    0.000313] Switching to timer-based delay loop, resolution 16ns
[    0.003443] Console: colour dummy device 80x30
[    0.003777] Calibrating delay loop (skipped), value calculated using timer frequency.. 125.00 BogoMIPS (lpj=625000)
[    0.003911] pid_max: default: 32768 minimum: 301
[    0.004815] Mount-cache hash table entries: 1024 (order: 0, 4096 bytes)
[    0.004856] Mountpoint-cache hash table entries: 1024 (order: 0, 4096 bytes)
[    2.417602] CPU: Testing write buffer coherency: ok
[    2.424104] Setting up static identity map for 0x40008240 - 0x40008298
[    2.439607] VFP support v0.3: implementor 41 architecture 4 part 30 variant f rev 0
[    2.451732] clocksource jiffies: mask: 0xffffffff max_cycles: 0xffffffff, max_idle_ns: 19112604462750000 ns
[    5.910732] NET: Registered protocol family 16
[    5.914222] DMA: preallocated 256 KiB pool for atomic coherent allocations
[    5.918423] cpuidle: using governor ladder
[    5.918585] cpuidle: using governor menu
[    5.939894] Serial: AMBA PL011 UART driver
[    5.942429] 9000000.pl011: ttyS0 at MMIO 0x9000000 (irq = 54, base_baud = 0) is a PL011 rev1
[    5.949813] console [ttyS0] enabled
[    9.402017] vgaarb: loaded
[    9.403618] SCSI subsystem initialized
[    9.404714] usbcore: registered new interface driver usbfs
[    9.405082] usbcore: registered new interface driver hub
[    9.405431] usbcore: registered new device driver usb
[    9.414738] cfg80211: Calling CRDA to update world regulatory domain
[    9.417052] Switched to clocksource arch_sys_counter
[    9.435259] NET: Registered protocol family 2
[    9.440644] TCP established hash table entries: 2048 (order: 1, 8192 bytes)
[    9.440921] TCP bind hash table entries: 2048 (order: 1, 8192 bytes)
[    9.441229] TCP: Hash tables configured (established 2048 bind 2048)
[    9.441786] UDP hash table entries: 256 (order: 0, 4096 bytes)
[    9.442042] UDP-Lite hash table entries: 256 (order: 0, 4096 bytes)
[    9.443502] NET: Registered protocol family 1
[    9.443965] PCI: CLS 0 bytes, default 64
[    9.451251] NetWinder Floating Point Emulator V0.97 (extended precision)
[    9.453960] futex hash table entries: 256 (order: -1, 3072 bytes)
[   12.006863] squashfs: version 4.0 (2009/01/31) Phillip Lougher
[   12.007937] jffs2: version 2.2. (NAND) © 2001-2006 Red Hat, Inc.
[   12.008732] romfs: ROMFS MTD (C) 2007 Red Hat, Inc.
[   12.017654] Block layer SCSI generic (bsg) driver version 0.4 loaded (major 253)
[   12.018020] io scheduler noop registered
[   12.018277] io scheduler cfq registered (default)
[   12.018955] firmadyne: devfs: 1, execute: 1, procfs: 1, syscall: 0
[   12.020292] ------------[ cut here ]------------
[   12.020500] WARNING: CPU: 0 PID: 1 at /home/vagrant/firmadyne-kernel/kernel-v4.1/fs/sysfs/dir.c:31 sysfs_warn_dup+0x50/0x6c()
[   12.020733] sysfs: cannot create duplicate filename '/class/gpio'
[   12.020905] Modules linked in:
[   12.021231] CPU: 0 PID: 1 Comm: swapper Not tainted 4.1.17+ #1
[   12.021373] Hardware name: Generic DT based system
[   12.022086] [<c001c99c>] (unwind_backtrace) from [<c0019d30>] (show_stack+0x10/0x14)
[   12.022364] [<c0019d30>] (show_stack) from [<c0024ab4>] (warn_slowpath_common+0x80/0xa8)
[   12.022566] [<c0024ab4>] (warn_slowpath_common) from [<c0024b08>] (warn_slowpath_fmt+0x2c/0x3c)
[   12.022807] [<c0024b08>] (warn_slowpath_fmt) from [<c00e363c>] (sysfs_warn_dup+0x50/0x6c)
[   12.022989] [<c00e363c>] (sysfs_warn_dup) from [<c00e3714>] (sysfs_create_dir_ns+0x74/0x84)
[   12.023173] [<c00e3714>] (sysfs_create_dir_ns) from [<c018e6ac>] (kobject_add_internal+0xb8/0x2ac)
[   12.023362] [<c018e6ac>] (kobject_add_internal) from [<c018e9a8>] (kset_register+0x1c/0x44)
[   12.023543] [<c018e9a8>] (kset_register) from [<c02090b4>] (__class_register+0xa8/0x198)
[   12.023720] [<c02090b4>] (__class_register) from [<c02091e4>] (__class_create+0x40/0x70)
[   12.023894] [<c02091e4>] (__class_create) from [<c01adf68>] (register_devfs_stubs+0x314/0xbb4)
[   12.024077] [<c01adf68>] (register_devfs_stubs) from [<c05d9b08>] (init_module+0x28/0xa4)
[   12.024280] [<c05d9b08>] (init_module) from [<c0009670>] (do_one_initcall+0x104/0x1b4)
[   12.024454] [<c0009670>] (do_one_initcall) from [<c05c7d08>] (kernel_init_freeable+0xf0/0x1b0)
[   12.024640] [<c05c7d08>] (kernel_init_freeable) from [<c040f28c>] (kernel_init+0x8/0xe4)
[   12.024810] [<c040f28c>] (kernel_init) from [<c0016da8>] (ret_from_fork+0x14/0x2c)
[   12.025068] ---[ end trace b6a34ae6b5da6a0c ]---
[   12.025270] ------------[ cut here ]------------
[   12.025395] WARNING: CPU: 0 PID: 1 at /home/vagrant/firmadyne-kernel/kernel-v4.1/lib/kobject.c:240 kobject_add_internal+0x240/0x2ac()
[   12.025633] kobject_add_internal failed for gpio with -EEXIST, don't try to register things with the same name in the same directory.
[   12.025857] Modules linked in:
[   12.026005] CPU: 0 PID: 1 Comm: swapper Tainted: G        W       4.1.17+ #1
[   12.026156] Hardware name: Generic DT based system
[   12.026277] [<c001c99c>] (unwind_backtrace) from [<c0019d30>] (show_stack+0x10/0x14)
[   12.026442] [<c0019d30>] (show_stack) from [<c0024ab4>] (warn_slowpath_common+0x80/0xa8)
[   12.026614] [<c0024ab4>] (warn_slowpath_common) from [<c0024b08>] (warn_slowpath_fmt+0x2c/0x3c)
[   12.026984] [<c0024b08>] (warn_slowpath_fmt) from [<c018e834>] (kobject_add_internal+0x240/0x2ac)
[   12.027186] [<c018e834>] (kobject_add_internal) from [<c018e9a8>] (kset_register+0x1c/0x44)
[   12.027360] [<c018e9a8>] (kset_register) from [<c02090b4>] (__class_register+0xa8/0x198)
[   12.027529] [<c02090b4>] (__class_register) from [<c02091e4>] (__class_create+0x40/0x70)
[   12.027698] [<c02091e4>] (__class_create) from [<c01adf68>] (register_devfs_stubs+0x314/0xbb4)
[   12.027879] [<c01adf68>] (register_devfs_stubs) from [<c05d9b08>] (init_module+0x28/0xa4)
[   12.028051] [<c05d9b08>] (init_module) from [<c0009670>] (do_one_initcall+0x104/0x1b4)
[   12.028218] [<c0009670>] (do_one_initcall) from [<c05c7d08>] (kernel_init_freeable+0xf0/0x1b0)
[   12.028395] [<c05c7d08>] (kernel_init_freeable) from [<c040f28c>] (kernel_init+0x8/0xe4)
[   12.028559] [<c040f28c>] (kernel_init) from [<c0016da8>] (ret_from_fork+0x14/0x2c)
[   12.028728] ---[ end trace b6a34ae6b5da6a0d ]---
[   12.028898] firmadyne: Cannot create device class: gpio!
[   12.030679] firmadyne: Cannot register character device: watchdog, 0xa, 0x82!
[   12.030861] firmadyne: Cannot register character device: wdt, 0xfd, 0x0!
[   12.112106] PCI host bridge /pcie@10000000 ranges:
[   12.112700]    IO 0x3eff0000..0x3effffff -> 0x00000000
[   12.113069]   MEM 0x10000000..0x3efeffff -> 0x10000000
[   12.113205]   MEM 0x8000000000..0xffffffffff -> 0x8000000000
[   12.113894] pci-host-generic 3f000000.pcie: resource collision: [mem 0x00000000-0xffffffff] conflicts with /pl011@9000000 [mem 0x09000000-0x09000fff]
[   12.114612] pci-host-generic: probe of 3f000000.pcie failed with error -16
[   12.126336] Non-volatile memory driver v1.3
[   13.030289] cfg80211: Calling CRDA to update world regulatory domain
[   13.049361] brd: module loaded
[   13.059387] loop: module loaded
[   15.366053]  vda: vda1
[   15.379041] 0.flash: Found 2 x16 devices at 0x0 in 32-bit bank. Manufacturer ID 0x000000 Chip ID 0x000000
[   15.379700] Intel/Sharp Extended Query Table at 0x0031
[   15.382063] Using buffer write method
[   15.382493] erase region 0: offset=0x0,size=0x40000,blocks=256
[   15.389905] 0.flash: Found 2 x16 devices at 0x0 in 32-bit bank. Manufacturer ID 0x000000 Chip ID 0x000000
[   15.390129] Intel/Sharp Extended Query Table at 0x0031
[   15.390886] Using buffer write method
[   15.391001] erase region 0: offset=0x0,size=0x40000,blocks=256
[   15.391200] Concatenating MTD devices:
[   15.391307] (0): "0.flash"
[   15.391382] (1): "0.flash"
[   15.391449] into device "0.flash"
[   15.402494] [nandsim] warning: read_byte: unexpected data output cycle, state is STATE_READY return 0x0
[   15.402713] [nandsim] warning: read_byte: unexpected data output cycle, state is STATE_READY return 0x0
[   15.402891] [nandsim] warning: read_byte: unexpected data output cycle, state is STATE_READY return 0x0
[   15.403063] [nandsim] warning: read_byte: unexpected data output cycle, state is STATE_READY return 0x0
[   15.403234] [nandsim] warning: read_byte: unexpected data output cycle, state is STATE_READY return 0x0
[   15.403405] [nandsim] warning: read_byte: unexpected data output cycle, state is STATE_READY return 0x0
[   15.403826] nand: device found, Manufacturer ID: 0x98, Chip ID: 0x39
[   15.403978] nand: Toshiba NAND 128MiB 1,8V 8-bit
[   15.404103] nand: 128 MiB, SLC, erase size: 16 KiB, page size: 512, OOB size: 16
[   15.405014] flash size: 128 MiB
[   15.405101] page size: 512 bytes
[   15.405178] OOB area size: 16 bytes
[   15.405258] sector size: 16 KiB
[   15.405333] pages number: 262144
[   15.405418] pages per sector: 32
[   15.405494] bus width: 8
[   15.405560] bits in sector size: 14
[   15.405641] bits in page size: 9
[   15.405719] bits in OOB size: 4
[   15.405798] flash size with OOB: 135168 KiB
[   15.405889] page address bytes: 4
[   15.405965] sector address bytes: 3
[   15.406045] options: 0x42
[   16.953268] Scanning device for bad blocks
[   17.059030] cfg80211: Calling CRDA to update world regulatory domain
[   17.060100] firmadyne: do_execve: /firmadyne/console
[   17.060295] OFFSETS: offset of pid: 0x190 offset of comm: 0x270
[   17.060788] Creating 11 MTD partitions on "NAND 128MiB 1,8V 8-bit":
[   17.061205] 0x000000000000-0x000000100000 : "NAND simulator partition 0"
[   17.063422] 0x000000100000-0x000000200000 : "NAND simulator partition 1"
[   17.064815] 0x000000200000-0x000000300000 : "NAND simulator partition 2"
[   17.066201] 0x000000300000-0x000000400000 : "NAND simulator partition 3"
[   17.067747] 0x000000400000-0x000000500000 : "NAND simulator partition 4"
[   17.069128] 0x000000500000-0x000000600000 : "NAND simulator partition 5"
[   17.070538] 0x000000600000-0x000000700000 : "NAND simulator partition 6"
[   17.072124] 0x000000700000-0x000000800000 : "NAND simulator partition 7"
[   17.073478] 0x000000800000-0x000000900000 : "NAND simulator partition 8"
[   17.074836] 0x000000900000-0x000000a00000 : "NAND simulator partition 9"
[   17.076218] 0x000000a00000-0x000008000000 : "NAND simulator partition 10"
[   17.081905] tun: Universal TUN/TAP device driver, 1.6
[   17.082037] tun: (C) 1999-2004 Max Krasnyansky <maxk@qualcomm.com>
[   18.368087] PPP generic driver version 2.4.2
[   18.368927] PPP BSD Compression module registered
[   18.369132] PPP Deflate Compression module registered
[   18.369411] PPP MPPE Compression module registered
[   18.369556] NET: Registered protocol family 24
[   18.369898] PPTP driver version 0.8.5
[   20.646086] cfg80211: Calling CRDA to update world regulatory domain
[   20.647154] usbcore: registered new interface driver usb-storage
[   20.650636] rtc-pl031 9010000.pl031: rtc core: registered pl031 as rtc0
[   20.651414] hidraw: raw HID events driver (C) Jiri Kosina
[   20.651975] usbcore: registered new interface driver usbhid
[   20.652109] usbhid: USB HID core driver
[   20.652586] Netfilter messages via NETLINK v0.30.
[   20.653254] nf_conntrack version 0.5.0 (3958 buckets, 15832 max)
[   20.654739] ctnetlink v0.93: registering with nfnetlink.
[   20.656204] ipip: IPv4 over IPv4 tunneling driver
[   20.658543] gre: GRE over IPv4 demultiplexor driver
[   20.658723] ip_gre: GRE over IPv4 tunneling driver
[   20.663393] ip_tables: (C) 2000-2006 Netfilter Core Team
[   24.043198] arp_tables: (C) 2002 David S. Miller
[   24.044426] Initializing XFRM netlink socket
[   24.045001] NET: Registered protocol family 10
[   24.048572] cfg80211: Calling CRDA to update world regulatory domain
[   24.052815] ip6_tables: (C) 2000-2006 Netfilter Core Team
[   24.054578] sit: IPv6 over IPv4 tunneling driver
[   24.058543] NET: Registered protocol family 17
[   24.059213] bridge: automatic filtering via arp/ip/ip6tables has been deprecated. Update your scripts to load br_netfilter if you need this.
[   24.059559] Bridge firewalling registered
[   24.059705] Ebtables v2.0 registered
[   24.060896] 8021q: 802.1Q VLAN Support v1.8
[   24.061576] Registering SWP/SWPB emulation handler
[   24.064335] rtc-pl031 9010000.pl031: setting system clock to 2018-07-19 12:09:13 UTC (1532002153)
[   24.074980] EXT4-fs (vda1): couldn't mount as ext3 due to feature incompatibilities
[   24.076538] EXT4-fs (vda1): mounting ext2 file system using the ext4 subsystem
[   24.085160] EXT4-fs (vda1): warning: mounting unchecked fs, running e2fsck is recommended
[   24.088089] EXT4-fs (vda1): mounted filesystem without journal. Opts: (null)
[   24.089183] VFS: Mounted root (ext2 filesystem) on device 254:1.
[   24.107370] Freeing unused kernel memory: 180K (c05c7000 - c05f4000)
