>> Database Image ID: 23

/home/zhumengfan/firmware/firmwares/82f6d816da8bf6995c18f67a49910e6ddacacd22.ZIP
>> MD5: 454a724c236d78dca6fc26a81e73827d
>> Tag: 23
>> Temp: /tmp/tmporMGyT
>> Status: Kernel: True, Rootfs: False, Do_Kernel: False,                 Do_Rootfs: True
>>>> Zip archive data, at least v2.0 to extract, compressed size: 13110495, uncompressed size: 13156500, name: DIR880A1_FW102b13.bin
>> Recursing into archive ...
	
/tmp/tmporMGyT/_82f6d816da8bf6995c18f67a49910e6ddacacd22.ZIP.extracted/DIR880A1_FW102b13.bin
	>> MD5: ada7ad9b5dd4ab41cff71e6ea0e19f24
	>> Tag: 23
	>> Temp: /tmp/tmpGv6d9f
	>> Status: Kernel: True, Rootfs: False, Do_Kernel: False,                 Do_Rootfs: True
	>>>> Squashfs filesystem, little endian, version 4.0, compression:xz, size: 11321061 bytes, 2519 inodes, blocksize: 131072 bytes, created: 2014-11-11 06:06:37
	>>>> Found Linux filesystem in /tmp/tmpGv6d9f/_DIR880A1_FW102b13.bin.extracted/squashfs-root!
	>> Skipping: completed!
	>> Cleaning up /tmp/tmpGv6d9f...
>> Skipping: completed!
>> Cleaning up /tmp/tmporMGyT...
./bin/busybox: armel
Querying database for architecture... armel
----Running----
----Copying Filesystem Tarball----
----Creating QEMU Image----
Formatting '/home/zhumengfan/firmadyne//scratch//23//image.raw', fmt=raw size=1073741824
----Creating Partition Table----

Welcome to fdisk (util-linux 2.27.1).
Changes will remain in memory only, until you decide to write them.
Be careful before using the write command.

Device does not contain a recognized partition table.
Created a new DOS disklabel with disk identifier 0x75176365.

Command (m for help): Created a new DOS disklabel with disk identifier 0x6eb1b572.

Command (m for help): Partition type
   p   primary (0 primary, 0 extended, 4 free)
   e   extended (container for logical partitions)
Select (default p): Partition number (1-4, default 1): First sector (2048-2097151, default 2048): Last sector, +sectors or +size{K,M,G,T,P} (2048-2097151, default 2097151): 
Created a new partition 1 of type 'Linux' and of size 1023 MiB.

Command (m for help): The partition table has been altered.
Syncing disks.

----Mounting QEMU Image----
add map loop0p1 (252:0): 0 2095104 linear 7:0 2048
----Creating Filesystem----
mke2fs 1.42.13 (17-May-2015)
Discarding device blocks:   4096/261888             done                            
Creating filesystem with 261888 4k blocks and 65536 inodes
Filesystem UUID: 333859df-a5bd-461f-b2f0-79f7cfd01c14
Superblock backups stored on blocks: 
	32768, 98304, 163840, 229376

Allocating group tables: 0/8   done                            
Writing inode tables: 0/8   done                            
Writing superblocks and filesystem accounting information: 0/8   done

----Making QEMU Image Mountpoint----
----Mounting QEMU Image Partition 1----
----Extracting Filesystem Tarball----
----Creating FIRMADYNE Directories----
----Patching Filesystem (chroot)----
Creating /etc/TZ!
Creating /etc/hosts!
Creating /etc/passwd!
Warning: Recreating device nodes!
Removing /etc/scripts/sys_resetbutton!
----Setting up FIRMADYNE----
----Unmounting QEMU Image----
loop deleted : /dev/loop0
Querying database for architecture... armel
Running firmware 23: terminating after 60 secs...
qemu-system-arm: terminating on signal 2 from pid 62422 (timeout)
Inferring network...
Interfaces: [('br0', '192.168.0.1'), ('br1', '192.168.7.1')]
Done!
[    0.000000] Booting Linux on physical CPU 0x0
[    0.000000] Linux version 4.1.17+ (vagrant@vagrant-ubuntu-trusty-64) (gcc version 5.3.0 (GCC) ) #1 Thu Feb 18 01:05:21 UTC 2016
[    0.000000] CPU: ARMv7 Processor [412fc0f1] revision 1 (ARMv7), cr=10c5387d
[    0.000000] CPU: PIPT / VIPT nonaliasing data cache, PIPT instruction cache
[    0.000000] Machine model: linux,dummy-virt
[    0.000000] debug: ignoring loglevel setting.
[    0.000000] Memory policy: Data cache writeback
[    0.000000] On node 0 totalpages: 65536
[    0.000000] free_area_init_node: node 0, pgdat c061dfe8, node_mem_map cfdf9000
[    0.000000]   Normal zone: 512 pages used for memmap
[    0.000000]   Normal zone: 0 pages reserved
[    0.000000]   Normal zone: 65536 pages, LIFO batch:15
[    0.000000] psci: probing for conduit method from DT.
[    0.000000] psci: PSCIv0.2 detected in firmware.
[    0.000000] psci: Using standard PSCI v0.2 function IDs
[    0.000000] CPU: All CPU(s) started in SVC mode.
[    0.000000] pcpu-alloc: s0 r0 d32768 u32768 alloc=1*32768
[    0.000000] pcpu-alloc: [0] 0 
[    0.000000] Built 1 zonelists in Zone order, mobility grouping on.  Total pages: 65024
[    0.000000] Kernel command line: firmadyne.syscall=1 root=/dev/vda1 console=ttyS0 nandsim.parts=64,64,64,64,64,64,64,64,64,64 rdinit=/firmadyne/preInit.sh rw debug ignore_loglevel print-fatal-signals=1 user_debug=31
[    0.000000] PID hash table entries: 1024 (order: 0, 4096 bytes)
[    0.000000] Dentry cache hash table entries: 32768 (order: 5, 131072 bytes)
[    0.000000] Inode-cache hash table entries: 16384 (order: 4, 65536 bytes)
[    0.000000] Memory: 253340K/262144K available (4297K kernel code, 170K rwdata, 1584K rodata, 180K init, 148K bss, 8804K reserved, 0K cma-reserved)
[    0.000000] Virtual kernel memory layout:
[    0.000000]     vector  : 0xffff0000 - 0xffff1000   (   4 kB)
[    0.000000]     fixmap  : 0xffc00000 - 0xfff00000   (3072 kB)
[    0.000000]     vmalloc : 0xd0800000 - 0xff000000   ( 744 MB)
[    0.000000]     lowmem  : 0xc0000000 - 0xd0000000   ( 256 MB)
[    0.000000]     modules : 0xbf000000 - 0xc0000000   (  16 MB)
[    0.000000]       .text : 0xc0008000 - 0xc05c67bc   (5882 kB)
[    0.000000]       .init : 0xc05c7000 - 0xc05f4000   ( 180 kB)
[    0.000000]       .data : 0xc05f4000 - 0xc061e840   ( 171 kB)
[    0.000000]        .bss : 0xc0621000 - 0xc06462d4   ( 149 kB)
[    0.000000] NR_IRQS:16 nr_irqs:16 16
[    0.000000] Architected cp15 timer(s) running at 62.50MHz (virt).
[    0.000000] clocksource arch_sys_counter: mask: 0xffffffffffffff max_cycles: 0x1cd42e208c, max_idle_ns: 881590405314 ns
[    0.000163] sched_clock: 56 bits at 62MHz, resolution 16ns, wraps every 4398046511096ns
[    0.000323] Switching to timer-based delay loop, resolution 16ns
[    0.003484] Console: colour dummy device 80x30
[    0.003815] Calibrating delay loop (skipped), value calculated using timer frequency.. 125.00 BogoMIPS (lpj=625000)
[    0.003948] pid_max: default: 32768 minimum: 301
[    0.004917] Mount-cache hash table entries: 1024 (order: 0, 4096 bytes)
[    0.004956] Mountpoint-cache hash table entries: 1024 (order: 0, 4096 bytes)
[    0.015127] CPU: Testing write buffer coherency: ok
[    0.021864] Setting up static identity map for 0x40008240 - 0x40008298
[    0.037213] VFP support v0.3: implementor 41 architecture 4 part 30 variant f rev 0
[    0.049585] clocksource jiffies: mask: 0xffffffff max_cycles: 0xffffffff, max_idle_ns: 19112604462750000 ns
[    0.059098] NET: Registered protocol family 16
[    0.062284] DMA: preallocated 256 KiB pool for atomic coherent allocations
[    0.066747] cpuidle: using governor ladder
[    0.066912] cpuidle: using governor menu
[    0.087857] Serial: AMBA PL011 UART driver
[    0.090096] 9000000.pl011: ttyS0 at MMIO 0x9000000 (irq = 54, base_baud = 0) is a PL011 rev1
[    0.097840] console [ttyS0] enabled
[    0.121182] vgaarb: loaded
[    0.122756] SCSI subsystem initialized
[    0.123862] usbcore: registered new interface driver usbfs
[    0.124258] usbcore: registered new interface driver hub
[    0.124625] usbcore: registered new device driver usb
[    0.134283] cfg80211: Calling CRDA to update world regulatory domain
[    0.136949] Switched to clocksource arch_sys_counter
[    0.155270] NET: Registered protocol family 2
[    0.160762] TCP established hash table entries: 2048 (order: 1, 8192 bytes)
[    0.161047] TCP bind hash table entries: 2048 (order: 1, 8192 bytes)
[    0.161350] TCP: Hash tables configured (established 2048 bind 2048)
[    0.161962] UDP hash table entries: 256 (order: 0, 4096 bytes)
[    0.162270] UDP-Lite hash table entries: 256 (order: 0, 4096 bytes)
[    0.163764] NET: Registered protocol family 1
[    0.164219] PCI: CLS 0 bytes, default 64
[    0.171832] NetWinder Floating Point Emulator V0.97 (extended precision)
[    0.174666] futex hash table entries: 256 (order: -1, 3072 bytes)
[    0.180489] squashfs: version 4.0 (2009/01/31) Phillip Lougher
[    0.181565] jffs2: version 2.2. (NAND) Â© 2001-2006 Red Hat, Inc.
[    0.182366] romfs: ROMFS MTD (C) 2007 Red Hat, Inc.
[    0.191803] Block layer SCSI generic (bsg) driver version 0.4 loaded (major 253)
[    0.192173] io scheduler noop registered
[    0.192442] io scheduler cfq registered (default)
[    0.193230] firmadyne: devfs: 1, execute: 1, procfs: 1, syscall: 1
[    0.194569] ------------[ cut here ]------------
[    0.194811] WARNING: CPU: 0 PID: 1 at /home/vagrant/firmadyne-kernel/kernel-v4.1/fs/sysfs/dir.c:31 sysfs_warn_dup+0x50/0x6c()
[    0.195039] sysfs: cannot create duplicate filename '/class/gpio'
[    0.195207] Modules linked in:
[    0.195491] CPU: 0 PID: 1 Comm: swapper Not tainted 4.1.17+ #1
[    0.195628] Hardware name: Generic DT based system
[    0.196392] [<c001c99c>] (unwind_backtrace) from [<c0019d30>] (show_stack+0x10/0x14)
[    0.196912] [<c0019d30>] (show_stack) from [<c0024ab4>] (warn_slowpath_common+0x80/0xa8)
[    0.197133] [<c0024ab4>] (warn_slowpath_common) from [<c0024b08>] (warn_slowpath_fmt+0x2c/0x3c)
[    0.197364] [<c0024b08>] (warn_slowpath_fmt) from [<c00e363c>] (sysfs_warn_dup+0x50/0x6c)
[    0.197518] [<c00e363c>] (sysfs_warn_dup) from [<c00e3714>] (sysfs_create_dir_ns+0x74/0x84)
[    0.197732] [<c00e3714>] (sysfs_create_dir_ns) from [<c018e6ac>] (kobject_add_internal+0xb8/0x2ac)
[    0.197917] [<c018e6ac>] (kobject_add_internal) from [<c018e9a8>] (kset_register+0x1c/0x44)
[    0.198094] [<c018e9a8>] (kset_register) from [<c02090b4>] (__class_register+0xa8/0x198)
[    0.198264] [<c02090b4>] (__class_register) from [<c02091e4>] (__class_create+0x40/0x70)
[    0.198434] [<c02091e4>] (__class_create) from [<c01adf68>] (register_devfs_stubs+0x314/0xbb4)
[    0.198615] [<c01adf68>] (register_devfs_stubs) from [<c05d9b08>] (init_module+0x28/0xa4)
[    0.198817] [<c05d9b08>] (init_module) from [<c0009670>] (do_one_initcall+0x104/0x1b4)
[    0.198988] [<c0009670>] (do_one_initcall) from [<c05c7d08>] (kernel_init_freeable+0xf0/0x1b0)
[    0.199198] [<c05c7d08>] (kernel_init_freeable) from [<c040f28c>] (kernel_init+0x8/0xe4)
[    0.199363] [<c040f28c>] (kernel_init) from [<c0016da8>] (ret_from_fork+0x14/0x2c)
[    0.199591] ---[ end trace 900ce0d49978387a ]---
[    0.199832] ------------[ cut here ]------------
[    0.199945] WARNING: CPU: 0 PID: 1 at /home/vagrant/firmadyne-kernel/kernel-v4.1/lib/kobject.c:240 kobject_add_internal+0x240/0x2ac()
[    0.200165] kobject_add_internal failed for gpio with -EEXIST, don't try to register things with the same name in the same directory.
[    0.200395] Modules linked in:
[    0.200541] CPU: 0 PID: 1 Comm: swapper Tainted: G        W       4.1.17+ #1
[    0.200679] Hardware name: Generic DT based system
[    0.200797] [<c001c99c>] (unwind_backtrace) from [<c0019d30>] (show_stack+0x10/0x14)
[    0.200962] [<c0019d30>] (show_stack) from [<c0024ab4>] (warn_slowpath_common+0x80/0xa8)
[    0.201134] [<c0024ab4>] (warn_slowpath_common) from [<c0024b08>] (warn_slowpath_fmt+0x2c/0x3c)
[    0.201315] [<c0024b08>] (warn_slowpath_fmt) from [<c018e834>] (kobject_add_internal+0x240/0x2ac)
[    0.201520] [<c018e834>] (kobject_add_internal) from [<c018e9a8>] (kset_register+0x1c/0x44)
[    0.201705] [<c018e9a8>] (kset_register) from [<c02090b4>] (__class_register+0xa8/0x198)
[    0.201873] [<c02090b4>] (__class_register) from [<c02091e4>] (__class_create+0x40/0x70)
[    0.202074] [<c02091e4>] (__class_create) from [<c01adf68>] (register_devfs_stubs+0x314/0xbb4)
[    0.202269] [<c01adf68>] (register_devfs_stubs) from [<c05d9b08>] (init_module+0x28/0xa4)
[    0.202469] [<c05d9b08>] (init_module) from [<c0009670>] (do_one_initcall+0x104/0x1b4)
[    0.202642] [<c0009670>] (do_one_initcall) from [<c05c7d08>] (kernel_init_freeable+0xf0/0x1b0)
[    0.202833] [<c05c7d08>] (kernel_init_freeable) from [<c040f28c>] (kernel_init+0x8/0xe4)
[    0.202997] [<c040f28c>] (kernel_init) from [<c0016da8>] (ret_from_fork+0x14/0x2c)
[    0.203208] ---[ end trace 900ce0d49978387b ]---
[    0.203366] firmadyne: Cannot create device class: gpio!
[    0.205312] firmadyne: Cannot register character device: watchdog, 0xa, 0x82!
[    0.205478] firmadyne: Cannot register character device: wdt, 0xfd, 0x0!
[    0.290146] PCI host bridge /pcie@10000000 ranges:
[    0.290705]    IO 0x3eff0000..0x3effffff -> 0x00000000
[    0.291066]   MEM 0x10000000..0x3efeffff -> 0x10000000
[    0.291195]   MEM 0x8000000000..0xffffffffff -> 0x8000000000
[    0.291858] pci-host-generic 3f000000.pcie: resource collision: [mem 0x00000000-0xffffffff] conflicts with /pl011@9000000 [mem 0x09000000-0x09000fff]
[    0.292666] pci-host-generic: probe of 3f000000.pcie failed with error -16
[    0.304283] Non-volatile memory driver v1.3
[    0.327489] brd: module loaded
[    0.338128] loop: module loaded
[    0.350979]  vda: vda1
[    0.363209] 0.flash: Found 2 x16 devices at 0x0 in 32-bit bank. Manufacturer ID 0x000000 Chip ID 0x000000
[    0.363879] Intel/Sharp Extended Query Table at 0x0031
[    0.365136] Using buffer write method
[    0.365544] erase region 0: offset=0x0,size=0x40000,blocks=256
[    0.373035] 0.flash: Found 2 x16 devices at 0x0 in 32-bit bank. Manufacturer ID 0x000000 Chip ID 0x000000
[    0.373293] Intel/Sharp Extended Query Table at 0x0031
[    0.374074] Using buffer write method
[    0.374191] erase region 0: offset=0x0,size=0x40000,blocks=256
[    0.374383] Concatenating MTD devices:
[    0.374473] (0): "0.flash"
[    0.374536] (1): "0.flash"
[    0.374610] into device "0.flash"
[    0.387955] [nandsim] warning: read_byte: unexpected data output cycle, state is STATE_READY return 0x0
[    0.388209] [nandsim] warning: read_byte: unexpected data output cycle, state is STATE_READY return 0x0
[    0.388387] [nandsim] warning: read_byte: unexpected data output cycle, state is STATE_READY return 0x0
[    0.388574] [nandsim] warning: read_byte: unexpected data output cycle, state is STATE_READY return 0x0
[    0.388793] [nandsim] warning: read_byte: unexpected data output cycle, state is STATE_READY return 0x0
[    0.388962] [nandsim] warning: read_byte: unexpected data output cycle, state is STATE_READY return 0x0
[    0.389400] nand: device found, Manufacturer ID: 0x98, Chip ID: 0x39
[    0.389535] nand: Toshiba NAND 128MiB 1,8V 8-bit
[    0.389685] nand: 128 MiB, SLC, erase size: 16 KiB, page size: 512, OOB size: 16
[    0.390575] flash size: 128 MiB
[    0.390703] page size: 512 bytes
[    0.390777] OOB area size: 16 bytes
[    0.390855] sector size: 16 KiB
[    0.390925] pages number: 262144
[    0.390997] pages per sector: 32
[    0.391069] bus width: 8
[    0.391163] bits in sector size: 14
[    0.391234] bits in page size: 9
[    0.391316] bits in OOB size: 4
[    0.391382] flash size with OOB: 135168 KiB
[    0.391458] page address bytes: 4
[    0.391521] sector address bytes: 3
[    0.391588] options: 0x42
[    0.395859] Scanning device for bad blocks
[    0.507194] firmadyne: do_execve: /firmadyne/console
[    0.507410] OFFSETS: offset of pid: 0x190 offset of comm: 0x270
[    0.507886] Creating 11 MTD partitions on "NAND 128MiB 1,8V 8-bit":
[    0.508342] 0x000000000000-0x000000100000 : "NAND simulator partition 0"
[    0.510576] 0x000000100000-0x000000200000 : "NAND simulator partition 1"
[    0.511981] 0x000000200000-0x000000300000 : "NAND simulator partition 2"
[    0.513379] 0x000000300000-0x000000400000 : "NAND simulator partition 3"
[    0.514819] 0x000000400000-0x000000500000 : "NAND simulator partition 4"
[    0.516249] 0x000000500000-0x000000600000 : "NAND simulator partition 5"
[    0.517879] 0x000000600000-0x000000700000 : "NAND simulator partition 6"
[    0.519612] 0x000000700000-0x000000800000 : "NAND simulator partition 7"
[    0.521042] 0x000000800000-0x000000900000 : "NAND simulator partition 8"
[    0.522408] 0x000000900000-0x000000a00000 : "NAND simulator partition 9"
[    0.523787] 0x000000a00000-0x000008000000 : "NAND simulator partition 10"
[    0.529662] tun: Universal TUN/TAP device driver, 1.6
[    0.529815] tun: (C) 1999-2004 Max Krasnyansky <maxk@qualcomm.com>
[    0.541505] PPP generic driver version 2.4.2
[    0.542256] PPP BSD Compression module registered
[    0.542433] PPP Deflate Compression module registered
[    0.542666] PPP MPPE Compression module registered
[    0.542799] NET: Registered protocol family 24
[    0.543108] PPTP driver version 0.8.5
[    0.544764] usbcore: registered new interface driver usb-storage
[    0.548245] rtc-pl031 9010000.pl031: rtc core: registered pl031 as rtc0
[    0.549005] hidraw: raw HID events driver (C) Jiri Kosina
[    0.549552] usbcore: registered new interface driver usbhid
[    0.549682] usbhid: USB HID core driver
[    0.550138] Netfilter messages via NETLINK v0.30.
[    0.550792] nf_conntrack version 0.5.0 (3958 buckets, 15832 max)
[    0.552230] ctnetlink v0.93: registering with nfnetlink.
[    0.553679] ipip: IPv4 over IPv4 tunneling driver
[    0.555829] gre: GRE over IPv4 demultiplexor driver
[    0.555994] ip_gre: GRE over IPv4 tunneling driver
[    0.560793] ip_tables: (C) 2000-2006 Netfilter Core Team
[    0.562529] arp_tables: (C) 2002 David S. Miller
[    0.563630] Initializing XFRM netlink socket
[    0.564146] NET: Registered protocol family 10
[    0.571557] ip6_tables: (C) 2000-2006 Netfilter Core Team
[    0.573359] sit: IPv6 over IPv4 tunneling driver
[    0.577371] NET: Registered protocol family 17
[    0.578054] bridge: automatic filtering via arp/ip/ip6tables has been deprecated. Update your scripts to load br_netfilter if you need this.
[    0.578490] Bridge firewalling registered
[    0.578651] Ebtables v2.0 registered
[    0.579913] 8021q: 802.1Q VLAN Support v1.8
[    0.580576] Registering SWP/SWPB emulation handler
[    0.583456] rtc-pl031 9010000.pl031: setting system clock to 2018-07-19 08:35:50 UTC (1531989350)
[    0.594334] EXT4-fs (vda1): couldn't mount as ext3 due to feature incompatibilities
[    0.596245] EXT4-fs (vda1): mounting ext2 file system using the ext4 subsystem
[    0.607963] EXT4-fs (vda1): mounted filesystem without journal. Opts: (null)
[    0.609113] VFS: Mounted root (ext2 filesystem) on device 254:1.
[    0.627629] Freeing unused kernel memory: 180K (c05c7000 - c05f4000)
[    0.658320] random: init urandom read with 1 bits of entropy available
[    0.662237] firmadyne: sys_reboot[PID: 1 (init)]: magic1:fee1dead, magic2:28121969, cmd:0
init started: BusyBox v1.14.1 (2014-11-11 14:03:12 CST)
starting pid 54, tty '': '/etc/init.d/rcS'
[/etc/init.d/S10init.sh]
mount: mounting usbfs on /proc/bus/usb failed: No such file or directory
[/etc/init.d/S12ubs_storage.sh]
[/etc/init.d/S15udevd.sh]
[    0.884689] firmadyne: sys_socket[PID: 76 (udevd)]: family:1, type:2, protocol:0
[    0.886013] firmadyne: sys_setsockopt[PID: 76 (udevd)]: fd:3, level:1, optname:16
[    0.886431] firmadyne: sys_socket[PID: 76 (udevd)]: family:16, type:2, protocol:15
[    0.886924] firmadyne: sys_setsockopt[PID: 76 (udevd)]: fd:4, level:1, optname:33
[    0.977944] firmadyne: sys_socket[PID: 77 (udevd)]: family:1, type:2, protocol:0
[    0.979243] firmadyne: sys_socket[PID: 77 (udevd)]: family:1, type:1, protocol:0
[    1.031747] udevd (77): /proc/77/oom_adj is deprecated, please use /proc/77/oom_score_adj instead.
[/etc/init.d/S16ipv6.sh]
[/etc/init.d/S19init.sh]
[/etc/init.d/S20init.sh]
[    1.527235] firmadyne: sys_socket[PID: 98 (xmldb)]: family:1, type:1, protocol:0
[    1.555575] firmadyne: sys_socket[PID: 100 (servd)]: family:1, type:1, protocol:0
[    1.572645] firmadyne: sys_socket[PID: 102 (xmldbc)]: family:1, type:1, protocol:0
[    1.791576] firmadyne: sys_socket[PID: 108 (xmldbc)]: family:1, type:1, protocol:0
the mfc do not init wifi password,using default
the mfc do not init wifi password,using default
[    2.164374] firmadyne: sys_socket[PID: 119 (xmldbc)]: family:1, type:1, protocol:0
[    2.269430] firmadyne: sys_socket[PID: 120 (xmldbc)]: family:1, type:1, protocol:0
DEVCONF: unable to read config data (ret=-3) !
!!!!!!!!!!!!!!!!!!!!!!!!!!!!!!!!!!!!!!!!!!
!!     Uable to read device config.     !!
!! Setting is reset to factory default. !!
!!!!!!!!!!!!!!!!!!!!!!!!!!!!!!!!!!!!!!!!!!
  DEFNODE[/etc/defnodes/S11devdata.xml]
[    2.373415] firmadyne: sys_socket[PID: 132 (xmldbc)]: family:1, type:1, protocol:0
  DEFNODE[/etc/defnodes/S12devdata.php]
[    2.398359] firmadyne: sys_socket[PID: 135 (xmldbc)]: family:1, type:1, protocol:0
  DEFNODE[/etc/defnodes/S12flashspeed.php]
[    2.832651] firmadyne: sys_socket[PID: 158 (xmldbc)]: family:1, type:1, protocol:0
  DEFNODE[/etc/defnodes/S13dfs.php]
[    2.859945] firmadyne: sys_socket[PID: 161 (xmldbc)]: family:1, type:1, protocol:0
  DEFNODE[/etc/defnodes/S14setchlist.php]
[    2.886535] firmadyne: sys_socket[PID: 164 (xmldbc)]: family:1, type:1, protocol:0
phplib/getchlist.php - GETCHLIST() ERROR: no Country Code!!! Please check if you board is initialized.
  DEFNODE[/etc/defnodes/S20device.xml]
[    3.573419] cfg80211: Calling CRDA to update world regulatory domain
[    3.583040] firmadyne: sys_socket[PID: 167 (xmldbc)]: family:1, type:1, protocol:0
  DEFNODE[/etc/defnodes/S22timezone.php]
[    3.612680] firmadyne: sys_socket[PID: 171 (xmldbc)]: family:1, type:1, protocol:0
[/etc/scripts/setdate.sh] 01/01/2000 ...
Sat Jan  1 16:35:53 GMT 2000
  DEFNODE[/etc/defnodes/S30device.php]
[    3.738735] firmadyne: sys_socket[PID: 190 (xmldbc)]: family:1, type:1, protocol:0
  DEFNODE[/etc/defnodes/S30device.xml]
[    3.830781] firmadyne: sys_socket[PID: 193 (xmldbc)]: family:1, type:1, protocol:0
  DEFNODE[/etc/defnodes/S31diagnostic.xml]
[    3.848722] firmadyne: sys_socket[PID: 196 (xmldbc)]: family:1, type:1, protocol:0
  DEFNODE[/etc/defnodes/S31locale.php]
[    3.871047] firmadyne: sys_socket[PID: 199 (xmldbc)]: family:1, type:1, protocol:0
  DEFNODE[/etc/defnodes/S33wifi.php]
[    3.896137] firmadyne: sys_socket[PID: 202 (xmldbc)]: family:1, type:1, protocol:0
  DEFNODE[/etc/defnodes/S40device.xml]
[    3.938196] firmadyne: sys_socket[PID: 205 (xmldbc)]: family:1, type:1, protocol:0
  DEFNODE[/etc/defnodes/S40links.php]
[    4.014758] firmadyne: sys_socket[PID: 208 (xmldbc)]: family:1, type:1, protocol:0
  DEFNODE[/etc/defnodes/S90opendns.php]
[    4.041069] firmadyne: sys_socket[PID: 211 (xmldbc)]: family:1, type:1, protocol:0
  DEFNODE[/etc/defnodes/S90sessions.php]
[    4.082080] firmadyne: sys_socket[PID: 214 (xmldbc)]: family:1, type:1, protocol:0
  DEFNODE[/etc/defnodes/S90upnpigd.php]
[    4.110197] firmadyne: sys_socket[PID: 217 (xmldbc)]: family:1, type:1, protocol:0
  DEFNODE[/etc/defnodes/S90upnpwfa.php]
[    4.282520] firmadyne: sys_socket[PID: 226 (xmldbc)]: family:1, type:1, protocol:0
  DEFNODE[/etc/defnodes/S91upnpigd2.php]
[    4.407301] firmadyne: sys_socket[PID: 235 (xmldbc)]: family:1, type:1, protocol:0
[    4.765493] firmadyne: sys_socket[PID: 242 (service)]: family:1, type:1, protocol:0
SERVD: start service [LOGD]
 [/etc/init.d/S21usbmount.sh]
[    4.823904] firmadyne: sys_socket[PID: 252 (xmldbc)]: family:1, type:1, protocol:0
[/etc/init.d/S22mydlink.sh]
[    4.890266] firmadyne: sys_socket[PID: 261 (xmldbc)]: family:1, type:1, protocol:0
[/etc/init.d/S23udevd.sh]
[    5.017565] firmadyne: sys_socket[PID: 264 (logd)]: family:1, type:2, protocol:0
[/etc/init.d/S45gpiod.sh]
[    5.319800] firmadyne: sys_socket[PID: 275 (xmldbc)]: family:1, type:1, protocol:0
[/etc/init.d/rcS] done!
Factory reset time : 5 secs
00: WPS Button using GPIO #7, input mode.
01: Factory Reset Button using GPIO #11, input mode.
02: Power_Status LED Green using GPIO #2, output mode.
03: Power_Status LED Orange using GPIO #0, output mode.
04: Internet LED Orange using GPIO #1, output mode.
05: Internet LED Green using GPIO #3, output mode.
06: USB2.0 using GPIO #9, output mode.
07: USB3.0 using GPIO #10, output mode.
08: USB2.0 LED Green using GPIO #15, output mode.
09: USB3.0 LED Green using GPIO #8, output mode.
10: WIFI 2.4G LED Green using GPIO #13, output mode.
11: WIFI 5G LED Green using GPIO #14, output mode.
[    5.362269] firmadyne: sys_socket[PID: 277 (gpiod)]: family:1, type:2, protocol:0
[    5.449392] firmadyne: sys_socket[PID: 277 (gpiod)]: family:2, type:2, protocol:0
et interface not found
[/etc/init0.d/S21layout.sh]: start ...
[    5.465703] firmadyne: sys_socket[PID: 285 (service)]: family:1, type:1, protocol:0
SERVD: start service [LAYOUT]
 [    5.497097] firmadyne: sys_socket[PID: 286 (event)]: family:1, type:1, protocol:0
SERVD: event [WANPORT.LINKDOWN] not found!
 [    5.533972] firmadyne: sys_socket[PID: 295 (xmldbc)]: family:1, type:1, protocol:0
mount: mounting /dev/mtdblock/4 on /htdocs/web/js/localization failed: Invalid argument
[    5.584184] firmadyne: sys_socket[PID: 301 (event)]: family:1, type:1, protocol:0
 [/etc/init0.d/S40event.sh]: start ...
[    5.874929] firmadyne: sys_socket[PID: 310 (event)]: family:1, type:1, protocol:0
/dev/nvram: No such device
 [    5.902441] firmadyne: sys_socket[PID: 314 (event)]: family:1, type:1, protocol:0
/dev/nvram: No such device
 [    5.931559] firmadyne: sys_socket[PID: 315 (event)]: family:1, type:1, protocol:0
/dev/nvram: No such device
/dev/nvram: No such device
/dev/nvram: No such device
/dev/nvram: No such device
/dev/nvram: No such device
/dev/nvram: No such device
/dev/nvram: No such device
/dev/nvram: No such device
/dev/nvram: No such device
 [    6.318301] firmadyne: sys_socket[PID: 326 (event)]: family:1, type:1, protocol:0
 [    6.333726] firmadyne: sys_socket[PID: 327 (event)]: family:1, type:1, protocol:0
 [    6.342364] firmadyne: sys_socket[PID: 328 (event)]: family:1, type:1, protocol:0
 [    6.354064] firmadyne: sys_socket[PID: 329 (event)]: family:1, type:1, protocol:0
 /dev/nvram: No such device
[    6.374569] firmadyne: sys_socket[PID: 330 (event)]: family:1, type:1, protocol:0
 /dev/nvram: No such device
/dev/nvram: No such device
/dev/nvram: No such device
[    6.509560] firmadyne: sys_socket[PID: 277 (gpiod)]: family:2, type:2, protocol:0
et interface not found
/dev/nvram: No such device
/dev/nvram: No such device
[    6.564375] firmadyne: sys_socket[PID: 339 (event)]: family:1, type:1, protocol:0
/dev/nvram: No such device
 /dev/nvram: No such device
[    6.645292] firmadyne: sys_socket[PID: 342 (event)]: family:1, type:1, protocol:0
 /dev/nvram: No such device
[    6.708748] firmadyne: sys_socket[PID: 344 (event)]: family:1, type:1, protocol:0
[    6.718890] cfg80211: Calling CRDA to update world regulatory domain
 [    6.771435] firmadyne: sys_socket[PID: 346 (event)]: family:1, type:1, protocol:0
 [    6.804305] firmadyne: sys_socket[PID: 349 (event)]: family:1, type:1, protocol:0
[    6.807908] firmadyne: sys_socket[PID: 350 (et)]: family:2, type:2, protocol:0
et interface not found
 [    6.834430] firmadyne: sys_socket[PID: 352 (event)]: family:1, type:1, protocol:0
[    6.839053] firmadyne: sys_socket[PID: 351 (et)]: family:2, type:2, protocol:0
et interface not found
 [    6.855117] firmadyne: sys_socket[PID: 353 (et)]: family:2, type:2, protocol:0
et interface not found
[    6.872537] firmadyne: sys_socket[PID: 354 (event)]: family:1, type:1, protocol:0
 [    6.897172] firmadyne: sys_socket[PID: 355 (et)]: family:2, type:2, protocol:0
et interface not found
[    6.903946] firmadyne: sys_socket[PID: 356 (event)]: family:1, type:1, protocol:0
[    6.908426] firmadyne: sys_socket[PID: 357 (ifconfig)]: family:2, type:2, protocol:0
 [    6.934100] firmadyne: sys_socket[PID: 358 (et)]: family:2, type:2, protocol:0
[    6.938313] firmadyne: sys_socket[PID: 359 (event)]: family:1, type:1, protocol:0
et interface not found
 [    7.003094] firmadyne: sys_socket[PID: 361 (event)]: family:1, type:1, protocol:0
 [    7.017996] firmadyne: sys_socket[PID: 362 (event)]: family:1, type:1, protocol:0
 [    7.034222] firmadyne: sys_socket[PID: 363 (event)]: family:1, type:1, protocol:0
 [    7.041631] firmadyne: sys_socket[PID: 360 (ip)]: family:16, type:3, protocol:0
[    7.042246] firmadyne: sys_setsockopt[PID: 360 (ip)]: fd:7, level:1, optname:7
[    7.042712] firmadyne: sys_setsockopt[PID: 360 (ip)]: fd:7, level:1, optname:8
[    7.066387] 8021q: adding VLAN 0 to HW filter on device eth0
[    7.071174] firmadyne: sys_socket[PID: 364 (event)]: family:1, type:1, protocol:0
 [    7.084167] firmadyne: sys_socket[PID: 365 (event)]: family:1, type:1, protocol:0
[    7.093900] firmadyne: sys_socket[PID: 366 (vconfig)]: family:2, type:1, protocol:0
[    7.095666] firmadyne: register_vlan_dev[PID: 366 (vconfig)]: dev:eth0.1 vlan_id:1
 [    7.131487] firmadyne: sys_socket[PID: 368 (event)]: family:1, type:1, protocol:0
 [    7.140238] firmadyne: sys_socket[PID: 370 (vconfig)]: family:2, type:1, protocol:0
[    7.148929] firmadyne: sys_socket[PID: 372 (vconfig)]: family:2, type:1, protocol:0
[    7.156605] firmadyne: sys_socket[PID: 371 (event)]: family:1, type:1, protocol:0
[    7.159251] firmadyne: sys_socket[PID: 373 (vconfig)]: family:2, type:1, protocol:0
[    7.162273] firmadyne: sys_socket[PID: 374 (vconfig)]: family:2, type:1, protocol:0
 [    7.170376] firmadyne: sys_socket[PID: 375 (vconfig)]: family:2, type:1, protocol:0
[    7.178945] firmadyne: sys_socket[PID: 377 (vconfig)]: family:2, type:1, protocol:0
[    7.186650] firmadyne: sys_socket[PID: 376 (event)]: family:1, type:1, protocol:0
[    7.189334] firmadyne: sys_socket[PID: 378 (vconfig)]: family:2, type:1, protocol:0
[    7.192383] firmadyne: sys_socket[PID: 379 (vconfig)]: family:2, type:1, protocol:0
 [    7.220495] firmadyne: sys_socket[PID: 380 (ip)]: family:16, type:3, protocol:0
[    7.220864] firmadyne: sys_setsockopt[PID: 380 (ip)]: fd:7, level:1, optname:7
[    7.221063] firmadyne: sys_setsockopt[PID: 380 (ip)]: fd:7, level:1, optname:8
[    7.229045] firmadyne: sys_socket[PID: 381 (event)]: family:1, type:1, protocol:0
 [    7.256313] firmadyne: sys_socket[PID: 383 (ip)]: family:16, type:3, protocol:0
[    7.256863] firmadyne: sys_setsockopt[PID: 383 (ip)]: fd:7, level:1, optname:7
[    7.258030] firmadyne: sys_socket[PID: 382 (event)]: family:1, type:1, protocol:0
[    7.260074] firmadyne: sys_setsockopt[PID: 383 (ip)]: fd:7, level:1, optname:8
 [    7.274402] firmadyne: sys_socket[PID: 384 (ip)]: family:16, type:3, protocol:0
[    7.274773] firmadyne: sys_setsockopt[PID: 384 (ip)]: fd:7, level:1, optname:7
[    7.274970] firmadyne: sys_setsockopt[PID: 384 (ip)]: fd:7, level:1, optname:8
[    7.293463] firmadyne: sys_socket[PID: 385 (event)]: family:1, type:1, protocol:0
 [    7.314345] firmadyne: sys_socket[PID: 387 (event)]: family:1, type:1, protocol:0
 [    7.317840] firmadyne: sys_socket[PID: 386 (ip)]: family:16, type:3, protocol:0
[    7.318161] firmadyne: sys_setsockopt[PID: 386 (ip)]: fd:7, level:1, optname:7
[    7.318354] firmadyne: sys_setsockopt[PID: 386 (ip)]: fd:7, level:1, optname:8
[    7.344314] firmadyne: sys_socket[PID: 388 (event)]: family:1, type:1, protocol:0
[    7.350175] firmadyne: sys_socket[PID: 389 (ip)]: family:16, type:3, protocol:0
[    7.350507] firmadyne: sys_setsockopt[PID: 389 (ip)]: fd:7, level:1, optname:7
[    7.350720] firmadyne: sys_setsockopt[PID: 389 (ip)]: fd:7, level:1, optname:8
[    7.353276] firmadyne: __inet_insert_ifa[PID: 389 (ip)]: device:lo ifa:0x0100007f
 [    7.365571] firmadyne: sys_socket[PID: 390 (event)]: family:1, type:1, protocol:0
 [    7.386369] firmadyne: sys_socket[PID: 391 (brctl)]: family:2, type:1, protocol:0
[    7.394191] firmadyne: sys_socket[PID: 392 (event)]: family:1, type:1, protocol:0
 [    7.425805] firmadyne: sys_socket[PID: 395 (event)]: family:1, type:1, protocol:0
[    7.431735] firmadyne: sys_socket[PID: 394 (brctl)]: family:2, type:1, protocol:0
[    7.432960] firmadyne: sys_socket[PID: 394 (brctl)]: family:10, type:2, protocol:0
 [    7.461068] firmadyne: sys_socket[PID: 397 (brctl)]: family:2, type:1, protocol:0
[    7.464651] firmadyne: sys_socket[PID: 397 (brctl)]: family:10, type:2, protocol:0
[    7.468068] firmadyne: sys_socket[PID: 398 (event)]: family:1, type:1, protocol:0
 [    7.483583] firmadyne: sys_socket[PID: 400 (event)]: family:1, type:1, protocol:0
[    7.490141] firmadyne: sys_socket[PID: 399 (brctl)]: family:2, type:1, protocol:0
[    7.491228] firmadyne: sys_socket[PID: 399 (brctl)]: family:10, type:2, protocol:0
[    7.491851] firmadyne: sys_socket[PID: 399 (brctl)]: family:10, type:2, protocol:0
[    7.492339] firmadyne: br_add_if[PID: 399 (brctl)]: br:br0 dev:eth0.1
[    7.494422] device eth0.1 entered promiscuous mode
[    7.494560] device eth0 entered promiscuous mode
 [    7.511752] firmadyne: sys_socket[PID: 277 (gpiod)]: family:2, type:2, protocol:0
et interface not found
[    7.525262] firmadyne: sys_socket[PID: 402 (ip)]: family:16, type:3, protocol:0
[    7.525596] firmadyne: sys_setsockopt[PID: 402 (ip)]: fd:7, level:1, optname:7
[    7.525831] firmadyne: sys_setsockopt[PID: 402 (ip)]: fd:7, level:1, optname:8
[    7.530865] firmadyne: sys_socket[PID: 401 (event)]: family:1, type:1, protocol:0
 [    7.538976] br0: port 1(eth0.1) entered forwarding state
[    7.539362] br0: port 1(eth0.1) entered forwarding state
[    7.561632] firmadyne: sys_socket[PID: 403 (event)]: family:1, type:1, protocol:0
[    7.564518] firmadyne: sys_socket[PID: 404 (brctl)]: family:2, type:1, protocol:0
[    7.565672] firmadyne: sys_socket[PID: 404 (brctl)]: family:10, type:2, protocol:0
 [    7.603059] firmadyne: sys_socket[PID: 407 (brctl)]: family:2, type:1, protocol:0
[    7.604253] firmadyne: sys_socket[PID: 407 (brctl)]: family:10, type:2, protocol:0
[    7.605032] firmadyne: sys_socket[PID: 407 (brctl)]: family:10, type:2, protocol:0
[    7.608452] firmadyne: sys_socket[PID: 405 (event)]: family:1, type:1, protocol:0
 [    7.625785] firmadyne: sys_socket[PID: 409 (brctl)]: family:2, type:1, protocol:0
[    7.637423] firmadyne: sys_socket[PID: 409 (brctl)]: family:10, type:2, protocol:0
[    7.638184] firmadyne: sys_socket[PID: 409 (brctl)]: family:10, type:2, protocol:0
[    7.643223] firmadyne: sys_socket[PID: 410 (event)]: family:1, type:1, protocol:0
 [    7.667700] firmadyne: sys_socket[PID: 411 (ip)]: family:16, type:3, protocol:0
[    7.668122] firmadyne: sys_setsockopt[PID: 411 (ip)]: fd:7, level:1, optname:7
[    7.668349] firmadyne: sys_setsockopt[PID: 411 (ip)]: fd:7, level:1, optname:8
[    7.676497] firmadyne: sys_socket[PID: 412 (event)]: family:1, type:1, protocol:0
 [    7.698103] firmadyne: sys_socket[PID: 413 (service)]: family:1, type:1, protocol:0
 [    7.719232] firmadyne: sys_socket[PID: 414 (event)]: family:1, type:1, protocol:0
 [    7.727725] firmadyne: sys_socket[PID: 415 (service)]: family:1, type:1, protocol:0
 [    7.748459] firmadyne: sys_socket[PID: 416 (event)]: family:1, type:1, protocol:0
 [    7.753994] firmadyne: sys_socket[PID: 417 (service)]: family:1, type:1, protocol:0
 [    7.777328] firmadyne: sys_socket[PID: 418 (event)]: family:1, type:1, protocol:0
[    7.785828] firmadyne: sys_socket[PID: 419 (xmldbc)]: family:1, type:1, protocol:0
SERVD: event [SEALPAC.LOAD/default]
 [    7.806527] firmadyne: sys_socket[PID: 421 (service)]: family:1, type:1, protocol:0
 [    7.842839] firmadyne: sys_socket[PID: 424 (xmldbc)]: family:1, type:1, protocol:0
[    7.865857] firmadyne: sys_socket[PID: 426 (service)]: family:1, type:1, protocol:0
[    7.875505] firmadyne: sys_socket[PID: 428 (xmldbc)]: family:1, type:1, protocol:0
[    7.878561] firmadyne: sys_socket[PID: 427 (xmldbc)]: family:1, type:1, protocol:0
 [    7.914615] firmadyne: sys_socket[PID: 431 (xmldbc)]: family:1, type:1, protocol:0
[    7.924866] firmadyne: sys_socket[PID: 430 (xmldbc)]: family:1, type:1, protocol:0
[    7.955621] firmadyne: sys_socket[PID: 436 (xmldbc)]: family:1, type:1, protocol:0
[/etc/init0.d/S40gpioevent.sh]: start ...
[    8.026392] firmadyne: sys_socket[PID: 442 (event)]: family:1, type:1, protocol:0
[    8.030310] firmadyne: sys_socket[PID: 443 (xmldbc)]: family:1, type:1, protocol:0
 SEAMA: '/dev/mtdblock/4' is not a seama file !
[    8.065570] firmadyne: sys_socket[PID: 445 (xmldbc)]: family:1, type:1, protocol:0
[    8.075464] firmadyne: sys_socket[PID: 444 (event)]: family:1, type:1, protocol:0
 [    8.093222] firmadyne: sys_socket[PID: 448 (usockc)]: family:1, type:2, protocol:0
[    8.097509] firmadyne: sys_socket[PID: 277 (gpiod)]: family:2, type:2, protocol:0
et interface not found
[    8.111042] firmadyne: sys_socket[PID: 449 (event)]: family:1, type:1, protocol:0
 [    8.619566] firmadyne: sys_socket[PID: 451 (event)]: family:1, type:1, protocol:0
 [    8.629032] firmadyne: sys_socket[PID: 452 (event)]: family:1, type:1, protocol:0
 [    8.642388] firmadyne: sys_socket[PID: 453 (event)]: family:1, type:1, protocol:0
 [    8.658051] firmadyne: sys_socket[PID: 454 (event)]: family:1, type:1, protocol:0
 [    8.668625] firmadyne: sys_socket[PID: 455 (event)]: family:1, type:1, protocol:0
 [    8.681749] firmadyne: sys_socket[PID: 456 (event)]: family:1, type:1, protocol:0
 [    8.697340] firmadyne: sys_socket[PID: 457 (event)]: family:1, type:1, protocol:0
 [    8.706215] firmadyne: sys_socket[PID: 458 (event)]: family:1, type:1, protocol:0
 [    8.719529] firmadyne: sys_socket[PID: 459 (event)]: family:1, type:1, protocol:0
 [    8.735110] firmadyne: sys_socket[PID: 460 (event)]: family:1, type:1, protocol:0
 [    8.750765] firmadyne: sys_socket[PID: 461 (event)]: family:1, type:1, protocol:0
 [    8.764614] firmadyne: sys_socket[PID: 462 (event)]: family:1, type:1, protocol:0
 [    8.778453] firmadyne: sys_socket[PID: 463 (event)]: family:1, type:1, protocol:0
 [    8.794409] firmadyne: sys_socket[PID: 464 (event)]: family:1, type:1, protocol:0
 [    8.810187] firmadyne: sys_socket[PID: 465 (event)]: family:1, type:1, protocol:0
 [    8.825920] firmadyne: sys_socket[PID: 466 (event)]: family:1, type:1, protocol:0
 [    8.841992] firmadyne: sys_socket[PID: 467 (event)]: family:1, type:1, protocol:0
 [    8.851743] firmadyne: sys_socket[PID: 468 (event)]: family:1, type:1, protocol:0
 [    8.865152] firmadyne: sys_socket[PID: 469 (event)]: family:1, type:1, protocol:0
 [    8.874381] firmadyne: sys_socket[PID: 470 (event)]: family:1, type:1, protocol:0
 [    8.881468] firmadyne: sys_socket[PID: 471 (event)]: family:1, type:1, protocol:0
 [    8.894433] firmadyne: sys_socket[PID: 472 (event)]: family:1, type:1, protocol:0
 [    8.909913] firmadyne: sys_socket[PID: 473 (event)]: family:1, type:1, protocol:0
 [    8.919467] firmadyne: sys_socket[PID: 474 (event)]: family:1, type:1, protocol:0
 [    8.932876] firmadyne: sys_socket[PID: 475 (event)]: family:1, type:1, protocol:0
 [    8.956056] firmadyne: sys_socket[PID: 450 (service)]: family:1, type:1, protocol:0
[/etc/init0.d/S40ttyevent.sh]: start ...
 [    8.976495] firmadyne: sys_socket[PID: 484 (service)]: family:1, type:1, protocol:0
[    8.986201] firmadyne: sys_socket[PID: 485 (event)]: family:1, type:1, protocol:0
  [    9.005873] firmadyne: sys_socket[PID: 486 (service)]: family:1, type:1, protocol:0
[    9.011884] firmadyne: sys_socket[PID: 487 (event)]: family:1, type:1, protocol:0
 [    9.021549] firmadyne: sys_socket[PID: 488 (event)]: family:1, type:1, protocol:0
  [/etc/init0.d/S41autowan.sh]: start ...
[    9.064881] firmadyne: sys_socket[PID: 498 (event)]: family:1, type:1, protocol:0
 [    9.080547] firmadyne: sys_socket[PID: 499 (event)]: family:1, type:1, protocol:0
 [    9.095809] firmadyne: sys_socket[PID: 500 (event)]: family:1, type:1, protocol:0
 [    9.099917] firmadyne: sys_socket[PID: 277 (gpiod)]: family:2, type:2, protocol:0
et interface not found
[/etc/init0.d/S41autowanv6.sh]: start ...
[    9.135330] firmadyne: sys_socket[PID: 509 (event)]: family:1, type:1, protocol:0
 [    9.151122] firmadyne: sys_socket[PID: 510 (event)]: family:1, type:1, protocol:0
 [/etc/init0.d/S41event.sh]: start ...
[    9.189879] firmadyne: sys_socket[PID: 519 (event)]: family:1, type:1, protocol:0
 [    9.199263] firmadyne: sys_socket[PID: 520 (event)]: family:1, type:1, protocol:0
 [    9.206208] firmadyne: sys_socket[PID: 521 (event)]: family:1, type:1, protocol:0
 [    9.215721] firmadyne: sys_socket[PID: 522 (event)]: family:1, type:1, protocol:0
 [/etc/init0.d/S41factorydefault.sh]: start ...
[    9.249887] firmadyne: sys_socket[PID: 531 (xmldbc)]: family:1, type:1, protocol:0
[: missing ]
[/etc/init0.d/S41inf.sh]: start ...
[    9.321199] firmadyne: sys_socket[PID: 543 (event)]: family:1, type:1, protocol:0
 [    9.336882] firmadyne: sys_socket[PID: 544 (event)]: family:1, type:1, protocol:0
 [    9.352216] firmadyne: sys_socket[PID: 545 (event)]: family:1, type:1, protocol:0
 [    9.365881] firmadyne: sys_socket[PID: 546 (event)]: family:1, type:1, protocol:0
 [    9.380967] firmadyne: sys_socket[PID: 547 (service)]: family:1, type:1, protocol:0
 [    9.390179] firmadyne: sys_socket[PID: 548 (service)]: family:1, type:1, protocol:0
 [    9.403532] firmadyne: sys_socket[PID: 549 (service)]: family:1, type:1, protocol:0
 [/etc/init0.d/S41smart404.sh]: start ...
[    9.455806] firmadyne: sys_socket[PID: 564 (xmldbc)]: family:1, type:1, protocol:0
[    9.537471] firmadyne: sys_socket[PID: 567 (xmldbc)]: family:1, type:1, protocol:0
[    9.555332] firmadyne: sys_socket[PID: 568 (xmldbc)]: family:1, type:1, protocol:0
[    9.620800] firmadyne: sys_socket[PID: 570 (fakedns)]: family:16, type:3, protocol:0
[    9.632380] firmadyne: sys_socket[PID: 570 (fakedns)]: family:2, type:2, protocol:0
[    9.635766] firmadyne: sys_socket[PID: 570 (fakedns)]: family:2, type:2, protocol:0
[    9.636163] firmadyne: sys_socket[PID: 570 (fakedns)]: family:2, type:2, protocol:0
[    9.636586] firmadyne: sys_socket[PID: 570 (fakedns)]: family:2, type:2, protocol:0
[    9.637330] firmadyne: sys_socket[PID: 570 (fakedns)]: family:2, type:1, protocol:0
[    9.637932] firmadyne: sys_setsockopt[PID: 570 (fakedns)]: fd:5, level:1, optname:2
[    9.638475] firmadyne: inet_bind[PID: 570 (fakedns)]: proto:SOCK_STREAM, port:63481
[    9.640020] firmadyne: sys_socket[PID: 570 (fakedns)]: family:10, type:2, protocol:0
[    9.640497] firmadyne: sys_socket[PID: 570 (fakedns)]: family:10, type:1, protocol:0
[    9.641356] firmadyne: sys_setsockopt[PID: 570 (fakedns)]: fd:6, level:1, optname:2
[    9.641548] firmadyne: sys_setsockopt[PID: 570 (fakedns)]: fd:7, level:1, optname:2
[    9.641769] firmadyne: sys_setsockopt[PID: 570 (fakedns)]: fd:6, level:41, optname:26
[    9.642197] firmadyne: sys_setsockopt[PID: 570 (fakedns)]: fd:7, level:41, optname:26
[    9.642474] firmadyne: sys_setsockopt[PID: 570 (fakedns)]: fd:6, level:41, optname:49
[    9.643505] firmadyne: sys_setsockopt[PID: 570 (fakedns)]: fd:4, level:1, optname:2
[    9.643772] firmadyne: sys_setsockopt[PID: 570 (fakedns)]: fd:4, level:0, optname:8
[    9.644188] firmadyne: inet_bind[PID: 570 (fakedns)]: proto:SOCK_DGRAM, port:63481
[    9.664542] firmadyne: sys_socket[PID: 572 (fakedns)]: family:1, type:2, protocol:0
[    9.698620] firmadyne: sys_socket[PID: 264 (logd)]: family:1, type:1, protocol:0
[    9.786410] firmadyne: sys_socket[PID: 580 (xmldbc)]: family:1, type:1, protocol:0
[    9.864409] firmadyne: sys_socket[PID: 583 (event)]: family:1, type:1, protocol:0
[    9.868908] cfg80211: Calling CRDA to update world regulatory domain
 [    9.907123] firmadyne: sys_socket[PID: 585 (event)]: family:1, type:1, protocol:0
 [    9.923019] firmadyne: sys_socket[PID: 586 (event)]: family:1, type:1, protocol:0
 [    9.939006] firmadyne: sys_socket[PID: 587 (event)]: family:1, type:1, protocol:0
 [    9.954939] firmadyne: sys_socket[PID: 588 (event)]: family:1, type:1, protocol:0
 [    9.972136] firmadyne: sys_socket[PID: 589 (event)]: family:1, type:1, protocol:0
 [    9.987895] firmadyne: sys_socket[PID: 590 (event)]: family:1, type:1, protocol:0
 [   10.003801] firmadyne: sys_socket[PID: 591 (event)]: family:1, type:1, protocol:0
 [   10.043732] firmadyne: sys_socket[PID: 599 (service)]: family:1, type:1, protocol:0
[/etc/init0.d/S42event.sh]: start ...
 SERVD: start service [PHYINF.ETH-1]
[   10.083835] firmadyne: sys_socket[PID: 602 (event)]: family:1, type:1, protocol:0
 [   10.102385] firmadyne: sys_socket[PID: 277 (gpiod)]: family:2, type:2, protocol:0
et interface not found
[   10.133167] firmadyne: sys_socket[PID: 610 (xmldbc)]: family:1, type:1, protocol:0
[/etc/init0.d/S42pthrough.sh]: start ...
[   10.180431] firmadyne: sys_socket[PID: 617 (service)]: family:1, type:1, protocol:0
 [/etc/init0.d/S43checkfw.sh]: start ...
[   10.278530] firmadyne: sys_socket[PID: 626 (xmldbc)]: family:1, type:1, protocol:0
[   10.283394] firmadyne: sys_socket[PID: 628 (event)]: family:1, type:1, protocol:0
 SERVD: start service [PHYINF.ETH-2]
[   10.315507] firmadyne: sys_socket[PID: 631 (event)]: family:1, type:1, protocol:0
 [   10.345717] firmadyne: sys_socket[PID: 637 (xmldbc)]: family:1, type:1, protocol:0
[   10.401830] firmadyne: sys_socket[PID: 644 (xmldbc)]: family:1, type:1, protocol:0
[   10.461687] firmadyne: sys_socket[PID: 647 (event)]: family:1, type:1, protocol:0
[/etc/init0.d/S43mydlinkevent.sh]: start ...
[   10.473751] firmadyne: sys_socket[PID: 650 (event)]: family:1, type:1, protocol:0
 SERVD: start service [PHYINF.ETH-3]
 [   10.507557] firmadyne: sys_socket[PID: 653 (event)]: family:1, type:1, protocol:0
 [   10.526458] firmadyne: sys_socket[PID: 658 (event)]: family:1, type:1, protocol:0
[   10.533037] firmadyne: sys_socket[PID: 657 (xmldbc)]: family:1, type:1, protocol:0
 [   10.568430] firmadyne: sys_socket[PID: 659 (event)]: family:1, type:1, protocol:0
 [   10.600871] firmadyne: sys_socket[PID: 660 (event)]: family:1, type:1, protocol:0
 [   10.634087] firmadyne: sys_socket[PID: 661 (service)]: family:1, type:1, protocol:0
 [   10.665711] firmadyne: sys_socket[PID: 663 (xmldbc)]: family:1, type:1, protocol:0
[   10.693431] firmadyne: sys_socket[PID: 665 (ip)]: family:16, type:3, protocol:0
[   10.693830] firmadyne: sys_setsockopt[PID: 665 (ip)]: fd:8, level:1, optname:7
[   10.694144] firmadyne: sys_setsockopt[PID: 665 (ip)]: fd:8, level:1, optname:8
[   10.704483] firmadyne: sys_socket[PID: 665 (ip)]: family:2, type:1, protocol:0
[   10.753414] firmadyne: sys_socket[PID: 669 (slinktype)]: family:2, type:2, protocol:0
[   10.764467] firmadyne: sys_socket[PID: 670 (arpmonitor)]: family:1, type:1, protocol:0
et interface not found
[   10.770058] firmadyne: sys_socket[PID: 669 (slinktype)]: family:2, type:2, protocol:0
et interface not found
[   10.771705] firmadyne: sys_socket[PID: 669 (slinktype)]: family:2, type:2, protocol:0
et interface not found
[   10.772986] firmadyne: sys_socket[PID: 669 (slinktype)]: family:2, type:2, protocol:0
et interface not found
[   10.785361] firmadyne: sys_socket[PID: 670 (arpmonitor)]: family:17, type:3, protocol:1544
[   10.786451] firmadyne: sys_socket[PID: 670 (arpmonitor)]: family:2, type:2, protocol:0
[   10.789312] firmadyne: sys_socket[PID: 670 (arpmonitor)]: family:2, type:2, protocol:0
[   10.790164] firmadyne: sys_socket[PID: 670 (arpmonitor)]: family:2, type:2, protocol:0
[   10.790442] firmadyne: sys_setsockopt[PID: 670 (arpmonitor)]: fd:6, level:1, optname:2
[   10.790680] firmadyne: inet_bind[PID: 670 (arpmonitor)]: proto:SOCK_DGRAM, port:0
[   10.791059] firmadyne: sys_socket[PID: 670 (arpmonitor)]: family:10, type:3, protocol:58
[   10.791477] firmadyne: sys_setsockopt[PID: 670 (arpmonitor)]: fd:7, level:41, optname:49
[   10.791781] firmadyne: sys_setsockopt[PID: 670 (arpmonitor)]: fd:7, level:58, optname:1
[   10.795939] firmadyne: sys_socket[PID: 670 (arpmonitor)]: family:17, type:3, protocol:1544
[   10.796362] firmadyne: sys_socket[PID: 670 (arpmonitor)]: family:2, type:2, protocol:0
[   10.801100] firmadyne: sys_socket[PID: 670 (arpmonitor)]: family:2, type:2, protocol:0
[   10.801433] firmadyne: sys_socket[PID: 670 (arpmonitor)]: family:2, type:2, protocol:0
[   10.801665] firmadyne: sys_setsockopt[PID: 670 (arpmonitor)]: fd:9, level:1, optname:2
[   10.801862] firmadyne: inet_bind[PID: 670 (arpmonitor)]: proto:SOCK_DGRAM, port:0
[   10.802073] firmadyne: sys_socket[PID: 670 (arpmonitor)]: family:10, type:3, protocol:58
[   10.802275] firmadyne: sys_setsockopt[PID: 670 (arpmonitor)]: fd:10, level:41, optname:49
[   10.802475] firmadyne: sys_setsockopt[PID: 670 (arpmonitor)]: fd:10, level:58, optname:1
[/etc/init0.d/S51wlan.sh]: start ...
[   10.843432] firmadyne: sys_socket[PID: 686 (service)]: family:1, type:1, protocol:0
 [   10.859402] firmadyne: sys_socket[PID: 687 (event)]: family:1, type:1, protocol:0
 [   10.889104] firmadyne: sys_socket[PID: 693 (xmldbc)]: family:1, type:1, protocol:0
[   11.069858] firmadyne: sys_socket[PID: 705 (xmldbc)]: family:1, type:1, protocol:0
[   11.113376] firmadyne: sys_socket[PID: 277 (gpiod)]: family:2, type:2, protocol:0
et interface not found
nvram_set: devpath0 = "pci/2/1"
sem_lock: Triggering NVRAM initialization!
nvram_init: Initializing NVRAM...
sem_get: Key: 41016005
sem_get: Key: 410f0520
nvram_set_default_builtin: Setting built-in default values!
nvram_set: console_loglevel = "7"
sem_get: Key: 410f0520
sem_get: Key: 410f0520
nvram_set: restore_defaults = "1"
sem_get: Key: 410f0520
sem_get: Key: 410f0520
nvram_set: sku_name = ""
sem_get: Key: 410f0520
sem_get: Key: 410f0520
nvram_set: wla_wlanstate = ""
sem_get: Key: 410f0520
sem_get: Key: 410f0520
nvram_set: lan_if = "br0"
sem_get: Key: 410f0520
sem_get: Key: 410f0520
nvram_set: lan_ipaddr = "192.168.0.50"
sem_get: Key: 410f0520
sem_get: Key: 410f0520
nvram_set: lan_bipaddr = "192.168.0.255"
sem_get: Key: 410f0520
sem_get: Key: 410f0520
nvram_set: lan_netmask = "255.255.255.0"
sem_get: Key: 410f0520
sem_get: Key: 410f0520
nvram_set: time_zone = "EST5EDT"
sem_get: Key: 410f0520
sem_get: Key: 410f0520
nvram_set: wan_hwaddr_def = "01:23:45:67:89:ab"
sem_get: Key: 410f0520
sem_get: Key: 410f0520
nvram_set: wan_ifname = "eth0"
sem_get: Key: 410f0520
sem_get: Key: 410f0520
nvram_set: lan_ifnames = "eth1 eth2 eth3 eth4"
sem_get: Key: 410f0520
sem_get: Key: 410f0520
nvram_set: ethConver = "1"
sem_get: Key: 410f0520
sem_get: Key: 410f0520
nvram_set: lan_proto = "dhcp"
sem_get: Key: 410f0520
sem_get: Key: 410f0520
nvram_set: wan_ipaddr = "0.0.0.0"
sem_get: Key: 410f0520
sem_get: Key: 410f0520
nvram_set: wan_netmask = "255.255.255.0"
sem_get: Key: 410f0520
sem_get: Key: 410f0520
nvram_set: wanif = "eth0"
sem_get: Key: 410f0520
sem_get: Key: 410f0520
nvram_set: time_zone_x = "0"
sem_get: Key: 410f0520
sem_get: Key: 410f0520
nvram_set: rip_multicast = "0"
sem_get: Key: 410f0520
sem_get: Key: 410f0520
nvram_set: bs_trustedip_enable = "0"
sem_get: Key: 410f0520
sem_get: Key: 410f0520
nvram_set_default: Loading built-in default values = 1!
nvram_set_default: Checking for symbol "router_defaults"...
nvram_set: os_name = ""
sem_get: Key: 410f0520
sem_get: Key: 410f0520
nvram_set: os_version = "6.37.14.56"
sem_get: Key: 410f0520
sem_get: Key: 410f0520
nvram_set: os_date = "Oct 31 2014"
sem_get: Key: 410f0520
sem_get: Key: 410f0520
nvram_set: wl_version = "6.37.14.56 (r428735)"
sem_get: Key: 410f0520
sem_get: Key: 410f0520
nvram_set: nvram_version = "1"
sem_get: Key: 410f0520
sem_get: Key: 410f0520
nvram_set: timer_interval = "3600"
sem_get: Key: 410f0520
sem_get: Key: 410f0520
nvram_set: ntp_server = "192.5.41.40 192.5.41.41 133.100.9.2"
sem_get: Key: 410f0520
sem_get: Key: 410f0520
nvram_set: time_zone = "PST8PDT"
sem_get: Key: 410f0520
sem_get: Key: 410f0520
nvram_set: log_level = "0"
sem_get: Key: 410f0520
sem_get: Key: 410f0520
nvram_set: upnp_enable = "1"
sem_get: Key: 410f0520
sem_get: Key: 410f0520
nvram_set: ezc_enable = "1"
sem_get: Key: 410f0520
sem_get: Key: 410f0520
nvram_set: ezc_version = "2"
sem_get: Key: 410f0520
sem_get: Key: 410f0520
nvram_set: is_default = "1"
sem_get: Key: 410f0520
sem_get: Key: 410f0520
nvram_set: os_server = ""
sem_get: Key: 410f0520
sem_get: Key: 410f0520
nvram_set: stats_server = ""
sem_get: Key: 410f0520
sem_get: Key: 410f0520
nvram_set: console_loglevel = "1"
sem_get: Key: 410f0520
sem_get: Key: 410f0520
nvram_set: router_disable = "0"
sem_get: Key: 410f0520
sem_get: Key: 410f0520
nvram_set: ure_disable = "1"
sem_get: Key: 410f0520
sem_get: Key: 410f0520
nvram_set: fw_disable = "0"
sem_get: Key: 410f0520
sem_get: Key: 410f0520
nvram_set: log_ipaddr = ""
sem_get: Key: 410f0520
sem_get: Key: 410f0520
nvram_set: lan_ifname = ""
sem_get: Key: 410f0520
sem_get: Key: 410f0520
nvram_set: lan_ifnames = ""
sem_get: Key: 410f0520
sem_get: Key: 410f0520
nvram_set: lan_hwnames = ""
sem_get: Key: 410f0520
sem_get: Key: 410f0520
nvram_set: lan_hwaddr = ""
sem_get: Key: 410f0520
sem_get: Key: 410f0520
nvram_set: lan_dhcp = "0"
sem_get: Key: 410f0520
sem_get: Key: 410f0520
nvram_set: lan_ipaddr = "192.168.1.1"
sem_get: Key: 410f0520
sem_get: Key: 410f0520
nvram_set: lan_netmask = "255.255.255.0"
sem_get: Key: 410f0520
sem_get: Key: 410f0520
nvram_set: lan_gateway = "192.168.1.1"
sem_get: Key: 410f0520
sem_get: Key: 410f0520
nvram_set: lan_proto = "dhcp"
sem_get: Key: 410f0520
sem_get: Key: 410f0520
nvram_set: lan_wins = ""
sem_get: Key: 410f0520
sem_get: Key: 410f0520
nvram_set: lan_domain = ""
sem_get: Key: 410f0520
sem_get: Key: 410f0520
nvram_set: lan_lease = "86400"
sem_get: Key: 410f0520
sem_get: Key: 410f0520
nvram_set: lan_stp = "1"
sem_get: Key: 410f0520
sem_get: Key: 410f0520
nvram_set: lan_route = ""
sem_get: Key: 410f0520
sem_get: Key: 410f0520
nvram_set: lan1_ifname = ""
sem_get: Key: 410f0520
sem_get: Key: 410f0520
nvram_set: lan1_ifnames = ""
sem_get: Key: 410f0520
sem_get: Key: 410f0520
nvram_set: lan1_hwnames = ""
sem_get: Key: 410f0520
sem_get: Key: 410f0520
nvram_set: lan1_hwaddr = ""
sem_get: Key: 410f0520
sem_get: Key: 410f0520
nvram_set: lan1_dhcp = "0"
sem_get: Key: 410f0520
sem_get: Key: 410f0520
nvram_set: lan1_ipaddr = "192.168.2.1"
sem_get: Key: 410f0520
sem_get: Key: 410f0520
nvram_set: lan1_netmask = "255.255.255.0"
sem_get: Key: 410f0520
sem_get: Key: 410f0520
nvram_set: lan1_gateway = "192.168.2.1"
sem_get: Key: 410f0520
sem_get: Key: 410f0520
nvram_set: lan1_proto = "dhcp"
sem_get: Key: 410f0520
sem_get: Key: 410f0520
nvram_set: lan1_wins = ""
sem_get: Key: 410f0520
sem_get: Key: 410f0520
nvram_set: lan1_domain = ""
sem_get: Key: 410f0520
sem_get: Key: 410f0520
nvram_set: lan1_lease = "86400"
sem_get: Key: 410f0520
sem_get: Key: 410f0520
nvram_set: lan1_stp = "1"
sem_get: Key: 410f0520
sem_get: Key: 410f0520
nvram_set: lan1_route = ""
sem_get: Key: 410f0520
sem_get: Key: 410f0520
nvram_set: wan_ifname = ""
sem_get: Key: 410f0520
sem_get: Key: 410f0520
nvram_set: wan_ifnames = ""
sem_get: Key: 410f0520
sem_get: Key: 410f0520
nvram_set: wan_hwname = ""
sem_get: Key: 410f0520
sem_get: Key: 410f0520
nvram_set: wan_hwaddr = ""
sem_get: Key: 410f0520
sem_get: Key: 410f0520
nvram_set: wan_proto = "dhcp"
sem_get: Key: 410f0520
sem_get: Key: 410f0520
nvram_set: wan_ipaddr = "0.0.0.0"
sem_get: Key: 410f0520
sem_get: Key: 410f0520
nvram_set: wan_netmask = "0.0.0.0"
sem_get: Key: 410f0520
sem_get: Key: 410f0520
nvram_set: wan_gateway = "0.0.0.0"
sem_get: Key: 410f0520
sem_get: Key: 410f0520
nvram_set: wan_dns = ""
sem_get: Key: 410f0520
sem_get: Key: 410f0520
nvram_set: wan_wins = ""
sem_get: Key: 410f0520
sem_get: Key: 410f0520
nvram_set: wan_hostname = ""
sem_get: Key: 410f0520
sem_get: Key: 410f0520
nvram_set: wan_domain = ""
sem_get: Key: 410f0520
sem_get: Key: 410f0520
nvram_set: wan_lease = "86400"
sem_get: Key: 410f0520
sem_get: Key: 410f0520
nvram_set: wan_pppoe_ifname = ""
sem_get: Key: 410f0520
sem_get: Key: 410f0520
nvram_set: wan_pppoe_username = ""
sem_get: Key: 410f0520
sem_get: Key: 410f0520
nvram_set: wan_pppoe_passwd = ""
sem_get: Key: 410f0520
sem_get: Key: 410f0520
nvram_set: wan_pppoe_idletime = "60"
sem_get: Key: 410f0520
sem_get: Key: 410f0520
nvram_set: wan_pppoe_keepalive = "0"
sem_get: Key: 410f0520
sem_get: Key: 410f0520
nvram_set: wan_pppoe_demand = "0"
sem_get: Key: 410f0520
sem_get: Key: 410f0520
nvram_set: wan_pppoe_mru = "1492"
sem_get: Key: 410f0520
sem_get: Key: 410f0520
nvram_set: wan_pppoe_mtu = "1492"
sem_get: Key: 410f0520
sem_get: Key: 410f0520
nvram_set: wan_pppoe_service = ""
sem_get: Key: 410f0520
sem_get: Key: 410f0520
nvram_set: wan_pppoe_ac = ""
sem_get: Key: 410f0520
sem_get: Key: 410f0520
nvram_set: wan_desc = ""
sem_get: Key: 410f0520
sem_get: Key: 410f0520
nvram_set: wan_route = ""
sem_get: Key: 410f0520
sem_get: Key: 410f0520
nvram_set: wan_primary = "0"
sem_get: Key: 410f0520
sem_get: Key: 410f0520
nvram_set: wan_unit = "0"
sem_get: Key: 410f0520
sem_get: Key: 410f0520
nvram_set: filter_maclist = ""
sem_get: Key: 410f0520
sem_get: Key: 410f0520
nvram_set: filter_macmode = "deny"
sem_get: Key: 410f0520
sem_get: Key: 410f0520
nvram_set: filter_client0 = ""
sem_get: Key: 410f0520
sem_get: Key: 410f0520
nvram_set: nat_type = "sym"
sem_get: Key: 410f0520
sem_get: Key: 410f0520
nvram_set: dmz_ipaddr = ""
sem_get: Key: 410f0520
sem_get: Key: 410f0520
nvram_set: forward_port0 = ""
sem_get: Key: 410f0520
sem_get: Key: 410f0520
nvram_set: autofw_port0 = ""
sem_get: Key: 410f0520
sem_get: Key: 410f0520
nvram_set: dhcp_start = "192.168.1.100"
sem_get: Key: 410f0520
sem_get: Key: 410f0520
nvram_set: dhcp_end = "192.168.1.150"
sem_get: Key: 410f0520
sem_get: Key: 410f0520
nvram_set: dhcp1_start = "192.168.2.100"
sem_get: Key: 410f0520
sem_get: Key: 410f0520
nvram_set: dhcp1_end = "192.168.2.150"
sem_get: Key: 410f0520
sem_get: Key: 410f0520
nvram_set: dhcp_domain = "wan"
sem_get: Key: 410f0520
sem_get: Key: 410f0520
nvram_set: dhcp_wins = "wan"
sem_get: Key: 410f0520
sem_get: Key: 410f0520
nvram_set: http_username = ""
sem_get: Key: 410f0520
sem_get: Key: 410f0520
nvram_set: http_passwd = "admin"
sem_get: Key: 410f0520
sem_get: Key: 410f0520
nvram_set: http_wanport = ""
sem_get: Key: 410f0520
sem_get: Key: 410f0520
nvram_set: http_lanport = "80"
sem_get: Key: 410f0520
sem_get: Key: 410f0520
nvram_set: wl_ifname = ""
sem_get: Key: 410f0520
sem_get: Key: 410f0520
nvram_set: wl_hwaddr = ""
sem_get: Key: 410f0520
sem_get: Key: 410f0520
nvram_set: wl_phytype = "b"
sem_get: Key: 410f0520
sem_get: Key: 410f0520
nvram_set: wl_corerev = ""
sem_get: Key: 410f0520
sem_get: Key: 410f0520
nvram_set: wl_phytypes = ""
sem_get: Key: 410f0520
sem_get: Key: 410f0520
nvram_set: wl_radioids = ""
sem_get: Key: 410f0520
sem_get: Key: 410f0520
nvram_set: wl_ssid = "Broadcom"
sem_get: Key: 410f0520
sem_get: Key: 410f0520
nvram_set: wl_bss_enabled = "1"
sem_get: Key: 410f0520
sem_get: Key: 410f0520
nvram_set: wl_country_code = ""
sem_get: Key: 410f0520
sem_get: Key: 410f0520
nvram_set: wl_country_rev = ""
sem_get: Key: 410f0520
sem_get: Key: 410f0520
nvram_set: wl_radio = "1"
sem_get: Key: 410f0520
sem_get: Key: 410f0520
nvram_set: wl_closed = "0"
sem_get: Key: 410f0520
sem_get: Key: 410f0520
nvram_set: wl_ap_isolate = "0"
sem_get: Key: 410f0520
sem_get: Key: 410f0520
nvram_set: wl_wmf_bss_enable = "0"
sem_get: Key: 410f0520
sem_get: Key: 410f0520
nvram_set: wl_mcast_regen_bss_enable = "1"
sem_get: Key: 410f0520
sem_get: Key: 410f0520
nvram_set: wl_bss_opmode_cap_reqd = "0"
sem_get: Key: 410f0520
sem_get: Key: 410f0520
nvram_set: wl_rxchain_pwrsave_enable = "1"
sem_get: Key: 410f0520
sem_get: Key: 410f0520
nvram_set: wl_rxchain_pwrsave_quiet_time = "1800"
sem_get: Key: 410f0520
sem_get: Key: 410f0520
nvram_set: wl_rxchain_pwrsave_pps = "10"
sem_get: Key: 410f0520
sem_get: Key: 410f0520
nvram_set: wl_rxchain_pwrsave_stas_assoc_check = "0"
sem_get: Key: 410f0520
sem_get: Key: 410f0520
nvram_set: wl_radio_pwrsave_enable = "0"
sem_get: Key: 410f0520
sem_get: Key: 410f0520
nvram_set: wl_radio_pwrsave_quiet_time = "1800"
sem_get: Key: 410f0520
sem_get: Key: 410f0520
nvram_set: wl_radio_pwrsave_pps = "10"
sem_get: Key: 410f0520
sem_get: Key: 410f0520
nvram_set: wl_radio_pwrsave_level = "0"
sem_get: Key: 410f0520
sem_get: Key: 410f0520
nvram_set: wl_radio_pwrsave_stas_assoc_check = "0"
sem_get: Key: 410f0520
sem_get: Key: 410f0520
nvram_set: wl_mode = "ap"
sem_get: Key: 410f0520
sem_get: Key: 410f0520
nvram_set: wl_lazywds = "0"
sem_get: Key: 410f0520
sem_get: Key: 410f0520
nvram_set: wl_wds = ""
sem_get: Key: 410f0520
sem_get: Key: 410f0520
nvram_set: wl_wds_timeout = "1"
sem_get: Key: 410f0520
sem_get: Key: 410f0520
nvram_set: wl_wep = "disabled"
sem_get: Key: 410f0520
sem_get: Key: 410f0520
nvram_set: wl_auth = "0"
sem_get: Key: 410f0520
sem_get: Key: 410f0520
nvram_set: wl_key = "1"
sem_get: Key: 410f0520
sem_get: Key: 410f0520
nvram_set: wl_key1 = ""
sem_get: Key: 410f0520
sem_get: Key: 410f0520
nvram_set: wl_key2 = ""
sem_get: Key: 410f0520
sem_get: Key: 410f0520
nvram_set: wl_key3 = ""
sem_get: Key: 410f0520
sem_get: Key: 410f0520
nvram_set: wl_key4 = ""
sem_get: Key: 410f0520
sem_get: Key: 410f0520
nvram_set: wl_maclist = ""
sem_get: Key: 410f0520
sem_get: Key: 410f0520
nvram_set: wl_macmode = "disabled"
sem_get: Key: 410f0520
sem_get: Key: 410f0520
nvram_set: wl_assoc_retry_max = "3"
sem_get: Key: 410f0520
sem_get: Key: 410f0520
nvram_set: wl_chanspec = "11"
sem_get: Key: 410f0520
sem_get: Key: 410f0520
nvram_set: wl_reg_mode = "off"
sem_get: Key: 410f0520
sem_get: Key: 410f0520
nvram_set: wl_rate = "0"
sem_get: Key: 410f0520
sem_get: Key: 410f0520
nvram_set: wl_mrate = "0"
sem_get: Key: 410f0520
sem_get: Key: 410f0520
nvram_set: wl_frameburst = "off"
sem_get: Key: 410f0520
sem_get: Key: 410f0520
nvram_set: frameburst_dyn = "0"
sem_get: Key: 410f0520
sem_get: Key: 410f0520
nvram_set: wl_rateset = "default"
sem_get: Key: 410f0520
sem_get: Key: 410f0520
nvram_set: wl_frag = "2346"
sem_get: Key: 410f0520
sem_get: Key: 410f0520
nvram_set: wl_rts = "2347"
sem_get: Key: 410f0520
sem_get: Key: 410f0520
nvram_set: wl_dtim = "3"
sem_get: Key: 410f0520
sem_get: Key: 410f0520
nvram_set: wl_bcn = "100"
sem_get: Key: 410f0520
sem_get: Key: 410f0520
nvram_set: wl_bcn_rotate = "1"
sem_get: Key: 410f0520
sem_get: Key: 410f0520
nvram_set: wl_plcphdr = "long"
sem_get: Key: 410f0520
sem_get: Key: 410f0520
nvram_set: wl_gmode = "1"
sem_get: Key: 410f0520
sem_get: Key: 410f0520
nvram_set: wl_gmode_protection = "auto"
sem_get: Key: 410f0520
sem_get: Key: 410f0520
nvram_set: wl_wme = "auto"
sem_get: Key: 410f0520
sem_get: Key: 410f0520
nvram_set: wl_wme_bss_disable = "0"
sem_get: Key: 410f0520
sem_get: Key: 410f0520
nvram_set: wl_antdiv = "-1"
sem_get: Key: 410f0520
sem_get: Key: 410f0520
nvram_set: wl_infra = "1"
sem_get: Key: 410f0520
sem_get: Key: 410f0520
nvram_set: wl_bw_cap = "1"
sem_get: Key: 410f0520
sem_get: Key: 410f0520
nvram_set: wl_nband = "2"
sem_get: Key: 410f0520
sem_get: Key: 410f0520
nvram_set: wl_nmcsidx = "-1"
sem_get: Key: 410f0520
sem_get: Key: 410f0520
nvram_set: wl_nmode = "-1"
sem_get: Key: 410f0520
sem_get: Key: 410f0520
nvram_set: wl_rifs_advert = "auto"
sem_get: Key: 410f0520
sem_get: Key: 410f0520
nvram_set: wl_vlan_prio_mode = "off"
sem_get: Key: 410f0520
sem_get: Key: 410f0520
nvram_set: wl_leddc = "0x640000"
sem_get: Key: 410f0520
sem_get: Key: 410f0520
nvram_set: wl_rxstreams = "0"
sem_get: Key: 410f0520
sem_get: Key: 410f0520
nvram_set: wl_txstreams = "0"
sem_get: Key: 410f0520
sem_get: Key: 410f0520
nvram_set: wl_stbc_tx = "auto"
sem_get: Key: 410f0520
sem_get: Key: 410f0520
nvram_set: wl_stbc_rx = "1"
sem_get: Key: 410f0520
sem_get: Key: 410f0520
nvram_set: wl_ampdu = "auto"
sem_get: Key: 410f0520
sem_get: Key: 410f0520
nvram_set: wl_ampdu_rtylimit_tid = "5 5 5 5 5 5 5 5"
sem_get: Key: 410f0520
sem_get: Key: 410f0520
nvram_set: wl_ampdu_rr_rtylimit_tid = "2 2 2 2 2 2 2 2"
sem_get: Key: 410f0520
sem_get: Key: 410f0520
nvram_set: wl_amsdu = "auto"
sem_get: Key: 410f0520
sem_get: Key: 410f0520
nvram_set: wl_rx_amsdu_in_ampdu = "auto"
sem_get: Key: 410f0520
sem_get: Key: 410f0520
nvram_set: wl_obss_coex = "1"
sem_get: Key: 410f0520
sem_get: Key: 410f0520
nvram_set: wl_auth_mode = "none"
sem_get: Key: 410f0520
sem_get: Key: 410f0520
nvram_set: wl_wpa_psk = ""
sem_get: Key: 410f0520
sem_get: Key: 410f0520
nvram_set: wl_wpa_gtk_rekey = "0"
sem_get: Key: 410f0520
sem_get: Key: 410f0520
nvram_set: wl_radius_ipaddr = ""
sem_get: Key: 410f0520
sem_get: Key: 410f0520
nvram_set: wl_radius_key = ""
sem_get: Key: 410f0520
sem_get: Key: 410f0520
nvram_set: wl_radius_port = "1812"
sem_get: Key: 410f0520
sem_get: Key: 410f0520
nvram_set: wl_crypto = "tkip+aes"
sem_get: Key: 410f0520
sem_get: Key: 410f0520
nvram_set: wl_net_reauth = "36000"
sem_get: Key: 410f0520
sem_get: Key: 410f0520
nvram_set: wl_akm = ""
sem_get: Key: 410f0520
sem_get: Key: 410f0520
nvram_set: wl_psr_mrpt = "0"
sem_get: Key: 410f0520
sem_get: Key: 410f0520
nvram_set: ses_enable = "1"
sem_get: Key: 410f0520
sem_get: Key: 410f0520
nvram_set: ses_event = "2"
sem_get: Key: 410f0520
sem_get: Key: 410f0520
nvram_set: ses_wds_mode = "1"
sem_get: Key: 410f0520
sem_get: Key: 410f0520
nvram_set: ses_cl_enable = "1"
sem_get: Key: 410f0520
sem_get: Key: 410f0520
nvram_set: ses_cl_event = "0"
sem_get: Key: 410f0520
sem_get: Key: 410f0520
nvram_set: wps_version2 = "enabled"
sem_get: Key: 410f0520
sem_get: Key: 410f0520
nvram_set: wl_wps_mode = "enabled"
sem_get: Key: 410f0520
sem_get: Key: 410f0520
nvram_set: wl_wps_config_state = "0"
sem_get: Key: 410f0520
sem_get: Key: 410f0520
nvram_set: wps_device_pin = "12345670"
sem_get: Key: 410f0520
sem_get: Key: 410f0520
nvram_set: wps_modelname = "Broadcom"
sem_get: Key: 410f0520
sem_get: Key: 410f0520
nvram_set: wps_mfstring = "Broadcom"
sem_get: Key: 410f0520
sem_get: Key: 410f0520
nvram_set: wps_device_name = "BroadcomAP"
sem_get: Key: 410f0520
sem_get: Key: 410f0520
nvram_set: wl_wps_reg = "enabled"
sem_get: Key: 410f0520
sem_get: Key: 410f0520
nvram_set: wps_sta_pin = "00000000"
sem_get: Key: 410f0520
sem_get: Key: 410f0520
nvram_set: wps_modelnum = "123456"
sem_get: Key: 410f0520
sem_get: Key: 410f0520
nvram_set: wps_wer_mode = "allow"
sem_get: Key: 410f0520
sem_get: Key: 410f0520
nvram_set: lan_wps_oob = "enabled"
sem_get: Key: 410f0520
sem_get: Key: 410f0520
nvram_set: lan_wps_reg = "enabled"
sem_get: Key: 410f0520
sem_get: Key: 410f0520
nvram_set: lan1_wps_oob = "enabled"
sem_get: Key: 410f0520
sem_get: Key: 410f0520
nvram_set: lan1_wps_reg = "enabled"
sem_get: Key: 410f0520
sem_get: Key: 410f0520
nvram_set: wl_wfi_enable = "0"
sem_get: Key: 410f0520
sem_get: Key: 410f0520
nvram_set: wl_wfi_pinmode = "0"
sem_get: Key: 410f0520
sem_get: Key: 410f0520
nvram_set: wl_wme_sta_be = "15 1023 3 0 0 off off"
sem_get: Key: 410f0520
sem_get: Key: 410f0520
nvram_set: wl_wme_sta_bk = "15 1023 7 0 0 off off"
sem_get: Key: 410f0520
sem_get: Key: 410f0520
nvram_set: wl_wme_sta_vi = "7 15 2 6016 3008 off off"
sem_get: Key: 410f0520
sem_get: Key: 410f0520
nvram_set: wl_wme_sta_vo = "3 7 2 3264 1504 off off"
sem_get: Key: 410f0520
sem_get: Key: 410f0520
nvram_set: wl_wme_ap_be = "15 63 3 0 0 off off"
sem_get: Key: 410f0520
sem_get: Key: 410f0520
nvram_set: wl_wme_ap_bk = "15 1023 7 0 0 off off[   11.638624] random: nonblocking pool is initialized
"
sem_get: Key: 410f0520
sem_get: Key: 410f0520
nvram_set: wl_wme_ap_vi = "7 15 1 6016 3008 off off"
sem_get: Key: 410f0520
sem_get: Key: 410f0520
nvram_set: wl_wme_ap_vo = "3 7 1 3264 1504 off off"
sem_get: Key: 410f0520
sem_get: Key: 410f0520
nvram_set: wl_wme_no_ack = "off"
sem_get: Key: 410f0520
sem_get: Key: 410f0520
nvram_set: wl_wme_apsd = "on"
sem_get: Key: 410f0520
sem_get: Key: 410f0520
nvram_set: wl_maxassoc = "128"
sem_get: Key: 410f0520
sem_get: Key: 410f0520
nvram_set: wl_bss_maxassoc = "128"
sem_get: Key: 410f0520
sem_get: Key: 410f0520
nvram_set: wl_unit = "0"
sem_get: Key: 410f0520
sem_get: Key: 410f0520
nvram_set: wl_sta_retry_time = "5"
sem_get: Key: 410f0520
sem_get: Key: 410f0520
nvram_set: emf_entry = ""
sem_get: Key: 410f0520
sem_get: Key: 410f0520
nvram_set: emf_uffp_entry = ""
sem_get: Key: 410f0520
sem_get: Key: 410f0520
nvram_set: emf_rtport_entry = ""
sem_get: Key: 410f0520
sem_get: Key: 410f0520
nvram_set: emf_enable = "0"
sem_get: Key: 410f0520
sem_get: Key: 410f0520
nvram_set: restore_defaults = "0"
sem_get: Key: 410f0520
sem_get: Key: 410f0520
nvram_set: acs_ifnames = ""
sem_get: Key: 410f0520
sem_get: Key: 410f0520
nvram_set: igmp_enable = "0"
sem_get: Key: 410f0520
sem_get: Key: 410f0520
nvram_set: wl_wet_tunnel = "0"
sem_get: Key: 410f0520
sem_get: Key: 410f0520
nvram_set: dpsta_ifnames = ""
sem_get: Key: 410f0520
sem_get: Key: 410f0520
nvram_set: dpsta_policy = "1"
sem_get: Key: 410f0520
sem_get: Key: 410f0520
nvram_set: dpsta_lan_uif = "1"
sem_get: Key: 410f0520
sem_get: Key: 410f0520
nvram_set: wl_wmf_ucigmp_query = "0"
sem_get: Key: 410f0520
sem_get: Key: 410f0520
nvram_set: wl_wmf_mdata_sendup = "0"
sem_get: Key: 410f0520
sem_get: Key: 410f0520
nvram_set: wl_wmf_ucast_upnp = "0"
sem_get: Key: 410f0520
sem_get: Key: 410f0520
nvram_set: wl_wmf_igmpq_filter = "0"
sem_get: Key: 410f0520
sem_get: Key: 410f0520
nvram_set: wl_txbf_bfr_cap = "1"
sem_get: Key: 410f0520
sem_get: Key: 410f0520
nvram_set: wl_txbf_bfe_cap = "1"
sem_get: Key: 410f0520
sem_get: Key: 410f0520
nvram_set: wl_acs_fcs_mode = "0"
sem_get: Key: 410f0520
sem_get: Key: 410f0520
nvram_set: wl_dcs_csa_unicast = "0"
sem_get: Key: 410f0520
sem_get: Key: 410f0520
nvram_set: wl_acs_excl_chans = ""
sem_get: Key: 410f0520
sem_get: Key: 410f0520
nvram_set: wl_acs_dfs = "0"
sem_get: Key: 410f0520
sem_get: Key: 410f0520
nvram_set: wl_acs_dfsr_immediate = "300 3"
sem_get: Key: 410f0520
sem_get: Key: 410f0520
nvram_set: wl_acs_dfsr_deferred = "604800 5"
sem_get: Key: 410f0520
sem_get: Key: 410f0520
nvram_set: wl_acs_dfsr_activity = "30 10240"
sem_get: Key: 410f0520
sem_get: Key: 410f0520
nvram_set: wl_acs_cs_scan_timer = "900"
sem_get: Key: 410f0520
sem_get: Key: 410f0520
nvram_set: wl_acs_ci_scan_timer = "4"
sem_get: Key: 410f0520
sem_get: Key: 410f0520
nvram_set: wl_acs_ci_scan_timeout = "300"
sem_get: Key: 410f0520
sem_get: Key: 410f0520
nvram_set: wl_acs_scan_entry_expire = "3600"
sem_get: Key: 410f0520
sem_get: Key: 410f0520
nvram_set: wl_acs_tx_idle_cnt = "0"
sem_get: Key: 410f0520
sem_get: Key: 410f0520
nvram_set: wl_acs_chan_dwell_time = "70"
sem_get: Key: 410f0520
sem_get: Key: 410f0520
nvram_set: wl_acs_chan_flop_period = "70"
sem_get: Key: 410f0520
sem_get: Key: 410f0520
nvram_set: wl_intfer_period = "1"
sem_get: Key: 410f0520
sem_get: Key: 410f0520
nvram_set: wl_intfer_cnt = "3"
sem_get: Key: 410f0520
sem_get: Key: 410f0520
nvram_set: wl_intfer_txfail = "5"
sem_get: Key: 410f0520
sem_get: Key: 410f0520
nvram_set: wl_intfer_tcptxfail = "5"
sem_get: Key: 410f0520
sem_get: Key: 410f0520
nvram_set: wl_pspretend_retry_limit = "0"
sem_get: Key: 410f0520
sem_get: Key: 410f0520
nvram_set: wl_pspretend_threshold = "0"
sem_get: Key: 410f0520
sem_get: Key: 410f0520
nvram_set: bsd_role = "0"
sem_get: Key: 410f0520
sem_get: Key: 410f0520
nvram_set: bsd_hport = "9877"
sem_get: Key: 410f0520
sem_get: Key: 410f0520
nvram_set: bsd_pport = "9878"
sem_get: Key: 410f0520
sem_get: Key: 410f0520
nvram_set: bsd_helper = "192.168.1.2"
sem_get: Key: 410f0520
sem_get: Key: 410f0520
nvram_set: bsd_primary = "192.168.1.1"
sem_get: Key: 410f0520
sem_get: Key: 410f0520
nvram_set_default: Loading from native built-in table: router_defaults (0xb6fdac64) = 1!
nvram_set_default: Checking for symbol "Nvrams"...
nvram_set_default_image: Copying overrides from defaults folder!
sem_get: Key: 410f0520
cp: cannot stat '/firmadyne/libnvram.override/*': No such file or directory
sem_get: Key: 410f0520
sem_get: Key: 410f0520
sem_get: Key: 410f0520
nvram_set: 0:boardvendor = "0x14e4"
sem_lock: Already initialized!
sem_get: Key: 410f0520
sem_get: Key: 410f0520
nvram_set: 0:devid = "0x43a1"
sem_lock: Already initialized!
sem_get: Key: 410f0520
sem_get: Key: 410f0520
nvram_set: 0:sromrev = "11"
sem_lock: Already initialized!
sem_get: Key: 410f0520
sem_get: Key: 410f0520
nvram_set: 0:boardflags = "0x1000"
sem_lock: Already initialized!
sem_get: Key: 410f0520
sem_get: Key: 410f0520
[   11.794972] firmadyne: sys_socket[PID: 717 (event)]: family:1, type:1, protocol:0
nvram_set: 0:boardflags2 = "0x100002"
sem_lock: Already initialized!
sem_get: Key: 410f0520
sem_get: Key: 410f0520
 SERVD: start service [BRIDGE]
nvram_set: 0:venvid = "0x14e4"
sem_lock: Already initialized!
sem_get: Key: 410f0520
sem_get: Key: 410f0520
[   11.865459] firmadyne: sys_socket[PID: 725 (xmldbc)]: family:1, type:1, protocol:0
nvram_set: 0:boardflags3 = "0x3"
sem_lock: Already initialized!
sem_get: Key: 410f0520
sem_get: Key: 410f0520
nvram_set: 0:regrev = "0"
sem_lock: Already initialized!
sem_get: Key: 410f0520
sem_get: Key: 410f0520
nvram_set: 0:aa2g = "7"
sem_lock: Already initialized!
sem_get: Key: 410f0520
sem_get: Key: 410f0520
[   12.005881] firmadyne: sys_socket[PID: 731 (service)]: family:1, type:1, protocol:0
nvram_set: 0:agbg0 = "71"
sem_lock: Already initialized!
sem_get: Key: 410f0520
sem_get: Key: 410f0520
 nvram_set: 0:agbg1 = "71"
[   12.048300] firmadyne: sys_socket[PID: 733 (service)]: family:1, type:1, protocol:0
 sem_lock: Already initialized!
sem_get: Key: BRIDGE: The device is not in the bridge mode.
410f0520
sem_get: Key: 410f0520
SERVD: start service [LAN]
nvram_set: 0:agbg2 = "71"
sem_lock[   12.117167] firmadyne: sys_socket[PID: 277 (gpiod)]: family:2, type:2, protocol:0
et interface not found
: Already initialized!
sem_get: Key: 410f0520
sem_get: Key: 410f0520
[   12.137456] firmadyne: sys_socket[PID: 741 (xmldbc)]: family:1, type:1, protocol:0
nvram_set: 0:txchain = "7"
sem_lock: Already initialized!
sem_get: Key: 410f0520
sem_get: Key: 410f0520
nvram_set: 0:rxchain = "7"
sem_lock: Already initialized!
sem_get: Key: 410f0520
sem_get: Key: 410f0520
nvram_set: 0:antswitch = "0"
sem_lock: Already initialized!
sem_get: Key: 410f0520
sem_get: Key: 410f0520
nvram_set: 0:femctrl = "3"
sem_lock: Already initialized!
sem_get: Key: 410f0520
sem_get: Key: 410f0520
[   12.332077] firmadyne: sys_socket[PID: 747 (service)]: family:1, type:1, protocol:0
 nvram_set: 0:tssiposslope2g = "1"
sem_lock: Already initialized!
sem_get: Key: [   12.370559] firmadyne: sys_socket[PID: 749 (service)]: family:1, type:1, protocol:0
 410f0520
sem_get: Key: 410f0520
[   12.401485] firmadyne: sys_socket[PID: 751 (service)]: family:1, type:1, protocol:0
 nvram_set: 0:epagain2g = "0"
sem_lock: Already initialized!
sem_get: Key: 410f0520
sem_get: Key: 410f0520
[   12.431674] firmadyne: sys_socket[PID: 753 (service)]: family:1, type:1, protocol:0
 nvram_set: 0:pdgain2g = "14"
sem_lock: Already initialized!
sem_get: Key: [   12.469790] firmadyne: sys_socket[PID: 756 (service)]: family:1, type:1, protocol:0
 410f0520
sem_get: Key: 410f0520
[   12.497092] firmadyne: sys_socket[PID: 757 (service)]: family:1, type:1, protocol:0
nvram_set: 0:tworangetssi2g = "0"
sem_lock: Already initialized!
sem_get: Key: 410f0520
 sem_get: Key: 410f0520
[   12.524824] firmadyne: sys_socket[PID: 761 (service)]: family:1, type:1, protocol:0
 nvram_set: 0:papdcap2g = "0"
[   12.555055] firmadyne: sys_socket[PID: 763 (service)]: family:1, type:1, protocol:0
sem_lock: Already initialized!
sem_get: Key: 410f0520
sem_get: Key: 410f0520
 [   12.591047] firmadyne: sys_socket[PID: 766 (service)]: family:1, type:1, protocol:0
nvram_set: 0:gainctrlsph = "0"
sem_lock: Already initialized!
sem_get: Key: 410f0520
sem_get: Key: 410f0520
 nvram_set: 0:tempthresh = "255"
[   12.640655] firmadyne: sys_socket[PID: 768 (service)]: family:1, type:1, protocol:0
sem_lock: Already initialized!
sem_get: Key: 410f0520
 sem_get: Key: 410f0520
[   12.677853] firmadyne: sys_socket[PID: 771 (service)]: family:1, type:1, protocol:0
nvram_set: 0:tempoffset = "255"
sem_lock: Already initialized!
sem_get: Key:  410f0520
sem_get: Key: 410f0520
[   12.709761] firmadyne: sys_socket[PID: 772 (service)]: family:1, type:1, protocol:0
 nvram_set: 0:rawtempsense = "0x1ff"
sem_lock: Already initialized!
sem_get: Key: 410f0520
sem_get: Key: 410f0520
[   12.742764] firmadyne: sys_socket[PID: 775 (service)]: family:1, type:1, protocol:0
 nvram_set: 0:measpower = "0x7f"
sem_lock: Already initialized!
sem_get: Key: 410f0520
[   12.780840] firmadyne: sys_socket[PID: 777 (service)]: family:1, type:1, protocol:0
 sem_get: Key: 410f0520
[   12.792971] firmadyne: sys_socket[PID: 778 (service)]: family:1, type:1, protocol:0
 nvram_set: 0:xtalfreq = "65535"
sem_lock: Already initialized!
[   12.830847] firmadyne: sys_socket[PID: 780 (service)]: family:1, type:1, protocol:0
sem_get: Key: 410f0520
sem_get: Key: 410f0520
 [   12.860957] firmadyne: sys_socket[PID: 781 (service)]: family:1, type:1, protocol:0
nvram_set: 0:phycal_tempdelta = "255"
 sem_lock: Already initialized!
sem_get: Key: 410f0520
sem_get: Key: 410f0520
nvram_set: 0:measpower1 = "0x7f"
[   12.897937] firmadyne: sys_socket[PID: 783 (service)]: family:1, type:1, protocol:0
sem_lock: Already initialized!
sem_get: Key: 410f0520
sem_get: Key: 410f0520
 [   12.921017] firmadyne: sys_socket[PID: 786 (service)]: family:1, type:1, protocol:0
 nvram_set: 0:measpower2 = "0x7f"
sem_lock: Already initialized!
sem_get: Key: 410f0520
sem_get: Key: 410f0520
[   12.948275] firmadyne: sys_socket[PID: 787 (service)]: family:1, type:1, protocol:0
 nvram_set: 0:tssifloor2g = "0x3ff"
sem_lock: Already initialized!
sem_get: Key: 410f0520
sem_get: Key: 410f0520
[   12.979920] firmadyne: sys_socket[PID: 789 (service)]: family:1, type:1, protocol:0
 nvram_set: 0:pdoffset2g40ma0 = "15"
sem_lock: Already initialized!
[   13.016926] cfg80211: Calling CRDA to update world regulatory domain
[   13.020064] firmadyne: sys_socket[PID: 791 (service)]: family:1, type:1, protocol:0
 sem_get: Key: 410f0520
sem_get: Key: 410f0520
[   13.052331] firmadyne: sys_socket[PID: 793 (service)]: family:1, type:1, protocol:0
 nvram_set: 0:pdoffset2g40ma1 = "15"
[   13.070940] firmadyne: sys_socket[PID: 795 (service)]: family:1, type:1, protocol:0
 sem_lock: Already initialized!
sem_get: Key: 410f0520
sem_get: Key: 410f0520
[   13.097395] firmadyne: sys_socket[PID: 796 (service)]: family:1, type:1, protocol:0
 [   13.120917] firmadyne: sys_socket[PID: 277 (gpiod)]: family:2, type:2, protocol:0
et interface not found
nvram_set: 0:pdoffset2g40ma2 = "15"
[   13.128120] firmadyne: sys_socket[PID: 798 (service)]: family:1, type:1, protocol:0
sem_lock: Already initialized!
sem_get: Key: 410f0520
sem_get: Key: 410f0520
 [   13.154870] firmadyne: sys_socket[PID: 800 (service)]: family:1, type:1, protocol:0
nvram_set: 0:pdoffset2g40mvalid = "1"
sem_lock: Already initialized!
sem_get: Key: 410f0520
 sem_get: Key: 410f0520
[   13.205330] firmadyne: sys_socket[PID: 801 (service)]: family:1, type:1, protocol:0
 nvram_set: 0:pdoffset40ma0 = "0"
sem_lock: Already initialized!
SERVD: start service [WAN]
sem_get: Key: 410f0520
sem_get: Key: 410f0520
nvram_set: 0:pdoffset40ma1 = "0"
sem_lock: Already initialized!
sem_get: Key: 410f0520
sem_get: Key: 410f0520
[   13.364805] firmadyne: sys_socket[PID: 809 (xmldbc)]: family:1, type:1, protocol:0
nvram_set: 0:pdoffset40ma2 = "0"
sem_lock: Already initialized!
sem_get: Key: 410f0520
sem_get: Key: 410f0520
nvram_set: 0:pdoffset80ma0 = "0"
sem_lock: Already initialized!
sem_get: Key: 410f0520
sem_get: Key: 410f0520
nvram_set: 0:pdoffset80ma1 = "0"
sem_lock: Already initialized!
sem_get: Key: 410f0520
sem_get: Key: 410f0520
nvram_set: 0:pdoffset80ma2 = "0"
sem_lock: Already initialized!
sem_get: Key: 410f0520
sem_get: Key: 410f0520
nvram_set: 0:cckbw202gpo = "0"
sem_lock: Already initialized!
sem_get: Key: 410f0520
sem_get: Key: 410f0520
[   13.629307] firmadyne: sys_socket[PID: 816 (service)]: family:1, type:1, protocol:0
 nvram_set: 0:cckbw20ul2gpo = "0"
sem_lock: Already initialized!
sem_get: Key: 410f0520
sem_get: Key: 410f0520
[   13.659590] firmadyne: sys_socket[PID: 818 (service)]: family:1, type:1, protocol:0
 nvram_set: 0:mcsbw202gpo = "0x0"
sem_lock: Already initialized!
sem_get: Key: 410f0520
sem_get: Key: 410f0520
[   13.698045] firmadyne: sys_socket[PID: 821 (service)]: family:1, type:1, protocol:0
 [   13.724010] firmadyne: sys_socket[PID: 822 (service)]: family:1, type:1, protocol:0
nvram_set: 0:mcsbw402gpo = "0x0"
sem_lock: Already initialized!
sem_get: Key:  410f0520
sem_get: Key: 410f0520
[   13.767035] firmadyne: sys_socket[PID: 825 (service)]: family:1, type:1, protocol:0
 [   13.785962] firmadyne: sys_socket[PID: 827 (service)]: family:1, type:1, protocol:0
nvram_set: 0:dot11agofdmhrbw202gpo = "0x0"
sem_lock: Already initialized!
sem_get: Key: 410f0520
sem_get: Key: 410f0520
 [   13.825998] firmadyne: sys_socket[PID: 830 (service)]: family:1, type:1, protocol:0
nvram_set: 0:ofdmlrbw202gpo = "0"
sem_lock: Already initialized!
sem_get: Key: 410f0520
sem_get: Key: 410f0520
 [   13.859664] firmadyne: sys_socket[PID: 831 (service)]: family:1, type:1, protocol:0
 nvram_set: 0:sb40and80lr5ghpo = "0"
sem_lock: Already initialized!
sem_get[   13.885663] firmadyne: sys_socket[PID: 834 (service)]: family:1, type:1, protocol:0
: Key: 410f0520
sem_get: Key: 410f0520
 [   13.916993] firmadyne: sys_socket[PID: 836 (service)]: family:1, type:1, protocol:0
nvram_set: 0:dot11agduphrpo = "0"
sem_lock: Already initialized!
 sem_get: Key: 410f0520
sem_get: Key: 410f0520
[   13.943886] firmadyne: sys_socket[PID: 838 (service)]: family:1, type:1, protocol:0
 nvram_set: 0:dot11agduplrpo = "0"
sem_lock: Already initialized!
sem_get: Key: 410f0520
[   13.981023] firmadyne: sys_socket[PID: 840 (service)]: family:1, type:1, protocol:0
sem_get: Key: 410f0520
 nvram_set: 0:sar2g = "18"
sem_lock: Already initialized!
sem_get: Key: 410f0520
[   14.019820] firmadyne: sys_socket[PID: 843 (service)]: family:1, type:1, protocol:0
 sem_get: Key: 410f0520
[   14.049347] firmadyne: sys_socket[PID: 844 (service)]: family:1, type:1, protocol:0
 nvram_set: 0:rxgainerr2ga0 = "63"
sem_lock: Already initialized!
sem_get: Key: 410f0520
sem_get: Key: 410f0520[   14.077923] firmadyne: sys_socket[PID: 846 (service)]: family:1, type:1, protocol:0

 [   14.096646] firmadyne: sys_socket[PID: 848 (service)]: family:1, type:1, protocol:0
nvram_set: 0:rxgainerr2ga1 = "31"
sem_lock: Already initialized!
sem_get [   14.124094] firmadyne: sys_socket[PID: 277 (gpiod)]: family:2, type:2, protocol:0
: Key: 410f0520
sem_get: Key: 410f0520
et interface not found
[   14.148356] firmadyne: sys_socket[PID: 849 (service)]: family:1, type:1, protocol:0
 nvram_set: 0:rxgainerr2ga2 = "31"
sem_lock: Already initialized!
sem_get: Key: 410f0520
sem_get: Key: [   14.179709] firmadyne: sys_socket[PID: 851 (service)]: family:1, type:1, protocol:0
410f0520
 nvram_set: 0:maxp2ga0 = "102"
sem_lock: Already initialized!
sem_get: Key: 410f0520
sem_get: Key: 410f0520
[   14.209889] firmadyne: sys_socket[PID: 853 (service)]: family:1, type:1, protocol:0
 nvram_set: 0:pa2ga0 = "0xFF29,0x1b86,0xFCa9"
sem_lock: Already initialized!
sem_get: Key: 410f0520
sem_get: Key: 410f0520
[   14.238224] firmadyne: sys_socket[PID: 855 (service)]: family:1, type:1, protocol:0
 nvram_set: 0:rxgains2gelnagaina0 = "4"
sem_lock: Already initialized!
sem_get: Key: 410f0520
sem_get: Key: 410f0520
[   14.278470] firmadyne: sys_socket[PID: 857 (service)]: family:1, type:1, protocol:0
 [   14.306093] firmadyne: sys_socket[PID: 859 (service)]: family:1, type:1, protocol:0
nvram_set: 0:rxgains2gtrisoa0 = "7"
sem_lock: Already initialized!
sem_get: Key: 410f0520
sem_get: Key: 410f0520 
[   14.341274] firmadyne: sys_socket[PID: 860 (service)]: family:1, type:1, protocol:0
 nvram_set: 0:rxgains2gtrelnabypa0 = "1"
sem_lock: Already initialized!
sem_get: Key: 410f0520
sem_get: Key: 410f0520
[   14.373998] firmadyne: sys_socket[PID: 862 (service)]: family:1, type:1, protocol:0
 nvram_set: 0:maxp2ga1 = "102"
sem_lock: Already initialized!
sem_get: Key: 410f0520
sem_get: Key: 410f0520
[   14.409481] firmadyne: sys_socket[PID: 864 (service)]: family:1, type:1, protocol:0
 [   14.431016] firmadyne: sys_socket[PID: 866 (service)]: family:1, type:1, protocol:0
 nvram_set: 0:pa2ga1 = "0xFF2e,0x1c4d,0xFC99"
sem_lock: Already initialized!
[   14.549348] firmadyne: sys_socket[PID: 867 (service)]: family:1, type:1, protocol:0
 SERVD: start service [INFSVCS.BRIDGE-1]
[   14.585595] firmadyne: sys_socket[PID: 873 (xmldbc)]: family:1, type:1, protocol:0
infsvcs_setup: (BRIDGE-1) not exist.
sem_get: Key: 410f0520
sem_get: Key: 410f0520
SERVD: service [INFSVCS.BRIDGE-1] return error 9.
SERVD: start service [DEVICE.PASSTHROUGH]
nvram_set: 0:rxgains2gelnagaina1 = "4"
sem_lock: Already initialized!
sem_get: Key: 410f0520
sem_get: Key: 410f0520
[   14.726552] firmadyne: sys_socket[PID: 884 (xmldbc)]: family:1, type:1, protocol:0
nvram_set: 0:rxgains2gtrisoa1 = "7"
sem_lock: Already initialized!
sem_get: Key: 410f0520
sem_get: Key: 410f0520
nvram_set: 0:rxgains2gtrelnabypa1 = "1"
sem_lock: Already initialized!
sem_get: Key: 410f0520
sem_get: Key: 410f0520
nvram_set: 0:maxp2ga2 = "102"
sem_lock: Already initialized!
/proc/pthrough/ipv6: can't create
sem_get: Key: 410f0520
sem_get: Key: 410f0520
/proc/pthrough/pppoe: can't create
nvram_set: 0:pa2ga2 = "0xFF27,0x1ac0,0xFcc0"
sem_lock: Already initialized!
sem_get: Key: 410f0520
sem_get: Key: 410f0520
[   14.873593] firmadyne: sys_socket[PID: 891 (service)]: family:1, type:1, protocol:0
 nvram_set: 0:rxgains2gelnagaina2 = "4"
sem_lock: Already initialized!
sem_get[   14.910508] firmadyne: sys_socket[PID: 893 (service)]: family:1, type:1, protocol:0
 : Key: 410f0520
[   14.926431] firmadyne: sys_socket[PID: 894 (service)]: family:1, type:1, protocol:0
sem_get: Key: 410f0520
nvram_set: 0:rxgains2gtrisoa2 = "7"
sem_lock: Already initialized!
sem_get: Key: 410f0520
sem_get: Key: 410f0520
 [   14.960804] firmadyne: sys_socket[PID: 897 (service)]: family:1, type:1, protocol:0
 nvram_set: 0:rxgains2gtrelnabypa2 = "1"
sem_lock: Already initialized!
[   14.983876] firmadyne: sys_socket[PID: 898 (service)]: family:1, type:1, protocol:0
sem_get : Key: 410f0520
sem_get: Key: 410f0520
[   15.004222] firmadyne: sys_socket[PID: 899 (service)]: family:1, type:1, protocol:0
nvram_set: 0:ledbh0 = "0x8B"
sem_lock: Already initialized!
 SERVD: start service [MYDLINK.LOG]
sem_get: Key: 410f0520
sem_get: Key: 410f0520
nvram_set: 0:ledbh1 = "0x8B"
sem_lock: Already initialized!
sem_get: Key: 410f0520
sem_get: Key: 410f0520
[   15.084741] firmadyne: sys_socket[PID: 907 (xmldbc)]: family:1, type:1, protocol:0
SERVD: start service [WIFI.PHYINF]
SERVD: service [WIFI.PHYINF] return error 108.
SERVD: start service [IPTABLES]
nvram_set: 0:ledbh2 = "0x8B"
sem_lock: Already initialized!
sem_get: Key: 410f0520
[   15.141150] firmadyne: sys_socket[PID: 277 (gpiod)]: family:2, type:2, protocol:0
et interface not found
sem_get: Key: 410f0520
nvram_set: 0:ledbh13 = "0x8B"
[   15.186141] firmadyne: sys_socket[PID: 919 (xmldbc)]: family:1, type:1, protocol:0
sem_lock: Already initialized!
sem_get: Key: 410f0520
sem_get: Key: 410f0520
nvram_set: 0:rpcal2g = "0"
sem_lock: Already initialized!
sem_get: Key: 410f0520
sem_get: Key: 410f0520
[: : unknown operand
nvram_set: devpath1 = "pci/1/1"
sem_lock: Already initialized!
sem_get: Key: 410f0520
sem_get: Key: 410f0520
nvram_set: 1:boardvendor = "0x14e4"
sem_lock: Already initialized!
sem_get: Key: 410f0520
sem_get: Key: 410f0520
nvram_set: 1:devid = "0x43a2"
sem_lock: Already initialized!
sem_get: Key: 410f0520
sem_get: Key: 410f0520
nvram_set: 1:sromrev = "11"
sem_lock: Already initialized!
sem_get: Key: 410f0520
sem_get: Key: 410f0520
[   15.521140] firmadyne: sys_socket[PID: 933 (xmldbc)]: family:1, type:1, protocol:0
nvram_set: 1:boardflags = "0x30000000"
sem_lock: Already initialized!
sem_get: Key: 410f0520
sem_get: Key: 410f0520
nvram_set: 1:boardflags2 = "0x300002"
sem_lock: Already initialized!
sem_get: Key: 410f0520
sem_get: Key: 410f0520
nvram_set: 1:venid = "0x14e4"
sem_lock: Already initialized!
sem_get: Key: 410f0520
sem_get[   15.654622] firmadyne: sys_socket[PID: 947 (xmldbc)]: family:1, type:1, protocol:0
: Key: 410f0520
CONNTRACK_MAX=65536
[   15.685967] firmadyne: sys_socket[PID: 951 (xmldbc)]: family:1, type:1, protocol:0
nvram_set: 1:boardflags3 = "0x0"
sem_lock: Already initialized!
sem_get: Key: 410f0520
sem_get: Key: 410f0520
nvram_set: 1:regrev = "0"
sem_lock: Already initialized!
sem_get: Key: 410f0520
[   15.749945] firmadyne: sys_socket[PID: 956 (xmldbc)]: family:1, type:1, protocol:0
sem_get: Key: 410f0520
CONNTRACK_MIN=32768
nvram_set: 1:aa5g = "7"
sem_lock: Already initialized!
sem_get: Key: 410f0520
sem_get: Key: 410f0520
nvram_set: 1:aga0 = "71"
sem_lock: Already initialized!
sem_get: Key: 410f0520
[   15.824985] firmadyne: sys_socket[PID: 964 (portt)]: family:1, type:2, protocol:0
sem_get: Key: 410f0520
[   15.861538] firmadyne: sys_socket[PID: 965 (iptables)]: family:2, type:3, protocol:255
nvram_set: 1:aga1 = "133"
sem_lock: Already initialized!
sem_get: Key: 410f0520
sem_get: Key: 410f0520
[   15.881269] firmadyne: sys_socket[PID: 965 (iptables)]: family:2, type:3, protocol:255
[   15.884088] firmadyne: sys_socket[PID: 965 (iptables)]: family:2, type:3, protocol:255
[   15.899237] firmadyne: sys_socket[PID: 965 (iptables)]: family:2, type:3, protocol:255
[   15.902407] firmadyne: sys_socket[PID: 965 (iptables)]: family:2, type:3, protocol:255
[   15.909554] firmadyne: sys_socket[PID: 965 (iptables)]: family:2, type:3, protocol:255
nvram_set: 1:aga2 = "133"
sem_lock: Already initialized!
sem_get: Key: 410f0520
[   15.919518] firmadyne: sys_socket[PID: 965 (iptables)]: family:2, type:3, protocol:255
sem_get: Key: 410f0520
[   15.924405] firmadyne: sys_socket[PID: 965 (iptables)]: family:2, type:3, protocol:255
[   15.939438] firmadyne: sys_socket[PID: 965 (iptables)]: family:2, type:3, protocol:255
[   15.942252] firmadyne: sys_socket[PID: 965 (iptables)]: family:2, type:3, protocol:255
nvram_set: 1:txchain = "7"
[   15.949552] firmadyne: sys_socket[PID: 965 (iptables)]: family:2, type:3, protocol:255
[   15.950186] firmadyne: sys_socket[PID: 965 (iptables)]: family:2, type:3, protocol:255
sem_lock: Already initialized!
sem_get: Key: 410f0520
sem_get: Key: 410f0520
[   15.959570] firmadyne: sys_socket[PID: 965 (iptables)]: family:2, type:3, protocol:255
[   15.969320] firmadyne: sys_socket[PID: 965 (iptables)]: family:2, type:3, protocol:255
[   15.979348] firmadyne: sys_socket[PID: 965 (iptables)]: family:2, type:3, protocol:255
[   15.982178] firmadyne: sys_socket[PID: 965 (iptables)]: family:2, type:3, protocol:255
[   15.982562] firmadyne: sys_socket[PID: 965 (iptables)]: family:2, type:3, protocol:255
[   15.984155] firmadyne: sys_socket[PID: 965 (iptables)]: family:2, type:3, protocol:255
nvram_set: 1:rxchain = "7"
sem_lock: Already initialized!
sem_get: Key: 410f0520
sem_get: Key: 410f0520
[   15.999578] firmadyne: sys_setsockopt[PID: 965 (iptables)]: fd:6, level:0, optname:64
[   16.002296] firmadyne: sys_setsockopt[PID: 965 (iptables)]: fd:6, level:0, optname:65
[   16.013843] firmadyne: sys_socket[PID: 998 (iptables)]: family:2, type:3, protocol:255
nvram_set: 1:antswitch = "0"
sem_lock: Already initialized!
sem_get: Key: 410f0520
sem_get: Key: 410f0520
[   16.037170] firmadyne: sys_socket[PID: 998 (iptables)]: family:2, type:3, protocol:255
[   16.040178] firmadyne: sys_socket[PID: 998 (iptables)]: family:2, type:3, protocol:255
nvram_set: 1:femctrl = "3"
[   16.049657] firmadyne: sys_socket[PID: 998 (iptables)]: family:2, type:3, protocol:255
sem_lock: Already initialized!
sem_get: Key: 410f0520
sem_get: Key: 410f0520
[   16.068752] firmadyne: sys_socket[PID: 998 (iptables)]: family:2, type:3, protocol:255
[   16.071976] firmadyne: sys_socket[PID: 998 (iptables)]: family:2, type:3, protocol:255
nvram_set: 1:tssiposslope5g = "1"
sem_lock: Already initialized!
sem_get: Key: 410f0520
[   16.142493] firmadyne: sys_socket[PID: 998 (iptables)]: family:2, type:3, protocol:255
[   16.146054] firmadyne: sys_socket[PID: 277 (gpiod)]: family:2, type:2, protocol:0
sem_get: Key: 410f0520
et interface not found
[   16.169062] cfg80211: Calling CRDA to update world regulatory domain
[   16.190487] firmadyne: sys_socket[PID: 998 (iptables)]: family:2, type:3, protocol:255
[   16.209693] firmadyne: sys_socket[PID: 998 (iptables)]: family:2, type:3, protocol:255
[   16.217424] firmadyne: sys_socket[PID: 998 (iptables)]: family:2, type:3, protocol:255
[   16.220485] firmadyne: sys_socket[PID: 998 (iptables)]: family:2, type:3, protocol:255
[   16.221112] firmadyne: sys_socket[PID: 998 (iptables)]: family:2, type:3, protocol:255
[   16.229686] firmadyne: sys_socket[PID: 998 (iptables)]: family:2, type:3, protocol:255
nvram_set: 1:epagain5g = "0"
sem_lock: Already initialized!
sem_get: Key: 410f0520
[   16.239449] firmadyne: sys_socket[PID: 998 (iptables)]: family:2, type:3, protocol:255
sem_get: Key: 410f0520
[   16.245900] firmadyne: sys_socket[PID: 998 (iptables)]: family:2, type:3, protocol:255
[   16.259410] firmadyne: sys_socket[PID: 998 (iptables)]: family:2, type:3, protocol:255
[   16.259785] firmadyne: sys_socket[PID: 998 (iptables)]: family:2, type:3, protocol:255
[   16.261638] firmadyne: sys_socket[PID: 998 (iptables)]: family:2, type:3, protocol:255
[   16.267821] firmadyne: sys_setsockopt[PID: 998 (iptables)]: fd:6, level:0, optname:64
[   16.270426] firmadyne: sys_setsockopt[PID: 998 (iptables)]: fd:6, level:0, optname:65
nvram_set: 1:pdgain5g = "4"
sem_lock: Already initialized!
sem_get: Key: 410f0520
sem_get: Key: 410f0520
[   16.296655] firmadyne: sys_socket[PID: 1033 (iptables)]: family:2, type:3, protocol:255
[   16.309663] firmadyne: sys_socket[PID: 1033 (iptables)]: family:2, type:3, protocol:255
nvram_set: 1:tworangetssi5g = "0"
[   16.319339] firmadyne: sys_socket[PID: 1033 (iptables)]: family:2, type:3, protocol:255
sem_lock: Already initialized!
sem_get: Key: 410f0520
sem_get: Key: 410f0520
[   16.328979] firmadyne: sys_socket[PID: 1033 (iptables)]: family:2, type:3, protocol:255
[   16.339310] firmadyne: sys_socket[PID: 1033 (iptables)]: family:2, type:3, protocol:255
[   16.349256] firmadyne: sys_socket[PID: 1033 (iptables)]: family:2, type:3, protocol:255
nvram_set: 1:papdcap5g = "0"
sem_lock: Already initialized!
sem_get: Key: 410f0520
sem_get: Key: 410f0520[   16.359327] firmadyne: sys_socket[PID: 1033 (iptables)]: family:2, type:3, protocol:255
[   16.361850] firmadyne: sys_socket[PID: 1033 (iptables)]: family:2, type:3, protocol:255

[   16.369097] firmadyne: sys_socket[PID: 1033 (iptables)]: family:2, type:3, protocol:255
[   16.379319] firmadyne: sys_socket[PID: 1033 (iptables)]: family:2, type:3, protocol:255
nvram_set: 1:gainctrlsph = "0"
[   16.389329] firmadyne: sys_socket[PID: 1033 (iptables)]: family:2, type:3, protocol:255
[   16.389752] firmadyne: sys_socket[PID: 1033 (iptables)]: family:2, type:3, protocol:255
sem_lock: Already initialized!
sem_get: Key: 410f0520
sem_get: Key: 410f0520
[   16.399230] firmadyne: sys_socket[PID: 1033 (iptables)]: family:2, type:3, protocol:255
[   16.401858] firmadyne: sys_socket[PID: 1033 (iptables)]: family:2, type:3, protocol:255
[   16.409067] firmadyne: sys_socket[PID: 1033 (iptables)]: family:2, type:3, protocol:255
[   16.419413] firmadyne: sys_socket[PID: 1033 (iptables)]: family:2, type:3, protocol:255
[   16.419781] firmadyne: sys_socket[PID: 1033 (iptables)]: family:2, type:3, protocol:255
[   16.420588] firmadyne: sys_socket[PID: 1033 (iptables)]: family:2, type:3, protocol:255
nvram_set: 1:measpower = "0x7f"
iptables v1.4.7: can't initialize iptables table `nat': Table does not exist (do you need to insmod?)
Perhaps iptables or your kernel needs to be upgraded.
[   16.444893] firmadyne: sys_socket[PID: 1068 (iptables)]: family:2, type:3, protocol:255
sem_lock: Already initialized!
sem_get: Key: 410f0520
sem_get: Key: 410f0520
nvram_set: 1:xtalfreq = "65535"
[   16.467117] firmadyne: sys_socket[PID: 1068 (iptables)]: family:2, type:3, protocol:255
[   16.470138] firmadyne: sys_socket[PID: 1068 (iptables)]: family:2, type:3, protocol:255
sem_lock: Already initialized!
sem_get: Key: 410f0520
sem_get: Key: 410f0520
[   16.489064] firmadyne: sys_socket[PID: 1068 (iptables)]: family:2, type:3, protocol:255
[   16.491721] firmadyne: sys_socket[PID: 1068 (iptables)]: family:2, type:3, protocol:255
[   16.499325] firmadyne: sys_socket[PID: 1068 (iptables)]: family:2, type:3, protocol:255
nvram_set: 1:phycal_tempdelta = "255"
sem_lock: Already initialized!
sem_get: Key: 410f0520[   16.509633] firmadyne: sys_socket[PID: 1068 (iptables)]: family:2, type:3, protocol:255

sem_get: Key: 410f0520
[   16.515401] firmadyne: sys_socket[PID: 1068 (iptables)]: family:2, type:3, protocol:255
[   16.529567] firmadyne: sys_socket[PID: 1068 (iptables)]: family:2, type:3, protocol:255
[   16.532248] firmadyne: sys_socket[PID: 1068 (iptables)]: family:2, type:3, protocol:255
[   16.539440] firmadyne: sys_socket[PID: 1068 (iptables)]: family:2, type:3, protocol:255
[   16.539867] firmadyne: sys_socket[PID: 1068 (iptables)]: family:2, type:3, protocol:255
nvram_set: 1:measpower1 = "0x7f"
sem_lock: Already initialized!
sem_get: Key: 410f0520
sem_get: Key: [   16.549402] firmadyne: sys_socket[PID: 1068 (iptables)]: family:2, type:3, protocol:255
410f0520
[   16.554586] firmadyne: sys_socket[PID: 1068 (iptables)]: family:2, type:3, protocol:255
[   16.569539] firmadyne: sys_socket[PID: 1068 (iptables)]: family:2, type:3, protocol:255
[   16.572340] firmadyne: sys_socket[PID: 1068 (iptables)]: family:2, type:3, protocol:255
[   16.572749] firmadyne: sys_socket[PID: 1068 (iptables)]: family:2, type:3, protocol:255
[   16.573543] firmadyne: sys_socket[PID: 1068 (iptables)]: family:2, type:3, protocol:255
nvram_set: 1:measpower2 = "0x7f"
sem_lock: Already initialized!
sem_get: Key: 410f0520
sem_get: Key: 410f0520
iptables v1.4.7: can't initialize iptables table `nat': Table does not exist (do you need to insmod?)
Perhaps iptables or your kernel needs to be upgraded.
