>> Database Image ID: 195

/home/zhumengfan/firmware/firmwares/f14c799e29e5dcf1f689f342157588b357177900.bin
>> MD5: 059e47f0ff59beb95120b448647ad288
>> Tag: 195
>> Temp: /tmp/tmpGD8ByL
>> Status: Kernel: True, Rootfs: False, Do_Kernel: False,                 Do_Rootfs: True
>>>> Squashfs filesystem, little endian, version 4.0, compression:gzip, size: 4397857 bytes, 607 inodes, blocksize: 131072 bytes, created: 2014-09-26 22:49:13
>>>> Found Linux filesystem in /tmp/tmpGD8ByL/_f14c799e29e5dcf1f689f342157588b357177900.bin.extracted/squashfs-root!
>> Skipping: completed!
>> Cleaning up /tmp/tmpGD8ByL...
./bin/busybox: armel
Querying database for architecture... armel
----Running----
----Copying Filesystem Tarball----
----Creating QEMU Image----
Formatting '/home/zhumengfan/firmadyne//scratch//195//image.raw', fmt=raw size=1073741824
----Creating Partition Table----

Welcome to fdisk (util-linux 2.27.1).
Changes will remain in memory only, until you decide to write them.
Be careful before using the write command.

Device does not contain a recognized partition table.
Created a new DOS disklabel with disk identifier 0x2415cc0c.

Command (m for help): Created a new DOS disklabel with disk identifier 0x80965953.

Command (m for help): Partition type
   p   primary (0 primary, 0 extended, 4 free)
   e   extended (container for logical partitions)
Select (default p): Partition number (1-4, default 1): First sector (2048-2097151, default 2048): Last sector, +sectors or +size{K,M,G,T,P} (2048-2097151, default 2097151): 
Created a new partition 1 of type 'Linux' and of size 1023 MiB.

Command (m for help): The partition table has been altered.
Syncing disks.

----Mounting QEMU Image----
add map loop0p1 (252:0): 0 2095104 linear 7:0 2048
----Creating Filesystem----
mke2fs 1.42.13 (17-May-2015)
Discarding device blocks:   4096/261888             done                            
Creating filesystem with 261888 4k blocks and 65536 inodes
Filesystem UUID: bb4a36cb-95e1-4eb8-8ad8-cdc3ffd3b119
Superblock backups stored on blocks: 
	32768, 98304, 163840, 229376

Allocating group tables: 0/8   done                            
Writing inode tables: 0/8   done                            
Writing superblocks and filesystem accounting information: 0/8   done

----Making QEMU Image Mountpoint----
----Mounting QEMU Image Partition 1----
----Extracting Filesystem Tarball----
----Creating FIRMADYNE Directories----
----Patching Filesystem (chroot)----
Creating /etc/TZ!
Creating /etc/hosts!
Creating /etc/passwd!
Warning: Recreating device nodes!
Removing /etc/scripts/sys_resetbutton!
----Setting up FIRMADYNE----
----Unmounting QEMU Image----
loop deleted : /dev/loop0
Querying database for architecture... armel
Running firmware 195: terminating after 60 secs...
qemu-system-arm: terminating on signal 2 from pid 166529 (timeout)
Inferring network...
Interfaces: []
Done!
[    0.000000] Booting Linux on physical CPU 0x0
[    0.000000] Linux version 4.1.17+ (vagrant@vagrant-ubuntu-trusty-64) (gcc version 5.3.0 (GCC) ) #1 Thu Feb 18 01:05:21 UTC 2016
[    0.000000] CPU: ARMv7 Processor [412fc0f1] revision 1 (ARMv7), cr=10c5387d
[    0.000000] CPU: PIPT / VIPT nonaliasing data cache, PIPT instruction cache
[    0.000000] Machine model: linux,dummy-virt
[    0.000000] debug: ignoring loglevel setting.
[    0.000000] Memory policy: Data cache writeback
[    0.000000] On node 0 totalpages: 65536
[    0.000000] free_area_init_node: node 0, pgdat c061dfe8, node_mem_map cfdf9000
[    0.000000]   Normal zone: 512 pages used for memmap
[    0.000000]   Normal zone: 0 pages reserved
[    0.000000]   Normal zone: 65536 pages, LIFO batch:15
[    0.000000] psci: probing for conduit method from DT.
[    0.000000] psci: PSCIv0.2 detected in firmware.
[    0.000000] psci: Using standard PSCI v0.2 function IDs
[    0.000000] CPU: All CPU(s) started in SVC mode.
[    0.000000] pcpu-alloc: s0 r0 d32768 u32768 alloc=1*32768
[    0.000000] pcpu-alloc: [0] 0 
[    0.000000] Built 1 zonelists in Zone order, mobility grouping on.  Total pages: 65024
[    0.000000] Kernel command line: firmadyne.syscall=1 root=/dev/vda1 console=ttyS0 nandsim.parts=64,64,64,64,64,64,64,64,64,64 rdinit=/firmadyne/preInit.sh rw debug ignore_loglevel print-fatal-signals=1 user_debug=31
[    0.000000] PID hash table entries: 1024 (order: 0, 4096 bytes)
[    0.000000] Dentry cache hash table entries: 32768 (order: 5, 131072 bytes)
[    0.000000] Inode-cache hash table entries: 16384 (order: 4, 65536 bytes)
[    0.000000] Memory: 253340K/262144K available (4297K kernel code, 170K rwdata, 1584K rodata, 180K init, 148K bss, 8804K reserved, 0K cma-reserved)
[    0.000000] Virtual kernel memory layout:
[    0.000000]     vector  : 0xffff0000 - 0xffff1000   (   4 kB)
[    0.000000]     fixmap  : 0xffc00000 - 0xfff00000   (3072 kB)
[    0.000000]     vmalloc : 0xd0800000 - 0xff000000   ( 744 MB)
[    0.000000]     lowmem  : 0xc0000000 - 0xd0000000   ( 256 MB)
[    0.000000]     modules : 0xbf000000 - 0xc0000000   (  16 MB)
[    0.000000]       .text : 0xc0008000 - 0xc05c67bc   (5882 kB)
[    0.000000]       .init : 0xc05c7000 - 0xc05f4000   ( 180 kB)
[    0.000000]       .data : 0xc05f4000 - 0xc061e840   ( 171 kB)
[    0.000000]        .bss : 0xc0621000 - 0xc06462d4   ( 149 kB)
[    0.000000] NR_IRQS:16 nr_irqs:16 16
[    0.000000] Architected cp15 timer(s) running at 62.50MHz (virt).
[    0.000000] clocksource arch_sys_counter: mask: 0xffffffffffffff max_cycles: 0x1cd42e208c, max_idle_ns: 881590405314 ns
[    0.000161] sched_clock: 56 bits at 62MHz, resolution 16ns, wraps every 4398046511096ns
[    0.000303] Switching to timer-based delay loop, resolution 16ns
[    1.146377] Console: colour dummy device 80x30
[    1.146825] Calibrating delay loop (skipped), value calculated using timer frequency.. 125.00 BogoMIPS (lpj=625000)
[    1.146998] pid_max: default: 32768 minimum: 301
[    1.148171] Mount-cache hash table entries: 1024 (order: 0, 4096 bytes)
[    1.148237] Mountpoint-cache hash table entries: 1024 (order: 0, 4096 bytes)
[    1.155960] CPU: Testing write buffer coherency: ok
[    1.162206] Setting up static identity map for 0x40008240 - 0x40008298
[    1.178399] VFP support v0.3: implementor 41 architecture 4 part 30 variant f rev 0
[    3.071869] clocksource jiffies: mask: 0xffffffff max_cycles: 0xffffffff, max_idle_ns: 19112604462750000 ns
[    3.082224] NET: Registered protocol family 16
[    3.085551] DMA: preallocated 256 KiB pool for atomic coherent allocations
[    3.090090] cpuidle: using governor ladder
[    3.090270] cpuidle: using governor menu
[    3.114960] Serial: AMBA PL011 UART driver
[    3.117360] 9000000.pl011: ttyS0 at MMIO 0x9000000 (irq = 54, base_baud = 0) is a PL011 rev1
[    3.126114] console [ttyS0] enabled
[    5.113767] vgaarb: loaded
[    5.115338] SCSI subsystem initialized
[    5.116444] usbcore: registered new interface driver usbfs
[    5.116809] usbcore: registered new interface driver hub
[    5.117158] usbcore: registered new device driver usb
[    5.126553] cfg80211: Calling CRDA to update world regulatory domain
[    5.128917] Switched to clocksource arch_sys_counter
[    5.147098] NET: Registered protocol family 2
[    5.152596] TCP established hash table entries: 2048 (order: 1, 8192 bytes)
[    5.152884] TCP bind hash table entries: 2048 (order: 1, 8192 bytes)
[    5.153217] TCP: Hash tables configured (established 2048 bind 2048)
[    5.153774] UDP hash table entries: 256 (order: 0, 4096 bytes)
[    5.154027] UDP-Lite hash table entries: 256 (order: 0, 4096 bytes)
[    5.155485] NET: Registered protocol family 1
[    5.155952] PCI: CLS 0 bytes, default 64
[    5.632226] NetWinder Floating Point Emulator V0.97 (extended precision)
[    5.635061] futex hash table entries: 256 (order: -1, 3072 bytes)
[    5.640941] squashfs: version 4.0 (2009/01/31) Phillip Lougher
[    5.642055] jffs2: version 2.2. (NAND) © 2001-2006 Red Hat, Inc.
[    5.642875] romfs: ROMFS MTD (C) 2007 Red Hat, Inc.
[    5.652308] Block layer SCSI generic (bsg) driver version 0.4 loaded (major 253)
[    5.652680] io scheduler noop registered
[    5.652930] io scheduler cfq registered (default)
[    5.653633] firmadyne: devfs: 1, execute: 1, procfs: 1, syscall: 1
[    5.655012] ------------[ cut here ]------------
[    5.655226] WARNING: CPU: 0 PID: 1 at /home/vagrant/firmadyne-kernel/kernel-v4.1/fs/sysfs/dir.c:31 sysfs_warn_dup+0x50/0x6c()
[    5.655466] sysfs: cannot create duplicate filename '/class/gpio'
[    5.655634] Modules linked in:
[    5.655956] CPU: 0 PID: 1 Comm: swapper Not tainted 4.1.17+ #1
[    5.656100] Hardware name: Generic DT based system
[    5.656806] [<c001c99c>] (unwind_backtrace) from [<c0019d30>] (show_stack+0x10/0x14)
[    5.657104] [<c0019d30>] (show_stack) from [<c0024ab4>] (warn_slowpath_common+0x80/0xa8)
[    5.657314] [<c0024ab4>] (warn_slowpath_common) from [<c0024b08>] (warn_slowpath_fmt+0x2c/0x3c)
[    5.657565] [<c0024b08>] (warn_slowpath_fmt) from [<c00e363c>] (sysfs_warn_dup+0x50/0x6c)
[    5.657754] [<c00e363c>] (sysfs_warn_dup) from [<c00e3714>] (sysfs_create_dir_ns+0x74/0x84)
[    5.657947] [<c00e3714>] (sysfs_create_dir_ns) from [<c018e6ac>] (kobject_add_internal+0xb8/0x2ac)
[    5.658145] [<c018e6ac>] (kobject_add_internal) from [<c018e9a8>] (kset_register+0x1c/0x44)
[    5.658333] [<c018e9a8>] (kset_register) from [<c02090b4>] (__class_register+0xa8/0x198)
[    5.658518] [<c02090b4>] (__class_register) from [<c02091e4>] (__class_create+0x40/0x70)
[    5.658918] [<c02091e4>] (__class_create) from [<c01adf68>] (register_devfs_stubs+0x314/0xbb4)
[    5.659122] [<c01adf68>] (register_devfs_stubs) from [<c05d9b08>] (init_module+0x28/0xa4)
[    5.659345] [<c05d9b08>] (init_module) from [<c0009670>] (do_one_initcall+0x104/0x1b4)
[    5.659528] [<c0009670>] (do_one_initcall) from [<c05c7d08>] (kernel_init_freeable+0xf0/0x1b0)
[    5.659723] [<c05c7d08>] (kernel_init_freeable) from [<c040f28c>] (kernel_init+0x8/0xe4)
[    5.659900] [<c040f28c>] (kernel_init) from [<c0016da8>] (ret_from_fork+0x14/0x2c)
[    5.660174] ---[ end trace bbb3d131a8091410 ]---
[    5.660382] ------------[ cut here ]------------
[    5.660502] WARNING: CPU: 0 PID: 1 at /home/vagrant/firmadyne-kernel/kernel-v4.1/lib/kobject.c:240 kobject_add_internal+0x240/0x2ac()
[    5.660732] kobject_add_internal failed for gpio with -EEXIST, don't try to register things with the same name in the same directory.
[    5.660957] Modules linked in:
[    5.661136] CPU: 0 PID: 1 Comm: swapper Tainted: G        W       4.1.17+ #1
[    5.661284] Hardware name: Generic DT based system
[    5.661411] [<c001c99c>] (unwind_backtrace) from [<c0019d30>] (show_stack+0x10/0x14)
[    5.661585] [<c0019d30>] (show_stack) from [<c0024ab4>] (warn_slowpath_common+0x80/0xa8)
[    5.661766] [<c0024ab4>] (warn_slowpath_common) from [<c0024b08>] (warn_slowpath_fmt+0x2c/0x3c)
[    5.661956] [<c0024b08>] (warn_slowpath_fmt) from [<c018e834>] (kobject_add_internal+0x240/0x2ac)
[    5.662158] [<c018e834>] (kobject_add_internal) from [<c018e9a8>] (kset_register+0x1c/0x44)
[    5.662340] [<c018e9a8>] (kset_register) from [<c02090b4>] (__class_register+0xa8/0x198)
[    5.662518] [<c02090b4>] (__class_register) from [<c02091e4>] (__class_create+0x40/0x70)
[    5.662695] [<c02091e4>] (__class_create) from [<c01adf68>] (register_devfs_stubs+0x314/0xbb4)
[    5.662884] [<c01adf68>] (register_devfs_stubs) from [<c05d9b08>] (init_module+0x28/0xa4)
[    5.663063] [<c05d9b08>] (init_module) from [<c0009670>] (do_one_initcall+0x104/0x1b4)
[    5.663238] [<c0009670>] (do_one_initcall) from [<c05c7d08>] (kernel_init_freeable+0xf0/0x1b0)
[    5.663424] [<c05c7d08>] (kernel_init_freeable) from [<c040f28c>] (kernel_init+0x8/0xe4)
[    5.663596] [<c040f28c>] (kernel_init) from [<c0016da8>] (ret_from_fork+0x14/0x2c)
[    5.663782] ---[ end trace bbb3d131a8091411 ]---
[    5.663957] firmadyne: Cannot create device class: gpio!
[    5.665766] firmadyne: Cannot register character device: watchdog, 0xa, 0x82!
[    5.665958] firmadyne: Cannot register character device: wdt, 0xfd, 0x0!
[    5.748068] PCI host bridge /pcie@10000000 ranges:
[    5.748776]    IO 0x3eff0000..0x3effffff -> 0x00000000
[    5.749561]   MEM 0x10000000..0x3efeffff -> 0x10000000
[    5.749728]   MEM 0x8000000000..0xffffffffff -> 0x8000000000
[    5.750532] pci-host-generic 3f000000.pcie: resource collision: [mem 0x00000000-0xffffffff] conflicts with /pl011@9000000 [mem 0x09000000-0x09000fff]
[    5.751321] pci-host-generic: probe of 3f000000.pcie failed with error -16
[    5.763440] Non-volatile memory driver v1.3
[    7.758207] brd: module loaded
[    7.818087] loop: module loaded
[    9.741534] cfg80211: Calling CRDA to update world regulatory domain
[    9.746385]  vda: vda1
[    9.759055] 0.flash: Found 2 x16 devices at 0x0 in 32-bit bank. Manufacturer ID 0x000000 Chip ID 0x000000
[    9.759745] Intel/Sharp Extended Query Table at 0x0031
[    9.760934] Using buffer write method
[    9.762697] erase region 0: offset=0x0,size=0x40000,blocks=256
[    9.770317] 0.flash: Found 2 x16 devices at 0x0 in 32-bit bank. Manufacturer ID 0x000000 Chip ID 0x000000
[    9.770586] Intel/Sharp Extended Query Table at 0x0031
[    9.771396] Using buffer write method
[    9.771523] erase region 0: offset=0x0,size=0x40000,blocks=256
[    9.771751] Concatenating MTD devices:
[    9.771864] (0): "0.flash"
[    9.771940] (1): "0.flash"
[    9.772009] into device "0.flash"
[    9.783729] [nandsim] warning: read_byte: unexpected data output cycle, state is STATE_READY return 0x0
[    9.783984] [nandsim] warning: read_byte: unexpected data output cycle, state is STATE_READY return 0x0
[    9.784169] [nandsim] warning: read_byte: unexpected data output cycle, state is STATE_READY return 0x0
[    9.784347] [nandsim] warning: read_byte: unexpected data output cycle, state is STATE_READY return 0x0
[    9.784525] [nandsim] warning: read_byte: unexpected data output cycle, state is STATE_READY return 0x0
[    9.784702] [nandsim] warning: read_byte: unexpected data output cycle, state is STATE_READY return 0x0
[    9.785133] nand: device found, Manufacturer ID: 0x98, Chip ID: 0x39
[    9.785291] nand: Toshiba NAND 128MiB 1,8V 8-bit
[    9.785419] nand: 128 MiB, SLC, erase size: 16 KiB, page size: 512, OOB size: 16
[    9.786346] flash size: 128 MiB
[    9.786436] page size: 512 bytes
[    9.786515] OOB area size: 16 bytes
[    9.786600] sector size: 16 KiB
[    9.786676] pages number: 262144
[    9.786756] pages per sector: 32
[    9.786833] bus width: 8
[    9.786898] bits in sector size: 14
[    9.786979] bits in page size: 9
[    9.787059] bits in OOB size: 4
[    9.787140] flash size with OOB: 135168 KiB
[    9.787235] page address bytes: 4
[    9.787313] sector address bytes: 3
[    9.787396] options: 0x42
[   11.191194] Scanning device for bad blocks
[   11.307821] firmadyne: do_execve: /firmadyne/console
[   11.308050] OFFSETS: offset of pid: 0x190 offset of comm: 0x270
[   11.308539] Creating 11 MTD partitions on "NAND 128MiB 1,8V 8-bit":
[   11.309153] 0x000000000000-0x000000100000 : "NAND simulator partition 0"
[   11.311358] 0x000000100000-0x000000200000 : "NAND simulator partition 1"
[   11.312770] 0x000000200000-0x000000300000 : "NAND simulator partition 2"
[   11.314248] 0x000000300000-0x000000400000 : "NAND simulator partition 3"
[   11.315756] 0x000000400000-0x000000500000 : "NAND simulator partition 4"
[   11.317220] 0x000000500000-0x000000600000 : "NAND simulator partition 5"
[   11.318838] 0x000000600000-0x000000700000 : "NAND simulator partition 6"
[   11.320520] 0x000000700000-0x000000800000 : "NAND simulator partition 7"
[   11.321893] 0x000000800000-0x000000900000 : "NAND simulator partition 8"
[   11.323261] 0x000000900000-0x000000a00000 : "NAND simulator partition 9"
[   11.324654] 0x000000a00000-0x000008000000 : "NAND simulator partition 10"
[   11.330512] tun: Universal TUN/TAP device driver, 1.6
[   11.330666] tun: (C) 1999-2004 Max Krasnyansky <maxk@qualcomm.com>
[   13.837402] PPP generic driver version 2.4.2
[   13.838247] PPP BSD Compression module registered
[   13.838441] PPP Deflate Compression module registered
[   13.838844] PPP MPPE Compression module registered
[   13.838995] NET: Registered protocol family 24
[   13.839343] PPTP driver version 0.8.5
[   13.840103] cfg80211: Calling CRDA to update world regulatory domain
[   14.943337] usbcore: registered new interface driver usb-storage
[   14.947161] rtc-pl031 9010000.pl031: rtc core: registered pl031 as rtc0
[   14.964539] hidraw: raw HID events driver (C) Jiri Kosina
[   14.965413] usbcore: registered new interface driver usbhid
[   14.965574] usbhid: USB HID core driver
[   14.966105] Netfilter messages via NETLINK v0.30.
[   14.966927] nf_conntrack version 0.5.0 (3958 buckets, 15832 max)
[   15.373821] ctnetlink v0.93: registering with nfnetlink.
[   15.375411] ipip: IPv4 over IPv4 tunneling driver
[   15.377666] gre: GRE over IPv4 demultiplexor driver
[   15.377840] ip_gre: GRE over IPv4 tunneling driver
[   15.382682] ip_tables: (C) 2000-2006 Netfilter Core Team
[   15.384392] arp_tables: (C) 2002 David S. Miller
[   15.385499] Initializing XFRM netlink socket
[   15.386096] NET: Registered protocol family 10
[   15.393647] ip6_tables: (C) 2000-2006 Netfilter Core Team
[   15.395398] sit: IPv6 over IPv4 tunneling driver
[   15.399405] NET: Registered protocol family 17
[   15.400121] bridge: automatic filtering via arp/ip/ip6tables has been deprecated. Update your scripts to load br_netfilter if you need this.
[   15.400451] Bridge firewalling registered
[   15.400625] Ebtables v2.0 registered
[   15.401916] 8021q: 802.1Q VLAN Support v1.8
[   15.402590] Registering SWP/SWPB emulation handler
[   15.405529] rtc-pl031 9010000.pl031: setting system clock to 2018-07-19 15:01:28 UTC (1532012488)
[   15.416454] EXT4-fs (vda1): couldn't mount as ext3 due to feature incompatibilities
[   15.418392] EXT4-fs (vda1): mounting ext2 file system using the ext4 subsystem
[   16.520013] EXT4-fs (vda1): mounted filesystem without journal. Opts: (null)
[   16.521212] VFS: Mounted root (ext2 filesystem) on device 254:1.
[   16.539381] Freeing unused kernel memory: 180K (c05c7000 - c05f4000)
[   17.907519] cfg80211: Calling CRDA to update world regulatory domain
[   17.909179] firmadyne: sys_reboot[PID: 1 (init)]: magic1:fee1dead, magic2:28121969, cmd:0
[   17.914767] firmadyne: sys_socket[PID: 1 (init)]: family:1, type:2, protocol:0
[   17.916868] firmadyne: sys_socket[PID: 1 (init)]: family:1, type:1, protocol:0
init started: BusyBox v1.18.4 (2014-09-26 22:33:40 UTC)
[   17.925851] firmadyne: sys_socket[PID: 1 (init)]: family:1, type:2, protocol:0
[   17.926270] firmadyne: sys_socket[PID: 1 (init)]: family:1, type:1, protocol:0
[   17.927841] firmadyne: sys_socket[PID: 54 (init)]: family:1, type:2, protocol:0
[   17.928134] firmadyne: sys_socket[PID: 54 (init)]: family:1, type:1, protocol:0
[   17.930089] firmadyne: sys_socket[PID: 54 (init)]: family:1, type:2, protocol:0
[   17.930402] firmadyne: sys_socket[PID: 54 (init)]: family:1, type:1, protocol:0
can't run '/etc/init.d/rcS': No such file or directory
[   17.932258] firmadyne: sys_socket[PID: 1 (init)]: family:1, type:2, protocol:0
[   17.932550] firmadyne: sys_socket[PID: 1 (init)]: family:1, type:1, protocol:0

Please press Enter to activate this console. [   21.049390] cfg80211: Calling CRDA to update world regulatory domain
[   24.201274] cfg80211: Calling CRDA to update world regulatory domain
[   27.349247] cfg80211: Calling CRDA to update world regulatory domain
[   30.499637] cfg80211: Calling CRDA to update world regulatory domain
[   33.649587] cfg80211: Calling CRDA to update world regulatory domain
[   36.799399] cfg80211: Calling CRDA to update world regulatory domain
[   39.950880] cfg80211: Calling CRDA to update world regulatory domain
[   43.100155] cfg80211: Exceeded CRDA call max attempts. Not calling CRDA
Starting firmware emulation... use Ctrl-a + x to exit
qemu-system-arm: terminating on signal 2 from pid 166665 (timeout)
[    0.000000] Booting Linux on physical CPU 0x0
[    0.000000] Linux version 4.1.17+ (vagrant@vagrant-ubuntu-trusty-64) (gcc version 5.3.0 (GCC) ) #1 Thu Feb 18 01:05:21 UTC 2016
[    0.000000] CPU: ARMv7 Processor [412fc0f1] revision 1 (ARMv7), cr=10c5387d
[    0.000000] CPU: PIPT / VIPT nonaliasing data cache, PIPT instruction cache
[    0.000000] Machine model: linux,dummy-virt
[    0.000000] debug: ignoring loglevel setting.
[    0.000000] Memory policy: Data cache writeback
[    0.000000] On node 0 totalpages: 65536
[    0.000000] free_area_init_node: node 0, pgdat c061dfe8, node_mem_map cfdf9000
[    0.000000]   Normal zone: 512 pages used for memmap
[    0.000000]   Normal zone: 0 pages reserved
[    0.000000]   Normal zone: 65536 pages, LIFO batch:15
[    0.000000] psci: probing for conduit method from DT.
[    0.000000] psci: PSCIv0.2 detected in firmware.
[    0.000000] psci: Using standard PSCI v0.2 function IDs
[    0.000000] CPU: All CPU(s) started in SVC mode.
[    0.000000] pcpu-alloc: s0 r0 d32768 u32768 alloc=1*32768
[    0.000000] pcpu-alloc: [0] 0 
[    0.000000] Built 1 zonelists in Zone order, mobility grouping on.  Total pages: 65024
[    0.000000] Kernel command line: root=/dev/vda1 console=ttyS0 nandsim.parts=64,64,64,64,64,64,64,64,64,64 rdinit=/firmadyne/preInit.sh rw debug ignore_loglevel print-fatal-signals=1 user_debug=31 firmadyne.syscall=0
[    0.000000] PID hash table entries: 1024 (order: 0, 4096 bytes)
[    0.000000] Dentry cache hash table entries: 32768 (order: 5, 131072 bytes)
[    0.000000] Inode-cache hash table entries: 16384 (order: 4, 65536 bytes)
[    0.000000] Memory: 253340K/262144K available (4297K kernel code, 170K rwdata, 1584K rodata, 180K init, 148K bss, 8804K reserved, 0K cma-reserved)
[    0.000000] Virtual kernel memory layout:
[    0.000000]     vector  : 0xffff0000 - 0xffff1000   (   4 kB)
[    0.000000]     fixmap  : 0xffc00000 - 0xfff00000   (3072 kB)
[    0.000000]     vmalloc : 0xd0800000 - 0xff000000   ( 744 MB)
[    0.000000]     lowmem  : 0xc0000000 - 0xd0000000   ( 256 MB)
[    0.000000]     modules : 0xbf000000 - 0xc0000000   (  16 MB)
[    0.000000]       .text : 0xc0008000 - 0xc05c67bc   (5882 kB)
[    0.000000]       .init : 0xc05c7000 - 0xc05f4000   ( 180 kB)
[    0.000000]       .data : 0xc05f4000 - 0xc061e840   ( 171 kB)
[    0.000000]        .bss : 0xc0621000 - 0xc06462d4   ( 149 kB)
[    0.000000] NR_IRQS:16 nr_irqs:16 16
[    0.000000] Architected cp15 timer(s) running at 62.50MHz (virt).
[    0.000000] clocksource arch_sys_counter: mask: 0xffffffffffffff max_cycles: 0x1cd42e208c, max_idle_ns: 881590405314 ns
[    0.000160] sched_clock: 56 bits at 62MHz, resolution 16ns, wraps every 4398046511096ns
[    0.000304] Switching to timer-based delay loop, resolution 16ns
[    0.003457] Console: colour dummy device 80x30
[    0.003808] Calibrating delay loop (skipped), value calculated using timer frequency.. 125.00 BogoMIPS (lpj=625000)
[    0.003946] pid_max: default: 32768 minimum: 301
[    0.004895] Mount-cache hash table entries: 1024 (order: 0, 4096 bytes)
[    0.004939] Mountpoint-cache hash table entries: 1024 (order: 0, 4096 bytes)
[    0.014334] CPU: Testing write buffer coherency: ok
[    1.319384] Setting up static identity map for 0x40008240 - 0x40008298
[    1.335554] VFP support v0.3: implementor 41 architecture 4 part 30 variant f rev 0
[    1.348139] clocksource jiffies: mask: 0xffffffff max_cycles: 0xffffffff, max_idle_ns: 19112604462750000 ns
[    1.357977] NET: Registered protocol family 16
[    3.592228] DMA: preallocated 256 KiB pool for atomic coherent allocations
[    3.596922] cpuidle: using governor ladder
[    3.597085] cpuidle: using governor menu
[    3.619024] Serial: AMBA PL011 UART driver
[    3.621720] 9000000.pl011: ttyS0 at MMIO 0x9000000 (irq = 54, base_baud = 0) is a PL011 rev1
[    3.629521] console [ttyS0] enabled
[    3.653373] vgaarb: loaded
[    3.655013] SCSI subsystem initialized
[    3.656180] usbcore: registered new interface driver usbfs
[    3.656593] usbcore: registered new interface driver hub
[    3.656943] usbcore: registered new device driver usb
[    4.125868] cfg80211: Calling CRDA to update world regulatory domain
[    4.128284] Switched to clocksource arch_sys_counter
[    4.146751] NET: Registered protocol family 2
[    4.152328] TCP established hash table entries: 2048 (order: 1, 8192 bytes)
[    4.152634] TCP bind hash table entries: 2048 (order: 1, 8192 bytes)
[    4.152946] TCP: Hash tables configured (established 2048 bind 2048)
[    4.153506] UDP hash table entries: 256 (order: 0, 4096 bytes)
[    4.153758] UDP-Lite hash table entries: 256 (order: 0, 4096 bytes)
[    4.155296] NET: Registered protocol family 1
[    4.155769] PCI: CLS 0 bytes, default 64
[    4.163396] NetWinder Floating Point Emulator V0.97 (extended precision)
[    4.166263] futex hash table entries: 256 (order: -1, 3072 bytes)
[    4.172246] squashfs: version 4.0 (2009/01/31) Phillip Lougher
[    4.173385] jffs2: version 2.2. (NAND) © 2001-2006 Red Hat, Inc.
[    4.174219] romfs: ROMFS MTD (C) 2007 Red Hat, Inc.
[    4.183983] Block layer SCSI generic (bsg) driver version 0.4 loaded (major 253)
[    4.184386] io scheduler noop registered
[    4.184630] io scheduler cfq registered (default)
[    4.185324] firmadyne: devfs: 1, execute: 1, procfs: 1, syscall: 0
[    4.186700] ------------[ cut here ]------------
[    4.186914] WARNING: CPU: 0 PID: 1 at /home/vagrant/firmadyne-kernel/kernel-v4.1/fs/sysfs/dir.c:31 sysfs_warn_dup+0x50/0x6c()
[    4.187147] sysfs: cannot create duplicate filename '/class/gpio'
[    4.187312] Modules linked in:
[    4.373373] CPU: 0 PID: 1 Comm: swapper Not tainted 4.1.17+ #1
[    4.373534] Hardware name: Generic DT based system
[    4.374285] [<c001c99c>] (unwind_backtrace) from [<c0019d30>] (show_stack+0x10/0x14)
[    4.374595] [<c0019d30>] (show_stack) from [<c0024ab4>] (warn_slowpath_common+0x80/0xa8)
[    4.374798] [<c0024ab4>] (warn_slowpath_common) from [<c0024b08>] (warn_slowpath_fmt+0x2c/0x3c)
[    4.375050] [<c0024b08>] (warn_slowpath_fmt) from [<c00e363c>] (sysfs_warn_dup+0x50/0x6c)
[    4.375209] [<c00e363c>] (sysfs_warn_dup) from [<c00e3714>] (sysfs_create_dir_ns+0x74/0x84)
[    4.375370] [<c00e3714>] (sysfs_create_dir_ns) from [<c018e6ac>] (kobject_add_internal+0xb8/0x2ac)
[    4.375601] [<c018e6ac>] (kobject_add_internal) from [<c018e9a8>] (kset_register+0x1c/0x44)
[    4.375784] [<c018e9a8>] (kset_register) from [<c02090b4>] (__class_register+0xa8/0x198)
[    4.375987] [<c02090b4>] (__class_register) from [<c02091e4>] (__class_create+0x40/0x70)
[    4.376140] [<c02091e4>] (__class_create) from [<c01adf68>] (register_devfs_stubs+0x314/0xbb4)
[    4.376301] [<c01adf68>] (register_devfs_stubs) from [<c05d9b08>] (init_module+0x28/0xa4)
[    4.376559] [<c05d9b08>] (init_module) from [<c0009670>] (do_one_initcall+0x104/0x1b4)
[    4.376735] [<c0009670>] (do_one_initcall) from [<c05c7d08>] (kernel_init_freeable+0xf0/0x1b0)
[    4.376964] [<c05c7d08>] (kernel_init_freeable) from [<c040f28c>] (kernel_init+0x8/0xe4)
[    4.377113] [<c040f28c>] (kernel_init) from [<c0016da8>] (ret_from_fork+0x14/0x2c)
[    4.377389] ---[ end trace 79635ce27291b085 ]---
[    4.377609] ------------[ cut here ]------------
[    4.377726] WARNING: CPU: 0 PID: 1 at /home/vagrant/firmadyne-kernel/kernel-v4.1/lib/kobject.c:240 kobject_add_internal+0x240/0x2ac()
[    4.378145] kobject_add_internal failed for gpio with -EEXIST, don't try to register things with the same name in the same directory.
[    4.378357] Modules linked in:
[    4.378567] CPU: 0 PID: 1 Comm: swapper Tainted: G        W       4.1.17+ #1
[    4.378707] Hardware name: Generic DT based system
[    4.378832] [<c001c99c>] (unwind_backtrace) from [<c0019d30>] (show_stack+0x10/0x14)
[    4.378999] [<c0019d30>] (show_stack) from [<c0024ab4>] (warn_slowpath_common+0x80/0xa8)
[    4.379149] [<c0024ab4>] (warn_slowpath_common) from [<c0024b08>] (warn_slowpath_fmt+0x2c/0x3c)
[    4.379308] [<c0024b08>] (warn_slowpath_fmt) from [<c018e834>] (kobject_add_internal+0x240/0x2ac)
[    4.379519] [<c018e834>] (kobject_add_internal) from [<c018e9a8>] (kset_register+0x1c/0x44)
[    4.379714] [<c018e9a8>] (kset_register) from [<c02090b4>] (__class_register+0xa8/0x198)
[    4.379899] [<c02090b4>] (__class_register) from [<c02091e4>] (__class_create+0x40/0x70)
[    4.380065] [<c02091e4>] (__class_create) from [<c01adf68>] (register_devfs_stubs+0x314/0xbb4)
[    4.380224] [<c01adf68>] (register_devfs_stubs) from [<c05d9b08>] (init_module+0x28/0xa4)
[    4.380449] [<c05d9b08>] (init_module) from [<c0009670>] (do_one_initcall+0x104/0x1b4)
[    4.380621] [<c0009670>] (do_one_initcall) from [<c05c7d08>] (kernel_init_freeable+0xf0/0x1b0)
[    4.380800] [<c05c7d08>] (kernel_init_freeable) from [<c040f28c>] (kernel_init+0x8/0xe4)
[    4.381037] [<c040f28c>] (kernel_init) from [<c0016da8>] (ret_from_fork+0x14/0x2c)
[    4.381226] ---[ end trace 79635ce27291b086 ]---
[    4.381412] firmadyne: Cannot create device class: gpio!
[    4.383254] firmadyne: Cannot register character device: watchdog, 0xa, 0x82!
[    4.383414] firmadyne: Cannot register character device: wdt, 0xfd, 0x0!
[    4.467495] PCI host bridge /pcie@10000000 ranges:
[    4.468304]    IO 0x3eff0000..0x3effffff -> 0x00000000
[    4.468696]   MEM 0x10000000..0x3efeffff -> 0x10000000
[    4.468833]   MEM 0x8000000000..0xffffffffff -> 0x8000000000
[    4.469548] pci-host-generic 3f000000.pcie: resource collision: [mem 0x00000000-0xffffffff] conflicts with /pl011@9000000 [mem 0x09000000-0x09000fff]
[    4.470283] pci-host-generic: probe of 3f000000.pcie failed with error -16
[    4.482457] Non-volatile memory driver v1.3
[    4.646016] brd: module loaded
[    4.656660] loop: module loaded
[    4.765116]  vda: vda1
[    4.777657] 0.flash: Found 2 x16 devices at 0x0 in 32-bit bank. Manufacturer ID 0x000000 Chip ID 0x000000
[    4.778551] Intel/Sharp Extended Query Table at 0x0031
[    4.779749] Using buffer write method
[    4.780190] erase region 0: offset=0x0,size=0x40000,blocks=256
[    4.787524] 0.flash: Found 2 x16 devices at 0x0 in 32-bit bank. Manufacturer ID 0x000000 Chip ID 0x000000
[    4.787787] Intel/Sharp Extended Query Table at 0x0031
[    4.788778] Using buffer write method
[    4.788936] erase region 0: offset=0x0,size=0x40000,blocks=256
[    4.789143] Concatenating MTD devices:
[    4.789262] (0): "0.flash"
[    4.789338] (1): "0.flash"
[    4.789426] into device "0.flash"
[    4.865399] [nandsim] warning: read_byte: unexpected data output cycle, state is STATE_READY return 0x0
[    4.865689] [nandsim] warning: read_byte: unexpected data output cycle, state is STATE_READY return 0x0
[    4.865889] [nandsim] warning: read_byte: unexpected data output cycle, state is STATE_READY return 0x0
[    4.866094] [nandsim] warning: read_byte: unexpected data output cycle, state is STATE_READY return 0x0
[    4.866276] [nandsim] warning: read_byte: unexpected data output cycle, state is STATE_READY return 0x0
[    4.866457] [nandsim] warning: read_byte: unexpected data output cycle, state is STATE_READY return 0x0
[    4.866925] nand: device found, Manufacturer ID: 0x98, Chip ID: 0x39
[    4.867064] nand: Toshiba NAND 128MiB 1,8V 8-bit
[    4.867183] nand: 128 MiB, SLC, erase size: 16 KiB, page size: 512, OOB size: 16
[    4.868281] flash size: 128 MiB
[    4.868407] page size: 512 bytes
[    4.868486] OOB area size: 16 bytes
[    4.868567] sector size: 16 KiB
[    4.868643] pages number: 262144
[    4.868717] pages per sector: 32
[    4.868791] bus width: 8
[    4.868891] bits in sector size: 14
[    4.868964] bits in page size: 9
[    4.869036] bits in OOB size: 4
[    4.869120] flash size with OOB: 135168 KiB
[    4.869206] page address bytes: 4
[    4.869276] sector address bytes: 3
[    4.869351] options: 0x42
[    4.927248] Scanning device for bad blocks
[    5.040296] firmadyne: do_execve: /firmadyne/console
[    5.040548] OFFSETS: offset of pid: 0x190 offset of comm: 0x270
[    5.041078] Creating 11 MTD partitions on "NAND 128MiB 1,8V 8-bit":
[    5.041534] 0x000000000000-0x000000100000 : "NAND simulator partition 0"
[    5.043836] 0x000000100000-0x000000200000 : "NAND simulator partition 1"
[    5.045241] 0x000000200000-0x000000300000 : "NAND simulator partition 2"
[    5.046662] 0x000000300000-0x000000400000 : "NAND simulator partition 3"
[    5.048249] 0x000000400000-0x000000500000 : "NAND simulator partition 4"
[    5.049673] 0x000000500000-0x000000600000 : "NAND simulator partition 5"
[    5.051074] 0x000000600000-0x000000700000 : "NAND simulator partition 6"
[    5.052732] 0x000000700000-0x000000800000 : "NAND simulator partition 7"
[    5.054111] 0x000000800000-0x000000900000 : "NAND simulator partition 8"
[    5.055551] 0x000000900000-0x000000a00000 : "NAND simulator partition 9"
[    5.057019] 0x000000a00000-0x000008000000 : "NAND simulator partition 10"
[    5.062942] tun: Universal TUN/TAP device driver, 1.6
[    5.063095] tun: (C) 1999-2004 Max Krasnyansky <maxk@qualcomm.com>
[    9.191630] PPP generic driver version 2.4.2
[    9.192511] PPP BSD Compression module registered
[    9.192712] PPP Deflate Compression module registered
[    9.192952] PPP MPPE Compression module registered
[    9.193089] NET: Registered protocol family 24
[    9.193431] PPTP driver version 0.8.5
[    9.195217] cfg80211: Calling CRDA to update world regulatory domain
[    9.224283] usbcore: registered new interface driver usb-storage
[    9.227721] rtc-pl031 9010000.pl031: rtc core: registered pl031 as rtc0
[    9.228717] hidraw: raw HID events driver (C) Jiri Kosina
[    9.229306] usbcore: registered new interface driver usbhid
[    9.229460] usbhid: USB HID core driver
[    9.229960] Netfilter messages via NETLINK v0.30.
[    9.230643] nf_conntrack version 0.5.0 (3958 buckets, 15832 max)
[    9.232161] ctnetlink v0.93: registering with nfnetlink.
[    9.233621] ipip: IPv4 over IPv4 tunneling driver
[    9.235934] gre: GRE over IPv4 demultiplexor driver
[    9.236097] ip_gre: GRE over IPv4 tunneling driver
[    9.241024] ip_tables: (C) 2000-2006 Netfilter Core Team
[    9.242811] arp_tables: (C) 2002 David S. Miller
[    9.243932] Initializing XFRM netlink socket
[    9.244515] NET: Registered protocol family 10
[    9.252032] ip6_tables: (C) 2000-2006 Netfilter Core Team
[    9.253833] sit: IPv6 over IPv4 tunneling driver
[    9.257787] NET: Registered protocol family 17
[    9.323684] bridge: automatic filtering via arp/ip/ip6tables has been deprecated. Update your scripts to load br_netfilter if you need this.
[    9.324112] Bridge firewalling registered
[    9.324262] Ebtables v2.0 registered
[    9.325530] 8021q: 802.1Q VLAN Support v1.8
[    9.326193] Registering SWP/SWPB emulation handler
[    9.329323] rtc-pl031 9010000.pl031: setting system clock to 2018-07-19 15:02:11 UTC (1532012531)
[    9.340133] EXT4-fs (vda1): couldn't mount as ext3 due to feature incompatibilities
[    9.342520] EXT4-fs (vda1): mounting ext2 file system using the ext4 subsystem
[    9.351900] EXT4-fs (vda1): warning: mounting unchecked fs, running e2fsck is recommended
[    9.354907] EXT4-fs (vda1): mounted filesystem without journal. Opts: (null)
[    9.356069] VFS: Mounted root (ext2 filesystem) on device 254:1.
[    9.374676] Freeing unused kernel memory: 180K (c05c7000 - c05f4000)
[    9.537354] firmadyne: sys_reboot[PID: 1 (init)]: magic1:fee1dead, magic2:28121969, cmd:0
init started: BusyBox v1.18.4 (2014-09-26 22:33:40 UTC)
can't run '/etc/init.d/rcS': No such file or directory

Please press Enter to activate this console. [   12.338776] cfg80211: Calling CRDA to update world regulatory domain
[   15.488858] cfg80211: Calling CRDA to update world regulatory domain
[   18.640497] cfg80211: Calling CRDA to update world regulatory domain
[   21.788544] cfg80211: Calling CRDA to update world regulatory domain
[   24.939424] cfg80211: Calling CRDA to update world regulatory domain
[   28.088462] cfg80211: Calling CRDA to update world regulatory domain
[   31.240625] cfg80211: Calling CRDA to update world regulatory domain
[   34.388784] cfg80211: Calling CRDA to update world regulatory domain
[   37.539045] cfg80211: Calling CRDA to update world regulatory domain
[   40.688828] cfg80211: Exceeded CRDA call max attempts. Not calling CRDA
